
> Configure project :app
WARNING: The option setting 'android.defaults.buildfeatures.buildconfig=true' is deprecated.
The current default is 'false'.
It will be removed in version 10.0 of the Android Gradle plugin.
To keep using this feature, add the following to your module-level build.gradle files:
    android.buildFeatures.buildConfig = true
or from Android Studio, click: `Refactor` > `Migrate BuildConfig to Gradle Build Files`.
Release signing skipped: app/key.properties not found.
WARNING: API 'variant.getAssemble()' is obsolete and has been replaced with 'variant.getAssembleProvider()'.
It will be removed in version 9.0 of the Android Gradle plugin.
For more information, see https://d.android.com/r/tools/task-configuration-avoidance.
To determine what is calling variant.getAssemble(), use -Pandroid.debug.obsoleteApi=true on the command line to display more information.

> Task :app:clean
> Task :app:preBuild UP-TO-DATE
> Task :app:preDebugBuild UP-TO-DATE
> Task :app:mergeDebugNativeDebugMetadata NO-SOURCE
> Task :app:checkKotlinGradlePluginConfigurationErrors SKIPPED
> Task :app:dataBindingMergeDependencyArtifactsDebug
> Task :app:generateDebugResValues
> Task :app:generateDebugResources
> Task :app:injectCrashlyticsMappingFileIdDebug
> Task :app:processDebugGoogleServices
> Task :app:generateDebugBuildConfig
> Task :app:mapDebugSourceSetPaths
> Task :app:createDebugCompatibleScreenManifests
> Task :app:extractDeepLinksDebug
> Task :app:checkDebugAarMetadata
> Task :app:processDebugMainManifest
> Task :app:processDebugManifest
> Task :app:mergeDebugShaders
> Task :app:compileDebugShaders NO-SOURCE
> Task :app:generateDebugAssets UP-TO-DATE
> Task :app:mergeDebugAssets
> Task :app:desugarDebugFileDependencies
> Task :app:compressDebugAssets
> Task :app:javaPreCompileDebug
> Task :app:mergeDebugJniLibFolders
> Task :app:mergeDebugNativeLibs NO-SOURCE
> Task :app:stripDebugDebugSymbols NO-SOURCE
> Task :app:validateSigningDebug
> Task :app:writeDebugAppMetadata
> Task :app:writeDebugSigningConfigVersions

> Task :app:mergeDebugResources
/Users/HONGBGU/Documents/seadroid/app/src/main/res/values-ru/strings.xml:624:2: Multiple substitutions specified in non-positional format of string resource string/folder_file_item_describe. Did you mean to add the formatted="false" attribute?
/Users/HONGBGU/Documents/seadroid/app/src/main/res/values-zh-rCN/strings.xml:599:2: Multiple substitutions specified in non-positional format of string resource string/folder_file_item_describe. Did you mean to add the formatted="false" attribute?
/Users/HONGBGU/Documents/seadroid/app/src/main/res/values-ar/strings.xml:628:2: Multiple substitutions specified in non-positional format of string resource string/folder_file_item_describe. Did you mean to add the formatted="false" attribute?
/Users/HONGBGU/Documents/seadroid/app/src/main/res/values/strings.xml:633:4: Multiple substitutions specified in non-positional format of string resource string/folder_file_item_describe. Did you mean to add the formatted="false" attribute?
/Users/HONGBGU/Documents/seadroid/app/src/main/res/values-ko/strings.xml:572:2: Multiple substitutions specified in non-positional format of string resource string/folder_file_item_describe. Did you mean to add the formatted="false" attribute?
/Users/HONGBGU/Documents/seadroid/app/src/main/res/values-uz/strings.xml:575:2: Multiple substitutions specified in non-positional format of string resource string/folder_file_item_describe. Did you mean to add the formatted="false" attribute?
/Users/HONGBGU/Documents/seadroid/app/src/main/res/values-zh-rTW/strings.xml:427:2: Multiple substitutions specified in non-positional format of string resource string/folder_file_item_describe. Did you mean to add the formatted="false" attribute?

> Task :app:checkDebugDuplicateClasses
> Task :app:buildKotlinToolingMetadata
> Task :app:dataBindingGenBaseClassesDebug
> Task :app:preReleaseBuild UP-TO-DATE
> Task :app:mergeLibDexDebug
> Task :app:dataBindingMergeDependencyArtifactsRelease
> Task :app:generateReleaseResValues
> Task :app:generateReleaseResources
> Task :app:injectCrashlyticsMappingFileIdRelease
> Task :app:processReleaseGoogleServices
> Task :app:generateReleaseBuildConfig
> Task :app:mapReleaseSourceSetPaths
> Task :app:createReleaseCompatibleScreenManifests
> Task :app:extractDeepLinksRelease
> Task :app:checkReleaseAarMetadata
> Task :app:processReleaseMainManifest
> Task :app:processReleaseManifest
> Task :app:processReleaseManifestForPackage
> Task :app:javaPreCompileRelease
> Task :app:extractProguardFiles
> Task :app:mergeReleaseJniLibFolders
> Task :app:mergeReleaseNativeLibs NO-SOURCE
> Task :app:stripReleaseDebugSymbols NO-SOURCE
> Task :app:extractReleaseNativeSymbolTables NO-SOURCE
> Task :app:mergeReleaseNativeDebugMetadata NO-SOURCE
> Task :app:checkReleaseDuplicateClasses
> Task :app:mergeReleaseStartupProfile UP-TO-DATE
> Task :app:mergeReleaseShaders
> Task :app:compileReleaseShaders NO-SOURCE
> Task :app:generateReleaseAssets UP-TO-DATE
> Task :app:mergeReleaseArtProfile
> Task :app:mergeReleaseAssets
> Task :app:compressReleaseAssets
> Task :app:extractReleaseVersionControlInfo
> Task :app:collectReleaseDependencies
> Task :app:sdkReleaseDependencyData
> Task :app:validateSigningRelease
> Task :app:writeReleaseAppMetadata
> Task :app:writeReleaseSigningConfigVersions
> Task :app:preDebugAndroidTestBuild SKIPPED
> Task :app:generateDebugAndroidTestResValues
> Task :app:preDebugUnitTestBuild UP-TO-DATE
> Task :app:preReleaseUnitTestBuild UP-TO-DATE
> Task :app:javaPreCompileDebugUnitTest
> Task :app:processDebugManifestForPackage
> Task :app:javaPreCompileReleaseUnitTest

> Task :app:mergeReleaseResources
/Users/HONGBGU/Documents/seadroid/app/src/main/res/values-ru/strings.xml:624:2: Multiple substitutions specified in non-positional format of string resource string/folder_file_item_describe. Did you mean to add the formatted="false" attribute?
/Users/HONGBGU/Documents/seadroid/app/src/main/res/values-zh-rCN/strings.xml:599:2: Multiple substitutions specified in non-positional format of string resource string/folder_file_item_describe. Did you mean to add the formatted="false" attribute?
/Users/HONGBGU/Documents/seadroid/app/src/main/res/values-ar/strings.xml:628:2: Multiple substitutions specified in non-positional format of string resource string/folder_file_item_describe. Did you mean to add the formatted="false" attribute?
/Users/HONGBGU/Documents/seadroid/app/src/main/res/values/strings.xml:633:4: Multiple substitutions specified in non-positional format of string resource string/folder_file_item_describe. Did you mean to add the formatted="false" attribute?
/Users/HONGBGU/Documents/seadroid/app/src/main/res/values-ko/strings.xml:572:2: Multiple substitutions specified in non-positional format of string resource string/folder_file_item_describe. Did you mean to add the formatted="false" attribute?
/Users/HONGBGU/Documents/seadroid/app/src/main/res/values-uz/strings.xml:575:2: Multiple substitutions specified in non-positional format of string resource string/folder_file_item_describe. Did you mean to add the formatted="false" attribute?
/Users/HONGBGU/Documents/seadroid/app/src/main/res/values-zh-rTW/strings.xml:427:2: Multiple substitutions specified in non-positional format of string resource string/folder_file_item_describe. Did you mean to add the formatted="false" attribute?

> Task :app:dataBindingGenBaseClassesRelease
> Task :app:mergeExtDexDebug
> Task :app:processDebugResources
> Task :app:processReleaseResources
> Task :app:optimizeReleaseResources

> Task :app:kaptGenerateStubsDebugKotlin
w: Kapt currently doesn't support language version 2.0+. Falling back to 1.9.

> Task :app:kaptGenerateStubsReleaseKotlin
w: Kapt currently doesn't support language version 2.0+. Falling back to 1.9.

> Task :app:kaptDebugKotlin
Note: [1] Wrote GeneratedAppGlideModule with: [com.bumptech.glide.integration.okhttp3.OkHttpLibraryGlideModule]

> Task :app:kaptReleaseKotlin
Note: [1] Wrote GeneratedAppGlideModule with: [com.bumptech.glide.integration.okhttp3.OkHttpLibraryGlideModule]

> Task :app:compileDebugKotlin
e: file:///Users/HONGBGU/Documents/seadroid/app/src/main/java/com/seafile/seadroid2/account/Account.kt:15:1 Class 'Account' is not abstract and does not implement abstract member 'compareTo'.
e: file:///Users/HONGBGU/Documents/seadroid/app/src/main/java/com/seafile/seadroid2/account/Account.kt:252:40 Argument type mismatch: actual type is 'kotlin.String?', but 'kotlin.String' was expected.
e: file:///Users/HONGBGU/Documents/seadroid/app/src/main/java/com/seafile/seadroid2/account/Account.kt:284:5 'compareTo' overrides nothing.
e: file:///Users/HONGBGU/Documents/seadroid/app/src/main/java/com/seafile/seadroid2/account/Account.kt:335:28 Return type mismatch: expected 'com.seafile.seadroid2.account.Account', actual 'android.accounts.Account'.
e: file:///Users/HONGBGU/Documents/seadroid/app/src/main/java/com/seafile/seadroid2/account/AccountUtils.kt:29:53 Only safe (?.) or non-null asserted (!!.) calls are allowed on a nullable receiver of type 'com.seafile.seadroid2.framework.service.BackupThreadExecutor?'.
e: file:///Users/HONGBGU/Documents/seadroid/app/src/main/java/com/seafile/seadroid2/account/AccountUtils.kt:35:54 Only safe (?.) or non-null asserted (!!.) calls are allowed on a nullable receiver of type 'com.seafile.seadroid2.account.SupportAccountManager?'.
e: file:///Users/HONGBGU/Documents/seadroid/app/src/main/java/com/seafile/seadroid2/account/AccountUtils.kt:36:54 Only safe (?.) or non-null asserted (!!.) calls are allowed on a nullable receiver of type 'com.seafile.seadroid2.account.SupportAccountManager?'.
e: file:///Users/HONGBGU/Documents/seadroid/app/src/main/java/com/seafile/seadroid2/account/AccountUtils.kt:39:87 Argument type mismatch: actual type is 'com.seafile.seadroid2.account.Account?', but 'com.seafile.seadroid2.account.Account' was expected.
e: file:///Users/HONGBGU/Documents/seadroid/app/src/main/java/com/seafile/seadroid2/account/AccountUtils.kt:67:53 Only safe (?.) or non-null asserted (!!.) calls are allowed on a nullable receiver of type 'com.seafile.seadroid2.framework.service.BackupThreadExecutor?'.
e: file:///Users/HONGBGU/Documents/seadroid/app/src/main/java/com/seafile/seadroid2/account/Authenticator.kt:79:62 Only safe (?.) or non-null asserted (!!.) calls are allowed on a nullable receiver of type 'com.seafile.seadroid2.account.SupportAccountManager?'.
e: file:///Users/HONGBGU/Documents/seadroid/app/src/main/java/com/seafile/seadroid2/account/Authenticator.kt:80:44 Initializer type mismatch: expected 'retrofit2.Call<com.seafile.seadroid2.account.AccountInfo?>', actual 'retrofit2.Call<com.seafile.seadroid2.account.AccountInfo?>?'.
e: file:///Users/HONGBGU/Documents/seadroid/app/src/main/java/com/seafile/seadroid2/account/Authenticator.kt:81:17 Only safe (?.) or non-null asserted (!!.) calls are allowed on a nullable receiver of type 'com.seafile.seadroid2.framework.http.HttpIO?'.
e: file:///Users/HONGBGU/Documents/seadroid/app/src/main/java/com/seafile/seadroid2/account/Authenticator.kt:81:43 Argument type mismatch: actual type is 'java.lang.Class<com.seafile.seadroid2.ui.account.AccountService>', but 'java.lang.Class<T?>' was expected.
e: file:///Users/HONGBGU/Documents/seadroid/app/src/main/java/com/seafile/seadroid2/account/Authenticator.kt:81:70 Only safe (?.) or non-null asserted (!!.) calls are allowed on a nullable receiver of type 'com.seafile.seadroid2.ui.account.AccountService?'.
e: file:///Users/HONGBGU/Documents/seadroid/app/src/main/java/com/seafile/seadroid2/account/Authenticator.kt:182:58 Only safe (?.) or non-null asserted (!!.) calls are allowed on a nullable receiver of type 'com.seafile.seadroid2.account.SupportAccountManager?'.
e: file:///Users/HONGBGU/Documents/seadroid/app/src/main/java/com/seafile/seadroid2/account/SupportAccountManager.kt:14:62 Cannot import 'getSignature'. Functions and properties can only be imported from packages or objects.
e: file:///Users/HONGBGU/Documents/seadroid/app/src/main/java/com/seafile/seadroid2/account/SupportAccountManager.kt:15:61 Cannot import 'equals'. Functions and properties can only be imported from packages or objects.
e: file:///Users/HONGBGU/Documents/seadroid/app/src/main/java/com/seafile/seadroid2/account/SupportAccountManager.kt:17:65 Cannot import 'equals'. Functions and properties can only be imported from packages or objects.
e: file:///Users/HONGBGU/Documents/seadroid/app/src/main/java/com/seafile/seadroid2/account/SupportAccountManager.kt:43:22 Argument type mismatch: actual type is 'com.seafile.seadroid2.account.Account', but 'android.accounts.Account' was expected.
e: file:///Users/HONGBGU/Documents/seadroid/app/src/main/java/com/seafile/seadroid2/account/SupportAccountManager.kt:86:13 Only safe (?.) or non-null asserted (!!.) calls are allowed on a nullable receiver of type 'com.seafile.seadroid2.framework.datastore.DataStoreManager?'.
e: file:///Users/HONGBGU/Documents/seadroid/app/src/main/java/com/seafile/seadroid2/account/SupportAccountManager.kt:98:13 Only safe (?.) or non-null asserted (!!.) calls are allowed on a nullable receiver of type 'com.seafile.seadroid2.framework.datastore.DataStoreManager?'.
e: file:///Users/HONGBGU/Documents/seadroid/app/src/main/java/com/seafile/seadroid2/account/SupportAccountManager.kt:103:23 Unresolved reference 'hasValidToken'.
e: file:///Users/HONGBGU/Documents/seadroid/app/src/main/java/com/seafile/seadroid2/account/SupportAccountManager.kt:103:44 Unresolved reference 'getSignature'.
e: file:///Users/HONGBGU/Documents/seadroid/app/src/main/java/com/seafile/seadroid2/account/SupportAccountManager.kt:104:28 Return type mismatch: expected 'com.seafile.seadroid2.account.Account?', actual 'android.accounts.Account'.
e: file:///Users/HONGBGU/Documents/seadroid/app/src/main/java/com/seafile/seadroid2/account/SupportAccountManager.kt:114:13 Only safe (?.) or non-null asserted (!!.) calls are allowed on a nullable receiver of type 'com.seafile.seadroid2.framework.datastore.DataStoreManager?'.
e: file:///Users/HONGBGU/Documents/seadroid/app/src/main/java/com/seafile/seadroid2/baseviewmodel/BaseViewModel.kt:13:28 Unresolved reference 'ViewModel'.
e: file:///Users/HONGBGU/Documents/seadroid/app/src/main/java/com/seafile/seadroid2/baseviewmodel/BaseViewModel.kt:14:38 Unresolved reference 'CompositeDisposable'.
e: file:///Users/HONGBGU/Documents/seadroid/app/src/main/java/com/seafile/seadroid2/baseviewmodel/BaseViewModel.kt:14:60 Unresolved reference 'CompositeDisposable'.
e: file:///Users/HONGBGU/Documents/seadroid/app/src/main/java/com/seafile/seadroid2/baseviewmodel/BaseViewModel.kt:15:35 Unresolved reference 'MutableLiveData'.
e: file:///Users/HONGBGU/Documents/seadroid/app/src/main/java/com/seafile/seadroid2/baseviewmodel/BaseViewModel.kt:15:63 Unresolved reference 'MutableLiveData'.
e: file:///Users/HONGBGU/Documents/seadroid/app/src/main/java/com/seafile/seadroid2/baseviewmodel/BaseViewModel.kt:16:41 Unresolved reference 'MutableLiveData'.
e: file:///Users/HONGBGU/Documents/seadroid/app/src/main/java/com/seafile/seadroid2/baseviewmodel/BaseViewModel.kt:16:69 Unresolved reference 'MutableLiveData'.
e: file:///Users/HONGBGU/Documents/seadroid/app/src/main/java/com/seafile/seadroid2/baseviewmodel/BaseViewModel.kt:18:37 Unresolved reference 'MutableLiveData'.
e: file:///Users/HONGBGU/Documents/seadroid/app/src/main/java/com/seafile/seadroid2/baseviewmodel/BaseViewModel.kt:18:64 Unresolved reference 'SeafException'.
e: file:///Users/HONGBGU/Documents/seadroid/app/src/main/java/com/seafile/seadroid2/baseviewmodel/BaseViewModel.kt:19:9 Unresolved reference 'MutableLiveData'.
e: file:///Users/HONGBGU/Documents/seadroid/app/src/main/java/com/seafile/seadroid2/baseviewmodel/BaseViewModel.kt:19:36 Unresolved reference 'SeafException'.
e: file:///Users/HONGBGU/Documents/seadroid/app/src/main/java/com/seafile/seadroid2/baseviewmodel/BaseViewModel.kt:20:41 Unresolved reference 'MutableLiveData'.
e: file:///Users/HONGBGU/Documents/seadroid/app/src/main/java/com/seafile/seadroid2/baseviewmodel/BaseViewModel.kt:20:57 Unresolved reference 'SeafException'.
e: file:///Users/HONGBGU/Documents/seadroid/app/src/main/java/com/seafile/seadroid2/baseviewmodel/BaseViewModel.kt:21:9 Unresolved reference 'MutableLiveData'.
e: file:///Users/HONGBGU/Documents/seadroid/app/src/main/java/com/seafile/seadroid2/baseviewmodel/BaseViewModel.kt:21:25 Unresolved reference 'SeafException'.
e: file:///Users/HONGBGU/Documents/seadroid/app/src/main/java/com/seafile/seadroid2/baseviewmodel/BaseViewModel.kt:22:45 Unresolved reference 'MutableLiveData'.
e: file:///Users/HONGBGU/Documents/seadroid/app/src/main/java/com/seafile/seadroid2/baseviewmodel/BaseViewModel.kt:23:9 Unresolved reference 'MutableLiveData'.
e: file:///Users/HONGBGU/Documents/seadroid/app/src/main/java/com/seafile/seadroid2/baseviewmodel/BaseViewModel.kt:25:41 Unresolved reference 'MutableLiveData'.
e: file:///Users/HONGBGU/Documents/seadroid/app/src/main/java/com/seafile/seadroid2/baseviewmodel/BaseViewModel.kt:29:31 Unresolved reference 'MutableLiveData'.
e: file:///Users/HONGBGU/Documents/seadroid/app/src/main/java/com/seafile/seadroid2/baseviewmodel/BaseViewModel.kt:33:37 Unresolved reference 'MutableLiveData'.
e: file:///Users/HONGBGU/Documents/seadroid/app/src/main/java/com/seafile/seadroid2/baseviewmodel/BaseViewModel.kt:37:33 Unresolved reference 'MutableLiveData'.
e: file:///Users/HONGBGU/Documents/seadroid/app/src/main/java/com/seafile/seadroid2/baseviewmodel/BaseViewModel.kt:37:60 Unresolved reference 'SeafException'.
e: file:///Users/HONGBGU/Documents/seadroid/app/src/main/java/com/seafile/seadroid2/baseviewmodel/BaseViewModel.kt:41:37 Unresolved reference 'MutableLiveData'.
e: file:///Users/HONGBGU/Documents/seadroid/app/src/main/java/com/seafile/seadroid2/baseviewmodel/BaseViewModel.kt:41:53 Unresolved reference 'SeafException'.
e: file:///Users/HONGBGU/Documents/seadroid/app/src/main/java/com/seafile/seadroid2/baseviewmodel/BaseViewModel.kt:46:30 None of the following candidates is applicable:
@SinceKotlin(...) @InlineOnly() fun <V> KMutableProperty0<V>.setValue(thisRef: Any?, property: KProperty<*>, value: V): Unit
@SinceKotlin(...) @InlineOnly() fun <T, V> KMutableProperty1<T, V>.setValue(thisRef: T, property: KProperty<*>, value: V): Unit
@InlineOnly() fun <V> MutableMap<in String, in V>.setValue(thisRef: Any?, property: KProperty<*>, value: V): Unit
e: file:///Users/HONGBGU/Documents/seadroid/app/src/main/java/com/seafile/seadroid2/baseviewmodel/BaseViewModel.kt:50:30 None of the following candidates is applicable:
@SinceKotlin(...) @InlineOnly() fun <V> KMutableProperty0<V>.setValue(thisRef: Any?, property: KProperty<*>, value: V): Unit
@SinceKotlin(...) @InlineOnly() fun <T, V> KMutableProperty1<T, V>.setValue(thisRef: T, property: KProperty<*>, value: V): Unit
@InlineOnly() fun <V> MutableMap<in String, in V>.setValue(thisRef: Any?, property: KProperty<*>, value: V): Unit
e: file:///Users/HONGBGU/Documents/seadroid/app/src/main/java/com/seafile/seadroid2/baseviewmodel/BaseViewModel.kt:54:21 Unresolved reference 'Single'.
e: file:///Users/HONGBGU/Documents/seadroid/app/src/main/java/com/seafile/seadroid2/baseviewmodel/BaseViewModel.kt:54:36 Unresolved reference 'HttpIO'.
e: file:///Users/HONGBGU/Documents/seadroid/app/src/main/java/com/seafile/seadroid2/baseviewmodel/BaseViewModel.kt:55:22 Unresolved reference 'AccountService'.
e: file:///Users/HONGBGU/Documents/seadroid/app/src/main/java/com/seafile/seadroid2/baseviewmodel/BaseViewModel.kt:55:39 Unresolved reference 'AccountService'.
e: file:///Users/HONGBGU/Documents/seadroid/app/src/main/java/com/seafile/seadroid2/baseviewmodel/BaseViewModel.kt:55:61 Unresolved reference. None of the following candidates is applicable because of a receiver type mismatch:
val <T> KClass<T>.java: Class<T>
e: file:///Users/HONGBGU/Documents/seadroid/app/src/main/java/com/seafile/seadroid2/baseviewmodel/BaseViewModel.kt:59:17 Unresolved reference 'Logs'.
e: file:///Users/HONGBGU/Documents/seadroid/app/src/main/java/com/seafile/seadroid2/baseviewmodel/BaseViewModel.kt:65:9 Unresolved reference 'Logs'.
e: file:///Users/HONGBGU/Documents/seadroid/app/src/main/java/com/seafile/seadroid2/baseviewmodel/BaseViewModel.kt:69:13 Unresolved reference 'Toasts'.
e: file:///Users/HONGBGU/Documents/seadroid/app/src/main/java/com/seafile/seadroid2/baseviewmodel/BaseViewModel.kt:77:9 Unresolved reference 'Logs'.
e: file:///Users/HONGBGU/Documents/seadroid/app/src/main/java/com/seafile/seadroid2/baseviewmodel/BaseViewModel.kt:77:85 Unresolved reference 'size'.
e: file:///Users/HONGBGU/Documents/seadroid/app/src/main/java/com/seafile/seadroid2/baseviewmodel/BaseViewModel.kt:79:9 Unresolved reference 'Logs'.
e: file:///Users/HONGBGU/Documents/seadroid/app/src/main/java/com/seafile/seadroid2/baseviewmodel/BaseViewModel.kt:79:82 Unresolved reference 'size'.
e: file:///Users/HONGBGU/Documents/seadroid/app/src/main/java/com/seafile/seadroid2/baseviewmodel/BaseViewModel.kt:82:5 'onCleared' overrides nothing.
e: file:///Users/HONGBGU/Documents/seadroid/app/src/main/java/com/seafile/seadroid2/baseviewmodel/BaseViewModel.kt:83:9 Unresolved reference 'ViewModel'.
e: file:///Users/HONGBGU/Documents/seadroid/app/src/main/java/com/seafile/seadroid2/baseviewmodel/BaseViewModel.kt:83:15 Unresolved reference 'onCleared'.
e: file:///Users/HONGBGU/Documents/seadroid/app/src/main/java/com/seafile/seadroid2/baseviewmodel/BaseViewModel.kt:84:9 Unresolved reference 'Logs'.
e: file:///Users/HONGBGU/Documents/seadroid/app/src/main/java/com/seafile/seadroid2/baseviewmodel/BaseViewModel.kt:89:92 Unresolved reference 'RequestBody'.
e: file:///Users/HONGBGU/Documents/seadroid/app/src/main/java/com/seafile/seadroid2/baseviewmodel/BaseViewModel.kt:90:49 Unresolved reference 'RequestBody'.
e: file:///Users/HONGBGU/Documents/seadroid/app/src/main/java/com/seafile/seadroid2/baseviewmodel/BaseViewModel.kt:90:82 Unresolved reference 'RequestBody'.
e: file:///Users/HONGBGU/Documents/seadroid/app/src/main/java/com/seafile/seadroid2/baseviewmodel/BaseViewModel.kt:94:17 Unresolved reference 'RequestBody'.
e: file:///Users/HONGBGU/Documents/seadroid/app/src/main/java/com/seafile/seadroid2/baseviewmodel/BaseViewModel.kt:101:17 Unresolved reference 'not' for operator '!'.
e: file:///Users/HONGBGU/Documents/seadroid/app/src/main/java/com/seafile/seadroid2/baseviewmodel/BaseViewModel.kt:101:18 Unresolved reference 'TextUtils'.
e: file:///Users/HONGBGU/Documents/seadroid/app/src/main/java/com/seafile/seadroid2/baseviewmodel/BaseViewModel.kt:102:34 Unresolved reference 'RequestBody'.
e: file:///Users/HONGBGU/Documents/seadroid/app/src/main/java/com/seafile/seadroid2/baseviewmodel/BaseViewModel.kt:103:21 Unresolved reference 'RequestBody'.
e: file:///Users/HONGBGU/Documents/seadroid/app/src/main/java/com/seafile/seadroid2/baseviewmodel/BaseViewModel.kt:110:34 Unresolved reference 'Disposable'.
e: file:///Users/HONGBGU/Documents/seadroid/app/src/main/java/com/seafile/seadroid2/baseviewmodel/BaseViewModel.kt:111:29 Unresolved reference 'add'.
e: file:///Users/HONGBGU/Documents/seadroid/app/src/main/java/com/seafile/seadroid2/baseviewmodel/BaseViewModel.kt:115:41 Unresolved reference 'Single'.
e: file:///Users/HONGBGU/Documents/seadroid/app/src/main/java/com/seafile/seadroid2/baseviewmodel/BaseViewModel.kt:116:29 Unresolved reference 'add'.
e: file:///Users/HONGBGU/Documents/seadroid/app/src/main/java/com/seafile/seadroid2/baseviewmodel/BaseViewModel.kt:118:18 Unresolved reference 'subscribeOn'.
e: file:///Users/HONGBGU/Documents/seadroid/app/src/main/java/com/seafile/seadroid2/baseviewmodel/BaseViewModel.kt:119:28 Unresolved reference 'AndroidSchedulers'.
e: file:///Users/HONGBGU/Documents/seadroid/app/src/main/java/com/seafile/seadroid2/baseviewmodel/BaseViewModel.kt:125:17 Unresolved reference 'Single'.
e: file:///Users/HONGBGU/Documents/seadroid/app/src/main/java/com/seafile/seadroid2/baseviewmodel/BaseViewModel.kt:127:20 One type argument expected for interface 'Consumer'.
e: file:///Users/HONGBGU/Documents/seadroid/app/src/main/java/com/seafile/seadroid2/baseviewmodel/BaseViewModel.kt:129:29 Unresolved reference 'add'.
e: file:///Users/HONGBGU/Documents/seadroid/app/src/main/java/com/seafile/seadroid2/baseviewmodel/BaseViewModel.kt:131:18 Unresolved reference 'subscribeOn'.
e: file:///Users/HONGBGU/Documents/seadroid/app/src/main/java/com/seafile/seadroid2/baseviewmodel/BaseViewModel.kt:132:28 Unresolved reference 'AndroidSchedulers'.
e: file:///Users/HONGBGU/Documents/seadroid/app/src/main/java/com/seafile/seadroid2/baseviewmodel/BaseViewModel.kt:138:45 Unresolved reference 'Flowable'.
e: file:///Users/HONGBGU/Documents/seadroid/app/src/main/java/com/seafile/seadroid2/baseviewmodel/BaseViewModel.kt:139:29 Unresolved reference 'add'.
e: file:///Users/HONGBGU/Documents/seadroid/app/src/main/java/com/seafile/seadroid2/baseviewmodel/BaseViewModel.kt:141:18 Unresolved reference 'subscribeOn'.
e: file:///Users/HONGBGU/Documents/seadroid/app/src/main/java/com/seafile/seadroid2/baseviewmodel/BaseViewModel.kt:142:28 Unresolved reference 'AndroidSchedulers'.
e: file:///Users/HONGBGU/Documents/seadroid/app/src/main/java/com/seafile/seadroid2/baseviewmodel/BaseViewModel.kt:148:19 Unresolved reference 'Flowable'.
e: file:///Users/HONGBGU/Documents/seadroid/app/src/main/java/com/seafile/seadroid2/baseviewmodel/BaseViewModel.kt:152:29 Unresolved reference 'add'.
e: file:///Users/HONGBGU/Documents/seadroid/app/src/main/java/com/seafile/seadroid2/baseviewmodel/BaseViewModel.kt:154:18 Unresolved reference 'subscribeOn'.
e: file:///Users/HONGBGU/Documents/seadroid/app/src/main/java/com/seafile/seadroid2/baseviewmodel/BaseViewModel.kt:155:28 Unresolved reference 'AndroidSchedulers'.
e: file:///Users/HONGBGU/Documents/seadroid/app/src/main/java/com/seafile/seadroid2/baseviewmodel/BaseViewModel.kt:161:19 Unresolved reference 'Flowable'.
e: file:///Users/HONGBGU/Documents/seadroid/app/src/main/java/com/seafile/seadroid2/baseviewmodel/BaseViewModel.kt:163:20 One type argument expected for interface 'Consumer'.
e: file:///Users/HONGBGU/Documents/seadroid/app/src/main/java/com/seafile/seadroid2/baseviewmodel/BaseViewModel.kt:165:29 Unresolved reference 'add'.
e: file:///Users/HONGBGU/Documents/seadroid/app/src/main/java/com/seafile/seadroid2/baseviewmodel/BaseViewModel.kt:167:18 Unresolved reference 'subscribeOn'.
e: file:///Users/HONGBGU/Documents/seadroid/app/src/main/java/com/seafile/seadroid2/baseviewmodel/BaseViewModel.kt:168:28 Unresolved reference 'AndroidSchedulers'.
e: file:///Users/HONGBGU/Documents/seadroid/app/src/main/java/com/seafile/seadroid2/baseviewmodel/BaseViewModel.kt:174:19 Unresolved reference 'Flowable'.
e: file:///Users/HONGBGU/Documents/seadroid/app/src/main/java/com/seafile/seadroid2/baseviewmodel/BaseViewModel.kt:179:29 Unresolved reference 'add'.
e: file:///Users/HONGBGU/Documents/seadroid/app/src/main/java/com/seafile/seadroid2/baseviewmodel/BaseViewModel.kt:181:18 Unresolved reference 'subscribeOn'.
e: file:///Users/HONGBGU/Documents/seadroid/app/src/main/java/com/seafile/seadroid2/baseviewmodel/BaseViewModel.kt:182:28 Unresolved reference 'AndroidSchedulers'.
e: file:///Users/HONGBGU/Documents/seadroid/app/src/main/java/com/seafile/seadroid2/baseviewmodel/BaseViewModel.kt:188:47 Unresolved reference 'Completable'.
e: file:///Users/HONGBGU/Documents/seadroid/app/src/main/java/com/seafile/seadroid2/baseviewmodel/BaseViewModel.kt:189:29 Unresolved reference 'add'.
e: file:///Users/HONGBGU/Documents/seadroid/app/src/main/java/com/seafile/seadroid2/baseviewmodel/BaseViewModel.kt:191:18 Unresolved reference 'subscribeOn'.
e: file:///Users/HONGBGU/Documents/seadroid/app/src/main/java/com/seafile/seadroid2/baseviewmodel/BaseViewModel.kt:192:28 Unresolved reference 'AndroidSchedulers'.
e: file:///Users/HONGBGU/Documents/seadroid/app/src/main/java/com/seafile/seadroid2/baseviewmodel/BaseViewModel.kt:200:40 None of the following candidates is applicable:
@SinceKotlin(...) @InlineOnly() fun <V> KMutableProperty0<V>.setValue(thisRef: Any?, property: KProperty<*>, value: V): Unit
@SinceKotlin(...) @InlineOnly() fun <T, V> KMutableProperty1<T, V>.setValue(thisRef: T, property: KProperty<*>, value: V): Unit
@InlineOnly() fun <V> MutableMap<in String, in V>.setValue(thisRef: Any?, property: KProperty<*>, value: V): Unit
e: file:///Users/HONGBGU/Documents/seadroid/app/src/main/java/com/seafile/seadroid2/baseviewmodel/BaseViewModel.kt:201:32 Unresolved reference 'SeafException'.
e: file:///Users/HONGBGU/Documents/seadroid/app/src/main/java/com/seafile/seadroid2/baseviewmodel/BaseViewModel.kt:202:25 Argument type mismatch: actual type is 'kotlin.Int', but 'kotlin.Int?' was expected.
e: file:///Users/HONGBGU/Documents/seadroid/app/src/main/java/com/seafile/seadroid2/baseviewmodel/BaseViewModel.kt:203:25 Unresolved reference 'SeafException'.
e: file:///Users/HONGBGU/Documents/seadroid/app/src/main/java/com/seafile/seadroid2/baseviewmodel/BaseViewModel.kt:207:40 None of the following candidates is applicable:
@SinceKotlin(...) @InlineOnly() fun <V> KMutableProperty0<V>.setValue(thisRef: Any?, property: KProperty<*>, value: V): Unit
@SinceKotlin(...) @InlineOnly() fun <T, V> KMutableProperty1<T, V>.setValue(thisRef: T, property: KProperty<*>, value: V): Unit
@InlineOnly() fun <V> MutableMap<in String, in V>.setValue(thisRef: Any?, property: KProperty<*>, value: V): Unit
e: file:///Users/HONGBGU/Documents/seadroid/app/src/main/java/com/seafile/seadroid2/baseviewmodel/BaseViewModel.kt:208:32 Unresolved reference 'SeafException'.
e: file:///Users/HONGBGU/Documents/seadroid/app/src/main/java/com/seafile/seadroid2/baseviewmodel/BaseViewModel.kt:209:25 Argument type mismatch: actual type is 'kotlin.Int', but 'kotlin.Int?' was expected.
e: file:///Users/HONGBGU/Documents/seadroid/app/src/main/java/com/seafile/seadroid2/baseviewmodel/BaseViewModel.kt:210:25 Unresolved reference 'SeafException'.
e: file:///Users/HONGBGU/Documents/seadroid/app/src/main/java/com/seafile/seadroid2/baseviewmodel/BaseViewModel.kt:218:61 Unresolved reference 'SeafException'.
e: file:///Users/HONGBGU/Documents/seadroid/app/src/main/java/com/seafile/seadroid2/baseviewmodel/BaseViewModel.kt:219:16 Unresolved reference 'parseByThrowable'.
e: file:///Users/HONGBGU/Documents/seadroid/app/src/main/java/com/seafile/seadroid2/baseviewmodel/BaseViewModel.kt:223:28 Unresolved reference 'SeafException'.
e: file:///Users/HONGBGU/Documents/seadroid/app/src/main/java/com/seafile/seadroid2/baseviewmodel/BaseViewModel.kt:223:44 Unresolved reference 'parseByThrowable'.
e: file:///Users/HONGBGU/Documents/seadroid/app/src/main/java/com/seafile/seadroid2/baseviewmodel/BaseViewModel.kt:224:30 Unresolved reference 'message'.
e: file:///Users/HONGBGU/Documents/seadroid/app/src/main/java/com/seafile/seadroid2/baseviewmodel/ExceptionHandler.kt:17:18 One type argument expected for interface 'Consumer'.
e: file:///Users/HONGBGU/Documents/seadroid/app/src/main/java/com/seafile/seadroid2/baseviewmodel/ExceptionHandler.kt:21:25 Unresolved reference 'accept'.
e: file:///Users/HONGBGU/Documents/seadroid/app/src/main/java/com/seafile/seadroid2/baseviewmodel/RxTaskBuilder.kt:18:16 Return type mismatch: expected 'com.seafile.seadroid2.baseviewmodel.RxTaskBuilder<T?>', actual 'com.seafile.seadroid2.baseviewmodel.RxTaskBuilder<T>'.
e: file:///Users/HONGBGU/Documents/seadroid/app/src/main/java/com/seafile/seadroid2/baseviewmodel/RxTaskBuilder.kt:23:16 Return type mismatch: expected 'com.seafile.seadroid2.baseviewmodel.RxTaskBuilder<T?>', actual 'com.seafile.seadroid2.baseviewmodel.RxTaskBuilder<T>'.
e: file:///Users/HONGBGU/Documents/seadroid/app/src/main/java/com/seafile/seadroid2/baseviewmodel/RxTaskBuilder.kt:28:16 Return type mismatch: expected 'com.seafile.seadroid2.baseviewmodel.RxTaskBuilder<T?>', actual 'com.seafile.seadroid2.baseviewmodel.RxTaskBuilder<T>'.
e: file:///Users/HONGBGU/Documents/seadroid/app/src/main/java/com/seafile/seadroid2/baseviewmodel/RxTaskBuilder.kt:33:16 Return type mismatch: expected 'com.seafile.seadroid2.baseviewmodel.RxTaskBuilder<T?>', actual 'com.seafile.seadroid2.baseviewmodel.RxTaskBuilder<T>'.
e: file:///Users/HONGBGU/Documents/seadroid/app/src/main/java/com/seafile/seadroid2/baseviewmodel/RxTaskBuilder.kt:38:16 Return type mismatch: expected 'com.seafile.seadroid2.baseviewmodel.RxTaskBuilder<T?>', actual 'com.seafile.seadroid2.baseviewmodel.RxTaskBuilder<T>'.
e: file:///Users/HONGBGU/Documents/seadroid/app/src/main/java/com/seafile/seadroid2/baseviewmodel/RxTaskBuilder.kt:43:16 Return type mismatch: expected 'com.seafile.seadroid2.baseviewmodel.RxTaskBuilder<T?>', actual 'com.seafile.seadroid2.baseviewmodel.RxTaskBuilder<T>'.
e: file:///Users/HONGBGU/Documents/seadroid/app/src/main/java/com/seafile/seadroid2/baseviewmodel/WrapViewModel.kt:17:23 Unresolved reference 'ViewModel'.
e: file:///Users/HONGBGU/Documents/seadroid/app/src/main/java/com/seafile/seadroid2/baseviewmodel/WrapViewModel.kt:38:33 Unresolved reference 'MutableLiveData'.
e: file:///Users/HONGBGU/Documents/seadroid/app/src/main/java/com/seafile/seadroid2/baseviewmodel/WrapViewModel.kt:39:9 Unresolved reference 'MutableLiveData'.
e: file:///Users/HONGBGU/Documents/seadroid/app/src/main/java/com/seafile/seadroid2/baseviewmodel/WrapViewModel.kt:40:35 Unresolved reference 'MutableLiveData'.
e: file:///Users/HONGBGU/Documents/seadroid/app/src/main/java/com/seafile/seadroid2/baseviewmodel/WrapViewModel.kt:40:63 Unresolved reference 'MutableLiveData'.
e: file:///Users/HONGBGU/Documents/seadroid/app/src/main/java/com/seafile/seadroid2/baseviewmodel/WrapViewModel.kt:41:41 Unresolved reference 'MutableLiveData'.
e: file:///Users/HONGBGU/Documents/seadroid/app/src/main/java/com/seafile/seadroid2/baseviewmodel/WrapViewModel.kt:41:69 Unresolved reference 'MutableLiveData'.
e: file:///Users/HONGBGU/Documents/seadroid/app/src/main/java/com/seafile/seadroid2/baseviewmodel/WrapViewModel.kt:42:37 Unresolved reference 'MutableLiveData'.
e: file:///Users/HONGBGU/Documents/seadroid/app/src/main/java/com/seafile/seadroid2/baseviewmodel/WrapViewModel.kt:42:64 Unresolved reference 'SeafException'.
e: file:///Users/HONGBGU/Documents/seadroid/app/src/main/java/com/seafile/seadroid2/baseviewmodel/WrapViewModel.kt:43:9 Unresolved reference 'MutableLiveData'.
e: file:///Users/HONGBGU/Documents/seadroid/app/src/main/java/com/seafile/seadroid2/baseviewmodel/WrapViewModel.kt:43:36 Unresolved reference 'SeafException'.
e: file:///Users/HONGBGU/Documents/seadroid/app/src/main/java/com/seafile/seadroid2/baseviewmodel/WrapViewModel.kt:44:41 Unresolved reference 'MutableLiveData'.
e: file:///Users/HONGBGU/Documents/seadroid/app/src/main/java/com/seafile/seadroid2/baseviewmodel/WrapViewModel.kt:44:57 Unresolved reference 'SeafException'.
e: file:///Users/HONGBGU/Documents/seadroid/app/src/main/java/com/seafile/seadroid2/baseviewmodel/WrapViewModel.kt:45:9 Unresolved reference 'MutableLiveData'.
e: file:///Users/HONGBGU/Documents/seadroid/app/src/main/java/com/seafile/seadroid2/baseviewmodel/WrapViewModel.kt:45:25 Unresolved reference 'SeafException'.
e: file:///Users/HONGBGU/Documents/seadroid/app/src/main/java/com/seafile/seadroid2/baseviewmodel/WrapViewModel.kt:46:45 Unresolved reference 'MutableLiveData'.
e: file:///Users/HONGBGU/Documents/seadroid/app/src/main/java/com/seafile/seadroid2/baseviewmodel/WrapViewModel.kt:47:9 Unresolved reference 'MutableLiveData'.
e: file:///Users/HONGBGU/Documents/seadroid/app/src/main/java/com/seafile/seadroid2/baseviewmodel/WrapViewModel.kt:50:38 Unresolved reference 'CompositeDisposable'.
e: file:///Users/HONGBGU/Documents/seadroid/app/src/main/java/com/seafile/seadroid2/baseviewmodel/WrapViewModel.kt:50:60 Unresolved reference 'CompositeDisposable'.
e: file:///Users/HONGBGU/Documents/seadroid/app/src/main/java/com/seafile/seadroid2/baseviewmodel/WrapViewModel.kt:55:13 Unresolved reference 'Logs'.
e: file:///Users/HONGBGU/Documents/seadroid/app/src/main/java/com/seafile/seadroid2/baseviewmodel/WrapViewModel.kt:57:28 None of the following candidates is applicable:
@SinceKotlin(...) @InlineOnly() fun <V> KMutableProperty0<V>.setValue(thisRef: Any?, property: KProperty<*>, value: V): Unit
@SinceKotlin(...) @InlineOnly() fun <T, V> KMutableProperty1<T, V>.setValue(thisRef: T, property: KProperty<*>, value: V): Unit
@InlineOnly() fun <V> MutableMap<in String, in V>.setValue(thisRef: Any?, property: KProperty<*>, value: V): Unit
e: file:///Users/HONGBGU/Documents/seadroid/app/src/main/java/com/seafile/seadroid2/baseviewmodel/WrapViewModel.kt:59:17 Unresolved reference 'Toasts'.
e: file:///Users/HONGBGU/Documents/seadroid/app/src/main/java/com/seafile/seadroid2/baseviewmodel/WrapViewModel.kt:63:13 Argument type mismatch: actual type is 'java.lang.Class<retrofit2.HttpException>', but 'java.lang.Class<T?>?' was expected.
e: file:///Users/HONGBGU/Documents/seadroid/app/src/main/java/com/seafile/seadroid2/baseviewmodel/WrapViewModel.kt:66:13 Argument type mismatch: actual type is 'java.lang.Class<java.io.IOException>', but 'java.lang.Class<T?>?' was expected.
e: file:///Users/HONGBGU/Documents/seadroid/app/src/main/java/com/seafile/seadroid2/baseviewmodel/WrapViewModel.kt:84:22 One type argument expected for interface 'Consumer'.
e: file:///Users/HONGBGU/Documents/seadroid/app/src/main/java/com/seafile/seadroid2/baseviewmodel/WrapViewModel.kt:88:29 Unresolved reference 'accept'.
e: file:///Users/HONGBGU/Documents/seadroid/app/src/main/java/com/seafile/seadroid2/baseviewmodel/WrapViewModel.kt:90:21 Unresolved reference 'Logs'.
e: file:///Users/HONGBGU/Documents/seadroid/app/src/main/java/com/seafile/seadroid2/baseviewmodel/WrapViewModel.kt:102:21 Unresolved reference 'Logs'.
e: file:///Users/HONGBGU/Documents/seadroid/app/src/main/java/com/seafile/seadroid2/baseviewmodel/WrapViewModel.kt:108:21 Unresolved reference 'Logs'.
e: file:///Users/HONGBGU/Documents/seadroid/app/src/main/java/com/seafile/seadroid2/baseviewmodel/WrapViewModel.kt:127:20 Return type mismatch: expected 'com.seafile.seadroid2.baseviewmodel.WrapViewModel.RxTaskBuilder<T?>', actual 'com.seafile.seadroid2.baseviewmodel.WrapViewModel.RxTaskBuilder<T>'.
e: file:///Users/HONGBGU/Documents/seadroid/app/src/main/java/com/seafile/seadroid2/baseviewmodel/WrapViewModel.kt:130:28 Unresolved reference 'Single'.
e: file:///Users/HONGBGU/Documents/seadroid/app/src/main/java/com/seafile/seadroid2/baseviewmodel/WrapViewModel.kt:131:38 Unresolved reference 'toObservable'.
e: file:///Users/HONGBGU/Documents/seadroid/app/src/main/java/com/seafile/seadroid2/baseviewmodel/WrapViewModel.kt:132:20 Return type mismatch: expected 'com.seafile.seadroid2.baseviewmodel.WrapViewModel.RxTaskBuilder<T?>', actual 'com.seafile.seadroid2.baseviewmodel.WrapViewModel.RxTaskBuilder<T>'.
e: file:///Users/HONGBGU/Documents/seadroid/app/src/main/java/com/seafile/seadroid2/baseviewmodel/WrapViewModel.kt:135:30 Unresolved reference 'Flowable'.
e: file:///Users/HONGBGU/Documents/seadroid/app/src/main/java/com/seafile/seadroid2/baseviewmodel/WrapViewModel.kt:136:40 Unresolved reference 'toObservable'.
e: file:///Users/HONGBGU/Documents/seadroid/app/src/main/java/com/seafile/seadroid2/baseviewmodel/WrapViewModel.kt:137:20 Return type mismatch: expected 'com.seafile.seadroid2.baseviewmodel.WrapViewModel.RxTaskBuilder<T?>', actual 'com.seafile.seadroid2.baseviewmodel.WrapViewModel.RxTaskBuilder<T>'.
e: file:///Users/HONGBGU/Documents/seadroid/app/src/main/java/com/seafile/seadroid2/baseviewmodel/WrapViewModel.kt:142:20 Return type mismatch: expected 'com.seafile.seadroid2.baseviewmodel.WrapViewModel.RxTaskBuilder<T?>', actual 'com.seafile.seadroid2.baseviewmodel.WrapViewModel.RxTaskBuilder<T>'.
e: file:///Users/HONGBGU/Documents/seadroid/app/src/main/java/com/seafile/seadroid2/baseviewmodel/WrapViewModel.kt:147:20 Return type mismatch: expected 'com.seafile.seadroid2.baseviewmodel.WrapViewModel.RxTaskBuilder<T?>', actual 'com.seafile.seadroid2.baseviewmodel.WrapViewModel.RxTaskBuilder<T>'.
e: file:///Users/HONGBGU/Documents/seadroid/app/src/main/java/com/seafile/seadroid2/baseviewmodel/WrapViewModel.kt:152:20 Return type mismatch: expected 'com.seafile.seadroid2.baseviewmodel.WrapViewModel.RxTaskBuilder<T?>', actual 'com.seafile.seadroid2.baseviewmodel.WrapViewModel.RxTaskBuilder<T>'.
e: file:///Users/HONGBGU/Documents/seadroid/app/src/main/java/com/seafile/seadroid2/baseviewmodel/WrapViewModel.kt:157:20 Return type mismatch: expected 'com.seafile.seadroid2.baseviewmodel.WrapViewModel.RxTaskBuilder<T?>', actual 'com.seafile.seadroid2.baseviewmodel.WrapViewModel.RxTaskBuilder<T>'.
e: file:///Users/HONGBGU/Documents/seadroid/app/src/main/java/com/seafile/seadroid2/baseviewmodel/WrapViewModel.kt:162:20 Return type mismatch: expected 'com.seafile.seadroid2.baseviewmodel.WrapViewModel.RxTaskBuilder<T?>', actual 'com.seafile.seadroid2.baseviewmodel.WrapViewModel.RxTaskBuilder<T>'.
e: file:///Users/HONGBGU/Documents/seadroid/app/src/main/java/com/seafile/seadroid2/baseviewmodel/WrapViewModel.kt:165:24 Unresolved reference 'Disposable'.
e: file:///Users/HONGBGU/Documents/seadroid/app/src/main/java/com/seafile/seadroid2/baseviewmodel/WrapViewModel.kt:174:45 Argument type mismatch: actual type is 'kotlin.Throwable?', but 'kotlin.Throwable' was expected.
e: file:///Users/HONGBGU/Documents/seadroid/app/src/main/java/com/seafile/seadroid2/baseviewmodel/WrapViewModel.kt:178:44 None of the following candidates is applicable:
@SinceKotlin(...) @InlineOnly() fun <V> KMutableProperty0<V>.setValue(thisRef: Any?, property: KProperty<*>, value: V): Unit
@SinceKotlin(...) @InlineOnly() fun <T, V> KMutableProperty1<T, V>.setValue(thisRef: T, property: KProperty<*>, value: V): Unit
@InlineOnly() fun <V> MutableMap<in String, in V>.setValue(thisRef: Any?, property: KProperty<*>, value: V): Unit
e: file:///Users/HONGBGU/Documents/seadroid/app/src/main/java/com/seafile/seadroid2/baseviewmodel/WrapViewModel.kt:179:32 None of the following candidates is applicable:
@SinceKotlin(...) @InlineOnly() fun <V> KMutableProperty0<V>.setValue(thisRef: Any?, property: KProperty<*>, value: V): Unit
@SinceKotlin(...) @InlineOnly() fun <T, V> KMutableProperty1<T, V>.setValue(thisRef: T, property: KProperty<*>, value: V): Unit
@InlineOnly() fun <V> MutableMap<in String, in V>.setValue(thisRef: Any?, property: KProperty<*>, value: V): Unit
e: file:///Users/HONGBGU/Documents/seadroid/app/src/main/java/com/seafile/seadroid2/baseviewmodel/WrapViewModel.kt:188:28 Unresolved reference 'AndroidSchedulers'.
e: file:///Users/HONGBGU/Documents/seadroid/app/src/main/java/com/seafile/seadroid2/baseviewmodel/WrapViewModel.kt:189:41 Argument type mismatch: actual type is 'kotlin.Function1<ERROR CLASS: Symbol not found for Disposable?, kotlin.Unit>', but 'kotlin.Function1<T!, kotlin.Unit>' was expected.
e: file:///Users/HONGBGU/Documents/seadroid/app/src/main/java/com/seafile/seadroid2/baseviewmodel/WrapViewModel.kt:189:46 Unresolved reference 'Disposable'.
e: file:///Users/HONGBGU/Documents/seadroid/app/src/main/java/com/seafile/seadroid2/baseviewmodel/WrapViewModel.kt:191:52 None of the following candidates is applicable:
@SinceKotlin(...) @InlineOnly() fun <V> KMutableProperty0<V>.setValue(thisRef: Any?, property: KProperty<*>, value: V): Unit
@SinceKotlin(...) @InlineOnly() fun <T, V> KMutableProperty1<T, V>.setValue(thisRef: T, property: KProperty<*>, value: V): Unit
@InlineOnly() fun <V> MutableMap<in String, in V>.setValue(thisRef: Any?, property: KProperty<*>, value: V): Unit
e: file:///Users/HONGBGU/Documents/seadroid/app/src/main/java/com/seafile/seadroid2/baseviewmodel/WrapViewModel.kt:192:40 None of the following candidates is applicable:
@SinceKotlin(...) @InlineOnly() fun <V> KMutableProperty0<V>.setValue(thisRef: Any?, property: KProperty<*>, value: V): Unit
@SinceKotlin(...) @InlineOnly() fun <T, V> KMutableProperty1<T, V>.setValue(thisRef: T, property: KProperty<*>, value: V): Unit
@InlineOnly() fun <V> MutableMap<in String, in V>.setValue(thisRef: Any?, property: KProperty<*>, value: V): Unit
e: file:///Users/HONGBGU/Documents/seadroid/app/src/main/java/com/seafile/seadroid2/baseviewmodel/WrapViewModel.kt:197:52 None of the following candidates is applicable:
@SinceKotlin(...) @InlineOnly() fun <V> KMutableProperty0<V>.setValue(thisRef: Any?, property: KProperty<*>, value: V): Unit
@SinceKotlin(...) @InlineOnly() fun <T, V> KMutableProperty1<T, V>.setValue(thisRef: T, property: KProperty<*>, value: V): Unit
@InlineOnly() fun <V> MutableMap<in String, in V>.setValue(thisRef: Any?, property: KProperty<*>, value: V): Unit
e: file:///Users/HONGBGU/Documents/seadroid/app/src/main/java/com/seafile/seadroid2/baseviewmodel/WrapViewModel.kt:204:29 Unresolved reference 'Disposable'.
e: file:///Users/HONGBGU/Documents/seadroid/app/src/main/java/com/seafile/seadroid2/baseviewmodel/WrapViewModel.kt:211:33 Unresolved reference 'add'.
e: file:///Users/HONGBGU/Documents/seadroid/app/src/main/java/com/seafile/seadroid2/baseviewmodel/WrapViewModel.kt:220:30 Constructor of the inner class 'inner class RxTaskBuilder<T> : Any' can only be called with a receiver of the containing class.
e: file:///Users/HONGBGU/Documents/seadroid/app/src/main/java/com/seafile/seadroid2/baseviewmodel/WrapViewModel.kt:226:38 Unresolved reference 'Completable'.
e: file:///Users/HONGBGU/Documents/seadroid/app/src/main/java/com/seafile/seadroid2/baseviewmodel/WrapViewModel.kt:227:9 Return type mismatch: expected 'com.seafile.seadroid2.baseviewmodel.WrapViewModel.RxTaskBuilder<kotlin.Any?>', actual 'kotlin.Unit'.
e: file:///Users/HONGBGU/Documents/seadroid/app/src/main/java/com/seafile/seadroid2/baseviewmodel/WrapViewModel.kt:228:9 Not enough information to infer type argument for 'T'.
e: file:///Users/HONGBGU/Documents/seadroid/app/src/main/java/com/seafile/seadroid2/baseviewmodel/WrapViewModel.kt:228:17 Overload resolution ambiguity between candidates:
fun source(observable: Observable<ERROR CLASS: Cannot infer argument for type parameter T>): WrapViewModel.RxTaskBuilder<ERROR CLASS: Cannot infer argument for type parameter T>
fun source(single: <ERROR TYPE REF: Symbol not found for Single>): WrapViewModel.RxTaskBuilder<ERROR CLASS: Cannot infer argument for type parameter T>
fun source(flowable: <ERROR TYPE REF: Symbol not found for Flowable>): WrapViewModel.RxTaskBuilder<ERROR CLASS: Cannot infer argument for type parameter T>
e: file:///Users/HONGBGU/Documents/seadroid/app/src/main/java/com/seafile/seadroid2/baseviewmodel/WrapViewModel.kt:228:36 Unresolved reference 'toObservable'.
e: file:///Users/HONGBGU/Documents/seadroid/app/src/main/java/com/seafile/seadroid2/baseviewmodel/WrapViewModel.kt:235:16 Unresolved reference 'LifecycleOwner'.
e: file:///Users/HONGBGU/Documents/seadroid/app/src/main/java/com/seafile/seadroid2/baseviewmodel/WrapViewModel.kt:237:17 One type argument expected for interface 'Consumer'.
e: file:///Users/HONGBGU/Documents/seadroid/app/src/main/java/com/seafile/seadroid2/baseviewmodel/WrapViewModel.kt:239:25 Unresolved reference 'Disposable'.
e: file:///Users/HONGBGU/Documents/seadroid/app/src/main/java/com/seafile/seadroid2/baseviewmodel/WrapViewModel.kt:241:24 Unresolved reference 'AndroidSchedulers'.
e: file:///Users/HONGBGU/Documents/seadroid/app/src/main/java/com/seafile/seadroid2/baseviewmodel/WrapViewModel.kt:246:15 Unresolved reference 'lifecycle'.
e: file:///Users/HONGBGU/Documents/seadroid/app/src/main/java/com/seafile/seadroid2/baseviewmodel/WrapViewModel.kt:246:46 Unresolved reference 'LifecycleEventObserver'.
e: file:///Users/HONGBGU/Documents/seadroid/app/src/main/java/com/seafile/seadroid2/baseviewmodel/WrapViewModel.kt:247:13 'onStateChanged' overrides nothing.
e: file:///Users/HONGBGU/Documents/seadroid/app/src/main/java/com/seafile/seadroid2/baseviewmodel/WrapViewModel.kt:247:49 Unresolved reference 'LifecycleOwner'.
e: file:///Users/HONGBGU/Documents/seadroid/app/src/main/java/com/seafile/seadroid2/baseviewmodel/WrapViewModel.kt:249:37 Unresolved reference 'isDisposed'.
e: file:///Users/HONGBGU/Documents/seadroid/app/src/main/java/com/seafile/seadroid2/baseviewmodel/WrapViewModel.kt:250:36 Unresolved reference 'dispose'.
e: file:///Users/HONGBGU/Documents/seadroid/app/src/main/java/com/seafile/seadroid2/baseviewmodel/WrapViewModel.kt:252:27 Unresolved reference 'lifecycle'.
e: file:///Users/HONGBGU/Documents/seadroid/app/src/main/java/com/seafile/seadroid2/baseviewmodel/WrapViewModel.kt:257:29 Unresolved reference 'add'.
e: file:///Users/HONGBGU/Documents/seadroid/app/src/main/java/com/seafile/seadroid2/baseviewmodel/WrapViewModel.kt:263:35 Unresolved reference 'Disposable'.
e: file:///Users/HONGBGU/Documents/seadroid/app/src/main/java/com/seafile/seadroid2/baseviewmodel/WrapViewModel.kt:264:29 Unresolved reference 'add'.
e: file:///Users/HONGBGU/Documents/seadroid/app/src/main/java/com/seafile/seadroid2/baseviewmodel/WrapViewModel.kt:272:36 None of the following candidates is applicable:
@SinceKotlin(...) @InlineOnly() fun <V> KMutableProperty0<V>.setValue(thisRef: Any?, property: KProperty<*>, value: V): Unit
@SinceKotlin(...) @InlineOnly() fun <T, V> KMutableProperty1<T, V>.setValue(thisRef: T, property: KProperty<*>, value: V): Unit
@InlineOnly() fun <V> MutableMap<in String, in V>.setValue(thisRef: Any?, property: KProperty<*>, value: V): Unit
e: file:///Users/HONGBGU/Documents/seadroid/app/src/main/java/com/seafile/seadroid2/baseviewmodel/WrapViewModel.kt:273:28 Unresolved reference 'SeafException'.
e: file:///Users/HONGBGU/Documents/seadroid/app/src/main/java/com/seafile/seadroid2/baseviewmodel/WrapViewModel.kt:274:21 Argument type mismatch: actual type is 'kotlin.Int', but 'F!' was expected.
e: file:///Users/HONGBGU/Documents/seadroid/app/src/main/java/com/seafile/seadroid2/baseviewmodel/WrapViewModel.kt:275:21 Unresolved reference 'SeafException'.
e: file:///Users/HONGBGU/Documents/seadroid/app/src/main/java/com/seafile/seadroid2/baseviewmodel/WrapViewModel.kt:279:36 None of the following candidates is applicable:
@SinceKotlin(...) @InlineOnly() fun <V> KMutableProperty0<V>.setValue(thisRef: Any?, property: KProperty<*>, value: V): Unit
@SinceKotlin(...) @InlineOnly() fun <T, V> KMutableProperty1<T, V>.setValue(thisRef: T, property: KProperty<*>, value: V): Unit
@InlineOnly() fun <V> MutableMap<in String, in V>.setValue(thisRef: Any?, property: KProperty<*>, value: V): Unit
e: file:///Users/HONGBGU/Documents/seadroid/app/src/main/java/com/seafile/seadroid2/baseviewmodel/WrapViewModel.kt:280:28 Unresolved reference 'SeafException'.
e: file:///Users/HONGBGU/Documents/seadroid/app/src/main/java/com/seafile/seadroid2/baseviewmodel/WrapViewModel.kt:281:21 Argument type mismatch: actual type is 'kotlin.Int', but 'F!' was expected.
e: file:///Users/HONGBGU/Documents/seadroid/app/src/main/java/com/seafile/seadroid2/baseviewmodel/WrapViewModel.kt:282:21 Unresolved reference 'SeafException'.
e: file:///Users/HONGBGU/Documents/seadroid/app/src/main/java/com/seafile/seadroid2/baseviewmodel/WrapViewModel.kt:292:36 None of the following candidates is applicable:
@SinceKotlin(...) @InlineOnly() fun <V> KMutableProperty0<V>.setValue(thisRef: Any?, property: KProperty<*>, value: V): Unit
@SinceKotlin(...) @InlineOnly() fun <T, V> KMutableProperty1<T, V>.setValue(thisRef: T, property: KProperty<*>, value: V): Unit
@InlineOnly() fun <V> MutableMap<in String, in V>.setValue(thisRef: Any?, property: KProperty<*>, value: V): Unit
e: file:///Users/HONGBGU/Documents/seadroid/app/src/main/java/com/seafile/seadroid2/baseviewmodel/WrapViewModel.kt:293:13 Unresolved reference 'SeafException'.
e: file:///Users/HONGBGU/Documents/seadroid/app/src/main/java/com/seafile/seadroid2/baseviewmodel/WrapViewModel.kt:294:17 Unresolved reference 'SeafException'.
e: file:///Users/HONGBGU/Documents/seadroid/app/src/main/java/com/seafile/seadroid2/baseviewmodel/WrapViewModel.kt:303:92 Unresolved reference 'RequestBody'.
e: file:///Users/HONGBGU/Documents/seadroid/app/src/main/java/com/seafile/seadroid2/baseviewmodel/WrapViewModel.kt:304:49 Unresolved reference 'RequestBody'.
e: file:///Users/HONGBGU/Documents/seadroid/app/src/main/java/com/seafile/seadroid2/baseviewmodel/WrapViewModel.kt:304:82 Unresolved reference 'RequestBody'.
e: file:///Users/HONGBGU/Documents/seadroid/app/src/main/java/com/seafile/seadroid2/baseviewmodel/WrapViewModel.kt:308:17 Unresolved reference 'RequestBody'.
e: file:///Users/HONGBGU/Documents/seadroid/app/src/main/java/com/seafile/seadroid2/baseviewmodel/WrapViewModel.kt:315:17 Unresolved reference 'not' for operator '!'.
e: file:///Users/HONGBGU/Documents/seadroid/app/src/main/java/com/seafile/seadroid2/baseviewmodel/WrapViewModel.kt:315:18 Unresolved reference 'TextUtils'.
e: file:///Users/HONGBGU/Documents/seadroid/app/src/main/java/com/seafile/seadroid2/baseviewmodel/WrapViewModel.kt:316:34 Unresolved reference 'RequestBody'.
e: file:///Users/HONGBGU/Documents/seadroid/app/src/main/java/com/seafile/seadroid2/baseviewmodel/WrapViewModel.kt:317:21 Unresolved reference 'RequestBody'.
e: file:///Users/HONGBGU/Documents/seadroid/app/src/main/java/com/seafile/seadroid2/baseviewmodel/WrapViewModel.kt:328:30 None of the following candidates is applicable:
@SinceKotlin(...) @InlineOnly() fun <V> KMutableProperty0<V>.setValue(thisRef: Any?, property: KProperty<*>, value: V): Unit
@SinceKotlin(...) @InlineOnly() fun <T, V> KMutableProperty1<T, V>.setValue(thisRef: T, property: KProperty<*>, value: V): Unit
@InlineOnly() fun <V> MutableMap<in String, in V>.setValue(thisRef: Any?, property: KProperty<*>, value: V): Unit
e: file:///Users/HONGBGU/Documents/seadroid/app/src/main/java/com/seafile/seadroid2/baseviewmodel/WrapViewModel.kt:335:30 None of the following candidates is applicable:
@SinceKotlin(...) @InlineOnly() fun <V> KMutableProperty0<V>.setValue(thisRef: Any?, property: KProperty<*>, value: V): Unit
@SinceKotlin(...) @InlineOnly() fun <T, V> KMutableProperty1<T, V>.setValue(thisRef: T, property: KProperty<*>, value: V): Unit
@InlineOnly() fun <V> MutableMap<in String, in V>.setValue(thisRef: Any?, property: KProperty<*>, value: V): Unit
e: file:///Users/HONGBGU/Documents/seadroid/app/src/main/java/com/seafile/seadroid2/baseviewmodel/WrapViewModel.kt:342:9 Unresolved reference 'Logs'.
e: file:///Users/HONGBGU/Documents/seadroid/app/src/main/java/com/seafile/seadroid2/baseviewmodel/WrapViewModel.kt:342:85 Unresolved reference 'size'.
e: file:///Users/HONGBGU/Documents/seadroid/app/src/main/java/com/seafile/seadroid2/baseviewmodel/WrapViewModel.kt:344:9 Unresolved reference 'Logs'.
e: file:///Users/HONGBGU/Documents/seadroid/app/src/main/java/com/seafile/seadroid2/baseviewmodel/WrapViewModel.kt:344:82 Unresolved reference 'size'.
e: file:///Users/HONGBGU/Documents/seadroid/app/src/main/java/com/seafile/seadroid2/baseviewmodel/WrapViewModel.kt:347:5 'onCleared' overrides nothing.
e: file:///Users/HONGBGU/Documents/seadroid/app/src/main/java/com/seafile/seadroid2/baseviewmodel/WrapViewModel.kt:348:9 Unresolved reference 'ViewModel'.
e: file:///Users/HONGBGU/Documents/seadroid/app/src/main/java/com/seafile/seadroid2/baseviewmodel/WrapViewModel.kt:348:15 Unresolved reference 'onCleared'.
e: file:///Users/HONGBGU/Documents/seadroid/app/src/main/java/com/seafile/seadroid2/baseviewmodel/WrapViewModel.kt:349:9 Unresolved reference 'Logs'.
e: file:///Users/HONGBGU/Documents/seadroid/app/src/main/java/com/seafile/seadroid2/baseviewmodel/WrapViewModel.kt:354:29 Unresolved reference 'LiveData'.
e: file:///Users/HONGBGU/Documents/seadroid/app/src/main/java/com/seafile/seadroid2/baseviewmodel/WrapViewModel.kt:358:31 Unresolved reference 'MutableLiveData'.
e: file:///Users/HONGBGU/Documents/seadroid/app/src/main/java/com/seafile/seadroid2/baseviewmodel/WrapViewModel.kt:362:37 Unresolved reference 'MutableLiveData'.
e: file:///Users/HONGBGU/Documents/seadroid/app/src/main/java/com/seafile/seadroid2/baseviewmodel/WrapViewModel.kt:366:33 Unresolved reference 'MutableLiveData'.
e: file:///Users/HONGBGU/Documents/seadroid/app/src/main/java/com/seafile/seadroid2/baseviewmodel/WrapViewModel.kt:366:60 Unresolved reference 'SeafException'.
e: file:///Users/HONGBGU/Documents/seadroid/app/src/main/java/com/seafile/seadroid2/baseviewmodel/WrapViewModel.kt:370:37 Unresolved reference 'MutableLiveData'.
e: file:///Users/HONGBGU/Documents/seadroid/app/src/main/java/com/seafile/seadroid2/baseviewmodel/WrapViewModel.kt:370:53 Unresolved reference 'SeafException'.
e: file:///Users/HONGBGU/Documents/seadroid/app/src/main/java/com/seafile/seadroid2/baseviewmodel/WrapViewModel.kt:374:41 Unresolved reference 'MutableLiveData'.
e: file:///Users/HONGBGU/Documents/seadroid/app/src/main/java/com/seafile/seadroid2/config/Constants.kt:68:29 Unresolved reference 'SizeUtils'.
e: file:///Users/HONGBGU/Documents/seadroid/app/src/main/java/com/seafile/seadroid2/config/Constants.kt:69:29 Unresolved reference 'SizeUtils'.
e: file:///Users/HONGBGU/Documents/seadroid/app/src/main/java/com/seafile/seadroid2/config/Constants.kt:70:29 Unresolved reference 'SizeUtils'.
e: file:///Users/HONGBGU/Documents/seadroid/app/src/main/java/com/seafile/seadroid2/config/Constants.kt:71:30 Unresolved reference 'SizeUtils'.
e: file:///Users/HONGBGU/Documents/seadroid/app/src/main/java/com/seafile/seadroid2/config/Constants.kt:72:30 Unresolved reference 'SizeUtils'.
e: file:///Users/HONGBGU/Documents/seadroid/app/src/main/java/com/seafile/seadroid2/config/Constants.kt:73:31 Unresolved reference 'SizeUtils'.
e: file:///Users/HONGBGU/Documents/seadroid/app/src/main/java/com/seafile/seadroid2/config/Constants.kt:74:31 Unresolved reference 'SizeUtils'.
e: file:///Users/HONGBGU/Documents/seadroid/app/src/main/java/com/seafile/seadroid2/config/GlideLoadConfig.kt:16:78 Only safe (?.) or non-null asserted (!!.) calls are allowed on a nullable receiver of type 'com.seafile.seadroid2.account.SupportAccountManager?'.
e: file:///Users/HONGBGU/Documents/seadroid/app/src/main/java/com/seafile/seadroid2/context/ContextStackPreferenceHelper.kt:58:16 Return type mismatch: expected 'java.util.Stack<com.seafile.seadroid2.framework.model.ContextModel>?', actual 'java.util.Stack<com.seafile.seadroid2.framework.model.ContextModel?>!'.
e: file:///Users/HONGBGU/Documents/seadroid/app/src/main/java/com/seafile/seadroid2/context/GlobalNavContext.kt:33:45 Argument type mismatch: actual type is 'com.seafile.seadroid2.framework.db.entities.RepoModel?', but 'com.seafile.seadroid2.framework.db.entities.RepoModel' was expected.
e: file:///Users/HONGBGU/Documents/seadroid/app/src/main/java/com/seafile/seadroid2/context/GlobalNavContext.kt:38:42 Only safe (?.) or non-null asserted (!!.) calls are allowed on a nullable receiver of type 'com.jeremyliao.liveeventbus.core.Observable<com.seafile.seadroid2.context.NavContext?>?'.
e: file:///Users/HONGBGU/Documents/seadroid/app/src/main/java/com/seafile/seadroid2/context/NavContext.kt:220:45 Only safe (?.) or non-null asserted (!!.) calls are allowed on a nullable receiver of type 'kotlin.String?'.
e: file:///Users/HONGBGU/Documents/seadroid/app/src/main/java/com/seafile/seadroid2/framework/datastore/DataStoreManager.kt:6:61 Cannot import 'equals'. Functions and properties can only be imported from packages or objects.
e: file:///Users/HONGBGU/Documents/seadroid/app/src/main/java/com/seafile/seadroid2/framework/datastore/DataStoreManager.kt:7:65 Cannot import 'equals'. Functions and properties can only be imported from packages or objects.
e: file:///Users/HONGBGU/Documents/seadroid/app/src/main/java/com/seafile/seadroid2/framework/datastore/StorageManager.kt:89:47 Unresolved reference 'getAbsolutePath'.
e: file:///Users/HONGBGU/Documents/seadroid/app/src/main/java/com/seafile/seadroid2/framework/datastore/StorageManager.kt:92:29 Overload resolution ambiguity between candidates:
constructor(@RecentlyNonNull() p0: String!): File
constructor(@RecentlyNonNull() p0: URI!): File
e: file:///Users/HONGBGU/Documents/seadroid/app/src/main/java/com/seafile/seadroid2/framework/datastore/StorageManager.kt:96:51 Unresolved reference 'getAbsolutePath'.
e: file:///Users/HONGBGU/Documents/seadroid/app/src/main/java/com/seafile/seadroid2/framework/datastore/StorageManager.kt:97:29 Overload resolution ambiguity between candidates:
constructor(@RecentlyNonNull() p0: String!): File
constructor(@RecentlyNonNull() p0: URI!): File
e: file:///Users/HONGBGU/Documents/seadroid/app/src/main/java/com/seafile/seadroid2/framework/datastore/StorageManager.kt:193:56 One type argument expected for class 'Array'.
e: file:///Users/HONGBGU/Documents/seadroid/app/src/main/java/com/seafile/seadroid2/framework/datastore/StorageManager.kt:200:53 One type argument expected for class 'Array'.
e: file:///Users/HONGBGU/Documents/seadroid/app/src/main/java/com/seafile/seadroid2/framework/datastore/StorageManager.kt:240:29 Method 'iterator()' is ambiguous for this expression. Applicable candidates:
fun <T> Enumeration<T>.iterator(): Iterator<T>
@InlineOnly() fun <T> Iterator<T>.iterator(): Iterator<T>
@InlineOnly() fun <K, V> Map<out K, V>.iterator(): Iterator<Map.Entry<K, V>>
@JvmName(...) @InlineOnly() fun <K, V> MutableMap<K, V>.iterator(): MutableIterator<MutableMap.MutableEntry<K, V>>
fun CharSequence.iterator(): CharIterator
fun BufferedInputStream.iterator(): ByteIterator
e: file:///Users/HONGBGU/Documents/seadroid/app/src/main/java/com/seafile/seadroid2/framework/datastore/StorageManager.kt:240:29 Overload resolution ambiguity between candidates:
val <T> Array<out T>.indices: IntRange
val BooleanArray.indices: IntRange
val ByteArray.indices: IntRange
val CharArray.indices: IntRange
val DoubleArray.indices: IntRange
val FloatArray.indices: IntRange
val IntArray.indices: IntRange
val LongArray.indices: IntRange
val ShortArray.indices: IntRange
val Collection<*>.indices: IntRange
@property:SinceKotlin(...) @property:ExperimentalUnsignedTypes() val UByteArray.indices: IntRange
@property:SinceKotlin(...) @property:ExperimentalUnsignedTypes() val UIntArray.indices: IntRange
@property:SinceKotlin(...) @property:ExperimentalUnsignedTypes() val ULongArray.indices: IntRange
@property:SinceKotlin(...) @property:ExperimentalUnsignedTypes() val UShortArray.indices: IntRange
val CharSequence.indices: IntRange
e: file:///Users/HONGBGU/Documents/seadroid/app/src/main/java/com/seafile/seadroid2/framework/datastore/StorageManager.kt:246:34 Assignment type mismatch: actual type is 'kotlin.text.MatchGroup?', but 'java.io.File?' was expected.
e: file:///Users/HONGBGU/Documents/seadroid/app/src/main/java/com/seafile/seadroid2/framework/datastore/StorageManager.kt:247:34 Assignment type mismatch: actual type is 'kotlin.text.MatchGroup?', but 'java.io.File?' was expected.
e: file:///Users/HONGBGU/Documents/seadroid/app/src/main/java/com/seafile/seadroid2/framework/datastore/StorageManager.kt:253:67 Overload resolution ambiguity between candidates:
@IntrinsicConstEvaluation() fun compareTo(other: Byte): Int
@IntrinsicConstEvaluation() fun compareTo(other: Double): Int
@IntrinsicConstEvaluation() fun compareTo(other: Float): Int
@IntrinsicConstEvaluation() fun compareTo(other: Int): Int
@IntrinsicConstEvaluation() fun compareTo(other: Long): Int
@IntrinsicConstEvaluation() fun compareTo(other: Short): Int
e: file:///Users/HONGBGU/Documents/seadroid/app/src/main/java/com/seafile/seadroid2/framework/datastore/StorageManager.kt:253:80 Unresolved reference 'size'.
e: file:///Users/HONGBGU/Documents/seadroid/app/src/main/java/com/seafile/seadroid2/framework/datastore/StorageManager.kt:312:21 Initializer type mismatch: expected 'kotlin.collections.MutableList<com.seafile.seadroid2.account.Account?>', actual 'kotlin.collections.MutableList<android.accounts.Account>'.
e: file:///Users/HONGBGU/Documents/seadroid/app/src/main/java/com/seafile/seadroid2/framework/datastore/StorageManager.kt:312:66 Only safe (?.) or non-null asserted (!!.) calls are allowed on a nullable receiver of type 'com.seafile.seadroid2.account.SupportAccountManager?'.
e: file:///Users/HONGBGU/Documents/seadroid/app/src/main/java/com/seafile/seadroid2/framework/datastore/StorageManagerLollipop.kt:9:1 Class 'StorageManagerLollipop' is not abstract and does not implement abstract base class member 'getStorageSize'.
e: file:///Users/HONGBGU/Documents/seadroid/app/src/main/java/com/seafile/seadroid2/framework/datastore/StorageManagerLollipop.kt:10:46 Return type of 'getDefaultMediaCacheDirs' is not a subtype of the return type of the overridden member 'fun getDefaultMediaCacheDirs(): <ERROR TYPE REF: Wrong number of type arguments>'.
e: file:///Users/HONGBGU/Documents/seadroid/app/src/main/java/com/seafile/seadroid2/framework/datastore/StorageManagerLollipop.kt:18:43 Return type of 'getDefaultAppCacheDir' is not a subtype of the return type of the overridden member 'fun getDefaultAppCacheDir(): <ERROR TYPE REF: Wrong number of type arguments>'.
e: file:///Users/HONGBGU/Documents/seadroid/app/src/main/java/com/seafile/seadroid2/framework/datastore/StorageManagerLollipop.kt:22:5 'getStorageSize' overrides nothing.
e: file:///Users/HONGBGU/Documents/seadroid/app/src/main/java/com/seafile/seadroid2/framework/datastore/StorageManagerLollipop.kt:27:5 'getStorageFreeSpace' overrides nothing.
e: file:///Users/HONGBGU/Documents/seadroid/app/src/main/java/com/seafile/seadroid2/framework/datastore/sp/AlbumBackupManager.kt:41:62 Only safe (?.) or non-null asserted (!!.) calls are allowed on a nullable receiver of type 'com.seafile.seadroid2.account.SupportAccountManager?'.
e: file:///Users/HONGBGU/Documents/seadroid/app/src/main/java/com/seafile/seadroid2/framework/datastore/sp/AlbumBackupManager.kt:55:54 Argument type mismatch: actual type is 'kotlin.String?', but 'kotlin.String' was expected.
e: file:///Users/HONGBGU/Documents/seadroid/app/src/main/java/com/seafile/seadroid2/framework/datastore/sp/AlbumBackupManager.kt:56:13 Only safe (?.) or non-null asserted (!!.) calls are allowed on a nullable receiver of type 'com.seafile.seadroid2.framework.datastore.DataStoreManager?'.
e: file:///Users/HONGBGU/Documents/seadroid/app/src/main/java/com/seafile/seadroid2/framework/datastore/sp/AlbumBackupManager.kt:60:61 Argument type mismatch: actual type is 'kotlin.String?', but 'kotlin.String' was expected.
e: file:///Users/HONGBGU/Documents/seadroid/app/src/main/java/com/seafile/seadroid2/framework/datastore/sp/AlbumBackupManager.kt:61:13 Only safe (?.) or non-null asserted (!!.) calls are allowed on a nullable receiver of type 'com.seafile.seadroid2.framework.datastore.DataStoreManager?'.
e: file:///Users/HONGBGU/Documents/seadroid/app/src/main/java/com/seafile/seadroid2/framework/datastore/sp/AlbumBackupManager.kt:65:61 Argument type mismatch: actual type is 'kotlin.String?', but 'kotlin.String' was expected.
e: file:///Users/HONGBGU/Documents/seadroid/app/src/main/java/com/seafile/seadroid2/framework/datastore/sp/AlbumBackupManager.kt:66:13 Only safe (?.) or non-null asserted (!!.) calls are allowed on a nullable receiver of type 'com.seafile.seadroid2.framework.datastore.DataStoreManager?'.
e: file:///Users/HONGBGU/Documents/seadroid/app/src/main/java/com/seafile/seadroid2/framework/datastore/sp/AlbumBackupManager.kt:70:54 Argument type mismatch: actual type is 'kotlin.String?', but 'kotlin.String' was expected.
e: file:///Users/HONGBGU/Documents/seadroid/app/src/main/java/com/seafile/seadroid2/framework/datastore/sp/AlbumBackupManager.kt:71:13 Only safe (?.) or non-null asserted (!!.) calls are allowed on a nullable receiver of type 'com.seafile.seadroid2.framework.datastore.DataStoreManager?'.
e: file:///Users/HONGBGU/Documents/seadroid/app/src/main/java/com/seafile/seadroid2/framework/datastore/sp/AlbumBackupManager.kt:77:54 Argument type mismatch: actual type is 'kotlin.String?', but 'kotlin.String' was expected.
e: file:///Users/HONGBGU/Documents/seadroid/app/src/main/java/com/seafile/seadroid2/framework/datastore/sp/AlbumBackupManager.kt:78:13 Only safe (?.) or non-null asserted (!!.) calls are allowed on a nullable receiver of type 'com.seafile.seadroid2.framework.datastore.DataStoreManager?'.
e: file:///Users/HONGBGU/Documents/seadroid/app/src/main/java/com/seafile/seadroid2/framework/datastore/sp/AlbumBackupManager.kt:82:54 Argument type mismatch: actual type is 'kotlin.String?', but 'kotlin.String' was expected.
e: file:///Users/HONGBGU/Documents/seadroid/app/src/main/java/com/seafile/seadroid2/framework/datastore/sp/AlbumBackupManager.kt:83:13 Only safe (?.) or non-null asserted (!!.) calls are allowed on a nullable receiver of type 'com.seafile.seadroid2.framework.datastore.DataStoreManager?'.
e: file:///Users/HONGBGU/Documents/seadroid/app/src/main/java/com/seafile/seadroid2/framework/datastore/sp/AlbumBackupManager.kt:87:77 Argument type mismatch: actual type is 'kotlin.String?', but 'kotlin.String' was expected.
e: file:///Users/HONGBGU/Documents/seadroid/app/src/main/java/com/seafile/seadroid2/framework/datastore/sp/AlbumBackupManager.kt:88:13 Only safe (?.) or non-null asserted (!!.) calls are allowed on a nullable receiver of type 'com.seafile.seadroid2.framework.datastore.DataStoreManager?'.
e: file:///Users/HONGBGU/Documents/seadroid/app/src/main/java/com/seafile/seadroid2/framework/datastore/sp/AlbumBackupManager.kt:98:54 Argument type mismatch: actual type is 'kotlin.String?', but 'kotlin.String' was expected.
e: file:///Users/HONGBGU/Documents/seadroid/app/src/main/java/com/seafile/seadroid2/framework/datastore/sp/AlbumBackupManager.kt:99:13 Only safe (?.) or non-null asserted (!!.) calls are allowed on a nullable receiver of type 'com.seafile.seadroid2.framework.datastore.DataStoreManager?'.
e: file:///Users/HONGBGU/Documents/seadroid/app/src/main/java/com/seafile/seadroid2/framework/datastore/sp/AlbumBackupManager.kt:103:61 Argument type mismatch: actual type is 'kotlin.String?', but 'kotlin.String' was expected.
e: file:///Users/HONGBGU/Documents/seadroid/app/src/main/java/com/seafile/seadroid2/framework/datastore/sp/AlbumBackupManager.kt:104:13 Only safe (?.) or non-null asserted (!!.) calls are allowed on a nullable receiver of type 'com.seafile.seadroid2.framework.datastore.DataStoreManager?'.
e: file:///Users/HONGBGU/Documents/seadroid/app/src/main/java/com/seafile/seadroid2/framework/datastore/sp/AlbumBackupManager.kt:110:54 Argument type mismatch: actual type is 'kotlin.String?', but 'kotlin.String' was expected.
e: file:///Users/HONGBGU/Documents/seadroid/app/src/main/java/com/seafile/seadroid2/framework/datastore/sp/AlbumBackupManager.kt:111:13 Only safe (?.) or non-null asserted (!!.) calls are allowed on a nullable receiver of type 'com.seafile.seadroid2.framework.datastore.DataStoreManager?'.
e: file:///Users/HONGBGU/Documents/seadroid/app/src/main/java/com/seafile/seadroid2/framework/datastore/sp/AlbumBackupManager.kt:115:61 Argument type mismatch: actual type is 'kotlin.String?', but 'kotlin.String' was expected.
e: file:///Users/HONGBGU/Documents/seadroid/app/src/main/java/com/seafile/seadroid2/framework/datastore/sp/AlbumBackupManager.kt:116:13 Only safe (?.) or non-null asserted (!!.) calls are allowed on a nullable receiver of type 'com.seafile.seadroid2.framework.datastore.DataStoreManager?'.
e: file:///Users/HONGBGU/Documents/seadroid/app/src/main/java/com/seafile/seadroid2/framework/datastore/sp/AlbumBackupManager.kt:121:54 Argument type mismatch: actual type is 'kotlin.String?', but 'kotlin.String' was expected.
e: file:///Users/HONGBGU/Documents/seadroid/app/src/main/java/com/seafile/seadroid2/framework/datastore/sp/AlbumBackupManager.kt:122:13 Only safe (?.) or non-null asserted (!!.) calls are allowed on a nullable receiver of type 'com.seafile.seadroid2.framework.datastore.DataStoreManager?'.
e: file:///Users/HONGBGU/Documents/seadroid/app/src/main/java/com/seafile/seadroid2/framework/datastore/sp/AlbumBackupManager.kt:126:61 Argument type mismatch: actual type is 'kotlin.String?', but 'kotlin.String' was expected.
e: file:///Users/HONGBGU/Documents/seadroid/app/src/main/java/com/seafile/seadroid2/framework/datastore/sp/AlbumBackupManager.kt:127:13 Only safe (?.) or non-null asserted (!!.) calls are allowed on a nullable receiver of type 'com.seafile.seadroid2.framework.datastore.DataStoreManager?'.
e: file:///Users/HONGBGU/Documents/seadroid/app/src/main/java/com/seafile/seadroid2/framework/datastore/sp/AlbumBackupManager.kt:139:54 Argument type mismatch: actual type is 'kotlin.String?', but 'kotlin.String' was expected.
e: file:///Users/HONGBGU/Documents/seadroid/app/src/main/java/com/seafile/seadroid2/framework/datastore/sp/AlbumBackupManager.kt:140:13 Only safe (?.) or non-null asserted (!!.) calls are allowed on a nullable receiver of type 'com.seafile.seadroid2.framework.datastore.DataStoreManager?'.
e: file:///Users/HONGBGU/Documents/seadroid/app/src/main/java/com/seafile/seadroid2/framework/datastore/sp/AlbumBackupManager.kt:147:77 Argument type mismatch: actual type is 'kotlin.String?', but 'kotlin.String' was expected.
e: file:///Users/HONGBGU/Documents/seadroid/app/src/main/java/com/seafile/seadroid2/framework/datastore/sp/AlbumBackupManager.kt:148:13 Only safe (?.) or non-null asserted (!!.) calls are allowed on a nullable receiver of type 'com.seafile.seadroid2.framework.datastore.DataStoreManager?'.
e: file:///Users/HONGBGU/Documents/seadroid/app/src/main/java/com/seafile/seadroid2/framework/datastore/sp/AppDataManager.kt:13:13 Only safe (?.) or non-null asserted (!!.) calls are allowed on a nullable receiver of type 'com.seafile.seadroid2.framework.datastore.DataStoreManager?'.
e: file:///Users/HONGBGU/Documents/seadroid/app/src/main/java/com/seafile/seadroid2/framework/datastore/sp/AppDataManager.kt:23:13 Only safe (?.) or non-null asserted (!!.) calls are allowed on a nullable receiver of type 'com.seafile.seadroid2.framework.datastore.DataStoreManager?'.
e: file:///Users/HONGBGU/Documents/seadroid/app/src/main/java/com/seafile/seadroid2/framework/datastore/sp/AppDataManager.kt:29:13 Only safe (?.) or non-null asserted (!!.) calls are allowed on a nullable receiver of type 'com.seafile.seadroid2.framework.datastore.DataStoreManager?'.
e: file:///Users/HONGBGU/Documents/seadroid/app/src/main/java/com/seafile/seadroid2/framework/datastore/sp/AppDataManager.kt:34:13 Only safe (?.) or non-null asserted (!!.) calls are allowed on a nullable receiver of type 'com.seafile.seadroid2.framework.datastore.DataStoreManager?'.
e: file:///Users/HONGBGU/Documents/seadroid/app/src/main/java/com/seafile/seadroid2/framework/datastore/sp/AppDataManager.kt:39:13 Only safe (?.) or non-null asserted (!!.) calls are allowed on a nullable receiver of type 'com.seafile.seadroid2.framework.datastore.DataStoreManager?'.
e: file:///Users/HONGBGU/Documents/seadroid/app/src/main/java/com/seafile/seadroid2/framework/datastore/sp/AppDataManager.kt:44:13 Only safe (?.) or non-null asserted (!!.) calls are allowed on a nullable receiver of type 'com.seafile.seadroid2.framework.datastore.DataStoreManager?'.
e: file:///Users/HONGBGU/Documents/seadroid/app/src/main/java/com/seafile/seadroid2/framework/datastore/sp/AppDataManager.kt:54:13 Only safe (?.) or non-null asserted (!!.) calls are allowed on a nullable receiver of type 'com.seafile.seadroid2.framework.datastore.DataStoreManager?'.
e: file:///Users/HONGBGU/Documents/seadroid/app/src/main/java/com/seafile/seadroid2/framework/datastore/sp/AppDataManager.kt:60:13 Only safe (?.) or non-null asserted (!!.) calls are allowed on a nullable receiver of type 'com.seafile.seadroid2.framework.datastore.DataStoreManager?'.
e: file:///Users/HONGBGU/Documents/seadroid/app/src/main/java/com/seafile/seadroid2/framework/datastore/sp/AppDataManager.kt:65:13 Only safe (?.) or non-null asserted (!!.) calls are allowed on a nullable receiver of type 'com.seafile.seadroid2.framework.datastore.DataStoreManager?'.
e: file:///Users/HONGBGU/Documents/seadroid/app/src/main/java/com/seafile/seadroid2/framework/datastore/sp/AppDataManager.kt:70:13 Only safe (?.) or non-null asserted (!!.) calls are allowed on a nullable receiver of type 'com.seafile.seadroid2.framework.datastore.DataStoreManager?'.
e: file:///Users/HONGBGU/Documents/seadroid/app/src/main/java/com/seafile/seadroid2/framework/datastore/sp/AppDataManager.kt:75:13 Only safe (?.) or non-null asserted (!!.) calls are allowed on a nullable receiver of type 'com.seafile.seadroid2.framework.datastore.DataStoreManager?'.
e: file:///Users/HONGBGU/Documents/seadroid/app/src/main/java/com/seafile/seadroid2/framework/datastore/sp/AppDataManager.kt:80:13 Only safe (?.) or non-null asserted (!!.) calls are allowed on a nullable receiver of type 'com.seafile.seadroid2.framework.datastore.DataStoreManager?'.
e: file:///Users/HONGBGU/Documents/seadroid/app/src/main/java/com/seafile/seadroid2/framework/datastore/sp/FolderBackupManager.kt:38:62 Only safe (?.) or non-null asserted (!!.) calls are allowed on a nullable receiver of type 'com.seafile.seadroid2.account.SupportAccountManager?'.
e: file:///Users/HONGBGU/Documents/seadroid/app/src/main/java/com/seafile/seadroid2/framework/datastore/sp/FolderBackupManager.kt:51:54 Argument type mismatch: actual type is 'kotlin.String?', but 'kotlin.String' was expected.
e: file:///Users/HONGBGU/Documents/seadroid/app/src/main/java/com/seafile/seadroid2/framework/datastore/sp/FolderBackupManager.kt:52:13 Only safe (?.) or non-null asserted (!!.) calls are allowed on a nullable receiver of type 'com.seafile.seadroid2.framework.datastore.DataStoreManager?'.
e: file:///Users/HONGBGU/Documents/seadroid/app/src/main/java/com/seafile/seadroid2/framework/datastore/sp/FolderBackupManager.kt:56:61 Argument type mismatch: actual type is 'kotlin.String?', but 'kotlin.String' was expected.
e: file:///Users/HONGBGU/Documents/seadroid/app/src/main/java/com/seafile/seadroid2/framework/datastore/sp/FolderBackupManager.kt:57:13 Only safe (?.) or non-null asserted (!!.) calls are allowed on a nullable receiver of type 'com.seafile.seadroid2.framework.datastore.DataStoreManager?'.
e: file:///Users/HONGBGU/Documents/seadroid/app/src/main/java/com/seafile/seadroid2/framework/datastore/sp/FolderBackupManager.kt:61:61 Argument type mismatch: actual type is 'kotlin.String?', but 'kotlin.String' was expected.
e: file:///Users/HONGBGU/Documents/seadroid/app/src/main/java/com/seafile/seadroid2/framework/datastore/sp/FolderBackupManager.kt:62:13 Only safe (?.) or non-null asserted (!!.) calls are allowed on a nullable receiver of type 'com.seafile.seadroid2.framework.datastore.DataStoreManager?'.
e: file:///Users/HONGBGU/Documents/seadroid/app/src/main/java/com/seafile/seadroid2/framework/datastore/sp/FolderBackupManager.kt:66:54 Argument type mismatch: actual type is 'kotlin.String?', but 'kotlin.String' was expected.
e: file:///Users/HONGBGU/Documents/seadroid/app/src/main/java/com/seafile/seadroid2/framework/datastore/sp/FolderBackupManager.kt:67:13 Only safe (?.) or non-null asserted (!!.) calls are allowed on a nullable receiver of type 'com.seafile.seadroid2.framework.datastore.DataStoreManager?'.
e: file:///Users/HONGBGU/Documents/seadroid/app/src/main/java/com/seafile/seadroid2/framework/datastore/sp/FolderBackupManager.kt:72:54 Argument type mismatch: actual type is 'kotlin.String?', but 'kotlin.String' was expected.
e: file:///Users/HONGBGU/Documents/seadroid/app/src/main/java/com/seafile/seadroid2/framework/datastore/sp/FolderBackupManager.kt:73:13 Only safe (?.) or non-null asserted (!!.) calls are allowed on a nullable receiver of type 'com.seafile.seadroid2.framework.datastore.DataStoreManager?'.
e: file:///Users/HONGBGU/Documents/seadroid/app/src/main/java/com/seafile/seadroid2/framework/datastore/sp/FolderBackupManager.kt:77:61 Argument type mismatch: actual type is 'kotlin.String?', but 'kotlin.String' was expected.
e: file:///Users/HONGBGU/Documents/seadroid/app/src/main/java/com/seafile/seadroid2/framework/datastore/sp/FolderBackupManager.kt:78:13 Only safe (?.) or non-null asserted (!!.) calls are allowed on a nullable receiver of type 'com.seafile.seadroid2.framework.datastore.DataStoreManager?'.
e: file:///Users/HONGBGU/Documents/seadroid/app/src/main/java/com/seafile/seadroid2/framework/datastore/sp/FolderBackupManager.kt:89:54 Argument type mismatch: actual type is 'kotlin.String?', but 'kotlin.String' was expected.
e: file:///Users/HONGBGU/Documents/seadroid/app/src/main/java/com/seafile/seadroid2/framework/datastore/sp/FolderBackupManager.kt:90:13 Only safe (?.) or non-null asserted (!!.) calls are allowed on a nullable receiver of type 'com.seafile.seadroid2.framework.datastore.DataStoreManager?'.
e: file:///Users/HONGBGU/Documents/seadroid/app/src/main/java/com/seafile/seadroid2/framework/datastore/sp/FolderBackupManager.kt:95:77 Argument type mismatch: actual type is 'kotlin.String?', but 'kotlin.String' was expected.
e: file:///Users/HONGBGU/Documents/seadroid/app/src/main/java/com/seafile/seadroid2/framework/datastore/sp/FolderBackupManager.kt:96:13 Only safe (?.) or non-null asserted (!!.) calls are allowed on a nullable receiver of type 'com.seafile.seadroid2.framework.datastore.DataStoreManager?'.
e: file:///Users/HONGBGU/Documents/seadroid/app/src/main/java/com/seafile/seadroid2/framework/datastore/sp/FolderBackupManager.kt:112:54 Argument type mismatch: actual type is 'kotlin.String?', but 'kotlin.String' was expected.
e: file:///Users/HONGBGU/Documents/seadroid/app/src/main/java/com/seafile/seadroid2/framework/datastore/sp/FolderBackupManager.kt:113:13 Only safe (?.) or non-null asserted (!!.) calls are allowed on a nullable receiver of type 'com.seafile.seadroid2.framework.datastore.DataStoreManager?'.
e: file:///Users/HONGBGU/Documents/seadroid/app/src/main/java/com/seafile/seadroid2/framework/datastore/sp/FolderBackupManager.kt:117:61 Argument type mismatch: actual type is 'kotlin.String?', but 'kotlin.String' was expected.
e: file:///Users/HONGBGU/Documents/seadroid/app/src/main/java/com/seafile/seadroid2/framework/datastore/sp/FolderBackupManager.kt:118:13 Only safe (?.) or non-null asserted (!!.) calls are allowed on a nullable receiver of type 'com.seafile.seadroid2.framework.datastore.DataStoreManager?'.
e: file:///Users/HONGBGU/Documents/seadroid/app/src/main/java/com/seafile/seadroid2/framework/datastore/sp/FolderBackupManager.kt:122:77 Argument type mismatch: actual type is 'kotlin.String?', but 'kotlin.String' was expected.
e: file:///Users/HONGBGU/Documents/seadroid/app/src/main/java/com/seafile/seadroid2/framework/datastore/sp/FolderBackupManager.kt:123:13 Only safe (?.) or non-null asserted (!!.) calls are allowed on a nullable receiver of type 'com.seafile.seadroid2.framework.datastore.DataStoreManager?'.
e: file:///Users/HONGBGU/Documents/seadroid/app/src/main/java/com/seafile/seadroid2/framework/datastore/sp/FolderBackupManager.kt:138:61 Argument type mismatch: actual type is 'kotlin.String?', but 'kotlin.String' was expected.
e: file:///Users/HONGBGU/Documents/seadroid/app/src/main/java/com/seafile/seadroid2/framework/datastore/sp/FolderBackupManager.kt:139:13 Only safe (?.) or non-null asserted (!!.) calls are allowed on a nullable receiver of type 'com.seafile.seadroid2.framework.datastore.DataStoreManager?'.
e: file:///Users/HONGBGU/Documents/seadroid/app/src/main/java/com/seafile/seadroid2/framework/datastore/sp/FolderBackupManager.kt:146:54 Argument type mismatch: actual type is 'kotlin.String?', but 'kotlin.String' was expected.
e: file:///Users/HONGBGU/Documents/seadroid/app/src/main/java/com/seafile/seadroid2/framework/datastore/sp/FolderBackupManager.kt:147:13 Only safe (?.) or non-null asserted (!!.) calls are allowed on a nullable receiver of type 'com.seafile.seadroid2.framework.datastore.DataStoreManager?'.
e: file:///Users/HONGBGU/Documents/seadroid/app/src/main/java/com/seafile/seadroid2/framework/datastore/sp/FolderBackupManager.kt:154:54 Argument type mismatch: actual type is 'kotlin.String?', but 'kotlin.String' was expected.
e: file:///Users/HONGBGU/Documents/seadroid/app/src/main/java/com/seafile/seadroid2/framework/datastore/sp/FolderBackupManager.kt:155:13 Only safe (?.) or non-null asserted (!!.) calls are allowed on a nullable receiver of type 'com.seafile.seadroid2.framework.datastore.DataStoreManager?'.
e: file:///Users/HONGBGU/Documents/seadroid/app/src/main/java/com/seafile/seadroid2/framework/datastore/sp/FolderBackupManager.kt:159:54 Argument type mismatch: actual type is 'kotlin.String?', but 'kotlin.String' was expected.
e: file:///Users/HONGBGU/Documents/seadroid/app/src/main/java/com/seafile/seadroid2/framework/datastore/sp/FolderBackupManager.kt:160:13 Only safe (?.) or non-null asserted (!!.) calls are allowed on a nullable receiver of type 'com.seafile.seadroid2.framework.datastore.DataStoreManager?'.
e: file:///Users/HONGBGU/Documents/seadroid/app/src/main/java/com/seafile/seadroid2/framework/datastore/sp/FolderBackupManager.kt:167:61 Argument type mismatch: actual type is 'kotlin.String?', but 'kotlin.String' was expected.
e: file:///Users/HONGBGU/Documents/seadroid/app/src/main/java/com/seafile/seadroid2/framework/datastore/sp/FolderBackupManager.kt:168:13 Only safe (?.) or non-null asserted (!!.) calls are allowed on a nullable receiver of type 'com.seafile.seadroid2.framework.datastore.DataStoreManager?'.
e: file:///Users/HONGBGU/Documents/seadroid/app/src/main/java/com/seafile/seadroid2/framework/datastore/sp_livedata/AlbumBackupSharePreferenceHelper.kt:8:61 Cannot import 'equals'. Functions and properties can only be imported from packages or objects.
e: file:///Users/HONGBGU/Documents/seadroid/app/src/main/java/com/seafile/seadroid2/framework/datastore/sp_livedata/AlbumBackupSharePreferenceHelper.kt:9:65 Cannot import 'equals'. Functions and properties can only be imported from packages or objects.
e: file:///Users/HONGBGU/Documents/seadroid/app/src/main/java/com/seafile/seadroid2/framework/datastore/sp_livedata/AlbumBackupSharePreferenceHelper.kt:26:9 Smart cast to 'com.seafile.seadroid2.preferences.SettingsLiveData<kotlin.Boolean?>' is impossible, because 'ALBUM_BACKUP_SWITCH' is a mutable property that could be mutated concurrently.
e: file:///Users/HONGBGU/Documents/seadroid/app/src/main/java/com/seafile/seadroid2/framework/datastore/sp_livedata/AlbumBackupSharePreferenceHelper.kt:35:16 Smart cast to 'com.seafile.seadroid2.preferences.SettingsLiveData<kotlin.Boolean?>' is impossible, because 'ALBUM_BACKUP_SWITCH' is a mutable property that could be mutated concurrently.
e: file:///Users/HONGBGU/Documents/seadroid/app/src/main/java/com/seafile/seadroid2/framework/datastore/sp_livedata/AlbumBackupSharePreferenceHelper.kt:35:16 Return type mismatch: expected 'kotlin.Boolean', actual 'kotlin.Boolean?'.
e: file:///Users/HONGBGU/Documents/seadroid/app/src/main/java/com/seafile/seadroid2/framework/datastore/sp_livedata/AlbumBackupSharePreferenceHelper.kt:84:13 Smart cast to 'com.seafile.seadroid2.preferences.SettingsLiveData<kotlin.String?>' is impossible, because 'ALBUM_BACKUP_SELECTED_REPO' is a mutable property that could be mutated concurrently.
e: file:///Users/HONGBGU/Documents/seadroid/app/src/main/java/com/seafile/seadroid2/framework/datastore/sp_livedata/AlbumBackupSharePreferenceHelper.kt:87:13 Smart cast to 'com.seafile.seadroid2.preferences.SettingsLiveData<kotlin.String?>' is impossible, because 'ALBUM_BACKUP_SELECTED_REPO' is a mutable property that could be mutated concurrently.
e: file:///Users/HONGBGU/Documents/seadroid/app/src/main/java/com/seafile/seadroid2/framework/datastore/sp_livedata/AlbumBackupSharePreferenceHelper.kt:96:32 Smart cast to 'com.seafile.seadroid2.preferences.SettingsLiveData<kotlin.String?>' is impossible, because 'ALBUM_BACKUP_SELECTED_REPO' is a mutable property that could be mutated concurrently.
e: file:///Users/HONGBGU/Documents/seadroid/app/src/main/java/com/seafile/seadroid2/framework/datastore/sp_livedata/AlbumBackupSharePreferenceHelper.kt:111:9 Smart cast to 'com.seafile.seadroid2.preferences.SettingsLiveData<kotlin.Boolean?>' is impossible, because 'ALBUM_BACKUP_ADVANCE_DATA_PLAN_SWITCH' is a mutable property that could be mutated concurrently.
e: file:///Users/HONGBGU/Documents/seadroid/app/src/main/java/com/seafile/seadroid2/framework/datastore/sp_livedata/AlbumBackupSharePreferenceHelper.kt:119:16 Smart cast to 'com.seafile.seadroid2.preferences.SettingsLiveData<kotlin.Boolean?>' is impossible, because 'ALBUM_BACKUP_ADVANCE_DATA_PLAN_SWITCH' is a mutable property that could be mutated concurrently.
e: file:///Users/HONGBGU/Documents/seadroid/app/src/main/java/com/seafile/seadroid2/framework/datastore/sp_livedata/AlbumBackupSharePreferenceHelper.kt:119:16 Return type mismatch: expected 'kotlin.Boolean', actual 'kotlin.Boolean?'.
e: file:///Users/HONGBGU/Documents/seadroid/app/src/main/java/com/seafile/seadroid2/framework/datastore/sp_livedata/AlbumBackupSharePreferenceHelper.kt:128:9 Smart cast to 'com.seafile.seadroid2.preferences.SettingsLiveData<kotlin.Boolean?>' is impossible, because 'ALBUM_BACKUP_ADVANCE_ALLOW_VIDEO_SWITCH' is a mutable property that could be mutated concurrently.
e: file:///Users/HONGBGU/Documents/seadroid/app/src/main/java/com/seafile/seadroid2/framework/datastore/sp_livedata/AlbumBackupSharePreferenceHelper.kt:136:16 Smart cast to 'com.seafile.seadroid2.preferences.SettingsLiveData<kotlin.Boolean?>' is impossible, because 'ALBUM_BACKUP_ADVANCE_ALLOW_VIDEO_SWITCH' is a mutable property that could be mutated concurrently.
e: file:///Users/HONGBGU/Documents/seadroid/app/src/main/java/com/seafile/seadroid2/framework/datastore/sp_livedata/AlbumBackupSharePreferenceHelper.kt:136:16 Return type mismatch: expected 'kotlin.Boolean', actual 'kotlin.Boolean?'.
e: file:///Users/HONGBGU/Documents/seadroid/app/src/main/java/com/seafile/seadroid2/framework/datastore/sp_livedata/AlbumBackupSharePreferenceHelper.kt:145:9 Smart cast to 'com.seafile.seadroid2.preferences.SettingsLiveData<kotlin.Boolean?>' is impossible, because 'ALBUM_BACKUP_ADVANCE_BUCKETS_SWITCH' is a mutable property that could be mutated concurrently.
e: file:///Users/HONGBGU/Documents/seadroid/app/src/main/java/com/seafile/seadroid2/framework/datastore/sp_livedata/AlbumBackupSharePreferenceHelper.kt:153:16 Smart cast to 'com.seafile.seadroid2.preferences.SettingsLiveData<kotlin.Boolean?>' is impossible, because 'ALBUM_BACKUP_ADVANCE_BUCKETS_SWITCH' is a mutable property that could be mutated concurrently.
e: file:///Users/HONGBGU/Documents/seadroid/app/src/main/java/com/seafile/seadroid2/framework/datastore/sp_livedata/AlbumBackupSharePreferenceHelper.kt:153:16 Return type mismatch: expected 'kotlin.Boolean', actual 'kotlin.Boolean?'.
e: file:///Users/HONGBGU/Documents/seadroid/app/src/main/java/com/seafile/seadroid2/framework/datastore/sp_livedata/AlbumBackupSharePreferenceHelper.kt:162:13 Smart cast to 'com.seafile.seadroid2.preferences.SettingsLiveData<kotlin.String?>' is impossible, because 'ALBUM_BACKUP_ADVANCE_SELECTED_BUCKETS_STRING' is a mutable property that could be mutated concurrently.
e: file:///Users/HONGBGU/Documents/seadroid/app/src/main/java/com/seafile/seadroid2/framework/datastore/sp_livedata/AlbumBackupSharePreferenceHelper.kt:165:13 Smart cast to 'com.seafile.seadroid2.preferences.SettingsLiveData<kotlin.String?>' is impossible, because 'ALBUM_BACKUP_ADVANCE_SELECTED_BUCKETS_STRING' is a mutable property that could be mutated concurrently.
e: file:///Users/HONGBGU/Documents/seadroid/app/src/main/java/com/seafile/seadroid2/framework/datastore/sp_livedata/AlbumBackupSharePreferenceHelper.kt:178:13 Smart cast to 'com.seafile.seadroid2.preferences.SettingsLiveData<kotlin.String?>' is impossible, because 'ALBUM_BACKUP_ADVANCE_SELECTED_BUCKETS_STRING' is a mutable property that could be mutated concurrently.
e: file:///Users/HONGBGU/Documents/seadroid/app/src/main/java/com/seafile/seadroid2/framework/datastore/sp_livedata/ClientEncryptSharePreferenceHelper.kt:3:61 Cannot import 'equals'. Functions and properties can only be imported from packages or objects.
e: file:///Users/HONGBGU/Documents/seadroid/app/src/main/java/com/seafile/seadroid2/framework/datastore/sp_livedata/ClientEncryptSharePreferenceHelper.kt:4:65 Cannot import 'equals'. Functions and properties can only be imported from packages or objects.
e: file:///Users/HONGBGU/Documents/seadroid/app/src/main/java/com/seafile/seadroid2/framework/datastore/sp_livedata/ClientEncryptSharePreferenceHelper.kt:14:9 Smart cast to 'com.seafile.seadroid2.preferences.SettingsLiveData<kotlin.Boolean?>' is impossible, because 'CLIENT_ENCRYPT_SWITCH' is a mutable property that could be mutated concurrently.
e: file:///Users/HONGBGU/Documents/seadroid/app/src/main/java/com/seafile/seadroid2/framework/datastore/sp_livedata/FolderBackupSharePreferenceHelper.kt:11:61 Cannot import 'equals'. Functions and properties can only be imported from packages or objects.
e: file:///Users/HONGBGU/Documents/seadroid/app/src/main/java/com/seafile/seadroid2/framework/datastore/sp_livedata/FolderBackupSharePreferenceHelper.kt:12:65 Cannot import 'equals'. Functions and properties can only be imported from packages or objects.
e: file:///Users/HONGBGU/Documents/seadroid/app/src/main/java/com/seafile/seadroid2/framework/datastore/sp_livedata/FolderBackupSharePreferenceHelper.kt:30:9 Smart cast to 'com.seafile.seadroid2.preferences.SettingsLiveData<kotlin.Boolean?>' is impossible, because 'FOLDER_BACKUP_SWITCH' is a mutable property that could be mutated concurrently.
e: file:///Users/HONGBGU/Documents/seadroid/app/src/main/java/com/seafile/seadroid2/framework/datastore/sp_livedata/FolderBackupSharePreferenceHelper.kt:37:16 Smart cast to 'com.seafile.seadroid2.preferences.SettingsLiveData<kotlin.Boolean?>' is impossible, because 'FOLDER_BACKUP_SWITCH' is a mutable property that could be mutated concurrently.
e: file:///Users/HONGBGU/Documents/seadroid/app/src/main/java/com/seafile/seadroid2/framework/datastore/sp_livedata/FolderBackupSharePreferenceHelper.kt:37:16 Return type mismatch: expected 'kotlin.Boolean', actual 'kotlin.Boolean?'.
e: file:///Users/HONGBGU/Documents/seadroid/app/src/main/java/com/seafile/seadroid2/framework/datastore/sp_livedata/FolderBackupSharePreferenceHelper.kt:64:9 Smart cast to 'com.seafile.seadroid2.preferences.SettingsLiveData<com.seafile.seadroid2.enums.NetworkMode?>' is impossible, because 'FOLDER_BACKUP_NETWORK_MODE' is a mutable property that could be mutated concurrently.
e: file:///Users/HONGBGU/Documents/seadroid/app/src/main/java/com/seafile/seadroid2/framework/datastore/sp_livedata/FolderBackupSharePreferenceHelper.kt:72:31 Smart cast to 'com.seafile.seadroid2.preferences.SettingsLiveData<com.seafile.seadroid2.enums.NetworkMode?>' is impossible, because 'FOLDER_BACKUP_NETWORK_MODE' is a mutable property that could be mutated concurrently.
e: file:///Users/HONGBGU/Documents/seadroid/app/src/main/java/com/seafile/seadroid2/framework/datastore/sp_livedata/FolderBackupSharePreferenceHelper.kt:82:13 Smart cast to 'com.seafile.seadroid2.preferences.SettingsLiveData<kotlin.String?>' is impossible, because 'FOLDER_BACKUP_SELECTED_REPO' is a mutable property that could be mutated concurrently.
e: file:///Users/HONGBGU/Documents/seadroid/app/src/main/java/com/seafile/seadroid2/framework/datastore/sp_livedata/FolderBackupSharePreferenceHelper.kt:85:13 Smart cast to 'com.seafile.seadroid2.preferences.SettingsLiveData<kotlin.String?>' is impossible, because 'FOLDER_BACKUP_SELECTED_REPO' is a mutable property that could be mutated concurrently.
e: file:///Users/HONGBGU/Documents/seadroid/app/src/main/java/com/seafile/seadroid2/framework/datastore/sp_livedata/FolderBackupSharePreferenceHelper.kt:94:32 Smart cast to 'com.seafile.seadroid2.preferences.SettingsLiveData<kotlin.String?>' is impossible, because 'FOLDER_BACKUP_SELECTED_REPO' is a mutable property that could be mutated concurrently.
e: file:///Users/HONGBGU/Documents/seadroid/app/src/main/java/com/seafile/seadroid2/framework/datastore/sp_livedata/FolderBackupSharePreferenceHelper.kt:108:13 Smart cast to 'com.seafile.seadroid2.preferences.SettingsLiveData<kotlin.String?>' is impossible, because 'FOLDER_BACKUP_SELECTED_FOLDERS' is a mutable property that could be mutated concurrently.
e: file:///Users/HONGBGU/Documents/seadroid/app/src/main/java/com/seafile/seadroid2/framework/datastore/sp_livedata/FolderBackupSharePreferenceHelper.kt:111:13 Smart cast to 'com.seafile.seadroid2.preferences.SettingsLiveData<kotlin.String?>' is impossible, because 'FOLDER_BACKUP_SELECTED_FOLDERS' is a mutable property that could be mutated concurrently.
e: file:///Users/HONGBGU/Documents/seadroid/app/src/main/java/com/seafile/seadroid2/framework/datastore/sp_livedata/FolderBackupSharePreferenceHelper.kt:120:16 Smart cast to 'com.seafile.seadroid2.preferences.SettingsLiveData<kotlin.String?>' is impossible, because 'FOLDER_BACKUP_SELECTED_FOLDERS' is a mutable property that could be mutated concurrently.
e: file:///Users/HONGBGU/Documents/seadroid/app/src/main/java/com/seafile/seadroid2/framework/datastore/sp_livedata/FolderBackupSharePreferenceHelper.kt:128:32 Smart cast to 'com.seafile.seadroid2.preferences.SettingsLiveData<kotlin.String?>' is impossible, because 'FOLDER_BACKUP_SELECTED_FOLDERS' is a mutable property that could be mutated concurrently.
e: file:///Users/HONGBGU/Documents/seadroid/app/src/main/java/com/seafile/seadroid2/framework/datastore/sp_livedata/FolderBackupSharePreferenceHelper.kt:169:19 Class '<anonymous>' is not abstract and does not implement abstract member 'accept'.
e: file:///Users/HONGBGU/Documents/seadroid/app/src/main/java/com/seafile/seadroid2/framework/datastore/sp_livedata/FolderBackupSharePreferenceHelper.kt:170:13 'accept' overrides nothing.
e: file:///Users/HONGBGU/Documents/seadroid/app/src/main/java/com/seafile/seadroid2/framework/db/AppDatabase.kt:63:53 Type argument is not within its bounds: should be subtype of 'androidx.room.RoomDatabase'.
e: file:///Users/HONGBGU/Documents/seadroid/app/src/main/java/com/seafile/seadroid2/framework/db/AppDatabase.kt:64:29 Argument type mismatch: actual type is 'android.content.Context', but 'android.content.Context' was expected.
e: file:///Users/HONGBGU/Documents/seadroid/app/src/main/java/com/seafile/seadroid2/framework/db/AppDatabase.kt:65:29 Argument type mismatch: actual type is 'java.lang.Class<com.seafile.seadroid2.framework.db.AppDatabase>', but 'java.lang.Class<T>' was expected.
e: file:///Users/HONGBGU/Documents/seadroid/app/src/main/java/com/seafile/seadroid2/framework/db/AppDatabase.kt:66:29 Argument type mismatch: actual type is 'kotlin.String', but 'kotlin.String?' was expected.
e: file:///Users/HONGBGU/Documents/seadroid/app/src/main/java/com/seafile/seadroid2/framework/db/entities/DirentModel.kt:461:48 Function invocation 'isDir()' expected.
e: file:///Users/HONGBGU/Documents/seadroid/app/src/main/java/com/seafile/seadroid2/framework/db/entities/FileBackupStatusEntity.kt:219:66 Argument type mismatch: actual type is 'com.seafile.seadroid2.enums.FeatureDataSource?', but 'com.seafile.seadroid2.enums.FeatureDataSource' was expected.
e: file:///Users/HONGBGU/Documents/seadroid/app/src/main/java/com/seafile/seadroid2/framework/executor/TaskExecutor.kt:54:36 Cannot access 'val INSTANCE: TaskExecutor': it is private in 'com/seafile/seadroid2/framework/executor/TaskExecutor.SingletonHolder'.
e: file:///Users/HONGBGU/Documents/seadroid/app/src/main/java/com/seafile/seadroid2/framework/file_monitor/SupportFileAlterationMonitor.kt:48:14 Unresolved reference 'toArray'.
e: file:///Users/HONGBGU/Documents/seadroid/app/src/main/java/com/seafile/seadroid2/framework/helper/NightModeHelper.kt:11:38 Only safe (?.) or non-null asserted (!!.) calls are allowed on a nullable receiver of type 'com.seafile.seadroid2.preferences.SettingsLiveData<com.seafile.seadroid2.enums.NightMode?>?'.
e: file:///Users/HONGBGU/Documents/seadroid/app/src/main/java/com/seafile/seadroid2/framework/http/BaseOkHttpClient.kt:15:38 Unresolved reference 'SeadroidApplication'.
e: file:///Users/HONGBGU/Documents/seadroid/app/src/main/java/com/seafile/seadroid2/framework/http/BaseOkHttpClient.kt:22:32 Unresolved reference 'not' for operator '!'.
e: file:///Users/HONGBGU/Documents/seadroid/app/src/main/java/com/seafile/seadroid2/framework/http/BaseOkHttpClient.kt:22:33 Unresolved reference 'TextUtils'.
e: file:///Users/HONGBGU/Documents/seadroid/app/src/main/java/com/seafile/seadroid2/framework/http/BaseOkHttpClient.kt:23:30 Unresolved reference 'HeaderInterceptor'.
e: file:///Users/HONGBGU/Documents/seadroid/app/src/main/java/com/seafile/seadroid2/framework/http/BaseOkHttpClient.kt:33:33 Unresolved reference 'HttpLoggingInterceptor'.
e: file:///Users/HONGBGU/Documents/seadroid/app/src/main/java/com/seafile/seadroid2/framework/http/BaseOkHttpClient.kt:33:58 Unresolved reference 'HttpLoggingInterceptor'.
e: file:///Users/HONGBGU/Documents/seadroid/app/src/main/java/com/seafile/seadroid2/framework/http/BaseOkHttpClient.kt:34:28 Unresolved reference 'setLevel'.
e: file:///Users/HONGBGU/Documents/seadroid/app/src/main/java/com/seafile/seadroid2/framework/http/BaseOkHttpClient.kt:34:37 Unresolved reference 'HttpLoggingInterceptor'.
e: file:///Users/HONGBGU/Documents/seadroid/app/src/main/java/com/seafile/seadroid2/framework/http/BaseOkHttpClient.kt:45:40 Unresolved reference 'NetworkUtils'.
e: file:///Users/HONGBGU/Documents/seadroid/app/src/main/java/com/seafile/seadroid2/framework/http/BaseOkHttpClient.kt:48:61 Unresolved reference 'CacheControl'.
e: file:///Users/HONGBGU/Documents/seadroid/app/src/main/java/com/seafile/seadroid2/framework/http/BaseOkHttpClient.kt:50:61 Unresolved reference 'CacheControl'.
e: file:///Users/HONGBGU/Documents/seadroid/app/src/main/java/com/seafile/seadroid2/framework/http/HttpIO.kt:89:70 Only safe (?.) or non-null asserted (!!.) calls are allowed on a nullable receiver of type 'com.seafile.seadroid2.account.SupportAccountManager?'.
e: file:///Users/HONGBGU/Documents/seadroid/app/src/main/java/com/seafile/seadroid2/framework/http/SafeOkHttpClient.kt:83:20 Only safe (?.) or non-null asserted (!!.) calls are allowed on a nullable receiver of type 'com.seafile.seadroid2.account.Account?'.
e: file:///Users/HONGBGU/Documents/seadroid/app/src/main/java/com/seafile/seadroid2/framework/http/SafeOkHttpClient.kt:83:32 Only safe (?.) or non-null asserted (!!.) calls are allowed on a nullable receiver of type 'kotlin.String?'.
e: file:///Users/HONGBGU/Documents/seadroid/app/src/main/java/com/seafile/seadroid2/framework/http/SafeOkHttpClient.kt:86:17 Initializer type mismatch: expected 'javax.net.ssl.SSLSocketFactory', actual 'javax.net.ssl.SSLSocketFactory?'.
e: file:///Users/HONGBGU/Documents/seadroid/app/src/main/java/com/seafile/seadroid2/framework/http/SafeOkHttpClient.kt:86:53 Only safe (?.) or non-null asserted (!!.) calls are allowed on a nullable receiver of type 'com.seafile.seadroid2.ssl.SSLTrustManager?'.
e: file:///Users/HONGBGU/Documents/seadroid/app/src/main/java/com/seafile/seadroid2/framework/http/SafeOkHttpClient.kt:86:74 Argument type mismatch: actual type is 'com.seafile.seadroid2.account.Account?', but 'com.seafile.seadroid2.account.Account' was expected.
e: file:///Users/HONGBGU/Documents/seadroid/app/src/main/java/com/seafile/seadroid2/framework/http/SafeOkHttpClient.kt:88:53 Only safe (?.) or non-null asserted (!!.) calls are allowed on a nullable receiver of type 'com.seafile.seadroid2.ssl.SSLTrustManager?'.
e: file:///Users/HONGBGU/Documents/seadroid/app/src/main/java/com/seafile/seadroid2/framework/http/SafeOkHttpClient.kt:88:71 Argument type mismatch: actual type is 'com.seafile.seadroid2.account.Account?', but 'com.seafile.seadroid2.account.Account' was expected.
e: file:///Users/HONGBGU/Documents/seadroid/app/src/main/java/com/seafile/seadroid2/framework/http/UnsafeOkHttpClient.kt:24:9 Initializer type mismatch: expected 'kotlin.Array<javax.net.ssl.TrustManager?>', actual 'kotlin.Array<javax.net.ssl.TrustManager>'.
e: file:///Users/HONGBGU/Documents/seadroid/app/src/main/java/com/seafile/seadroid2/framework/http/UnsafeOkHttpClient.kt:24:9 Type mismatch: inferred type is 'javax.net.ssl.TrustManager?', but 'javax.net.ssl.TrustManager' was expected.
e: file:///Users/HONGBGU/Documents/seadroid/app/src/main/java/com/seafile/seadroid2/framework/http/converter/ConverterFactory.kt:56:53 Argument type mismatch: actual type is 'com.google.gson.TypeAdapter<CapturedType(*)>?', but 'com.google.gson.TypeAdapter<T?>' was expected.
e: file:///Users/HONGBGU/Documents/seadroid/app/src/main/java/com/seafile/seadroid2/framework/http/converter/ConverterFactory.kt:66:16 Return type mismatch: expected 'retrofit2.Converter<okhttp3.ResponseBody?, out com.seafile.seadroid2.framework.model.BaseModel?>', actual 'com.seafile.seadroid2.framework.http.converter.SupportResponseConverter<kotlin.Any?>'.
e: file:///Users/HONGBGU/Documents/seadroid/app/src/main/java/com/seafile/seadroid2/framework/http/converter/ConverterFactory.kt:66:53 Argument type mismatch: actual type is 'com.google.gson.TypeAdapter<CapturedType(*)>?', but 'com.google.gson.TypeAdapter<T?>' was expected.
e: file:///Users/HONGBGU/Documents/seadroid/app/src/main/java/com/seafile/seadroid2/framework/http/converter/SupportResponseConverter.kt:10:1 Class 'SupportResponseConverter' is not abstract and does not implement abstract member 'convert'.
e: file:///Users/HONGBGU/Documents/seadroid/app/src/main/java/com/seafile/seadroid2/framework/http/converter/SupportResponseConverter.kt:13:5 'convert' overrides nothing.
e: file:///Users/HONGBGU/Documents/seadroid/app/src/main/java/com/seafile/seadroid2/framework/model/DatabaseHelper.kt:90:54 Unresolved reference 'jsonCacheDir'.
e: file:///Users/HONGBGU/Documents/seadroid/app/src/main/java/com/seafile/seadroid2/framework/model/DatabaseHelper.kt:127:42 Unresolved reference 'signature'.
e: file:///Users/HONGBGU/Documents/seadroid/app/src/main/java/com/seafile/seadroid2/framework/model/DatabaseHelper.kt:140:34 Cannot infer type for this parameter. Please specify it explicitly.
e: file:///Users/HONGBGU/Documents/seadroid/app/src/main/java/com/seafile/seadroid2/framework/model/DatabaseHelper.kt:140:42 Unresolved reference 'signature'.
e: file:///Users/HONGBGU/Documents/seadroid/app/src/main/java/com/seafile/seadroid2/framework/model/DatabaseHelper.kt:157:42 Unresolved reference 'signature'.
e: file:///Users/HONGBGU/Documents/seadroid/app/src/main/java/com/seafile/seadroid2/framework/model/DatabaseHelper.kt:177:21 Unresolved reference 'serverNoProtocol'.
e: file:///Users/HONGBGU/Documents/seadroid/app/src/main/java/com/seafile/seadroid2/framework/model/DatabaseHelper.kt:184:13 Overload resolution ambiguity between candidates:
fun put(p0: String!, p1: String!): Unit
fun put(p0: String!, p1: Byte!): Unit
fun put(p0: String!, p1: Short!): Unit
fun put(p0: String!, p1: Int!): Unit
fun put(p0: String!, p1: Long!): Unit
fun put(p0: String!, p1: Float!): Unit
fun put(p0: String!, p1: Double!): Unit
fun put(p0: String!, p1: Boolean!): Unit
fun put(p0: String!, p1: ByteArray!): Unit
e: file:///Users/HONGBGU/Documents/seadroid/app/src/main/java/com/seafile/seadroid2/framework/model/DatabaseHelper.kt:184:49 Unresolved reference 'signature'.
e: file:///Users/HONGBGU/Documents/seadroid/app/src/main/java/com/seafile/seadroid2/framework/model/DatabaseHelper.kt:194:13 Overload resolution ambiguity between candidates:
fun put(p0: String!, p1: String!): Unit
fun put(p0: String!, p1: Byte!): Unit
fun put(p0: String!, p1: Short!): Unit
fun put(p0: String!, p1: Int!): Unit
fun put(p0: String!, p1: Long!): Unit
fun put(p0: String!, p1: Float!): Unit
fun put(p0: String!, p1: Double!): Unit
fun put(p0: String!, p1: Boolean!): Unit
fun put(p0: String!, p1: ByteArray!): Unit
e: file:///Users/HONGBGU/Documents/seadroid/app/src/main/java/com/seafile/seadroid2/framework/model/DatabaseHelper.kt:194:59 Unresolved reference 'signature'.
e: file:///Users/HONGBGU/Documents/seadroid/app/src/main/java/com/seafile/seadroid2/framework/model/DatabaseHelper.kt:227:29 Unresolved reference 'signature'.
e: file:///Users/HONGBGU/Documents/seadroid/app/src/main/java/com/seafile/seadroid2/framework/model/repo/RepoInfoModel.kt:171:49 Unresolved reference 'signature'.
e: file:///Users/HONGBGU/Documents/seadroid/app/src/main/java/com/seafile/seadroid2/framework/model/sdoc/FileProfileConfigModel.kt:87:15 Unresolved reference 'd'.
e: file:///Users/HONGBGU/Documents/seadroid/app/src/main/java/com/seafile/seadroid2/framework/monitor/AutoUpdateManager.kt:1:54 Cannot import 'endOfPaginationReached'. Functions and properties can only be imported from packages or objects.
e: file:///Users/HONGBGU/Documents/seadroid/app/src/main/java/com/seafile/seadroid2/framework/monitor/AutoUpdateManager.kt:2:78 Cannot import 'invokeFailRetry'. Functions and properties can only be imported from packages or objects.
e: file:///Users/HONGBGU/Documents/seadroid/app/src/main/java/com/seafile/seadroid2/framework/monitor/AutoUpdateManager.kt:3:61 Cannot import 'build'. Functions and properties can only be imported from packages or objects.
e: file:///Users/HONGBGU/Documents/seadroid/app/src/main/java/com/seafile/seadroid2/framework/monitor/AutoUpdateManager.kt:4:45 Cannot import 'get'. Functions and properties can only be imported from packages or objects.
e: file:///Users/HONGBGU/Documents/seadroid/app/src/main/java/com/seafile/seadroid2/framework/monitor/AutoUpdateManager.kt:5:56 Cannot import 'launch'. Functions and properties can only be imported from packages or objects.
e: file:///Users/HONGBGU/Documents/seadroid/app/src/main/java/com/seafile/seadroid2/framework/monitor/AutoUpdateManager.kt:6:64 Cannot import 'setMediaType'. Functions and properties can only be imported from packages or objects.
e: file:///Users/HONGBGU/Documents/seadroid/app/src/main/java/com/seafile/seadroid2/framework/monitor/AutoUpdateManager.kt:7:64 Cannot import 'build'. Functions and properties can only be imported from packages or objects.
e: file:///Users/HONGBGU/Documents/seadroid/app/src/main/java/com/seafile/seadroid2/framework/monitor/AutoUpdateManager.kt:8:44 Cannot import 'onBackPressedDispatcher'. Functions and properties can only be imported from packages or objects.
e: file:///Users/HONGBGU/Documents/seadroid/app/src/main/java/com/seafile/seadroid2/framework/monitor/AutoUpdateManager.kt:9:50 Cannot import 'addCallback'. Functions and properties can only be imported from packages or objects.
e: file:///Users/HONGBGU/Documents/seadroid/app/src/main/java/com/seafile/seadroid2/framework/monitor/AutoUpdateManager.kt:10:44 Cannot import 'onNewIntent'. Functions and properties can only be imported from packages or objects.
e: file:///Users/HONGBGU/Documents/seadroid/app/src/main/java/com/seafile/seadroid2/framework/monitor/AutoUpdateManager.kt:11:44 Cannot import 'invalidateMenu'. Functions and properties can only be imported from packages or objects.
e: file:///Users/HONGBGU/Documents/seadroid/app/src/main/java/com/seafile/seadroid2/framework/monitor/AutoUpdateManager.kt:12:57 Cannot import 'isProEdition'. Functions and properties can only be imported from packages or objects.
e: file:///Users/HONGBGU/Documents/seadroid/app/src/main/java/com/seafile/seadroid2/framework/monitor/AutoUpdateManager.kt:13:69 Cannot import 'getFeaturesString'. Functions and properties can only be imported from packages or objects.
e: file:///Users/HONGBGU/Documents/seadroid/app/src/main/java/com/seafile/seadroid2/framework/monitor/AutoUpdateManager.kt:14:51 Cannot import 'submitList'. Functions and properties can only be imported from packages or objects.
e: file:///Users/HONGBGU/Documents/seadroid/app/src/main/java/com/seafile/seadroid2/framework/monitor/AutoUpdateManager.kt:15:51 Cannot import 'setOnItemClickListener'. Functions and properties can only be imported from packages or objects.
e: file:///Users/HONGBGU/Documents/seadroid/app/src/main/java/com/seafile/seadroid2/framework/monitor/AutoUpdateManager.kt:16:51 Cannot import 'getItem'. Functions and properties can only be imported from packages or objects.
e: file:///Users/HONGBGU/Documents/seadroid/app/src/main/java/com/seafile/seadroid2/framework/monitor/AutoUpdateManager.kt:17:51 Cannot import 'getItemCount'. Functions and properties can only be imported from packages or objects.
e: file:///Users/HONGBGU/Documents/seadroid/app/src/main/java/com/seafile/seadroid2/framework/monitor/AutoUpdateManager.kt:18:55 Cannot import 'addItemType'. Functions and properties can only be imported from packages or objects.
e: file:///Users/HONGBGU/Documents/seadroid/app/src/main/java/com/seafile/seadroid2/framework/monitor/AutoUpdateManager.kt:19:82 Cannot import 'onBind'. Functions and properties can only be imported from packages or objects.
e: file:///Users/HONGBGU/Documents/seadroid/app/src/main/java/com/seafile/seadroid2/framework/monitor/AutoUpdateManager.kt:20:55 Cannot import 'onItemViewType'. Functions and properties can only be imported from packages or objects.
e: file:///Users/HONGBGU/Documents/seadroid/app/src/main/java/com/seafile/seadroid2/framework/monitor/AutoUpdateManager.kt:21:51 Cannot import 'onAttachedToRecyclerView'. Functions and properties can only be imported from packages or objects.
e: file:///Users/HONGBGU/Documents/seadroid/app/src/main/java/com/seafile/seadroid2/framework/monitor/AutoUpdateManager.kt:22:51 Cannot import 'context'. Functions and properties can only be imported from packages or objects.
e: file:///Users/HONGBGU/Documents/seadroid/app/src/main/java/com/seafile/seadroid2/framework/monitor/AutoUpdateManager.kt:23:65 Cannot import 'isDir'. Functions and properties can only be imported from packages or objects.
e: file:///Users/HONGBGU/Documents/seadroid/app/src/main/java/com/seafile/seadroid2/framework/monitor/AutoUpdateManager.kt:24:65 Cannot import 'getSubtitle'. Functions and properties can only be imported from packages or objects.
e: file:///Users/HONGBGU/Documents/seadroid/app/src/main/java/com/seafile/seadroid2/framework/monitor/AutoUpdateManager.kt:25:65 Cannot import 'getIcon'. Functions and properties can only be imported from packages or objects.
e: file:///Users/HONGBGU/Documents/seadroid/app/src/main/java/com/seafile/seadroid2/framework/monitor/AutoUpdateManager.kt:26:51 Cannot import 'items'. Functions and properties can only be imported from packages or objects.
e: file:///Users/HONGBGU/Documents/seadroid/app/src/main/java/com/seafile/seadroid2/framework/monitor/AutoUpdateManager.kt:27:61 Cannot import 'equals'. Functions and properties can only be imported from packages or objects.
e: file:///Users/HONGBGU/Documents/seadroid/app/src/main/java/com/seafile/seadroid2/framework/monitor/AutoUpdateManager.kt:28:65 Cannot import 'equals'. Functions and properties can only be imported from packages or objects.
e: file:///Users/HONGBGU/Documents/seadroid/app/src/main/java/com/seafile/seadroid2/framework/monitor/AutoUpdateManager.kt:29:70 Cannot import 'invisibleOriginItemWhenStickyItemShowing'. Functions and properties can only be imported from packages or objects.
e: file:///Users/HONGBGU/Documents/seadroid/app/src/main/java/com/seafile/seadroid2/framework/monitor/AutoUpdateManager.kt:30:70 Cannot import 'disabledScrollUpStickyItem'. Functions and properties can only be imported from packages or objects.
e: file:///Users/HONGBGU/Documents/seadroid/app/src/main/java/com/seafile/seadroid2/framework/monitor/AutoUpdateManager.kt:31:70 Cannot import 'showInContainer'. Functions and properties can only be imported from packages or objects.
e: file:///Users/HONGBGU/Documents/seadroid/app/src/main/java/com/seafile/seadroid2/framework/monitor/AutoUpdateManager.kt:32:70 Cannot import 'build'. Functions and properties can only be imported from packages or objects.
e: file:///Users/HONGBGU/Documents/seadroid/app/src/main/java/com/seafile/seadroid2/framework/monitor/AutoUpdateManager.kt:33:57 Cannot import 'isSearchEnabled'. Functions and properties can only be imported from packages or objects.
e: file:///Users/HONGBGU/Documents/seadroid/app/src/main/java/com/seafile/seadroid2/framework/monitor/AutoUpdateManager.kt:34:51 Cannot import 'set'. Functions and properties can only be imported from packages or objects.
e: file:///Users/HONGBGU/Documents/seadroid/app/src/main/java/com/seafile/seadroid2/framework/monitor/AutoUpdateManager.kt:35:51 Cannot import 'setOnItemLongClickListener'. Functions and properties can only be imported from packages or objects.
e: file:///Users/HONGBGU/Documents/seadroid/app/src/main/java/com/seafile/seadroid2/framework/monitor/AutoUpdateManager.kt:36:51 Cannot import 'addAll'. Functions and properties can only be imported from packages or objects.
e: file:///Users/HONGBGU/Documents/seadroid/app/src/main/java/com/seafile/seadroid2/framework/monitor/AutoUpdateManager.kt:37:61 Cannot import 'getRepoList'. Functions and properties can only be imported from packages or objects.
e: file:///Users/HONGBGU/Documents/seadroid/app/src/main/java/com/seafile/seadroid2/framework/monitor/AutoUpdateManager.kt:38:51 Cannot import 'removeAtRange'. Functions and properties can only be imported from packages or objects.
e: file:///Users/HONGBGU/Documents/seadroid/app/src/main/java/com/seafile/seadroid2/framework/monitor/AutoUpdateManager.kt:39:51 Cannot import 'stateView'. Functions and properties can only be imported from packages or objects.
e: file:///Users/HONGBGU/Documents/seadroid/app/src/main/java/com/seafile/seadroid2/framework/monitor/AutoUpdateManager.kt:40:51 Cannot import 'isStateViewEnable'. Functions and properties can only be imported from packages or objects.
e: file:///Users/HONGBGU/Documents/seadroid/app/src/main/java/com/seafile/seadroid2/framework/monitor/AutoUpdateManager.kt:42:51 Cannot import 'animationEnable'. Functions and properties can only be imported from packages or objects.
e: file:///Users/HONGBGU/Documents/seadroid/app/src/main/java/com/seafile/seadroid2/framework/monitor/AutoUpdateManager.kt:43:51 Cannot import 'setStateViewLayout'. Functions and properties can only be imported from packages or objects.
e: file:///Users/HONGBGU/Documents/seadroid/app/src/main/java/com/seafile/seadroid2/framework/monitor/AutoUpdateManager.kt:44:51 Cannot import 'addOnItemChildClickListener'. Functions and properties can only be imported from packages or objects.
e: file:///Users/HONGBGU/Documents/seadroid/app/src/main/java/com/seafile/seadroid2/framework/monitor/AutoUpdateManager.kt:45:53 Cannot import 'adapter'. Functions and properties can only be imported from packages or objects.
e: file:///Users/HONGBGU/Documents/seadroid/app/src/main/java/com/seafile/seadroid2/framework/monitor/AutoUpdateManager.kt:46:74 Cannot import 'setMetadataConfigModel'. Functions and properties can only be imported from packages or objects.
e: file:///Users/HONGBGU/Documents/seadroid/app/src/main/java/com/seafile/seadroid2/framework/monitor/AutoUpdateManager.kt:47:74 Cannot import 'setDetail'. Functions and properties can only be imported from packages or objects.
e: file:///Users/HONGBGU/Documents/seadroid/app/src/main/java/com/seafile/seadroid2/framework/monitor/AutoUpdateManager.kt:48:74 Cannot import 'getMetaEnabled'. Functions and properties can only be imported from packages or objects.
e: file:///Users/HONGBGU/Documents/seadroid/app/src/main/java/com/seafile/seadroid2/framework/monitor/AutoUpdateManager.kt:49:74 Cannot import 'getTagsEnabled'. Functions and properties can only be imported from packages or objects.
e: file:///Users/HONGBGU/Documents/seadroid/app/src/main/java/com/seafile/seadroid2/framework/monitor/AutoUpdateManager.kt:50:74 Cannot import 'initDefaultIfMetaNotEnable'. Functions and properties can only be imported from packages or objects.
e: file:///Users/HONGBGU/Documents/seadroid/app/src/main/java/com/seafile/seadroid2/framework/monitor/AutoUpdateManager.kt:51:74 Cannot import 'setRelatedUserWrapperModel'. Functions and properties can only be imported from packages or objects.
e: file:///Users/HONGBGU/Documents/seadroid/app/src/main/java/com/seafile/seadroid2/framework/monitor/AutoUpdateManager.kt:52:74 Cannot import 'addRecordWrapperModel'. Functions and properties can only be imported from packages or objects.
e: file:///Users/HONGBGU/Documents/seadroid/app/src/main/java/com/seafile/seadroid2/framework/monitor/AutoUpdateManager.kt:53:74 Cannot import 'setTagWrapperModel'. Functions and properties can only be imported from packages or objects.
e: file:///Users/HONGBGU/Documents/seadroid/app/src/main/java/com/seafile/seadroid2/framework/monitor/AutoUpdateManager.kt:54:44 Cannot import 'onSaveInstanceState'. Functions and properties can only be imported from packages or objects.
e: file:///Users/HONGBGU/Documents/seadroid/app/src/main/java/com/seafile/seadroid2/framework/monitor/AutoUpdateManager.kt:55:72 Cannot import 'canUse'. Functions and properties can only be imported from packages or objects.
e: file:///Users/HONGBGU/Documents/seadroid/app/src/main/java/com/seafile/seadroid2/framework/monitor/AutoUpdateManager.kt:56:36 Cannot import 'accept'. Functions and properties can only be imported from packages or objects.
e: file:///Users/HONGBGU/Documents/seadroid/app/src/main/java/com/seafile/seadroid2/framework/monitor/AutoUpdateManager.kt:57:20 Cannot import 'second'. Functions and properties can only be imported from packages or objects.
e: file:///Users/HONGBGU/Documents/seadroid/app/src/main/java/com/seafile/seadroid2/framework/monitor/AutoUpdateManager.kt:59:51 Cannot import 'removeAt'. Functions and properties can only be imported from packages or objects.
e: file:///Users/HONGBGU/Documents/seadroid/app/src/main/java/com/seafile/seadroid2/framework/monitor/AutoUpdateManager.kt:60:62 Cannot import 'getSubjectName'. Functions and properties can only be imported from packages or objects.
e: file:///Users/HONGBGU/Documents/seadroid/app/src/main/java/com/seafile/seadroid2/framework/monitor/AutoUpdateManager.kt:61:62 Cannot import 'getSignature'. Functions and properties can only be imported from packages or objects.
e: file:///Users/HONGBGU/Documents/seadroid/app/src/main/java/com/seafile/seadroid2/framework/monitor/AutoUpdateManager.kt:62:62 Cannot import 'getSerialNumber'. Functions and properties can only be imported from packages or objects.
e: file:///Users/HONGBGU/Documents/seadroid/app/src/main/java/com/seafile/seadroid2/framework/monitor/AutoUpdateManager.kt:63:62 Cannot import 'getNotBefore'. Functions and properties can only be imported from packages or objects.
e: file:///Users/HONGBGU/Documents/seadroid/app/src/main/java/com/seafile/seadroid2/framework/monitor/AutoUpdateManager.kt:64:62 Cannot import 'getNotAfter'. Functions and properties can only be imported from packages or objects.
e: file:///Users/HONGBGU/Documents/seadroid/app/src/main/java/com/seafile/seadroid2/framework/monitor/AutoUpdateManager.kt:65:50 Cannot import 'onBackPressed'. Functions and properties can only be imported from packages or objects.
e: file:///Users/HONGBGU/Documents/seadroid/app/src/main/java/com/seafile/seadroid2/framework/monitor/AutoUpdateManager.kt:67:44 Cannot import 'code'. Functions and properties can only be imported from packages or objects.
e: file:///Users/HONGBGU/Documents/seadroid/app/src/main/java/com/seafile/seadroid2/framework/monitor/AutoUpdateManager.kt:68:44 Cannot import 'indexOfKey'. Functions and properties can only be imported from packages or objects.
e: file:///Users/HONGBGU/Documents/seadroid/app/src/main/java/com/seafile/seadroid2/framework/monitor/AutoUpdateManager.kt:69:44 Cannot import 'valueAt'. Functions and properties can only be imported from packages or objects.
e: file:///Users/HONGBGU/Documents/seadroid/app/src/main/java/com/seafile/seadroid2/framework/monitor/AutoUpdateManager.kt:70:44 Cannot import 'put'. Functions and properties can only be imported from packages or objects.
e: file:///Users/HONGBGU/Documents/seadroid/app/src/main/java/com/seafile/seadroid2/framework/monitor/AutoUpdateManager.kt:71:71 Cannot import 'getTime'. Functions and properties can only be imported from packages or objects.
e: file:///Users/HONGBGU/Documents/seadroid/app/src/main/java/com/seafile/seadroid2/framework/monitor/AutoUpdateManager.kt:72:61 Cannot import 'setTrailingLoadStateAdapter'. Functions and properties can only be imported from packages or objects.
e: file:///Users/HONGBGU/Documents/seadroid/app/src/main/java/com/seafile/seadroid2/framework/monitor/AutoUpdateManager.kt:73:78 Cannot import 'setOnLoadMoreListener'. Functions and properties can only be imported from packages or objects.
e: file:///Users/HONGBGU/Documents/seadroid/app/src/main/java/com/seafile/seadroid2/framework/monitor/AutoUpdateManager.kt:74:53 Cannot import 'trailingLoadState'. Functions and properties can only be imported from packages or objects.
e: file:///Users/HONGBGU/Documents/seadroid/app/src/main/java/com/seafile/seadroid2/framework/monitor/AutoUpdateManager.kt:75:53 Cannot import 'trailingLoadStateAdapter'. Functions and properties can only be imported from packages or objects.
e: file:///Users/HONGBGU/Documents/seadroid/app/src/main/java/com/seafile/seadroid2/framework/monitor/AutoUpdateManager.kt:76:78 Cannot import 'checkDisableLoadMoreIfNotFullPage'. Functions and properties can only be imported from packages or objects.
e: file:///Users/HONGBGU/Documents/seadroid/app/src/main/java/com/seafile/seadroid2/framework/monitor/AutoUpdateManager.kt:78:76 Cannot import 'getCreatedAtFriendlyText'. Functions and properties can only be imported from packages or objects.
e: file:///Users/HONGBGU/Documents/seadroid/app/src/main/java/com/seafile/seadroid2/framework/monitor/AutoUpdateManager.kt:79:20 Cannot import 'first'. Functions and properties can only be imported from packages or objects.
e: file:///Users/HONGBGU/Documents/seadroid/app/src/main/java/com/seafile/seadroid2/framework/monitor/AutoUpdateManager.kt:80:61 Cannot import 'getAvatarUrl'. Functions and properties can only be imported from packages or objects.
e: file:///Users/HONGBGU/Documents/seadroid/app/src/main/java/com/seafile/seadroid2/framework/monitor/AutoUpdateManager.kt:81:74 Cannot import 'getRecordMetaDataList'. Functions and properties can only be imported from packages or objects.
e: file:///Users/HONGBGU/Documents/seadroid/app/src/main/java/com/seafile/seadroid2/framework/monitor/AutoUpdateManager.kt:82:74 Cannot import 'setRecordMetaDataList'. Functions and properties can only be imported from packages or objects.
e: file:///Users/HONGBGU/Documents/seadroid/app/src/main/java/com/seafile/seadroid2/framework/monitor/AutoUpdateManager.kt:83:74 Cannot import 'getRecordResultList'. Functions and properties can only be imported from packages or objects.
e: file:///Users/HONGBGU/Documents/seadroid/app/src/main/java/com/seafile/seadroid2/framework/monitor/AutoUpdateManager.kt:84:61 Cannot import 'name'. Functions and properties can only be imported from packages or objects.
e: file:///Users/HONGBGU/Documents/seadroid/app/src/main/java/com/seafile/seadroid2/framework/monitor/AutoUpdateManager.kt:85:74 Cannot import 'getRelatedUserList'. Functions and properties can only be imported from packages or objects.
e: file:///Users/HONGBGU/Documents/seadroid/app/src/main/java/com/seafile/seadroid2/framework/monitor/AutoUpdateManager.kt:86:61 Cannot import 'email'. Functions and properties can only be imported from packages or objects.
e: file:///Users/HONGBGU/Documents/seadroid/app/src/main/java/com/seafile/seadroid2/framework/monitor/AutoUpdateManager.kt:88:72 Cannot import 'toString'. Functions and properties can only be imported from packages or objects.
e: file:///Users/HONGBGU/Documents/seadroid/app/src/main/java/com/seafile/seadroid2/framework/monitor/AutoUpdateManager.kt:89:48 Cannot import 'setKeepOnScreenCondition'. Functions and properties can only be imported from packages or objects.
e: file:///Users/HONGBGU/Documents/seadroid/app/src/main/java/com/seafile/seadroid2/framework/monitor/AutoUpdateManager.kt:90:74 Cannot import 'getDetail'. Functions and properties can only be imported from packages or objects.
e: file:///Users/HONGBGU/Documents/seadroid/app/src/main/java/com/seafile/seadroid2/framework/monitor/AutoUpdateManager.kt:91:74 Cannot import 'getTagMap'. Functions and properties can only be imported from packages or objects.
e: file:///Users/HONGBGU/Documents/seadroid/app/src/main/java/com/seafile/seadroid2/framework/monitor/AutoUpdateManager.kt:92:57 Cannot import 'getUrl'. Functions and properties can only be imported from packages or objects.
e: file:///Users/HONGBGU/Documents/seadroid/app/src/main/java/com/seafile/seadroid2/framework/monitor/AutoUpdateManager.kt:93:57 Cannot import 'getVersion'. Functions and properties can only be imported from packages or objects.
e: file:///Users/HONGBGU/Documents/seadroid/app/src/main/java/com/seafile/seadroid2/framework/monitor/AutoUpdateManager.kt:94:57 Cannot import 'getEncrypted_library_version'. Functions and properties can only be imported from packages or objects.
e: file:///Users/HONGBGU/Documents/seadroid/app/src/main/java/com/seafile/seadroid2/framework/monitor/AutoUpdateManager.kt:95:57 Cannot import 'getFeatures'. Functions and properties can only be imported from packages or objects.
e: file:///Users/HONGBGU/Documents/seadroid/app/src/main/java/com/seafile/seadroid2/framework/monitor/AutoUpdateManager.kt:98:70 Cannot import 'getMtimeInMills'. Functions and properties can only be imported from packages or objects.
e: file:///Users/HONGBGU/Documents/seadroid/app/src/main/java/com/seafile/seadroid2/framework/monitor/AutoUpdateManager.kt:100:43 Cannot import 'addMigrations'. Functions and properties can only be imported from packages or objects.
e: file:///Users/HONGBGU/Documents/seadroid/app/src/main/java/com/seafile/seadroid2/framework/monitor/AutoUpdateManager.kt:101:43 Cannot import 'build'. Functions and properties can only be imported from packages or objects.
e: file:///Users/HONGBGU/Documents/seadroid/app/src/main/java/com/seafile/seadroid2/framework/monitor/AutoUpdateManager.kt:102:49 Cannot import 'execSQL'. Functions and properties can only be imported from packages or objects.
e: file:///Users/HONGBGU/Documents/seadroid/app/src/main/java/com/seafile/seadroid2/framework/monitor/AutoUpdateManager.kt:103:49 Cannot import 'query'. Functions and properties can only be imported from packages or objects.
e: file:///Users/HONGBGU/Documents/seadroid/app/src/main/java/com/seafile/seadroid2/framework/monitor/AutoUpdateManager.kt:104:61 Cannot import 'getTitle'. Functions and properties can only be imported from packages or objects.
e: file:///Users/HONGBGU/Documents/seadroid/app/src/main/java/com/seafile/seadroid2/framework/monitor/AutoUpdateManager.kt:105:61 Cannot import 'addAllRepoList'. Functions and properties can only be imported from packages or objects.
e: file:///Users/HONGBGU/Documents/seadroid/app/src/main/java/com/seafile/seadroid2/framework/monitor/AutoUpdateManager.kt:106:58 Cannot import 'setPath'. Functions and properties can only be imported from packages or objects.
e: file:///Users/HONGBGU/Documents/seadroid/app/src/main/java/com/seafile/seadroid2/framework/monitor/AutoUpdateManager.kt:107:58 Cannot import 'setLabel'. Functions and properties can only be imported from packages or objects.
e: file:///Users/HONGBGU/Documents/seadroid/app/src/main/java/com/seafile/seadroid2/framework/monitor/AutoUpdateManager.kt:108:58 Cannot import 'setRemovable'. Functions and properties can only be imported from packages or objects.
e: file:///Users/HONGBGU/Documents/seadroid/app/src/main/java/com/seafile/seadroid2/framework/monitor/AutoUpdateManager.kt:109:58 Cannot import 'setPrimary'. Functions and properties can only be imported from packages or objects.
e: file:///Users/HONGBGU/Documents/seadroid/app/src/main/java/com/seafile/seadroid2/framework/monitor/AutoUpdateManager.kt:110:58 Cannot import 'setAvailable'. Functions and properties can only be imported from packages or objects.
e: file:///Users/HONGBGU/Documents/seadroid/app/src/main/java/com/seafile/seadroid2/framework/monitor/AutoUpdateManager.kt:111:57 Cannot import 'getError'. Functions and properties can only be imported from packages or objects.
e: file:///Users/HONGBGU/Documents/seadroid/app/src/main/java/com/seafile/seadroid2/framework/monitor/AutoUpdateManager.kt:112:42 Cannot import 'setBackoffCriteria'. Functions and properties can only be imported from packages or objects.
e: file:///Users/HONGBGU/Documents/seadroid/app/src/main/java/com/seafile/seadroid2/framework/monitor/AutoUpdateManager.kt:113:42 Cannot import 'addTag'. Functions and properties can only be imported from packages or objects.
e: file:///Users/HONGBGU/Documents/seadroid/app/src/main/java/com/seafile/seadroid2/framework/monitor/AutoUpdateManager.kt:114:42 Cannot import 'setRequiredNetworkType'. Functions and properties can only be imported from packages or objects.
e: file:///Users/HONGBGU/Documents/seadroid/app/src/main/java/com/seafile/seadroid2/framework/monitor/AutoUpdateManager.kt:115:42 Cannot import 'build'. Functions and properties can only be imported from packages or objects.
e: file:///Users/HONGBGU/Documents/seadroid/app/src/main/java/com/seafile/seadroid2/framework/monitor/AutoUpdateManager.kt:116:42 Cannot import 'setId'. Functions and properties can only be imported from packages or objects.
e: file:///Users/HONGBGU/Documents/seadroid/app/src/main/java/com/seafile/seadroid2/framework/monitor/AutoUpdateManager.kt:117:42 Cannot import 'setConstraints'. Functions and properties can only be imported from packages or objects.
e: file:///Users/HONGBGU/Documents/seadroid/app/src/main/java/com/seafile/seadroid2/framework/monitor/AutoUpdateManager.kt:118:42 Cannot import 'build'. Functions and properties can only be imported from packages or objects.
e: file:///Users/HONGBGU/Documents/seadroid/app/src/main/java/com/seafile/seadroid2/framework/monitor/AutoUpdateManager.kt:119:42 Cannot import 'setInputData'. Functions and properties can only be imported from packages or objects.
e: file:///Users/HONGBGU/Documents/seadroid/app/src/main/java/com/seafile/seadroid2/framework/monitor/AutoUpdateManager.kt:120:79 Cannot import 'getParent_dir'. Functions and properties can only be imported from packages or objects.
e: file:///Users/HONGBGU/Documents/seadroid/app/src/main/java/com/seafile/seadroid2/framework/monitor/AutoUpdateManager.kt:123:37 Cannot import 'onCleared'. Functions and properties can only be imported from packages or objects.
e: file:///Users/HONGBGU/Documents/seadroid/app/src/main/java/com/seafile/seadroid2/framework/monitor/AutoUpdateManager.kt:124:42 Cannot import 'lifecycle'. Functions and properties can only be imported from packages or objects.
e: file:///Users/HONGBGU/Documents/seadroid/app/src/main/java/com/seafile/seadroid2/framework/monitor/AutoUpdateManager.kt:125:37 Cannot import 'addObserver'. Functions and properties can only be imported from packages or objects.
e: file:///Users/HONGBGU/Documents/seadroid/app/src/main/java/com/seafile/seadroid2/framework/monitor/AutoUpdateManager.kt:126:37 Cannot import 'removeObserver'. Functions and properties can only be imported from packages or objects.
e: file:///Users/HONGBGU/Documents/seadroid/app/src/main/java/com/seafile/seadroid2/framework/monitor/AutoUpdateManager.kt:243:69 Unresolved reference 'FileSyncBinder'.
e: file:///Users/HONGBGU/Documents/seadroid/app/src/main/java/com/seafile/seadroid2/framework/monitor/AutoUpdateManager.kt:711:73 Cannot access 'inner class AppsListAdapter : BaseAdapter': it is private in 'com/seafile/seadroid2/ui/dialog_fragment/AppChoiceDialogFragment'.
e: file:///Users/HONGBGU/Documents/seadroid/app/src/main/java/com/seafile/seadroid2/framework/monitor/AutoUpdateManager.kt:1055:69 Unresolved reference 'FolderStateChangedListener'.
e: file:///Users/HONGBGU/Documents/seadroid/app/src/main/java/com/seafile/seadroid2/framework/monitor/MonitorDBHelper.kt:49:28 Function 'public' exposes its 'internal' parameter type 'AutoUpdateInfo'.
e: file:///Users/HONGBGU/Documents/seadroid/app/src/main/java/com/seafile/seadroid2/framework/monitor/MonitorDBHelper.kt:53:65 Only safe (?.) or non-null asserted (!!.) calls are allowed on a nullable receiver of type 'com.seafile.seadroid2.account.Account?'.
e: file:///Users/HONGBGU/Documents/seadroid/app/src/main/java/com/seafile/seadroid2/framework/monitor/MonitorDBHelper.kt:62:30 Function 'public' exposes its 'internal' parameter type 'AutoUpdateInfo'.
e: file:///Users/HONGBGU/Documents/seadroid/app/src/main/java/com/seafile/seadroid2/framework/monitor/MonitorDBHelper.kt:73:25 Only safe (?.) or non-null asserted (!!.) calls are allowed on a nullable receiver of type 'com.seafile.seadroid2.account.Account?'.
e: file:///Users/HONGBGU/Documents/seadroid/app/src/main/java/com/seafile/seadroid2/framework/monitor/MonitorDBHelper.kt:79:9 Function 'public' exposes its 'internal' return type 'AutoUpdateInfo'.
e: file:///Users/HONGBGU/Documents/seadroid/app/src/main/java/com/seafile/seadroid2/framework/monitor/MonitorDBHelper.kt:81:57 Initializer type mismatch: expected 'kotlin.collections.MutableList<com.seafile.seadroid2.framework.monitor.AutoUpdateInfo>', actual 'java.util.LinkedList<com.seafile.seadroid2.framework.monitor.AutoUpdateInfo?>!'.
e: file:///Users/HONGBGU/Documents/seadroid/app/src/main/java/com/seafile/seadroid2/framework/monitor/MonitorDBHelper.kt:119:13 Initializer type mismatch: expected 'kotlin.collections.MutableList<com.seafile.seadroid2.account.Account>', actual 'kotlin.collections.MutableList<android.accounts.Account>'.
e: file:///Users/HONGBGU/Documents/seadroid/app/src/main/java/com/seafile/seadroid2/framework/monitor/MonitorDBHelper.kt:119:58 Only safe (?.) or non-null asserted (!!.) calls are allowed on a nullable receiver of type 'com.seafile.seadroid2.account.SupportAccountManager?'.
e: file:///Users/HONGBGU/Documents/seadroid/app/src/main/java/com/seafile/seadroid2/framework/monitor/MonitorDBHelper.kt:195:36 Cannot access 'val SINGLETON: MonitorDBHelper': it is private in 'com/seafile/seadroid2/framework/monitor/MonitorDBHelper.SingletonHolder'.
e: file:///Users/HONGBGU/Documents/seadroid/app/src/main/java/com/seafile/seadroid2/framework/notification/GeneralNotificationHelper.kt:9:71 Argument type mismatch: actual type is 'android.content.Context?', but 'android.content.Context' was expected.
e: file:///Users/HONGBGU/Documents/seadroid/app/src/main/java/com/seafile/seadroid2/framework/notification/base/BaseNotification.kt:17:61 Cannot import 'equals'. Functions and properties can only be imported from packages or objects.
e: file:///Users/HONGBGU/Documents/seadroid/app/src/main/java/com/seafile/seadroid2/framework/notification/base/BaseNotification.kt:18:65 Cannot import 'equals'. Functions and properties can only be imported from packages or objects.
e: file:///Users/HONGBGU/Documents/seadroid/app/src/main/java/com/seafile/seadroid2/framework/notification/base/BaseTransferNotificationHelper.kt:10:22 Argument type mismatch: actual type is 'android.content.Context?', but 'android.content.Context' was expected.
e: file:///Users/HONGBGU/Documents/seadroid/app/src/main/java/com/seafile/seadroid2/framework/service/BackupThreadExecutor.kt:103:32 Overload resolution ambiguity between candidates:
fun clearDelay(vararg source: FeatureDataSource): Unit
fun clearDelay(vararg source: FeatureDataSource?): Unit
e: file:///Users/HONGBGU/Documents/seadroid/app/src/main/java/com/seafile/seadroid2/framework/service/BackupThreadExecutor.kt:113:13 Not enough information to infer type argument for 'T'.
e: file:///Users/HONGBGU/Documents/seadroid/app/src/main/java/com/seafile/seadroid2/framework/service/BackupThreadExecutor.kt:114:13 Variable 'mediaBackupUploader' must be initialized.
e: file:///Users/HONGBGU/Documents/seadroid/app/src/main/java/com/seafile/seadroid2/framework/service/BackupThreadExecutor.kt:117:13 Not enough information to infer type argument for 'T'.
e: file:///Users/HONGBGU/Documents/seadroid/app/src/main/java/com/seafile/seadroid2/framework/service/BackupThreadExecutor.kt:118:13 Variable 'folderBackupUploader' must be initialized.
e: file:///Users/HONGBGU/Documents/seadroid/app/src/main/java/com/seafile/seadroid2/framework/service/BackupThreadExecutor.kt:121:13 Not enough information to infer type argument for 'T'.
e: file:///Users/HONGBGU/Documents/seadroid/app/src/main/java/com/seafile/seadroid2/framework/service/BackupThreadExecutor.kt:122:13 Variable 'fileUploader' must be initialized.
e: file:///Users/HONGBGU/Documents/seadroid/app/src/main/java/com/seafile/seadroid2/framework/service/BackupThreadExecutor.kt:125:13 Not enough information to infer type argument for 'T'.
e: file:///Users/HONGBGU/Documents/seadroid/app/src/main/java/com/seafile/seadroid2/framework/service/BackupThreadExecutor.kt:126:13 Variable 'fileDownloader' must be initialized.
e: file:///Users/HONGBGU/Documents/seadroid/app/src/main/java/com/seafile/seadroid2/framework/service/BackupThreadExecutor.kt:144:17 Not enough information to infer type argument for 'T'.
e: file:///Users/HONGBGU/Documents/seadroid/app/src/main/java/com/seafile/seadroid2/framework/service/BackupThreadExecutor.kt:145:37 Variable 'fileDownloader' must be initialized.
e: file:///Users/HONGBGU/Documents/seadroid/app/src/main/java/com/seafile/seadroid2/framework/service/BackupThreadExecutor.kt:175:17 Not enough information to infer type argument for 'T'.
e: file:///Users/HONGBGU/Documents/seadroid/app/src/main/java/com/seafile/seadroid2/framework/service/BackupThreadExecutor.kt:176:37 Variable 'fileUploader' must be initialized.
e: file:///Users/HONGBGU/Documents/seadroid/app/src/main/java/com/seafile/seadroid2/framework/service/BackupThreadExecutor.kt:239:17 Not enough information to infer type argument for 'T'.
e: file:///Users/HONGBGU/Documents/seadroid/app/src/main/java/com/seafile/seadroid2/framework/service/BackupThreadExecutor.kt:240:43 Variable 'mediaBackupUploader' must be initialized.
e: file:///Users/HONGBGU/Documents/seadroid/app/src/main/java/com/seafile/seadroid2/framework/service/BackupThreadExecutor.kt:303:17 Not enough information to infer type argument for 'T'.
e: file:///Users/HONGBGU/Documents/seadroid/app/src/main/java/com/seafile/seadroid2/framework/service/BackupThreadExecutor.kt:304:43 Variable 'folderBackupUploader' must be initialized.
e: file:///Users/HONGBGU/Documents/seadroid/app/src/main/java/com/seafile/seadroid2/framework/service/BackupThreadExecutor.kt:328:17 Not enough information to infer type argument for 'T'.
e: file:///Users/HONGBGU/Documents/seadroid/app/src/main/java/com/seafile/seadroid2/framework/service/BackupThreadExecutor.kt:329:37 Variable 'localFileUpdater' must be initialized.
e: file:///Users/HONGBGU/Documents/seadroid/app/src/main/java/com/seafile/seadroid2/framework/service/BackupThreadExecutor.kt:354:17 Not enough information to infer type argument for 'T'.
e: file:///Users/HONGBGU/Documents/seadroid/app/src/main/java/com/seafile/seadroid2/framework/service/BackupThreadExecutor.kt:355:37 Variable 'shareToSeafileUploader' must be initialized.
e: file:///Users/HONGBGU/Documents/seadroid/app/src/main/java/com/seafile/seadroid2/framework/service/BackupThreadNotificationDispatcher.kt:16:1 Class 'BackupThreadNotificationDispatcher' is not abstract and does not implement abstract member 'showTransferNotification'.
e: file:///Users/HONGBGU/Documents/seadroid/app/src/main/java/com/seafile/seadroid2/framework/service/BackupThreadNotificationDispatcher.kt:44:9 'when' expression must be exhaustive. Add the 'SHARE_FILE_TO_SEAFILE', 'AUTO_UPDATE_LOCAL_FILE' branches or an 'else' branch.
e: file:///Users/HONGBGU/Documents/seadroid/app/src/main/java/com/seafile/seadroid2/framework/service/BackupThreadNotificationDispatcher.kt:139:5 'showTransferNotification' overrides nothing.
e: file:///Users/HONGBGU/Documents/seadroid/app/src/main/java/com/seafile/seadroid2/framework/service/BackupThreadNotificationDispatcher.kt:163:5 'showProgress' overrides nothing.
e: file:///Users/HONGBGU/Documents/seadroid/app/src/main/java/com/seafile/seadroid2/framework/service/BackupThreadNotificationDispatcher.kt:209:5 'clearDelay' overrides nothing.
e: file:///Users/HONGBGU/Documents/seadroid/app/src/main/java/com/seafile/seadroid2/framework/service/EventService.kt:40:18 Argument type mismatch: actual type is 'com.seafile.seadroid2.enums.FeatureDataSource?', but 'com.seafile.seadroid2.enums.FeatureDataSource' was expected.
e: file:///Users/HONGBGU/Documents/seadroid/app/src/main/java/com/seafile/seadroid2/framework/service/EventService.kt:42:18 Argument type mismatch: actual type is 'com.seafile.seadroid2.enums.FeatureDataSource?', but 'com.seafile.seadroid2.enums.FeatureDataSource' was expected.
e: file:///Users/HONGBGU/Documents/seadroid/app/src/main/java/com/seafile/seadroid2/framework/service/EventService.kt:50:14 Argument type mismatch: actual type is 'com.seafile.seadroid2.enums.FeatureDataSource?', but 'com.seafile.seadroid2.enums.FeatureDataSource' was expected.
e: file:///Users/HONGBGU/Documents/seadroid/app/src/main/java/com/seafile/seadroid2/framework/service/EventService.kt:64:48 Only safe (?.) or non-null asserted (!!.) calls are allowed on a nullable receiver of type 'com.jeremyliao.liveeventbus.core.Observable<android.os.Bundle?>?'.
e: file:///Users/HONGBGU/Documents/seadroid/app/src/main/java/com/seafile/seadroid2/framework/service/ForegroundServiceNotificationDispatcher.kt:18:1 Class 'ForegroundServiceNotificationDispatcher' is not abstract and does not implement abstract member 'showTransferNotification'.
e: file:///Users/HONGBGU/Documents/seadroid/app/src/main/java/com/seafile/seadroid2/framework/service/ForegroundServiceNotificationDispatcher.kt:63:9 'when' expression must be exhaustive. Add the 'SHARE_FILE_TO_SEAFILE', 'AUTO_UPDATE_LOCAL_FILE' branches or an 'else' branch.
e: file:///Users/HONGBGU/Documents/seadroid/app/src/main/java/com/seafile/seadroid2/framework/service/ForegroundServiceNotificationDispatcher.kt:194:5 'showTransferNotification' overrides nothing.
e: file:///Users/HONGBGU/Documents/seadroid/app/src/main/java/com/seafile/seadroid2/framework/service/ForegroundServiceNotificationDispatcher.kt:223:5 'showProgress' overrides nothing.
e: file:///Users/HONGBGU/Documents/seadroid/app/src/main/java/com/seafile/seadroid2/framework/service/ForegroundServiceNotificationDispatcher.kt:271:5 'clearDelay' overrides nothing.
e: file:///Users/HONGBGU/Documents/seadroid/app/src/main/java/com/seafile/seadroid2/framework/service/ParentEventDownloader.kt:49:25 Argument type mismatch: actual type is 'android.content.Context?', but 'android.content.Context' was expected.
e: file:///Users/HONGBGU/Documents/seadroid/app/src/main/java/com/seafile/seadroid2/framework/service/ParentEventDownloader.kt:55:38 Interface 'interface TransferProgressListener : Any' does not have constructors.
e: file:///Users/HONGBGU/Documents/seadroid/app/src/main/java/com/seafile/seadroid2/framework/service/ParentEventDownloader.kt:61:46 Assignment type mismatch: actual type is 'kotlin.Long', but 'java.lang.Long' was expected.
e: file:///Users/HONGBGU/Documents/seadroid/app/src/main/java/com/seafile/seadroid2/framework/service/ParentEventDownloader.kt:67:31 Argument type mismatch: actual type is 'com.seafile.seadroid2.enums.FeatureDataSource?', but 'com.seafile.seadroid2.enums.FeatureDataSource' was expected.
e: file:///Users/HONGBGU/Documents/seadroid/app/src/main/java/com/seafile/seadroid2/framework/service/ParentEventDownloader.kt:72:48 Only safe (?.) or non-null asserted (!!.) calls are allowed on a nullable receiver of type 'com.seafile.seadroid2.framework.service.ITransferNotification?'.
e: file:///Users/HONGBGU/Documents/seadroid/app/src/main/java/com/seafile/seadroid2/framework/service/ParentEventDownloader.kt:90:63 Only safe (?.) or non-null asserted (!!.) calls are allowed on a nullable receiver of type 'com.seafile.seadroid2.framework.http.HttpIO?'.
e: file:///Users/HONGBGU/Documents/seadroid/app/src/main/java/com/seafile/seadroid2/framework/service/ParentEventDownloader.kt:98:63 Only safe (?.) or non-null asserted (!!.) calls are allowed on a nullable receiver of type 'com.seafile.seadroid2.framework.http.HttpIO?'.
e: file:///Users/HONGBGU/Documents/seadroid/app/src/main/java/com/seafile/seadroid2/framework/service/ParentEventDownloader.kt:146:39 Argument type mismatch: actual type is 'com.seafile.seadroid2.enums.FeatureDataSource?', but 'com.seafile.seadroid2.enums.FeatureDataSource' was expected.
e: file:///Users/HONGBGU/Documents/seadroid/app/src/main/java/com/seafile/seadroid2/framework/service/ParentEventDownloader.kt:146:63 Argument type mismatch: actual type is 'com.seafile.seadroid2.framework.worker.queue.TransferModel?', but 'com.seafile.seadroid2.framework.worker.queue.TransferModel' was expected.
e: file:///Users/HONGBGU/Documents/seadroid/app/src/main/java/com/seafile/seadroid2/framework/service/ParentEventDownloader.kt:159:48 Unresolved reference 'parseByThrowable'.
e: file:///Users/HONGBGU/Documents/seadroid/app/src/main/java/com/seafile/seadroid2/framework/service/ParentEventDownloader.kt:176:49 Argument type mismatch: actual type is 'kotlin.String?', but 'kotlin.String' was expected.
e: file:///Users/HONGBGU/Documents/seadroid/app/src/main/java/com/seafile/seadroid2/framework/service/ParentEventDownloader.kt:219:17 Only safe (?.) or non-null asserted (!!.) calls are allowed on a nullable receiver of type 'com.seafile.seadroid2.framework.http.HttpIO?'.
e: file:///Users/HONGBGU/Documents/seadroid/app/src/main/java/com/seafile/seadroid2/framework/service/ParentEventDownloader.kt:219:40 Argument type mismatch: actual type is 'java.lang.Class<com.seafile.seadroid2.ui.file.FileService>', but 'java.lang.Class<T?>' was expected.
e: file:///Users/HONGBGU/Documents/seadroid/app/src/main/java/com/seafile/seadroid2/framework/service/ParentEventDownloader.kt:220:17 Only safe (?.) or non-null asserted (!!.) calls are allowed on a nullable receiver of type 'com.seafile.seadroid2.ui.file.FileService?'.
e: file:///Users/HONGBGU/Documents/seadroid/app/src/main/java/com/seafile/seadroid2/framework/service/ParentEventDownloader.kt:225:17 Only safe (?.) or non-null asserted (!!.) calls are allowed on a nullable receiver of type 'retrofit2.Call<kotlin.String?>?'.
e: file:///Users/HONGBGU/Documents/seadroid/app/src/main/java/com/seafile/seadroid2/framework/service/ParentEventDownloader.kt:241:69 Null cannot be a value of a non-null type 'kotlin.String'.
e: file:///Users/HONGBGU/Documents/seadroid/app/src/main/java/com/seafile/seadroid2/framework/service/ParentEventDownloader.kt:257:20 Null cannot be a value of a non-null type 'android.util.Pair<kotlin.String, kotlin.String?>'.
e: file:///Users/HONGBGU/Documents/seadroid/app/src/main/java/com/seafile/seadroid2/framework/service/ParentEventDownloader.kt:280:27 Argument type mismatch: actual type is 'com.seafile.seadroid2.enums.FeatureDataSource?', but 'com.seafile.seadroid2.enums.FeatureDataSource' was expected.
e: file:///Users/HONGBGU/Documents/seadroid/app/src/main/java/com/seafile/seadroid2/framework/service/ParentEventDownloader.kt:280:51 Argument type mismatch: actual type is 'com.seafile.seadroid2.framework.worker.queue.TransferModel?', but 'com.seafile.seadroid2.framework.worker.queue.TransferModel' was expected.
e: file:///Users/HONGBGU/Documents/seadroid/app/src/main/java/com/seafile/seadroid2/framework/service/ParentEventDownloader.kt:286:51 Assignment type mismatch: actual type is 'kotlin.Int', but 'java.lang.Long' was expected.
e: file:///Users/HONGBGU/Documents/seadroid/app/src/main/java/com/seafile/seadroid2/framework/service/ParentEventDownloader.kt:380:59 Argument type mismatch: actual type is 'kotlin.String?', but 'kotlin.String' was expected.
e: file:///Users/HONGBGU/Documents/seadroid/app/src/main/java/com/seafile/seadroid2/framework/service/ParentEventDownloader.kt:410:28 Assignment type mismatch: actual type is 'java.lang.Long', but 'kotlin.Long' was expected.
e: file:///Users/HONGBGU/Documents/seadroid/app/src/main/java/com/seafile/seadroid2/framework/service/ParentEventDownloader.kt:471:51 Assignment type mismatch: actual type is 'kotlin.Long', but 'java.lang.Long' was expected.
e: file:///Users/HONGBGU/Documents/seadroid/app/src/main/java/com/seafile/seadroid2/framework/service/ParentEventDownloader.kt:486:48 Only safe (?.) or non-null asserted (!!.) calls are allowed on a nullable receiver of type 'com.seafile.seadroid2.framework.db.AppDatabase?'.
e: file:///Users/HONGBGU/Documents/seadroid/app/src/main/java/com/seafile/seadroid2/framework/service/ParentEventDownloader.kt:486:69 Only safe (?.) or non-null asserted (!!.) calls are allowed on a nullable receiver of type 'com.seafile.seadroid2.framework.db.dao.FileCacheStatusDAO?'.
e: file:///Users/HONGBGU/Documents/seadroid/app/src/main/java/com/seafile/seadroid2/framework/service/ParentEventDownloader.kt:486:77 Argument type mismatch: actual type is 'com.seafile.seadroid2.framework.db.entities.FileCacheStatusEntity?', but 'com.seafile.seadroid2.framework.db.entities.FileCacheStatusEntity' was expected.
e: file:///Users/HONGBGU/Documents/seadroid/app/src/main/java/com/seafile/seadroid2/framework/service/ParentEventDownloader.kt:523:13 Initializer type mismatch: expected 'kotlin.collections.MutableList<com.seafile.seadroid2.framework.db.entities.EncKeyCacheEntity>?', actual 'kotlin.collections.MutableList<com.seafile.seadroid2.framework.db.entities.EncKeyCacheEntity?>?'.
e: file:///Users/HONGBGU/Documents/seadroid/app/src/main/java/com/seafile/seadroid2/framework/service/ParentEventDownloader.kt:523:48 Only safe (?.) or non-null asserted (!!.) calls are allowed on a nullable receiver of type 'com.seafile.seadroid2.framework.db.AppDatabase?'.
e: file:///Users/HONGBGU/Documents/seadroid/app/src/main/java/com/seafile/seadroid2/framework/service/ParentEventDownloader.kt:523:65 Only safe (?.) or non-null asserted (!!.) calls are allowed on a nullable receiver of type 'com.seafile.seadroid2.framework.db.dao.EncKeyCacheDAO?'.
e: file:///Users/HONGBGU/Documents/seadroid/app/src/main/java/com/seafile/seadroid2/framework/service/ParentEventDownloader.kt:562:13 Initializer type mismatch: expected 'retrofit2.Call<com.seafile.seadroid2.framework.model.ResultModel?>', actual 'retrofit2.Call<com.seafile.seadroid2.framework.model.ResultModel?>?'.
e: file:///Users/HONGBGU/Documents/seadroid/app/src/main/java/com/seafile/seadroid2/framework/service/ParentEventDownloader.kt:562:50 Only safe (?.) or non-null asserted (!!.) calls are allowed on a nullable receiver of type 'com.seafile.seadroid2.framework.http.HttpIO?'.
e: file:///Users/HONGBGU/Documents/seadroid/app/src/main/java/com/seafile/seadroid2/framework/service/ParentEventDownloader.kt:562:75 Argument type mismatch: actual type is 'java.lang.Class<com.seafile.seadroid2.ui.dialog_fragment.DialogService>', but 'java.lang.Class<T?>' was expected.
e: file:///Users/HONGBGU/Documents/seadroid/app/src/main/java/com/seafile/seadroid2/framework/service/ParentEventDownloader.kt:563:17 Only safe (?.) or non-null asserted (!!.) calls are allowed on a nullable receiver of type 'com.seafile.seadroid2.ui.dialog_fragment.DialogService?'.
e: file:///Users/HONGBGU/Documents/seadroid/app/src/main/java/com/seafile/seadroid2/framework/service/ParentEventDownloader.kt:575:67 Null cannot be a value of a non-null type 'kotlin.String'.
e: file:///Users/HONGBGU/Documents/seadroid/app/src/main/java/com/seafile/seadroid2/framework/service/ParentEventDownloader.kt:586:55 Argument type mismatch: actual type is 'kotlin.String?', but 'kotlin.String' was expected.
e: file:///Users/HONGBGU/Documents/seadroid/app/src/main/java/com/seafile/seadroid2/framework/service/ParentEventDownloader.kt:594:48 Only safe (?.) or non-null asserted (!!.) calls are allowed on a nullable receiver of type 'com.seafile.seadroid2.framework.db.AppDatabase?'.
e: file:///Users/HONGBGU/Documents/seadroid/app/src/main/java/com/seafile/seadroid2/framework/service/ParentEventDownloader.kt:594:65 Only safe (?.) or non-null asserted (!!.) calls are allowed on a nullable receiver of type 'com.seafile.seadroid2.framework.db.dao.EncKeyCacheDAO?'.
e: file:///Users/HONGBGU/Documents/seadroid/app/src/main/java/com/seafile/seadroid2/framework/service/ParentEventTransfer.kt:83:48 Only safe (?.) or non-null asserted (!!.) calls are allowed on a nullable receiver of type 'com.jeremyliao.liveeventbus.core.Observable<android.os.Bundle?>?'.
e: file:///Users/HONGBGU/Documents/seadroid/app/src/main/java/com/seafile/seadroid2/framework/service/ParentEventUploader.kt:43:25 Argument type mismatch: actual type is 'android.content.Context?', but 'android.content.Context' was expected.
e: file:///Users/HONGBGU/Documents/seadroid/app/src/main/java/com/seafile/seadroid2/framework/service/ParentEventUploader.kt:56:62 Class '<anonymous>' is not abstract and does not implement abstract member 'onProgressNotify'.
e: file:///Users/HONGBGU/Documents/seadroid/app/src/main/java/com/seafile/seadroid2/framework/service/ParentEventUploader.kt:57:9 'onProgressNotify' overrides nothing.
e: file:///Users/HONGBGU/Documents/seadroid/app/src/main/java/com/seafile/seadroid2/framework/service/ParentEventUploader.kt:69:46 Assignment type mismatch: actual type is 'kotlin.Long', but 'java.lang.Long' was expected.
e: file:///Users/HONGBGU/Documents/seadroid/app/src/main/java/com/seafile/seadroid2/framework/service/ParentEventUploader.kt:74:31 Argument type mismatch: actual type is 'com.seafile.seadroid2.enums.FeatureDataSource?', but 'com.seafile.seadroid2.enums.FeatureDataSource' was expected.
e: file:///Users/HONGBGU/Documents/seadroid/app/src/main/java/com/seafile/seadroid2/framework/service/ParentEventUploader.kt:80:48 Only safe (?.) or non-null asserted (!!.) calls are allowed on a nullable receiver of type 'com.seafile.seadroid2.framework.service.ITransferNotification?'.
e: file:///Users/HONGBGU/Documents/seadroid/app/src/main/java/com/seafile/seadroid2/framework/service/ParentEventUploader.kt:90:66 Argument type mismatch: actual type is 'kotlin.Int', but 'kotlin.String?' was expected.
e: file:///Users/HONGBGU/Documents/seadroid/app/src/main/java/com/seafile/seadroid2/framework/service/ParentEventUploader.kt:92:66 Argument type mismatch: actual type is 'kotlin.Int', but 'kotlin.String?' was expected.
e: file:///Users/HONGBGU/Documents/seadroid/app/src/main/java/com/seafile/seadroid2/framework/service/ParentEventUploader.kt:94:66 Argument type mismatch: actual type is 'kotlin.Int', but 'kotlin.String?' was expected.
e: file:///Users/HONGBGU/Documents/seadroid/app/src/main/java/com/seafile/seadroid2/framework/service/ParentEventUploader.kt:127:63 Only safe (?.) or non-null asserted (!!.) calls are allowed on a nullable receiver of type 'com.seafile.seadroid2.framework.http.HttpIO?'.
e: file:///Users/HONGBGU/Documents/seadroid/app/src/main/java/com/seafile/seadroid2/framework/service/ParentEventUploader.kt:163:48 Only safe (?.) or non-null asserted (!!.) calls are allowed on a nullable receiver of type 'com.seafile.seadroid2.framework.service.ITransferNotification?'.
e: file:///Users/HONGBGU/Documents/seadroid/app/src/main/java/com/seafile/seadroid2/framework/service/ParentEventUploader.kt:181:39 Argument type mismatch: actual type is 'com.seafile.seadroid2.enums.FeatureDataSource?', but 'com.seafile.seadroid2.enums.FeatureDataSource' was expected.
e: file:///Users/HONGBGU/Documents/seadroid/app/src/main/java/com/seafile/seadroid2/framework/service/ParentEventUploader.kt:181:63 Argument type mismatch: actual type is 'com.seafile.seadroid2.framework.worker.queue.TransferModel?', but 'com.seafile.seadroid2.framework.worker.queue.TransferModel' was expected.
e: file:///Users/HONGBGU/Documents/seadroid/app/src/main/java/com/seafile/seadroid2/framework/service/ParentEventUploader.kt:187:39 Argument type mismatch: actual type is 'com.seafile.seadroid2.enums.FeatureDataSource?', but 'com.seafile.seadroid2.enums.FeatureDataSource' was expected.
e: file:///Users/HONGBGU/Documents/seadroid/app/src/main/java/com/seafile/seadroid2/framework/service/ParentEventUploader.kt:187:63 Argument type mismatch: actual type is 'com.seafile.seadroid2.framework.worker.queue.TransferModel?', but 'com.seafile.seadroid2.framework.worker.queue.TransferModel' was expected.
e: file:///Users/HONGBGU/Documents/seadroid/app/src/main/java/com/seafile/seadroid2/framework/service/ParentEventUploader.kt:233:27 Argument type mismatch: actual type is 'com.seafile.seadroid2.enums.FeatureDataSource?', but 'com.seafile.seadroid2.enums.FeatureDataSource' was expected.
e: file:///Users/HONGBGU/Documents/seadroid/app/src/main/java/com/seafile/seadroid2/framework/service/ParentEventUploader.kt:233:51 Smart cast to 'com.seafile.seadroid2.framework.worker.queue.TransferModel' is impossible, because 'currentTransferModel' is a mutable property that could be mutated concurrently.
e: file:///Users/HONGBGU/Documents/seadroid/app/src/main/java/com/seafile/seadroid2/framework/service/ParentEventUploader.kt:243:51 Assignment type mismatch: actual type is 'kotlin.Int', but 'java.lang.Long' was expected.
e: file:///Users/HONGBGU/Documents/seadroid/app/src/main/java/com/seafile/seadroid2/framework/service/ParentEventUploader.kt:249:45 Only safe (?.) or non-null asserted (!!.) calls are allowed on a nullable receiver of type 'kotlin.String?'.
e: file:///Users/HONGBGU/Documents/seadroid/app/src/main/java/com/seafile/seadroid2/framework/service/ParentEventUploader.kt:256:48 Assignment type mismatch: actual type is 'kotlin.Long', but 'java.lang.Long' was expected.
e: file:///Users/HONGBGU/Documents/seadroid/app/src/main/java/com/seafile/seadroid2/framework/service/ParentEventUploader.kt:264:17 Argument type mismatch: actual type is 'java.lang.Long', but 'kotlin.Long' was expected.
e: file:///Users/HONGBGU/Documents/seadroid/app/src/main/java/com/seafile/seadroid2/framework/service/ParentEventUploader.kt:325:19 Unresolved reference 'parseByThrowable'.
e: file:///Users/HONGBGU/Documents/seadroid/app/src/main/java/com/seafile/seadroid2/framework/service/ParentEventUploader.kt:325:19 Type mismatch: inferred type is 'ERROR CLASS: Unresolved name: parseByThrowable', but 'kotlin.Throwable' was expected.
e: file:///Users/HONGBGU/Documents/seadroid/app/src/main/java/com/seafile/seadroid2/framework/service/ParentEventUploader.kt:354:67 Null cannot be a value of a non-null type 'kotlin.String'.
e: file:///Users/HONGBGU/Documents/seadroid/app/src/main/java/com/seafile/seadroid2/framework/service/ParentEventUploader.kt:387:23 Assignment type mismatch: actual type is 'retrofit2.Response<kotlin.String?>!', but 'retrofit2.Response<kotlin.String>?' was expected.
e: file:///Users/HONGBGU/Documents/seadroid/app/src/main/java/com/seafile/seadroid2/framework/service/ParentEventUploader.kt:388:21 Only safe (?.) or non-null asserted (!!.) calls are allowed on a nullable receiver of type 'com.seafile.seadroid2.framework.http.HttpIO?'.
e: file:///Users/HONGBGU/Documents/seadroid/app/src/main/java/com/seafile/seadroid2/framework/service/ParentEventUploader.kt:388:44 Argument type mismatch: actual type is 'java.lang.Class<com.seafile.seadroid2.ui.file.FileService>', but 'java.lang.Class<T?>' was expected.
e: file:///Users/HONGBGU/Documents/seadroid/app/src/main/java/com/seafile/seadroid2/framework/service/ParentEventUploader.kt:389:21 Only safe (?.) or non-null asserted (!!.) calls are allowed on a nullable receiver of type 'com.seafile.seadroid2.ui.file.FileService?'.
e: file:///Users/HONGBGU/Documents/seadroid/app/src/main/java/com/seafile/seadroid2/framework/service/ParentEventUploader.kt:390:21 Only safe (?.) or non-null asserted (!!.) calls are allowed on a nullable receiver of type 'retrofit2.Call<kotlin.String?>?'.
e: file:///Users/HONGBGU/Documents/seadroid/app/src/main/java/com/seafile/seadroid2/framework/service/ParentEventUploader.kt:392:23 Assignment type mismatch: actual type is 'retrofit2.Response<kotlin.String?>!', but 'retrofit2.Response<kotlin.String>?' was expected.
e: file:///Users/HONGBGU/Documents/seadroid/app/src/main/java/com/seafile/seadroid2/framework/service/ParentEventUploader.kt:393:21 Only safe (?.) or non-null asserted (!!.) calls are allowed on a nullable receiver of type 'com.seafile.seadroid2.framework.http.HttpIO?'.
e: file:///Users/HONGBGU/Documents/seadroid/app/src/main/java/com/seafile/seadroid2/framework/service/ParentEventUploader.kt:393:44 Argument type mismatch: actual type is 'java.lang.Class<com.seafile.seadroid2.ui.file.FileService>', but 'java.lang.Class<T?>' was expected.
e: file:///Users/HONGBGU/Documents/seadroid/app/src/main/java/com/seafile/seadroid2/framework/service/ParentEventUploader.kt:394:21 Only safe (?.) or non-null asserted (!!.) calls are allowed on a nullable receiver of type 'com.seafile.seadroid2.ui.file.FileService?'.
e: file:///Users/HONGBGU/Documents/seadroid/app/src/main/java/com/seafile/seadroid2/framework/service/ParentEventUploader.kt:395:21 Only safe (?.) or non-null asserted (!!.) calls are allowed on a nullable receiver of type 'retrofit2.Call<kotlin.String?>?'.
e: file:///Users/HONGBGU/Documents/seadroid/app/src/main/java/com/seafile/seadroid2/framework/service/ParentEventUploader.kt:399:19 Unresolved reference 'parseByThrowable'.
e: file:///Users/HONGBGU/Documents/seadroid/app/src/main/java/com/seafile/seadroid2/framework/service/ParentEventUploader.kt:399:19 Type mismatch: inferred type is 'ERROR CLASS: Unresolved name: parseByThrowable', but 'kotlin.Throwable' was expected.
e: file:///Users/HONGBGU/Documents/seadroid/app/src/main/java/com/seafile/seadroid2/framework/service/ParentEventUploader.kt:412:69 Null cannot be a value of a non-null type 'kotlin.String'.
e: file:///Users/HONGBGU/Documents/seadroid/app/src/main/java/com/seafile/seadroid2/framework/service/ParentEventUploader.kt:428:51 Assignment type mismatch: actual type is 'kotlin.Long', but 'java.lang.Long' was expected.
e: file:///Users/HONGBGU/Documents/seadroid/app/src/main/java/com/seafile/seadroid2/framework/service/ParentEventUploader.kt:443:21 Initializer type mismatch: expected 'com.seafile.seadroid2.framework.db.entities.FileCacheStatusEntity', actual 'com.seafile.seadroid2.framework.db.entities.FileCacheStatusEntity?'.
e: file:///Users/HONGBGU/Documents/seadroid/app/src/main/java/com/seafile/seadroid2/framework/service/ParentEventUploader.kt:443:21 Type mismatch: inferred type is 'com.seafile.seadroid2.framework.db.entities.FileCacheStatusEntity?', but 'com.seafile.seadroid2.framework.db.entities.FileCacheStatusEntity' was expected.
e: file:///Users/HONGBGU/Documents/seadroid/app/src/main/java/com/seafile/seadroid2/framework/service/ParentEventUploader.kt:444:52 Only safe (?.) or non-null asserted (!!.) calls are allowed on a nullable receiver of type 'com.seafile.seadroid2.framework.db.AppDatabase?'.
e: file:///Users/HONGBGU/Documents/seadroid/app/src/main/java/com/seafile/seadroid2/framework/service/ParentEventUploader.kt:444:73 Only safe (?.) or non-null asserted (!!.) calls are allowed on a nullable receiver of type 'com.seafile.seadroid2.framework.db.dao.FileCacheStatusDAO?'.
e: file:///Users/HONGBGU/Documents/seadroid/app/src/main/java/com/seafile/seadroid2/framework/service/ParentEventUploader.kt:447:52 Only safe (?.) or non-null asserted (!!.) calls are allowed on a nullable receiver of type 'com.seafile.seadroid2.framework.db.AppDatabase?'.
e: file:///Users/HONGBGU/Documents/seadroid/app/src/main/java/com/seafile/seadroid2/framework/service/ParentEventUploader.kt:448:21 Only safe (?.) or non-null asserted (!!.) calls are allowed on a nullable receiver of type 'com.seafile.seadroid2.framework.db.dao.DirentDAO?'.
e: file:///Users/HONGBGU/Documents/seadroid/app/src/main/java/com/seafile/seadroid2/framework/service/ParentEventUploader.kt:455:52 Only safe (?.) or non-null asserted (!!.) calls are allowed on a nullable receiver of type 'com.seafile.seadroid2.framework.db.AppDatabase?'.
e: file:///Users/HONGBGU/Documents/seadroid/app/src/main/java/com/seafile/seadroid2/framework/service/ParentEventUploader.kt:455:70 Only safe (?.) or non-null asserted (!!.) calls are allowed on a nullable receiver of type 'com.seafile.seadroid2.framework.db.dao.FileTransferDAO?'.
e: file:///Users/HONGBGU/Documents/seadroid/app/src/main/java/com/seafile/seadroid2/framework/service/ParentEventUploader.kt:455:78 Argument type mismatch: actual type is 'com.seafile.seadroid2.framework.db.entities.FileBackupStatusEntity?', but 'com.seafile.seadroid2.framework.db.entities.FileBackupStatusEntity' was expected.
e: file:///Users/HONGBGU/Documents/seadroid/app/src/main/java/com/seafile/seadroid2/framework/service/PreDownloadHelper.kt:32:35 Assignment type mismatch: actual type is 'kotlin.Long', but 'java.lang.Long' was expected.
e: file:///Users/HONGBGU/Documents/seadroid/app/src/main/java/com/seafile/seadroid2/framework/service/PreDownloadHelper.kt:34:36 Only safe (?.) or non-null asserted (!!.) calls are allowed on a nullable receiver of type 'kotlin.String?'.
e: file:///Users/HONGBGU/Documents/seadroid/app/src/main/java/com/seafile/seadroid2/framework/service/PreDownloadHelper.kt:51:36 Assignment type mismatch: actual type is 'kotlin.Long', but 'java.lang.Long' was expected.
e: file:///Users/HONGBGU/Documents/seadroid/app/src/main/java/com/seafile/seadroid2/framework/service/PreDownloadHelper.kt:77:39 Assignment type mismatch: actual type is 'kotlin.Long', but 'java.lang.Long' was expected.
e: file:///Users/HONGBGU/Documents/seadroid/app/src/main/java/com/seafile/seadroid2/framework/service/PreDownloadHelper.kt:94:40 Assignment type mismatch: actual type is 'kotlin.Long', but 'java.lang.Long' was expected.
e: file:///Users/HONGBGU/Documents/seadroid/app/src/main/java/com/seafile/seadroid2/framework/service/PreDownloadHelper.kt:109:50 Only safe (?.) or non-null asserted (!!.) calls are allowed on a nullable receiver of type 'com.seafile.seadroid2.framework.http.HttpIO?'.
e: file:///Users/HONGBGU/Documents/seadroid/app/src/main/java/com/seafile/seadroid2/framework/service/PreDownloadHelper.kt:110:17 Argument type mismatch: actual type is 'java.lang.Class<com.seafile.seadroid2.ui.file.FileService>', but 'java.lang.Class<T?>' was expected.
e: file:///Users/HONGBGU/Documents/seadroid/app/src/main/java/com/seafile/seadroid2/framework/service/PreDownloadHelper.kt:111:14 Only safe (?.) or non-null asserted (!!.) calls are allowed on a nullable receiver of type 'com.seafile.seadroid2.ui.file.FileService?'.
e: file:///Users/HONGBGU/Documents/seadroid/app/src/main/java/com/seafile/seadroid2/framework/service/PreDownloadHelper.kt:111:82 Only safe (?.) or non-null asserted (!!.) calls are allowed on a nullable receiver of type 'retrofit2.Call<kotlin.collections.MutableList<com.seafile.seadroid2.framework.model.dirents.DirentRecursiveFileModel?>?>?'.
e: file:///Users/HONGBGU/Documents/seadroid/app/src/main/java/com/seafile/seadroid2/framework/service/TransferService.kt:54:33 One type argument expected for class 'WeakReference'.
e: file:///Users/HONGBGU/Documents/seadroid/app/src/main/java/com/seafile/seadroid2/framework/service/TransferService.kt:61:20 Return type mismatch: expected 'com.seafile.seadroid2.framework.service.TransferService?', actual 'kotlin.text.MatchGroup?'.
e: file:///Users/HONGBGU/Documents/seadroid/app/src/main/java/com/seafile/seadroid2/framework/service/TransferService.kt:61:34 No value passed for parameter 'name'.
e: file:///Users/HONGBGU/Documents/seadroid/app/src/main/java/com/seafile/seadroid2/framework/service/TransferService.kt:84:9 'when' expression must be exhaustive. Add the 'START_SHARE_TO_SEAFILE_UPLOAD' branch or an 'else' branch.
e: file:///Users/HONGBGU/Documents/seadroid/app/src/main/java/com/seafile/seadroid2/framework/service/TransferService.kt:122:91 Argument type mismatch: actual type is 'com.seafile.seadroid2.enums.FeatureDataSource?', but 'com.seafile.seadroid2.enums.FeatureDataSource' was expected.
e: file:///Users/HONGBGU/Documents/seadroid/app/src/main/java/com/seafile/seadroid2/framework/service/TransferService.kt:314:42 Overload resolution ambiguity between candidates:
fun clearDelay(vararg source: FeatureDataSource): Unit
fun clearDelay(vararg source: FeatureDataSource?): Unit
e: file:///Users/HONGBGU/Documents/seadroid/app/src/main/java/com/seafile/seadroid2/framework/service/download/FileDownloader.kt:60:78 Only safe (?.) or non-null asserted (!!.) calls are allowed on a nullable receiver of type 'com.seafile.seadroid2.account.SupportAccountManager?'.
e: file:///Users/HONGBGU/Documents/seadroid/app/src/main/java/com/seafile/seadroid2/framework/service/download/FileDownloader.kt:112:44 Only safe (?.) or non-null asserted (!!.) calls are allowed on a nullable receiver of type 'com.seafile.seadroid2.framework.service.ITransferNotification?'.
e: file:///Users/HONGBGU/Documents/seadroid/app/src/main/java/com/seafile/seadroid2/framework/service/scan/AlbumBackupScanJobService.kt:28:29 Class '<anonymous>' is not abstract and does not implement abstract member 'accept'.
e: file:///Users/HONGBGU/Documents/seadroid/app/src/main/java/com/seafile/seadroid2/framework/service/scan/AlbumBackupScanJobService.kt:29:13 'accept' overrides nothing.
e: file:///Users/HONGBGU/Documents/seadroid/app/src/main/java/com/seafile/seadroid2/framework/service/scan/AlbumBackupScanJobService.kt:58:78 Only safe (?.) or non-null asserted (!!.) calls are allowed on a nullable receiver of type 'com.seafile.seadroid2.account.SupportAccountManager?'.
e: file:///Users/HONGBGU/Documents/seadroid/app/src/main/java/com/seafile/seadroid2/framework/service/scan/AlbumBackupScanJobService.kt:143:61 Only safe (?.) or non-null asserted (!!.) calls are allowed on a nullable receiver of type 'com.seafile.seadroid2.framework.service.BackupThreadExecutor?'.
e: file:///Users/HONGBGU/Documents/seadroid/app/src/main/java/com/seafile/seadroid2/framework/service/scan/AlbumScanHelper.kt:58:78 Only safe (?.) or non-null asserted (!!.) calls are allowed on a nullable receiver of type 'com.seafile.seadroid2.framework.service.BackupThreadExecutor?'.
e: file:///Users/HONGBGU/Documents/seadroid/app/src/main/java/com/seafile/seadroid2/framework/service/scan/AlbumScanHelper.kt:80:27 Only safe (?.) or non-null asserted (!!.) calls are allowed on a nullable receiver of type 'com.seafile.seadroid2.ui.camera_upload.GalleryBucketUtils.Bucket?'.
e: file:///Users/HONGBGU/Documents/seadroid/app/src/main/java/com/seafile/seadroid2/framework/service/scan/AlbumScanHelper.kt:81:44 Only safe (?.) or non-null asserted (!!.) calls are allowed on a nullable receiver of type 'com.seafile.seadroid2.ui.camera_upload.GalleryBucketUtils.Bucket?'.
e: file:///Users/HONGBGU/Documents/seadroid/app/src/main/java/com/seafile/seadroid2/framework/service/scan/AlbumScanHelper.kt:124:27 Only safe (?.) or non-null asserted (!!.) calls are allowed on a nullable receiver of type 'com.seafile.seadroid2.ui.camera_upload.GalleryBucketUtils.Bucket?'.
e: file:///Users/HONGBGU/Documents/seadroid/app/src/main/java/com/seafile/seadroid2/framework/service/scan/AlbumScanHelper.kt:125:44 Only safe (?.) or non-null asserted (!!.) calls are allowed on a nullable receiver of type 'com.seafile.seadroid2.ui.camera_upload.GalleryBucketUtils.Bucket?'.
e: file:///Users/HONGBGU/Documents/seadroid/app/src/main/java/com/seafile/seadroid2/framework/service/scan/AlbumScanHelper.kt:187:58 Unresolved reference 'toArray'.
e: file:///Users/HONGBGU/Documents/seadroid/app/src/main/java/com/seafile/seadroid2/framework/service/scan/AlbumScanHelper.kt:251:58 Unresolved reference 'toArray'.
e: file:///Users/HONGBGU/Documents/seadroid/app/src/main/java/com/seafile/seadroid2/framework/service/scan/AlbumScanHelper.kt:353:21 Only safe (?.) or non-null asserted (!!.) calls are allowed on a nullable receiver of type 'com.seafile.seadroid2.framework.db.AppDatabase?'.
e: file:///Users/HONGBGU/Documents/seadroid/app/src/main/java/com/seafile/seadroid2/framework/service/scan/AlbumScanHelper.kt:354:21 Only safe (?.) or non-null asserted (!!.) calls are allowed on a nullable receiver of type 'com.seafile.seadroid2.framework.db.dao.FileTransferDAO?'.
e: file:///Users/HONGBGU/Documents/seadroid/app/src/main/java/com/seafile/seadroid2/framework/service/scan/AlbumScanHelper.kt:444:21 Only safe (?.) or non-null asserted (!!.) calls are allowed on a nullable receiver of type 'com.seafile.seadroid2.framework.db.AppDatabase?'.
e: file:///Users/HONGBGU/Documents/seadroid/app/src/main/java/com/seafile/seadroid2/framework/service/scan/AlbumScanHelper.kt:445:21 Only safe (?.) or non-null asserted (!!.) calls are allowed on a nullable receiver of type 'com.seafile.seadroid2.framework.db.dao.FileTransferDAO?'.
e: file:///Users/HONGBGU/Documents/seadroid/app/src/main/java/com/seafile/seadroid2/framework/service/scan/AlbumScanHelper.kt:538:17 Assignment type mismatch: actual type is 'kotlin.collections.MutableList<com.seafile.seadroid2.framework.worker.queue.TransferModel?>', but 'kotlin.collections.MutableList<com.seafile.seadroid2.framework.worker.queue.TransferModel>?' was expected.
e: file:///Users/HONGBGU/Documents/seadroid/app/src/main/java/com/seafile/seadroid2/framework/service/scan/AlbumScanHelper.kt:538:84 Argument type mismatch: actual type is 'kotlin.String?', but 'kotlin.String' was expected.
e: file:///Users/HONGBGU/Documents/seadroid/app/src/main/java/com/seafile/seadroid2/framework/service/scan/AlbumScanHelper.kt:556:25 Only safe (?.) or non-null asserted (!!.) calls are allowed on a nullable receiver of type 'kotlin.String?'.
e: file:///Users/HONGBGU/Documents/seadroid/app/src/main/java/com/seafile/seadroid2/framework/service/scan/AlbumScanHelper.kt:557:34 Only safe (?.) or non-null asserted (!!.) calls are allowed on a nullable receiver of type 'kotlin.String?'.
e: file:///Users/HONGBGU/Documents/seadroid/app/src/main/java/com/seafile/seadroid2/framework/service/scan/AlbumScanHelper.kt:557:56 Only safe (?.) or non-null asserted (!!.) calls are allowed on a nullable receiver of type 'kotlin.String?'.
e: file:///Users/HONGBGU/Documents/seadroid/app/src/main/java/com/seafile/seadroid2/framework/service/scan/AlbumScanHelper.kt:558:34 Only safe (?.) or non-null asserted (!!.) calls are allowed on a nullable receiver of type 'kotlin.String?'.
e: file:///Users/HONGBGU/Documents/seadroid/app/src/main/java/com/seafile/seadroid2/framework/service/scan/AlbumScanHelper.kt:558:53 Only safe (?.) or non-null asserted (!!.) calls are allowed on a nullable receiver of type 'kotlin.String?'.
e: file:///Users/HONGBGU/Documents/seadroid/app/src/main/java/com/seafile/seadroid2/framework/service/scan/AlbumScanHelper.kt:581:67 Argument type mismatch: actual type is 'kotlin.String?', but 'kotlin.String' was expected.
e: file:///Users/HONGBGU/Documents/seadroid/app/src/main/java/com/seafile/seadroid2/framework/service/scan/AlbumScanHelper.kt:591:51 Initializer type mismatch: expected 'retrofit2.Call<com.seafile.seadroid2.framework.model.repo.DirentWrapperModel?>', actual 'retrofit2.Call<com.seafile.seadroid2.framework.model.repo.DirentWrapperModel?>?'.
e: file:///Users/HONGBGU/Documents/seadroid/app/src/main/java/com/seafile/seadroid2/framework/service/scan/AlbumScanHelper.kt:592:17 Only safe (?.) or non-null asserted (!!.) calls are allowed on a nullable receiver of type 'com.seafile.seadroid2.framework.http.HttpIO?'.
e: file:///Users/HONGBGU/Documents/seadroid/app/src/main/java/com/seafile/seadroid2/framework/service/scan/AlbumScanHelper.kt:592:40 Argument type mismatch: actual type is 'java.lang.Class<com.seafile.seadroid2.ui.repo.RepoService>', but 'java.lang.Class<T?>' was expected.
e: file:///Users/HONGBGU/Documents/seadroid/app/src/main/java/com/seafile/seadroid2/framework/service/scan/AlbumScanHelper.kt:593:17 Only safe (?.) or non-null asserted (!!.) calls are allowed on a nullable receiver of type 'com.seafile.seadroid2.ui.repo.RepoService?'.
e: file:///Users/HONGBGU/Documents/seadroid/app/src/main/java/com/seafile/seadroid2/framework/service/scan/AlbumScanHelper.kt:630:39 Initializer type mismatch: expected 'retrofit2.Call<kotlin.String?>', actual 'retrofit2.Call<kotlin.String?>?'.
e: file:///Users/HONGBGU/Documents/seadroid/app/src/main/java/com/seafile/seadroid2/framework/service/scan/AlbumScanHelper.kt:631:17 Only safe (?.) or non-null asserted (!!.) calls are allowed on a nullable receiver of type 'com.seafile.seadroid2.framework.http.HttpIO?'.
e: file:///Users/HONGBGU/Documents/seadroid/app/src/main/java/com/seafile/seadroid2/framework/service/scan/AlbumScanHelper.kt:631:40 Argument type mismatch: actual type is 'java.lang.Class<com.seafile.seadroid2.ui.file.FileService>', but 'java.lang.Class<T?>' was expected.
e: file:///Users/HONGBGU/Documents/seadroid/app/src/main/java/com/seafile/seadroid2/framework/service/scan/AlbumScanHelper.kt:632:17 Only safe (?.) or non-null asserted (!!.) calls are allowed on a nullable receiver of type 'com.seafile.seadroid2.ui.file.FileService?'.
e: file:///Users/HONGBGU/Documents/seadroid/app/src/main/java/com/seafile/seadroid2/framework/service/scan/AlbumScanHelper.kt:664:39 Initializer type mismatch: expected 'retrofit2.Call<kotlin.String?>', actual 'retrofit2.Call<kotlin.String?>?'.
e: file:///Users/HONGBGU/Documents/seadroid/app/src/main/java/com/seafile/seadroid2/framework/service/scan/AlbumScanHelper.kt:665:17 Only safe (?.) or non-null asserted (!!.) calls are allowed on a nullable receiver of type 'com.seafile.seadroid2.framework.http.HttpIO?'.
e: file:///Users/HONGBGU/Documents/seadroid/app/src/main/java/com/seafile/seadroid2/framework/service/scan/AlbumScanHelper.kt:665:40 Argument type mismatch: actual type is 'java.lang.Class<com.seafile.seadroid2.ui.file.FileService>', but 'java.lang.Class<T?>' was expected.
e: file:///Users/HONGBGU/Documents/seadroid/app/src/main/java/com/seafile/seadroid2/framework/service/scan/AlbumScanHelper.kt:666:17 Only safe (?.) or non-null asserted (!!.) calls are allowed on a nullable receiver of type 'com.seafile.seadroid2.ui.file.FileService?'.
e: file:///Users/HONGBGU/Documents/seadroid/app/src/main/java/com/seafile/seadroid2/framework/service/scan/FolderBackupScanJobService.kt:28:29 Class '<anonymous>' is not abstract and does not implement abstract member 'accept'.
e: file:///Users/HONGBGU/Documents/seadroid/app/src/main/java/com/seafile/seadroid2/framework/service/scan/FolderBackupScanJobService.kt:29:13 'accept' overrides nothing.
e: file:///Users/HONGBGU/Documents/seadroid/app/src/main/java/com/seafile/seadroid2/framework/service/scan/FolderBackupScanJobService.kt:54:78 Only safe (?.) or non-null asserted (!!.) calls are allowed on a nullable receiver of type 'com.seafile.seadroid2.account.SupportAccountManager?'.
e: file:///Users/HONGBGU/Documents/seadroid/app/src/main/java/com/seafile/seadroid2/framework/service/scan/FolderBackupScanJobService.kt:130:61 Only safe (?.) or non-null asserted (!!.) calls are allowed on a nullable receiver of type 'com.seafile.seadroid2.framework.service.BackupThreadExecutor?'.
e: file:///Users/HONGBGU/Documents/seadroid/app/src/main/java/com/seafile/seadroid2/framework/service/scan/FolderScanHelper.kt:61:17 Initializer type mismatch: expected 'retrofit2.Call<kotlin.collections.MutableList<com.seafile.seadroid2.framework.model.dirents.DirentRecursiveFileModel?>?>', actual 'retrofit2.Call<kotlin.collections.MutableList<com.seafile.seadroid2.framework.model.dirents.DirentRecursiveFileModel?>?>?'.
e: file:///Users/HONGBGU/Documents/seadroid/app/src/main/java/com/seafile/seadroid2/framework/service/scan/FolderScanHelper.kt:61:54 Only safe (?.) or non-null asserted (!!.) calls are allowed on a nullable receiver of type 'com.seafile.seadroid2.framework.http.HttpIO?'.
e: file:///Users/HONGBGU/Documents/seadroid/app/src/main/java/com/seafile/seadroid2/framework/service/scan/FolderScanHelper.kt:61:77 Argument type mismatch: actual type is 'java.lang.Class<com.seafile.seadroid2.ui.repo.RepoService>', but 'java.lang.Class<T?>' was expected.
e: file:///Users/HONGBGU/Documents/seadroid/app/src/main/java/com/seafile/seadroid2/framework/service/scan/FolderScanHelper.kt:62:21 Only safe (?.) or non-null asserted (!!.) calls are allowed on a nullable receiver of type 'com.seafile.seadroid2.ui.repo.RepoService?'.
e: file:///Users/HONGBGU/Documents/seadroid/app/src/main/java/com/seafile/seadroid2/framework/service/scan/FolderScanHelper.kt:94:13 Initializer type mismatch: expected 'kotlin.collections.MutableList<com.seafile.seadroid2.framework.db.entities.RepoModel>?', actual 'kotlin.collections.MutableList<com.seafile.seadroid2.framework.db.entities.RepoModel?>?'.
e: file:///Users/HONGBGU/Documents/seadroid/app/src/main/java/com/seafile/seadroid2/framework/service/scan/FolderScanHelper.kt:94:48 Only safe (?.) or non-null asserted (!!.) calls are allowed on a nullable receiver of type 'com.seafile.seadroid2.framework.db.AppDatabase?'.
e: file:///Users/HONGBGU/Documents/seadroid/app/src/main/java/com/seafile/seadroid2/framework/service/scan/FolderScanHelper.kt:94:58 Only safe (?.) or non-null asserted (!!.) calls are allowed on a nullable receiver of type 'com.seafile.seadroid2.framework.db.dao.RepoDAO?'.
e: file:///Users/HONGBGU/Documents/seadroid/app/src/main/java/com/seafile/seadroid2/framework/service/scan/FolderScanHelper.kt:116:88 Argument type mismatch: actual type is 'kotlin.String?', but 'kotlin.String' was expected.
e: file:///Users/HONGBGU/Documents/seadroid/app/src/main/java/com/seafile/seadroid2/framework/service/scan/FolderScanHelper.kt:147:13 Initializer type mismatch: expected 'kotlin.collections.MutableList<com.seafile.seadroid2.framework.db.entities.RepoModel>?', actual 'kotlin.collections.MutableList<com.seafile.seadroid2.framework.db.entities.RepoModel?>?'.
e: file:///Users/HONGBGU/Documents/seadroid/app/src/main/java/com/seafile/seadroid2/framework/service/scan/FolderScanHelper.kt:147:48 Only safe (?.) or non-null asserted (!!.) calls are allowed on a nullable receiver of type 'com.seafile.seadroid2.framework.db.AppDatabase?'.
e: file:///Users/HONGBGU/Documents/seadroid/app/src/main/java/com/seafile/seadroid2/framework/service/scan/FolderScanHelper.kt:147:58 Only safe (?.) or non-null asserted (!!.) calls are allowed on a nullable receiver of type 'com.seafile.seadroid2.framework.db.dao.RepoDAO?'.
e: file:///Users/HONGBGU/Documents/seadroid/app/src/main/java/com/seafile/seadroid2/framework/service/scan/FolderScanHelper.kt:167:79 Argument type mismatch: actual type is 'kotlin.String?', but 'kotlin.String' was expected.
e: file:///Users/HONGBGU/Documents/seadroid/app/src/main/java/com/seafile/seadroid2/framework/service/scan/FolderScanHelper.kt:216:13 Only safe (?.) or non-null asserted (!!.) calls are allowed on a nullable receiver of type 'com.seafile.seadroid2.framework.db.AppDatabase?'.
e: file:///Users/HONGBGU/Documents/seadroid/app/src/main/java/com/seafile/seadroid2/framework/service/scan/FolderScanHelper.kt:217:13 Only safe (?.) or non-null asserted (!!.) calls are allowed on a nullable receiver of type 'com.seafile.seadroid2.framework.db.dao.FileTransferDAO?'.
e: file:///Users/HONGBGU/Documents/seadroid/app/src/main/java/com/seafile/seadroid2/framework/service/scan/FolderScanHelper.kt:339:13 Only safe (?.) or non-null asserted (!!.) calls are allowed on a nullable receiver of type 'com.seafile.seadroid2.framework.db.AppDatabase?'.
e: file:///Users/HONGBGU/Documents/seadroid/app/src/main/java/com/seafile/seadroid2/framework/service/scan/FolderScanHelper.kt:340:13 Only safe (?.) or non-null asserted (!!.) calls are allowed on a nullable receiver of type 'com.seafile.seadroid2.framework.db.dao.FileTransferDAO?'.
e: file:///Users/HONGBGU/Documents/seadroid/app/src/main/java/com/seafile/seadroid2/framework/service/upload/FileUploader.kt:66:21 Only safe (?.) or non-null asserted (!!.) calls are allowed on a nullable receiver of type 'com.seafile.seadroid2.account.SupportAccountManager?'.
e: file:///Users/HONGBGU/Documents/seadroid/app/src/main/java/com/seafile/seadroid2/framework/service/upload/FileUploader.kt:123:44 Only safe (?.) or non-null asserted (!!.) calls are allowed on a nullable receiver of type 'com.seafile.seadroid2.framework.service.ITransferNotification?'.
e: file:///Users/HONGBGU/Documents/seadroid/app/src/main/java/com/seafile/seadroid2/framework/service/upload/FolderBackupScanner.kt:23:25 Argument type mismatch: actual type is 'android.content.Context?', but 'android.content.Context' was expected.
e: file:///Users/HONGBGU/Documents/seadroid/app/src/main/java/com/seafile/seadroid2/framework/service/upload/FolderBackupScanner.kt:34:78 Only safe (?.) or non-null asserted (!!.) calls are allowed on a nullable receiver of type 'com.seafile.seadroid2.account.SupportAccountManager?'.
e: file:///Users/HONGBGU/Documents/seadroid/app/src/main/java/com/seafile/seadroid2/framework/service/upload/FolderBackupUploader.kt:62:78 Only safe (?.) or non-null asserted (!!.) calls are allowed on a nullable receiver of type 'com.seafile.seadroid2.account.SupportAccountManager?'.
e: file:///Users/HONGBGU/Documents/seadroid/app/src/main/java/com/seafile/seadroid2/framework/service/upload/FolderBackupUploader.kt:158:44 Only safe (?.) or non-null asserted (!!.) calls are allowed on a nullable receiver of type 'com.seafile.seadroid2.framework.service.ITransferNotification?'.
e: file:///Users/HONGBGU/Documents/seadroid/app/src/main/java/com/seafile/seadroid2/framework/service/upload/LocalFileUpdater.kt:57:78 Only safe (?.) or non-null asserted (!!.) calls are allowed on a nullable receiver of type 'com.seafile.seadroid2.account.SupportAccountManager?'.
e: file:///Users/HONGBGU/Documents/seadroid/app/src/main/java/com/seafile/seadroid2/framework/service/upload/LocalFileUpdater.kt:89:21 Only safe (?.) or non-null asserted (!!.) calls are allowed on a nullable receiver of type 'com.seafile.seadroid2.framework.db.AppDatabase?'.
e: file:///Users/HONGBGU/Documents/seadroid/app/src/main/java/com/seafile/seadroid2/framework/service/upload/LocalFileUpdater.kt:90:21 Only safe (?.) or non-null asserted (!!.) calls are allowed on a nullable receiver of type 'com.seafile.seadroid2.framework.db.dao.FileCacheStatusDAO?'.
e: file:///Users/HONGBGU/Documents/seadroid/app/src/main/java/com/seafile/seadroid2/framework/service/upload/LocalFileUpdater.kt:124:44 Only safe (?.) or non-null asserted (!!.) calls are allowed on a nullable receiver of type 'com.seafile.seadroid2.framework.service.ITransferNotification?'.
e: file:///Users/HONGBGU/Documents/seadroid/app/src/main/java/com/seafile/seadroid2/framework/service/upload/LocalFileUpdater.kt:184:36 Assignment type mismatch: actual type is 'kotlin.Long', but 'java.lang.Long' was expected.
e: file:///Users/HONGBGU/Documents/seadroid/app/src/main/java/com/seafile/seadroid2/framework/service/upload/LocalFileUpdater.kt:193:35 Assignment type mismatch: actual type is 'kotlin.Long', but 'java.lang.Long' was expected.
e: file:///Users/HONGBGU/Documents/seadroid/app/src/main/java/com/seafile/seadroid2/framework/service/upload/LocalFileUpdater.kt:208:17 Initializer type mismatch: expected 'retrofit2.Call<com.seafile.seadroid2.framework.model.dirents.DirentFileModel?>', actual 'retrofit2.Call<com.seafile.seadroid2.framework.model.dirents.DirentFileModel?>?'.
e: file:///Users/HONGBGU/Documents/seadroid/app/src/main/java/com/seafile/seadroid2/framework/service/upload/LocalFileUpdater.kt:208:54 Only safe (?.) or non-null asserted (!!.) calls are allowed on a nullable receiver of type 'com.seafile.seadroid2.framework.http.HttpIO?'.
e: file:///Users/HONGBGU/Documents/seadroid/app/src/main/java/com/seafile/seadroid2/framework/service/upload/LocalFileUpdater.kt:209:21 Argument type mismatch: actual type is 'java.lang.Class<com.seafile.seadroid2.ui.file.FileService>', but 'java.lang.Class<T?>' was expected.
e: file:///Users/HONGBGU/Documents/seadroid/app/src/main/java/com/seafile/seadroid2/framework/service/upload/LocalFileUpdater.kt:210:18 Only safe (?.) or non-null asserted (!!.) calls are allowed on a nullable receiver of type 'com.seafile.seadroid2.ui.file.FileService?'.
e: file:///Users/HONGBGU/Documents/seadroid/app/src/main/java/com/seafile/seadroid2/framework/service/upload/MediaBackupScanner.kt:21:25 Argument type mismatch: actual type is 'android.content.Context?', but 'android.content.Context' was expected.
e: file:///Users/HONGBGU/Documents/seadroid/app/src/main/java/com/seafile/seadroid2/framework/service/upload/MediaBackupScanner.kt:32:78 Only safe (?.) or non-null asserted (!!.) calls are allowed on a nullable receiver of type 'com.seafile.seadroid2.account.SupportAccountManager?'.
e: file:///Users/HONGBGU/Documents/seadroid/app/src/main/java/com/seafile/seadroid2/framework/service/upload/MediaBackupUploader.kt:61:78 Only safe (?.) or non-null asserted (!!.) calls are allowed on a nullable receiver of type 'com.seafile.seadroid2.account.SupportAccountManager?'.
e: file:///Users/HONGBGU/Documents/seadroid/app/src/main/java/com/seafile/seadroid2/framework/service/upload/MediaBackupUploader.kt:157:44 Only safe (?.) or non-null asserted (!!.) calls are allowed on a nullable receiver of type 'com.seafile.seadroid2.framework.service.ITransferNotification?'.
e: file:///Users/HONGBGU/Documents/seadroid/app/src/main/java/com/seafile/seadroid2/framework/service/upload/ShareToSeafileUploader.kt:68:21 Only safe (?.) or non-null asserted (!!.) calls are allowed on a nullable receiver of type 'com.seafile.seadroid2.account.SupportAccountManager?'.
e: file:///Users/HONGBGU/Documents/seadroid/app/src/main/java/com/seafile/seadroid2/framework/service/upload/ShareToSeafileUploader.kt:97:44 Only safe (?.) or non-null asserted (!!.) calls are allowed on a nullable receiver of type 'com.seafile.seadroid2.framework.service.ITransferNotification?'.
e: file:///Users/HONGBGU/Documents/seadroid/app/src/main/java/com/seafile/seadroid2/framework/util/ConcurrentAsyncTask.kt:72:68 Initializer type mismatch: expected 'java.util.concurrent.BlockingQueue<java.lang.Runnable?>', actual 'java.util.concurrent.LinkedBlockingQueue<kotlin.Any?>'.
e: file:///Users/HONGBGU/Documents/seadroid/app/src/main/java/com/seafile/seadroid2/framework/util/ConcurrentAsyncTask.kt:72:68 Type mismatch: inferred type is 'kotlin.Any?', but 'java.lang.Runnable?' was expected.
e: file:///Users/HONGBGU/Documents/seadroid/app/src/main/java/com/seafile/seadroid2/framework/util/DeviceIdManager.kt:8:61 Cannot import 'equals'. Functions and properties can only be imported from packages or objects.
e: file:///Users/HONGBGU/Documents/seadroid/app/src/main/java/com/seafile/seadroid2/framework/util/DeviceIdManager.kt:9:65 Cannot import 'equals'. Functions and properties can only be imported from packages or objects.
e: file:///Users/HONGBGU/Documents/seadroid/app/src/main/java/com/seafile/seadroid2/framework/util/DeviceIdManager.kt:10:61 Cannot import 'email'. Functions and properties can only be imported from packages or objects.
e: file:///Users/HONGBGU/Documents/seadroid/app/src/main/java/com/seafile/seadroid2/framework/util/DeviceIdManager.kt:27:58 Only safe (?.) or non-null asserted (!!.) calls are allowed on a nullable receiver of type 'com.seafile.seadroid2.account.SupportAccountManager?'.
e: file:///Users/HONGBGU/Documents/seadroid/app/src/main/java/com/seafile/seadroid2/framework/util/DeviceIdManager.kt:28:65 Only safe (?.) or non-null asserted (!!.) calls are allowed on a nullable receiver of type 'com.seafile.seadroid2.account.SupportAccountManager?'.
e: file:///Users/HONGBGU/Documents/seadroid/app/src/main/java/com/seafile/seadroid2/framework/util/DeviceIdManager.kt:28:85 Only safe (?.) or non-null asserted (!!.) calls are allowed on a nullable receiver of type 'com.seafile.seadroid2.account.Account?'.
e: file:///Users/HONGBGU/Documents/seadroid/app/src/main/java/com/seafile/seadroid2/framework/util/ExceptionUtils.kt:59:84 Null cannot be a value of a non-null type 'kotlin.String'.
e: file:///Users/HONGBGU/Documents/seadroid/app/src/main/java/com/seafile/seadroid2/framework/util/ExceptionUtils.kt:65:76 Null cannot be a value of a non-null type 'kotlin.String'.
e: file:///Users/HONGBGU/Documents/seadroid/app/src/main/java/com/seafile/seadroid2/framework/util/FileUtils.kt:149:54 Incompatible types 'kotlin.Char' and 'kotlin.Int'.
e: file:///Users/HONGBGU/Documents/seadroid/app/src/main/java/com/seafile/seadroid2/framework/util/Logs.kt:36:25 Unresolved reference 'LogConfiguration'.
e: file:///Users/HONGBGU/Documents/seadroid/app/src/main/java/com/seafile/seadroid2/framework/util/Logs.kt:36:44 Unresolved reference 'LogConfiguration'.
e: file:///Users/HONGBGU/Documents/seadroid/app/src/main/java/com/seafile/seadroid2/framework/util/Logs.kt:42:43 Unresolved reference 'AndroidPrinter'.
e: file:///Users/HONGBGU/Documents/seadroid/app/src/main/java/com/seafile/seadroid2/framework/util/Logs.kt:46:41 Unresolved reference 'FilePrinter'.
e: file:///Users/HONGBGU/Documents/seadroid/app/src/main/java/com/seafile/seadroid2/framework/util/Logs.kt:48:28 Unresolved reference 'ClassicFlattener'.
e: file:///Users/HONGBGU/Documents/seadroid/app/src/main/java/com/seafile/seadroid2/framework/util/Logs.kt:49:33 Unresolved reference 'FileSizeBackupStrategy2'.
e: file:///Users/HONGBGU/Documents/seadroid/app/src/main/java/com/seafile/seadroid2/framework/util/Logs.kt:50:32 Unresolved reference 'FileLastModifiedCleanStrategy'.
e: file:///Users/HONGBGU/Documents/seadroid/app/src/main/java/com/seafile/seadroid2/framework/util/Logs.kt:54:13 Unresolved reference 'XLog'.
e: file:///Users/HONGBGU/Documents/seadroid/app/src/main/java/com/seafile/seadroid2/framework/util/Logs.kt:64:13 Unresolved reference 'XLog'.
e: file:///Users/HONGBGU/Documents/seadroid/app/src/main/java/com/seafile/seadroid2/framework/util/Logs.kt:68:13 Unresolved reference 'XLog'.
e: file:///Users/HONGBGU/Documents/seadroid/app/src/main/java/com/seafile/seadroid2/framework/util/Logs.kt:73:13 Unresolved reference 'XLog'.
e: file:///Users/HONGBGU/Documents/seadroid/app/src/main/java/com/seafile/seadroid2/framework/util/Logs.kt:77:13 Unresolved reference 'XLog'.
e: file:///Users/HONGBGU/Documents/seadroid/app/src/main/java/com/seafile/seadroid2/framework/util/Logs.kt:81:13 Unresolved reference 'XLog'.
e: file:///Users/HONGBGU/Documents/seadroid/app/src/main/java/com/seafile/seadroid2/framework/util/Logs.kt:86:13 Unresolved reference 'XLog'.
e: file:///Users/HONGBGU/Documents/seadroid/app/src/main/java/com/seafile/seadroid2/framework/util/Logs.kt:112:13 Unresolved reference 'XLog'.
e: file:///Users/HONGBGU/Documents/seadroid/app/src/main/java/com/seafile/seadroid2/framework/util/Logs.kt:117:17 Unresolved reference 'XLog'.
e: file:///Users/HONGBGU/Documents/seadroid/app/src/main/java/com/seafile/seadroid2/framework/util/Logs.kt:123:13 Unresolved reference 'XLog'.
e: file:///Users/HONGBGU/Documents/seadroid/app/src/main/java/com/seafile/seadroid2/framework/util/Logs.kt:128:13 Unresolved reference 'XLog'.
e: file:///Users/HONGBGU/Documents/seadroid/app/src/main/java/com/seafile/seadroid2/framework/util/Logs.kt:132:13 Unresolved reference 'XLog'.
e: file:///Users/HONGBGU/Documents/seadroid/app/src/main/java/com/seafile/seadroid2/framework/util/Logs.kt:136:13 Unresolved reference 'XLog'.
e: file:///Users/HONGBGU/Documents/seadroid/app/src/main/java/com/seafile/seadroid2/framework/util/Logs.kt:140:13 Unresolved reference 'XLog'.
e: file:///Users/HONGBGU/Documents/seadroid/app/src/main/java/com/seafile/seadroid2/framework/util/Logs.kt:144:13 Unresolved reference 'XLog'.
e: file:///Users/HONGBGU/Documents/seadroid/app/src/main/java/com/seafile/seadroid2/framework/util/Logs.kt:150:13 Unresolved reference 'XLog'.
e: file:///Users/HONGBGU/Documents/seadroid/app/src/main/java/com/seafile/seadroid2/framework/util/Logs.kt:155:13 Unresolved reference 'XLog'.
e: file:///Users/HONGBGU/Documents/seadroid/app/src/main/java/com/seafile/seadroid2/framework/util/Logs.kt:160:13 Unresolved reference 'XLog'.
e: file:///Users/HONGBGU/Documents/seadroid/app/src/main/java/com/seafile/seadroid2/framework/util/Logs.kt:164:13 Unresolved reference 'XLog'.
e: file:///Users/HONGBGU/Documents/seadroid/app/src/main/java/com/seafile/seadroid2/framework/util/Logs.kt:168:13 Unresolved reference 'XLog'.
e: file:///Users/HONGBGU/Documents/seadroid/app/src/main/java/com/seafile/seadroid2/framework/util/Logs.kt:173:13 Unresolved reference 'XLog'.
e: file:///Users/HONGBGU/Documents/seadroid/app/src/main/java/com/seafile/seadroid2/framework/util/Logs.kt:177:13 Unresolved reference 'XLog'.
e: file:///Users/HONGBGU/Documents/seadroid/app/src/main/java/com/seafile/seadroid2/framework/util/Logs.kt:181:13 Unresolved reference 'XLog'.
e: file:///Users/HONGBGU/Documents/seadroid/app/src/main/java/com/seafile/seadroid2/framework/util/Logs.kt:207:13 Unresolved reference 'XLog'.
e: file:///Users/HONGBGU/Documents/seadroid/app/src/main/java/com/seafile/seadroid2/framework/util/Logs.kt:211:13 Unresolved reference 'XLog'.
e: file:///Users/HONGBGU/Documents/seadroid/app/src/main/java/com/seafile/seadroid2/framework/util/Logs.kt:216:17 Unresolved reference 'XLog'.
e: file:///Users/HONGBGU/Documents/seadroid/app/src/main/java/com/seafile/seadroid2/framework/util/Objs.kt:55:55 Unresolved reference 'Single'.
e: file:///Users/HONGBGU/Documents/seadroid/app/src/main/java/com/seafile/seadroid2/framework/util/Objs.kt:55:74 Unresolved reference 'StarredModel'.
e: file:///Users/HONGBGU/Documents/seadroid/app/src/main/java/com/seafile/seadroid2/framework/util/Objs.kt:56:24 Unresolved reference 'Single'.
e: file:///Users/HONGBGU/Documents/seadroid/app/src/main/java/com/seafile/seadroid2/framework/util/Objs.kt:56:31 Unresolved reference 'StarredWrapperModel'.
e: file:///Users/HONGBGU/Documents/seadroid/app/src/main/java/com/seafile/seadroid2/framework/util/Objs.kt:56:55 Unresolved reference 'HttpIO'.
e: file:///Users/HONGBGU/Documents/seadroid/app/src/main/java/com/seafile/seadroid2/framework/util/Objs.kt:57:22 Unresolved reference 'StarredService'.
e: file:///Users/HONGBGU/Documents/seadroid/app/src/main/java/com/seafile/seadroid2/framework/util/Objs.kt:57:39 Unresolved reference 'StarredService'.
e: file:///Users/HONGBGU/Documents/seadroid/app/src/main/java/com/seafile/seadroid2/framework/util/Objs.kt:57:61 Unresolved reference. None of the following candidates is applicable because of a receiver type mismatch:
val <T> KClass<T>.java: Class<T>
e: file:///Users/HONGBGU/Documents/seadroid/app/src/main/java/com/seafile/seadroid2/framework/util/Objs.kt:58:26 Unresolved reference 'Completable'.
e: file:///Users/HONGBGU/Documents/seadroid/app/src/main/java/com/seafile/seadroid2/framework/util/Objs.kt:58:40 Unresolved reference 'AppDatabase'.
e: file:///Users/HONGBGU/Documents/seadroid/app/src/main/java/com/seafile/seadroid2/framework/util/Objs.kt:60:27 Unresolved reference 'Single'.
e: file:///Users/HONGBGU/Documents/seadroid/app/src/main/java/com/seafile/seadroid2/framework/util/Objs.kt:60:54 Unresolved reference 'toSingleDefault'.
e: file:///Users/HONGBGU/Documents/seadroid/app/src/main/java/com/seafile/seadroid2/framework/util/Objs.kt:61:16 Unresolved reference 'Single'.
e: file:///Users/HONGBGU/Documents/seadroid/app/src/main/java/com/seafile/seadroid2/framework/util/Objs.kt:61:27 Unresolved reference 'StarredWrapperModel'.
e: file:///Users/HONGBGU/Documents/seadroid/app/src/main/java/com/seafile/seadroid2/framework/util/Objs.kt:61:67 Unresolved reference 'StarredModel'.
e: file:///Users/HONGBGU/Documents/seadroid/app/src/main/java/com/seafile/seadroid2/framework/util/Objs.kt:64:13 Class '<anonymous>' is not abstract and does not implement abstract member 'apply'.
e: file:///Users/HONGBGU/Documents/seadroid/app/src/main/java/com/seafile/seadroid2/framework/util/Objs.kt:64:33 Unresolved reference 'StarredWrapperModel'.
e: file:///Users/HONGBGU/Documents/seadroid/app/src/main/java/com/seafile/seadroid2/framework/util/Objs.kt:64:73 Unresolved reference 'StarredModel'.
e: file:///Users/HONGBGU/Documents/seadroid/app/src/main/java/com/seafile/seadroid2/framework/util/Objs.kt:66:17 'apply' overrides nothing.
e: file:///Users/HONGBGU/Documents/seadroid/app/src/main/java/com/seafile/seadroid2/framework/util/Objs.kt:67:42 Unresolved reference 'StarredWrapperModel'.
e: file:///Users/HONGBGU/Documents/seadroid/app/src/main/java/com/seafile/seadroid2/framework/util/Objs.kt:69:32 Unresolved reference 'StarredModel'.
e: file:///Users/HONGBGU/Documents/seadroid/app/src/main/java/com/seafile/seadroid2/framework/util/Objs.kt:70:62 Method 'iterator()' is ambiguous for this expression. Applicable candidates:
fun <T> Enumeration<T>.iterator(): Iterator<T>
@InlineOnly() fun <T> Iterator<T>.iterator(): Iterator<T>
@InlineOnly() fun <K, V> Map<out K, V>.iterator(): Iterator<Map.Entry<K, V>>
@JvmName(...) @InlineOnly() fun <K, V> MutableMap<K, V>.iterator(): MutableIterator<MutableMap.MutableEntry<K, V>>
fun CharSequence.iterator(): CharIterator
fun BufferedInputStream.iterator(): ByteIterator
e: file:///Users/HONGBGU/Documents/seadroid/app/src/main/java/com/seafile/seadroid2/framework/util/Objs.kt:70:62 Unresolved reference 'starred_item_list'.
e: file:///Users/HONGBGU/Documents/seadroid/app/src/main/java/com/seafile/seadroid2/framework/util/Objs.kt:72:29 Unresolved reference 'not' for operator '!'.
e: file:///Users/HONGBGU/Documents/seadroid/app/src/main/java/com/seafile/seadroid2/framework/util/Objs.kt:72:30 Unresolved reference 'TextUtils'.
e: file:///Users/HONGBGU/Documents/seadroid/app/src/main/java/com/seafile/seadroid2/framework/util/Objs.kt:77:48 Unresolved reference 'starred_item_list'.
e: file:///Users/HONGBGU/Documents/seadroid/app/src/main/java/com/seafile/seadroid2/framework/util/Objs.kt:79:16 None of the following candidates is applicable:
fun <T, R> Array<out T>.flatMap(transform: (T) -> Iterable<R>): List<R>
fun <R> BooleanArray.flatMap(transform: (Boolean) -> Iterable<R>): List<R>
fun <R> ByteArray.flatMap(transform: (Byte) -> Iterable<R>): List<R>
fun <R> CharArray.flatMap(transform: (Char) -> Iterable<R>): List<R>
fun <R> DoubleArray.flatMap(transform: (Double) -> Iterable<R>): List<R>
fun <R> FloatArray.flatMap(transform: (Float) -> Iterable<R>): List<R>
fun <R> IntArray.flatMap(transform: (Int) -> Iterable<R>): List<R>
fun <R> LongArray.flatMap(transform: (Long) -> Iterable<R>): List<R>
fun <R> ShortArray.flatMap(transform: (Short) -> Iterable<R>): List<R>
fun <T, R> Iterable<T>.flatMap(transform: (T) -> Iterable<R>): List<R>
fun <K, V, R> Map<out K, V>.flatMap(transform: (Map.Entry<K, V>) -> Iterable<R>): List<R>
@SinceKotlin(...) @ExperimentalUnsignedTypes() @InlineOnly() fun <R> UByteArray.flatMap(transform: (UByte) -> Iterable<R>): List<R>
@SinceKotlin(...) @ExperimentalUnsignedTypes() @InlineOnly() fun <R> UIntArray.flatMap(transform: (UInt) -> Iterable<R>): List<R>
@SinceKotlin(...) @ExperimentalUnsignedTypes() @InlineOnly() fun <R> ULongArray.flatMap(transform: (ULong) -> Iterable<R>): List<R>
@SinceKotlin(...) @ExperimentalUnsignedTypes() @InlineOnly() fun <R> UShortArray.flatMap(transform: (UShort) -> Iterable<R>): List<R>
fun <T, R> Sequence<T>.flatMap(transform: (T) -> Sequence<R>): Sequence<R>
fun <R> CharSequence.flatMap(transform: (Char) -> Iterable<R>): List<R>
e: file:///Users/HONGBGU/Documents/seadroid/app/src/main/java/com/seafile/seadroid2/framework/util/Objs.kt:79:36 Unresolved reference 'StarredModel'.
e: file:///Users/HONGBGU/Documents/seadroid/app/src/main/java/com/seafile/seadroid2/framework/util/Objs.kt:79:53 Class '<anonymous>' is not abstract and does not implement abstract member 'apply'.
e: file:///Users/HONGBGU/Documents/seadroid/app/src/main/java/com/seafile/seadroid2/framework/util/Objs.kt:80:34 Unresolved reference 'StarredModel'.
e: file:///Users/HONGBGU/Documents/seadroid/app/src/main/java/com/seafile/seadroid2/framework/util/Objs.kt:80:51 Unresolved reference 'SingleSource'.
e: file:///Users/HONGBGU/Documents/seadroid/app/src/main/java/com/seafile/seadroid2/framework/util/Objs.kt:80:76 Unresolved reference 'StarredModel'.
e: file:///Users/HONGBGU/Documents/seadroid/app/src/main/java/com/seafile/seadroid2/framework/util/Objs.kt:82:13 'apply' overrides nothing.
e: file:///Users/HONGBGU/Documents/seadroid/app/src/main/java/com/seafile/seadroid2/framework/util/Objs.kt:82:59 Unresolved reference 'StarredModel'.
e: file:///Users/HONGBGU/Documents/seadroid/app/src/main/java/com/seafile/seadroid2/framework/util/Objs.kt:82:76 Unresolved reference 'SingleSource'.
e: file:///Users/HONGBGU/Documents/seadroid/app/src/main/java/com/seafile/seadroid2/framework/util/Objs.kt:82:101 Unresolved reference 'StarredModel'.
e: file:///Users/HONGBGU/Documents/seadroid/app/src/main/java/com/seafile/seadroid2/framework/util/Objs.kt:83:17 Unresolved reference 'AppDatabase'.
e: file:///Users/HONGBGU/Documents/seadroid/app/src/main/java/com/seafile/seadroid2/framework/util/Objs.kt:84:24 Unresolved reference 'Single'.
e: file:///Users/HONGBGU/Documents/seadroid/app/src/main/java/com/seafile/seadroid2/framework/util/Objs.kt:84:48 Unresolved reference 'StarredModel'.
e: file:///Users/HONGBGU/Documents/seadroid/app/src/main/java/com/seafile/seadroid2/framework/util/Objs.kt:91:53 Unresolved reference 'Single'.
e: file:///Users/HONGBGU/Documents/seadroid/app/src/main/java/com/seafile/seadroid2/framework/util/Objs.kt:91:72 Unresolved reference 'BaseModel'.
e: file:///Users/HONGBGU/Documents/seadroid/app/src/main/java/com/seafile/seadroid2/framework/util/Objs.kt:92:24 Unresolved reference 'Single'.
e: file:///Users/HONGBGU/Documents/seadroid/app/src/main/java/com/seafile/seadroid2/framework/util/Objs.kt:92:31 Unresolved reference 'RepoWrapperModel'.
e: file:///Users/HONGBGU/Documents/seadroid/app/src/main/java/com/seafile/seadroid2/framework/util/Objs.kt:92:52 Unresolved reference 'HttpIO'.
e: file:///Users/HONGBGU/Documents/seadroid/app/src/main/java/com/seafile/seadroid2/framework/util/Objs.kt:93:22 Unresolved reference 'RepoService'.
e: file:///Users/HONGBGU/Documents/seadroid/app/src/main/java/com/seafile/seadroid2/framework/util/Objs.kt:93:36 Unresolved reference 'RepoService'.
e: file:///Users/HONGBGU/Documents/seadroid/app/src/main/java/com/seafile/seadroid2/framework/util/Objs.kt:93:55 Unresolved reference. None of the following candidates is applicable because of a receiver type mismatch:
val <T> KClass<T>.java: Class<T>
e: file:///Users/HONGBGU/Documents/seadroid/app/src/main/java/com/seafile/seadroid2/framework/util/Objs.kt:95:26 None of the following candidates is applicable:
fun <T, R> Array<out T>.flatMap(transform: (T) -> Iterable<R>): List<R>
fun <R> BooleanArray.flatMap(transform: (Boolean) -> Iterable<R>): List<R>
fun <R> ByteArray.flatMap(transform: (Byte) -> Iterable<R>): List<R>
fun <R> CharArray.flatMap(transform: (Char) -> Iterable<R>): List<R>
fun <R> DoubleArray.flatMap(transform: (Double) -> Iterable<R>): List<R>
fun <R> FloatArray.flatMap(transform: (Float) -> Iterable<R>): List<R>
fun <R> IntArray.flatMap(transform: (Int) -> Iterable<R>): List<R>
fun <R> LongArray.flatMap(transform: (Long) -> Iterable<R>): List<R>
fun <R> ShortArray.flatMap(transform: (Short) -> Iterable<R>): List<R>
fun <T, R> Iterable<T>.flatMap(transform: (T) -> Iterable<R>): List<R>
fun <K, V, R> Map<out K, V>.flatMap(transform: (Map.Entry<K, V>) -> Iterable<R>): List<R>
@SinceKotlin(...) @ExperimentalUnsignedTypes() @InlineOnly() fun <R> UByteArray.flatMap(transform: (UByte) -> Iterable<R>): List<R>
@SinceKotlin(...) @ExperimentalUnsignedTypes() @InlineOnly() fun <R> UIntArray.flatMap(transform: (UInt) -> Iterable<R>): List<R>
@SinceKotlin(...) @ExperimentalUnsignedTypes() @InlineOnly() fun <R> ULongArray.flatMap(transform: (ULong) -> Iterable<R>): List<R>
@SinceKotlin(...) @ExperimentalUnsignedTypes() @InlineOnly() fun <R> UShortArray.flatMap(transform: (UShort) -> Iterable<R>): List<R>
fun <T, R> Sequence<T>.flatMap(transform: (T) -> Sequence<R>): Sequence<R>
fun <R> CharSequence.flatMap(transform: (Char) -> Iterable<R>): List<R>
e: file:///Users/HONGBGU/Documents/seadroid/app/src/main/java/com/seafile/seadroid2/framework/util/Objs.kt:95:46 Unresolved reference 'RepoModel'.
e: file:///Users/HONGBGU/Documents/seadroid/app/src/main/java/com/seafile/seadroid2/framework/util/Objs.kt:95:60 Class '<anonymous>' is not abstract and does not implement abstract member 'apply'.
e: file:///Users/HONGBGU/Documents/seadroid/app/src/main/java/com/seafile/seadroid2/framework/util/Objs.kt:96:22 Unresolved reference 'RepoWrapperModel'.
e: file:///Users/HONGBGU/Documents/seadroid/app/src/main/java/com/seafile/seadroid2/framework/util/Objs.kt:96:41 Unresolved reference 'SingleSource'.
e: file:///Users/HONGBGU/Documents/seadroid/app/src/main/java/com/seafile/seadroid2/framework/util/Objs.kt:96:66 Unresolved reference 'RepoModel'.
e: file:///Users/HONGBGU/Documents/seadroid/app/src/main/java/com/seafile/seadroid2/framework/util/Objs.kt:98:13 'apply' overrides nothing.
e: file:///Users/HONGBGU/Documents/seadroid/app/src/main/java/com/seafile/seadroid2/framework/util/Objs.kt:98:50 Unresolved reference 'RepoWrapperModel'.
e: file:///Users/HONGBGU/Documents/seadroid/app/src/main/java/com/seafile/seadroid2/framework/util/Objs.kt:98:69 Unresolved reference 'SingleSource'.
e: file:///Users/HONGBGU/Documents/seadroid/app/src/main/java/com/seafile/seadroid2/framework/util/Objs.kt:98:94 Unresolved reference 'RepoModel'.
e: file:///Users/HONGBGU/Documents/seadroid/app/src/main/java/com/seafile/seadroid2/framework/util/Objs.kt:100:62 Unresolved reference 'repos'.
e: file:///Users/HONGBGU/Documents/seadroid/app/src/main/java/com/seafile/seadroid2/framework/util/Objs.kt:101:28 Unresolved reference 'Single'.
e: file:///Users/HONGBGU/Documents/seadroid/app/src/main/java/com/seafile/seadroid2/framework/util/Objs.kt:101:52 Unresolved reference 'RepoModel'.
e: file:///Users/HONGBGU/Documents/seadroid/app/src/main/java/com/seafile/seadroid2/framework/util/Objs.kt:101:80 Unresolved reference 'RepoModel'.
e: file:///Users/HONGBGU/Documents/seadroid/app/src/main/java/com/seafile/seadroid2/framework/util/Objs.kt:104:52 Method 'iterator()' is ambiguous for this expression. Applicable candidates:
fun <T> Enumeration<T>.iterator(): Iterator<T>
@InlineOnly() fun <T> Iterator<T>.iterator(): Iterator<T>
@InlineOnly() fun <K, V> Map<out K, V>.iterator(): Iterator<Map.Entry<K, V>>
@JvmName(...) @InlineOnly() fun <K, V> MutableMap<K, V>.iterator(): MutableIterator<MutableMap.MutableEntry<K, V>>
fun CharSequence.iterator(): CharIterator
fun BufferedInputStream.iterator(): ByteIterator
e: file:///Users/HONGBGU/Documents/seadroid/app/src/main/java/com/seafile/seadroid2/framework/util/Objs.kt:104:52 Unresolved reference 'repos'.
e: file:///Users/HONGBGU/Documents/seadroid/app/src/main/java/com/seafile/seadroid2/framework/util/Objs.kt:109:24 Unresolved reference 'Single'.
e: file:///Users/HONGBGU/Documents/seadroid/app/src/main/java/com/seafile/seadroid2/framework/util/Objs.kt:109:48 Unresolved reference 'RepoModel'.
e: file:///Users/HONGBGU/Documents/seadroid/app/src/main/java/com/seafile/seadroid2/framework/util/Objs.kt:109:79 Unresolved reference 'repos'.
e: file:///Users/HONGBGU/Documents/seadroid/app/src/main/java/com/seafile/seadroid2/framework/util/Objs.kt:111:12 None of the following candidates is applicable:
fun <T, R> Array<out T>.flatMap(transform: (T) -> Iterable<R>): List<R>
fun <R> BooleanArray.flatMap(transform: (Boolean) -> Iterable<R>): List<R>
fun <R> ByteArray.flatMap(transform: (Byte) -> Iterable<R>): List<R>
fun <R> CharArray.flatMap(transform: (Char) -> Iterable<R>): List<R>
fun <R> DoubleArray.flatMap(transform: (Double) -> Iterable<R>): List<R>
fun <R> FloatArray.flatMap(transform: (Float) -> Iterable<R>): List<R>
fun <R> IntArray.flatMap(transform: (Int) -> Iterable<R>): List<R>
fun <R> LongArray.flatMap(transform: (Long) -> Iterable<R>): List<R>
fun <R> ShortArray.flatMap(transform: (Short) -> Iterable<R>): List<R>
fun <T, R> Iterable<T>.flatMap(transform: (T) -> Iterable<R>): List<R>
fun <K, V, R> Map<out K, V>.flatMap(transform: (Map.Entry<K, V>) -> Iterable<R>): List<R>
@SinceKotlin(...) @ExperimentalUnsignedTypes() @InlineOnly() fun <R> UByteArray.flatMap(transform: (UByte) -> Iterable<R>): List<R>
@SinceKotlin(...) @ExperimentalUnsignedTypes() @InlineOnly() fun <R> UIntArray.flatMap(transform: (UInt) -> Iterable<R>): List<R>
@SinceKotlin(...) @ExperimentalUnsignedTypes() @InlineOnly() fun <R> ULongArray.flatMap(transform: (ULong) -> Iterable<R>): List<R>
@SinceKotlin(...) @ExperimentalUnsignedTypes() @InlineOnly() fun <R> UShortArray.flatMap(transform: (UShort) -> Iterable<R>): List<R>
fun <T, R> Sequence<T>.flatMap(transform: (T) -> Sequence<R>): Sequence<R>
fun <R> CharSequence.flatMap(transform: (Char) -> Iterable<R>): List<R>
e: file:///Users/HONGBGU/Documents/seadroid/app/src/main/java/com/seafile/seadroid2/framework/util/Objs.kt:111:32 Unresolved reference 'RepoModel'.
e: file:///Users/HONGBGU/Documents/seadroid/app/src/main/java/com/seafile/seadroid2/framework/util/Objs.kt:111:46 Class '<anonymous>' is not abstract and does not implement abstract member 'apply'.
e: file:///Users/HONGBGU/Documents/seadroid/app/src/main/java/com/seafile/seadroid2/framework/util/Objs.kt:112:34 Unresolved reference 'RepoModel'.
e: file:///Users/HONGBGU/Documents/seadroid/app/src/main/java/com/seafile/seadroid2/framework/util/Objs.kt:112:48 Unresolved reference 'SingleSource'.
e: file:///Users/HONGBGU/Documents/seadroid/app/src/main/java/com/seafile/seadroid2/framework/util/Objs.kt:112:73 Unresolved reference 'RepoModel'.
e: file:///Users/HONGBGU/Documents/seadroid/app/src/main/java/com/seafile/seadroid2/framework/util/Objs.kt:114:13 'apply' overrides nothing.
e: file:///Users/HONGBGU/Documents/seadroid/app/src/main/java/com/seafile/seadroid2/framework/util/Objs.kt:114:67 Unresolved reference 'RepoModel'.
e: file:///Users/HONGBGU/Documents/seadroid/app/src/main/java/com/seafile/seadroid2/framework/util/Objs.kt:114:81 Unresolved reference 'SingleSource'.
e: file:///Users/HONGBGU/Documents/seadroid/app/src/main/java/com/seafile/seadroid2/framework/util/Objs.kt:114:106 Unresolved reference 'RepoModel'.
e: file:///Users/HONGBGU/Documents/seadroid/app/src/main/java/com/seafile/seadroid2/framework/util/Objs.kt:116:40 Unresolved reference 'Completable'.
e: file:///Users/HONGBGU/Documents/seadroid/app/src/main/java/com/seafile/seadroid2/framework/util/Objs.kt:116:54 Unresolved reference 'AppDatabase'.
e: file:///Users/HONGBGU/Documents/seadroid/app/src/main/java/com/seafile/seadroid2/framework/util/Objs.kt:118:35 Unresolved reference 'Single'.
e: file:///Users/HONGBGU/Documents/seadroid/app/src/main/java/com/seafile/seadroid2/framework/util/Objs.kt:118:69 Unresolved reference 'toSingleDefault'.
e: file:///Users/HONGBGU/Documents/seadroid/app/src/main/java/com/seafile/seadroid2/framework/util/Objs.kt:120:37 None of the following candidates is applicable:
fun <T, R> Array<out T>.flatMap(transform: (T) -> Iterable<R>): List<R>
fun <R> BooleanArray.flatMap(transform: (Boolean) -> Iterable<R>): List<R>
fun <R> ByteArray.flatMap(transform: (Byte) -> Iterable<R>): List<R>
fun <R> CharArray.flatMap(transform: (Char) -> Iterable<R>): List<R>
fun <R> DoubleArray.flatMap(transform: (Double) -> Iterable<R>): List<R>
fun <R> FloatArray.flatMap(transform: (Float) -> Iterable<R>): List<R>
fun <R> IntArray.flatMap(transform: (Int) -> Iterable<R>): List<R>
fun <R> LongArray.flatMap(transform: (Long) -> Iterable<R>): List<R>
fun <R> ShortArray.flatMap(transform: (Short) -> Iterable<R>): List<R>
fun <T, R> Iterable<T>.flatMap(transform: (T) -> Iterable<R>): List<R>
fun <K, V, R> Map<out K, V>.flatMap(transform: (Map.Entry<K, V>) -> Iterable<R>): List<R>
@SinceKotlin(...) @ExperimentalUnsignedTypes() @InlineOnly() fun <R> UByteArray.flatMap(transform: (UByte) -> Iterable<R>): List<R>
@SinceKotlin(...) @ExperimentalUnsignedTypes() @InlineOnly() fun <R> UIntArray.flatMap(transform: (UInt) -> Iterable<R>): List<R>
@SinceKotlin(...) @ExperimentalUnsignedTypes() @InlineOnly() fun <R> ULongArray.flatMap(transform: (ULong) -> Iterable<R>): List<R>
@SinceKotlin(...) @ExperimentalUnsignedTypes() @InlineOnly() fun <R> UShortArray.flatMap(transform: (UShort) -> Iterable<R>): List<R>
fun <T, R> Sequence<T>.flatMap(transform: (T) -> Sequence<R>): Sequence<R>
fun <R> CharSequence.flatMap(transform: (Char) -> Iterable<R>): List<R>
e: file:///Users/HONGBGU/Documents/seadroid/app/src/main/java/com/seafile/seadroid2/framework/util/Objs.kt:120:57 Unresolved reference 'RepoModel'.
e: file:///Users/HONGBGU/Documents/seadroid/app/src/main/java/com/seafile/seadroid2/framework/util/Objs.kt:120:71 Class '<anonymous>' is not abstract and does not implement abstract member 'apply'.
e: file:///Users/HONGBGU/Documents/seadroid/app/src/main/java/com/seafile/seadroid2/framework/util/Objs.kt:121:37 Unresolved reference 'SingleSource'.
e: file:///Users/HONGBGU/Documents/seadroid/app/src/main/java/com/seafile/seadroid2/framework/util/Objs.kt:121:62 Unresolved reference 'RepoModel'.
e: file:///Users/HONGBGU/Documents/seadroid/app/src/main/java/com/seafile/seadroid2/framework/util/Objs.kt:123:21 'apply' overrides nothing.
e: file:///Users/HONGBGU/Documents/seadroid/app/src/main/java/com/seafile/seadroid2/framework/util/Objs.kt:123:55 Unresolved reference 'SingleSource'.
e: file:///Users/HONGBGU/Documents/seadroid/app/src/main/java/com/seafile/seadroid2/framework/util/Objs.kt:123:80 Unresolved reference 'RepoModel'.
e: file:///Users/HONGBGU/Documents/seadroid/app/src/main/java/com/seafile/seadroid2/framework/util/Objs.kt:124:32 Unresolved reference 'Single'.
e: file:///Users/HONGBGU/Documents/seadroid/app/src/main/java/com/seafile/seadroid2/framework/util/Objs.kt:124:56 Unresolved reference 'RepoModel'.
e: file:///Users/HONGBGU/Documents/seadroid/app/src/main/java/com/seafile/seadroid2/framework/util/Objs.kt:128:12 None of the following candidates is applicable:
fun <T, R> Array<out T>.flatMap(transform: (T) -> Iterable<R>): List<R>
fun <R> BooleanArray.flatMap(transform: (Boolean) -> Iterable<R>): List<R>
fun <R> ByteArray.flatMap(transform: (Byte) -> Iterable<R>): List<R>
fun <R> CharArray.flatMap(transform: (Char) -> Iterable<R>): List<R>
fun <R> DoubleArray.flatMap(transform: (Double) -> Iterable<R>): List<R>
fun <R> FloatArray.flatMap(transform: (Float) -> Iterable<R>): List<R>
fun <R> IntArray.flatMap(transform: (Int) -> Iterable<R>): List<R>
fun <R> LongArray.flatMap(transform: (Long) -> Iterable<R>): List<R>
fun <R> ShortArray.flatMap(transform: (Short) -> Iterable<R>): List<R>
fun <T, R> Iterable<T>.flatMap(transform: (T) -> Iterable<R>): List<R>
fun <K, V, R> Map<out K, V>.flatMap(transform: (Map.Entry<K, V>) -> Iterable<R>): List<R>
@SinceKotlin(...) @ExperimentalUnsignedTypes() @InlineOnly() fun <R> UByteArray.flatMap(transform: (UByte) -> Iterable<R>): List<R>
@SinceKotlin(...) @ExperimentalUnsignedTypes() @InlineOnly() fun <R> UIntArray.flatMap(transform: (UInt) -> Iterable<R>): List<R>
@SinceKotlin(...) @ExperimentalUnsignedTypes() @InlineOnly() fun <R> ULongArray.flatMap(transform: (ULong) -> Iterable<R>): List<R>
@SinceKotlin(...) @ExperimentalUnsignedTypes() @InlineOnly() fun <R> UShortArray.flatMap(transform: (UShort) -> Iterable<R>): List<R>
fun <T, R> Sequence<T>.flatMap(transform: (T) -> Sequence<R>): Sequence<R>
fun <R> CharSequence.flatMap(transform: (Char) -> Iterable<R>): List<R>
e: file:///Users/HONGBGU/Documents/seadroid/app/src/main/java/com/seafile/seadroid2/framework/util/Objs.kt:128:32 Unresolved reference 'RepoModel'.
e: file:///Users/HONGBGU/Documents/seadroid/app/src/main/java/com/seafile/seadroid2/framework/util/Objs.kt:128:46 Class '<anonymous>' is not abstract and does not implement abstract member 'apply'.
e: file:///Users/HONGBGU/Documents/seadroid/app/src/main/java/com/seafile/seadroid2/framework/util/Objs.kt:129:34 Unresolved reference 'RepoModel'.
e: file:///Users/HONGBGU/Documents/seadroid/app/src/main/java/com/seafile/seadroid2/framework/util/Objs.kt:129:48 Unresolved reference 'SingleSource'.
e: file:///Users/HONGBGU/Documents/seadroid/app/src/main/java/com/seafile/seadroid2/framework/util/Objs.kt:129:73 Unresolved reference 'RepoModel'.
e: file:///Users/HONGBGU/Documents/seadroid/app/src/main/java/com/seafile/seadroid2/framework/util/Objs.kt:131:13 'apply' overrides nothing.
e: file:///Users/HONGBGU/Documents/seadroid/app/src/main/java/com/seafile/seadroid2/framework/util/Objs.kt:131:67 Unresolved reference 'RepoModel'.
e: file:///Users/HONGBGU/Documents/seadroid/app/src/main/java/com/seafile/seadroid2/framework/util/Objs.kt:131:81 Unresolved reference 'SingleSource'.
e: file:///Users/HONGBGU/Documents/seadroid/app/src/main/java/com/seafile/seadroid2/framework/util/Objs.kt:131:106 Unresolved reference 'RepoModel'.
e: file:///Users/HONGBGU/Documents/seadroid/app/src/main/java/com/seafile/seadroid2/framework/util/Objs.kt:135:28 Unresolved reference 'Single'.
e: file:///Users/HONGBGU/Documents/seadroid/app/src/main/java/com/seafile/seadroid2/framework/util/Objs.kt:135:52 Unresolved reference 'RepoModel'.
e: file:///Users/HONGBGU/Documents/seadroid/app/src/main/java/com/seafile/seadroid2/framework/util/Objs.kt:138:40 Unresolved reference 'Completable'.
e: file:///Users/HONGBGU/Documents/seadroid/app/src/main/java/com/seafile/seadroid2/framework/util/Objs.kt:139:21 Unresolved reference 'AppDatabase'.
e: file:///Users/HONGBGU/Documents/seadroid/app/src/main/java/com/seafile/seadroid2/framework/util/Objs.kt:140:33 Unresolved reference 'Single'.
e: file:///Users/HONGBGU/Documents/seadroid/app/src/main/java/com/seafile/seadroid2/framework/util/Objs.kt:140:67 Unresolved reference 'toSingleDefault'.
e: file:///Users/HONGBGU/Documents/seadroid/app/src/main/java/com/seafile/seadroid2/framework/util/Objs.kt:141:35 None of the following candidates is applicable:
fun <T, R> Array<out T>.flatMap(transform: (T) -> Iterable<R>): List<R>
fun <R> BooleanArray.flatMap(transform: (Boolean) -> Iterable<R>): List<R>
fun <R> ByteArray.flatMap(transform: (Byte) -> Iterable<R>): List<R>
fun <R> CharArray.flatMap(transform: (Char) -> Iterable<R>): List<R>
fun <R> DoubleArray.flatMap(transform: (Double) -> Iterable<R>): List<R>
fun <R> FloatArray.flatMap(transform: (Float) -> Iterable<R>): List<R>
fun <R> IntArray.flatMap(transform: (Int) -> Iterable<R>): List<R>
fun <R> LongArray.flatMap(transform: (Long) -> Iterable<R>): List<R>
fun <R> ShortArray.flatMap(transform: (Short) -> Iterable<R>): List<R>
fun <T, R> Iterable<T>.flatMap(transform: (T) -> Iterable<R>): List<R>
fun <K, V, R> Map<out K, V>.flatMap(transform: (Map.Entry<K, V>) -> Iterable<R>): List<R>
@SinceKotlin(...) @ExperimentalUnsignedTypes() @InlineOnly() fun <R> UByteArray.flatMap(transform: (UByte) -> Iterable<R>): List<R>
@SinceKotlin(...) @ExperimentalUnsignedTypes() @InlineOnly() fun <R> UIntArray.flatMap(transform: (UInt) -> Iterable<R>): List<R>
@SinceKotlin(...) @ExperimentalUnsignedTypes() @InlineOnly() fun <R> ULongArray.flatMap(transform: (ULong) -> Iterable<R>): List<R>
@SinceKotlin(...) @ExperimentalUnsignedTypes() @InlineOnly() fun <R> UShortArray.flatMap(transform: (UShort) -> Iterable<R>): List<R>
fun <T, R> Sequence<T>.flatMap(transform: (T) -> Sequence<R>): Sequence<R>
fun <R> CharSequence.flatMap(transform: (Char) -> Iterable<R>): List<R>
e: file:///Users/HONGBGU/Documents/seadroid/app/src/main/java/com/seafile/seadroid2/framework/util/Objs.kt:141:55 Unresolved reference 'RepoModel'.
e: file:///Users/HONGBGU/Documents/seadroid/app/src/main/java/com/seafile/seadroid2/framework/util/Objs.kt:141:69 Class '<anonymous>' is not abstract and does not implement abstract member 'apply'.
e: file:///Users/HONGBGU/Documents/seadroid/app/src/main/java/com/seafile/seadroid2/framework/util/Objs.kt:142:37 Unresolved reference 'SingleSource'.
e: file:///Users/HONGBGU/Documents/seadroid/app/src/main/java/com/seafile/seadroid2/framework/util/Objs.kt:142:62 Unresolved reference 'RepoModel'.
e: file:///Users/HONGBGU/Documents/seadroid/app/src/main/java/com/seafile/seadroid2/framework/util/Objs.kt:144:21 'apply' overrides nothing.
e: file:///Users/HONGBGU/Documents/seadroid/app/src/main/java/com/seafile/seadroid2/framework/util/Objs.kt:144:55 Unresolved reference 'SingleSource'.
e: file:///Users/HONGBGU/Documents/seadroid/app/src/main/java/com/seafile/seadroid2/framework/util/Objs.kt:144:80 Unresolved reference 'RepoModel'.
e: file:///Users/HONGBGU/Documents/seadroid/app/src/main/java/com/seafile/seadroid2/framework/util/Objs.kt:145:32 Unresolved reference 'Single'.
e: file:///Users/HONGBGU/Documents/seadroid/app/src/main/java/com/seafile/seadroid2/framework/util/Objs.kt:145:56 Unresolved reference 'RepoModel'.
e: file:///Users/HONGBGU/Documents/seadroid/app/src/main/java/com/seafile/seadroid2/framework/util/Objs.kt:149:12 None of the following candidates is applicable:
fun <T, R> Array<out T>.flatMap(transform: (T) -> Iterable<R>): List<R>
fun <R> BooleanArray.flatMap(transform: (Boolean) -> Iterable<R>): List<R>
fun <R> ByteArray.flatMap(transform: (Byte) -> Iterable<R>): List<R>
fun <R> CharArray.flatMap(transform: (Char) -> Iterable<R>): List<R>
fun <R> DoubleArray.flatMap(transform: (Double) -> Iterable<R>): List<R>
fun <R> FloatArray.flatMap(transform: (Float) -> Iterable<R>): List<R>
fun <R> IntArray.flatMap(transform: (Int) -> Iterable<R>): List<R>
fun <R> LongArray.flatMap(transform: (Long) -> Iterable<R>): List<R>
fun <R> ShortArray.flatMap(transform: (Short) -> Iterable<R>): List<R>
fun <T, R> Iterable<T>.flatMap(transform: (T) -> Iterable<R>): List<R>
fun <K, V, R> Map<out K, V>.flatMap(transform: (Map.Entry<K, V>) -> Iterable<R>): List<R>
@SinceKotlin(...) @ExperimentalUnsignedTypes() @InlineOnly() fun <R> UByteArray.flatMap(transform: (UByte) -> Iterable<R>): List<R>
@SinceKotlin(...) @ExperimentalUnsignedTypes() @InlineOnly() fun <R> UIntArray.flatMap(transform: (UInt) -> Iterable<R>): List<R>
@SinceKotlin(...) @ExperimentalUnsignedTypes() @InlineOnly() fun <R> ULongArray.flatMap(transform: (ULong) -> Iterable<R>): List<R>
@SinceKotlin(...) @ExperimentalUnsignedTypes() @InlineOnly() fun <R> UShortArray.flatMap(transform: (UShort) -> Iterable<R>): List<R>
fun <T, R> Sequence<T>.flatMap(transform: (T) -> Sequence<R>): Sequence<R>
fun <R> CharSequence.flatMap(transform: (Char) -> Iterable<R>): List<R>
e: file:///Users/HONGBGU/Documents/seadroid/app/src/main/java/com/seafile/seadroid2/framework/util/Objs.kt:149:32 Unresolved reference 'RepoModel'.
e: file:///Users/HONGBGU/Documents/seadroid/app/src/main/java/com/seafile/seadroid2/framework/util/Objs.kt:149:46 Class '<anonymous>' is not abstract and does not implement abstract member 'apply'.
e: file:///Users/HONGBGU/Documents/seadroid/app/src/main/java/com/seafile/seadroid2/framework/util/Objs.kt:150:34 Unresolved reference 'RepoModel'.
e: file:///Users/HONGBGU/Documents/seadroid/app/src/main/java/com/seafile/seadroid2/framework/util/Objs.kt:150:48 Unresolved reference 'SingleSource'.
e: file:///Users/HONGBGU/Documents/seadroid/app/src/main/java/com/seafile/seadroid2/framework/util/Objs.kt:150:73 Unresolved reference 'RepoModel'.
e: file:///Users/HONGBGU/Documents/seadroid/app/src/main/java/com/seafile/seadroid2/framework/util/Objs.kt:152:13 'apply' overrides nothing.
e: file:///Users/HONGBGU/Documents/seadroid/app/src/main/java/com/seafile/seadroid2/framework/util/Objs.kt:152:50 Unresolved reference 'RepoModel'.
e: file:///Users/HONGBGU/Documents/seadroid/app/src/main/java/com/seafile/seadroid2/framework/util/Objs.kt:152:64 Unresolved reference 'SingleSource'.
e: file:///Users/HONGBGU/Documents/seadroid/app/src/main/java/com/seafile/seadroid2/framework/util/Objs.kt:152:89 Unresolved reference 'RepoModel'.
e: file:///Users/HONGBGU/Documents/seadroid/app/src/main/java/com/seafile/seadroid2/framework/util/Objs.kt:155:37 Unresolved reference 'RepoModel'.
e: file:///Users/HONGBGU/Documents/seadroid/app/src/main/java/com/seafile/seadroid2/framework/util/Objs.kt:156:49 Unresolved reference 'RepoModel'.
e: file:///Users/HONGBGU/Documents/seadroid/app/src/main/java/com/seafile/seadroid2/framework/util/Objs.kt:156:67 Unresolved reference 'isCustomPermission'.
e: file:///Users/HONGBGU/Documents/seadroid/app/src/main/java/com/seafile/seadroid2/framework/util/Objs.kt:157:25 Argument type mismatch: actual type is 'java.util.stream.Collector<T!, CapturedType(*), kotlin.collections.(Mutable)List<T!>!>!', but 'java.util.stream.Collector<in ERROR CLASS: Symbol not found for RepoModel?, A!, R!>!' was expected.
e: file:///Users/HONGBGU/Documents/seadroid/app/src/main/java/com/seafile/seadroid2/framework/util/Objs.kt:160:28 Unresolved reference 'Single'.
e: file:///Users/HONGBGU/Documents/seadroid/app/src/main/java/com/seafile/seadroid2/framework/util/Objs.kt:160:52 Unresolved reference 'RepoModel'.
e: file:///Users/HONGBGU/Documents/seadroid/app/src/main/java/com/seafile/seadroid2/framework/util/Objs.kt:163:45 Unresolved reference 'Single'.
e: file:///Users/HONGBGU/Documents/seadroid/app/src/main/java/com/seafile/seadroid2/framework/util/Objs.kt:163:52 Unresolved reference 'PermissionEntity'.
e: file:///Users/HONGBGU/Documents/seadroid/app/src/main/java/com/seafile/seadroid2/framework/util/Objs.kt:164:31 Unresolved reference 'Single'.
e: file:///Users/HONGBGU/Documents/seadroid/app/src/main/java/com/seafile/seadroid2/framework/util/Objs.kt:164:38 Unresolved reference 'PermissionEntity'.
e: file:///Users/HONGBGU/Documents/seadroid/app/src/main/java/com/seafile/seadroid2/framework/util/Objs.kt:166:28 Unresolved reference 'Single'.
e: file:///Users/HONGBGU/Documents/seadroid/app/src/main/java/com/seafile/seadroid2/framework/util/Objs.kt:166:35 Unresolved reference 'PermissionEntity'.
e: file:///Users/HONGBGU/Documents/seadroid/app/src/main/java/com/seafile/seadroid2/framework/util/Objs.kt:167:35 Unresolved reference 'repo_id'.
e: file:///Users/HONGBGU/Documents/seadroid/app/src/main/java/com/seafile/seadroid2/framework/util/Objs.kt:168:35 Unresolved reference 'getCustomPermissionNum'.
e: file:///Users/HONGBGU/Documents/seadroid/app/src/main/java/com/seafile/seadroid2/framework/util/Objs.kt:172:24 Unresolved reference 'Single'.
e: file:///Users/HONGBGU/Documents/seadroid/app/src/main/java/com/seafile/seadroid2/framework/util/Objs.kt:172:35 Unresolved reference 'PermissionEntity'.
e: file:///Users/HONGBGU/Documents/seadroid/app/src/main/java/com/seafile/seadroid2/framework/util/Objs.kt:172:66 Unresolved reference 'RepoModel'.
e: file:///Users/HONGBGU/Documents/seadroid/app/src/main/java/com/seafile/seadroid2/framework/util/Objs.kt:174:21 Class '<anonymous>' is not abstract and does not implement abstract member 'apply'.
e: file:///Users/HONGBGU/Documents/seadroid/app/src/main/java/com/seafile/seadroid2/framework/util/Objs.kt:174:65 Unresolved reference 'RepoModel'.
e: file:///Users/HONGBGU/Documents/seadroid/app/src/main/java/com/seafile/seadroid2/framework/util/Objs.kt:176:25 'apply' overrides nothing.
e: file:///Users/HONGBGU/Documents/seadroid/app/src/main/java/com/seafile/seadroid2/framework/util/Objs.kt:176:77 Unresolved reference 'RepoModel'.
e: file:///Users/HONGBGU/Documents/seadroid/app/src/main/java/com/seafile/seadroid2/framework/util/Objs.kt:181:12 None of the following candidates is applicable:
fun <T, R> Array<out T>.flatMap(transform: (T) -> Iterable<R>): List<R>
fun <R> BooleanArray.flatMap(transform: (Boolean) -> Iterable<R>): List<R>
fun <R> ByteArray.flatMap(transform: (Byte) -> Iterable<R>): List<R>
fun <R> CharArray.flatMap(transform: (Char) -> Iterable<R>): List<R>
fun <R> DoubleArray.flatMap(transform: (Double) -> Iterable<R>): List<R>
fun <R> FloatArray.flatMap(transform: (Float) -> Iterable<R>): List<R>
fun <R> IntArray.flatMap(transform: (Int) -> Iterable<R>): List<R>
fun <R> LongArray.flatMap(transform: (Long) -> Iterable<R>): List<R>
fun <R> ShortArray.flatMap(transform: (Short) -> Iterable<R>): List<R>
fun <T, R> Iterable<T>.flatMap(transform: (T) -> Iterable<R>): List<R>
fun <K, V, R> Map<out K, V>.flatMap(transform: (Map.Entry<K, V>) -> Iterable<R>): List<R>
@SinceKotlin(...) @ExperimentalUnsignedTypes() @InlineOnly() fun <R> UByteArray.flatMap(transform: (UByte) -> Iterable<R>): List<R>
@SinceKotlin(...) @ExperimentalUnsignedTypes() @InlineOnly() fun <R> UIntArray.flatMap(transform: (UInt) -> Iterable<R>): List<R>
@SinceKotlin(...) @ExperimentalUnsignedTypes() @InlineOnly() fun <R> ULongArray.flatMap(transform: (ULong) -> Iterable<R>): List<R>
@SinceKotlin(...) @ExperimentalUnsignedTypes() @InlineOnly() fun <R> UShortArray.flatMap(transform: (UShort) -> Iterable<R>): List<R>
fun <T, R> Sequence<T>.flatMap(transform: (T) -> Sequence<R>): Sequence<R>
fun <R> CharSequence.flatMap(transform: (Char) -> Iterable<R>): List<R>
e: file:///Users/HONGBGU/Documents/seadroid/app/src/main/java/com/seafile/seadroid2/framework/util/Objs.kt:181:32 Unresolved reference 'BaseModel'.
e: file:///Users/HONGBGU/Documents/seadroid/app/src/main/java/com/seafile/seadroid2/framework/util/Objs.kt:181:46 Class '<anonymous>' is not abstract and does not implement abstract member 'apply'.
e: file:///Users/HONGBGU/Documents/seadroid/app/src/main/java/com/seafile/seadroid2/framework/util/Objs.kt:182:34 Unresolved reference 'RepoModel'.
e: file:///Users/HONGBGU/Documents/seadroid/app/src/main/java/com/seafile/seadroid2/framework/util/Objs.kt:182:48 Unresolved reference 'SingleSource'.
e: file:///Users/HONGBGU/Documents/seadroid/app/src/main/java/com/seafile/seadroid2/framework/util/Objs.kt:182:73 Unresolved reference 'BaseModel'.
e: file:///Users/HONGBGU/Documents/seadroid/app/src/main/java/com/seafile/seadroid2/framework/util/Objs.kt:184:13 'apply' overrides nothing.
e: file:///Users/HONGBGU/Documents/seadroid/app/src/main/java/com/seafile/seadroid2/framework/util/Objs.kt:184:64 Unresolved reference 'RepoModel'.
e: file:///Users/HONGBGU/Documents/seadroid/app/src/main/java/com/seafile/seadroid2/framework/util/Objs.kt:184:78 Unresolved reference 'SingleSource'.
e: file:///Users/HONGBGU/Documents/seadroid/app/src/main/java/com/seafile/seadroid2/framework/util/Objs.kt:184:103 Unresolved reference 'BaseModel'.
e: file:///Users/HONGBGU/Documents/seadroid/app/src/main/java/com/seafile/seadroid2/framework/util/Objs.kt:187:41 Unresolved reference 'BaseModel'.
e: file:///Users/HONGBGU/Documents/seadroid/app/src/main/java/com/seafile/seadroid2/framework/util/Objs.kt:188:24 Unresolved reference 'Single'.
e: file:///Users/HONGBGU/Documents/seadroid/app/src/main/java/com/seafile/seadroid2/framework/util/Objs.kt:188:48 Unresolved reference 'BaseModel'.
e: file:///Users/HONGBGU/Documents/seadroid/app/src/main/java/com/seafile/seadroid2/framework/util/Objs.kt:196:8 Unresolved reference 'Single'.
e: file:///Users/HONGBGU/Documents/seadroid/app/src/main/java/com/seafile/seadroid2/framework/util/Objs.kt:196:15 Unresolved reference 'PermissionEntity'.
e: file:///Users/HONGBGU/Documents/seadroid/app/src/main/java/com/seafile/seadroid2/framework/util/Objs.kt:197:21 Unresolved reference 'Single'.
e: file:///Users/HONGBGU/Documents/seadroid/app/src/main/java/com/seafile/seadroid2/framework/util/Objs.kt:197:28 Unresolved reference 'PermissionWrapperModel'.
e: file:///Users/HONGBGU/Documents/seadroid/app/src/main/java/com/seafile/seadroid2/framework/util/Objs.kt:198:13 Unresolved reference 'HttpIO'.
e: file:///Users/HONGBGU/Documents/seadroid/app/src/main/java/com/seafile/seadroid2/framework/util/Objs.kt:198:59 Unresolved reference 'RepoService'.
e: file:///Users/HONGBGU/Documents/seadroid/app/src/main/java/com/seafile/seadroid2/framework/util/Objs.kt:198:73 Unresolved reference 'RepoService'.
e: file:///Users/HONGBGU/Documents/seadroid/app/src/main/java/com/seafile/seadroid2/framework/util/Objs.kt:198:92 Unresolved reference. None of the following candidates is applicable because of a receiver type mismatch:
val <T> KClass<T>.java: Class<T>
e: file:///Users/HONGBGU/Documents/seadroid/app/src/main/java/com/seafile/seadroid2/framework/util/Objs.kt:200:23 None of the following candidates is applicable:
fun <T, R> Array<out T>.flatMap(transform: (T) -> Iterable<R>): List<R>
fun <R> BooleanArray.flatMap(transform: (Boolean) -> Iterable<R>): List<R>
fun <R> ByteArray.flatMap(transform: (Byte) -> Iterable<R>): List<R>
fun <R> CharArray.flatMap(transform: (Char) -> Iterable<R>): List<R>
fun <R> DoubleArray.flatMap(transform: (Double) -> Iterable<R>): List<R>
fun <R> FloatArray.flatMap(transform: (Float) -> Iterable<R>): List<R>
fun <R> IntArray.flatMap(transform: (Int) -> Iterable<R>): List<R>
fun <R> LongArray.flatMap(transform: (Long) -> Iterable<R>): List<R>
fun <R> ShortArray.flatMap(transform: (Short) -> Iterable<R>): List<R>
fun <T, R> Iterable<T>.flatMap(transform: (T) -> Iterable<R>): List<R>
fun <K, V, R> Map<out K, V>.flatMap(transform: (Map.Entry<K, V>) -> Iterable<R>): List<R>
@SinceKotlin(...) @ExperimentalUnsignedTypes() @InlineOnly() fun <R> UByteArray.flatMap(transform: (UByte) -> Iterable<R>): List<R>
@SinceKotlin(...) @ExperimentalUnsignedTypes() @InlineOnly() fun <R> UIntArray.flatMap(transform: (UInt) -> Iterable<R>): List<R>
@SinceKotlin(...) @ExperimentalUnsignedTypes() @InlineOnly() fun <R> ULongArray.flatMap(transform: (ULong) -> Iterable<R>): List<R>
@SinceKotlin(...) @ExperimentalUnsignedTypes() @InlineOnly() fun <R> UShortArray.flatMap(transform: (UShort) -> Iterable<R>): List<R>
fun <T, R> Sequence<T>.flatMap(transform: (T) -> Sequence<R>): Sequence<R>
fun <R> CharSequence.flatMap(transform: (Char) -> Iterable<R>): List<R>
e: file:///Users/HONGBGU/Documents/seadroid/app/src/main/java/com/seafile/seadroid2/framework/util/Objs.kt:200:31 Unresolved reference 'PermissionEntity'.
e: file:///Users/HONGBGU/Documents/seadroid/app/src/main/java/com/seafile/seadroid2/framework/util/Objs.kt:200:50 Class '<anonymous>' is not abstract and does not implement abstract member 'apply'.
e: file:///Users/HONGBGU/Documents/seadroid/app/src/main/java/com/seafile/seadroid2/framework/util/Objs.kt:201:22 Unresolved reference 'PermissionWrapperModel'.
e: file:///Users/HONGBGU/Documents/seadroid/app/src/main/java/com/seafile/seadroid2/framework/util/Objs.kt:201:47 Unresolved reference 'SingleSource'.
e: file:///Users/HONGBGU/Documents/seadroid/app/src/main/java/com/seafile/seadroid2/framework/util/Objs.kt:201:60 Unresolved reference 'PermissionEntity'.
e: file:///Users/HONGBGU/Documents/seadroid/app/src/main/java/com/seafile/seadroid2/framework/util/Objs.kt:203:13 'apply' overrides nothing.
e: file:///Users/HONGBGU/Documents/seadroid/app/src/main/java/com/seafile/seadroid2/framework/util/Objs.kt:203:46 Unresolved reference 'PermissionWrapperModel'.
e: file:///Users/HONGBGU/Documents/seadroid/app/src/main/java/com/seafile/seadroid2/framework/util/Objs.kt:203:72 Unresolved reference 'SingleSource'.
e: file:///Users/HONGBGU/Documents/seadroid/app/src/main/java/com/seafile/seadroid2/framework/util/Objs.kt:203:85 Unresolved reference 'PermissionEntity'.
e: file:///Users/HONGBGU/Documents/seadroid/app/src/main/java/com/seafile/seadroid2/framework/util/Objs.kt:204:58 Unresolved reference 'permission'.
e: file:///Users/HONGBGU/Documents/seadroid/app/src/main/java/com/seafile/seadroid2/framework/util/Objs.kt:205:28 Unresolved reference 'Single'.
e: file:///Users/HONGBGU/Documents/seadroid/app/src/main/java/com/seafile/seadroid2/framework/util/Objs.kt:205:40 Unresolved reference 'PermissionEntity'.
e: file:///Users/HONGBGU/Documents/seadroid/app/src/main/java/com/seafile/seadroid2/framework/util/Objs.kt:205:59 Unresolved reference 'PermissionEntity'.
e: file:///Users/HONGBGU/Documents/seadroid/app/src/main/java/com/seafile/seadroid2/framework/util/Objs.kt:208:24 Unresolved reference 'Single'.
e: file:///Users/HONGBGU/Documents/seadroid/app/src/main/java/com/seafile/seadroid2/framework/util/Objs.kt:208:38 Unresolved reference 'PermissionEntity'.
e: file:///Users/HONGBGU/Documents/seadroid/app/src/main/java/com/seafile/seadroid2/framework/util/Objs.kt:209:21 Unresolved reference 'SingleOnSubscribe'.
e: file:///Users/HONGBGU/Documents/seadroid/app/src/main/java/com/seafile/seadroid2/framework/util/Objs.kt:209:39 Unresolved reference 'PermissionEntity'.
e: file:///Users/HONGBGU/Documents/seadroid/app/src/main/java/com/seafile/seadroid2/framework/util/Objs.kt:211:21 'subscribe' overrides nothing.
e: file:///Users/HONGBGU/Documents/seadroid/app/src/main/java/com/seafile/seadroid2/framework/util/Objs.kt:211:53 Unresolved reference 'SingleEmitter'.
e: file:///Users/HONGBGU/Documents/seadroid/app/src/main/java/com/seafile/seadroid2/framework/util/Objs.kt:211:67 Unresolved reference 'PermissionEntity'.
e: file:///Users/HONGBGU/Documents/seadroid/app/src/main/java/com/seafile/seadroid2/framework/util/Objs.kt:212:41 Unresolved reference 'PermissionEntity'.
e: file:///Users/HONGBGU/Documents/seadroid/app/src/main/java/com/seafile/seadroid2/framework/util/Objs.kt:213:29 Unresolved reference 'PermissionEntity'.
e: file:///Users/HONGBGU/Documents/seadroid/app/src/main/java/com/seafile/seadroid2/framework/util/Objs.kt:213:67 Unresolved reference 'permission'.
e: file:///Users/HONGBGU/Documents/seadroid/app/src/main/java/com/seafile/seadroid2/framework/util/Objs.kt:214:25 Unresolved reference 'AppDatabase'.
e: file:///Users/HONGBGU/Documents/seadroid/app/src/main/java/com/seafile/seadroid2/framework/util/Objs.kt:215:33 Not enough information to infer type argument for 'T'.
e: file:///Users/HONGBGU/Documents/seadroid/app/src/main/java/com/seafile/seadroid2/framework/util/Objs.kt:224:27 Unresolved reference 'RepoModel'.
e: file:///Users/HONGBGU/Documents/seadroid/app/src/main/java/com/seafile/seadroid2/framework/util/Objs.kt:227:20 Unresolved reference 'BaseModel'.
e: file:///Users/HONGBGU/Documents/seadroid/app/src/main/java/com/seafile/seadroid2/framework/util/Objs.kt:228:31 Unresolved reference 'RepoModel'.
e: file:///Users/HONGBGU/Documents/seadroid/app/src/main/java/com/seafile/seadroid2/framework/util/Objs.kt:230:34 Unresolved reference 'BaseModel'.
e: file:///Users/HONGBGU/Documents/seadroid/app/src/main/java/com/seafile/seadroid2/framework/util/Objs.kt:235:45 Unresolved reference 'RepoModel'.
e: file:///Users/HONGBGU/Documents/seadroid/app/src/main/java/com/seafile/seadroid2/framework/util/Objs.kt:235:62 Unresolved reference 'encrypted'.
e: file:///Users/HONGBGU/Documents/seadroid/app/src/main/java/com/seafile/seadroid2/framework/util/Objs.kt:235:77 Unresolved reference 'hasWritePermission'.
e: file:///Users/HONGBGU/Documents/seadroid/app/src/main/java/com/seafile/seadroid2/framework/util/Objs.kt:237:25 Argument type mismatch: actual type is 'java.util.stream.Collector<T!, CapturedType(*), kotlin.collections.(Mutable)List<T!>!>!', but 'java.util.stream.Collector<in ERROR CLASS: Symbol not found for RepoModel, A!, R!>!' was expected.
e: file:///Users/HONGBGU/Documents/seadroid/app/src/main/java/com/seafile/seadroid2/framework/util/Objs.kt:241:36 Unresolved reference 'BaseModel'.
e: file:///Users/HONGBGU/Documents/seadroid/app/src/main/java/com/seafile/seadroid2/framework/util/Objs.kt:241:79 Unresolved reference 'BaseModel'.
e: file:///Users/HONGBGU/Documents/seadroid/app/src/main/java/com/seafile/seadroid2/framework/util/Objs.kt:243:50 Unresolved reference 'RepoModel'.
e: file:///Users/HONGBGU/Documents/seadroid/app/src/main/java/com/seafile/seadroid2/framework/util/Objs.kt:243:80 Argument type mismatch: actual type is 'kotlin.collections.MutableList<ERROR CLASS: Symbol not found for RepoModel>?', but 'kotlin.collections.MutableList<ERROR CLASS: Symbol not found for RepoModel>' was expected.
e: file:///Users/HONGBGU/Documents/seadroid/app/src/main/java/com/seafile/seadroid2/framework/util/Objs.kt:247:42 Unresolved reference 'RepoModel'.
e: file:///Users/HONGBGU/Documents/seadroid/app/src/main/java/com/seafile/seadroid2/framework/util/Objs.kt:248:45 Unresolved reference 'RepoModel'.
e: file:///Users/HONGBGU/Documents/seadroid/app/src/main/java/com/seafile/seadroid2/framework/util/Objs.kt:248:61 Unresolved reference 'starred'.
e: file:///Users/HONGBGU/Documents/seadroid/app/src/main/java/com/seafile/seadroid2/framework/util/Objs.kt:249:21 Argument type mismatch: actual type is 'java.util.stream.Collector<T!, CapturedType(*), kotlin.collections.(Mutable)List<T!>!>!', but 'java.util.stream.Collector<in ERROR CLASS: Symbol not found for RepoModel, A!, R!>!' was expected.
e: file:///Users/HONGBGU/Documents/seadroid/app/src/main/java/com/seafile/seadroid2/framework/util/Objs.kt:252:46 Unresolved reference 'RepoModel'.
e: file:///Users/HONGBGU/Documents/seadroid/app/src/main/java/com/seafile/seadroid2/framework/util/Objs.kt:252:69 Unresolved reference 'RepoModel'.
e: file:///Users/HONGBGU/Documents/seadroid/app/src/main/java/com/seafile/seadroid2/framework/util/Objs.kt:254:28 Unresolved reference 'RepoModel'.
e: file:///Users/HONGBGU/Documents/seadroid/app/src/main/java/com/seafile/seadroid2/framework/util/Objs.kt:255:25 Unresolved reference 'CloneUtils'.
e: file:///Users/HONGBGU/Documents/seadroid/app/src/main/java/com/seafile/seadroid2/framework/util/Objs.kt:255:46 Unresolved reference 'RepoModel'.
e: file:///Users/HONGBGU/Documents/seadroid/app/src/main/java/com/seafile/seadroid2/framework/util/Objs.kt:255:69 Unresolved reference 'RepoModel'.
e: file:///Users/HONGBGU/Documents/seadroid/app/src/main/java/com/seafile/seadroid2/framework/util/Objs.kt:255:86 Unresolved reference. None of the following candidates is applicable because of a receiver type mismatch:
val <T> KClass<T>.java: Class<T>
e: file:///Users/HONGBGU/Documents/seadroid/app/src/main/java/com/seafile/seadroid2/framework/util/Objs.kt:259:40 Unresolved reference 'RepoModel'.
e: file:///Users/HONGBGU/Documents/seadroid/app/src/main/java/com/seafile/seadroid2/framework/util/Objs.kt:260:37 Unresolved reference 'GroupItemModel'.
e: file:///Users/HONGBGU/Documents/seadroid/app/src/main/java/com/seafile/seadroid2/framework/util/Objs.kt:260:54 Unresolved reference 'GroupItemModel'.
e: file:///Users/HONGBGU/Documents/seadroid/app/src/main/java/com/seafile/seadroid2/framework/util/Objs.kt:260:69 Unresolved reference 'R'.
e: file:///Users/HONGBGU/Documents/seadroid/app/src/main/java/com/seafile/seadroid2/framework/util/Objs.kt:263:23 Unresolved reference 'group_name'.
e: file:///Users/HONGBGU/Documents/seadroid/app/src/main/java/com/seafile/seadroid2/framework/util/Objs.kt:263:51 Unresolved reference 'getTitle'.
e: file:///Users/HONGBGU/Documents/seadroid/app/src/main/java/com/seafile/seadroid2/framework/util/Objs.kt:264:23 Unresolved reference 'group_id'.
e: file:///Users/HONGBGU/Documents/seadroid/app/src/main/java/com/seafile/seadroid2/framework/util/Objs.kt:267:32 Unresolved reference 'addAllRepoList'.
e: file:///Users/HONGBGU/Documents/seadroid/app/src/main/java/com/seafile/seadroid2/framework/util/Objs.kt:274:35 Unresolved reference 'RepoModel'.
e: file:///Users/HONGBGU/Documents/seadroid/app/src/main/java/com/seafile/seadroid2/framework/util/Objs.kt:274:61 Unresolved reference 'RepoType'.
e: file:///Users/HONGBGU/Documents/seadroid/app/src/main/java/com/seafile/seadroid2/framework/util/Objs.kt:276:41 Unresolved reference 'RepoModel'.
e: file:///Users/HONGBGU/Documents/seadroid/app/src/main/java/com/seafile/seadroid2/framework/util/Objs.kt:276:69 Argument type mismatch: actual type is 'kotlin.collections.MutableList<ERROR CLASS: Symbol not found for RepoModel>?', but 'kotlin.collections.MutableList<ERROR CLASS: Symbol not found for RepoModel>' was expected.
e: file:///Users/HONGBGU/Documents/seadroid/app/src/main/java/com/seafile/seadroid2/framework/util/Objs.kt:277:27 Unresolved reference 'GroupItemModel'.
e: file:///Users/HONGBGU/Documents/seadroid/app/src/main/java/com/seafile/seadroid2/framework/util/Objs.kt:277:42 Unresolved reference 'R'.
e: file:///Users/HONGBGU/Documents/seadroid/app/src/main/java/com/seafile/seadroid2/framework/util/Objs.kt:282:37 Unresolved reference 'RepoModel'.
e: file:///Users/HONGBGU/Documents/seadroid/app/src/main/java/com/seafile/seadroid2/framework/util/Objs.kt:282:63 Unresolved reference 'RepoType'.
e: file:///Users/HONGBGU/Documents/seadroid/app/src/main/java/com/seafile/seadroid2/framework/util/Objs.kt:284:41 Unresolved reference 'RepoModel'.
e: file:///Users/HONGBGU/Documents/seadroid/app/src/main/java/com/seafile/seadroid2/framework/util/Objs.kt:284:69 Argument type mismatch: actual type is 'kotlin.collections.MutableList<ERROR CLASS: Symbol not found for RepoModel>?', but 'kotlin.collections.MutableList<ERROR CLASS: Symbol not found for RepoModel>' was expected.
e: file:///Users/HONGBGU/Documents/seadroid/app/src/main/java/com/seafile/seadroid2/framework/util/Objs.kt:285:27 Unresolved reference 'GroupItemModel'.
e: file:///Users/HONGBGU/Documents/seadroid/app/src/main/java/com/seafile/seadroid2/framework/util/Objs.kt:285:42 Unresolved reference 'R'.
e: file:///Users/HONGBGU/Documents/seadroid/app/src/main/java/com/seafile/seadroid2/framework/util/Objs.kt:291:37 Unresolved reference 'RepoModel'.
e: file:///Users/HONGBGU/Documents/seadroid/app/src/main/java/com/seafile/seadroid2/framework/util/Objs.kt:291:63 Unresolved reference 'RepoType'.
e: file:///Users/HONGBGU/Documents/seadroid/app/src/main/java/com/seafile/seadroid2/framework/util/Objs.kt:293:41 Unresolved reference 'RepoModel'.
e: file:///Users/HONGBGU/Documents/seadroid/app/src/main/java/com/seafile/seadroid2/framework/util/Objs.kt:293:69 Argument type mismatch: actual type is 'kotlin.collections.MutableList<ERROR CLASS: Symbol not found for RepoModel>?', but 'kotlin.collections.MutableList<ERROR CLASS: Symbol not found for RepoModel>' was expected.
e: file:///Users/HONGBGU/Documents/seadroid/app/src/main/java/com/seafile/seadroid2/framework/util/Objs.kt:294:27 Unresolved reference 'GroupItemModel'.
e: file:///Users/HONGBGU/Documents/seadroid/app/src/main/java/com/seafile/seadroid2/framework/util/Objs.kt:294:42 Unresolved reference 'R'.
e: file:///Users/HONGBGU/Documents/seadroid/app/src/main/java/com/seafile/seadroid2/framework/util/Objs.kt:299:17 Unresolved reference 'TextUtils'.
e: file:///Users/HONGBGU/Documents/seadroid/app/src/main/java/com/seafile/seadroid2/framework/util/Objs.kt:299:39 Unresolved reference 'RepoType'.
e: file:///Users/HONGBGU/Documents/seadroid/app/src/main/java/com/seafile/seadroid2/framework/util/Objs.kt:300:24 Unresolved reference 'TextUtils'.
e: file:///Users/HONGBGU/Documents/seadroid/app/src/main/java/com/seafile/seadroid2/framework/util/Objs.kt:300:46 Unresolved reference 'RepoType'.
e: file:///Users/HONGBGU/Documents/seadroid/app/src/main/java/com/seafile/seadroid2/framework/util/Objs.kt:301:24 Unresolved reference 'TextUtils'.
e: file:///Users/HONGBGU/Documents/seadroid/app/src/main/java/com/seafile/seadroid2/framework/util/Objs.kt:301:46 Unresolved reference 'RepoType'.
e: file:///Users/HONGBGU/Documents/seadroid/app/src/main/java/com/seafile/seadroid2/framework/util/Objs.kt:303:44 Unresolved reference 'RepoModel'.
e: file:///Users/HONGBGU/Documents/seadroid/app/src/main/java/com/seafile/seadroid2/framework/util/Objs.kt:305:49 Unresolved reference 'RepoModel'.
e: file:///Users/HONGBGU/Documents/seadroid/app/src/main/java/com/seafile/seadroid2/framework/util/Objs.kt:305:77 Argument type mismatch: actual type is 'kotlin.collections.MutableList<ERROR CLASS: Symbol not found for RepoModel>?', but 'kotlin.collections.MutableList<ERROR CLASS: Symbol not found for RepoModel>' was expected.
e: file:///Users/HONGBGU/Documents/seadroid/app/src/main/java/com/seafile/seadroid2/framework/util/Objs.kt:306:35 Unresolved reference 'GroupItemModel'.
e: file:///Users/HONGBGU/Documents/seadroid/app/src/main/java/com/seafile/seadroid2/framework/util/Objs.kt:315:46 Unresolved reference 'RepoModel'.
e: file:///Users/HONGBGU/Documents/seadroid/app/src/main/java/com/seafile/seadroid2/framework/util/Objs.kt:315:71 Unresolved reference 'RepoModel'.
e: file:///Users/HONGBGU/Documents/seadroid/app/src/main/java/com/seafile/seadroid2/framework/util/Objs.kt:316:35 Unresolved reference 'RepoModel'.
e: file:///Users/HONGBGU/Documents/seadroid/app/src/main/java/com/seafile/seadroid2/framework/util/Objs.kt:316:58 Unresolved reference 'RepoModel'.
e: file:///Users/HONGBGU/Documents/seadroid/app/src/main/java/com/seafile/seadroid2/framework/util/Objs.kt:318:17 Unresolved reference 'SortBy'.
e: file:///Users/HONGBGU/Documents/seadroid/app/src/main/java/com/seafile/seadroid2/framework/util/Objs.kt:319:36 Initializer type mismatch: expected 'kotlin.Boolean', actual 'kotlin.Boolean?'.
e: file:///Users/HONGBGU/Documents/seadroid/app/src/main/java/com/seafile/seadroid2/framework/util/Objs.kt:319:36 Type mismatch: inferred type is 'kotlin.Boolean?', but 'kotlin.Boolean' was expected.
e: file:///Users/HONGBGU/Documents/seadroid/app/src/main/java/com/seafile/seadroid2/framework/util/Objs.kt:321:13 Unresolved reference 'SortBy'.
e: file:///Users/HONGBGU/Documents/seadroid/app/src/main/java/com/seafile/seadroid2/framework/util/Objs.kt:324:43 Unresolved reference 'RepoNaturalOrderComparator'.
e: file:///Users/HONGBGU/Documents/seadroid/app/src/main/java/com/seafile/seadroid2/framework/util/Objs.kt:324:81 Argument type mismatch: actual type is 'java.util.stream.Collector<T!, CapturedType(*), kotlin.collections.(Mutable)List<T!>!>!', but 'java.util.stream.Collector<in ERROR CLASS: Symbol not found for RepoModel, A!, R!>!' was expected.
e: file:///Users/HONGBGU/Documents/seadroid/app/src/main/java/com/seafile/seadroid2/framework/util/Objs.kt:326:50 Unresolved reference 'RepoNaturalOrderComparator'.
e: file:///Users/HONGBGU/Documents/seadroid/app/src/main/java/com/seafile/seadroid2/framework/util/Objs.kt:327:21 Argument type mismatch: actual type is 'java.util.stream.Collector<T!, CapturedType(*), kotlin.collections.(Mutable)List<T!>!>!', but 'java.util.stream.Collector<in ERROR CLASS: Symbol not found for RepoModel, A!, R!>!' was expected.
e: file:///Users/HONGBGU/Documents/seadroid/app/src/main/java/com/seafile/seadroid2/framework/util/Objs.kt:330:20 Unresolved reference 'SortBy'.
e: file:///Users/HONGBGU/Documents/seadroid/app/src/main/java/com/seafile/seadroid2/framework/util/Objs.kt:332:20 Unresolved reference 'SortBy'.
e: file:///Users/HONGBGU/Documents/seadroid/app/src/main/java/com/seafile/seadroid2/framework/util/Objs.kt:333:46 Class '<anonymous>' is not abstract and does not implement abstract member 'compare'.
e: file:///Users/HONGBGU/Documents/seadroid/app/src/main/java/com/seafile/seadroid2/framework/util/Objs.kt:333:66 Unresolved reference 'RepoModel'.
e: file:///Users/HONGBGU/Documents/seadroid/app/src/main/java/com/seafile/seadroid2/framework/util/Objs.kt:334:17 'compare' overrides nothing.
e: file:///Users/HONGBGU/Documents/seadroid/app/src/main/java/com/seafile/seadroid2/framework/util/Objs.kt:334:42 Unresolved reference 'RepoModel'.
e: file:///Users/HONGBGU/Documents/seadroid/app/src/main/java/com/seafile/seadroid2/framework/util/Objs.kt:334:57 Unresolved reference 'RepoModel'.
e: file:///Users/HONGBGU/Documents/seadroid/app/src/main/java/com/seafile/seadroid2/framework/util/Objs.kt:336:48 Unresolved reference 'size'.
e: file:///Users/HONGBGU/Documents/seadroid/app/src/main/java/com/seafile/seadroid2/framework/util/Objs.kt:336:57 Unresolved reference 'size'.
e: file:///Users/HONGBGU/Documents/seadroid/app/src/main/java/com/seafile/seadroid2/framework/util/Objs.kt:338:45 Unresolved reference 'size'.
e: file:///Users/HONGBGU/Documents/seadroid/app/src/main/java/com/seafile/seadroid2/framework/util/Objs.kt:338:54 Unresolved reference 'size'.
e: file:///Users/HONGBGU/Documents/seadroid/app/src/main/java/com/seafile/seadroid2/framework/util/Objs.kt:340:24 Argument type mismatch: actual type is 'java.util.stream.Collector<T!, CapturedType(*), kotlin.collections.(Mutable)List<T!>!>!', but 'java.util.stream.Collector<in ERROR CLASS: Symbol not found for RepoModel, A!, R!>!' was expected.
e: file:///Users/HONGBGU/Documents/seadroid/app/src/main/java/com/seafile/seadroid2/framework/util/Objs.kt:341:20 Unresolved reference 'SortBy'.
e: file:///Users/HONGBGU/Documents/seadroid/app/src/main/java/com/seafile/seadroid2/framework/util/Objs.kt:342:46 Class '<anonymous>' is not abstract and does not implement abstract member 'compare'.
e: file:///Users/HONGBGU/Documents/seadroid/app/src/main/java/com/seafile/seadroid2/framework/util/Objs.kt:342:66 Unresolved reference 'RepoModel'.
e: file:///Users/HONGBGU/Documents/seadroid/app/src/main/java/com/seafile/seadroid2/framework/util/Objs.kt:343:17 'compare' overrides nothing.
e: file:///Users/HONGBGU/Documents/seadroid/app/src/main/java/com/seafile/seadroid2/framework/util/Objs.kt:343:42 Unresolved reference 'RepoModel'.
e: file:///Users/HONGBGU/Documents/seadroid/app/src/main/java/com/seafile/seadroid2/framework/util/Objs.kt:343:57 Unresolved reference 'RepoModel'.
e: file:///Users/HONGBGU/Documents/seadroid/app/src/main/java/com/seafile/seadroid2/framework/util/Objs.kt:345:48 Unresolved reference 'last_modified_long'.
e: file:///Users/HONGBGU/Documents/seadroid/app/src/main/java/com/seafile/seadroid2/framework/util/Objs.kt:345:71 Unresolved reference 'last_modified_long'.
e: file:///Users/HONGBGU/Documents/seadroid/app/src/main/java/com/seafile/seadroid2/framework/util/Objs.kt:347:45 Unresolved reference 'last_modified_long'.
e: file:///Users/HONGBGU/Documents/seadroid/app/src/main/java/com/seafile/seadroid2/framework/util/Objs.kt:347:68 Unresolved reference 'last_modified_long'.
e: file:///Users/HONGBGU/Documents/seadroid/app/src/main/java/com/seafile/seadroid2/framework/util/Objs.kt:349:24 Argument type mismatch: actual type is 'java.util.stream.Collector<T!, CapturedType(*), kotlin.collections.(Mutable)List<T!>!>!', but 'java.util.stream.Collector<in ERROR CLASS: Symbol not found for RepoModel, A!, R!>!' was expected.
e: file:///Users/HONGBGU/Documents/seadroid/app/src/main/java/com/seafile/seadroid2/framework/util/Objs.kt:355:29 Unresolved reference 'item_position'.
e: file:///Users/HONGBGU/Documents/seadroid/app/src/main/java/com/seafile/seadroid2/framework/util/Objs.kt:355:45 Unresolved reference 'ItemPositionEnum'.
e: file:///Users/HONGBGU/Documents/seadroid/app/src/main/java/com/seafile/seadroid2/framework/util/Objs.kt:357:29 Unresolved reference 'item_position'.
e: file:///Users/HONGBGU/Documents/seadroid/app/src/main/java/com/seafile/seadroid2/framework/util/Objs.kt:357:45 Unresolved reference 'ItemPositionEnum'.
e: file:///Users/HONGBGU/Documents/seadroid/app/src/main/java/com/seafile/seadroid2/framework/util/Objs.kt:358:45 Unresolved reference 'item_position'.
e: file:///Users/HONGBGU/Documents/seadroid/app/src/main/java/com/seafile/seadroid2/framework/util/Objs.kt:358:61 Unresolved reference 'ItemPositionEnum'.
e: file:///Users/HONGBGU/Documents/seadroid/app/src/main/java/com/seafile/seadroid2/framework/util/Objs.kt:363:47 Unresolved reference 'RepoModel'.
e: file:///Users/HONGBGU/Documents/seadroid/app/src/main/java/com/seafile/seadroid2/framework/util/Objs.kt:363:88 Unresolved reference 'RepoModel'.
e: file:///Users/HONGBGU/Documents/seadroid/app/src/main/java/com/seafile/seadroid2/framework/util/Objs.kt:364:46 Unresolved reference 'RepoModel'.
e: file:///Users/HONGBGU/Documents/seadroid/app/src/main/java/com/seafile/seadroid2/framework/util/Objs.kt:364:88 Unresolved reference 'RepoModel'.
e: file:///Users/HONGBGU/Documents/seadroid/app/src/main/java/com/seafile/seadroid2/framework/util/Objs.kt:366:17 Unresolved reference 'TextUtils'.
e: file:///Users/HONGBGU/Documents/seadroid/app/src/main/java/com/seafile/seadroid2/framework/util/Objs.kt:366:39 Unresolved reference 'type'.
e: file:///Users/HONGBGU/Documents/seadroid/app/src/main/java/com/seafile/seadroid2/framework/util/Objs.kt:366:45 Unresolved reference 'RepoType'.
e: file:///Users/HONGBGU/Documents/seadroid/app/src/main/java/com/seafile/seadroid2/framework/util/Objs.kt:367:26 Unresolved reference 'group_name'.
e: file:///Users/HONGBGU/Documents/seadroid/app/src/main/java/com/seafile/seadroid2/framework/util/Objs.kt:368:26 Unresolved reference 'group_name'.
e: file:///Users/HONGBGU/Documents/seadroid/app/src/main/java/com/seafile/seadroid2/framework/util/Objs.kt:370:36 Unresolved reference 'RepoModel'.
e: file:///Users/HONGBGU/Documents/seadroid/app/src/main/java/com/seafile/seadroid2/framework/util/Objs.kt:371:46 Unresolved reference 'group_name'.
e: file:///Users/HONGBGU/Documents/seadroid/app/src/main/java/com/seafile/seadroid2/framework/util/Objs.kt:371:74 Unresolved reference 'Lists'.
e: file:///Users/HONGBGU/Documents/seadroid/app/src/main/java/com/seafile/seadroid2/framework/util/Objs.kt:371:93 Unresolved reference 'RepoModel'.
e: file:///Users/HONGBGU/Documents/seadroid/app/src/main/java/com/seafile/seadroid2/framework/util/Objs.kt:374:36 Unresolved reference 'RepoModel'.
e: file:///Users/HONGBGU/Documents/seadroid/app/src/main/java/com/seafile/seadroid2/framework/util/Objs.kt:375:46 Unresolved reference 'type'.
e: file:///Users/HONGBGU/Documents/seadroid/app/src/main/java/com/seafile/seadroid2/framework/util/Objs.kt:375:68 Unresolved reference 'Lists'.
e: file:///Users/HONGBGU/Documents/seadroid/app/src/main/java/com/seafile/seadroid2/framework/util/Objs.kt:375:87 Unresolved reference 'RepoModel'.
e: file:///Users/HONGBGU/Documents/seadroid/app/src/main/java/com/seafile/seadroid2/framework/util/Objs.kt:389:8 Unresolved reference 'Single'.
e: file:///Users/HONGBGU/Documents/seadroid/app/src/main/java/com/seafile/seadroid2/framework/util/Objs.kt:389:27 Unresolved reference 'DirentModel'.
e: file:///Users/HONGBGU/Documents/seadroid/app/src/main/java/com/seafile/seadroid2/framework/util/Objs.kt:390:24 Unresolved reference 'Single'.
e: file:///Users/HONGBGU/Documents/seadroid/app/src/main/java/com/seafile/seadroid2/framework/util/Objs.kt:390:31 Unresolved reference 'DirentWrapperModel'.
e: file:///Users/HONGBGU/Documents/seadroid/app/src/main/java/com/seafile/seadroid2/framework/util/Objs.kt:390:54 Unresolved reference 'HttpIO'.
e: file:///Users/HONGBGU/Documents/seadroid/app/src/main/java/com/seafile/seadroid2/framework/util/Objs.kt:391:22 Unresolved reference 'RepoService'.
e: file:///Users/HONGBGU/Documents/seadroid/app/src/main/java/com/seafile/seadroid2/framework/util/Objs.kt:391:36 Unresolved reference 'RepoService'.
e: file:///Users/HONGBGU/Documents/seadroid/app/src/main/java/com/seafile/seadroid2/framework/util/Objs.kt:391:55 Unresolved reference. None of the following candidates is applicable because of a receiver type mismatch:
val <T> KClass<T>.java: Class<T>
e: file:///Users/HONGBGU/Documents/seadroid/app/src/main/java/com/seafile/seadroid2/framework/util/Objs.kt:392:26 None of the following candidates is applicable:
fun <T, R> Array<out T>.flatMap(transform: (T) -> Iterable<R>): List<R>
fun <R> BooleanArray.flatMap(transform: (Boolean) -> Iterable<R>): List<R>
fun <R> ByteArray.flatMap(transform: (Byte) -> Iterable<R>): List<R>
fun <R> CharArray.flatMap(transform: (Char) -> Iterable<R>): List<R>
fun <R> DoubleArray.flatMap(transform: (Double) -> Iterable<R>): List<R>
fun <R> FloatArray.flatMap(transform: (Float) -> Iterable<R>): List<R>
fun <R> IntArray.flatMap(transform: (Int) -> Iterable<R>): List<R>
fun <R> LongArray.flatMap(transform: (Long) -> Iterable<R>): List<R>
fun <R> ShortArray.flatMap(transform: (Short) -> Iterable<R>): List<R>
fun <T, R> Iterable<T>.flatMap(transform: (T) -> Iterable<R>): List<R>
fun <K, V, R> Map<out K, V>.flatMap(transform: (Map.Entry<K, V>) -> Iterable<R>): List<R>
@SinceKotlin(...) @ExperimentalUnsignedTypes() @InlineOnly() fun <R> UByteArray.flatMap(transform: (UByte) -> Iterable<R>): List<R>
@SinceKotlin(...) @ExperimentalUnsignedTypes() @InlineOnly() fun <R> UIntArray.flatMap(transform: (UInt) -> Iterable<R>): List<R>
@SinceKotlin(...) @ExperimentalUnsignedTypes() @InlineOnly() fun <R> ULongArray.flatMap(transform: (ULong) -> Iterable<R>): List<R>
@SinceKotlin(...) @ExperimentalUnsignedTypes() @InlineOnly() fun <R> UShortArray.flatMap(transform: (UShort) -> Iterable<R>): List<R>
fun <T, R> Sequence<T>.flatMap(transform: (T) -> Sequence<R>): Sequence<R>
fun <R> CharSequence.flatMap(transform: (Char) -> Iterable<R>): List<R>
e: file:///Users/HONGBGU/Documents/seadroid/app/src/main/java/com/seafile/seadroid2/framework/util/Objs.kt:392:46 Unresolved reference 'DirentModel'.
e: file:///Users/HONGBGU/Documents/seadroid/app/src/main/java/com/seafile/seadroid2/framework/util/Objs.kt:392:62 Class '<anonymous>' is not abstract and does not implement abstract member 'apply'.
e: file:///Users/HONGBGU/Documents/seadroid/app/src/main/java/com/seafile/seadroid2/framework/util/Objs.kt:393:22 Unresolved reference 'DirentWrapperModel'.
e: file:///Users/HONGBGU/Documents/seadroid/app/src/main/java/com/seafile/seadroid2/framework/util/Objs.kt:393:43 Unresolved reference 'SingleSource'.
e: file:///Users/HONGBGU/Documents/seadroid/app/src/main/java/com/seafile/seadroid2/framework/util/Objs.kt:393:68 Unresolved reference 'DirentModel'.
e: file:///Users/HONGBGU/Documents/seadroid/app/src/main/java/com/seafile/seadroid2/framework/util/Objs.kt:395:13 'apply' overrides nothing.
e: file:///Users/HONGBGU/Documents/seadroid/app/src/main/java/com/seafile/seadroid2/framework/util/Objs.kt:395:52 Unresolved reference 'DirentWrapperModel'.
e: file:///Users/HONGBGU/Documents/seadroid/app/src/main/java/com/seafile/seadroid2/framework/util/Objs.kt:395:73 Unresolved reference 'SingleSource'.
e: file:///Users/HONGBGU/Documents/seadroid/app/src/main/java/com/seafile/seadroid2/framework/util/Objs.kt:395:98 Unresolved reference 'DirentModel'.
e: file:///Users/HONGBGU/Documents/seadroid/app/src/main/java/com/seafile/seadroid2/framework/util/Objs.kt:396:24 Unresolved reference 'Single'.
e: file:///Users/HONGBGU/Documents/seadroid/app/src/main/java/com/seafile/seadroid2/framework/util/Objs.kt:396:50 Unresolved reference 'DirentModel'.
e: file:///Users/HONGBGU/Documents/seadroid/app/src/main/java/com/seafile/seadroid2/framework/util/Objs.kt:397:21 Unresolved reference 'SingleOnSubscribe'.
e: file:///Users/HONGBGU/Documents/seadroid/app/src/main/java/com/seafile/seadroid2/framework/util/Objs.kt:397:51 Unresolved reference 'DirentModel'.
e: file:///Users/HONGBGU/Documents/seadroid/app/src/main/java/com/seafile/seadroid2/framework/util/Objs.kt:399:21 'subscribe' overrides nothing.
e: file:///Users/HONGBGU/Documents/seadroid/app/src/main/java/com/seafile/seadroid2/framework/util/Objs.kt:399:53 Unresolved reference 'SingleEmitter'.
e: file:///Users/HONGBGU/Documents/seadroid/app/src/main/java/com/seafile/seadroid2/framework/util/Objs.kt:399:79 Unresolved reference 'DirentModel'.
e: file:///Users/HONGBGU/Documents/seadroid/app/src/main/java/com/seafile/seadroid2/framework/util/Objs.kt:400:37 Unresolved reference 'isDisposed'.
e: file:///Users/HONGBGU/Documents/seadroid/app/src/main/java/com/seafile/seadroid2/framework/util/Objs.kt:403:47 Unresolved reference 'DirentModel'.
e: file:///Users/HONGBGU/Documents/seadroid/app/src/main/java/com/seafile/seadroid2/framework/util/Objs.kt:404:48 Unresolved reference 'dirent_list'.
e: file:///Users/HONGBGU/Documents/seadroid/app/src/main/java/com/seafile/seadroid2/framework/util/Objs.kt:405:48 Unresolved reference 'dir_id'.
e: file:///Users/HONGBGU/Documents/seadroid/app/src/main/java/com/seafile/seadroid2/framework/util/Objs.kt:410:43 Argument type mismatch: actual type is 'kotlin.collections.MutableList<ERROR CLASS: Symbol not found for DirentModel?>', but 'kotlin.Function1<@ParameterName(...) T, kotlin.Unit>' was expected.
e: file:///Users/HONGBGU/Documents/seadroid/app/src/main/java/com/seafile/seadroid2/framework/util/Objs.kt:414:12 None of the following candidates is applicable:
fun <T, R> Array<out T>.flatMap(transform: (T) -> Iterable<R>): List<R>
fun <R> BooleanArray.flatMap(transform: (Boolean) -> Iterable<R>): List<R>
fun <R> ByteArray.flatMap(transform: (Byte) -> Iterable<R>): List<R>
fun <R> CharArray.flatMap(transform: (Char) -> Iterable<R>): List<R>
fun <R> DoubleArray.flatMap(transform: (Double) -> Iterable<R>): List<R>
fun <R> FloatArray.flatMap(transform: (Float) -> Iterable<R>): List<R>
fun <R> IntArray.flatMap(transform: (Int) -> Iterable<R>): List<R>
fun <R> LongArray.flatMap(transform: (Long) -> Iterable<R>): List<R>
fun <R> ShortArray.flatMap(transform: (Short) -> Iterable<R>): List<R>
fun <T, R> Iterable<T>.flatMap(transform: (T) -> Iterable<R>): List<R>
fun <K, V, R> Map<out K, V>.flatMap(transform: (Map.Entry<K, V>) -> Iterable<R>): List<R>
@SinceKotlin(...) @ExperimentalUnsignedTypes() @InlineOnly() fun <R> UByteArray.flatMap(transform: (UByte) -> Iterable<R>): List<R>
@SinceKotlin(...) @ExperimentalUnsignedTypes() @InlineOnly() fun <R> UIntArray.flatMap(transform: (UInt) -> Iterable<R>): List<R>
@SinceKotlin(...) @ExperimentalUnsignedTypes() @InlineOnly() fun <R> ULongArray.flatMap(transform: (ULong) -> Iterable<R>): List<R>
@SinceKotlin(...) @ExperimentalUnsignedTypes() @InlineOnly() fun <R> UShortArray.flatMap(transform: (UShort) -> Iterable<R>): List<R>
fun <T, R> Sequence<T>.flatMap(transform: (T) -> Sequence<R>): Sequence<R>
fun <R> CharSequence.flatMap(transform: (Char) -> Iterable<R>): List<R>
e: file:///Users/HONGBGU/Documents/seadroid/app/src/main/java/com/seafile/seadroid2/framework/util/Objs.kt:414:32 Unresolved reference 'DirentModel'.
e: file:///Users/HONGBGU/Documents/seadroid/app/src/main/java/com/seafile/seadroid2/framework/util/Objs.kt:414:48 Class '<anonymous>' is not abstract and does not implement abstract member 'apply'.
e: file:///Users/HONGBGU/Documents/seadroid/app/src/main/java/com/seafile/seadroid2/framework/util/Objs.kt:415:34 Unresolved reference 'DirentModel'.
e: file:///Users/HONGBGU/Documents/seadroid/app/src/main/java/com/seafile/seadroid2/framework/util/Objs.kt:415:50 Unresolved reference 'SingleSource'.
e: file:///Users/HONGBGU/Documents/seadroid/app/src/main/java/com/seafile/seadroid2/framework/util/Objs.kt:415:75 Unresolved reference 'DirentModel'.
e: file:///Users/HONGBGU/Documents/seadroid/app/src/main/java/com/seafile/seadroid2/framework/util/Objs.kt:417:13 'apply' overrides nothing.
e: file:///Users/HONGBGU/Documents/seadroid/app/src/main/java/com/seafile/seadroid2/framework/util/Objs.kt:417:55 Unresolved reference 'DirentModel'.
e: file:///Users/HONGBGU/Documents/seadroid/app/src/main/java/com/seafile/seadroid2/framework/util/Objs.kt:417:71 Unresolved reference 'SingleSource'.
e: file:///Users/HONGBGU/Documents/seadroid/app/src/main/java/com/seafile/seadroid2/framework/util/Objs.kt:417:96 Unresolved reference 'DirentModel'.
e: file:///Users/HONGBGU/Documents/seadroid/app/src/main/java/com/seafile/seadroid2/framework/util/Objs.kt:418:30 Unresolved reference 'Completable'.
e: file:///Users/HONGBGU/Documents/seadroid/app/src/main/java/com/seafile/seadroid2/framework/util/Objs.kt:418:44 Unresolved reference 'AppDatabase'.
e: file:///Users/HONGBGU/Documents/seadroid/app/src/main/java/com/seafile/seadroid2/framework/util/Objs.kt:420:44 Unresolved reference 'Single'.
e: file:///Users/HONGBGU/Documents/seadroid/app/src/main/java/com/seafile/seadroid2/framework/util/Objs.kt:421:29 Unresolved reference 'toSingleDefault'.
e: file:///Users/HONGBGU/Documents/seadroid/app/src/main/java/com/seafile/seadroid2/framework/util/Objs.kt:422:46 None of the following candidates is applicable:
fun <T, R> Array<out T>.flatMap(transform: (T) -> Iterable<R>): List<R>
fun <R> BooleanArray.flatMap(transform: (Boolean) -> Iterable<R>): List<R>
fun <R> ByteArray.flatMap(transform: (Byte) -> Iterable<R>): List<R>
fun <R> CharArray.flatMap(transform: (Char) -> Iterable<R>): List<R>
fun <R> DoubleArray.flatMap(transform: (Double) -> Iterable<R>): List<R>
fun <R> FloatArray.flatMap(transform: (Float) -> Iterable<R>): List<R>
fun <R> IntArray.flatMap(transform: (Int) -> Iterable<R>): List<R>
fun <R> LongArray.flatMap(transform: (Long) -> Iterable<R>): List<R>
fun <R> ShortArray.flatMap(transform: (Short) -> Iterable<R>): List<R>
fun <T, R> Iterable<T>.flatMap(transform: (T) -> Iterable<R>): List<R>
fun <K, V, R> Map<out K, V>.flatMap(transform: (Map.Entry<K, V>) -> Iterable<R>): List<R>
@SinceKotlin(...) @ExperimentalUnsignedTypes() @InlineOnly() fun <R> UByteArray.flatMap(transform: (UByte) -> Iterable<R>): List<R>
@SinceKotlin(...) @ExperimentalUnsignedTypes() @InlineOnly() fun <R> UIntArray.flatMap(transform: (UInt) -> Iterable<R>): List<R>
@SinceKotlin(...) @ExperimentalUnsignedTypes() @InlineOnly() fun <R> ULongArray.flatMap(transform: (ULong) -> Iterable<R>): List<R>
@SinceKotlin(...) @ExperimentalUnsignedTypes() @InlineOnly() fun <R> UShortArray.flatMap(transform: (UShort) -> Iterable<R>): List<R>
fun <T, R> Sequence<T>.flatMap(transform: (T) -> Sequence<R>): Sequence<R>
fun <R> CharSequence.flatMap(transform: (Char) -> Iterable<R>): List<R>
e: file:///Users/HONGBGU/Documents/seadroid/app/src/main/java/com/seafile/seadroid2/framework/util/Objs.kt:422:66 Unresolved reference 'DirentModel'.
e: file:///Users/HONGBGU/Documents/seadroid/app/src/main/java/com/seafile/seadroid2/framework/util/Objs.kt:422:82 Class '<anonymous>' is not abstract and does not implement abstract member 'apply'.
e: file:///Users/HONGBGU/Documents/seadroid/app/src/main/java/com/seafile/seadroid2/framework/util/Objs.kt:423:44 Unresolved reference 'SingleSource'.
e: file:///Users/HONGBGU/Documents/seadroid/app/src/main/java/com/seafile/seadroid2/framework/util/Objs.kt:423:69 Unresolved reference 'DirentModel'.
e: file:///Users/HONGBGU/Documents/seadroid/app/src/main/java/com/seafile/seadroid2/framework/util/Objs.kt:425:21 'apply' overrides nothing.
e: file:///Users/HONGBGU/Documents/seadroid/app/src/main/java/com/seafile/seadroid2/framework/util/Objs.kt:425:62 Unresolved reference 'SingleSource'.
e: file:///Users/HONGBGU/Documents/seadroid/app/src/main/java/com/seafile/seadroid2/framework/util/Objs.kt:425:87 Unresolved reference 'DirentModel'.
e: file:///Users/HONGBGU/Documents/seadroid/app/src/main/java/com/seafile/seadroid2/framework/util/Objs.kt:426:32 Unresolved reference 'Single'.
e: file:///Users/HONGBGU/Documents/seadroid/app/src/main/java/com/seafile/seadroid2/framework/util/Objs.kt:426:56 Unresolved reference 'DirentModel'.
e: file:///Users/HONGBGU/Documents/seadroid/app/src/main/java/com/seafile/seadroid2/framework/util/Objs.kt:430:12 None of the following candidates is applicable:
fun <T, R> Array<out T>.flatMap(transform: (T) -> Iterable<R>): List<R>
fun <R> BooleanArray.flatMap(transform: (Boolean) -> Iterable<R>): List<R>
fun <R> ByteArray.flatMap(transform: (Byte) -> Iterable<R>): List<R>
fun <R> CharArray.flatMap(transform: (Char) -> Iterable<R>): List<R>
fun <R> DoubleArray.flatMap(transform: (Double) -> Iterable<R>): List<R>
fun <R> FloatArray.flatMap(transform: (Float) -> Iterable<R>): List<R>
fun <R> IntArray.flatMap(transform: (Int) -> Iterable<R>): List<R>
fun <R> LongArray.flatMap(transform: (Long) -> Iterable<R>): List<R>
fun <R> ShortArray.flatMap(transform: (Short) -> Iterable<R>): List<R>
fun <T, R> Iterable<T>.flatMap(transform: (T) -> Iterable<R>): List<R>
fun <K, V, R> Map<out K, V>.flatMap(transform: (Map.Entry<K, V>) -> Iterable<R>): List<R>
@SinceKotlin(...) @ExperimentalUnsignedTypes() @InlineOnly() fun <R> UByteArray.flatMap(transform: (UByte) -> Iterable<R>): List<R>
@SinceKotlin(...) @ExperimentalUnsignedTypes() @InlineOnly() fun <R> UIntArray.flatMap(transform: (UInt) -> Iterable<R>): List<R>
@SinceKotlin(...) @ExperimentalUnsignedTypes() @InlineOnly() fun <R> ULongArray.flatMap(transform: (ULong) -> Iterable<R>): List<R>
@SinceKotlin(...) @ExperimentalUnsignedTypes() @InlineOnly() fun <R> UShortArray.flatMap(transform: (UShort) -> Iterable<R>): List<R>
fun <T, R> Sequence<T>.flatMap(transform: (T) -> Sequence<R>): Sequence<R>
fun <R> CharSequence.flatMap(transform: (Char) -> Iterable<R>): List<R>
e: file:///Users/HONGBGU/Documents/seadroid/app/src/main/java/com/seafile/seadroid2/framework/util/Objs.kt:430:32 Unresolved reference 'DirentModel'.
e: file:///Users/HONGBGU/Documents/seadroid/app/src/main/java/com/seafile/seadroid2/framework/util/Objs.kt:430:48 Class '<anonymous>' is not abstract and does not implement abstract member 'apply'.
e: file:///Users/HONGBGU/Documents/seadroid/app/src/main/java/com/seafile/seadroid2/framework/util/Objs.kt:431:34 Unresolved reference 'DirentModel'.
e: file:///Users/HONGBGU/Documents/seadroid/app/src/main/java/com/seafile/seadroid2/framework/util/Objs.kt:431:50 Unresolved reference 'SingleSource'.
e: file:///Users/HONGBGU/Documents/seadroid/app/src/main/java/com/seafile/seadroid2/framework/util/Objs.kt:431:75 Unresolved reference 'DirentModel'.
e: file:///Users/HONGBGU/Documents/seadroid/app/src/main/java/com/seafile/seadroid2/framework/util/Objs.kt:433:13 'apply' overrides nothing.
e: file:///Users/HONGBGU/Documents/seadroid/app/src/main/java/com/seafile/seadroid2/framework/util/Objs.kt:433:58 Unresolved reference 'DirentModel'.
e: file:///Users/HONGBGU/Documents/seadroid/app/src/main/java/com/seafile/seadroid2/framework/util/Objs.kt:433:74 Unresolved reference 'SingleSource'.
e: file:///Users/HONGBGU/Documents/seadroid/app/src/main/java/com/seafile/seadroid2/framework/util/Objs.kt:433:99 Unresolved reference 'DirentModel'.
e: file:///Users/HONGBGU/Documents/seadroid/app/src/main/java/com/seafile/seadroid2/framework/util/Objs.kt:435:28 Unresolved reference 'Single'.
e: file:///Users/HONGBGU/Documents/seadroid/app/src/main/java/com/seafile/seadroid2/framework/util/Objs.kt:435:52 Unresolved reference 'DirentModel'.
e: file:///Users/HONGBGU/Documents/seadroid/app/src/main/java/com/seafile/seadroid2/framework/util/Objs.kt:438:40 Unresolved reference 'Completable'.
e: file:///Users/HONGBGU/Documents/seadroid/app/src/main/java/com/seafile/seadroid2/framework/util/Objs.kt:439:21 Unresolved reference 'AppDatabase'.
e: file:///Users/HONGBGU/Documents/seadroid/app/src/main/java/com/seafile/seadroid2/framework/util/Objs.kt:440:38 Unresolved reference 'Single'.
e: file:///Users/HONGBGU/Documents/seadroid/app/src/main/java/com/seafile/seadroid2/framework/util/Objs.kt:441:39 Unresolved reference 'toSingleDefault'.
e: file:///Users/HONGBGU/Documents/seadroid/app/src/main/java/com/seafile/seadroid2/framework/util/Objs.kt:442:40 None of the following candidates is applicable:
fun <T, R> Array<out T>.flatMap(transform: (T) -> Iterable<R>): List<R>
fun <R> BooleanArray.flatMap(transform: (Boolean) -> Iterable<R>): List<R>
fun <R> ByteArray.flatMap(transform: (Byte) -> Iterable<R>): List<R>
fun <R> CharArray.flatMap(transform: (Char) -> Iterable<R>): List<R>
fun <R> DoubleArray.flatMap(transform: (Double) -> Iterable<R>): List<R>
fun <R> FloatArray.flatMap(transform: (Float) -> Iterable<R>): List<R>
fun <R> IntArray.flatMap(transform: (Int) -> Iterable<R>): List<R>
fun <R> LongArray.flatMap(transform: (Long) -> Iterable<R>): List<R>
fun <R> ShortArray.flatMap(transform: (Short) -> Iterable<R>): List<R>
fun <T, R> Iterable<T>.flatMap(transform: (T) -> Iterable<R>): List<R>
fun <K, V, R> Map<out K, V>.flatMap(transform: (Map.Entry<K, V>) -> Iterable<R>): List<R>
@SinceKotlin(...) @ExperimentalUnsignedTypes() @InlineOnly() fun <R> UByteArray.flatMap(transform: (UByte) -> Iterable<R>): List<R>
@SinceKotlin(...) @ExperimentalUnsignedTypes() @InlineOnly() fun <R> UIntArray.flatMap(transform: (UInt) -> Iterable<R>): List<R>
@SinceKotlin(...) @ExperimentalUnsignedTypes() @InlineOnly() fun <R> ULongArray.flatMap(transform: (ULong) -> Iterable<R>): List<R>
@SinceKotlin(...) @ExperimentalUnsignedTypes() @InlineOnly() fun <R> UShortArray.flatMap(transform: (UShort) -> Iterable<R>): List<R>
fun <T, R> Sequence<T>.flatMap(transform: (T) -> Sequence<R>): Sequence<R>
fun <R> CharSequence.flatMap(transform: (Char) -> Iterable<R>): List<R>
e: file:///Users/HONGBGU/Documents/seadroid/app/src/main/java/com/seafile/seadroid2/framework/util/Objs.kt:442:60 Unresolved reference 'DirentModel'.
e: file:///Users/HONGBGU/Documents/seadroid/app/src/main/java/com/seafile/seadroid2/framework/util/Objs.kt:442:76 Class '<anonymous>' is not abstract and does not implement abstract member 'apply'.
e: file:///Users/HONGBGU/Documents/seadroid/app/src/main/java/com/seafile/seadroid2/framework/util/Objs.kt:443:44 Unresolved reference 'SingleSource'.
e: file:///Users/HONGBGU/Documents/seadroid/app/src/main/java/com/seafile/seadroid2/framework/util/Objs.kt:443:69 Unresolved reference 'DirentModel'.
e: file:///Users/HONGBGU/Documents/seadroid/app/src/main/java/com/seafile/seadroid2/framework/util/Objs.kt:445:21 'apply' overrides nothing.
e: file:///Users/HONGBGU/Documents/seadroid/app/src/main/java/com/seafile/seadroid2/framework/util/Objs.kt:445:62 Unresolved reference 'SingleSource'.
e: file:///Users/HONGBGU/Documents/seadroid/app/src/main/java/com/seafile/seadroid2/framework/util/Objs.kt:445:87 Unresolved reference 'DirentModel'.
e: file:///Users/HONGBGU/Documents/seadroid/app/src/main/java/com/seafile/seadroid2/framework/util/Objs.kt:450:32 Unresolved reference 'Single'.
e: file:///Users/HONGBGU/Documents/seadroid/app/src/main/java/com/seafile/seadroid2/framework/util/Objs.kt:450:56 Unresolved reference 'DirentModel'.
e: file:///Users/HONGBGU/Documents/seadroid/app/src/main/java/com/seafile/seadroid2/framework/util/Objs.kt:454:12 None of the following candidates is applicable:
fun <T, R> Array<out T>.flatMap(transform: (T) -> Iterable<R>): List<R>
fun <R> BooleanArray.flatMap(transform: (Boolean) -> Iterable<R>): List<R>
fun <R> ByteArray.flatMap(transform: (Byte) -> Iterable<R>): List<R>
fun <R> CharArray.flatMap(transform: (Char) -> Iterable<R>): List<R>
fun <R> DoubleArray.flatMap(transform: (Double) -> Iterable<R>): List<R>
fun <R> FloatArray.flatMap(transform: (Float) -> Iterable<R>): List<R>
fun <R> IntArray.flatMap(transform: (Int) -> Iterable<R>): List<R>
fun <R> LongArray.flatMap(transform: (Long) -> Iterable<R>): List<R>
fun <R> ShortArray.flatMap(transform: (Short) -> Iterable<R>): List<R>
fun <T, R> Iterable<T>.flatMap(transform: (T) -> Iterable<R>): List<R>
fun <K, V, R> Map<out K, V>.flatMap(transform: (Map.Entry<K, V>) -> Iterable<R>): List<R>
@SinceKotlin(...) @ExperimentalUnsignedTypes() @InlineOnly() fun <R> UByteArray.flatMap(transform: (UByte) -> Iterable<R>): List<R>
@SinceKotlin(...) @ExperimentalUnsignedTypes() @InlineOnly() fun <R> UIntArray.flatMap(transform: (UInt) -> Iterable<R>): List<R>
@SinceKotlin(...) @ExperimentalUnsignedTypes() @InlineOnly() fun <R> ULongArray.flatMap(transform: (ULong) -> Iterable<R>): List<R>
@SinceKotlin(...) @ExperimentalUnsignedTypes() @InlineOnly() fun <R> UShortArray.flatMap(transform: (UShort) -> Iterable<R>): List<R>
fun <T, R> Sequence<T>.flatMap(transform: (T) -> Sequence<R>): Sequence<R>
fun <R> CharSequence.flatMap(transform: (Char) -> Iterable<R>): List<R>
e: file:///Users/HONGBGU/Documents/seadroid/app/src/main/java/com/seafile/seadroid2/framework/util/Objs.kt:454:32 Unresolved reference 'DirentModel'.
e: file:///Users/HONGBGU/Documents/seadroid/app/src/main/java/com/seafile/seadroid2/framework/util/Objs.kt:454:48 Class '<anonymous>' is not abstract and does not implement abstract member 'apply'.
e: file:///Users/HONGBGU/Documents/seadroid/app/src/main/java/com/seafile/seadroid2/framework/util/Objs.kt:455:34 Unresolved reference 'DirentModel'.
e: file:///Users/HONGBGU/Documents/seadroid/app/src/main/java/com/seafile/seadroid2/framework/util/Objs.kt:455:50 Unresolved reference 'SingleSource'.
e: file:///Users/HONGBGU/Documents/seadroid/app/src/main/java/com/seafile/seadroid2/framework/util/Objs.kt:455:75 Unresolved reference 'DirentModel'.
e: file:///Users/HONGBGU/Documents/seadroid/app/src/main/java/com/seafile/seadroid2/framework/util/Objs.kt:457:13 'apply' overrides nothing.
e: file:///Users/HONGBGU/Documents/seadroid/app/src/main/java/com/seafile/seadroid2/framework/util/Objs.kt:457:58 Unresolved reference 'DirentModel'.
e: file:///Users/HONGBGU/Documents/seadroid/app/src/main/java/com/seafile/seadroid2/framework/util/Objs.kt:457:74 Unresolved reference 'SingleSource'.
e: file:///Users/HONGBGU/Documents/seadroid/app/src/main/java/com/seafile/seadroid2/framework/util/Objs.kt:457:99 Unresolved reference 'DirentModel'.
e: file:///Users/HONGBGU/Documents/seadroid/app/src/main/java/com/seafile/seadroid2/framework/util/Objs.kt:459:28 Unresolved reference 'Single'.
e: file:///Users/HONGBGU/Documents/seadroid/app/src/main/java/com/seafile/seadroid2/framework/util/Objs.kt:459:52 Unresolved reference 'DirentModel'.
e: file:///Users/HONGBGU/Documents/seadroid/app/src/main/java/com/seafile/seadroid2/framework/util/Objs.kt:462:51 Unresolved reference 'CachedDirentModel'.
e: file:///Users/HONGBGU/Documents/seadroid/app/src/main/java/com/seafile/seadroid2/framework/util/Objs.kt:463:21 Unresolved reference 'AppDatabase'.
e: file:///Users/HONGBGU/Documents/seadroid/app/src/main/java/com/seafile/seadroid2/framework/util/Objs.kt:466:50 Unresolved reference 'DirentModel'.
e: file:///Users/HONGBGU/Documents/seadroid/app/src/main/java/com/seafile/seadroid2/framework/util/Objs.kt:467:26 Unresolved reference 'DirentModel'.
e: file:///Users/HONGBGU/Documents/seadroid/app/src/main/java/com/seafile/seadroid2/framework/util/Objs.kt:467:40 Class '<anonymous>' is not abstract and does not implement abstract member 'apply'.
e: file:///Users/HONGBGU/Documents/seadroid/app/src/main/java/com/seafile/seadroid2/framework/util/Objs.kt:467:40 Argument type mismatch: actual type is 'com.seafile.seadroid2.framework.util.<anonymous>', but 'java.util.function.Function<in ERROR CLASS: Symbol not found for CachedDirentModel?, out R!>!' was expected.
e: file:///Users/HONGBGU/Documents/seadroid/app/src/main/java/com/seafile/seadroid2/framework/util/Objs.kt:468:53 Unresolved reference 'CachedDirentModel'.
e: file:///Users/HONGBGU/Documents/seadroid/app/src/main/java/com/seafile/seadroid2/framework/util/Objs.kt:468:73 Unresolved reference 'DirentModel'.
e: file:///Users/HONGBGU/Documents/seadroid/app/src/main/java/com/seafile/seadroid2/framework/util/Objs.kt:469:25 'apply' overrides nothing.
e: file:///Users/HONGBGU/Documents/seadroid/app/src/main/java/com/seafile/seadroid2/framework/util/Objs.kt:469:63 Unresolved reference 'CachedDirentModel'.
e: file:///Users/HONGBGU/Documents/seadroid/app/src/main/java/com/seafile/seadroid2/framework/util/Objs.kt:469:83 Unresolved reference 'DirentModel'.
e: file:///Users/HONGBGU/Documents/seadroid/app/src/main/java/com/seafile/seadroid2/framework/util/Objs.kt:470:47 Unresolved reference 'dirent'.
e: file:///Users/HONGBGU/Documents/seadroid/app/src/main/java/com/seafile/seadroid2/framework/util/Objs.kt:470:88 Unresolved reference 'local_file_id'.
e: file:///Users/HONGBGU/Documents/seadroid/app/src/main/java/com/seafile/seadroid2/framework/util/Objs.kt:471:54 Unresolved reference 'dirent'.
e: file:///Users/HONGBGU/Documents/seadroid/app/src/main/java/com/seafile/seadroid2/framework/util/Objs.kt:473:32 Argument type mismatch: actual type is 'java.util.stream.Collector<T!, CapturedType(*), kotlin.collections.(Mutable)List<T!>!>!', but 'java.util.stream.Collector<in ERROR CLASS: Symbol not found for DirentModel?, A!, R!>!' was expected.
e: file:///Users/HONGBGU/Documents/seadroid/app/src/main/java/com/seafile/seadroid2/framework/util/Objs.kt:478:44 Unresolved reference 'item_position'.
e: file:///Users/HONGBGU/Documents/seadroid/app/src/main/java/com/seafile/seadroid2/framework/util/Objs.kt:478:60 Unresolved reference 'ItemPositionEnum'.
e: file:///Users/HONGBGU/Documents/seadroid/app/src/main/java/com/seafile/seadroid2/framework/util/Objs.kt:480:44 Unresolved reference 'item_position'.
e: file:///Users/HONGBGU/Documents/seadroid/app/src/main/java/com/seafile/seadroid2/framework/util/Objs.kt:480:60 Unresolved reference 'ItemPositionEnum'.
e: file:///Users/HONGBGU/Documents/seadroid/app/src/main/java/com/seafile/seadroid2/framework/util/Objs.kt:481:44 Unresolved reference 'item_position'.
e: file:///Users/HONGBGU/Documents/seadroid/app/src/main/java/com/seafile/seadroid2/framework/util/Objs.kt:481:60 Unresolved reference 'ItemPositionEnum'.
e: file:///Users/HONGBGU/Documents/seadroid/app/src/main/java/com/seafile/seadroid2/framework/util/Objs.kt:483:44 Unresolved reference 'item_position'.
e: file:///Users/HONGBGU/Documents/seadroid/app/src/main/java/com/seafile/seadroid2/framework/util/Objs.kt:483:60 Unresolved reference 'ItemPositionEnum'.
e: file:///Users/HONGBGU/Documents/seadroid/app/src/main/java/com/seafile/seadroid2/framework/util/Objs.kt:484:67 Unresolved reference 'item_position'.
e: file:///Users/HONGBGU/Documents/seadroid/app/src/main/java/com/seafile/seadroid2/framework/util/Objs.kt:485:25 Unresolved reference 'ItemPositionEnum'.
e: file:///Users/HONGBGU/Documents/seadroid/app/src/main/java/com/seafile/seadroid2/framework/util/Objs.kt:488:24 Unresolved reference 'Single'.
e: file:///Users/HONGBGU/Documents/seadroid/app/src/main/java/com/seafile/seadroid2/framework/util/Objs.kt:488:48 Unresolved reference 'DirentModel'.
e: file:///Users/HONGBGU/Documents/seadroid/app/src/main/java/com/seafile/seadroid2/framework/util/Objs.kt:496:45 Unresolved reference 'DirentModel'.
e: file:///Users/HONGBGU/Documents/seadroid/app/src/main/java/com/seafile/seadroid2/framework/util/Objs.kt:496:73 Unresolved reference 'BaseModel'.
e: file:///Users/HONGBGU/Documents/seadroid/app/src/main/java/com/seafile/seadroid2/framework/util/Objs.kt:498:34 Unresolved reference 'BaseModel'.
e: file:///Users/HONGBGU/Documents/seadroid/app/src/main/java/com/seafile/seadroid2/framework/util/Objs.kt:501:51 Unresolved reference 'DirentModel'.
e: file:///Users/HONGBGU/Documents/seadroid/app/src/main/java/com/seafile/seadroid2/framework/util/Objs.kt:501:86 Argument type mismatch: actual type is 'kotlin.collections.MutableList<ERROR CLASS: Symbol not found for DirentModel>?', but 'kotlin.collections.MutableList<ERROR CLASS: Symbol not found for DirentModel>' was expected.
e: file:///Users/HONGBGU/Documents/seadroid/app/src/main/java/com/seafile/seadroid2/framework/util/Objs.kt:502:36 Unresolved reference 'DirentModel'.
e: file:///Users/HONGBGU/Documents/seadroid/app/src/main/java/com/seafile/seadroid2/framework/util/Objs.kt:503:37 Unresolved reference 'DirentModel'.
e: file:///Users/HONGBGU/Documents/seadroid/app/src/main/java/com/seafile/seadroid2/framework/util/Objs.kt:505:34 Unresolved reference 'DirentModel'.
e: file:///Users/HONGBGU/Documents/seadroid/app/src/main/java/com/seafile/seadroid2/framework/util/Objs.kt:505:60 Unresolved reference 'DirentModel'.
e: file:///Users/HONGBGU/Documents/seadroid/app/src/main/java/com/seafile/seadroid2/framework/util/Objs.kt:507:38 Initializer type mismatch: expected 'kotlin.Boolean', actual 'kotlin.Boolean?'.
e: file:///Users/HONGBGU/Documents/seadroid/app/src/main/java/com/seafile/seadroid2/framework/util/Objs.kt:507:38 Type mismatch: inferred type is 'kotlin.Boolean?', but 'kotlin.Boolean' was expected.
e: file:///Users/HONGBGU/Documents/seadroid/app/src/main/java/com/seafile/seadroid2/framework/util/Objs.kt:510:49 Argument type mismatch: actual type is 'kotlin.collections.MutableList<ERROR CLASS: Symbol not found for DirentModel?>?', but 'kotlin.collections.MutableList<ERROR CLASS: Symbol not found for DirentModel?>' was expected.
e: file:///Users/HONGBGU/Documents/seadroid/app/src/main/java/com/seafile/seadroid2/framework/util/Objs.kt:514:49 Argument type mismatch: actual type is 'kotlin.collections.MutableList<ERROR CLASS: Symbol not found for DirentModel?>?', but 'kotlin.collections.MutableList<ERROR CLASS: Symbol not found for DirentModel?>' was expected.
e: file:///Users/HONGBGU/Documents/seadroid/app/src/main/java/com/seafile/seadroid2/framework/util/Objs.kt:518:49 Argument type mismatch: actual type is 'kotlin.collections.MutableList<ERROR CLASS: Symbol not found for DirentModel?>?', but 'kotlin.collections.MutableList<ERROR CLASS: Symbol not found for DirentModel?>' was expected.
e: file:///Users/HONGBGU/Documents/seadroid/app/src/main/java/com/seafile/seadroid2/framework/util/Objs.kt:522:49 Argument type mismatch: actual type is 'kotlin.collections.MutableList<ERROR CLASS: Symbol not found for DirentModel?>?', but 'kotlin.collections.MutableList<ERROR CLASS: Symbol not found for DirentModel?>' was expected.
e: file:///Users/HONGBGU/Documents/seadroid/app/src/main/java/com/seafile/seadroid2/framework/util/Objs.kt:527:16 None of the following candidates is applicable:
constructor<E>(p0: Int): ArrayList<E>
constructor<E>(@RecentlyNonNull() p0: (MutableCollection<out E!>..Collection<out E!>?)): ArrayList<E>
e: file:///Users/HONGBGU/Documents/seadroid/app/src/main/java/com/seafile/seadroid2/framework/util/Objs.kt:527:26 Unresolved reference 'BaseModel'.
e: file:///Users/HONGBGU/Documents/seadroid/app/src/main/java/com/seafile/seadroid2/framework/util/Objs.kt:531:27 Unresolved reference 'DirentModel'.
e: file:///Users/HONGBGU/Documents/seadroid/app/src/main/java/com/seafile/seadroid2/framework/util/Objs.kt:536:20 Unresolved reference 'DirentModel'.
e: file:///Users/HONGBGU/Documents/seadroid/app/src/main/java/com/seafile/seadroid2/framework/util/Objs.kt:537:38 Initializer type mismatch: expected 'kotlin.Boolean', actual 'kotlin.Boolean?'.
e: file:///Users/HONGBGU/Documents/seadroid/app/src/main/java/com/seafile/seadroid2/framework/util/Objs.kt:537:38 Type mismatch: inferred type is 'kotlin.Boolean?', but 'kotlin.Boolean' was expected.
e: file:///Users/HONGBGU/Documents/seadroid/app/src/main/java/com/seafile/seadroid2/framework/util/Objs.kt:545:27 Unresolved reference 'DirentModel'.
e: file:///Users/HONGBGU/Documents/seadroid/app/src/main/java/com/seafile/seadroid2/framework/util/Objs.kt:551:20 Unresolved reference 'DirentModel'.
e: file:///Users/HONGBGU/Documents/seadroid/app/src/main/java/com/seafile/seadroid2/framework/util/Objs.kt:553:34 Unresolved reference 'DirentModel'.
e: file:///Users/HONGBGU/Documents/seadroid/app/src/main/java/com/seafile/seadroid2/framework/util/Objs.kt:556:51 Unresolved reference 'DirentModel'.
e: file:///Users/HONGBGU/Documents/seadroid/app/src/main/java/com/seafile/seadroid2/framework/util/Objs.kt:556:86 Argument type mismatch: actual type is 'kotlin.collections.MutableList<ERROR CLASS: Symbol not found for DirentModel>?', but 'kotlin.collections.MutableList<ERROR CLASS: Symbol not found for DirentModel>' was expected.
e: file:///Users/HONGBGU/Documents/seadroid/app/src/main/java/com/seafile/seadroid2/framework/util/Objs.kt:557:36 Unresolved reference 'DirentModel'.
e: file:///Users/HONGBGU/Documents/seadroid/app/src/main/java/com/seafile/seadroid2/framework/util/Objs.kt:558:37 Unresolved reference 'DirentModel'.
e: file:///Users/HONGBGU/Documents/seadroid/app/src/main/java/com/seafile/seadroid2/framework/util/Objs.kt:560:36 Unresolved reference 'DirentModel'.
e: file:///Users/HONGBGU/Documents/seadroid/app/src/main/java/com/seafile/seadroid2/framework/util/Objs.kt:560:62 Unresolved reference 'DirentModel'.
e: file:///Users/HONGBGU/Documents/seadroid/app/src/main/java/com/seafile/seadroid2/framework/util/Objs.kt:563:34 Unresolved reference 'DirentModel'.
e: file:///Users/HONGBGU/Documents/seadroid/app/src/main/java/com/seafile/seadroid2/framework/util/Objs.kt:564:35 Unresolved reference 'DirentModel'.
e: file:///Users/HONGBGU/Documents/seadroid/app/src/main/java/com/seafile/seadroid2/framework/util/Objs.kt:569:34 Unresolved reference 'last_modified_at'.
e: file:///Users/HONGBGU/Documents/seadroid/app/src/main/java/com/seafile/seadroid2/framework/util/Objs.kt:569:70 Unresolved reference 'mtime'.
e: file:///Users/HONGBGU/Documents/seadroid/app/src/main/java/com/seafile/seadroid2/framework/util/Objs.kt:570:34 Unresolved reference 'dir_id'.
e: file:///Users/HONGBGU/Documents/seadroid/app/src/main/java/com/seafile/seadroid2/framework/util/Objs.kt:571:34 Unresolved reference 'related_account'.
e: file:///Users/HONGBGU/Documents/seadroid/app/src/main/java/com/seafile/seadroid2/framework/util/Objs.kt:572:34 Unresolved reference 'repo_id'.
e: file:///Users/HONGBGU/Documents/seadroid/app/src/main/java/com/seafile/seadroid2/framework/util/Objs.kt:573:34 Unresolved reference 'repo_name'.
e: file:///Users/HONGBGU/Documents/seadroid/app/src/main/java/com/seafile/seadroid2/framework/util/Objs.kt:574:34 Unresolved reference 'full_path'.
e: file:///Users/HONGBGU/Documents/seadroid/app/src/main/java/com/seafile/seadroid2/framework/util/Objs.kt:575:38 Unresolved reference 'parent_dir'.
e: file:///Users/HONGBGU/Documents/seadroid/app/src/main/java/com/seafile/seadroid2/framework/util/Objs.kt:575:68 Unresolved reference 'name'.
e: file:///Users/HONGBGU/Documents/seadroid/app/src/main/java/com/seafile/seadroid2/framework/util/Objs.kt:576:34 Unresolved reference 'uid'.
e: file:///Users/HONGBGU/Documents/seadroid/app/src/main/java/com/seafile/seadroid2/framework/util/Objs.kt:576:57 Unresolved reference 'getUID'.
e: file:///Users/HONGBGU/Documents/seadroid/app/src/main/java/com/seafile/seadroid2/framework/util/Objs.kt:584:35 Unresolved reference 'repo_id'.
e: file:///Users/HONGBGU/Documents/seadroid/app/src/main/java/com/seafile/seadroid2/framework/util/Objs.kt:585:35 Unresolved reference 'repo_name'.
e: file:///Users/HONGBGU/Documents/seadroid/app/src/main/java/com/seafile/seadroid2/framework/util/Objs.kt:586:35 Unresolved reference 'last_modified_at'.
e: file:///Users/HONGBGU/Documents/seadroid/app/src/main/java/com/seafile/seadroid2/framework/util/Objs.kt:586:72 Unresolved reference 'mtime'.
e: file:///Users/HONGBGU/Documents/seadroid/app/src/main/java/com/seafile/seadroid2/framework/util/Objs.kt:587:35 Unresolved reference 'dir_id'.
e: file:///Users/HONGBGU/Documents/seadroid/app/src/main/java/com/seafile/seadroid2/framework/util/Objs.kt:588:35 Unresolved reference 'related_account'.
e: file:///Users/HONGBGU/Documents/seadroid/app/src/main/java/com/seafile/seadroid2/framework/util/Objs.kt:589:35 Unresolved reference 'full_path'.
e: file:///Users/HONGBGU/Documents/seadroid/app/src/main/java/com/seafile/seadroid2/framework/util/Objs.kt:590:39 Unresolved reference 'parent_dir'.
e: file:///Users/HONGBGU/Documents/seadroid/app/src/main/java/com/seafile/seadroid2/framework/util/Objs.kt:590:70 Unresolved reference 'name'.
e: file:///Users/HONGBGU/Documents/seadroid/app/src/main/java/com/seafile/seadroid2/framework/util/Objs.kt:591:35 Unresolved reference 'uid'.
e: file:///Users/HONGBGU/Documents/seadroid/app/src/main/java/com/seafile/seadroid2/framework/util/Objs.kt:591:59 Unresolved reference 'getUID'.
e: file:///Users/HONGBGU/Documents/seadroid/app/src/main/java/com/seafile/seadroid2/framework/util/Objs.kt:598:34 Argument type mismatch: actual type is 'kotlin.collections.MutableList<ERROR CLASS: Symbol not found for DirentModel>?', but 'kotlin.collections.Collection<ERROR CLASS: Symbol not found for DirentModel?>' was expected.
e: file:///Users/HONGBGU/Documents/seadroid/app/src/main/java/com/seafile/seadroid2/framework/util/Objs.kt:601:34 Argument type mismatch: actual type is 'kotlin.collections.MutableList<ERROR CLASS: Symbol not found for DirentModel>?', but 'kotlin.collections.Collection<ERROR CLASS: Symbol not found for DirentModel?>' was expected.
e: file:///Users/HONGBGU/Documents/seadroid/app/src/main/java/com/seafile/seadroid2/framework/util/Objs.kt:605:34 Argument type mismatch: actual type is 'kotlin.collections.MutableList<ERROR CLASS: Symbol not found for DirentModel>?', but 'kotlin.collections.Collection<ERROR CLASS: Symbol not found for DirentModel?>' was expected.
e: file:///Users/HONGBGU/Documents/seadroid/app/src/main/java/com/seafile/seadroid2/framework/util/Objs.kt:608:34 Argument type mismatch: actual type is 'kotlin.collections.MutableList<ERROR CLASS: Symbol not found for DirentModel>?', but 'kotlin.collections.Collection<ERROR CLASS: Symbol not found for DirentModel?>' was expected.
e: file:///Users/HONGBGU/Documents/seadroid/app/src/main/java/com/seafile/seadroid2/framework/util/Objs.kt:615:48 Unresolved reference 'DirentModel'.
e: file:///Users/HONGBGU/Documents/seadroid/app/src/main/java/com/seafile/seadroid2/framework/util/Objs.kt:615:92 Unresolved reference 'DirentModel'.
e: file:///Users/HONGBGU/Documents/seadroid/app/src/main/java/com/seafile/seadroid2/framework/util/Objs.kt:616:47 Unresolved reference 'DirentModel'.
e: file:///Users/HONGBGU/Documents/seadroid/app/src/main/java/com/seafile/seadroid2/framework/util/Objs.kt:617:42 Unresolved reference 'DirentModel'.
e: file:///Users/HONGBGU/Documents/seadroid/app/src/main/java/com/seafile/seadroid2/framework/util/Objs.kt:619:32 Unresolved reference 'DirentModel'.
e: file:///Users/HONGBGU/Documents/seadroid/app/src/main/java/com/seafile/seadroid2/framework/util/Objs.kt:620:42 Unresolved reference 'type'.
e: file:///Users/HONGBGU/Documents/seadroid/app/src/main/java/com/seafile/seadroid2/framework/util/Objs.kt:620:64 Unresolved reference 'Lists'.
e: file:///Users/HONGBGU/Documents/seadroid/app/src/main/java/com/seafile/seadroid2/framework/util/Objs.kt:620:83 Unresolved reference 'DirentModel'.
e: file:///Users/HONGBGU/Documents/seadroid/app/src/main/java/com/seafile/seadroid2/framework/util/Objs.kt:626:47 Unresolved reference 'DirentModel'.
e: file:///Users/HONGBGU/Documents/seadroid/app/src/main/java/com/seafile/seadroid2/framework/util/Objs.kt:626:75 Unresolved reference 'DirentModel'.
e: file:///Users/HONGBGU/Documents/seadroid/app/src/main/java/com/seafile/seadroid2/framework/util/Objs.kt:627:34 Unresolved reference 'DirentModel'.
e: file:///Users/HONGBGU/Documents/seadroid/app/src/main/java/com/seafile/seadroid2/framework/util/Objs.kt:627:59 Unresolved reference 'DirentModel'.
e: file:///Users/HONGBGU/Documents/seadroid/app/src/main/java/com/seafile/seadroid2/framework/util/Objs.kt:629:17 Unresolved reference 'SortBy'.
e: file:///Users/HONGBGU/Documents/seadroid/app/src/main/java/com/seafile/seadroid2/framework/util/Objs.kt:630:36 Initializer type mismatch: expected 'kotlin.Boolean', actual 'kotlin.Boolean?'.
e: file:///Users/HONGBGU/Documents/seadroid/app/src/main/java/com/seafile/seadroid2/framework/util/Objs.kt:630:36 Type mismatch: inferred type is 'kotlin.Boolean?', but 'kotlin.Boolean' was expected.
e: file:///Users/HONGBGU/Documents/seadroid/app/src/main/java/com/seafile/seadroid2/framework/util/Objs.kt:632:13 Unresolved reference 'SortBy'.
e: file:///Users/HONGBGU/Documents/seadroid/app/src/main/java/com/seafile/seadroid2/framework/util/Objs.kt:634:48 Unresolved reference 'DirentNaturalOrderComparator'.
e: file:///Users/HONGBGU/Documents/seadroid/app/src/main/java/com/seafile/seadroid2/framework/util/Objs.kt:635:30 Argument type mismatch: actual type is 'java.util.stream.Collector<T!, CapturedType(*), kotlin.collections.(Mutable)List<T!>!>!', but 'java.util.stream.Collector<in ERROR CLASS: Symbol not found for DirentModel?, A!, R!>!' was expected.
e: file:///Users/HONGBGU/Documents/seadroid/app/src/main/java/com/seafile/seadroid2/framework/util/Objs.kt:637:48 Unresolved reference 'DirentNaturalOrderComparator'.
e: file:///Users/HONGBGU/Documents/seadroid/app/src/main/java/com/seafile/seadroid2/framework/util/Objs.kt:638:21 Argument type mismatch: actual type is 'java.util.stream.Collector<T!, CapturedType(*), kotlin.collections.(Mutable)List<T!>!>!', but 'java.util.stream.Collector<in ERROR CLASS: Symbol not found for DirentModel?, A!, R!>!' was expected.
e: file:///Users/HONGBGU/Documents/seadroid/app/src/main/java/com/seafile/seadroid2/framework/util/Objs.kt:641:20 Unresolved reference 'SortBy'.
e: file:///Users/HONGBGU/Documents/seadroid/app/src/main/java/com/seafile/seadroid2/framework/util/Objs.kt:645:36 Unresolved reference 'DirentModel'.
e: file:///Users/HONGBGU/Documents/seadroid/app/src/main/java/com/seafile/seadroid2/framework/util/Objs.kt:645:59 Argument type mismatch: actual type is 'java.util.function.Function<T, R>', but 'java.util.function.Function<in T!, out U!>!' was expected.
e: file:///Users/HONGBGU/Documents/seadroid/app/src/main/java/com/seafile/seadroid2/framework/util/Objs.kt:645:87 Argument type mismatch: actual type is 'kotlin.Function1<ERROR CLASS: Symbol not found for DirentModel?, R>', but 'kotlin.Function1<T, R>' was expected.
e: file:///Users/HONGBGU/Documents/seadroid/app/src/main/java/com/seafile/seadroid2/framework/util/Objs.kt:645:92 Unresolved reference 'DirentModel'.
e: file:///Users/HONGBGU/Documents/seadroid/app/src/main/java/com/seafile/seadroid2/framework/util/Objs.kt:646:31 Unresolved reference 'getFileExt'.
e: file:///Users/HONGBGU/Documents/seadroid/app/src/main/java/com/seafile/seadroid2/framework/util/Objs.kt:650:49 Argument type mismatch: actual type is 'java.util.function.Function<T, R>', but 'java.util.Comparator<in ERROR CLASS: Symbol not found for DirentModel?>!' was expected.
e: file:///Users/HONGBGU/Documents/seadroid/app/src/main/java/com/seafile/seadroid2/framework/util/Objs.kt:650:77 Argument type mismatch: actual type is 'kotlin.Function1<ERROR CLASS: Symbol not found for DirentModel?, R>', but 'kotlin.Function1<T, R>' was expected.
e: file:///Users/HONGBGU/Documents/seadroid/app/src/main/java/com/seafile/seadroid2/framework/util/Objs.kt:650:82 Unresolved reference 'DirentModel'.
e: file:///Users/HONGBGU/Documents/seadroid/app/src/main/java/com/seafile/seadroid2/framework/util/Objs.kt:651:31 Unresolved reference 'name'.
e: file:///Users/HONGBGU/Documents/seadroid/app/src/main/java/com/seafile/seadroid2/framework/util/Objs.kt:656:30 Argument type mismatch: actual type is 'java.util.stream.Collector<T!, CapturedType(*), kotlin.collections.(Mutable)List<T!>!>!', but 'java.util.stream.Collector<in ERROR CLASS: Symbol not found for DirentModel?, A!, R!>!' was expected.
e: file:///Users/HONGBGU/Documents/seadroid/app/src/main/java/com/seafile/seadroid2/framework/util/Objs.kt:660:36 Unresolved reference 'DirentModel'.
e: file:///Users/HONGBGU/Documents/seadroid/app/src/main/java/com/seafile/seadroid2/framework/util/Objs.kt:660:59 Argument type mismatch: actual type is 'java.util.function.Function<T, R>', but 'java.util.function.Function<in T!, out U!>!' was expected.
e: file:///Users/HONGBGU/Documents/seadroid/app/src/main/java/com/seafile/seadroid2/framework/util/Objs.kt:660:87 Argument type mismatch: actual type is 'kotlin.Function1<ERROR CLASS: Symbol not found for DirentModel?, R>', but 'kotlin.Function1<T, R>' was expected.
e: file:///Users/HONGBGU/Documents/seadroid/app/src/main/java/com/seafile/seadroid2/framework/util/Objs.kt:660:92 Unresolved reference 'DirentModel'.
e: file:///Users/HONGBGU/Documents/seadroid/app/src/main/java/com/seafile/seadroid2/framework/util/Objs.kt:661:31 Unresolved reference 'getFileExt'.
e: file:///Users/HONGBGU/Documents/seadroid/app/src/main/java/com/seafile/seadroid2/framework/util/Objs.kt:665:49 Argument type mismatch: actual type is 'java.util.function.Function<T, R>', but 'java.util.function.Function<in ERROR CLASS: Symbol not found for DirentModel?, out U!>!' was expected.
e: file:///Users/HONGBGU/Documents/seadroid/app/src/main/java/com/seafile/seadroid2/framework/util/Objs.kt:665:77 Argument type mismatch: actual type is 'kotlin.Function1<ERROR CLASS: Symbol not found for DirentModel?, R>', but 'kotlin.Function1<T, R>' was expected.
e: file:///Users/HONGBGU/Documents/seadroid/app/src/main/java/com/seafile/seadroid2/framework/util/Objs.kt:665:82 Unresolved reference 'DirentModel'.
e: file:///Users/HONGBGU/Documents/seadroid/app/src/main/java/com/seafile/seadroid2/framework/util/Objs.kt:666:31 Unresolved reference 'name'.
e: file:///Users/HONGBGU/Documents/seadroid/app/src/main/java/com/seafile/seadroid2/framework/util/Objs.kt:671:30 Argument type mismatch: actual type is 'java.util.stream.Collector<T!, CapturedType(*), kotlin.collections.(Mutable)List<T!>!>!', but 'java.util.stream.Collector<in ERROR CLASS: Symbol not found for DirentModel?, A!, R!>!' was expected.
e: file:///Users/HONGBGU/Documents/seadroid/app/src/main/java/com/seafile/seadroid2/framework/util/Objs.kt:673:20 Unresolved reference 'SortBy'.
e: file:///Users/HONGBGU/Documents/seadroid/app/src/main/java/com/seafile/seadroid2/framework/util/Objs.kt:674:44 Class '<anonymous>' is not abstract and does not implement abstract member 'compare'.
e: file:///Users/HONGBGU/Documents/seadroid/app/src/main/java/com/seafile/seadroid2/framework/util/Objs.kt:674:64 Unresolved reference 'DirentModel'.
e: file:///Users/HONGBGU/Documents/seadroid/app/src/main/java/com/seafile/seadroid2/framework/util/Objs.kt:675:17 'compare' overrides nothing.
e: file:///Users/HONGBGU/Documents/seadroid/app/src/main/java/com/seafile/seadroid2/framework/util/Objs.kt:675:42 Unresolved reference 'DirentModel'.
e: file:///Users/HONGBGU/Documents/seadroid/app/src/main/java/com/seafile/seadroid2/framework/util/Objs.kt:675:59 Unresolved reference 'DirentModel'.
e: file:///Users/HONGBGU/Documents/seadroid/app/src/main/java/com/seafile/seadroid2/framework/util/Objs.kt:677:48 Unresolved reference 'size'.
e: file:///Users/HONGBGU/Documents/seadroid/app/src/main/java/com/seafile/seadroid2/framework/util/Objs.kt:677:57 Unresolved reference 'size'.
e: file:///Users/HONGBGU/Documents/seadroid/app/src/main/java/com/seafile/seadroid2/framework/util/Objs.kt:679:45 Unresolved reference 'size'.
e: file:///Users/HONGBGU/Documents/seadroid/app/src/main/java/com/seafile/seadroid2/framework/util/Objs.kt:679:54 Unresolved reference 'size'.
e: file:///Users/HONGBGU/Documents/seadroid/app/src/main/java/com/seafile/seadroid2/framework/util/Objs.kt:681:24 Argument type mismatch: actual type is 'java.util.stream.Collector<T!, CapturedType(*), kotlin.collections.(Mutable)List<T!>!>!', but 'java.util.stream.Collector<in ERROR CLASS: Symbol not found for DirentModel?, A!, R!>!' was expected.
e: file:///Users/HONGBGU/Documents/seadroid/app/src/main/java/com/seafile/seadroid2/framework/util/Objs.kt:682:20 Unresolved reference 'SortBy'.
e: file:///Users/HONGBGU/Documents/seadroid/app/src/main/java/com/seafile/seadroid2/framework/util/Objs.kt:683:44 Class '<anonymous>' is not abstract and does not implement abstract member 'compare'.
e: file:///Users/HONGBGU/Documents/seadroid/app/src/main/java/com/seafile/seadroid2/framework/util/Objs.kt:683:64 Unresolved reference 'DirentModel'.
e: file:///Users/HONGBGU/Documents/seadroid/app/src/main/java/com/seafile/seadroid2/framework/util/Objs.kt:684:17 'compare' overrides nothing.
e: file:///Users/HONGBGU/Documents/seadroid/app/src/main/java/com/seafile/seadroid2/framework/util/Objs.kt:684:42 Unresolved reference 'DirentModel'.
e: file:///Users/HONGBGU/Documents/seadroid/app/src/main/java/com/seafile/seadroid2/framework/util/Objs.kt:684:59 Unresolved reference 'DirentModel'.
e: file:///Users/HONGBGU/Documents/seadroid/app/src/main/java/com/seafile/seadroid2/framework/util/Objs.kt:686:48 Unresolved reference 'mtime'.
e: file:///Users/HONGBGU/Documents/seadroid/app/src/main/java/com/seafile/seadroid2/framework/util/Objs.kt:686:58 Unresolved reference 'mtime'.
e: file:///Users/HONGBGU/Documents/seadroid/app/src/main/java/com/seafile/seadroid2/framework/util/Objs.kt:688:45 Unresolved reference 'mtime'.
e: file:///Users/HONGBGU/Documents/seadroid/app/src/main/java/com/seafile/seadroid2/framework/util/Objs.kt:688:55 Unresolved reference 'mtime'.
e: file:///Users/HONGBGU/Documents/seadroid/app/src/main/java/com/seafile/seadroid2/framework/util/Objs.kt:690:24 Argument type mismatch: actual type is 'java.util.stream.Collector<T!, CapturedType(*), kotlin.collections.(Mutable)List<T!>!>!', but 'java.util.stream.Collector<in ERROR CLASS: Symbol not found for DirentModel?, A!, R!>!' was expected.
e: file:///Users/HONGBGU/Documents/seadroid/app/src/main/java/com/seafile/seadroid2/framework/util/Objs.kt:700:25 Unresolved reference 'DirentShareLinkModel'.
e: file:///Users/HONGBGU/Documents/seadroid/app/src/main/java/com/seafile/seadroid2/framework/util/Objs.kt:704:42 Unresolved reference 'R'.
e: file:///Users/HONGBGU/Documents/seadroid/app/src/main/java/com/seafile/seadroid2/framework/util/Objs.kt:704:71 Unresolved reference 'R'.
e: file:///Users/HONGBGU/Documents/seadroid/app/src/main/java/com/seafile/seadroid2/framework/util/Objs.kt:706:26 Unresolved reference 'Intent'.
e: file:///Users/HONGBGU/Documents/seadroid/app/src/main/java/com/seafile/seadroid2/framework/util/Objs.kt:706:35 Unresolved reference 'Intent'.
e: file:///Users/HONGBGU/Documents/seadroid/app/src/main/java/com/seafile/seadroid2/framework/util/Objs.kt:707:21 Unresolved reference 'setAction'.
e: file:///Users/HONGBGU/Documents/seadroid/app/src/main/java/com/seafile/seadroid2/framework/util/Objs.kt:707:31 Unresolved reference 'Intent'.
e: file:///Users/HONGBGU/Documents/seadroid/app/src/main/java/com/seafile/seadroid2/framework/util/Objs.kt:708:21 Unresolved reference 'setType'.
e: file:///Users/HONGBGU/Documents/seadroid/app/src/main/java/com/seafile/seadroid2/framework/util/Objs.kt:709:32 Unresolved reference 'ResolveInfo'.
e: file:///Users/HONGBGU/Documents/seadroid/app/src/main/java/com/seafile/seadroid2/framework/util/Objs.kt:709:48 Unresolved reference 'WidgetUtils'.
e: file:///Users/HONGBGU/Documents/seadroid/app/src/main/java/com/seafile/seadroid2/framework/util/Objs.kt:714:13 Unresolved reference 'ContextCompat'.
e: file:///Users/HONGBGU/Documents/seadroid/app/src/main/java/com/seafile/seadroid2/framework/util/Objs.kt:714:48 Unresolved reference 'R'.
e: file:///Users/HONGBGU/Documents/seadroid/app/src/main/java/com/seafile/seadroid2/framework/util/Objs.kt:715:31 Unresolved reference 'R'.
e: file:///Users/HONGBGU/Documents/seadroid/app/src/main/java/com/seafile/seadroid2/framework/util/Objs.kt:717:35 Class '<anonymous>' is not abstract and does not implement abstract member 'onAppSelected'.
e: file:///Users/HONGBGU/Documents/seadroid/app/src/main/java/com/seafile/seadroid2/framework/util/Objs.kt:718:13 'onAppSelected' overrides nothing.
e: file:///Users/HONGBGU/Documents/seadroid/app/src/main/java/com/seafile/seadroid2/framework/util/Objs.kt:718:49 Unresolved reference 'ResolveInfo'.
e: file:///Users/HONGBGU/Documents/seadroid/app/src/main/java/com/seafile/seadroid2/framework/util/Objs.kt:719:49 Unresolved reference 'activityInfo'.
e: file:///Users/HONGBGU/Documents/seadroid/app/src/main/java/com/seafile/seadroid2/framework/util/Objs.kt:720:51 Unresolved reference 'activityInfo'.
e: file:///Users/HONGBGU/Documents/seadroid/app/src/main/java/com/seafile/seadroid2/framework/util/Objs.kt:721:29 Unresolved reference 'setClassName'.
e: file:///Users/HONGBGU/Documents/seadroid/app/src/main/java/com/seafile/seadroid2/framework/util/Objs.kt:722:29 Unresolved reference 'putExtra'.
e: file:///Users/HONGBGU/Documents/seadroid/app/src/main/java/com/seafile/seadroid2/framework/util/Objs.kt:722:38 Unresolved reference 'Intent'.
e: file:///Users/HONGBGU/Documents/seadroid/app/src/main/java/com/seafile/seadroid2/framework/util/Objs.kt:722:72 Unresolved reference 'link'.
e: file:///Users/HONGBGU/Documents/seadroid/app/src/main/java/com/seafile/seadroid2/framework/util/Objs.kt:728:17 Unresolved reference 'ClipboardUtils'.
e: file:///Users/HONGBGU/Documents/seadroid/app/src/main/java/com/seafile/seadroid2/framework/util/Objs.kt:728:56 Unresolved reference 'link'.
e: file:///Users/HONGBGU/Documents/seadroid/app/src/main/java/com/seafile/seadroid2/framework/util/Objs.kt:729:24 Overload resolution ambiguity between candidates:
fun show(@StringRes() resId: Int): Unit
fun show(text: String?): Unit
e: file:///Users/HONGBGU/Documents/seadroid/app/src/main/java/com/seafile/seadroid2/framework/util/Objs.kt:729:29 Unresolved reference 'R'.
e: file:///Users/HONGBGU/Documents/seadroid/app/src/main/java/com/seafile/seadroid2/framework/util/Objs.kt:739:22 Unresolved reference 'DirentModel'.
e: file:///Users/HONGBGU/Documents/seadroid/app/src/main/java/com/seafile/seadroid2/framework/util/Objs.kt:742:14 Unresolved reference 'NetworkUtils'.
e: file:///Users/HONGBGU/Documents/seadroid/app/src/main/java/com/seafile/seadroid2/framework/util/Objs.kt:743:20 Overload resolution ambiguity between candidates:
fun show(@StringRes() resId: Int): Unit
fun show(text: String?): Unit
e: file:///Users/HONGBGU/Documents/seadroid/app/src/main/java/com/seafile/seadroid2/framework/util/Objs.kt:743:25 Unresolved reference 'R'.
e: file:///Users/HONGBGU/Documents/seadroid/app/src/main/java/com/seafile/seadroid2/framework/util/Objs.kt:747:29 Unresolved reference 'GetShareLinkPasswordDialogFragment'.
e: file:///Users/HONGBGU/Documents/seadroid/app/src/main/java/com/seafile/seadroid2/framework/util/Objs.kt:748:13 Unresolved reference 'GetShareLinkPasswordDialogFragment'.
e: file:///Users/HONGBGU/Documents/seadroid/app/src/main/java/com/seafile/seadroid2/framework/util/Objs.kt:749:24 Unresolved reference 'init'.
e: file:///Users/HONGBGU/Documents/seadroid/app/src/main/java/com/seafile/seadroid2/framework/util/Objs.kt:749:41 Unresolved reference 'repo_id'.
e: file:///Users/HONGBGU/Documents/seadroid/app/src/main/java/com/seafile/seadroid2/framework/util/Objs.kt:749:62 Unresolved reference 'full_path'.
e: file:///Users/HONGBGU/Documents/seadroid/app/src/main/java/com/seafile/seadroid2/framework/util/Objs.kt:750:24 Unresolved reference 'setOnCreateDirentShareLinkListener'.
e: file:///Users/HONGBGU/Documents/seadroid/app/src/main/java/com/seafile/seadroid2/framework/util/Objs.kt:750:68 Unresolved reference 'OnCreateDirentShareLinkListener'.
e: file:///Users/HONGBGU/Documents/seadroid/app/src/main/java/com/seafile/seadroid2/framework/util/Objs.kt:751:13 'onCreateDirentShareLink' overrides nothing.
e: file:///Users/HONGBGU/Documents/seadroid/app/src/main/java/com/seafile/seadroid2/framework/util/Objs.kt:751:61 Unresolved reference 'DirentShareLinkModel'.
e: file:///Users/HONGBGU/Documents/seadroid/app/src/main/java/com/seafile/seadroid2/framework/util/Objs.kt:753:36 Unresolved reference 'dismiss'.
e: file:///Users/HONGBGU/Documents/seadroid/app/src/main/java/com/seafile/seadroid2/framework/util/Objs.kt:756:86 Unresolved reference 'isDir'.
e: file:///Users/HONGBGU/Documents/seadroid/app/src/main/java/com/seafile/seadroid2/framework/util/Objs.kt:757:32 Unresolved reference 'dismiss'.
e: file:///Users/HONGBGU/Documents/seadroid/app/src/main/java/com/seafile/seadroid2/framework/util/Objs.kt:760:24 Unresolved reference 'show'.
e: file:///Users/HONGBGU/Documents/seadroid/app/src/main/java/com/seafile/seadroid2/framework/util/Objs.kt:762:13 Unresolved reference 'GetShareLinkPasswordDialogFragment'.
e: file:///Users/HONGBGU/Documents/seadroid/app/src/main/java/com/seafile/seadroid2/framework/util/Objs.kt:762:55 Unresolved reference. None of the following candidates is applicable because of a receiver type mismatch:
val <T> KClass<T>.java: Class<T>
e: file:///Users/HONGBGU/Documents/seadroid/app/src/main/java/com/seafile/seadroid2/framework/util/Objs.kt:766:41 Unresolved reference 'Intent'.
e: file:///Users/HONGBGU/Documents/seadroid/app/src/main/java/com/seafile/seadroid2/framework/util/Objs.kt:766:50 Unresolved reference 'ResolveInfo'.
e: file:///Users/HONGBGU/Documents/seadroid/app/src/main/java/com/seafile/seadroid2/framework/util/Objs.kt:767:17 Unresolved reference 'PackageManager'.
e: file:///Users/HONGBGU/Documents/seadroid/app/src/main/java/com/seafile/seadroid2/framework/util/Objs.kt:767:34 Unresolved reference 'SeadroidApplication'.
e: file:///Users/HONGBGU/Documents/seadroid/app/src/main/java/com/seafile/seadroid2/framework/util/Objs.kt:768:32 Unresolved reference 'ResolveInfo'.
e: file:///Users/HONGBGU/Documents/seadroid/app/src/main/java/com/seafile/seadroid2/framework/util/Objs.kt:768:50 Unresolved reference 'queryIntentActivities'.
e: file:///Users/HONGBGU/Documents/seadroid/app/src/main/java/com/seafile/seadroid2/framework/util/Objs.kt:770:22 Unresolved reference 'activityInfo'.
e: file:///Users/HONGBGU/Documents/seadroid/app/src/main/java/com/seafile/seadroid2/framework/util/Objs.kt:782:26 Unresolved reference 'Intent'.
e: file:///Users/HONGBGU/Documents/seadroid/app/src/main/java/com/seafile/seadroid2/framework/util/Objs.kt:782:35 Unresolved reference 'Intent'.
e: file:///Users/HONGBGU/Documents/seadroid/app/src/main/java/com/seafile/seadroid2/framework/util/Objs.kt:783:21 Unresolved reference 'setAction'.
e: file:///Users/HONGBGU/Documents/seadroid/app/src/main/java/com/seafile/seadroid2/framework/util/Objs.kt:783:31 Unresolved reference 'Intent'.
e: file:///Users/HONGBGU/Documents/seadroid/app/src/main/java/com/seafile/seadroid2/framework/util/Objs.kt:784:21 Unresolved reference 'setType'.
e: file:///Users/HONGBGU/Documents/seadroid/app/src/main/java/com/seafile/seadroid2/framework/util/Objs.kt:786:25 Unresolved reference 'ResolveInfo'.
e: file:///Users/HONGBGU/Documents/seadroid/app/src/main/java/com/seafile/seadroid2/framework/util/Objs.kt:788:20 Overload resolution ambiguity between candidates:
fun show(@StringRes() resId: Int): Unit
fun show(text: String?): Unit
e: file:///Users/HONGBGU/Documents/seadroid/app/src/main/java/com/seafile/seadroid2/framework/util/Objs.kt:788:25 Unresolved reference 'R'.
e: file:///Users/HONGBGU/Documents/seadroid/app/src/main/java/com/seafile/seadroid2/framework/util/Objs.kt:792:44 Unresolved reference 'activityInfo'.
e: file:///Users/HONGBGU/Documents/seadroid/app/src/main/java/com/seafile/seadroid2/framework/util/Objs.kt:793:46 Unresolved reference 'activityInfo'.
e: file:///Users/HONGBGU/Documents/seadroid/app/src/main/java/com/seafile/seadroid2/framework/util/Objs.kt:794:21 Unresolved reference 'setClassName'.
e: file:///Users/HONGBGU/Documents/seadroid/app/src/main/java/com/seafile/seadroid2/framework/util/Objs.kt:796:29 Unresolved reference 'GetShareLinkPasswordDialogFragment'.
e: file:///Users/HONGBGU/Documents/seadroid/app/src/main/java/com/seafile/seadroid2/framework/util/Objs.kt:797:13 Unresolved reference 'GetShareLinkPasswordDialogFragment'.
e: file:///Users/HONGBGU/Documents/seadroid/app/src/main/java/com/seafile/seadroid2/framework/util/Objs.kt:798:24 Unresolved reference 'init'.
e: file:///Users/HONGBGU/Documents/seadroid/app/src/main/java/com/seafile/seadroid2/framework/util/Objs.kt:799:24 Unresolved reference 'setOnCreateDirentShareLinkListener'.
e: file:///Users/HONGBGU/Documents/seadroid/app/src/main/java/com/seafile/seadroid2/framework/util/Objs.kt:799:68 Unresolved reference 'OnCreateDirentShareLinkListener'.
e: file:///Users/HONGBGU/Documents/seadroid/app/src/main/java/com/seafile/seadroid2/framework/util/Objs.kt:800:13 'onCreateDirentShareLink' overrides nothing.
e: file:///Users/HONGBGU/Documents/seadroid/app/src/main/java/com/seafile/seadroid2/framework/util/Objs.kt:800:61 Unresolved reference 'DirentShareLinkModel'.
e: file:///Users/HONGBGU/Documents/seadroid/app/src/main/java/com/seafile/seadroid2/framework/util/Objs.kt:802:36 Unresolved reference 'dismiss'.
e: file:///Users/HONGBGU/Documents/seadroid/app/src/main/java/com/seafile/seadroid2/framework/util/Objs.kt:806:29 Unresolved reference 'putExtra'.
e: file:///Users/HONGBGU/Documents/seadroid/app/src/main/java/com/seafile/seadroid2/framework/util/Objs.kt:806:38 Unresolved reference 'Intent'.
e: file:///Users/HONGBGU/Documents/seadroid/app/src/main/java/com/seafile/seadroid2/framework/util/Objs.kt:806:67 Unresolved reference 'link'.
e: file:///Users/HONGBGU/Documents/seadroid/app/src/main/java/com/seafile/seadroid2/framework/util/Objs.kt:808:32 Unresolved reference 'dismiss'.
e: file:///Users/HONGBGU/Documents/seadroid/app/src/main/java/com/seafile/seadroid2/framework/util/Objs.kt:811:24 Unresolved reference 'show'.
e: file:///Users/HONGBGU/Documents/seadroid/app/src/main/java/com/seafile/seadroid2/framework/util/Objs.kt:813:13 Unresolved reference 'GetShareLinkPasswordDialogFragment'.
e: file:///Users/HONGBGU/Documents/seadroid/app/src/main/java/com/seafile/seadroid2/framework/util/Objs.kt:813:55 Unresolved reference. None of the following candidates is applicable because of a receiver type mismatch:
val <T> KClass<T>.java: Class<T>
e: file:///Users/HONGBGU/Documents/seadroid/app/src/main/java/com/seafile/seadroid2/framework/util/Objs.kt:821:25 Unresolved reference 'FileProvider'.
e: file:///Users/HONGBGU/Documents/seadroid/app/src/main/java/com/seafile/seadroid2/framework/util/Objs.kt:827:25 Unresolved reference 'Intent'.
e: file:///Users/HONGBGU/Documents/seadroid/app/src/main/java/com/seafile/seadroid2/framework/util/Objs.kt:827:34 Unresolved reference 'Intent'.
e: file:///Users/HONGBGU/Documents/seadroid/app/src/main/java/com/seafile/seadroid2/framework/util/Objs.kt:828:20 Unresolved reference 'setAction'.
e: file:///Users/HONGBGU/Documents/seadroid/app/src/main/java/com/seafile/seadroid2/framework/util/Objs.kt:828:30 Unresolved reference 'Intent'.
e: file:///Users/HONGBGU/Documents/seadroid/app/src/main/java/com/seafile/seadroid2/framework/util/Objs.kt:829:20 Unresolved reference 'setType'.
e: file:///Users/HONGBGU/Documents/seadroid/app/src/main/java/com/seafile/seadroid2/framework/util/Objs.kt:830:20 Unresolved reference 'putExtra'.
e: file:///Users/HONGBGU/Documents/seadroid/app/src/main/java/com/seafile/seadroid2/framework/util/Objs.kt:830:29 Unresolved reference 'Intent'.
e: file:///Users/HONGBGU/Documents/seadroid/app/src/main/java/com/seafile/seadroid2/framework/util/Objs.kt:832:25 Unresolved reference 'ResolveInfo'.
e: file:///Users/HONGBGU/Documents/seadroid/app/src/main/java/com/seafile/seadroid2/framework/util/Objs.kt:834:20 Overload resolution ambiguity between candidates:
fun show(@StringRes() resId: Int): Unit
fun show(text: String?): Unit
e: file:///Users/HONGBGU/Documents/seadroid/app/src/main/java/com/seafile/seadroid2/framework/util/Objs.kt:834:25 Unresolved reference 'R'.
e: file:///Users/HONGBGU/Documents/seadroid/app/src/main/java/com/seafile/seadroid2/framework/util/Objs.kt:838:44 Unresolved reference 'activityInfo'.
e: file:///Users/HONGBGU/Documents/seadroid/app/src/main/java/com/seafile/seadroid2/framework/util/Objs.kt:839:46 Unresolved reference 'activityInfo'.
e: file:///Users/HONGBGU/Documents/seadroid/app/src/main/java/com/seafile/seadroid2/framework/util/Objs.kt:840:20 Unresolved reference 'setClassName'.
e: file:///Users/HONGBGU/Documents/seadroid/app/src/main/java/com/seafile/seadroid2/framework/util/Objs.kt:851:25 Unresolved reference 'FileProvider'.
e: file:///Users/HONGBGU/Documents/seadroid/app/src/main/java/com/seafile/seadroid2/framework/util/Objs.kt:857:25 Unresolved reference 'Intent'.
e: file:///Users/HONGBGU/Documents/seadroid/app/src/main/java/com/seafile/seadroid2/framework/util/Objs.kt:857:34 Unresolved reference 'Intent'.
e: file:///Users/HONGBGU/Documents/seadroid/app/src/main/java/com/seafile/seadroid2/framework/util/Objs.kt:858:20 Unresolved reference 'setAction'.
e: file:///Users/HONGBGU/Documents/seadroid/app/src/main/java/com/seafile/seadroid2/framework/util/Objs.kt:858:30 Unresolved reference 'Intent'.
e: file:///Users/HONGBGU/Documents/seadroid/app/src/main/java/com/seafile/seadroid2/framework/util/Objs.kt:859:20 Unresolved reference 'setType'.
e: file:///Users/HONGBGU/Documents/seadroid/app/src/main/java/com/seafile/seadroid2/framework/util/Objs.kt:860:20 Unresolved reference 'putExtra'.
e: file:///Users/HONGBGU/Documents/seadroid/app/src/main/java/com/seafile/seadroid2/framework/util/Objs.kt:860:29 Unresolved reference 'Intent'.
e: file:///Users/HONGBGU/Documents/seadroid/app/src/main/java/com/seafile/seadroid2/framework/util/Objs.kt:863:32 Unresolved reference 'ResolveInfo'.
e: file:///Users/HONGBGU/Documents/seadroid/app/src/main/java/com/seafile/seadroid2/framework/util/Objs.kt:863:48 Unresolved reference 'WidgetUtils'.
e: file:///Users/HONGBGU/Documents/seadroid/app/src/main/java/com/seafile/seadroid2/framework/util/Objs.kt:865:20 Overload resolution ambiguity between candidates:
fun show(@StringRes() resId: Int): Unit
fun show(text: String?): Unit
e: file:///Users/HONGBGU/Documents/seadroid/app/src/main/java/com/seafile/seadroid2/framework/util/Objs.kt:865:25 Unresolved reference 'R'.
e: file:///Users/HONGBGU/Documents/seadroid/app/src/main/java/com/seafile/seadroid2/framework/util/Objs.kt:871:31 Unresolved reference 'R'.
e: file:///Users/HONGBGU/Documents/seadroid/app/src/main/java/com/seafile/seadroid2/framework/util/Objs.kt:873:13 Class '<anonymous>' is not abstract and does not implement abstract member 'onAppSelected'.
e: file:///Users/HONGBGU/Documents/seadroid/app/src/main/java/com/seafile/seadroid2/framework/util/Objs.kt:877:17 'onAppSelected' overrides nothing.
e: file:///Users/HONGBGU/Documents/seadroid/app/src/main/java/com/seafile/seadroid2/framework/util/Objs.kt:877:53 Unresolved reference 'ResolveInfo'.
e: file:///Users/HONGBGU/Documents/seadroid/app/src/main/java/com/seafile/seadroid2/framework/util/Objs.kt:878:53 Unresolved reference 'activityInfo'.
e: file:///Users/HONGBGU/Documents/seadroid/app/src/main/java/com/seafile/seadroid2/framework/util/Objs.kt:879:55 Unresolved reference 'activityInfo'.
e: file:///Users/HONGBGU/Documents/seadroid/app/src/main/java/com/seafile/seadroid2/framework/util/Objs.kt:880:32 Unresolved reference 'setClassName'.
e: file:///Users/HONGBGU/Documents/seadroid/app/src/main/java/com/seafile/seadroid2/framework/util/PermissionUtil.kt:3:20 Conflicting import: imported name 'Activity' is ambiguous.
e: file:///Users/HONGBGU/Documents/seadroid/app/src/main/java/com/seafile/seadroid2/framework/util/PermissionUtil.kt:4:24 Conflicting import: imported name 'Context' is ambiguous.
e: file:///Users/HONGBGU/Documents/seadroid/app/src/main/java/com/seafile/seadroid2/framework/util/PermissionUtil.kt:5:24 Conflicting import: imported name 'Intent' is ambiguous.
e: file:///Users/HONGBGU/Documents/seadroid/app/src/main/java/com/seafile/seadroid2/framework/util/PermissionUtil.kt:6:27 Conflicting import: imported name 'PackageManager' is ambiguous.
e: file:///Users/HONGBGU/Documents/seadroid/app/src/main/java/com/seafile/seadroid2/framework/util/PermissionUtil.kt:7:20 Conflicting import: imported name 'Uri' is ambiguous.
e: file:///Users/HONGBGU/Documents/seadroid/app/src/main/java/com/seafile/seadroid2/framework/util/PermissionUtil.kt:8:25 Conflicting import: imported name 'VERSION' is ambiguous.
e: file:///Users/HONGBGU/Documents/seadroid/app/src/main/java/com/seafile/seadroid2/framework/util/PermissionUtil.kt:9:25 Conflicting import: imported name 'VERSION_CODES' is ambiguous.
e: file:///Users/HONGBGU/Documents/seadroid/app/src/main/java/com/seafile/seadroid2/framework/util/PermissionUtil.kt:10:19 Conflicting import: imported name 'Environment' is ambiguous.
e: file:///Users/HONGBGU/Documents/seadroid/app/src/main/java/com/seafile/seadroid2/framework/util/PermissionUtil.kt:11:25 Conflicting import: imported name 'Settings' is ambiguous.
e: file:///Users/HONGBGU/Documents/seadroid/app/src/main/java/com/seafile/seadroid2/framework/util/PermissionUtil.kt:12:28 Conflicting import: imported name 'RequiresApi' is ambiguous.
e: file:///Users/HONGBGU/Documents/seadroid/app/src/main/java/com/seafile/seadroid2/framework/util/PermissionUtil.kt:13:26 Conflicting import: imported name 'ActivityCompat' is ambiguous.
e: file:///Users/HONGBGU/Documents/seadroid/app/src/main/java/com/seafile/seadroid2/framework/util/PermissionUtil.kt:14:30 Conflicting import: imported name 'ContextCompat' is ambiguous.
e: file:///Users/HONGBGU/Documents/seadroid/app/src/main/java/com/seafile/seadroid2/framework/util/PermissionUtil.kt:15:33 Conflicting import: imported name 'CollectionUtils' is ambiguous.
e: file:///Users/HONGBGU/Documents/seadroid/app/src/main/java/com/seafile/seadroid2/framework/util/PermissionUtil.kt:16:18 Conflicting import: imported name 'Arrays' is ambiguous.
e: file:///Users/HONGBGU/Documents/seadroid/app/src/main/java/com/seafile/seadroid2/framework/util/PermissionUtil.kt:18:54 Cannot import 'endOfPaginationReached'. Functions and properties can only be imported from packages or objects.
e: file:///Users/HONGBGU/Documents/seadroid/app/src/main/java/com/seafile/seadroid2/framework/util/PermissionUtil.kt:19:78 Cannot import 'invokeFailRetry'. Functions and properties can only be imported from packages or objects.
e: file:///Users/HONGBGU/Documents/seadroid/app/src/main/java/com/seafile/seadroid2/framework/util/PermissionUtil.kt:20:61 Cannot import 'build'. Functions and properties can only be imported from packages or objects.
e: file:///Users/HONGBGU/Documents/seadroid/app/src/main/java/com/seafile/seadroid2/framework/util/PermissionUtil.kt:21:45 Cannot import 'get'. Functions and properties can only be imported from packages or objects.
e: file:///Users/HONGBGU/Documents/seadroid/app/src/main/java/com/seafile/seadroid2/framework/util/PermissionUtil.kt:22:56 Cannot import 'launch'. Functions and properties can only be imported from packages or objects.
e: file:///Users/HONGBGU/Documents/seadroid/app/src/main/java/com/seafile/seadroid2/framework/util/PermissionUtil.kt:23:64 Cannot import 'setMediaType'. Functions and properties can only be imported from packages or objects.
e: file:///Users/HONGBGU/Documents/seadroid/app/src/main/java/com/seafile/seadroid2/framework/util/PermissionUtil.kt:24:64 Cannot import 'build'. Functions and properties can only be imported from packages or objects.
e: file:///Users/HONGBGU/Documents/seadroid/app/src/main/java/com/seafile/seadroid2/framework/util/PermissionUtil.kt:25:44 Cannot import 'onBackPressedDispatcher'. Functions and properties can only be imported from packages or objects.
e: file:///Users/HONGBGU/Documents/seadroid/app/src/main/java/com/seafile/seadroid2/framework/util/PermissionUtil.kt:26:50 Cannot import 'addCallback'. Functions and properties can only be imported from packages or objects.
e: file:///Users/HONGBGU/Documents/seadroid/app/src/main/java/com/seafile/seadroid2/framework/util/PermissionUtil.kt:27:44 Cannot import 'onNewIntent'. Functions and properties can only be imported from packages or objects.
e: file:///Users/HONGBGU/Documents/seadroid/app/src/main/java/com/seafile/seadroid2/framework/util/PermissionUtil.kt:28:44 Cannot import 'invalidateMenu'. Functions and properties can only be imported from packages or objects.
e: file:///Users/HONGBGU/Documents/seadroid/app/src/main/java/com/seafile/seadroid2/framework/util/PermissionUtil.kt:29:57 Cannot import 'isProEdition'. Functions and properties can only be imported from packages or objects.
e: file:///Users/HONGBGU/Documents/seadroid/app/src/main/java/com/seafile/seadroid2/framework/util/PermissionUtil.kt:30:69 Cannot import 'getFeaturesString'. Functions and properties can only be imported from packages or objects.
e: file:///Users/HONGBGU/Documents/seadroid/app/src/main/java/com/seafile/seadroid2/framework/util/PermissionUtil.kt:31:51 Cannot import 'submitList'. Functions and properties can only be imported from packages or objects.
e: file:///Users/HONGBGU/Documents/seadroid/app/src/main/java/com/seafile/seadroid2/framework/util/PermissionUtil.kt:32:51 Cannot import 'setOnItemClickListener'. Functions and properties can only be imported from packages or objects.
e: file:///Users/HONGBGU/Documents/seadroid/app/src/main/java/com/seafile/seadroid2/framework/util/PermissionUtil.kt:33:51 Cannot import 'getItem'. Functions and properties can only be imported from packages or objects.
e: file:///Users/HONGBGU/Documents/seadroid/app/src/main/java/com/seafile/seadroid2/framework/util/PermissionUtil.kt:34:51 Cannot import 'getItemCount'. Functions and properties can only be imported from packages or objects.
e: file:///Users/HONGBGU/Documents/seadroid/app/src/main/java/com/seafile/seadroid2/framework/util/PermissionUtil.kt:35:55 Cannot import 'addItemType'. Functions and properties can only be imported from packages or objects.
e: file:///Users/HONGBGU/Documents/seadroid/app/src/main/java/com/seafile/seadroid2/framework/util/PermissionUtil.kt:36:82 Cannot import 'onBind'. Functions and properties can only be imported from packages or objects.
e: file:///Users/HONGBGU/Documents/seadroid/app/src/main/java/com/seafile/seadroid2/framework/util/PermissionUtil.kt:37:55 Cannot import 'onItemViewType'. Functions and properties can only be imported from packages or objects.
e: file:///Users/HONGBGU/Documents/seadroid/app/src/main/java/com/seafile/seadroid2/framework/util/PermissionUtil.kt:38:51 Cannot import 'onAttachedToRecyclerView'. Functions and properties can only be imported from packages or objects.
e: file:///Users/HONGBGU/Documents/seadroid/app/src/main/java/com/seafile/seadroid2/framework/util/PermissionUtil.kt:39:51 Cannot import 'context'. Functions and properties can only be imported from packages or objects.
e: file:///Users/HONGBGU/Documents/seadroid/app/src/main/java/com/seafile/seadroid2/framework/util/PermissionUtil.kt:40:65 Cannot import 'isDir'. Functions and properties can only be imported from packages or objects.
e: file:///Users/HONGBGU/Documents/seadroid/app/src/main/java/com/seafile/seadroid2/framework/util/PermissionUtil.kt:41:65 Cannot import 'getSubtitle'. Functions and properties can only be imported from packages or objects.
e: file:///Users/HONGBGU/Documents/seadroid/app/src/main/java/com/seafile/seadroid2/framework/util/PermissionUtil.kt:42:65 Cannot import 'getIcon'. Functions and properties can only be imported from packages or objects.
e: file:///Users/HONGBGU/Documents/seadroid/app/src/main/java/com/seafile/seadroid2/framework/util/PermissionUtil.kt:43:51 Cannot import 'items'. Functions and properties can only be imported from packages or objects.
e: file:///Users/HONGBGU/Documents/seadroid/app/src/main/java/com/seafile/seadroid2/framework/util/PermissionUtil.kt:44:61 Cannot import 'equals'. Functions and properties can only be imported from packages or objects.
e: file:///Users/HONGBGU/Documents/seadroid/app/src/main/java/com/seafile/seadroid2/framework/util/PermissionUtil.kt:45:65 Cannot import 'equals'. Functions and properties can only be imported from packages or objects.
e: file:///Users/HONGBGU/Documents/seadroid/app/src/main/java/com/seafile/seadroid2/framework/util/PermissionUtil.kt:46:70 Cannot import 'invisibleOriginItemWhenStickyItemShowing'. Functions and properties can only be imported from packages or objects.
e: file:///Users/HONGBGU/Documents/seadroid/app/src/main/java/com/seafile/seadroid2/framework/util/PermissionUtil.kt:47:70 Cannot import 'disabledScrollUpStickyItem'. Functions and properties can only be imported from packages or objects.
e: file:///Users/HONGBGU/Documents/seadroid/app/src/main/java/com/seafile/seadroid2/framework/util/PermissionUtil.kt:48:70 Cannot import 'showInContainer'. Functions and properties can only be imported from packages or objects.
e: file:///Users/HONGBGU/Documents/seadroid/app/src/main/java/com/seafile/seadroid2/framework/util/PermissionUtil.kt:49:70 Cannot import 'build'. Functions and properties can only be imported from packages or objects.
e: file:///Users/HONGBGU/Documents/seadroid/app/src/main/java/com/seafile/seadroid2/framework/util/PermissionUtil.kt:50:57 Cannot import 'isSearchEnabled'. Functions and properties can only be imported from packages or objects.
e: file:///Users/HONGBGU/Documents/seadroid/app/src/main/java/com/seafile/seadroid2/framework/util/PermissionUtil.kt:51:51 Cannot import 'set'. Functions and properties can only be imported from packages or objects.
e: file:///Users/HONGBGU/Documents/seadroid/app/src/main/java/com/seafile/seadroid2/framework/util/PermissionUtil.kt:52:51 Cannot import 'setOnItemLongClickListener'. Functions and properties can only be imported from packages or objects.
e: file:///Users/HONGBGU/Documents/seadroid/app/src/main/java/com/seafile/seadroid2/framework/util/PermissionUtil.kt:53:51 Cannot import 'addAll'. Functions and properties can only be imported from packages or objects.
e: file:///Users/HONGBGU/Documents/seadroid/app/src/main/java/com/seafile/seadroid2/framework/util/PermissionUtil.kt:54:61 Cannot import 'getRepoList'. Functions and properties can only be imported from packages or objects.
e: file:///Users/HONGBGU/Documents/seadroid/app/src/main/java/com/seafile/seadroid2/framework/util/PermissionUtil.kt:55:51 Cannot import 'removeAtRange'. Functions and properties can only be imported from packages or objects.
e: file:///Users/HONGBGU/Documents/seadroid/app/src/main/java/com/seafile/seadroid2/framework/util/PermissionUtil.kt:56:51 Cannot import 'stateView'. Functions and properties can only be imported from packages or objects.
e: file:///Users/HONGBGU/Documents/seadroid/app/src/main/java/com/seafile/seadroid2/framework/util/PermissionUtil.kt:57:51 Cannot import 'isStateViewEnable'. Functions and properties can only be imported from packages or objects.
e: file:///Users/HONGBGU/Documents/seadroid/app/src/main/java/com/seafile/seadroid2/framework/util/PermissionUtil.kt:59:51 Cannot import 'animationEnable'. Functions and properties can only be imported from packages or objects.
e: file:///Users/HONGBGU/Documents/seadroid/app/src/main/java/com/seafile/seadroid2/framework/util/PermissionUtil.kt:60:51 Cannot import 'setStateViewLayout'. Functions and properties can only be imported from packages or objects.
e: file:///Users/HONGBGU/Documents/seadroid/app/src/main/java/com/seafile/seadroid2/framework/util/PermissionUtil.kt:61:51 Cannot import 'addOnItemChildClickListener'. Functions and properties can only be imported from packages or objects.
e: file:///Users/HONGBGU/Documents/seadroid/app/src/main/java/com/seafile/seadroid2/framework/util/PermissionUtil.kt:62:53 Cannot import 'adapter'. Functions and properties can only be imported from packages or objects.
e: file:///Users/HONGBGU/Documents/seadroid/app/src/main/java/com/seafile/seadroid2/framework/util/PermissionUtil.kt:63:74 Cannot import 'setMetadataConfigModel'. Functions and properties can only be imported from packages or objects.
e: file:///Users/HONGBGU/Documents/seadroid/app/src/main/java/com/seafile/seadroid2/framework/util/PermissionUtil.kt:64:74 Cannot import 'setDetail'. Functions and properties can only be imported from packages or objects.
e: file:///Users/HONGBGU/Documents/seadroid/app/src/main/java/com/seafile/seadroid2/framework/util/PermissionUtil.kt:65:74 Cannot import 'getMetaEnabled'. Functions and properties can only be imported from packages or objects.
e: file:///Users/HONGBGU/Documents/seadroid/app/src/main/java/com/seafile/seadroid2/framework/util/PermissionUtil.kt:66:74 Cannot import 'getTagsEnabled'. Functions and properties can only be imported from packages or objects.
e: file:///Users/HONGBGU/Documents/seadroid/app/src/main/java/com/seafile/seadroid2/framework/util/PermissionUtil.kt:67:74 Cannot import 'initDefaultIfMetaNotEnable'. Functions and properties can only be imported from packages or objects.
e: file:///Users/HONGBGU/Documents/seadroid/app/src/main/java/com/seafile/seadroid2/framework/util/PermissionUtil.kt:68:74 Cannot import 'setRelatedUserWrapperModel'. Functions and properties can only be imported from packages or objects.
e: file:///Users/HONGBGU/Documents/seadroid/app/src/main/java/com/seafile/seadroid2/framework/util/PermissionUtil.kt:69:74 Cannot import 'addRecordWrapperModel'. Functions and properties can only be imported from packages or objects.
e: file:///Users/HONGBGU/Documents/seadroid/app/src/main/java/com/seafile/seadroid2/framework/util/PermissionUtil.kt:70:74 Cannot import 'setTagWrapperModel'. Functions and properties can only be imported from packages or objects.
e: file:///Users/HONGBGU/Documents/seadroid/app/src/main/java/com/seafile/seadroid2/framework/util/PermissionUtil.kt:71:44 Cannot import 'onSaveInstanceState'. Functions and properties can only be imported from packages or objects.
e: file:///Users/HONGBGU/Documents/seadroid/app/src/main/java/com/seafile/seadroid2/framework/util/PermissionUtil.kt:72:72 Cannot import 'canUse'. Functions and properties can only be imported from packages or objects.
e: file:///Users/HONGBGU/Documents/seadroid/app/src/main/java/com/seafile/seadroid2/framework/util/PermissionUtil.kt:73:36 Cannot import 'accept'. Functions and properties can only be imported from packages or objects.
e: file:///Users/HONGBGU/Documents/seadroid/app/src/main/java/com/seafile/seadroid2/framework/util/PermissionUtil.kt:74:20 Cannot import 'second'. Functions and properties can only be imported from packages or objects.
e: file:///Users/HONGBGU/Documents/seadroid/app/src/main/java/com/seafile/seadroid2/framework/util/PermissionUtil.kt:76:51 Cannot import 'removeAt'. Functions and properties can only be imported from packages or objects.
e: file:///Users/HONGBGU/Documents/seadroid/app/src/main/java/com/seafile/seadroid2/framework/util/PermissionUtil.kt:77:62 Cannot import 'getSubjectName'. Functions and properties can only be imported from packages or objects.
e: file:///Users/HONGBGU/Documents/seadroid/app/src/main/java/com/seafile/seadroid2/framework/util/PermissionUtil.kt:78:62 Cannot import 'getSignature'. Functions and properties can only be imported from packages or objects.
e: file:///Users/HONGBGU/Documents/seadroid/app/src/main/java/com/seafile/seadroid2/framework/util/PermissionUtil.kt:79:62 Cannot import 'getSerialNumber'. Functions and properties can only be imported from packages or objects.
e: file:///Users/HONGBGU/Documents/seadroid/app/src/main/java/com/seafile/seadroid2/framework/util/PermissionUtil.kt:80:62 Cannot import 'getNotBefore'. Functions and properties can only be imported from packages or objects.
e: file:///Users/HONGBGU/Documents/seadroid/app/src/main/java/com/seafile/seadroid2/framework/util/PermissionUtil.kt:81:62 Cannot import 'getNotAfter'. Functions and properties can only be imported from packages or objects.
e: file:///Users/HONGBGU/Documents/seadroid/app/src/main/java/com/seafile/seadroid2/framework/util/PermissionUtil.kt:82:50 Cannot import 'onBackPressed'. Functions and properties can only be imported from packages or objects.
e: file:///Users/HONGBGU/Documents/seadroid/app/src/main/java/com/seafile/seadroid2/framework/util/PermissionUtil.kt:84:44 Cannot import 'code'. Functions and properties can only be imported from packages or objects.
e: file:///Users/HONGBGU/Documents/seadroid/app/src/main/java/com/seafile/seadroid2/framework/util/PermissionUtil.kt:85:44 Cannot import 'indexOfKey'. Functions and properties can only be imported from packages or objects.
e: file:///Users/HONGBGU/Documents/seadroid/app/src/main/java/com/seafile/seadroid2/framework/util/PermissionUtil.kt:86:44 Cannot import 'valueAt'. Functions and properties can only be imported from packages or objects.
e: file:///Users/HONGBGU/Documents/seadroid/app/src/main/java/com/seafile/seadroid2/framework/util/PermissionUtil.kt:87:44 Cannot import 'put'. Functions and properties can only be imported from packages or objects.
e: file:///Users/HONGBGU/Documents/seadroid/app/src/main/java/com/seafile/seadroid2/framework/util/PermissionUtil.kt:88:71 Cannot import 'getTime'. Functions and properties can only be imported from packages or objects.
e: file:///Users/HONGBGU/Documents/seadroid/app/src/main/java/com/seafile/seadroid2/framework/util/PermissionUtil.kt:89:61 Cannot import 'setTrailingLoadStateAdapter'. Functions and properties can only be imported from packages or objects.
e: file:///Users/HONGBGU/Documents/seadroid/app/src/main/java/com/seafile/seadroid2/framework/util/PermissionUtil.kt:90:78 Cannot import 'setOnLoadMoreListener'. Functions and properties can only be imported from packages or objects.
e: file:///Users/HONGBGU/Documents/seadroid/app/src/main/java/com/seafile/seadroid2/framework/util/PermissionUtil.kt:91:53 Cannot import 'trailingLoadState'. Functions and properties can only be imported from packages or objects.
e: file:///Users/HONGBGU/Documents/seadroid/app/src/main/java/com/seafile/seadroid2/framework/util/PermissionUtil.kt:92:53 Cannot import 'trailingLoadStateAdapter'. Functions and properties can only be imported from packages or objects.
e: file:///Users/HONGBGU/Documents/seadroid/app/src/main/java/com/seafile/seadroid2/framework/util/PermissionUtil.kt:93:78 Cannot import 'checkDisableLoadMoreIfNotFullPage'. Functions and properties can only be imported from packages or objects.
e: file:///Users/HONGBGU/Documents/seadroid/app/src/main/java/com/seafile/seadroid2/framework/util/PermissionUtil.kt:95:76 Cannot import 'getCreatedAtFriendlyText'. Functions and properties can only be imported from packages or objects.
e: file:///Users/HONGBGU/Documents/seadroid/app/src/main/java/com/seafile/seadroid2/framework/util/PermissionUtil.kt:96:20 Cannot import 'first'. Functions and properties can only be imported from packages or objects.
e: file:///Users/HONGBGU/Documents/seadroid/app/src/main/java/com/seafile/seadroid2/framework/util/PermissionUtil.kt:97:61 Cannot import 'getAvatarUrl'. Functions and properties can only be imported from packages or objects.
e: file:///Users/HONGBGU/Documents/seadroid/app/src/main/java/com/seafile/seadroid2/framework/util/PermissionUtil.kt:98:74 Cannot import 'getRecordMetaDataList'. Functions and properties can only be imported from packages or objects.
e: file:///Users/HONGBGU/Documents/seadroid/app/src/main/java/com/seafile/seadroid2/framework/util/PermissionUtil.kt:99:74 Cannot import 'setRecordMetaDataList'. Functions and properties can only be imported from packages or objects.
e: file:///Users/HONGBGU/Documents/seadroid/app/src/main/java/com/seafile/seadroid2/framework/util/PermissionUtil.kt:100:74 Cannot import 'getRecordResultList'. Functions and properties can only be imported from packages or objects.
e: file:///Users/HONGBGU/Documents/seadroid/app/src/main/java/com/seafile/seadroid2/framework/util/PermissionUtil.kt:101:61 Cannot import 'name'. Functions and properties can only be imported from packages or objects.
e: file:///Users/HONGBGU/Documents/seadroid/app/src/main/java/com/seafile/seadroid2/framework/util/PermissionUtil.kt:102:74 Cannot import 'getRelatedUserList'. Functions and properties can only be imported from packages or objects.
e: file:///Users/HONGBGU/Documents/seadroid/app/src/main/java/com/seafile/seadroid2/framework/util/PermissionUtil.kt:103:61 Cannot import 'email'. Functions and properties can only be imported from packages or objects.
e: file:///Users/HONGBGU/Documents/seadroid/app/src/main/java/com/seafile/seadroid2/framework/util/PermissionUtil.kt:105:72 Cannot import 'toString'. Functions and properties can only be imported from packages or objects.
e: file:///Users/HONGBGU/Documents/seadroid/app/src/main/java/com/seafile/seadroid2/framework/util/PermissionUtil.kt:106:48 Cannot import 'setKeepOnScreenCondition'. Functions and properties can only be imported from packages or objects.
e: file:///Users/HONGBGU/Documents/seadroid/app/src/main/java/com/seafile/seadroid2/framework/util/PermissionUtil.kt:107:74 Cannot import 'getDetail'. Functions and properties can only be imported from packages or objects.
e: file:///Users/HONGBGU/Documents/seadroid/app/src/main/java/com/seafile/seadroid2/framework/util/PermissionUtil.kt:108:74 Cannot import 'getTagMap'. Functions and properties can only be imported from packages or objects.
e: file:///Users/HONGBGU/Documents/seadroid/app/src/main/java/com/seafile/seadroid2/framework/util/PermissionUtil.kt:109:57 Cannot import 'getUrl'. Functions and properties can only be imported from packages or objects.
e: file:///Users/HONGBGU/Documents/seadroid/app/src/main/java/com/seafile/seadroid2/framework/util/PermissionUtil.kt:110:57 Cannot import 'getVersion'. Functions and properties can only be imported from packages or objects.
e: file:///Users/HONGBGU/Documents/seadroid/app/src/main/java/com/seafile/seadroid2/framework/util/PermissionUtil.kt:111:57 Cannot import 'getEncrypted_library_version'. Functions and properties can only be imported from packages or objects.
e: file:///Users/HONGBGU/Documents/seadroid/app/src/main/java/com/seafile/seadroid2/framework/util/PermissionUtil.kt:112:57 Cannot import 'getFeatures'. Functions and properties can only be imported from packages or objects.
e: file:///Users/HONGBGU/Documents/seadroid/app/src/main/java/com/seafile/seadroid2/framework/util/PermissionUtil.kt:115:70 Cannot import 'getMtimeInMills'. Functions and properties can only be imported from packages or objects.
e: file:///Users/HONGBGU/Documents/seadroid/app/src/main/java/com/seafile/seadroid2/framework/util/PermissionUtil.kt:117:43 Cannot import 'addMigrations'. Functions and properties can only be imported from packages or objects.
e: file:///Users/HONGBGU/Documents/seadroid/app/src/main/java/com/seafile/seadroid2/framework/util/PermissionUtil.kt:118:43 Cannot import 'build'. Functions and properties can only be imported from packages or objects.
e: file:///Users/HONGBGU/Documents/seadroid/app/src/main/java/com/seafile/seadroid2/framework/util/PermissionUtil.kt:119:49 Cannot import 'execSQL'. Functions and properties can only be imported from packages or objects.
e: file:///Users/HONGBGU/Documents/seadroid/app/src/main/java/com/seafile/seadroid2/framework/util/PermissionUtil.kt:120:49 Cannot import 'query'. Functions and properties can only be imported from packages or objects.
e: file:///Users/HONGBGU/Documents/seadroid/app/src/main/java/com/seafile/seadroid2/framework/util/PermissionUtil.kt:121:61 Cannot import 'getTitle'. Functions and properties can only be imported from packages or objects.
e: file:///Users/HONGBGU/Documents/seadroid/app/src/main/java/com/seafile/seadroid2/framework/util/PermissionUtil.kt:122:61 Cannot import 'addAllRepoList'. Functions and properties can only be imported from packages or objects.
e: file:///Users/HONGBGU/Documents/seadroid/app/src/main/java/com/seafile/seadroid2/framework/util/PermissionUtil.kt:123:58 Cannot import 'setPath'. Functions and properties can only be imported from packages or objects.
e: file:///Users/HONGBGU/Documents/seadroid/app/src/main/java/com/seafile/seadroid2/framework/util/PermissionUtil.kt:124:58 Cannot import 'setLabel'. Functions and properties can only be imported from packages or objects.
e: file:///Users/HONGBGU/Documents/seadroid/app/src/main/java/com/seafile/seadroid2/framework/util/PermissionUtil.kt:125:58 Cannot import 'setRemovable'. Functions and properties can only be imported from packages or objects.
e: file:///Users/HONGBGU/Documents/seadroid/app/src/main/java/com/seafile/seadroid2/framework/util/PermissionUtil.kt:126:58 Cannot import 'setPrimary'. Functions and properties can only be imported from packages or objects.
e: file:///Users/HONGBGU/Documents/seadroid/app/src/main/java/com/seafile/seadroid2/framework/util/PermissionUtil.kt:127:58 Cannot import 'setAvailable'. Functions and properties can only be imported from packages or objects.
e: file:///Users/HONGBGU/Documents/seadroid/app/src/main/java/com/seafile/seadroid2/framework/util/PermissionUtil.kt:128:57 Cannot import 'getError'. Functions and properties can only be imported from packages or objects.
e: file:///Users/HONGBGU/Documents/seadroid/app/src/main/java/com/seafile/seadroid2/framework/util/PermissionUtil.kt:129:42 Cannot import 'setBackoffCriteria'. Functions and properties can only be imported from packages or objects.
e: file:///Users/HONGBGU/Documents/seadroid/app/src/main/java/com/seafile/seadroid2/framework/util/PermissionUtil.kt:130:42 Cannot import 'addTag'. Functions and properties can only be imported from packages or objects.
e: file:///Users/HONGBGU/Documents/seadroid/app/src/main/java/com/seafile/seadroid2/framework/util/PermissionUtil.kt:131:42 Cannot import 'setRequiredNetworkType'. Functions and properties can only be imported from packages or objects.
e: file:///Users/HONGBGU/Documents/seadroid/app/src/main/java/com/seafile/seadroid2/framework/util/PermissionUtil.kt:132:42 Cannot import 'build'. Functions and properties can only be imported from packages or objects.
e: file:///Users/HONGBGU/Documents/seadroid/app/src/main/java/com/seafile/seadroid2/framework/util/PermissionUtil.kt:133:42 Cannot import 'setId'. Functions and properties can only be imported from packages or objects.
e: file:///Users/HONGBGU/Documents/seadroid/app/src/main/java/com/seafile/seadroid2/framework/util/PermissionUtil.kt:134:42 Cannot import 'setConstraints'. Functions and properties can only be imported from packages or objects.
e: file:///Users/HONGBGU/Documents/seadroid/app/src/main/java/com/seafile/seadroid2/framework/util/PermissionUtil.kt:135:42 Cannot import 'build'. Functions and properties can only be imported from packages or objects.
e: file:///Users/HONGBGU/Documents/seadroid/app/src/main/java/com/seafile/seadroid2/framework/util/PermissionUtil.kt:136:42 Cannot import 'setInputData'. Functions and properties can only be imported from packages or objects.
e: file:///Users/HONGBGU/Documents/seadroid/app/src/main/java/com/seafile/seadroid2/framework/util/PermissionUtil.kt:137:79 Cannot import 'getParent_dir'. Functions and properties can only be imported from packages or objects.
e: file:///Users/HONGBGU/Documents/seadroid/app/src/main/java/com/seafile/seadroid2/framework/util/PermissionUtil.kt:140:37 Cannot import 'onCleared'. Functions and properties can only be imported from packages or objects.
e: file:///Users/HONGBGU/Documents/seadroid/app/src/main/java/com/seafile/seadroid2/framework/util/PermissionUtil.kt:141:42 Cannot import 'lifecycle'. Functions and properties can only be imported from packages or objects.
e: file:///Users/HONGBGU/Documents/seadroid/app/src/main/java/com/seafile/seadroid2/framework/util/PermissionUtil.kt:142:37 Cannot import 'addObserver'. Functions and properties can only be imported from packages or objects.
e: file:///Users/HONGBGU/Documents/seadroid/app/src/main/java/com/seafile/seadroid2/framework/util/PermissionUtil.kt:143:37 Cannot import 'removeObserver'. Functions and properties can only be imported from packages or objects.
e: file:///Users/HONGBGU/Documents/seadroid/app/src/main/java/com/seafile/seadroid2/framework/util/PermissionUtil.kt:210:24 Conflicting import: imported name 'Intent' is ambiguous.
e: file:///Users/HONGBGU/Documents/seadroid/app/src/main/java/com/seafile/seadroid2/framework/util/PermissionUtil.kt:216:20 Conflicting import: imported name 'Activity' is ambiguous.
e: file:///Users/HONGBGU/Documents/seadroid/app/src/main/java/com/seafile/seadroid2/framework/util/PermissionUtil.kt:251:27 Conflicting import: imported name 'PackageManager' is ambiguous.
e: file:///Users/HONGBGU/Documents/seadroid/app/src/main/java/com/seafile/seadroid2/framework/util/PermissionUtil.kt:260:69 Unresolved reference 'FileSyncBinder'.
e: file:///Users/HONGBGU/Documents/seadroid/app/src/main/java/com/seafile/seadroid2/framework/util/PermissionUtil.kt:296:30 Conflicting import: imported name 'ContextCompat' is ambiguous.
e: file:///Users/HONGBGU/Documents/seadroid/app/src/main/java/com/seafile/seadroid2/framework/util/PermissionUtil.kt:566:19 Conflicting import: imported name 'Environment' is ambiguous.
e: file:///Users/HONGBGU/Documents/seadroid/app/src/main/java/com/seafile/seadroid2/framework/util/PermissionUtil.kt:728:73 Cannot access 'inner class AppsListAdapter : BaseAdapter': it is private in 'com/seafile/seadroid2/ui/dialog_fragment/AppChoiceDialogFragment'.
e: file:///Users/HONGBGU/Documents/seadroid/app/src/main/java/com/seafile/seadroid2/framework/util/PermissionUtil.kt:780:25 Conflicting import: imported name 'VERSION' is ambiguous.
e: file:///Users/HONGBGU/Documents/seadroid/app/src/main/java/com/seafile/seadroid2/framework/util/PermissionUtil.kt:781:25 Conflicting import: imported name 'VERSION_CODES' is ambiguous.
e: file:///Users/HONGBGU/Documents/seadroid/app/src/main/java/com/seafile/seadroid2/framework/util/PermissionUtil.kt:840:28 Conflicting import: imported name 'RequiresApi' is ambiguous.
e: file:///Users/HONGBGU/Documents/seadroid/app/src/main/java/com/seafile/seadroid2/framework/util/PermissionUtil.kt:966:26 Conflicting import: imported name 'ActivityCompat' is ambiguous.
e: file:///Users/HONGBGU/Documents/seadroid/app/src/main/java/com/seafile/seadroid2/framework/util/PermissionUtil.kt:1041:24 Conflicting import: imported name 'Context' is ambiguous.
e: file:///Users/HONGBGU/Documents/seadroid/app/src/main/java/com/seafile/seadroid2/framework/util/PermissionUtil.kt:1073:69 Unresolved reference 'FolderStateChangedListener'.
e: file:///Users/HONGBGU/Documents/seadroid/app/src/main/java/com/seafile/seadroid2/framework/util/PermissionUtil.kt:1093:20 Conflicting import: imported name 'Uri' is ambiguous.
e: file:///Users/HONGBGU/Documents/seadroid/app/src/main/java/com/seafile/seadroid2/framework/util/PermissionUtil.kt:1094:25 Conflicting import: imported name 'Settings' is ambiguous.
e: file:///Users/HONGBGU/Documents/seadroid/app/src/main/java/com/seafile/seadroid2/framework/util/PermissionUtil.kt:1100:33 Conflicting import: imported name 'CollectionUtils' is ambiguous.
e: file:///Users/HONGBGU/Documents/seadroid/app/src/main/java/com/seafile/seadroid2/framework/util/PermissionUtil.kt:1102:18 Conflicting import: imported name 'Arrays' is ambiguous.
e: file:///Users/HONGBGU/Documents/seadroid/app/src/main/java/com/seafile/seadroid2/framework/util/PermissionUtil.kt:1130:17 Unresolved reference 'Manifest'.
e: file:///Users/HONGBGU/Documents/seadroid/app/src/main/java/com/seafile/seadroid2/framework/util/PermissionUtil.kt:1142:37 Unresolved reference 'Manifest'.
e: file:///Users/HONGBGU/Documents/seadroid/app/src/main/java/com/seafile/seadroid2/framework/util/PermissionUtil.kt:1157:17 Unresolved reference 'Manifest'.
e: file:///Users/HONGBGU/Documents/seadroid/app/src/main/java/com/seafile/seadroid2/framework/util/PermissionUtil.kt:1195:32 Unresolved reference 'Manifest'.
e: file:///Users/HONGBGU/Documents/seadroid/app/src/main/java/com/seafile/seadroid2/framework/util/PinyinSource.kt:19:61 Cannot import 'equals'. Functions and properties can only be imported from packages or objects.
e: file:///Users/HONGBGU/Documents/seadroid/app/src/main/java/com/seafile/seadroid2/framework/util/PinyinSource.kt:20:65 Cannot import 'equals'. Functions and properties can only be imported from packages or objects.
e: file:///Users/HONGBGU/Documents/seadroid/app/src/main/java/com/seafile/seadroid2/framework/util/PinyinUtils.kt:22:61 Cannot import 'equals'. Functions and properties can only be imported from packages or objects.
e: file:///Users/HONGBGU/Documents/seadroid/app/src/main/java/com/seafile/seadroid2/framework/util/PinyinUtils.kt:23:65 Cannot import 'equals'. Functions and properties can only be imported from packages or objects.
e: file:///Users/HONGBGU/Documents/seadroid/app/src/main/java/com/seafile/seadroid2/framework/util/SLogs.kt:7:21 Unresolved reference 'Build'.
e: file:///Users/HONGBGU/Documents/seadroid/app/src/main/java/com/seafile/seadroid2/framework/util/SLogs.kt:8:21 Unresolved reference 'Build'.
e: file:///Users/HONGBGU/Documents/seadroid/app/src/main/java/com/seafile/seadroid2/framework/util/SLogs.kt:9:23 Unresolved reference 'Build'.
e: file:///Users/HONGBGU/Documents/seadroid/app/src/main/java/com/seafile/seadroid2/framework/util/SLogs.kt:10:19 Unresolved reference 'Build'.
e: file:///Users/HONGBGU/Documents/seadroid/app/src/main/java/com/seafile/seadroid2/framework/util/SLogs.kt:22:16 Unresolved reference 'Build'.
e: file:///Users/HONGBGU/Documents/seadroid/app/src/main/java/com/seafile/seadroid2/framework/util/SLogs.kt:26:16 Unresolved reference 'Build'.
e: file:///Users/HONGBGU/Documents/seadroid/app/src/main/java/com/seafile/seadroid2/framework/util/SLogs.kt:30:16 Unresolved reference 'Build'.
e: file:///Users/HONGBGU/Documents/seadroid/app/src/main/java/com/seafile/seadroid2/framework/util/TUtil.kt:11:54 One type argument expected. Use class 'Class' if you don't intend to pass type arguments.
e: file:///Users/HONGBGU/Documents/seadroid/app/src/main/java/com/seafile/seadroid2/framework/util/TUtil.kt:13:18 Unresolved reference 'newInstance'.
e: file:///Users/HONGBGU/Documents/seadroid/app/src/main/java/com/seafile/seadroid2/framework/util/TakeCameras.kt:35:13 Unresolved reference 'FileProvider'.
e: file:///Users/HONGBGU/Documents/seadroid/app/src/main/java/com/seafile/seadroid2/framework/util/Token2SessionConverts.kt:8:78 Only safe (?.) or non-null asserted (!!.) calls are allowed on a nullable receiver of type 'com.seafile.seadroid2.account.SupportAccountManager?'.
e: file:///Users/HONGBGU/Documents/seadroid/app/src/main/java/com/seafile/seadroid2/framework/util/Utils.kt:43:41 Unresolved reference 'JSONObject'.
e: file:///Users/HONGBGU/Documents/seadroid/app/src/main/java/com/seafile/seadroid2/framework/util/Utils.kt:51:20 Unresolved reference 'JSONTokener'.
e: file:///Users/HONGBGU/Documents/seadroid/app/src/main/java/com/seafile/seadroid2/framework/util/Utils.kt:51:53 Unresolved reference 'JSONObject'.
e: file:///Users/HONGBGU/Documents/seadroid/app/src/main/java/com/seafile/seadroid2/framework/util/Utils.kt:135:34 Initializer type mismatch: expected 'kotlin.Array<kotlin.String?>', actual 'kotlin.Array<kotlin.String>'.
e: file:///Users/HONGBGU/Documents/seadroid/app/src/main/java/com/seafile/seadroid2/framework/util/Utils.kt:135:34 Type mismatch: inferred type is 'kotlin.String?', but 'kotlin.String' was expected.
e: file:///Users/HONGBGU/Documents/seadroid/app/src/main/java/com/seafile/seadroid2/framework/util/Utils.kt:149:45 Overload resolution ambiguity between candidates:
@IntrinsicConstEvaluation() fun div(other: Byte): Long
@IntrinsicConstEvaluation() fun div(other: Double): Double
@IntrinsicConstEvaluation() fun div(other: Float): Float
@IntrinsicConstEvaluation() fun div(other: Int): Long
@IntrinsicConstEvaluation() fun div(other: Long): Long
@IntrinsicConstEvaluation() fun div(other: Short): Long
e: file:///Users/HONGBGU/Documents/seadroid/app/src/main/java/com/seafile/seadroid2/framework/util/Utils.kt:149:54 Unresolved reference 'pow'.
e: file:///Users/HONGBGU/Documents/seadroid/app/src/main/java/com/seafile/seadroid2/framework/util/Utils.kt:153:31 Overload resolution ambiguity between candidates:
@RecentlyNonNull() fun format(p0: Double): String!
@RecentlyNonNull() fun format(p0: Long): String!
fun format(p0: Any!): String!
e: file:///Users/HONGBGU/Documents/seadroid/app/src/main/java/com/seafile/seadroid2/framework/util/Utils.kt:153:43 Overload resolution ambiguity between candidates:
@IntrinsicConstEvaluation() fun div(other: Byte): Long
@IntrinsicConstEvaluation() fun div(other: Double): Double
@IntrinsicConstEvaluation() fun div(other: Float): Float
@IntrinsicConstEvaluation() fun div(other: Int): Long
@IntrinsicConstEvaluation() fun div(other: Long): Long
@IntrinsicConstEvaluation() fun div(other: Short): Long
e: file:///Users/HONGBGU/Documents/seadroid/app/src/main/java/com/seafile/seadroid2/framework/util/Utils.kt:153:52 Unresolved reference 'pow'.
e: file:///Users/HONGBGU/Documents/seadroid/app/src/main/java/com/seafile/seadroid2/framework/util/Utils.kt:153:81 Overload resolution ambiguity between candidates:
fun String?.plus(other: Any?): String
fun <T> Array<T>.plus(element: T): Array<T>
fun <T> Collection<T>.plus(element: T): List<T>
fun <T> Iterable<T>.plus(element: T): List<T>
fun <T> Set<T>.plus(element: T): Set<T>
fun <T> Sequence<T>.plus(element: T): Sequence<T>
@InlineOnly() fun Char.plus(other: String): String
e: file:///Users/HONGBGU/Documents/seadroid/app/src/main/java/com/seafile/seadroid2/framework/util/Utils.kt:172:29 Unresolved reference 'MimeTypeMap'.
e: file:///Users/HONGBGU/Documents/seadroid/app/src/main/java/com/seafile/seadroid2/framework/util/Utils.kt:180:13 Unresolved reference 'TextUtils'.
e: file:///Users/HONGBGU/Documents/seadroid/app/src/main/java/com/seafile/seadroid2/framework/util/Utils.kt:184:29 Unresolved reference 'MimeTypeMap'.
e: file:///Users/HONGBGU/Documents/seadroid/app/src/main/java/com/seafile/seadroid2/framework/util/Utils.kt:192:17 Unresolved reference 'not' for operator '!'.
e: file:///Users/HONGBGU/Documents/seadroid/app/src/main/java/com/seafile/seadroid2/framework/util/Utils.kt:192:18 Unresolved reference 'TextUtils'.
e: file:///Users/HONGBGU/Documents/seadroid/app/src/main/java/com/seafile/seadroid2/framework/util/Utils.kt:195:21 Unresolved reference 'not' for operator '!'.
e: file:///Users/HONGBGU/Documents/seadroid/app/src/main/java/com/seafile/seadroid2/framework/util/Utils.kt:195:22 Unresolved reference 'TextUtils'.
e: file:///Users/HONGBGU/Documents/seadroid/app/src/main/java/com/seafile/seadroid2/framework/util/Utils.kt:196:41 Unresolved reference 'MimeTypeMap'.
e: file:///Users/HONGBGU/Documents/seadroid/app/src/main/java/com/seafile/seadroid2/framework/util/Utils.kt:197:25 Unresolved reference 'not' for operator '!'.
e: file:///Users/HONGBGU/Documents/seadroid/app/src/main/java/com/seafile/seadroid2/framework/util/Utils.kt:197:26 Unresolved reference 'TextUtils'.
e: file:///Users/HONGBGU/Documents/seadroid/app/src/main/java/com/seafile/seadroid2/framework/util/Utils.kt:219:17 Unresolved reference 'TextUtils'.
e: file:///Users/HONGBGU/Documents/seadroid/app/src/main/java/com/seafile/seadroid2/framework/util/Utils.kt:239:13 Unresolved reference 'TextUtils'.
e: file:///Users/HONGBGU/Documents/seadroid/app/src/main/java/com/seafile/seadroid2/framework/util/Utils.kt:264:20 Unresolved reference 'SeadroidApplication'.
e: file:///Users/HONGBGU/Documents/seadroid/app/src/main/java/com/seafile/seadroid2/framework/util/Utils.kt:264:53 Unresolved reference 'R'.
e: file:///Users/HONGBGU/Documents/seadroid/app/src/main/java/com/seafile/seadroid2/framework/util/Utils.kt:279:20 Unresolved reference 'SeadroidApplication'.
e: file:///Users/HONGBGU/Documents/seadroid/app/src/main/java/com/seafile/seadroid2/framework/util/Utils.kt:279:53 Unresolved reference 'R'.
e: file:///Users/HONGBGU/Documents/seadroid/app/src/main/java/com/seafile/seadroid2/framework/util/Utils.kt:282:20 Unresolved reference 'SeadroidApplication'.
e: file:///Users/HONGBGU/Documents/seadroid/app/src/main/java/com/seafile/seadroid2/framework/util/Utils.kt:282:53 Unresolved reference 'R'.
e: file:///Users/HONGBGU/Documents/seadroid/app/src/main/java/com/seafile/seadroid2/framework/util/Utils.kt:285:20 Unresolved reference 'SeadroidApplication'.
e: file:///Users/HONGBGU/Documents/seadroid/app/src/main/java/com/seafile/seadroid2/framework/util/Utils.kt:285:53 Unresolved reference 'R'.
e: file:///Users/HONGBGU/Documents/seadroid/app/src/main/java/com/seafile/seadroid2/framework/util/Utils.kt:287:20 Unresolved reference 'SeadroidApplication'.
e: file:///Users/HONGBGU/Documents/seadroid/app/src/main/java/com/seafile/seadroid2/framework/util/Utils.kt:287:53 Unresolved reference 'R'.
e: file:///Users/HONGBGU/Documents/seadroid/app/src/main/java/com/seafile/seadroid2/framework/util/Utils.kt:289:20 Unresolved reference 'SeadroidApplication'.
e: file:///Users/HONGBGU/Documents/seadroid/app/src/main/java/com/seafile/seadroid2/framework/util/Utils.kt:289:53 Unresolved reference 'R'.
e: file:///Users/HONGBGU/Documents/seadroid/app/src/main/java/com/seafile/seadroid2/framework/util/Utils.kt:303:33 Unresolved reference 'MimeTypeMap'.
e: file:///Users/HONGBGU/Documents/seadroid/app/src/main/java/com/seafile/seadroid2/framework/util/Utils.kt:317:23 Unresolved reference 'ContentResolver'.
e: file:///Users/HONGBGU/Documents/seadroid/app/src/main/java/com/seafile/seadroid2/framework/util/Utils.kt:318:40 Unresolved reference 'query'.
e: file:///Users/HONGBGU/Documents/seadroid/app/src/main/java/com/seafile/seadroid2/framework/util/Utils.kt:324:54 Unresolved reference 'OpenableColumns'.
e: file:///Users/HONGBGU/Documents/seadroid/app/src/main/java/com/seafile/seadroid2/framework/util/Utils.kt:346:58 Unresolved reference 'MediaStore'.
e: file:///Users/HONGBGU/Documents/seadroid/app/src/main/java/com/seafile/seadroid2/framework/util/Utils.kt:375:40 Unresolved reference 'BitmapFactory'.
e: file:///Users/HONGBGU/Documents/seadroid/app/src/main/java/com/seafile/seadroid2/framework/util/Utils.kt:377:35 Unresolved reference 'outHeight'.
e: file:///Users/HONGBGU/Documents/seadroid/app/src/main/java/com/seafile/seadroid2/framework/util/Utils.kt:378:34 Unresolved reference 'outWidth'.
e: file:///Users/HONGBGU/Documents/seadroid/app/src/main/java/com/seafile/seadroid2/framework/util/Utils.kt:402:13 Unresolved reference 'TextUtils'.
e: file:///Users/HONGBGU/Documents/seadroid/app/src/main/java/com/seafile/seadroid2/framework/util/Utils.kt:402:40 Unresolved reference 'TextUtils'.
e: file:///Users/HONGBGU/Documents/seadroid/app/src/main/java/com/seafile/seadroid2/framework/util/Utils.kt:402:68 Unresolved reference 'TextUtils'.
e: file:///Users/HONGBGU/Documents/seadroid/app/src/main/java/com/seafile/seadroid2/framework/util/Utils.kt:443:13 Unresolved reference 'Build'.
e: file:///Users/HONGBGU/Documents/seadroid/app/src/main/java/com/seafile/seadroid2/framework/util/Utils.kt:443:38 Unresolved reference 'Build'.
e: file:///Users/HONGBGU/Documents/seadroid/app/src/main/java/com/seafile/seadroid2/framework/util/Utils.kt:444:22 Unresolved reference 'LocaleList'.
e: file:///Users/HONGBGU/Documents/seadroid/app/src/main/java/com/seafile/seadroid2/framework/util/Utils.kt:449:16 Unresolved reference 'TextUtils'.
e: file:///Users/HONGBGU/Documents/seadroid/app/src/main/java/com/seafile/seadroid2/framework/util/Utils.kt:449:52 Unresolved reference 'TextUtils'.
e: file:///Users/HONGBGU/Documents/seadroid/app/src/main/java/com/seafile/seadroid2/framework/util/Utils.kt:454:16 Unresolved reference 'not' for operator '!'.
e: file:///Users/HONGBGU/Documents/seadroid/app/src/main/java/com/seafile/seadroid2/framework/util/Utils.kt:454:17 Unresolved reference 'TextUtils'.
e: file:///Users/HONGBGU/Documents/seadroid/app/src/main/java/com/seafile/seadroid2/framework/util/Utils.kt:464:13 Unresolved reference 'TextUtils'.
e: file:///Users/HONGBGU/Documents/seadroid/app/src/main/java/com/seafile/seadroid2/framework/util/Utils.kt:534:45 Unresolved reference 'SslCertificate'.
e: file:///Users/HONGBGU/Documents/seadroid/app/src/main/java/com/seafile/seadroid2/framework/util/Utils.kt:537:21 Unresolved reference 'Bundle'.
e: file:///Users/HONGBGU/Documents/seadroid/app/src/main/java/com/seafile/seadroid2/framework/util/Utils.kt:537:30 Unresolved reference 'SslCertificate'.
e: file:///Users/HONGBGU/Documents/seadroid/app/src/main/java/com/seafile/seadroid2/framework/util/Utils.kt:538:40 Unresolved reference 'getByteArray'.
e: file:///Users/HONGBGU/Documents/seadroid/app/src/main/java/com/seafile/seadroid2/framework/util/Utils.kt:555:29 Unresolved reference 'SslCertificate'.
e: file:///Users/HONGBGU/Documents/seadroid/app/src/main/java/com/seafile/seadroid2/framework/util/Utils.kt:568:17 Unresolved reference 'SslCertificate'.
e: file:///Users/HONGBGU/Documents/seadroid/app/src/main/java/com/seafile/seadroid2/framework/util/Utils.kt:573:43 Unresolved reference 'Activity'.
e: file:///Users/HONGBGU/Documents/seadroid/app/src/main/java/com/seafile/seadroid2/framework/util/Utils.kt:577:13 Unresolved reference 'Build'.
e: file:///Users/HONGBGU/Documents/seadroid/app/src/main/java/com/seafile/seadroid2/framework/util/Utils.kt:578:39 Unresolved reference 'getWindow'.
e: file:///Users/HONGBGU/Documents/seadroid/app/src/main/java/com/seafile/seadroid2/framework/util/Utils.kt:580:20 Unresolved reference 'Build'.
e: file:///Users/HONGBGU/Documents/seadroid/app/src/main/java/com/seafile/seadroid2/framework/util/Utils.kt:581:44 Unresolved reference 'getWindow'.
e: file:///Users/HONGBGU/Documents/seadroid/app/src/main/java/com/seafile/seadroid2/framework/util/Utils.kt:601:45 Unresolved reference 'MediaStore'.
e: file:///Users/HONGBGU/Documents/seadroid/app/src/main/java/com/seafile/seadroid2/framework/util/Utils.kt:603:67 Unresolved reference 'MediaStore'.
e: file:///Users/HONGBGU/Documents/seadroid/app/src/main/java/com/seafile/seadroid2/framework/util/Utils.kt:607:45 Unresolved reference 'MediaStore'.
e: file:///Users/HONGBGU/Documents/seadroid/app/src/main/java/com/seafile/seadroid2/framework/util/Utils.kt:609:67 Unresolved reference 'MediaStore'.
e: file:///Users/HONGBGU/Documents/seadroid/app/src/main/java/com/seafile/seadroid2/framework/util/Utils.kt:637:13 Unresolved reference 'TextUtils'.
e: file:///Users/HONGBGU/Documents/seadroid/app/src/main/java/com/seafile/seadroid2/framework/util/Utils.kt:655:13 Unresolved reference 'TextUtils'.
e: file:///Users/HONGBGU/Documents/seadroid/app/src/main/java/com/seafile/seadroid2/framework/util/Utils.kt:682:28 Unresolved reference 'SslCertificate'.
e: file:///Users/HONGBGU/Documents/seadroid/app/src/main/java/com/seafile/seadroid2/framework/util/Utils.kt:682:51 Unresolved reference 'SslCertificate'.
e: file:///Users/HONGBGU/Documents/seadroid/app/src/main/java/com/seafile/seadroid2/framework/util/Utils.kt:683:35 Unresolved reference 'getIssuedTo'.
e: file:///Users/HONGBGU/Documents/seadroid/app/src/main/java/com/seafile/seadroid2/framework/util/Utils.kt:683:56 Unresolved reference 'getIssuedTo'.
e: file:///Users/HONGBGU/Documents/seadroid/app/src/main/java/com/seafile/seadroid2/framework/util/Utils.kt:684:39 Unresolved reference 'getIssuedBy'.
e: file:///Users/HONGBGU/Documents/seadroid/app/src/main/java/com/seafile/seadroid2/framework/util/Utils.kt:684:60 Unresolved reference 'getIssuedBy'.
e: file:///Users/HONGBGU/Documents/seadroid/app/src/main/java/com/seafile/seadroid2/framework/util/Utils.kt:685:41 Unresolved reference 'getValidNotBeforeDate'.
e: file:///Users/HONGBGU/Documents/seadroid/app/src/main/java/com/seafile/seadroid2/framework/util/Utils.kt:685:72 Unresolved reference 'getValidNotBeforeDate'.
e: file:///Users/HONGBGU/Documents/seadroid/app/src/main/java/com/seafile/seadroid2/framework/util/Utils.kt:686:41 Unresolved reference 'getValidNotAfterDate'.
e: file:///Users/HONGBGU/Documents/seadroid/app/src/main/java/com/seafile/seadroid2/framework/util/Utils.kt:686:71 Unresolved reference 'getValidNotAfterDate'.
e: file:///Users/HONGBGU/Documents/seadroid/app/src/main/java/com/seafile/seadroid2/framework/util/Utils.kt:699:38 Unresolved reference 'DName'.
e: file:///Users/HONGBGU/Documents/seadroid/app/src/main/java/com/seafile/seadroid2/framework/util/Utils.kt:699:54 Unresolved reference 'DName'.
e: file:///Users/HONGBGU/Documents/seadroid/app/src/main/java/com/seafile/seadroid2/framework/util/Utils.kt:706:27 Unresolved reference 'getDName'.
e: file:///Users/HONGBGU/Documents/seadroid/app/src/main/java/com/seafile/seadroid2/framework/util/Utils.kt:706:48 Unresolved reference 'getDName'.
e: file:///Users/HONGBGU/Documents/seadroid/app/src/main/java/com/seafile/seadroid2/framework/worker/BackgroundJobManagerImpl.kt:9:64 Cannot import 'build'. Functions and properties can only be imported from packages or objects.
e: file:///Users/HONGBGU/Documents/seadroid/app/src/main/java/com/seafile/seadroid2/framework/worker/BackgroundJobManagerImpl.kt:10:43 Cannot import 'build'. Functions and properties can only be imported from packages or objects.
e: file:///Users/HONGBGU/Documents/seadroid/app/src/main/java/com/seafile/seadroid2/framework/worker/BackgroundJobManagerImpl.kt:13:42 Cannot import 'build'. Functions and properties can only be imported from packages or objects.
e: file:///Users/HONGBGU/Documents/seadroid/app/src/main/java/com/seafile/seadroid2/framework/worker/BackgroundJobManagerImpl.kt:22:42 Cannot import 'build'. Functions and properties can only be imported from packages or objects.
e: file:///Users/HONGBGU/Documents/seadroid/app/src/main/java/com/seafile/seadroid2/framework/worker/BackgroundJobManagerImpl.kt:23:42 Cannot import 'setConstraints'. Functions and properties can only be imported from packages or objects.
e: file:///Users/HONGBGU/Documents/seadroid/app/src/main/java/com/seafile/seadroid2/framework/worker/BackgroundJobManagerImpl.kt:24:42 Cannot import 'setId'. Functions and properties can only be imported from packages or objects.
e: file:///Users/HONGBGU/Documents/seadroid/app/src/main/java/com/seafile/seadroid2/framework/worker/BackgroundJobManagerImpl.kt:25:42 Cannot import 'setInputData'. Functions and properties can only be imported from packages or objects.
e: file:///Users/HONGBGU/Documents/seadroid/app/src/main/java/com/seafile/seadroid2/framework/worker/BackgroundJobManagerImpl.kt:26:61 Cannot import 'build'. Functions and properties can only be imported from packages or objects.
e: file:///Users/HONGBGU/Documents/seadroid/app/src/main/java/com/seafile/seadroid2/framework/worker/BackgroundJobManagerImpl.kt:27:70 Cannot import 'build'. Functions and properties can only be imported from packages or objects.
e: file:///Users/HONGBGU/Documents/seadroid/app/src/main/java/com/seafile/seadroid2/framework/worker/BackgroundJobManagerImpl.kt:56:43 Argument type mismatch: actual type is 'java.lang.Class<T?>', but 'java.lang.Class<out androidx.work.ListenableWorker>' was expected.
e: file:///Users/HONGBGU/Documents/seadroid/app/src/main/java/com/seafile/seadroid2/framework/worker/BackgroundJobManagerImpl.kt:117:9 Return type mismatch: expected 'androidx.work.PeriodicWorkRequest', actual 'kotlin.Unit'.
e: file:///Users/HONGBGU/Documents/seadroid/app/src/main/java/com/seafile/seadroid2/framework/worker/BackgroundJobManagerImpl.kt:118:33 Argument type mismatch: actual type is 'java.lang.Class<com.seafile.seadroid2.framework.worker.periodic.AlbumBackupPeriodicScanStarter>', but 'java.lang.Class<T?>' was expected.
e: file:///Users/HONGBGU/Documents/seadroid/app/src/main/java/com/seafile/seadroid2/framework/worker/BackgroundJobManagerImpl.kt:119:20 Argument type mismatch: actual type is 'java.util.UUID?', but 'java.util.UUID' was expected.
e: file:///Users/HONGBGU/Documents/seadroid/app/src/main/java/com/seafile/seadroid2/framework/worker/BackgroundJobManagerImpl.kt:164:9 Return type mismatch: expected 'androidx.work.PeriodicWorkRequest', actual 'kotlin.Unit'.
e: file:///Users/HONGBGU/Documents/seadroid/app/src/main/java/com/seafile/seadroid2/framework/worker/BackgroundJobManagerImpl.kt:165:33 Argument type mismatch: actual type is 'java.lang.Class<com.seafile.seadroid2.framework.worker.periodic.FolderBackupPeriodicScanStarter>', but 'java.lang.Class<T?>' was expected.
e: file:///Users/HONGBGU/Documents/seadroid/app/src/main/java/com/seafile/seadroid2/framework/worker/BackgroundJobManagerImpl.kt:166:20 Argument type mismatch: actual type is 'java.util.UUID?', but 'java.util.UUID' was expected.
e: file:///Users/HONGBGU/Documents/seadroid/app/src/main/java/com/seafile/seadroid2/framework/worker/BackgroundJobManagerImpl.kt:195:9 Return type mismatch: expected 'androidx.work.OneTimeWorkRequest', actual 'kotlin.Unit'.
e: file:///Users/HONGBGU/Documents/seadroid/app/src/main/java/com/seafile/seadroid2/framework/worker/BackgroundJobManagerImpl.kt:196:32 Argument type mismatch: actual type is 'java.lang.Class<com.seafile.seadroid2.framework.worker.upload.MediaBackupScanWorker>', but 'java.lang.Class<T?>' was expected.
e: file:///Users/HONGBGU/Documents/seadroid/app/src/main/java/com/seafile/seadroid2/framework/worker/BackgroundJobManagerImpl.kt:199:20 Argument type mismatch: actual type is 'java.util.UUID?', but 'java.util.UUID' was expected.
e: file:///Users/HONGBGU/Documents/seadroid/app/src/main/java/com/seafile/seadroid2/framework/worker/BackgroundJobManagerImpl.kt:207:13 'val' cannot be reassigned.
e: file:///Users/HONGBGU/Documents/seadroid/app/src/main/java/com/seafile/seadroid2/framework/worker/BackgroundJobManagerImpl.kt:214:9 Return type mismatch: expected 'androidx.work.OneTimeWorkRequest', actual 'kotlin.Unit'.
e: file:///Users/HONGBGU/Documents/seadroid/app/src/main/java/com/seafile/seadroid2/framework/worker/BackgroundJobManagerImpl.kt:215:32 Argument type mismatch: actual type is 'java.lang.Class<com.seafile.seadroid2.framework.worker.upload.MediaBackupUploadWorker>', but 'java.lang.Class<T?>' was expected.
e: file:///Users/HONGBGU/Documents/seadroid/app/src/main/java/com/seafile/seadroid2/framework/worker/BackgroundJobManagerImpl.kt:217:20 Argument type mismatch: actual type is 'java.util.UUID?', but 'java.util.UUID' was expected.
e: file:///Users/HONGBGU/Documents/seadroid/app/src/main/java/com/seafile/seadroid2/framework/worker/BackgroundJobManagerImpl.kt:246:9 Return type mismatch: expected 'androidx.work.OneTimeWorkRequest', actual 'kotlin.Unit'.
e: file:///Users/HONGBGU/Documents/seadroid/app/src/main/java/com/seafile/seadroid2/framework/worker/BackgroundJobManagerImpl.kt:247:32 Argument type mismatch: actual type is 'java.lang.Class<com.seafile.seadroid2.framework.worker.upload.FolderBackupScanWorker>', but 'java.lang.Class<T?>' was expected.
e: file:///Users/HONGBGU/Documents/seadroid/app/src/main/java/com/seafile/seadroid2/framework/worker/BackgroundJobManagerImpl.kt:249:20 Argument type mismatch: actual type is 'java.util.UUID?', but 'java.util.UUID' was expected.
e: file:///Users/HONGBGU/Documents/seadroid/app/src/main/java/com/seafile/seadroid2/framework/worker/BackgroundJobManagerImpl.kt:257:13 'val' cannot be reassigned.
e: file:///Users/HONGBGU/Documents/seadroid/app/src/main/java/com/seafile/seadroid2/framework/worker/BackgroundJobManagerImpl.kt:264:9 Return type mismatch: expected 'androidx.work.OneTimeWorkRequest', actual 'kotlin.Unit'.
e: file:///Users/HONGBGU/Documents/seadroid/app/src/main/java/com/seafile/seadroid2/framework/worker/BackgroundJobManagerImpl.kt:265:32 Argument type mismatch: actual type is 'java.lang.Class<com.seafile.seadroid2.framework.worker.upload.FolderBackupUploadWorker>', but 'java.lang.Class<T?>' was expected.
e: file:///Users/HONGBGU/Documents/seadroid/app/src/main/java/com/seafile/seadroid2/framework/worker/BackgroundJobManagerImpl.kt:267:20 Argument type mismatch: actual type is 'java.util.UUID?', but 'java.util.UUID' was expected.
e: file:///Users/HONGBGU/Documents/seadroid/app/src/main/java/com/seafile/seadroid2/framework/worker/BackgroundJobManagerImpl.kt:283:36 Cannot access 'val INSTANCE: BackgroundJobManagerImpl': it is private in 'com/seafile/seadroid2/framework/worker/BackgroundJobManagerImpl.SingletonHolder'.
e: file:///Users/HONGBGU/Documents/seadroid/app/src/main/java/com/seafile/seadroid2/framework/worker/BaseWorker.kt:14:71 Only safe (?.) or non-null asserted (!!.) calls are allowed on a nullable receiver of type 'com.seafile.seadroid2.account.SupportAccountManager?'.
e: file:///Users/HONGBGU/Documents/seadroid/app/src/main/java/com/seafile/seadroid2/framework/worker/TransferWorker.kt:49:13 Only safe (?.) or non-null asserted (!!.) calls are allowed on a nullable receiver of type 'com.seafile.seadroid2.framework.http.HttpIO?'.
e: file:///Users/HONGBGU/Documents/seadroid/app/src/main/java/com/seafile/seadroid2/framework/worker/TransferWorker.kt:49:36 Argument type mismatch: actual type is 'java.lang.Class<com.seafile.seadroid2.ui.file.FileService>', but 'java.lang.Class<T?>' was expected.
e: file:///Users/HONGBGU/Documents/seadroid/app/src/main/java/com/seafile/seadroid2/framework/worker/TransferWorker.kt:50:13 Only safe (?.) or non-null asserted (!!.) calls are allowed on a nullable receiver of type 'com.seafile.seadroid2.ui.file.FileService?'.
e: file:///Users/HONGBGU/Documents/seadroid/app/src/main/java/com/seafile/seadroid2/framework/worker/TransferWorker.kt:51:13 Only safe (?.) or non-null asserted (!!.) calls are allowed on a nullable receiver of type 'retrofit2.Call<kotlin.String?>?'.
e: file:///Users/HONGBGU/Documents/seadroid/app/src/main/java/com/seafile/seadroid2/framework/worker/TransferWorker.kt:146:48 Only safe (?.) or non-null asserted (!!.) calls are allowed on a nullable receiver of type 'com.jeremyliao.liveeventbus.core.Observable<android.os.Bundle?>?'.
e: file:///Users/HONGBGU/Documents/seadroid/app/src/main/java/com/seafile/seadroid2/framework/worker/download/DownloadFileScannerWorker.kt:44:78 Only safe (?.) or non-null asserted (!!.) calls are allowed on a nullable receiver of type 'com.seafile.seadroid2.account.SupportAccountManager?'.
e: file:///Users/HONGBGU/Documents/seadroid/app/src/main/java/com/seafile/seadroid2/framework/worker/download/DownloadFileScannerWorker.kt:67:13 Initializer type mismatch: expected 'kotlin.collections.MutableList<com.seafile.seadroid2.framework.db.entities.DirentModel>?', actual 'kotlin.collections.MutableList<com.seafile.seadroid2.framework.db.entities.DirentModel?>?'.
e: file:///Users/HONGBGU/Documents/seadroid/app/src/main/java/com/seafile/seadroid2/framework/worker/download/DownloadFileScannerWorker.kt:67:48 Only safe (?.) or non-null asserted (!!.) calls are allowed on a nullable receiver of type 'com.seafile.seadroid2.framework.db.AppDatabase?'.
e: file:///Users/HONGBGU/Documents/seadroid/app/src/main/java/com/seafile/seadroid2/framework/worker/download/DownloadFileScannerWorker.kt:67:60 Only safe (?.) or non-null asserted (!!.) calls are allowed on a nullable receiver of type 'com.seafile.seadroid2.framework.db.dao.DirentDAO?'.
e: file:///Users/HONGBGU/Documents/seadroid/app/src/main/java/com/seafile/seadroid2/framework/worker/download/DownloadFileScannerWorker.kt:107:35 Assignment type mismatch: actual type is 'kotlin.Long', but 'java.lang.Long' was expected.
e: file:///Users/HONGBGU/Documents/seadroid/app/src/main/java/com/seafile/seadroid2/framework/worker/download/DownloadFileScannerWorker.kt:109:36 Only safe (?.) or non-null asserted (!!.) calls are allowed on a nullable receiver of type 'kotlin.String?'.
e: file:///Users/HONGBGU/Documents/seadroid/app/src/main/java/com/seafile/seadroid2/framework/worker/download/DownloadFileScannerWorker.kt:126:36 Assignment type mismatch: actual type is 'kotlin.Long', but 'java.lang.Long' was expected.
e: file:///Users/HONGBGU/Documents/seadroid/app/src/main/java/com/seafile/seadroid2/framework/worker/download/DownloadFileScannerWorker.kt:152:39 Assignment type mismatch: actual type is 'kotlin.Long', but 'java.lang.Long' was expected.
e: file:///Users/HONGBGU/Documents/seadroid/app/src/main/java/com/seafile/seadroid2/framework/worker/download/DownloadFileScannerWorker.kt:169:40 Assignment type mismatch: actual type is 'kotlin.Long', but 'java.lang.Long' was expected.
e: file:///Users/HONGBGU/Documents/seadroid/app/src/main/java/com/seafile/seadroid2/framework/worker/download/DownloadFileScannerWorker.kt:184:50 Only safe (?.) or non-null asserted (!!.) calls are allowed on a nullable receiver of type 'com.seafile.seadroid2.framework.http.HttpIO?'.
e: file:///Users/HONGBGU/Documents/seadroid/app/src/main/java/com/seafile/seadroid2/framework/worker/download/DownloadFileScannerWorker.kt:185:17 Argument type mismatch: actual type is 'java.lang.Class<com.seafile.seadroid2.ui.file.FileService>', but 'java.lang.Class<T?>' was expected.
e: file:///Users/HONGBGU/Documents/seadroid/app/src/main/java/com/seafile/seadroid2/framework/worker/download/DownloadFileScannerWorker.kt:186:14 Only safe (?.) or non-null asserted (!!.) calls are allowed on a nullable receiver of type 'com.seafile.seadroid2.ui.file.FileService?'.
e: file:///Users/HONGBGU/Documents/seadroid/app/src/main/java/com/seafile/seadroid2/framework/worker/download/DownloadFileScannerWorker.kt:186:82 Only safe (?.) or non-null asserted (!!.) calls are allowed on a nullable receiver of type 'retrofit2.Call<kotlin.collections.MutableList<com.seafile.seadroid2.framework.model.dirents.DirentRecursiveFileModel?>?>?'.
e: file:///Users/HONGBGU/Documents/seadroid/app/src/main/java/com/seafile/seadroid2/framework/worker/download/DownloadFileScannerWorker.kt:188:20 Return type mismatch: expected 'kotlin.collections.MutableList<com.seafile.seadroid2.framework.model.dirents.DirentRecursiveFileModel>?', actual 'kotlin.collections.MutableList<com.seafile.seadroid2.framework.model.dirents.DirentRecursiveFileModel?>'.
e: file:///Users/HONGBGU/Documents/seadroid/app/src/main/java/com/seafile/seadroid2/framework/worker/download/DownloadFileScannerWorker.kt:191:16 Return type mismatch: expected 'kotlin.collections.MutableList<com.seafile.seadroid2.framework.model.dirents.DirentRecursiveFileModel>?', actual 'kotlin.collections.MutableList<com.seafile.seadroid2.framework.model.dirents.DirentRecursiveFileModel?>?'.
e: file:///Users/HONGBGU/Documents/seadroid/app/src/main/java/com/seafile/seadroid2/framework/worker/download/DownloadWorker.kt:132:52 Unresolved reference 'parseByThrowable'.
e: file:///Users/HONGBGU/Documents/seadroid/app/src/main/java/com/seafile/seadroid2/framework/worker/download/DownloadWorker.kt:177:59 Smart cast to 'com.seafile.seadroid2.framework.worker.queue.TransferModel' is impossible, because 'currentTransferModel' is a mutable property that could be mutated concurrently.
e: file:///Users/HONGBGU/Documents/seadroid/app/src/main/java/com/seafile/seadroid2/framework/worker/download/DownloadWorker.kt:190:48 Unresolved reference 'parseByThrowable'.
e: file:///Users/HONGBGU/Documents/seadroid/app/src/main/java/com/seafile/seadroid2/framework/worker/download/DownloadWorker.kt:208:49 Argument type mismatch: actual type is 'kotlin.String?', but 'kotlin.String' was expected.
e: file:///Users/HONGBGU/Documents/seadroid/app/src/main/java/com/seafile/seadroid2/framework/worker/download/DownloadWorker.kt:248:13 Only safe (?.) or non-null asserted (!!.) calls are allowed on a nullable receiver of type 'com.seafile.seadroid2.framework.http.HttpIO?'.
e: file:///Users/HONGBGU/Documents/seadroid/app/src/main/java/com/seafile/seadroid2/framework/worker/download/DownloadWorker.kt:248:36 Argument type mismatch: actual type is 'java.lang.Class<com.seafile.seadroid2.ui.file.FileService>', but 'java.lang.Class<T?>' was expected.
e: file:///Users/HONGBGU/Documents/seadroid/app/src/main/java/com/seafile/seadroid2/framework/worker/download/DownloadWorker.kt:249:13 Only safe (?.) or non-null asserted (!!.) calls are allowed on a nullable receiver of type 'com.seafile.seadroid2.ui.file.FileService?'.
e: file:///Users/HONGBGU/Documents/seadroid/app/src/main/java/com/seafile/seadroid2/framework/worker/download/DownloadWorker.kt:254:13 Only safe (?.) or non-null asserted (!!.) calls are allowed on a nullable receiver of type 'retrofit2.Call<kotlin.String?>?'.
e: file:///Users/HONGBGU/Documents/seadroid/app/src/main/java/com/seafile/seadroid2/framework/worker/download/DownloadWorker.kt:289:42 Interface 'interface TransferProgressListener : Any' does not have constructors.
e: file:///Users/HONGBGU/Documents/seadroid/app/src/main/java/com/seafile/seadroid2/framework/worker/download/DownloadWorker.kt:295:50 Assignment type mismatch: actual type is 'kotlin.Long', but 'java.lang.Long' was expected.
e: file:///Users/HONGBGU/Documents/seadroid/app/src/main/java/com/seafile/seadroid2/framework/worker/download/DownloadWorker.kt:322:65 Only safe (?.) or non-null asserted (!!.) calls are allowed on a nullable receiver of type 'com.seafile.seadroid2.framework.http.HttpIO?'.
e: file:///Users/HONGBGU/Documents/seadroid/app/src/main/java/com/seafile/seadroid2/framework/worker/download/DownloadWorker.kt:340:63 Argument type mismatch: actual type is 'kotlin.String?', but 'kotlin.String' was expected.
e: file:///Users/HONGBGU/Documents/seadroid/app/src/main/java/com/seafile/seadroid2/framework/worker/download/DownloadWorker.kt:370:32 Assignment type mismatch: actual type is 'java.lang.Long', but 'kotlin.Long' was expected.
e: file:///Users/HONGBGU/Documents/seadroid/app/src/main/java/com/seafile/seadroid2/framework/worker/download/DownloadWorker.kt:435:51 Assignment type mismatch: actual type is 'kotlin.Long', but 'java.lang.Long' was expected.
e: file:///Users/HONGBGU/Documents/seadroid/app/src/main/java/com/seafile/seadroid2/framework/worker/download/DownloadWorker.kt:450:48 Only safe (?.) or non-null asserted (!!.) calls are allowed on a nullable receiver of type 'com.seafile.seadroid2.framework.db.AppDatabase?'.
e: file:///Users/HONGBGU/Documents/seadroid/app/src/main/java/com/seafile/seadroid2/framework/worker/download/DownloadWorker.kt:450:69 Only safe (?.) or non-null asserted (!!.) calls are allowed on a nullable receiver of type 'com.seafile.seadroid2.framework.db.dao.FileCacheStatusDAO?'.
e: file:///Users/HONGBGU/Documents/seadroid/app/src/main/java/com/seafile/seadroid2/framework/worker/download/DownloadWorker.kt:450:77 Argument type mismatch: actual type is 'com.seafile.seadroid2.framework.db.entities.FileCacheStatusEntity?', but 'com.seafile.seadroid2.framework.db.entities.FileCacheStatusEntity' was expected.
e: file:///Users/HONGBGU/Documents/seadroid/app/src/main/java/com/seafile/seadroid2/framework/worker/download/DownloadWorker.kt:478:13 Initializer type mismatch: expected 'kotlin.collections.MutableList<com.seafile.seadroid2.framework.db.entities.EncKeyCacheEntity>?', actual 'kotlin.collections.MutableList<com.seafile.seadroid2.framework.db.entities.EncKeyCacheEntity?>?'.
e: file:///Users/HONGBGU/Documents/seadroid/app/src/main/java/com/seafile/seadroid2/framework/worker/download/DownloadWorker.kt:478:48 Only safe (?.) or non-null asserted (!!.) calls are allowed on a nullable receiver of type 'com.seafile.seadroid2.framework.db.AppDatabase?'.
e: file:///Users/HONGBGU/Documents/seadroid/app/src/main/java/com/seafile/seadroid2/framework/worker/download/DownloadWorker.kt:478:65 Only safe (?.) or non-null asserted (!!.) calls are allowed on a nullable receiver of type 'com.seafile.seadroid2.framework.db.dao.EncKeyCacheDAO?'.
e: file:///Users/HONGBGU/Documents/seadroid/app/src/main/java/com/seafile/seadroid2/framework/worker/download/DownloadWorker.kt:517:13 Initializer type mismatch: expected 'retrofit2.Call<com.seafile.seadroid2.framework.model.ResultModel?>', actual 'retrofit2.Call<com.seafile.seadroid2.framework.model.ResultModel?>?'.
e: file:///Users/HONGBGU/Documents/seadroid/app/src/main/java/com/seafile/seadroid2/framework/worker/download/DownloadWorker.kt:517:50 Only safe (?.) or non-null asserted (!!.) calls are allowed on a nullable receiver of type 'com.seafile.seadroid2.framework.http.HttpIO?'.
e: file:///Users/HONGBGU/Documents/seadroid/app/src/main/java/com/seafile/seadroid2/framework/worker/download/DownloadWorker.kt:517:75 Argument type mismatch: actual type is 'java.lang.Class<com.seafile.seadroid2.ui.dialog_fragment.DialogService>', but 'java.lang.Class<T?>' was expected.
e: file:///Users/HONGBGU/Documents/seadroid/app/src/main/java/com/seafile/seadroid2/framework/worker/download/DownloadWorker.kt:518:17 Only safe (?.) or non-null asserted (!!.) calls are allowed on a nullable receiver of type 'com.seafile.seadroid2.ui.dialog_fragment.DialogService?'.
e: file:///Users/HONGBGU/Documents/seadroid/app/src/main/java/com/seafile/seadroid2/framework/worker/download/DownloadWorker.kt:530:67 Null cannot be a value of a non-null type 'kotlin.String'.
e: file:///Users/HONGBGU/Documents/seadroid/app/src/main/java/com/seafile/seadroid2/framework/worker/download/DownloadWorker.kt:541:55 Argument type mismatch: actual type is 'kotlin.String?', but 'kotlin.String' was expected.
e: file:///Users/HONGBGU/Documents/seadroid/app/src/main/java/com/seafile/seadroid2/framework/worker/download/DownloadWorker.kt:549:48 Only safe (?.) or non-null asserted (!!.) calls are allowed on a nullable receiver of type 'com.seafile.seadroid2.framework.db.AppDatabase?'.
e: file:///Users/HONGBGU/Documents/seadroid/app/src/main/java/com/seafile/seadroid2/framework/worker/download/DownloadWorker.kt:549:65 Only safe (?.) or non-null asserted (!!.) calls are allowed on a nullable receiver of type 'com.seafile.seadroid2.framework.db.dao.EncKeyCacheDAO?'.
e: file:///Users/HONGBGU/Documents/seadroid/app/src/main/java/com/seafile/seadroid2/framework/worker/periodic/AlbumBackupPeriodicScanStarter.kt:32:78 Only safe (?.) or non-null asserted (!!.) calls are allowed on a nullable receiver of type 'com.seafile.seadroid2.account.SupportAccountManager?'.
e: file:///Users/HONGBGU/Documents/seadroid/app/src/main/java/com/seafile/seadroid2/framework/worker/periodic/AlbumBackupPeriodicScanStarter.kt:121:61 Only safe (?.) or non-null asserted (!!.) calls are allowed on a nullable receiver of type 'com.seafile.seadroid2.framework.service.BackupThreadExecutor?'.
e: file:///Users/HONGBGU/Documents/seadroid/app/src/main/java/com/seafile/seadroid2/framework/worker/periodic/FolderBackupPeriodicScanStarter.kt:33:78 Only safe (?.) or non-null asserted (!!.) calls are allowed on a nullable receiver of type 'com.seafile.seadroid2.account.SupportAccountManager?'.
e: file:///Users/HONGBGU/Documents/seadroid/app/src/main/java/com/seafile/seadroid2/framework/worker/periodic/FolderBackupPeriodicScanStarter.kt:131:61 Only safe (?.) or non-null asserted (!!.) calls are allowed on a nullable receiver of type 'com.seafile.seadroid2.framework.service.BackupThreadExecutor?'.
e: file:///Users/HONGBGU/Documents/seadroid/app/src/main/java/com/seafile/seadroid2/framework/worker/queue/TransferModel.kt:21:1 Class 'TransferModel' is not abstract and does not implement abstract member 'compareTo'.
e: file:///Users/HONGBGU/Documents/seadroid/app/src/main/java/com/seafile/seadroid2/framework/worker/queue/TransferModel.kt:50:28 Initializer type mismatch: expected 'java.lang.Long', actual 'kotlin.Int'.
e: file:///Users/HONGBGU/Documents/seadroid/app/src/main/java/com/seafile/seadroid2/framework/worker/queue/TransferModel.kt:57:27 Initializer type mismatch: expected 'java.lang.Long', actual 'kotlin.Int'.
e: file:///Users/HONGBGU/Documents/seadroid/app/src/main/java/com/seafile/seadroid2/framework/worker/queue/TransferModel.kt:58:34 Initializer type mismatch: expected 'java.lang.Long', actual 'kotlin.Int'.
e: file:///Users/HONGBGU/Documents/seadroid/app/src/main/java/com/seafile/seadroid2/framework/worker/queue/TransferModel.kt:101:5 'compareTo' overrides nothing.
e: file:///Users/HONGBGU/Documents/seadroid/app/src/main/java/com/seafile/seadroid2/framework/worker/queue/TransferModel.kt:109:29 Argument type mismatch: actual type is 'java.lang.Long', but 'kotlin.Long' was expected.
e: file:///Users/HONGBGU/Documents/seadroid/app/src/main/java/com/seafile/seadroid2/framework/worker/queue/TransferModel.kt:109:43 Argument type mismatch: actual type is 'java.lang.Long', but 'kotlin.Long' was expected.
e: file:///Users/HONGBGU/Documents/seadroid/app/src/main/java/com/seafile/seadroid2/framework/worker/queue/TransferModel.kt:120:33 Assignment type mismatch: actual type is 'kotlin.Long', but 'java.lang.Long' was expected.
e: file:///Users/HONGBGU/Documents/seadroid/app/src/main/java/com/seafile/seadroid2/framework/worker/queue/TransferModel.kt:127:32 Assignment type mismatch: actual type is 'kotlin.Long', but 'java.lang.Long' was expected.
e: file:///Users/HONGBGU/Documents/seadroid/app/src/main/java/com/seafile/seadroid2/framework/worker/queue/TransferModel.kt:128:39 Assignment type mismatch: actual type is 'kotlin.Int', but 'java.lang.Long' was expected.
e: file:///Users/HONGBGU/Documents/seadroid/app/src/main/java/com/seafile/seadroid2/framework/worker/queue/TransferModel.kt:138:33 Assignment type mismatch: actual type is 'kotlin.Long', but 'java.lang.Long' was expected.
e: file:///Users/HONGBGU/Documents/seadroid/app/src/main/java/com/seafile/seadroid2/framework/worker/queue/TransferModel.kt:146:32 Assignment type mismatch: actual type is 'kotlin.Long', but 'java.lang.Long' was expected.
e: file:///Users/HONGBGU/Documents/seadroid/app/src/main/java/com/seafile/seadroid2/framework/worker/queue/TransferModel.kt:147:39 Assignment type mismatch: actual type is 'kotlin.Int', but 'java.lang.Long' was expected.
e: file:///Users/HONGBGU/Documents/seadroid/app/src/main/java/com/seafile/seadroid2/framework/worker/queue/TransferQueue.kt:114:34 Class '<anonymous>' is not abstract and does not implement abstract member 'apply'.
e: file:///Users/HONGBGU/Documents/seadroid/app/src/main/java/com/seafile/seadroid2/framework/worker/queue/TransferQueue.kt:115:17 'apply' overrides nothing.
e: file:///Users/HONGBGU/Documents/seadroid/app/src/main/java/com/seafile/seadroid2/framework/worker/queue/TransferQueue.kt:140:30 Argument type mismatch: actual type is 'kotlin.String?', but 'kotlin.String' was expected.
e: file:///Users/HONGBGU/Documents/seadroid/app/src/main/java/com/seafile/seadroid2/framework/worker/queue/TransferQueue.kt:267:30 Argument type mismatch: actual type is 'kotlin.String?', but 'kotlin.String' was expected.
e: file:///Users/HONGBGU/Documents/seadroid/app/src/main/java/com/seafile/seadroid2/framework/worker/queue/TransferQueue.kt:305:30 Argument type mismatch: actual type is 'kotlin.String?', but 'kotlin.String' was expected.
e: file:///Users/HONGBGU/Documents/seadroid/app/src/main/java/com/seafile/seadroid2/framework/worker/reupoad/DownloadedFileMonitorWorker.kt:56:37 Return type of 'getNotification' is not a subtype of the return type of the overridden member 'fun getNotification(): BaseTransferNotificationHelper'.
e: file:///Users/HONGBGU/Documents/seadroid/app/src/main/java/com/seafile/seadroid2/framework/worker/reupoad/DownloadedFileMonitorWorker.kt:81:78 Only safe (?.) or non-null asserted (!!.) calls are allowed on a nullable receiver of type 'com.seafile.seadroid2.account.SupportAccountManager?'.
e: file:///Users/HONGBGU/Documents/seadroid/app/src/main/java/com/seafile/seadroid2/framework/worker/reupoad/DownloadedFileMonitorWorker.kt:117:21 Only safe (?.) or non-null asserted (!!.) calls are allowed on a nullable receiver of type 'com.seafile.seadroid2.framework.db.AppDatabase?'.
e: file:///Users/HONGBGU/Documents/seadroid/app/src/main/java/com/seafile/seadroid2/framework/worker/reupoad/DownloadedFileMonitorWorker.kt:118:21 Only safe (?.) or non-null asserted (!!.) calls are allowed on a nullable receiver of type 'com.seafile.seadroid2.framework.db.dao.FileCacheStatusDAO?'.
e: file:///Users/HONGBGU/Documents/seadroid/app/src/main/java/com/seafile/seadroid2/framework/worker/reupoad/DownloadedFileMonitorWorker.kt:139:56 Unresolved reference 'parseByThrowable'.
e: file:///Users/HONGBGU/Documents/seadroid/app/src/main/java/com/seafile/seadroid2/framework/worker/reupoad/DownloadedFileMonitorWorker.kt:221:36 Assignment type mismatch: actual type is 'kotlin.Long', but 'java.lang.Long' was expected.
e: file:///Users/HONGBGU/Documents/seadroid/app/src/main/java/com/seafile/seadroid2/framework/worker/reupoad/DownloadedFileMonitorWorker.kt:230:35 Assignment type mismatch: actual type is 'kotlin.Long', but 'java.lang.Long' was expected.
e: file:///Users/HONGBGU/Documents/seadroid/app/src/main/java/com/seafile/seadroid2/framework/worker/reupoad/DownloadedFileMonitorWorker.kt:244:13 Initializer type mismatch: expected 'retrofit2.Call<com.seafile.seadroid2.framework.model.dirents.DirentFileModel?>', actual 'retrofit2.Call<com.seafile.seadroid2.framework.model.dirents.DirentFileModel?>?'.
e: file:///Users/HONGBGU/Documents/seadroid/app/src/main/java/com/seafile/seadroid2/framework/worker/reupoad/DownloadedFileMonitorWorker.kt:244:50 Only safe (?.) or non-null asserted (!!.) calls are allowed on a nullable receiver of type 'com.seafile.seadroid2.framework.http.HttpIO?'.
e: file:///Users/HONGBGU/Documents/seadroid/app/src/main/java/com/seafile/seadroid2/framework/worker/reupoad/DownloadedFileMonitorWorker.kt:244:73 Argument type mismatch: actual type is 'java.lang.Class<com.seafile.seadroid2.ui.file.FileService>', but 'java.lang.Class<T?>' was expected.
e: file:///Users/HONGBGU/Documents/seadroid/app/src/main/java/com/seafile/seadroid2/framework/worker/reupoad/DownloadedFileMonitorWorker.kt:245:17 Only safe (?.) or non-null asserted (!!.) calls are allowed on a nullable receiver of type 'com.seafile.seadroid2.ui.file.FileService?'.
e: file:///Users/HONGBGU/Documents/seadroid/app/src/main/java/com/seafile/seadroid2/framework/worker/upload/BaseUploadWorker.kt:58:62 Class '<anonymous>' is not abstract and does not implement abstract member 'onProgressNotify'.
e: file:///Users/HONGBGU/Documents/seadroid/app/src/main/java/com/seafile/seadroid2/framework/worker/upload/BaseUploadWorker.kt:59:9 'onProgressNotify' overrides nothing.
e: file:///Users/HONGBGU/Documents/seadroid/app/src/main/java/com/seafile/seadroid2/framework/worker/upload/BaseUploadWorker.kt:71:46 Assignment type mismatch: actual type is 'kotlin.Long', but 'java.lang.Long' was expected.
e: file:///Users/HONGBGU/Documents/seadroid/app/src/main/java/com/seafile/seadroid2/framework/worker/upload/BaseUploadWorker.kt:76:31 Argument type mismatch: actual type is 'com.seafile.seadroid2.enums.FeatureDataSource?', but 'com.seafile.seadroid2.enums.FeatureDataSource' was expected.
e: file:///Users/HONGBGU/Documents/seadroid/app/src/main/java/com/seafile/seadroid2/framework/worker/upload/BaseUploadWorker.kt:94:63 Only safe (?.) or non-null asserted (!!.) calls are allowed on a nullable receiver of type 'com.seafile.seadroid2.framework.http.HttpIO?'.
e: file:///Users/HONGBGU/Documents/seadroid/app/src/main/java/com/seafile/seadroid2/framework/worker/upload/BaseUploadWorker.kt:102:63 Only safe (?.) or non-null asserted (!!.) calls are allowed on a nullable receiver of type 'com.seafile.seadroid2.framework.http.HttpIO?'.
e: file:///Users/HONGBGU/Documents/seadroid/app/src/main/java/com/seafile/seadroid2/framework/worker/upload/BaseUploadWorker.kt:146:63 Null cannot be a value of a non-null type 'com.seafile.seadroid2.listener.FileTransferProgressListener.TransferProgressListener'.
e: file:///Users/HONGBGU/Documents/seadroid/app/src/main/java/com/seafile/seadroid2/framework/worker/upload/BaseUploadWorker.kt:173:39 Argument type mismatch: actual type is 'com.seafile.seadroid2.enums.FeatureDataSource?', but 'com.seafile.seadroid2.enums.FeatureDataSource' was expected.
e: file:///Users/HONGBGU/Documents/seadroid/app/src/main/java/com/seafile/seadroid2/framework/worker/upload/BaseUploadWorker.kt:173:63 Argument type mismatch: actual type is 'com.seafile.seadroid2.framework.worker.queue.TransferModel?', but 'com.seafile.seadroid2.framework.worker.queue.TransferModel' was expected.
e: file:///Users/HONGBGU/Documents/seadroid/app/src/main/java/com/seafile/seadroid2/framework/worker/upload/BaseUploadWorker.kt:179:39 Argument type mismatch: actual type is 'com.seafile.seadroid2.enums.FeatureDataSource?', but 'com.seafile.seadroid2.enums.FeatureDataSource' was expected.
e: file:///Users/HONGBGU/Documents/seadroid/app/src/main/java/com/seafile/seadroid2/framework/worker/upload/BaseUploadWorker.kt:179:63 Argument type mismatch: actual type is 'com.seafile.seadroid2.framework.worker.queue.TransferModel?', but 'com.seafile.seadroid2.framework.worker.queue.TransferModel' was expected.
e: file:///Users/HONGBGU/Documents/seadroid/app/src/main/java/com/seafile/seadroid2/framework/worker/upload/BaseUploadWorker.kt:228:27 Argument type mismatch: actual type is 'com.seafile.seadroid2.enums.FeatureDataSource?', but 'com.seafile.seadroid2.enums.FeatureDataSource' was expected.
e: file:///Users/HONGBGU/Documents/seadroid/app/src/main/java/com/seafile/seadroid2/framework/worker/upload/BaseUploadWorker.kt:228:51 Smart cast to 'com.seafile.seadroid2.framework.worker.queue.TransferModel' is impossible, because 'currentTransferModel' is a mutable property that could be mutated concurrently.
e: file:///Users/HONGBGU/Documents/seadroid/app/src/main/java/com/seafile/seadroid2/framework/worker/upload/BaseUploadWorker.kt:238:51 Assignment type mismatch: actual type is 'kotlin.Int', but 'java.lang.Long' was expected.
e: file:///Users/HONGBGU/Documents/seadroid/app/src/main/java/com/seafile/seadroid2/framework/worker/upload/BaseUploadWorker.kt:244:45 Only safe (?.) or non-null asserted (!!.) calls are allowed on a nullable receiver of type 'kotlin.String?'.
e: file:///Users/HONGBGU/Documents/seadroid/app/src/main/java/com/seafile/seadroid2/framework/worker/upload/BaseUploadWorker.kt:251:48 Assignment type mismatch: actual type is 'kotlin.Long', but 'java.lang.Long' was expected.
e: file:///Users/HONGBGU/Documents/seadroid/app/src/main/java/com/seafile/seadroid2/framework/worker/upload/BaseUploadWorker.kt:259:17 Argument type mismatch: actual type is 'java.lang.Long', but 'kotlin.Long' was expected.
e: file:///Users/HONGBGU/Documents/seadroid/app/src/main/java/com/seafile/seadroid2/framework/worker/upload/BaseUploadWorker.kt:343:67 Null cannot be a value of a non-null type 'kotlin.String'.
e: file:///Users/HONGBGU/Documents/seadroid/app/src/main/java/com/seafile/seadroid2/framework/worker/upload/BaseUploadWorker.kt:376:23 Assignment type mismatch: actual type is 'retrofit2.Response<kotlin.String?>!', but 'retrofit2.Response<kotlin.String>?' was expected.
e: file:///Users/HONGBGU/Documents/seadroid/app/src/main/java/com/seafile/seadroid2/framework/worker/upload/BaseUploadWorker.kt:377:21 Only safe (?.) or non-null asserted (!!.) calls are allowed on a nullable receiver of type 'com.seafile.seadroid2.framework.http.HttpIO?'.
e: file:///Users/HONGBGU/Documents/seadroid/app/src/main/java/com/seafile/seadroid2/framework/worker/upload/BaseUploadWorker.kt:377:44 Argument type mismatch: actual type is 'java.lang.Class<com.seafile.seadroid2.ui.file.FileService>', but 'java.lang.Class<T?>' was expected.
e: file:///Users/HONGBGU/Documents/seadroid/app/src/main/java/com/seafile/seadroid2/framework/worker/upload/BaseUploadWorker.kt:378:21 Only safe (?.) or non-null asserted (!!.) calls are allowed on a nullable receiver of type 'com.seafile.seadroid2.ui.file.FileService?'.
e: file:///Users/HONGBGU/Documents/seadroid/app/src/main/java/com/seafile/seadroid2/framework/worker/upload/BaseUploadWorker.kt:379:21 Only safe (?.) or non-null asserted (!!.) calls are allowed on a nullable receiver of type 'retrofit2.Call<kotlin.String?>?'.
e: file:///Users/HONGBGU/Documents/seadroid/app/src/main/java/com/seafile/seadroid2/framework/worker/upload/BaseUploadWorker.kt:381:23 Assignment type mismatch: actual type is 'retrofit2.Response<kotlin.String?>!', but 'retrofit2.Response<kotlin.String>?' was expected.
e: file:///Users/HONGBGU/Documents/seadroid/app/src/main/java/com/seafile/seadroid2/framework/worker/upload/BaseUploadWorker.kt:382:21 Only safe (?.) or non-null asserted (!!.) calls are allowed on a nullable receiver of type 'com.seafile.seadroid2.framework.http.HttpIO?'.
e: file:///Users/HONGBGU/Documents/seadroid/app/src/main/java/com/seafile/seadroid2/framework/worker/upload/BaseUploadWorker.kt:382:44 Argument type mismatch: actual type is 'java.lang.Class<com.seafile.seadroid2.ui.file.FileService>', but 'java.lang.Class<T?>' was expected.
e: file:///Users/HONGBGU/Documents/seadroid/app/src/main/java/com/seafile/seadroid2/framework/worker/upload/BaseUploadWorker.kt:383:21 Only safe (?.) or non-null asserted (!!.) calls are allowed on a nullable receiver of type 'com.seafile.seadroid2.ui.file.FileService?'.
e: file:///Users/HONGBGU/Documents/seadroid/app/src/main/java/com/seafile/seadroid2/framework/worker/upload/BaseUploadWorker.kt:384:21 Only safe (?.) or non-null asserted (!!.) calls are allowed on a nullable receiver of type 'retrofit2.Call<kotlin.String?>?'.
e: file:///Users/HONGBGU/Documents/seadroid/app/src/main/java/com/seafile/seadroid2/framework/worker/upload/BaseUploadWorker.kt:401:69 Null cannot be a value of a non-null type 'kotlin.String'.
e: file:///Users/HONGBGU/Documents/seadroid/app/src/main/java/com/seafile/seadroid2/framework/worker/upload/BaseUploadWorker.kt:415:51 Assignment type mismatch: actual type is 'kotlin.Long', but 'java.lang.Long' was expected.
e: file:///Users/HONGBGU/Documents/seadroid/app/src/main/java/com/seafile/seadroid2/framework/worker/upload/BaseUploadWorker.kt:430:21 Initializer type mismatch: expected 'com.seafile.seadroid2.framework.db.entities.FileCacheStatusEntity', actual 'com.seafile.seadroid2.framework.db.entities.FileCacheStatusEntity?'.
e: file:///Users/HONGBGU/Documents/seadroid/app/src/main/java/com/seafile/seadroid2/framework/worker/upload/BaseUploadWorker.kt:430:21 Type mismatch: inferred type is 'com.seafile.seadroid2.framework.db.entities.FileCacheStatusEntity?', but 'com.seafile.seadroid2.framework.db.entities.FileCacheStatusEntity' was expected.
e: file:///Users/HONGBGU/Documents/seadroid/app/src/main/java/com/seafile/seadroid2/framework/worker/upload/BaseUploadWorker.kt:431:52 Only safe (?.) or non-null asserted (!!.) calls are allowed on a nullable receiver of type 'com.seafile.seadroid2.framework.db.AppDatabase?'.
e: file:///Users/HONGBGU/Documents/seadroid/app/src/main/java/com/seafile/seadroid2/framework/worker/upload/BaseUploadWorker.kt:431:73 Only safe (?.) or non-null asserted (!!.) calls are allowed on a nullable receiver of type 'com.seafile.seadroid2.framework.db.dao.FileCacheStatusDAO?'.
e: file:///Users/HONGBGU/Documents/seadroid/app/src/main/java/com/seafile/seadroid2/framework/worker/upload/BaseUploadWorker.kt:434:52 Only safe (?.) or non-null asserted (!!.) calls are allowed on a nullable receiver of type 'com.seafile.seadroid2.framework.db.AppDatabase?'.
e: file:///Users/HONGBGU/Documents/seadroid/app/src/main/java/com/seafile/seadroid2/framework/worker/upload/BaseUploadWorker.kt:435:21 Only safe (?.) or non-null asserted (!!.) calls are allowed on a nullable receiver of type 'com.seafile.seadroid2.framework.db.dao.DirentDAO?'.
e: file:///Users/HONGBGU/Documents/seadroid/app/src/main/java/com/seafile/seadroid2/framework/worker/upload/BaseUploadWorker.kt:442:52 Only safe (?.) or non-null asserted (!!.) calls are allowed on a nullable receiver of type 'com.seafile.seadroid2.framework.db.AppDatabase?'.
e: file:///Users/HONGBGU/Documents/seadroid/app/src/main/java/com/seafile/seadroid2/framework/worker/upload/BaseUploadWorker.kt:442:70 Only safe (?.) or non-null asserted (!!.) calls are allowed on a nullable receiver of type 'com.seafile.seadroid2.framework.db.dao.FileTransferDAO?'.
e: file:///Users/HONGBGU/Documents/seadroid/app/src/main/java/com/seafile/seadroid2/framework/worker/upload/BaseUploadWorker.kt:442:78 Argument type mismatch: actual type is 'com.seafile.seadroid2.framework.db.entities.FileBackupStatusEntity?', but 'com.seafile.seadroid2.framework.db.entities.FileBackupStatusEntity' was expected.
e: file:///Users/HONGBGU/Documents/seadroid/app/src/main/java/com/seafile/seadroid2/framework/worker/upload/FileUploadWorker.kt:93:25 Only safe (?.) or non-null asserted (!!.) calls are allowed on a nullable receiver of type 'com.seafile.seadroid2.account.SupportAccountManager?'.
e: file:///Users/HONGBGU/Documents/seadroid/app/src/main/java/com/seafile/seadroid2/framework/worker/upload/FileUploadWorker.kt:100:56 Unresolved reference 'parseByThrowable'.
e: file:///Users/HONGBGU/Documents/seadroid/app/src/main/java/com/seafile/seadroid2/framework/worker/upload/FolderBackupScanWorker.kt:64:78 Only safe (?.) or non-null asserted (!!.) calls are allowed on a nullable receiver of type 'com.seafile.seadroid2.account.SupportAccountManager?'.
e: file:///Users/HONGBGU/Documents/seadroid/app/src/main/java/com/seafile/seadroid2/framework/worker/upload/FolderBackupUploadWorker.kt:77:78 Only safe (?.) or non-null asserted (!!.) calls are allowed on a nullable receiver of type 'com.seafile.seadroid2.account.SupportAccountManager?'.
e: file:///Users/HONGBGU/Documents/seadroid/app/src/main/java/com/seafile/seadroid2/framework/worker/upload/MediaBackupScanWorker.kt:65:78 Only safe (?.) or non-null asserted (!!.) calls are allowed on a nullable receiver of type 'com.seafile.seadroid2.account.SupportAccountManager?'.
e: file:///Users/HONGBGU/Documents/seadroid/app/src/main/java/com/seafile/seadroid2/framework/worker/upload/MediaBackupUploadWorker.kt:66:78 Only safe (?.) or non-null asserted (!!.) calls are allowed on a nullable receiver of type 'com.seafile.seadroid2.account.SupportAccountManager?'.
e: file:///Users/HONGBGU/Documents/seadroid/app/src/main/java/com/seafile/seadroid2/listener/FileTransferProgressListener.kt:39:44 Assignment type mismatch: actual type is 'kotlin.Long', but 'java.lang.Long' was expected.
e: file:///Users/HONGBGU/Documents/seadroid/app/src/main/java/com/seafile/seadroid2/preferences/RenameSharePreferenceFragmentCompat.kt:11:13 Argument type mismatch: actual type is 'android.content.Context?', but 'android.content.Context' was expected.
e: file:///Users/HONGBGU/Documents/seadroid/app/src/main/java/com/seafile/seadroid2/preferences/Settings.kt:28:33 Type argument is not within its bounds: should be subtype of 'kotlin.Enum<com.seafile.seadroid2.enums.FileViewType?>?'.
e: file:///Users/HONGBGU/Documents/seadroid/app/src/main/java/com/seafile/seadroid2/preferences/Settings.kt:29:17 Argument type mismatch: actual type is 'java.lang.Class<com.seafile.seadroid2.enums.FileViewType>', but 'java.lang.Class<E?>' was expected.
e: file:///Users/HONGBGU/Documents/seadroid/app/src/main/java/com/seafile/seadroid2/preferences/Settings.kt:30:17 Argument type mismatch: actual type is 'kotlin.Int', but 'kotlin.Int' was expected.
e: file:///Users/HONGBGU/Documents/seadroid/app/src/main/java/com/seafile/seadroid2/preferences/Settings.kt:31:17 Argument type mismatch: actual type is 'kotlin.Int', but 'kotlin.Int' was expected.
e: file:///Users/HONGBGU/Documents/seadroid/app/src/main/java/com/seafile/seadroid2/preferences/Settings.kt:33:80 Type argument is not within its bounds: should be subtype of 'kotlin.Enum<com.seafile.seadroid2.enums.SortBy?>?'.
e: file:///Users/HONGBGU/Documents/seadroid/app/src/main/java/com/seafile/seadroid2/preferences/Settings.kt:34:13 Argument type mismatch: actual type is 'java.lang.Class<com.seafile.seadroid2.enums.SortBy>', but 'java.lang.Class<E?>' was expected.
e: file:///Users/HONGBGU/Documents/seadroid/app/src/main/java/com/seafile/seadroid2/preferences/Settings.kt:35:13 Argument type mismatch: actual type is 'kotlin.Int', but 'kotlin.Int' was expected.
e: file:///Users/HONGBGU/Documents/seadroid/app/src/main/java/com/seafile/seadroid2/preferences/Settings.kt:36:13 Argument type mismatch: actual type is 'kotlin.Int', but 'kotlin.Int' was expected.
e: file:///Users/HONGBGU/Documents/seadroid/app/src/main/java/com/seafile/seadroid2/preferences/Settings.kt:114:20 Return type mismatch: expected 'android.content.SharedPreferences', actual 'android.content.SharedPreferences?'.
e: file:///Users/HONGBGU/Documents/seadroid/app/src/main/java/com/seafile/seadroid2/preferences/Settings.kt:118:20 Return type mismatch: expected 'android.content.SharedPreferences', actual 'android.content.SharedPreferences?'.
e: file:///Users/HONGBGU/Documents/seadroid/app/src/main/java/com/seafile/seadroid2/preferences/Settings.kt:126:62 Only safe (?.) or non-null asserted (!!.) calls are allowed on a nullable receiver of type 'com.seafile.seadroid2.account.SupportAccountManager?'.
e: file:///Users/HONGBGU/Documents/seadroid/app/src/main/java/com/seafile/seadroid2/preferences/Settings.kt:150:13 Unresolved reference 'USER_INFO'.
e: file:///Users/HONGBGU/Documents/seadroid/app/src/main/java/com/seafile/seadroid2/preferences/Settings.kt:165:46 Type argument is not within its bounds: should be subtype of 'kotlin.Enum<com.seafile.seadroid2.enums.NightMode?>?'.
e: file:///Users/HONGBGU/Documents/seadroid/app/src/main/java/com/seafile/seadroid2/preferences/Settings.kt:166:17 Argument type mismatch: actual type is 'java.lang.Class<com.seafile.seadroid2.enums.NightMode>', but 'java.lang.Class<E?>' was expected.
e: file:///Users/HONGBGU/Documents/seadroid/app/src/main/java/com/seafile/seadroid2/preferences/Settings.kt:167:17 Argument type mismatch: actual type is 'kotlin.String', but 'kotlin.String?' was expected.
e: file:///Users/HONGBGU/Documents/seadroid/app/src/main/java/com/seafile/seadroid2/preferences/Settings.kt:168:17 Argument type mismatch: actual type is 'kotlin.Int', but 'kotlin.Int' was expected.
e: file:///Users/HONGBGU/Documents/seadroid/app/src/main/java/com/seafile/seadroid2/preferences/Settings.kt:169:17 Argument type mismatch: actual type is 'kotlin.Int', but 'kotlin.Int' was expected.
e: file:///Users/HONGBGU/Documents/seadroid/app/src/main/java/com/seafile/seadroid2/preferences/Settings.kt:242:62 Type argument is not within its bounds: should be subtype of 'kotlin.Enum<com.seafile.seadroid2.enums.NetworkMode?>?'.
e: file:///Users/HONGBGU/Documents/seadroid/app/src/main/java/com/seafile/seadroid2/preferences/Settings.kt:243:17 Argument type mismatch: actual type is 'java.lang.Class<com.seafile.seadroid2.enums.NetworkMode>', but 'java.lang.Class<E?>' was expected.
e: file:///Users/HONGBGU/Documents/seadroid/app/src/main/java/com/seafile/seadroid2/preferences/Settings.kt:244:17 Argument type mismatch: actual type is 'kotlin.String', but 'kotlin.String?' was expected.
e: file:///Users/HONGBGU/Documents/seadroid/app/src/main/java/com/seafile/seadroid2/preferences/Settings.kt:245:17 Argument type mismatch: actual type is 'kotlin.Int', but 'kotlin.Int' was expected.
e: file:///Users/HONGBGU/Documents/seadroid/app/src/main/java/com/seafile/seadroid2/preferences/Settings.kt:246:17 Argument type mismatch: actual type is 'kotlin.Int', but 'kotlin.Int' was expected.
e: file:///Users/HONGBGU/Documents/seadroid/app/src/main/java/com/seafile/seadroid2/preferences/Settings.kt:269:31 Unresolved reference 'USER_INFO'.
e: file:///Users/HONGBGU/Documents/seadroid/app/src/main/java/com/seafile/seadroid2/preferences/livedata/BooleanSettingLiveData.kt:10:1 Class 'BooleanSettingLiveData' is not abstract and does not implement abstract base class member 'getValue'.
e: file:///Users/HONGBGU/Documents/seadroid/app/src/main/java/com/seafile/seadroid2/preferences/livedata/BooleanSettingLiveData.kt:31:5 'getValue' overrides nothing.
e: file:///Users/HONGBGU/Documents/seadroid/app/src/main/java/com/seafile/seadroid2/preferences/livedata/BooleanSettingLiveData.kt:39:5 'putValue' overrides nothing.
e: file:///Users/HONGBGU/Documents/seadroid/app/src/main/java/com/seafile/seadroid2/preferences/livedata/EnumSettingLiveData.kt:9:1 Class 'EnumSettingLiveData' is not abstract and does not implement abstract base class member 'getValue'.
e: file:///Users/HONGBGU/Documents/seadroid/app/src/main/java/com/seafile/seadroid2/preferences/livedata/EnumSettingLiveData.kt:9:36 Type argument is not within its bounds: should be subtype of 'kotlin.Enum<E?>'.
e: file:///Users/HONGBGU/Documents/seadroid/app/src/main/java/com/seafile/seadroid2/preferences/livedata/EnumSettingLiveData.kt:38:5 'getValue' overrides nothing.
e: file:///Users/HONGBGU/Documents/seadroid/app/src/main/java/com/seafile/seadroid2/preferences/livedata/EnumSettingLiveData.kt:62:5 'putValue' overrides nothing.
e: file:///Users/HONGBGU/Documents/seadroid/app/src/main/java/com/seafile/seadroid2/preferences/livedata/FloatSettingLiveData.kt:10:1 Class 'FloatSettingLiveData' is not abstract and does not implement abstract base class member 'getValue'.
e: file:///Users/HONGBGU/Documents/seadroid/app/src/main/java/com/seafile/seadroid2/preferences/livedata/FloatSettingLiveData.kt:37:5 'getValue' overrides nothing.
e: file:///Users/HONGBGU/Documents/seadroid/app/src/main/java/com/seafile/seadroid2/preferences/livedata/FloatSettingLiveData.kt:45:5 'putValue' overrides nothing.
e: file:///Users/HONGBGU/Documents/seadroid/app/src/main/java/com/seafile/seadroid2/preferences/livedata/IntegerSettingLiveData.kt:9:1 Class 'IntegerSettingLiveData' is not abstract and does not implement abstract base class member 'getValue'.
e: file:///Users/HONGBGU/Documents/seadroid/app/src/main/java/com/seafile/seadroid2/preferences/livedata/IntegerSettingLiveData.kt:28:5 'getValue' overrides nothing.
e: file:///Users/HONGBGU/Documents/seadroid/app/src/main/java/com/seafile/seadroid2/preferences/livedata/IntegerSettingLiveData.kt:36:5 'putValue' overrides nothing.
e: file:///Users/HONGBGU/Documents/seadroid/app/src/main/java/com/seafile/seadroid2/preferences/livedata/LongSettingLiveData.kt:8:1 Class 'LongSettingLiveData' is not abstract and does not implement abstract base class member 'getValue'.
e: file:///Users/HONGBGU/Documents/seadroid/app/src/main/java/com/seafile/seadroid2/preferences/livedata/LongSettingLiveData.kt:35:5 'getValue' overrides nothing.
e: file:///Users/HONGBGU/Documents/seadroid/app/src/main/java/com/seafile/seadroid2/preferences/livedata/LongSettingLiveData.kt:43:5 'putValue' overrides nothing.
e: file:///Users/HONGBGU/Documents/seadroid/app/src/main/java/com/seafile/seadroid2/preferences/livedata/ParcelValueSettingLiveData.kt:12:1 Class 'ParcelValueSettingLiveData' is not abstract and does not implement abstract base class member 'getValue'.
e: file:///Users/HONGBGU/Documents/seadroid/app/src/main/java/com/seafile/seadroid2/preferences/livedata/ParcelValueSettingLiveData.kt:35:5 'getValue' overrides nothing.
e: file:///Users/HONGBGU/Documents/seadroid/app/src/main/java/com/seafile/seadroid2/preferences/livedata/ParcelValueSettingLiveData.kt:62:5 'putValue' overrides nothing.
e: file:///Users/HONGBGU/Documents/seadroid/app/src/main/java/com/seafile/seadroid2/preferences/livedata/ResourceIdSettingLiveData.kt:12:1 Class 'ResourceIdSettingLiveData' is not abstract and does not implement abstract base class member 'getValue'.
e: file:///Users/HONGBGU/Documents/seadroid/app/src/main/java/com/seafile/seadroid2/preferences/livedata/ResourceIdSettingLiveData.kt:39:5 'getValue' overrides nothing.
e: file:///Users/HONGBGU/Documents/seadroid/app/src/main/java/com/seafile/seadroid2/preferences/livedata/ResourceIdSettingLiveData.kt:57:5 'putValue' overrides nothing.
e: file:///Users/HONGBGU/Documents/seadroid/app/src/main/java/com/seafile/seadroid2/preferences/livedata/StringSetSettingLiveData.kt:12:1 Class 'StringSetSettingLiveData' is not abstract and does not implement abstract base class member 'getValue'.
e: file:///Users/HONGBGU/Documents/seadroid/app/src/main/java/com/seafile/seadroid2/preferences/livedata/StringSetSettingLiveData.kt:40:5 'getValue' overrides nothing.
e: file:///Users/HONGBGU/Documents/seadroid/app/src/main/java/com/seafile/seadroid2/preferences/livedata/StringSetSettingLiveData.kt:48:5 'putValue' overrides nothing.
e: file:///Users/HONGBGU/Documents/seadroid/app/src/main/java/com/seafile/seadroid2/preferences/livedata/StringSettingLiveData.kt:9:1 Class 'StringSettingLiveData' is not abstract and does not implement abstract base class member 'getValue'.
e: file:///Users/HONGBGU/Documents/seadroid/app/src/main/java/com/seafile/seadroid2/preferences/livedata/StringSettingLiveData.kt:31:5 'getValue' overrides nothing.
e: file:///Users/HONGBGU/Documents/seadroid/app/src/main/java/com/seafile/seadroid2/preferences/livedata/StringSettingLiveData.kt:39:5 'putValue' overrides nothing.
e: file:///Users/HONGBGU/Documents/seadroid/app/src/main/java/com/seafile/seadroid2/provider/DocumentIdParser.kt:55:17 Initializer type mismatch: expected 'kotlin.collections.MutableList<com.seafile.seadroid2.account.Account>', actual 'kotlin.collections.MutableList<android.accounts.Account>'.
e: file:///Users/HONGBGU/Documents/seadroid/app/src/main/java/com/seafile/seadroid2/provider/DocumentIdParser.kt:55:62 Only safe (?.) or non-null asserted (!!.) calls are allowed on a nullable receiver of type 'com.seafile.seadroid2.account.SupportAccountManager?'.
e: file:///Users/HONGBGU/Documents/seadroid/app/src/main/java/com/seafile/seadroid2/provider/OpenDocumentReader.kt:75:30 Initializer type mismatch: expected 'com.seafile.seadroid2.framework.http.HttpIO', actual 'com.seafile.seadroid2.framework.http.HttpIO?'.
e: file:///Users/HONGBGU/Documents/seadroid/app/src/main/java/com/seafile/seadroid2/provider/OpenDocumentReader.kt:75:30 Type mismatch: inferred type is 'com.seafile.seadroid2.framework.http.HttpIO?', but 'com.seafile.seadroid2.framework.http.HttpIO' was expected.
e: file:///Users/HONGBGU/Documents/seadroid/app/src/main/java/com/seafile/seadroid2/provider/OpenDocumentReader.kt:132:34 Initializer type mismatch: expected 'com.seafile.seadroid2.framework.http.HttpIO', actual 'com.seafile.seadroid2.framework.http.HttpIO?'.
e: file:///Users/HONGBGU/Documents/seadroid/app/src/main/java/com/seafile/seadroid2/provider/OpenDocumentReader.kt:132:34 Type mismatch: inferred type is 'com.seafile.seadroid2.framework.http.HttpIO?', but 'com.seafile.seadroid2.framework.http.HttpIO' was expected.
e: file:///Users/HONGBGU/Documents/seadroid/app/src/main/java/com/seafile/seadroid2/provider/OpenDocumentReader.kt:137:56 Argument type mismatch: actual type is 'java.lang.Class<com.seafile.seadroid2.ui.file.FileService>', but 'java.lang.Class<T?>' was expected.
e: file:///Users/HONGBGU/Documents/seadroid/app/src/main/java/com/seafile/seadroid2/provider/OpenDocumentReader.kt:138:17 Only safe (?.) or non-null asserted (!!.) calls are allowed on a nullable receiver of type 'com.seafile.seadroid2.ui.file.FileService?'.
e: file:///Users/HONGBGU/Documents/seadroid/app/src/main/java/com/seafile/seadroid2/provider/OpenDocumentReader.kt:140:53 Initializer type mismatch: expected 'retrofit2.Response<kotlin.String>', actual 'retrofit2.Response<kotlin.String?>!'.
e: file:///Users/HONGBGU/Documents/seadroid/app/src/main/java/com/seafile/seadroid2/provider/OpenDocumentReader.kt:140:60 Only safe (?.) or non-null asserted (!!.) calls are allowed on a nullable receiver of type 'retrofit2.Call<kotlin.String?>?'.
e: file:///Users/HONGBGU/Documents/seadroid/app/src/main/java/com/seafile/seadroid2/provider/OpenDocumentReader.kt:188:44 Only safe (?.) or non-null asserted (!!.) calls are allowed on a nullable receiver of type 'com.seafile.seadroid2.framework.db.AppDatabase?'.
e: file:///Users/HONGBGU/Documents/seadroid/app/src/main/java/com/seafile/seadroid2/provider/OpenDocumentReader.kt:188:65 Only safe (?.) or non-null asserted (!!.) calls are allowed on a nullable receiver of type 'com.seafile.seadroid2.framework.db.dao.FileCacheStatusDAO?'.
e: file:///Users/HONGBGU/Documents/seadroid/app/src/main/java/com/seafile/seadroid2/provider/OpenDocumentWriter.kt:50:54 Initializer type mismatch: expected 'retrofit2.Call<com.seafile.seadroid2.framework.model.dirents.DirentFileModel?>', actual 'retrofit2.Call<com.seafile.seadroid2.framework.model.dirents.DirentFileModel?>?'.
e: file:///Users/HONGBGU/Documents/seadroid/app/src/main/java/com/seafile/seadroid2/provider/OpenDocumentWriter.kt:51:17 Only safe (?.) or non-null asserted (!!.) calls are allowed on a nullable receiver of type 'com.seafile.seadroid2.framework.http.HttpIO?'.
e: file:///Users/HONGBGU/Documents/seadroid/app/src/main/java/com/seafile/seadroid2/provider/OpenDocumentWriter.kt:51:40 Argument type mismatch: actual type is 'java.lang.Class<com.seafile.seadroid2.ui.file.FileService>', but 'java.lang.Class<T?>' was expected.
e: file:///Users/HONGBGU/Documents/seadroid/app/src/main/java/com/seafile/seadroid2/provider/OpenDocumentWriter.kt:52:17 Only safe (?.) or non-null asserted (!!.) calls are allowed on a nullable receiver of type 'com.seafile.seadroid2.ui.file.FileService?'.
e: file:///Users/HONGBGU/Documents/seadroid/app/src/main/java/com/seafile/seadroid2/provider/OpenDocumentWriter.kt:72:17 Only safe (?.) or non-null asserted (!!.) calls are allowed on a nullable receiver of type 'com.seafile.seadroid2.framework.http.HttpIO?'.
e: file:///Users/HONGBGU/Documents/seadroid/app/src/main/java/com/seafile/seadroid2/provider/OpenDocumentWriter.kt:72:40 Argument type mismatch: actual type is 'java.lang.Class<com.seafile.seadroid2.ui.file.FileService>', but 'java.lang.Class<T?>' was expected.
e: file:///Users/HONGBGU/Documents/seadroid/app/src/main/java/com/seafile/seadroid2/provider/OpenDocumentWriter.kt:73:17 Only safe (?.) or non-null asserted (!!.) calls are allowed on a nullable receiver of type 'com.seafile.seadroid2.ui.file.FileService?'.
e: file:///Users/HONGBGU/Documents/seadroid/app/src/main/java/com/seafile/seadroid2/provider/OpenDocumentWriter.kt:74:17 Only safe (?.) or non-null asserted (!!.) calls are allowed on a nullable receiver of type 'retrofit2.Call<kotlin.String?>?'.
e: file:///Users/HONGBGU/Documents/seadroid/app/src/main/java/com/seafile/seadroid2/provider/OpenDocumentWriter.kt:151:25 Only safe (?.) or non-null asserted (!!.) calls are allowed on a nullable receiver of type 'com.seafile.seadroid2.framework.http.HttpIO?'.
e: file:///Users/HONGBGU/Documents/seadroid/app/src/main/java/com/seafile/seadroid2/provider/OpenDocumentWriter.kt:263:44 Only safe (?.) or non-null asserted (!!.) calls are allowed on a nullable receiver of type 'com.seafile.seadroid2.framework.db.AppDatabase?'.
e: file:///Users/HONGBGU/Documents/seadroid/app/src/main/java/com/seafile/seadroid2/provider/OpenDocumentWriter.kt:263:65 Only safe (?.) or non-null asserted (!!.) calls are allowed on a nullable receiver of type 'com.seafile.seadroid2.framework.db.dao.FileCacheStatusDAO?'.
e: file:///Users/HONGBGU/Documents/seadroid/app/src/main/java/com/seafile/seadroid2/provider/SeafileProvider.kt:58:25 Unresolved reference 'DocumentsProvider'.
e: file:///Users/HONGBGU/Documents/seadroid/app/src/main/java/com/seafile/seadroid2/provider/SeafileProvider.kt:63:34 Unresolved reference 'OnAccountsUpdateListener'.
e: file:///Users/HONGBGU/Documents/seadroid/app/src/main/java/com/seafile/seadroid2/provider/SeafileProvider.kt:63:70 Unresolved reference 'OnAccountsUpdateListener'.
e: file:///Users/HONGBGU/Documents/seadroid/app/src/main/java/com/seafile/seadroid2/provider/SeafileProvider.kt:64:9 'onAccountsUpdated' overrides nothing.
e: file:///Users/HONGBGU/Documents/seadroid/app/src/main/java/com/seafile/seadroid2/provider/SeafileProvider.kt:65:30 Unresolved reference 'SeadroidApplication'.
e: file:///Users/HONGBGU/Documents/seadroid/app/src/main/java/com/seafile/seadroid2/provider/SeafileProvider.kt:70:5 'onCreate' overrides nothing.
e: file:///Users/HONGBGU/Documents/seadroid/app/src/main/java/com/seafile/seadroid2/provider/SeafileProvider.kt:71:52 Unresolved reference 'getContext'.
e: file:///Users/HONGBGU/Documents/seadroid/app/src/main/java/com/seafile/seadroid2/provider/SeafileProvider.kt:73:30 Only safe (?.) or non-null asserted (!!.) calls are allowed on a nullable receiver of type 'android.accounts.AccountManager?'.
e: file:///Users/HONGBGU/Documents/seadroid/app/src/main/java/com/seafile/seadroid2/provider/SeafileProvider.kt:75:9 Unresolved reference 'Logs'.
e: file:///Users/HONGBGU/Documents/seadroid/app/src/main/java/com/seafile/seadroid2/provider/SeafileProvider.kt:81:5 'queryRoots' overrides nothing.
e: file:///Users/HONGBGU/Documents/seadroid/app/src/main/java/com/seafile/seadroid2/provider/SeafileProvider.kt:82:9 Unresolved reference 'Logs'.
e: file:///Users/HONGBGU/Documents/seadroid/app/src/main/java/com/seafile/seadroid2/provider/SeafileProvider.kt:85:21 Unresolved reference 'MatrixCursor'.
e: file:///Users/HONGBGU/Documents/seadroid/app/src/main/java/com/seafile/seadroid2/provider/SeafileProvider.kt:85:36 Unresolved reference 'MatrixCursor'.
e: file:///Users/HONGBGU/Documents/seadroid/app/src/main/java/com/seafile/seadroid2/provider/SeafileProvider.kt:88:19 Unresolved reference 'SupportAccountManager'.
e: file:///Users/HONGBGU/Documents/seadroid/app/src/main/java/com/seafile/seadroid2/provider/SeafileProvider.kt:88:65 Method 'iterator()' is ambiguous for this expression. Applicable candidates:
fun <T> Enumeration<T>.iterator(): Iterator<T>
@InlineOnly() fun <T> Iterator<T>.iterator(): Iterator<T>
@InlineOnly() fun <K, V> Map<out K, V>.iterator(): Iterator<Map.Entry<K, V>>
@JvmName(...) @InlineOnly() fun <K, V> MutableMap<K, V>.iterator(): MutableIterator<MutableMap.MutableEntry<K, V>>
fun CharSequence.iterator(): CharIterator
fun BufferedInputStream.iterator(): ByteIterator
e: file:///Users/HONGBGU/Documents/seadroid/app/src/main/java/com/seafile/seadroid2/provider/SeafileProvider.kt:95:16 Unresolved reference 'setNotificationUri'.
e: file:///Users/HONGBGU/Documents/seadroid/app/src/main/java/com/seafile/seadroid2/provider/SeafileProvider.kt:95:35 Unresolved reference 'getContext'.
e: file:///Users/HONGBGU/Documents/seadroid/app/src/main/java/com/seafile/seadroid2/provider/SeafileProvider.kt:101:16 Unresolved reference 'DocumentsContract'.
e: file:///Users/HONGBGU/Documents/seadroid/app/src/main/java/com/seafile/seadroid2/provider/SeafileProvider.kt:108:5 'queryChildDocuments' overrides nothing.
e: file:///Users/HONGBGU/Documents/seadroid/app/src/main/java/com/seafile/seadroid2/provider/SeafileProvider.kt:113:9 Unresolved reference 'Logs'.
e: file:///Users/HONGBGU/Documents/seadroid/app/src/main/java/com/seafile/seadroid2/provider/SeafileProvider.kt:115:13 Unresolved reference 'TextUtils'.
e: file:///Users/HONGBGU/Documents/seadroid/app/src/main/java/com/seafile/seadroid2/provider/SeafileProvider.kt:116:19 Overload resolution ambiguity between candidates:
fun throwFileNotFoundException(@StringRes() resId: Int): FileNotFoundException
fun throwFileNotFoundException(msg: String?): FileNotFoundException
e: file:///Users/HONGBGU/Documents/seadroid/app/src/main/java/com/seafile/seadroid2/provider/SeafileProvider.kt:116:19 Type mismatch: inferred type is 'ERROR CLASS: Ambiguity: throwFileNotFoundException, [com/seafile/seadroid2/provider/SeafileProvider.throwFileNotFoundException, com/seafile/seadroid2/provider/SeafileProvider.throwFileNotFoundException]', but 'kotlin.Throwable' was expected.
e: file:///Users/HONGBGU/Documents/seadroid/app/src/main/java/com/seafile/seadroid2/provider/SeafileProvider.kt:116:46 Unresolved reference 'R'.
e: file:///Users/HONGBGU/Documents/seadroid/app/src/main/java/com/seafile/seadroid2/provider/SeafileProvider.kt:119:57 Argument type mismatch: actual type is 'kotlin.String?', but 'kotlin.String' was expected.
e: file:///Users/HONGBGU/Documents/seadroid/app/src/main/java/com/seafile/seadroid2/provider/SeafileProvider.kt:121:19 Overload resolution ambiguity between candidates:
fun throwFileNotFoundException(@StringRes() resId: Int): FileNotFoundException
fun throwFileNotFoundException(msg: String?): FileNotFoundException
e: file:///Users/HONGBGU/Documents/seadroid/app/src/main/java/com/seafile/seadroid2/provider/SeafileProvider.kt:121:19 Type mismatch: inferred type is 'ERROR CLASS: Ambiguity: throwFileNotFoundException, [com/seafile/seadroid2/provider/SeafileProvider.throwFileNotFoundException, com/seafile/seadroid2/provider/SeafileProvider.throwFileNotFoundException]', but 'kotlin.Throwable' was expected.
e: file:///Users/HONGBGU/Documents/seadroid/app/src/main/java/com/seafile/seadroid2/provider/SeafileProvider.kt:121:46 Unresolved reference 'R'.
e: file:///Users/HONGBGU/Documents/seadroid/app/src/main/java/com/seafile/seadroid2/provider/SeafileProvider.kt:125:55 Argument type mismatch: actual type is 'kotlin.String?', but 'kotlin.String' was expected.
e: file:///Users/HONGBGU/Documents/seadroid/app/src/main/java/com/seafile/seadroid2/provider/SeafileProvider.kt:126:51 Argument type mismatch: actual type is 'kotlin.String?', but 'kotlin.String' was expected.
e: file:///Users/HONGBGU/Documents/seadroid/app/src/main/java/com/seafile/seadroid2/provider/SeafileProvider.kt:130:19 Only safe (?.) or non-null asserted (!!.) calls are allowed on a nullable receiver of type 'kotlin.String?'.
e: file:///Users/HONGBGU/Documents/seadroid/app/src/main/java/com/seafile/seadroid2/provider/SeafileProvider.kt:133:31 Unresolved reference 'MatrixCursor'.
e: file:///Users/HONGBGU/Documents/seadroid/app/src/main/java/com/seafile/seadroid2/provider/SeafileProvider.kt:137:17 Unresolved reference 'SeadroidApplication'.
e: file:///Users/HONGBGU/Documents/seadroid/app/src/main/java/com/seafile/seadroid2/provider/SeafileProvider.kt:138:13 Unresolved reference 'Logs'.
e: file:///Users/HONGBGU/Documents/seadroid/app/src/main/java/com/seafile/seadroid2/provider/SeafileProvider.kt:147:29 Unresolved reference 'Bundle'.
e: file:///Users/HONGBGU/Documents/seadroid/app/src/main/java/com/seafile/seadroid2/provider/SeafileProvider.kt:147:38 Unresolved reference 'Bundle'.
e: file:///Users/HONGBGU/Documents/seadroid/app/src/main/java/com/seafile/seadroid2/provider/SeafileProvider.kt:148:24 Unresolved reference 'putBoolean'.
e: file:///Users/HONGBGU/Documents/seadroid/app/src/main/java/com/seafile/seadroid2/provider/SeafileProvider.kt:148:35 Unresolved reference 'DocumentsContract'.
e: file:///Users/HONGBGU/Documents/seadroid/app/src/main/java/com/seafile/seadroid2/provider/SeafileProvider.kt:150:21 Unresolved reference 'SeadroidApplication'.
e: file:///Users/HONGBGU/Documents/seadroid/app/src/main/java/com/seafile/seadroid2/provider/SeafileProvider.kt:150:54 Unresolved reference 'R'.
e: file:///Users/HONGBGU/Documents/seadroid/app/src/main/java/com/seafile/seadroid2/provider/SeafileProvider.kt:151:24 Unresolved reference 'putString'.
e: file:///Users/HONGBGU/Documents/seadroid/app/src/main/java/com/seafile/seadroid2/provider/SeafileProvider.kt:151:34 Unresolved reference 'DocumentsContract'.
e: file:///Users/HONGBGU/Documents/seadroid/app/src/main/java/com/seafile/seadroid2/provider/SeafileProvider.kt:152:30 Unresolved reference 'setExtras'.
e: file:///Users/HONGBGU/Documents/seadroid/app/src/main/java/com/seafile/seadroid2/provider/SeafileProvider.kt:156:40 Unresolved reference 'RepoModel'.
e: file:///Users/HONGBGU/Documents/seadroid/app/src/main/java/com/seafile/seadroid2/provider/SeafileProvider.kt:165:50 Argument type mismatch: actual type is 'kotlin.String?', but 'kotlin.String' was expected.
e: file:///Users/HONGBGU/Documents/seadroid/app/src/main/java/com/seafile/seadroid2/provider/SeafileProvider.kt:168:31 Unresolved reference 'MatrixCursor'.
e: file:///Users/HONGBGU/Documents/seadroid/app/src/main/java/com/seafile/seadroid2/provider/SeafileProvider.kt:172:17 Unresolved reference 'SeadroidApplication'.
e: file:///Users/HONGBGU/Documents/seadroid/app/src/main/java/com/seafile/seadroid2/provider/SeafileProvider.kt:173:13 Unresolved reference 'Logs'.
e: file:///Users/HONGBGU/Documents/seadroid/app/src/main/java/com/seafile/seadroid2/provider/SeafileProvider.kt:182:29 Unresolved reference 'Bundle'.
e: file:///Users/HONGBGU/Documents/seadroid/app/src/main/java/com/seafile/seadroid2/provider/SeafileProvider.kt:182:38 Unresolved reference 'Bundle'.
e: file:///Users/HONGBGU/Documents/seadroid/app/src/main/java/com/seafile/seadroid2/provider/SeafileProvider.kt:183:24 Unresolved reference 'putBoolean'.
e: file:///Users/HONGBGU/Documents/seadroid/app/src/main/java/com/seafile/seadroid2/provider/SeafileProvider.kt:183:35 Unresolved reference 'DocumentsContract'.
e: file:///Users/HONGBGU/Documents/seadroid/app/src/main/java/com/seafile/seadroid2/provider/SeafileProvider.kt:185:21 Unresolved reference 'SeadroidApplication'.
e: file:///Users/HONGBGU/Documents/seadroid/app/src/main/java/com/seafile/seadroid2/provider/SeafileProvider.kt:185:54 Unresolved reference 'R'.
e: file:///Users/HONGBGU/Documents/seadroid/app/src/main/java/com/seafile/seadroid2/provider/SeafileProvider.kt:186:24 Unresolved reference 'putString'.
e: file:///Users/HONGBGU/Documents/seadroid/app/src/main/java/com/seafile/seadroid2/provider/SeafileProvider.kt:186:34 Unresolved reference 'DocumentsContract'.
e: file:///Users/HONGBGU/Documents/seadroid/app/src/main/java/com/seafile/seadroid2/provider/SeafileProvider.kt:187:30 Unresolved reference 'setExtras'.
e: file:///Users/HONGBGU/Documents/seadroid/app/src/main/java/com/seafile/seadroid2/provider/SeafileProvider.kt:191:46 Unresolved reference 'StarredModel'.
e: file:///Users/HONGBGU/Documents/seadroid/app/src/main/java/com/seafile/seadroid2/provider/SeafileProvider.kt:204:41 Unresolved reference 'RepoModel'.
e: file:///Users/HONGBGU/Documents/seadroid/app/src/main/java/com/seafile/seadroid2/provider/SeafileProvider.kt:206:23 Overload resolution ambiguity between candidates:
fun throwFileNotFoundException(@StringRes() resId: Int): FileNotFoundException
fun throwFileNotFoundException(msg: String?): FileNotFoundException
e: file:///Users/HONGBGU/Documents/seadroid/app/src/main/java/com/seafile/seadroid2/provider/SeafileProvider.kt:206:23 Type mismatch: inferred type is 'ERROR CLASS: Ambiguity: throwFileNotFoundException, [com/seafile/seadroid2/provider/SeafileProvider.throwFileNotFoundException, com/seafile/seadroid2/provider/SeafileProvider.throwFileNotFoundException]', but 'kotlin.Throwable' was expected.
e: file:///Users/HONGBGU/Documents/seadroid/app/src/main/java/com/seafile/seadroid2/provider/SeafileProvider.kt:206:50 Unresolved reference 'R'.
e: file:///Users/HONGBGU/Documents/seadroid/app/src/main/java/com/seafile/seadroid2/provider/SeafileProvider.kt:209:28 Unresolved reference 'RepoModel'.
e: file:///Users/HONGBGU/Documents/seadroid/app/src/main/java/com/seafile/seadroid2/provider/SeafileProvider.kt:211:23 Overload resolution ambiguity between candidates:
fun throwFileNotFoundException(@StringRes() resId: Int): FileNotFoundException
fun throwFileNotFoundException(msg: String?): FileNotFoundException
e: file:///Users/HONGBGU/Documents/seadroid/app/src/main/java/com/seafile/seadroid2/provider/SeafileProvider.kt:211:23 Type mismatch: inferred type is 'ERROR CLASS: Ambiguity: throwFileNotFoundException, [com/seafile/seadroid2/provider/SeafileProvider.throwFileNotFoundException, com/seafile/seadroid2/provider/SeafileProvider.throwFileNotFoundException]', but 'kotlin.Throwable' was expected.
e: file:///Users/HONGBGU/Documents/seadroid/app/src/main/java/com/seafile/seadroid2/provider/SeafileProvider.kt:211:50 Unresolved reference 'R'.
e: file:///Users/HONGBGU/Documents/seadroid/app/src/main/java/com/seafile/seadroid2/provider/SeafileProvider.kt:219:27 Unresolved reference 'encrypted'.
e: file:///Users/HONGBGU/Documents/seadroid/app/src/main/java/com/seafile/seadroid2/provider/SeafileProvider.kt:220:23 Overload resolution ambiguity between candidates:
fun throwFileNotFoundException(@StringRes() resId: Int): FileNotFoundException
fun throwFileNotFoundException(msg: String?): FileNotFoundException
e: file:///Users/HONGBGU/Documents/seadroid/app/src/main/java/com/seafile/seadroid2/provider/SeafileProvider.kt:220:23 Type mismatch: inferred type is 'ERROR CLASS: Ambiguity: throwFileNotFoundException, [com/seafile/seadroid2/provider/SeafileProvider.throwFileNotFoundException, com/seafile/seadroid2/provider/SeafileProvider.throwFileNotFoundException]', but 'kotlin.Throwable' was expected.
e: file:///Users/HONGBGU/Documents/seadroid/app/src/main/java/com/seafile/seadroid2/provider/SeafileProvider.kt:220:50 Unresolved reference 'R'.
e: file:///Users/HONGBGU/Documents/seadroid/app/src/main/java/com/seafile/seadroid2/provider/SeafileProvider.kt:223:31 Unresolved reference 'MatrixCursor'.
e: file:///Users/HONGBGU/Documents/seadroid/app/src/main/java/com/seafile/seadroid2/provider/SeafileProvider.kt:230:17 Unresolved reference 'SeadroidApplication'.
e: file:///Users/HONGBGU/Documents/seadroid/app/src/main/java/com/seafile/seadroid2/provider/SeafileProvider.kt:231:13 Unresolved reference 'Logs'.
e: file:///Users/HONGBGU/Documents/seadroid/app/src/main/java/com/seafile/seadroid2/provider/SeafileProvider.kt:240:29 Unresolved reference 'Bundle'.
e: file:///Users/HONGBGU/Documents/seadroid/app/src/main/java/com/seafile/seadroid2/provider/SeafileProvider.kt:240:38 Unresolved reference 'Bundle'.
e: file:///Users/HONGBGU/Documents/seadroid/app/src/main/java/com/seafile/seadroid2/provider/SeafileProvider.kt:241:24 Unresolved reference 'putBoolean'.
e: file:///Users/HONGBGU/Documents/seadroid/app/src/main/java/com/seafile/seadroid2/provider/SeafileProvider.kt:241:35 Unresolved reference 'DocumentsContract'.
e: file:///Users/HONGBGU/Documents/seadroid/app/src/main/java/com/seafile/seadroid2/provider/SeafileProvider.kt:243:21 Unresolved reference 'SeadroidApplication'.
e: file:///Users/HONGBGU/Documents/seadroid/app/src/main/java/com/seafile/seadroid2/provider/SeafileProvider.kt:243:54 Unresolved reference 'R'.
e: file:///Users/HONGBGU/Documents/seadroid/app/src/main/java/com/seafile/seadroid2/provider/SeafileProvider.kt:244:24 Unresolved reference 'putString'.
e: file:///Users/HONGBGU/Documents/seadroid/app/src/main/java/com/seafile/seadroid2/provider/SeafileProvider.kt:244:34 Unresolved reference 'DocumentsContract'.
e: file:///Users/HONGBGU/Documents/seadroid/app/src/main/java/com/seafile/seadroid2/provider/SeafileProvider.kt:245:30 Unresolved reference 'setExtras'.
e: file:///Users/HONGBGU/Documents/seadroid/app/src/main/java/com/seafile/seadroid2/provider/SeafileProvider.kt:249:47 Unresolved reference 'DirentModel'.
e: file:///Users/HONGBGU/Documents/seadroid/app/src/main/java/com/seafile/seadroid2/provider/SeafileProvider.kt:264:5 'queryDocument' overrides nothing.
e: file:///Users/HONGBGU/Documents/seadroid/app/src/main/java/com/seafile/seadroid2/provider/SeafileProvider.kt:265:9 Unresolved reference 'Logs'.
e: file:///Users/HONGBGU/Documents/seadroid/app/src/main/java/com/seafile/seadroid2/provider/SeafileProvider.kt:267:13 Unresolved reference 'TextUtils'.
e: file:///Users/HONGBGU/Documents/seadroid/app/src/main/java/com/seafile/seadroid2/provider/SeafileProvider.kt:268:19 Overload resolution ambiguity between candidates:
fun throwFileNotFoundException(@StringRes() resId: Int): FileNotFoundException
fun throwFileNotFoundException(msg: String?): FileNotFoundException
e: file:///Users/HONGBGU/Documents/seadroid/app/src/main/java/com/seafile/seadroid2/provider/SeafileProvider.kt:268:19 Type mismatch: inferred type is 'ERROR CLASS: Ambiguity: throwFileNotFoundException, [com/seafile/seadroid2/provider/SeafileProvider.throwFileNotFoundException, com/seafile/seadroid2/provider/SeafileProvider.throwFileNotFoundException]', but 'kotlin.Throwable' was expected.
e: file:///Users/HONGBGU/Documents/seadroid/app/src/main/java/com/seafile/seadroid2/provider/SeafileProvider.kt:268:46 Unresolved reference 'R'.
e: file:///Users/HONGBGU/Documents/seadroid/app/src/main/java/com/seafile/seadroid2/provider/SeafileProvider.kt:272:21 Unresolved reference 'MatrixCursor'.
e: file:///Users/HONGBGU/Documents/seadroid/app/src/main/java/com/seafile/seadroid2/provider/SeafileProvider.kt:272:36 Unresolved reference 'MatrixCursor'.
e: file:///Users/HONGBGU/Documents/seadroid/app/src/main/java/com/seafile/seadroid2/provider/SeafileProvider.kt:274:57 Argument type mismatch: actual type is 'kotlin.String?', but 'kotlin.String' was expected.
e: file:///Users/HONGBGU/Documents/seadroid/app/src/main/java/com/seafile/seadroid2/provider/SeafileProvider.kt:276:19 Overload resolution ambiguity between candidates:
fun throwFileNotFoundException(@StringRes() resId: Int): FileNotFoundException
fun throwFileNotFoundException(msg: String?): FileNotFoundException
e: file:///Users/HONGBGU/Documents/seadroid/app/src/main/java/com/seafile/seadroid2/provider/SeafileProvider.kt:276:19 Type mismatch: inferred type is 'ERROR CLASS: Ambiguity: throwFileNotFoundException, [com/seafile/seadroid2/provider/SeafileProvider.throwFileNotFoundException, com/seafile/seadroid2/provider/SeafileProvider.throwFileNotFoundException]', but 'kotlin.Throwable' was expected.
e: file:///Users/HONGBGU/Documents/seadroid/app/src/main/java/com/seafile/seadroid2/provider/SeafileProvider.kt:276:46 Unresolved reference 'R'.
e: file:///Users/HONGBGU/Documents/seadroid/app/src/main/java/com/seafile/seadroid2/provider/SeafileProvider.kt:279:55 Argument type mismatch: actual type is 'kotlin.String?', but 'kotlin.String' was expected.
e: file:///Users/HONGBGU/Documents/seadroid/app/src/main/java/com/seafile/seadroid2/provider/SeafileProvider.kt:280:51 Argument type mismatch: actual type is 'kotlin.String?', but 'kotlin.String' was expected.
e: file:///Users/HONGBGU/Documents/seadroid/app/src/main/java/com/seafile/seadroid2/provider/SeafileProvider.kt:282:19 Only safe (?.) or non-null asserted (!!.) calls are allowed on a nullable receiver of type 'kotlin.String?'.
e: file:///Users/HONGBGU/Documents/seadroid/app/src/main/java/com/seafile/seadroid2/provider/SeafileProvider.kt:290:37 Unresolved reference 'RepoModel'.
e: file:///Users/HONGBGU/Documents/seadroid/app/src/main/java/com/seafile/seadroid2/provider/SeafileProvider.kt:292:19 Overload resolution ambiguity between candidates:
fun throwFileNotFoundException(@StringRes() resId: Int): FileNotFoundException
fun throwFileNotFoundException(msg: String?): FileNotFoundException
e: file:///Users/HONGBGU/Documents/seadroid/app/src/main/java/com/seafile/seadroid2/provider/SeafileProvider.kt:292:19 Type mismatch: inferred type is 'ERROR CLASS: Ambiguity: throwFileNotFoundException, [com/seafile/seadroid2/provider/SeafileProvider.throwFileNotFoundException, com/seafile/seadroid2/provider/SeafileProvider.throwFileNotFoundException]', but 'kotlin.Throwable' was expected.
e: file:///Users/HONGBGU/Documents/seadroid/app/src/main/java/com/seafile/seadroid2/provider/SeafileProvider.kt:292:46 Unresolved reference 'R'.
e: file:///Users/HONGBGU/Documents/seadroid/app/src/main/java/com/seafile/seadroid2/provider/SeafileProvider.kt:295:24 Unresolved reference 'RepoModel'.
e: file:///Users/HONGBGU/Documents/seadroid/app/src/main/java/com/seafile/seadroid2/provider/SeafileProvider.kt:297:19 Overload resolution ambiguity between candidates:
fun throwFileNotFoundException(@StringRes() resId: Int): FileNotFoundException
fun throwFileNotFoundException(msg: String?): FileNotFoundException
e: file:///Users/HONGBGU/Documents/seadroid/app/src/main/java/com/seafile/seadroid2/provider/SeafileProvider.kt:297:19 Type mismatch: inferred type is 'ERROR CLASS: Ambiguity: throwFileNotFoundException, [com/seafile/seadroid2/provider/SeafileProvider.throwFileNotFoundException, com/seafile/seadroid2/provider/SeafileProvider.throwFileNotFoundException]', but 'kotlin.Throwable' was expected.
e: file:///Users/HONGBGU/Documents/seadroid/app/src/main/java/com/seafile/seadroid2/provider/SeafileProvider.kt:297:46 Unresolved reference 'R'.
e: file:///Users/HONGBGU/Documents/seadroid/app/src/main/java/com/seafile/seadroid2/provider/SeafileProvider.kt:300:43 Argument type mismatch: actual type is 'kotlin.String?', but 'kotlin.String' was expected.
e: file:///Users/HONGBGU/Documents/seadroid/app/src/main/java/com/seafile/seadroid2/provider/SeafileProvider.kt:312:43 Unresolved reference 'DirentModel'.
e: file:///Users/HONGBGU/Documents/seadroid/app/src/main/java/com/seafile/seadroid2/provider/SeafileProvider.kt:315:34 Unresolved reference 'DirentModel'.
e: file:///Users/HONGBGU/Documents/seadroid/app/src/main/java/com/seafile/seadroid2/provider/SeafileProvider.kt:323:5 'isChildDocument' overrides nothing.
e: file:///Users/HONGBGU/Documents/seadroid/app/src/main/java/com/seafile/seadroid2/provider/SeafileProvider.kt:328:5 'openDocument' overrides nothing.
e: file:///Users/HONGBGU/Documents/seadroid/app/src/main/java/com/seafile/seadroid2/provider/SeafileProvider.kt:332:8 Unresolved reference 'ParcelFileDescriptor'.
e: file:///Users/HONGBGU/Documents/seadroid/app/src/main/java/com/seafile/seadroid2/provider/SeafileProvider.kt:333:9 Unresolved reference 'Logs'.
e: file:///Users/HONGBGU/Documents/seadroid/app/src/main/java/com/seafile/seadroid2/provider/SeafileProvider.kt:334:13 Unresolved reference 'TextUtils'.
e: file:///Users/HONGBGU/Documents/seadroid/app/src/main/java/com/seafile/seadroid2/provider/SeafileProvider.kt:334:46 Unresolved reference 'TextUtils'.
e: file:///Users/HONGBGU/Documents/seadroid/app/src/main/java/com/seafile/seadroid2/provider/SeafileProvider.kt:335:19 Overload resolution ambiguity between candidates:
fun throwFileNotFoundException(@StringRes() resId: Int): FileNotFoundException
fun throwFileNotFoundException(msg: String?): FileNotFoundException
e: file:///Users/HONGBGU/Documents/seadroid/app/src/main/java/com/seafile/seadroid2/provider/SeafileProvider.kt:335:19 Type mismatch: inferred type is 'ERROR CLASS: Ambiguity: throwFileNotFoundException, [com/seafile/seadroid2/provider/SeafileProvider.throwFileNotFoundException, com/seafile/seadroid2/provider/SeafileProvider.throwFileNotFoundException]', but 'kotlin.Throwable' was expected.
e: file:///Users/HONGBGU/Documents/seadroid/app/src/main/java/com/seafile/seadroid2/provider/SeafileProvider.kt:335:46 Unresolved reference 'R'.
e: file:///Users/HONGBGU/Documents/seadroid/app/src/main/java/com/seafile/seadroid2/provider/SeafileProvider.kt:338:14 Unresolved reference 'NetworkUtils'.
e: file:///Users/HONGBGU/Documents/seadroid/app/src/main/java/com/seafile/seadroid2/provider/SeafileProvider.kt:338:48 Overload resolution ambiguity between candidates:
fun throwFileNotFoundException(@StringRes() resId: Int): FileNotFoundException
fun throwFileNotFoundException(msg: String?): FileNotFoundException
e: file:///Users/HONGBGU/Documents/seadroid/app/src/main/java/com/seafile/seadroid2/provider/SeafileProvider.kt:338:48 Type mismatch: inferred type is 'ERROR CLASS: Ambiguity: throwFileNotFoundException, [com/seafile/seadroid2/provider/SeafileProvider.throwFileNotFoundException, com/seafile/seadroid2/provider/SeafileProvider.throwFileNotFoundException]', but 'kotlin.Throwable' was expected.
e: file:///Users/HONGBGU/Documents/seadroid/app/src/main/java/com/seafile/seadroid2/provider/SeafileProvider.kt:338:75 Unresolved reference 'R'.
e: file:///Users/HONGBGU/Documents/seadroid/app/src/main/java/com/seafile/seadroid2/provider/SeafileProvider.kt:340:57 Argument type mismatch: actual type is 'kotlin.String?', but 'kotlin.String' was expected.
e: file:///Users/HONGBGU/Documents/seadroid/app/src/main/java/com/seafile/seadroid2/provider/SeafileProvider.kt:342:19 Overload resolution ambiguity between candidates:
fun throwFileNotFoundException(@StringRes() resId: Int): FileNotFoundException
fun throwFileNotFoundException(msg: String?): FileNotFoundException
e: file:///Users/HONGBGU/Documents/seadroid/app/src/main/java/com/seafile/seadroid2/provider/SeafileProvider.kt:342:19 Type mismatch: inferred type is 'ERROR CLASS: Ambiguity: throwFileNotFoundException, [com/seafile/seadroid2/provider/SeafileProvider.throwFileNotFoundException, com/seafile/seadroid2/provider/SeafileProvider.throwFileNotFoundException]', but 'kotlin.Throwable' was expected.
e: file:///Users/HONGBGU/Documents/seadroid/app/src/main/java/com/seafile/seadroid2/provider/SeafileProvider.kt:342:46 Unresolved reference 'R'.
e: file:///Users/HONGBGU/Documents/seadroid/app/src/main/java/com/seafile/seadroid2/provider/SeafileProvider.kt:345:51 Argument type mismatch: actual type is 'kotlin.String?', but 'kotlin.String' was expected.
e: file:///Users/HONGBGU/Documents/seadroid/app/src/main/java/com/seafile/seadroid2/provider/SeafileProvider.kt:346:13 Unresolved reference 'TextUtils'.
e: file:///Users/HONGBGU/Documents/seadroid/app/src/main/java/com/seafile/seadroid2/provider/SeafileProvider.kt:347:19 Overload resolution ambiguity between candidates:
fun throwFileNotFoundException(@StringRes() resId: Int): FileNotFoundException
fun throwFileNotFoundException(msg: String?): FileNotFoundException
e: file:///Users/HONGBGU/Documents/seadroid/app/src/main/java/com/seafile/seadroid2/provider/SeafileProvider.kt:347:19 Type mismatch: inferred type is 'ERROR CLASS: Ambiguity: throwFileNotFoundException, [com/seafile/seadroid2/provider/SeafileProvider.throwFileNotFoundException, com/seafile/seadroid2/provider/SeafileProvider.throwFileNotFoundException]', but 'kotlin.Throwable' was expected.
e: file:///Users/HONGBGU/Documents/seadroid/app/src/main/java/com/seafile/seadroid2/provider/SeafileProvider.kt:347:46 Unresolved reference 'R'.
e: file:///Users/HONGBGU/Documents/seadroid/app/src/main/java/com/seafile/seadroid2/provider/SeafileProvider.kt:350:55 Argument type mismatch: actual type is 'kotlin.String?', but 'kotlin.String' was expected.
e: file:///Users/HONGBGU/Documents/seadroid/app/src/main/java/com/seafile/seadroid2/provider/SeafileProvider.kt:353:37 Unresolved reference 'RepoModel'.
e: file:///Users/HONGBGU/Documents/seadroid/app/src/main/java/com/seafile/seadroid2/provider/SeafileProvider.kt:355:19 Overload resolution ambiguity between candidates:
fun throwFileNotFoundException(@StringRes() resId: Int): FileNotFoundException
fun throwFileNotFoundException(msg: String?): FileNotFoundException
e: file:///Users/HONGBGU/Documents/seadroid/app/src/main/java/com/seafile/seadroid2/provider/SeafileProvider.kt:355:19 Type mismatch: inferred type is 'ERROR CLASS: Ambiguity: throwFileNotFoundException, [com/seafile/seadroid2/provider/SeafileProvider.throwFileNotFoundException, com/seafile/seadroid2/provider/SeafileProvider.throwFileNotFoundException]', but 'kotlin.Throwable' was expected.
e: file:///Users/HONGBGU/Documents/seadroid/app/src/main/java/com/seafile/seadroid2/provider/SeafileProvider.kt:355:46 Unresolved reference 'R'.
e: file:///Users/HONGBGU/Documents/seadroid/app/src/main/java/com/seafile/seadroid2/provider/SeafileProvider.kt:358:24 Unresolved reference 'RepoModel'.
e: file:///Users/HONGBGU/Documents/seadroid/app/src/main/java/com/seafile/seadroid2/provider/SeafileProvider.kt:360:19 Overload resolution ambiguity between candidates:
fun throwFileNotFoundException(@StringRes() resId: Int): FileNotFoundException
fun throwFileNotFoundException(msg: String?): FileNotFoundException
e: file:///Users/HONGBGU/Documents/seadroid/app/src/main/java/com/seafile/seadroid2/provider/SeafileProvider.kt:360:19 Type mismatch: inferred type is 'ERROR CLASS: Ambiguity: throwFileNotFoundException, [com/seafile/seadroid2/provider/SeafileProvider.throwFileNotFoundException, com/seafile/seadroid2/provider/SeafileProvider.throwFileNotFoundException]', but 'kotlin.Throwable' was expected.
e: file:///Users/HONGBGU/Documents/seadroid/app/src/main/java/com/seafile/seadroid2/provider/SeafileProvider.kt:360:46 Unresolved reference 'R'.
e: file:///Users/HONGBGU/Documents/seadroid/app/src/main/java/com/seafile/seadroid2/provider/SeafileProvider.kt:378:20 Unresolved reference 'RepoModel'.
e: file:///Users/HONGBGU/Documents/seadroid/app/src/main/java/com/seafile/seadroid2/provider/SeafileProvider.kt:381:8 Unresolved reference 'ParcelFileDescriptor'.
e: file:///Users/HONGBGU/Documents/seadroid/app/src/main/java/com/seafile/seadroid2/provider/SeafileProvider.kt:384:20 Unresolved reference 'ParcelFileDescriptor'.
e: file:///Users/HONGBGU/Documents/seadroid/app/src/main/java/com/seafile/seadroid2/provider/SeafileProvider.kt:386:17 Unresolved reference 'ParcelFileDescriptor'.
e: file:///Users/HONGBGU/Documents/seadroid/app/src/main/java/com/seafile/seadroid2/provider/SeafileProvider.kt:390:24 Unresolved reference 'hasWritePermission'.
e: file:///Users/HONGBGU/Documents/seadroid/app/src/main/java/com/seafile/seadroid2/provider/SeafileProvider.kt:391:19 Overload resolution ambiguity between candidates:
fun throwFileNotFoundException(@StringRes() resId: Int): FileNotFoundException
fun throwFileNotFoundException(msg: String?): FileNotFoundException
e: file:///Users/HONGBGU/Documents/seadroid/app/src/main/java/com/seafile/seadroid2/provider/SeafileProvider.kt:391:19 Type mismatch: inferred type is 'ERROR CLASS: Ambiguity: throwFileNotFoundException, [com/seafile/seadroid2/provider/SeafileProvider.throwFileNotFoundException, com/seafile/seadroid2/provider/SeafileProvider.throwFileNotFoundException]', but 'kotlin.Throwable' was expected.
e: file:///Users/HONGBGU/Documents/seadroid/app/src/main/java/com/seafile/seadroid2/provider/SeafileProvider.kt:391:46 Unresolved reference 'R'.
e: file:///Users/HONGBGU/Documents/seadroid/app/src/main/java/com/seafile/seadroid2/provider/SeafileProvider.kt:396:29 Unresolved reference 'ParcelFileDescriptor'.
e: file:///Users/HONGBGU/Documents/seadroid/app/src/main/java/com/seafile/seadroid2/provider/SeafileProvider.kt:396:53 Unresolved reference 'ParcelFileDescriptor'.
e: file:///Users/HONGBGU/Documents/seadroid/app/src/main/java/com/seafile/seadroid2/provider/SeafileProvider.kt:397:25 Unresolved reference 'ParcelFileDescriptor'.
e: file:///Users/HONGBGU/Documents/seadroid/app/src/main/java/com/seafile/seadroid2/provider/SeafileProvider.kt:398:26 Unresolved reference 'ParcelFileDescriptor'.
e: file:///Users/HONGBGU/Documents/seadroid/app/src/main/java/com/seafile/seadroid2/provider/SeafileProvider.kt:402:21 Overload resolution ambiguity between candidates:
constructor(p0: String!): FileInputStream
constructor(p0: File!): FileInputStream
constructor(p0: FileDescriptor!): FileInputStream
e: file:///Users/HONGBGU/Documents/seadroid/app/src/main/java/com/seafile/seadroid2/provider/SeafileProvider.kt:402:21 Argument type mismatch: actual type is 'R', but 'K' was expected.
e: file:///Users/HONGBGU/Documents/seadroid/app/src/main/java/com/seafile/seadroid2/provider/SeafileProvider.kt:402:44 Unresolved reference 'getFileDescriptor'.
e: file:///Users/HONGBGU/Documents/seadroid/app/src/main/java/com/seafile/seadroid2/provider/SeafileProvider.kt:402:65 Unresolved reference. None of the following candidates is applicable because of a receiver type mismatch:
@InlineOnly() fun <T : Closeable?, R> T.use(block: (T) -> R): R
    [R|Contract description]
     <
        CallsInPlace(block, EXACTLY_ONCE)
    >
e: file:///Users/HONGBGU/Documents/seadroid/app/src/main/java/com/seafile/seadroid2/provider/SeafileProvider.kt:402:71 Cannot infer type for this parameter. Please specify it explicitly.
e: file:///Users/HONGBGU/Documents/seadroid/app/src/main/java/com/seafile/seadroid2/provider/SeafileProvider.kt:404:29 Argument type mismatch: actual type is 'com.seafile.seadroid2.account.Account?', but 'com.seafile.seadroid2.account.Account' was expected.
e: file:///Users/HONGBGU/Documents/seadroid/app/src/main/java/com/seafile/seadroid2/provider/SeafileProvider.kt:405:39 Unresolved reference 'repo_id'.
e: file:///Users/HONGBGU/Documents/seadroid/app/src/main/java/com/seafile/seadroid2/provider/SeafileProvider.kt:406:39 Unresolved reference 'repo_name'.
e: file:///Users/HONGBGU/Documents/seadroid/app/src/main/java/com/seafile/seadroid2/provider/SeafileProvider.kt:414:21 Unresolved reference 'Logs'.
e: file:///Users/HONGBGU/Documents/seadroid/app/src/main/java/com/seafile/seadroid2/provider/SeafileProvider.kt:417:32 Unresolved reference 'close'.
e: file:///Users/HONGBGU/Documents/seadroid/app/src/main/java/com/seafile/seadroid2/provider/SeafileProvider.kt:434:20 Unresolved reference 'RepoModel'.
e: file:///Users/HONGBGU/Documents/seadroid/app/src/main/java/com/seafile/seadroid2/provider/SeafileProvider.kt:437:8 Unresolved reference 'ParcelFileDescriptor'.
e: file:///Users/HONGBGU/Documents/seadroid/app/src/main/java/com/seafile/seadroid2/provider/SeafileProvider.kt:440:39 Unresolved reference 'DirentModel'.
e: file:///Users/HONGBGU/Documents/seadroid/app/src/main/java/com/seafile/seadroid2/provider/SeafileProvider.kt:441:48 Unresolved reference 'repo_id'.
e: file:///Users/HONGBGU/Documents/seadroid/app/src/main/java/com/seafile/seadroid2/provider/SeafileProvider.kt:446:26 Unresolved reference 'DirentModel'.
e: file:///Users/HONGBGU/Documents/seadroid/app/src/main/java/com/seafile/seadroid2/provider/SeafileProvider.kt:450:33 Unresolved reference 'FileCacheStatusEntity'.
e: file:///Users/HONGBGU/Documents/seadroid/app/src/main/java/com/seafile/seadroid2/provider/SeafileProvider.kt:451:52 Unresolved reference 'repo_id'.
e: file:///Users/HONGBGU/Documents/seadroid/app/src/main/java/com/seafile/seadroid2/provider/SeafileProvider.kt:453:36 Unresolved reference 'FileCacheStatusEntity'.
e: file:///Users/HONGBGU/Documents/seadroid/app/src/main/java/com/seafile/seadroid2/provider/SeafileProvider.kt:456:17 Unresolved reference 'TextUtils'.
e: file:///Users/HONGBGU/Documents/seadroid/app/src/main/java/com/seafile/seadroid2/provider/SeafileProvider.kt:456:46 Unresolved reference 'id'.
e: file:///Users/HONGBGU/Documents/seadroid/app/src/main/java/com/seafile/seadroid2/provider/SeafileProvider.kt:456:68 Unresolved reference 'file_id'.
e: file:///Users/HONGBGU/Documents/seadroid/app/src/main/java/com/seafile/seadroid2/provider/SeafileProvider.kt:458:34 Unresolved reference 'DataManager'.
e: file:///Users/HONGBGU/Documents/seadroid/app/src/main/java/com/seafile/seadroid2/provider/SeafileProvider.kt:460:31 Unresolved reference 'repo_id'.
e: file:///Users/HONGBGU/Documents/seadroid/app/src/main/java/com/seafile/seadroid2/provider/SeafileProvider.kt:461:31 Unresolved reference 'repo_name'.
e: file:///Users/HONGBGU/Documents/seadroid/app/src/main/java/com/seafile/seadroid2/provider/SeafileProvider.kt:468:25 Unresolved reference 'Logs'.
e: file:///Users/HONGBGU/Documents/seadroid/app/src/main/java/com/seafile/seadroid2/provider/SeafileProvider.kt:469:25 Unresolved reference 'Logs'.
e: file:///Users/HONGBGU/Documents/seadroid/app/src/main/java/com/seafile/seadroid2/provider/SeafileProvider.kt:478:14 Unresolved reference 'NetworkUtils'.
e: file:///Users/HONGBGU/Documents/seadroid/app/src/main/java/com/seafile/seadroid2/provider/SeafileProvider.kt:479:19 Overload resolution ambiguity between candidates:
fun throwFileNotFoundException(@StringRes() resId: Int): FileNotFoundException
fun throwFileNotFoundException(msg: String?): FileNotFoundException
e: file:///Users/HONGBGU/Documents/seadroid/app/src/main/java/com/seafile/seadroid2/provider/SeafileProvider.kt:479:19 Type mismatch: inferred type is 'ERROR CLASS: Ambiguity: throwFileNotFoundException, [com/seafile/seadroid2/provider/SeafileProvider.throwFileNotFoundException, com/seafile/seadroid2/provider/SeafileProvider.throwFileNotFoundException]', but 'kotlin.Throwable' was expected.
e: file:///Users/HONGBGU/Documents/seadroid/app/src/main/java/com/seafile/seadroid2/provider/SeafileProvider.kt:479:46 Unresolved reference 'R'.
e: file:///Users/HONGBGU/Documents/seadroid/app/src/main/java/com/seafile/seadroid2/provider/SeafileProvider.kt:483:29 Unresolved reference 'ParcelFileDescriptor'.
e: file:///Users/HONGBGU/Documents/seadroid/app/src/main/java/com/seafile/seadroid2/provider/SeafileProvider.kt:483:53 Unresolved reference 'ParcelFileDescriptor'.
e: file:///Users/HONGBGU/Documents/seadroid/app/src/main/java/com/seafile/seadroid2/provider/SeafileProvider.kt:484:29 Unresolved reference 'ParcelFileDescriptor'.
e: file:///Users/HONGBGU/Documents/seadroid/app/src/main/java/com/seafile/seadroid2/provider/SeafileProvider.kt:485:27 Unresolved reference 'ParcelFileDescriptor'.
e: file:///Users/HONGBGU/Documents/seadroid/app/src/main/java/com/seafile/seadroid2/provider/SeafileProvider.kt:488:45 Unresolved reference 'DataManager'.
e: file:///Users/HONGBGU/Documents/seadroid/app/src/main/java/com/seafile/seadroid2/provider/SeafileProvider.kt:490:31 Unresolved reference 'repo_id'.
e: file:///Users/HONGBGU/Documents/seadroid/app/src/main/java/com/seafile/seadroid2/provider/SeafileProvider.kt:491:31 Unresolved reference 'repo_name'.
e: file:///Users/HONGBGU/Documents/seadroid/app/src/main/java/com/seafile/seadroid2/provider/SeafileProvider.kt:495:21 Overload resolution ambiguity between candidates:
constructor(p0: String!): FileOutputStream
constructor(p0: File!): FileOutputStream
constructor(p0: FileDescriptor!): FileOutputStream
e: file:///Users/HONGBGU/Documents/seadroid/app/src/main/java/com/seafile/seadroid2/provider/SeafileProvider.kt:495:21 Argument type mismatch: actual type is 'R', but 'K' was expected.
e: file:///Users/HONGBGU/Documents/seadroid/app/src/main/java/com/seafile/seadroid2/provider/SeafileProvider.kt:495:47 Unresolved reference 'getFileDescriptor'.
e: file:///Users/HONGBGU/Documents/seadroid/app/src/main/java/com/seafile/seadroid2/provider/SeafileProvider.kt:495:68 Unresolved reference. None of the following candidates is applicable because of a receiver type mismatch:
@InlineOnly() fun <T : Closeable?, R> T.use(block: (T) -> R): R
    [R|Contract description]
     <
        CallsInPlace(block, EXACTLY_ONCE)
    >
e: file:///Users/HONGBGU/Documents/seadroid/app/src/main/java/com/seafile/seadroid2/provider/SeafileProvider.kt:495:74 Cannot infer type for this parameter. Please specify it explicitly.
e: file:///Users/HONGBGU/Documents/seadroid/app/src/main/java/com/seafile/seadroid2/provider/SeafileProvider.kt:499:37 Argument type mismatch: actual type is 'com.seafile.seadroid2.account.Account?', but 'com.seafile.seadroid2.account.Account' was expected.
e: file:///Users/HONGBGU/Documents/seadroid/app/src/main/java/com/seafile/seadroid2/provider/SeafileProvider.kt:500:47 Unresolved reference 'repo_id'.
e: file:///Users/HONGBGU/Documents/seadroid/app/src/main/java/com/seafile/seadroid2/provider/SeafileProvider.kt:501:47 Unresolved reference 'repo_name'.
e: file:///Users/HONGBGU/Documents/seadroid/app/src/main/java/com/seafile/seadroid2/provider/SeafileProvider.kt:503:49 Unresolved reference 'id'.
e: file:///Users/HONGBGU/Documents/seadroid/app/src/main/java/com/seafile/seadroid2/provider/SeafileProvider.kt:507:37 Class '<anonymous>' is not abstract and does not implement abstract member 'onError'.
e: file:///Users/HONGBGU/Documents/seadroid/app/src/main/java/com/seafile/seadroid2/provider/SeafileProvider.kt:509:45 Unresolved reference 'Logs'.
e: file:///Users/HONGBGU/Documents/seadroid/app/src/main/java/com/seafile/seadroid2/provider/SeafileProvider.kt:516:41 'onError' overrides nothing.
e: file:///Users/HONGBGU/Documents/seadroid/app/src/main/java/com/seafile/seadroid2/provider/SeafileProvider.kt:524:49 Unresolved reference 'Logs'.
e: file:///Users/HONGBGU/Documents/seadroid/app/src/main/java/com/seafile/seadroid2/provider/SeafileProvider.kt:529:49 Unresolved reference 'Logs'.
e: file:///Users/HONGBGU/Documents/seadroid/app/src/main/java/com/seafile/seadroid2/provider/SeafileProvider.kt:534:45 Unresolved reference 'Logs'.
e: file:///Users/HONGBGU/Documents/seadroid/app/src/main/java/com/seafile/seadroid2/provider/SeafileProvider.kt:541:21 Argument type mismatch: actual type is 'kotlin.Unit', but 'K' was expected.
e: file:///Users/HONGBGU/Documents/seadroid/app/src/main/java/com/seafile/seadroid2/provider/SeafileProvider.kt:542:25 Unresolved reference 'Logs'.
e: file:///Users/HONGBGU/Documents/seadroid/app/src/main/java/com/seafile/seadroid2/provider/SeafileProvider.kt:543:25 Unresolved reference 'Logs'.
e: file:///Users/HONGBGU/Documents/seadroid/app/src/main/java/com/seafile/seadroid2/provider/SeafileProvider.kt:549:34 Unresolved reference 'close'.
e: file:///Users/HONGBGU/Documents/seadroid/app/src/main/java/com/seafile/seadroid2/provider/SeafileProvider.kt:566:20 Unresolved reference 'RepoModel'.
e: file:///Users/HONGBGU/Documents/seadroid/app/src/main/java/com/seafile/seadroid2/provider/SeafileProvider.kt:569:8 Unresolved reference 'ParcelFileDescriptor'.
e: file:///Users/HONGBGU/Documents/seadroid/app/src/main/java/com/seafile/seadroid2/provider/SeafileProvider.kt:572:39 Unresolved reference 'DirentModel'.
e: file:///Users/HONGBGU/Documents/seadroid/app/src/main/java/com/seafile/seadroid2/provider/SeafileProvider.kt:573:48 Unresolved reference 'repo_id'.
e: file:///Users/HONGBGU/Documents/seadroid/app/src/main/java/com/seafile/seadroid2/provider/SeafileProvider.kt:578:26 Unresolved reference 'DirentModel'.
e: file:///Users/HONGBGU/Documents/seadroid/app/src/main/java/com/seafile/seadroid2/provider/SeafileProvider.kt:582:33 Unresolved reference 'FileCacheStatusEntity'.
e: file:///Users/HONGBGU/Documents/seadroid/app/src/main/java/com/seafile/seadroid2/provider/SeafileProvider.kt:583:52 Unresolved reference 'repo_id'.
e: file:///Users/HONGBGU/Documents/seadroid/app/src/main/java/com/seafile/seadroid2/provider/SeafileProvider.kt:585:36 Unresolved reference 'FileCacheStatusEntity'.
e: file:///Users/HONGBGU/Documents/seadroid/app/src/main/java/com/seafile/seadroid2/provider/SeafileProvider.kt:588:17 Unresolved reference 'TextUtils'.
e: file:///Users/HONGBGU/Documents/seadroid/app/src/main/java/com/seafile/seadroid2/provider/SeafileProvider.kt:588:46 Unresolved reference 'id'.
e: file:///Users/HONGBGU/Documents/seadroid/app/src/main/java/com/seafile/seadroid2/provider/SeafileProvider.kt:588:68 Unresolved reference 'file_id'.
e: file:///Users/HONGBGU/Documents/seadroid/app/src/main/java/com/seafile/seadroid2/provider/SeafileProvider.kt:590:34 Unresolved reference 'DataManager'.
e: file:///Users/HONGBGU/Documents/seadroid/app/src/main/java/com/seafile/seadroid2/provider/SeafileProvider.kt:592:31 Unresolved reference 'repo_id'.
e: file:///Users/HONGBGU/Documents/seadroid/app/src/main/java/com/seafile/seadroid2/provider/SeafileProvider.kt:593:31 Unresolved reference 'repo_name'.
e: file:///Users/HONGBGU/Documents/seadroid/app/src/main/java/com/seafile/seadroid2/provider/SeafileProvider.kt:600:25 Unresolved reference 'Logs'.
e: file:///Users/HONGBGU/Documents/seadroid/app/src/main/java/com/seafile/seadroid2/provider/SeafileProvider.kt:601:25 Unresolved reference 'Logs'.
e: file:///Users/HONGBGU/Documents/seadroid/app/src/main/java/com/seafile/seadroid2/provider/SeafileProvider.kt:610:14 Unresolved reference 'NetworkUtils'.
e: file:///Users/HONGBGU/Documents/seadroid/app/src/main/java/com/seafile/seadroid2/provider/SeafileProvider.kt:611:19 Overload resolution ambiguity between candidates:
fun throwFileNotFoundException(@StringRes() resId: Int): FileNotFoundException
fun throwFileNotFoundException(msg: String?): FileNotFoundException
e: file:///Users/HONGBGU/Documents/seadroid/app/src/main/java/com/seafile/seadroid2/provider/SeafileProvider.kt:611:19 Type mismatch: inferred type is 'ERROR CLASS: Ambiguity: throwFileNotFoundException, [com/seafile/seadroid2/provider/SeafileProvider.throwFileNotFoundException, com/seafile/seadroid2/provider/SeafileProvider.throwFileNotFoundException]', but 'kotlin.Throwable' was expected.
e: file:///Users/HONGBGU/Documents/seadroid/app/src/main/java/com/seafile/seadroid2/provider/SeafileProvider.kt:611:46 Unresolved reference 'R'.
e: file:///Users/HONGBGU/Documents/seadroid/app/src/main/java/com/seafile/seadroid2/provider/SeafileProvider.kt:616:13 Unresolved reference 'DataManager'.
e: file:///Users/HONGBGU/Documents/seadroid/app/src/main/java/com/seafile/seadroid2/provider/SeafileProvider.kt:616:66 Unresolved reference 'repo_id'.
e: file:///Users/HONGBGU/Documents/seadroid/app/src/main/java/com/seafile/seadroid2/provider/SeafileProvider.kt:616:85 Unresolved reference 'repo_name'.
e: file:///Users/HONGBGU/Documents/seadroid/app/src/main/java/com/seafile/seadroid2/provider/SeafileProvider.kt:622:25 Argument type mismatch: actual type is 'com.seafile.seadroid2.account.Account?', but 'com.seafile.seadroid2.account.Account' was expected.
e: file:///Users/HONGBGU/Documents/seadroid/app/src/main/java/com/seafile/seadroid2/provider/SeafileProvider.kt:623:35 Unresolved reference 'repo_id'.
e: file:///Users/HONGBGU/Documents/seadroid/app/src/main/java/com/seafile/seadroid2/provider/SeafileProvider.kt:624:35 Unresolved reference 'repo_name'.
e: file:///Users/HONGBGU/Documents/seadroid/app/src/main/java/com/seafile/seadroid2/provider/SeafileProvider.kt:626:37 Unresolved reference 'id'.
e: file:///Users/HONGBGU/Documents/seadroid/app/src/main/java/com/seafile/seadroid2/provider/SeafileProvider.kt:630:25 Class '<anonymous>' is not abstract and does not implement abstract member 'onError'.
e: file:///Users/HONGBGU/Documents/seadroid/app/src/main/java/com/seafile/seadroid2/provider/SeafileProvider.kt:633:33 Unresolved reference 'Logs'.
e: file:///Users/HONGBGU/Documents/seadroid/app/src/main/java/com/seafile/seadroid2/provider/SeafileProvider.kt:638:29 'onError' overrides nothing.
e: file:///Users/HONGBGU/Documents/seadroid/app/src/main/java/com/seafile/seadroid2/provider/SeafileProvider.kt:647:37 Unresolved reference 'Logs'.
e: file:///Users/HONGBGU/Documents/seadroid/app/src/main/java/com/seafile/seadroid2/provider/SeafileProvider.kt:652:37 Unresolved reference 'Logs'.
e: file:///Users/HONGBGU/Documents/seadroid/app/src/main/java/com/seafile/seadroid2/provider/SeafileProvider.kt:657:33 Unresolved reference 'Logs'.
e: file:///Users/HONGBGU/Documents/seadroid/app/src/main/java/com/seafile/seadroid2/provider/SeafileProvider.kt:662:17 Unresolved reference 'Logs'.
e: file:///Users/HONGBGU/Documents/seadroid/app/src/main/java/com/seafile/seadroid2/provider/SeafileProvider.kt:663:17 Unresolved reference 'Logs'.
e: file:///Users/HONGBGU/Documents/seadroid/app/src/main/java/com/seafile/seadroid2/provider/SeafileProvider.kt:675:13 Unresolved reference 'Logs'.
e: file:///Users/HONGBGU/Documents/seadroid/app/src/main/java/com/seafile/seadroid2/provider/SeafileProvider.kt:676:13 Unresolved reference 'Logs'.
e: file:///Users/HONGBGU/Documents/seadroid/app/src/main/java/com/seafile/seadroid2/provider/SeafileProvider.kt:690:71 Unresolved reference 'ParcelFileDescriptor'.
e: file:///Users/HONGBGU/Documents/seadroid/app/src/main/java/com/seafile/seadroid2/provider/SeafileProvider.kt:691:31 Unresolved reference 'ParcelFileDescriptor'.
e: file:///Users/HONGBGU/Documents/seadroid/app/src/main/java/com/seafile/seadroid2/provider/SeafileProvider.kt:692:16 Unresolved reference 'ParcelFileDescriptor'.
e: file:///Users/HONGBGU/Documents/seadroid/app/src/main/java/com/seafile/seadroid2/provider/SeafileProvider.kt:696:5 'openDocumentThumbnail' overrides nothing.
e: file:///Users/HONGBGU/Documents/seadroid/app/src/main/java/com/seafile/seadroid2/provider/SeafileProvider.kt:700:8 Unresolved reference 'AssetFileDescriptor'.
e: file:///Users/HONGBGU/Documents/seadroid/app/src/main/java/com/seafile/seadroid2/provider/SeafileProvider.kt:701:9 Unresolved reference 'Logs'.
e: file:///Users/HONGBGU/Documents/seadroid/app/src/main/java/com/seafile/seadroid2/provider/SeafileProvider.kt:703:13 Unresolved reference 'TextUtils'.
e: file:///Users/HONGBGU/Documents/seadroid/app/src/main/java/com/seafile/seadroid2/provider/SeafileProvider.kt:704:19 Overload resolution ambiguity between candidates:
fun throwFileNotFoundException(@StringRes() resId: Int): FileNotFoundException
fun throwFileNotFoundException(msg: String?): FileNotFoundException
e: file:///Users/HONGBGU/Documents/seadroid/app/src/main/java/com/seafile/seadroid2/provider/SeafileProvider.kt:704:19 Type mismatch: inferred type is 'ERROR CLASS: Ambiguity: throwFileNotFoundException, [com/seafile/seadroid2/provider/SeafileProvider.throwFileNotFoundException, com/seafile/seadroid2/provider/SeafileProvider.throwFileNotFoundException]', but 'kotlin.Throwable' was expected.
e: file:///Users/HONGBGU/Documents/seadroid/app/src/main/java/com/seafile/seadroid2/provider/SeafileProvider.kt:704:46 Unresolved reference 'R'.
e: file:///Users/HONGBGU/Documents/seadroid/app/src/main/java/com/seafile/seadroid2/provider/SeafileProvider.kt:707:57 Argument type mismatch: actual type is 'kotlin.String?', but 'kotlin.String' was expected.
e: file:///Users/HONGBGU/Documents/seadroid/app/src/main/java/com/seafile/seadroid2/provider/SeafileProvider.kt:709:19 Overload resolution ambiguity between candidates:
fun throwFileNotFoundException(@StringRes() resId: Int): FileNotFoundException
fun throwFileNotFoundException(msg: String?): FileNotFoundException
e: file:///Users/HONGBGU/Documents/seadroid/app/src/main/java/com/seafile/seadroid2/provider/SeafileProvider.kt:709:19 Type mismatch: inferred type is 'ERROR CLASS: Ambiguity: throwFileNotFoundException, [com/seafile/seadroid2/provider/SeafileProvider.throwFileNotFoundException, com/seafile/seadroid2/provider/SeafileProvider.throwFileNotFoundException]', but 'kotlin.Throwable' was expected.
e: file:///Users/HONGBGU/Documents/seadroid/app/src/main/java/com/seafile/seadroid2/provider/SeafileProvider.kt:709:46 Unresolved reference 'R'.
e: file:///Users/HONGBGU/Documents/seadroid/app/src/main/java/com/seafile/seadroid2/provider/SeafileProvider.kt:712:51 Argument type mismatch: actual type is 'kotlin.String?', but 'kotlin.String' was expected.
e: file:///Users/HONGBGU/Documents/seadroid/app/src/main/java/com/seafile/seadroid2/provider/SeafileProvider.kt:713:55 Argument type mismatch: actual type is 'kotlin.String?', but 'kotlin.String' was expected.
e: file:///Users/HONGBGU/Documents/seadroid/app/src/main/java/com/seafile/seadroid2/provider/SeafileProvider.kt:715:19 Only safe (?.) or non-null asserted (!!.) calls are allowed on a nullable receiver of type 'kotlin.String?'.
e: file:///Users/HONGBGU/Documents/seadroid/app/src/main/java/com/seafile/seadroid2/provider/SeafileProvider.kt:716:19 Overload resolution ambiguity between candidates:
fun throwFileNotFoundException(@StringRes() resId: Int): FileNotFoundException
fun throwFileNotFoundException(msg: String?): FileNotFoundException
e: file:///Users/HONGBGU/Documents/seadroid/app/src/main/java/com/seafile/seadroid2/provider/SeafileProvider.kt:716:19 Type mismatch: inferred type is 'ERROR CLASS: Ambiguity: throwFileNotFoundException, [com/seafile/seadroid2/provider/SeafileProvider.throwFileNotFoundException, com/seafile/seadroid2/provider/SeafileProvider.throwFileNotFoundException]', but 'kotlin.Throwable' was expected.
e: file:///Users/HONGBGU/Documents/seadroid/app/src/main/java/com/seafile/seadroid2/provider/SeafileProvider.kt:716:46 Unresolved reference 'R'.
e: file:///Users/HONGBGU/Documents/seadroid/app/src/main/java/com/seafile/seadroid2/provider/SeafileProvider.kt:719:37 Unresolved reference 'RepoModel'.
e: file:///Users/HONGBGU/Documents/seadroid/app/src/main/java/com/seafile/seadroid2/provider/SeafileProvider.kt:721:19 Overload resolution ambiguity between candidates:
fun throwFileNotFoundException(@StringRes() resId: Int): FileNotFoundException
fun throwFileNotFoundException(msg: String?): FileNotFoundException
e: file:///Users/HONGBGU/Documents/seadroid/app/src/main/java/com/seafile/seadroid2/provider/SeafileProvider.kt:721:19 Type mismatch: inferred type is 'ERROR CLASS: Ambiguity: throwFileNotFoundException, [com/seafile/seadroid2/provider/SeafileProvider.throwFileNotFoundException, com/seafile/seadroid2/provider/SeafileProvider.throwFileNotFoundException]', but 'kotlin.Throwable' was expected.
e: file:///Users/HONGBGU/Documents/seadroid/app/src/main/java/com/seafile/seadroid2/provider/SeafileProvider.kt:721:46 Unresolved reference 'R'.
e: file:///Users/HONGBGU/Documents/seadroid/app/src/main/java/com/seafile/seadroid2/provider/SeafileProvider.kt:724:24 Unresolved reference 'RepoModel'.
e: file:///Users/HONGBGU/Documents/seadroid/app/src/main/java/com/seafile/seadroid2/provider/SeafileProvider.kt:726:19 Overload resolution ambiguity between candidates:
fun throwFileNotFoundException(@StringRes() resId: Int): FileNotFoundException
fun throwFileNotFoundException(msg: String?): FileNotFoundException
e: file:///Users/HONGBGU/Documents/seadroid/app/src/main/java/com/seafile/seadroid2/provider/SeafileProvider.kt:726:19 Type mismatch: inferred type is 'ERROR CLASS: Ambiguity: throwFileNotFoundException, [com/seafile/seadroid2/provider/SeafileProvider.throwFileNotFoundException, com/seafile/seadroid2/provider/SeafileProvider.throwFileNotFoundException]', but 'kotlin.Throwable' was expected.
e: file:///Users/HONGBGU/Documents/seadroid/app/src/main/java/com/seafile/seadroid2/provider/SeafileProvider.kt:726:46 Unresolved reference 'R'.
e: file:///Users/HONGBGU/Documents/seadroid/app/src/main/java/com/seafile/seadroid2/provider/SeafileProvider.kt:740:13 Unresolved reference 'DataManager'.
e: file:///Users/HONGBGU/Documents/seadroid/app/src/main/java/com/seafile/seadroid2/provider/SeafileProvider.kt:740:66 Unresolved reference 'repo_id'.
e: file:///Users/HONGBGU/Documents/seadroid/app/src/main/java/com/seafile/seadroid2/provider/SeafileProvider.kt:740:85 Unresolved reference 'repo_name'.
e: file:///Users/HONGBGU/Documents/seadroid/app/src/main/java/com/seafile/seadroid2/provider/SeafileProvider.kt:742:22 Unresolved reference 'ParcelFileDescriptor'.
e: file:///Users/HONGBGU/Documents/seadroid/app/src/main/java/com/seafile/seadroid2/provider/SeafileProvider.kt:743:17 Unresolved reference 'ParcelFileDescriptor'.
e: file:///Users/HONGBGU/Documents/seadroid/app/src/main/java/com/seafile/seadroid2/provider/SeafileProvider.kt:743:49 Unresolved reference 'ParcelFileDescriptor'.
e: file:///Users/HONGBGU/Documents/seadroid/app/src/main/java/com/seafile/seadroid2/provider/SeafileProvider.kt:744:20 Unresolved reference 'AssetFileDescriptor'.
e: file:///Users/HONGBGU/Documents/seadroid/app/src/main/java/com/seafile/seadroid2/provider/SeafileProvider.kt:748:14 Unresolved reference 'NetworkUtils'.
e: file:///Users/HONGBGU/Documents/seadroid/app/src/main/java/com/seafile/seadroid2/provider/SeafileProvider.kt:749:19 Overload resolution ambiguity between candidates:
fun throwFileNotFoundException(@StringRes() resId: Int): FileNotFoundException
fun throwFileNotFoundException(msg: String?): FileNotFoundException
e: file:///Users/HONGBGU/Documents/seadroid/app/src/main/java/com/seafile/seadroid2/provider/SeafileProvider.kt:749:19 Type mismatch: inferred type is 'ERROR CLASS: Ambiguity: throwFileNotFoundException, [com/seafile/seadroid2/provider/SeafileProvider.throwFileNotFoundException, com/seafile/seadroid2/provider/SeafileProvider.throwFileNotFoundException]', but 'kotlin.Throwable' was expected.
e: file:///Users/HONGBGU/Documents/seadroid/app/src/main/java/com/seafile/seadroid2/provider/SeafileProvider.kt:749:46 Unresolved reference 'R'.
e: file:///Users/HONGBGU/Documents/seadroid/app/src/main/java/com/seafile/seadroid2/provider/SeafileProvider.kt:753:29 Unresolved reference 'ParcelFileDescriptor'.
e: file:///Users/HONGBGU/Documents/seadroid/app/src/main/java/com/seafile/seadroid2/provider/SeafileProvider.kt:753:53 Unresolved reference 'ParcelFileDescriptor'.
e: file:///Users/HONGBGU/Documents/seadroid/app/src/main/java/com/seafile/seadroid2/provider/SeafileProvider.kt:754:25 Unresolved reference 'ParcelFileDescriptor'.
e: file:///Users/HONGBGU/Documents/seadroid/app/src/main/java/com/seafile/seadroid2/provider/SeafileProvider.kt:755:26 Unresolved reference 'ParcelFileDescriptor'.
e: file:///Users/HONGBGU/Documents/seadroid/app/src/main/java/com/seafile/seadroid2/provider/SeafileProvider.kt:761:25 Overload resolution ambiguity between candidates:
constructor(p0: String!): FileOutputStream
constructor(p0: File!): FileOutputStream
constructor(p0: FileDescriptor!): FileOutputStream
e: file:///Users/HONGBGU/Documents/seadroid/app/src/main/java/com/seafile/seadroid2/provider/SeafileProvider.kt:761:25 Argument type mismatch: actual type is 'R', but 'K' was expected.
e: file:///Users/HONGBGU/Documents/seadroid/app/src/main/java/com/seafile/seadroid2/provider/SeafileProvider.kt:761:50 Unresolved reference 'getFileDescriptor'.
e: file:///Users/HONGBGU/Documents/seadroid/app/src/main/java/com/seafile/seadroid2/provider/SeafileProvider.kt:761:71 Unresolved reference. None of the following candidates is applicable because of a receiver type mismatch:
@InlineOnly() fun <T : Closeable?, R> T.use(block: (T) -> R): R
    [R|Contract description]
     <
        CallsInPlace(block, EXACTLY_ONCE)
    >
e: file:///Users/HONGBGU/Documents/seadroid/app/src/main/java/com/seafile/seadroid2/provider/SeafileProvider.kt:761:77 Cannot infer type for this parameter. Please specify it explicitly.
e: file:///Users/HONGBGU/Documents/seadroid/app/src/main/java/com/seafile/seadroid2/provider/SeafileProvider.kt:770:29 Unresolved reference 'Logs'.
e: file:///Users/HONGBGU/Documents/seadroid/app/src/main/java/com/seafile/seadroid2/provider/SeafileProvider.kt:772:45 Unresolved reference 'GlideImage'.
e: file:///Users/HONGBGU/Documents/seadroid/app/src/main/java/com/seafile/seadroid2/provider/SeafileProvider.kt:772:58 Unresolved reference 'GlideImage'.
e: file:///Users/HONGBGU/Documents/seadroid/app/src/main/java/com/seafile/seadroid2/provider/SeafileProvider.kt:774:42 Unresolved reference 'RequestOptions'.
e: file:///Users/HONGBGU/Documents/seadroid/app/src/main/java/com/seafile/seadroid2/provider/SeafileProvider.kt:775:33 Unresolved reference 'RequestOptions'.
e: file:///Users/HONGBGU/Documents/seadroid/app/src/main/java/com/seafile/seadroid2/provider/SeafileProvider.kt:775:68 Unresolved reference 'DiskCacheStrategy'.
e: file:///Users/HONGBGU/Documents/seadroid/app/src/main/java/com/seafile/seadroid2/provider/SeafileProvider.kt:777:51 Unresolved reference 'GlideApp'.
e: file:///Users/HONGBGU/Documents/seadroid/app/src/main/java/com/seafile/seadroid2/provider/SeafileProvider.kt:777:51 Initializer type mismatch: expected 'android.graphics.Bitmap?', actual 'kotlin.text.MatchGroup?'.
e: file:///Users/HONGBGU/Documents/seadroid/app/src/main/java/com/seafile/seadroid2/provider/SeafileProvider.kt:777:65 Unresolved reference 'getContext'.
e: file:///Users/HONGBGU/Documents/seadroid/app/src/main/java/com/seafile/seadroid2/provider/SeafileProvider.kt:781:34 Unresolved reference 'centerCrop'.
e: file:///Users/HONGBGU/Documents/seadroid/app/src/main/java/com/seafile/seadroid2/provider/SeafileProvider.kt:789:25 Unresolved reference 'Logs'.
e: file:///Users/HONGBGU/Documents/seadroid/app/src/main/java/com/seafile/seadroid2/provider/SeafileProvider.kt:791:33 Overload resolution ambiguity between candidates:
static fun closeQuietly(p0: Closeable!): Unit
static fun closeQuietly(vararg p0: Closeable!): Unit
static fun closeQuietly(p0: InputStream!): Unit
static fun closeQuietly(p0: (MutableIterable<Closeable!>..Iterable<Closeable!>?)): Unit
static fun closeQuietly(p0: OutputStream!): Unit
static fun closeQuietly(p0: Reader!): Unit
static fun closeQuietly(p0: Selector!): Unit
static fun closeQuietly(p0: ServerSocket!): Unit
static fun closeQuietly(p0: Socket!): Unit
static fun closeQuietly(p0: Stream<Closeable!>!): Unit
static fun closeQuietly(p0: Writer!): Unit
e: file:///Users/HONGBGU/Documents/seadroid/app/src/main/java/com/seafile/seadroid2/provider/SeafileProvider.kt:800:25 Unresolved reference 'Logs'.
e: file:///Users/HONGBGU/Documents/seadroid/app/src/main/java/com/seafile/seadroid2/provider/SeafileProvider.kt:802:33 Overload resolution ambiguity between candidates:
static fun closeQuietly(p0: Closeable!): Unit
static fun closeQuietly(vararg p0: Closeable!): Unit
static fun closeQuietly(p0: InputStream!): Unit
static fun closeQuietly(p0: (MutableIterable<Closeable!>..Iterable<Closeable!>?)): Unit
static fun closeQuietly(p0: OutputStream!): Unit
static fun closeQuietly(p0: Reader!): Unit
static fun closeQuietly(p0: Selector!): Unit
static fun closeQuietly(p0: ServerSocket!): Unit
static fun closeQuietly(p0: Socket!): Unit
static fun closeQuietly(p0: Stream<Closeable!>!): Unit
static fun closeQuietly(p0: Writer!): Unit
e: file:///Users/HONGBGU/Documents/seadroid/app/src/main/java/com/seafile/seadroid2/provider/SeafileProvider.kt:807:20 Unresolved reference 'AssetFileDescriptor'.
e: file:///Users/HONGBGU/Documents/seadroid/app/src/main/java/com/seafile/seadroid2/provider/SeafileProvider.kt:807:51 Unresolved reference 'AssetFileDescriptor'.
e: file:///Users/HONGBGU/Documents/seadroid/app/src/main/java/com/seafile/seadroid2/provider/SeafileProvider.kt:814:5 'createDocument' overrides nothing.
e: file:///Users/HONGBGU/Documents/seadroid/app/src/main/java/com/seafile/seadroid2/provider/SeafileProvider.kt:819:9 Unresolved reference 'Logs'.
e: file:///Users/HONGBGU/Documents/seadroid/app/src/main/java/com/seafile/seadroid2/provider/SeafileProvider.kt:827:13 Unresolved reference 'TextUtils'.
e: file:///Users/HONGBGU/Documents/seadroid/app/src/main/java/com/seafile/seadroid2/provider/SeafileProvider.kt:827:52 Unresolved reference 'TextUtils'.
e: file:///Users/HONGBGU/Documents/seadroid/app/src/main/java/com/seafile/seadroid2/provider/SeafileProvider.kt:827:83 Unresolved reference 'TextUtils'.
e: file:///Users/HONGBGU/Documents/seadroid/app/src/main/java/com/seafile/seadroid2/provider/SeafileProvider.kt:831:19 Overload resolution ambiguity between candidates:
fun throwFileNotFoundException(@StringRes() resId: Int): FileNotFoundException
fun throwFileNotFoundException(msg: String?): FileNotFoundException
e: file:///Users/HONGBGU/Documents/seadroid/app/src/main/java/com/seafile/seadroid2/provider/SeafileProvider.kt:831:19 Type mismatch: inferred type is 'ERROR CLASS: Ambiguity: throwFileNotFoundException, [com/seafile/seadroid2/provider/SeafileProvider.throwFileNotFoundException, com/seafile/seadroid2/provider/SeafileProvider.throwFileNotFoundException]', but 'kotlin.Throwable' was expected.
e: file:///Users/HONGBGU/Documents/seadroid/app/src/main/java/com/seafile/seadroid2/provider/SeafileProvider.kt:831:46 Unresolved reference 'R'.
e: file:///Users/HONGBGU/Documents/seadroid/app/src/main/java/com/seafile/seadroid2/provider/SeafileProvider.kt:834:14 Unresolved reference 'NetworkUtils'.
e: file:///Users/HONGBGU/Documents/seadroid/app/src/main/java/com/seafile/seadroid2/provider/SeafileProvider.kt:834:48 Overload resolution ambiguity between candidates:
fun throwFileNotFoundException(@StringRes() resId: Int): FileNotFoundException
fun throwFileNotFoundException(msg: String?): FileNotFoundException
e: file:///Users/HONGBGU/Documents/seadroid/app/src/main/java/com/seafile/seadroid2/provider/SeafileProvider.kt:834:48 Type mismatch: inferred type is 'ERROR CLASS: Ambiguity: throwFileNotFoundException, [com/seafile/seadroid2/provider/SeafileProvider.throwFileNotFoundException, com/seafile/seadroid2/provider/SeafileProvider.throwFileNotFoundException]', but 'kotlin.Throwable' was expected.
e: file:///Users/HONGBGU/Documents/seadroid/app/src/main/java/com/seafile/seadroid2/provider/SeafileProvider.kt:834:75 Unresolved reference 'R'.
e: file:///Users/HONGBGU/Documents/seadroid/app/src/main/java/com/seafile/seadroid2/provider/SeafileProvider.kt:836:57 Argument type mismatch: actual type is 'kotlin.String?', but 'kotlin.String' was expected.
e: file:///Users/HONGBGU/Documents/seadroid/app/src/main/java/com/seafile/seadroid2/provider/SeafileProvider.kt:838:19 Overload resolution ambiguity between candidates:
fun throwFileNotFoundException(@StringRes() resId: Int): FileNotFoundException
fun throwFileNotFoundException(msg: String?): FileNotFoundException
e: file:///Users/HONGBGU/Documents/seadroid/app/src/main/java/com/seafile/seadroid2/provider/SeafileProvider.kt:838:19 Type mismatch: inferred type is 'ERROR CLASS: Ambiguity: throwFileNotFoundException, [com/seafile/seadroid2/provider/SeafileProvider.throwFileNotFoundException, com/seafile/seadroid2/provider/SeafileProvider.throwFileNotFoundException]', but 'kotlin.Throwable' was expected.
e: file:///Users/HONGBGU/Documents/seadroid/app/src/main/java/com/seafile/seadroid2/provider/SeafileProvider.kt:838:46 Unresolved reference 'R'.
e: file:///Users/HONGBGU/Documents/seadroid/app/src/main/java/com/seafile/seadroid2/provider/SeafileProvider.kt:841:57 Argument type mismatch: actual type is 'kotlin.String?', but 'kotlin.String' was expected.
e: file:///Users/HONGBGU/Documents/seadroid/app/src/main/java/com/seafile/seadroid2/provider/SeafileProvider.kt:842:13 Unresolved reference 'TextUtils'.
e: file:///Users/HONGBGU/Documents/seadroid/app/src/main/java/com/seafile/seadroid2/provider/SeafileProvider.kt:843:19 Overload resolution ambiguity between candidates:
fun throwFileNotFoundException(@StringRes() resId: Int): FileNotFoundException
fun throwFileNotFoundException(msg: String?): FileNotFoundException
e: file:///Users/HONGBGU/Documents/seadroid/app/src/main/java/com/seafile/seadroid2/provider/SeafileProvider.kt:843:19 Type mismatch: inferred type is 'ERROR CLASS: Ambiguity: throwFileNotFoundException, [com/seafile/seadroid2/provider/SeafileProvider.throwFileNotFoundException, com/seafile/seadroid2/provider/SeafileProvider.throwFileNotFoundException]', but 'kotlin.Throwable' was expected.
e: file:///Users/HONGBGU/Documents/seadroid/app/src/main/java/com/seafile/seadroid2/provider/SeafileProvider.kt:843:46 Unresolved reference 'R'.
e: file:///Users/HONGBGU/Documents/seadroid/app/src/main/java/com/seafile/seadroid2/provider/SeafileProvider.kt:846:55 Argument type mismatch: actual type is 'kotlin.String?', but 'kotlin.String' was expected.
e: file:///Users/HONGBGU/Documents/seadroid/app/src/main/java/com/seafile/seadroid2/provider/SeafileProvider.kt:847:32 Unresolved reference 'RepoModel'.
e: file:///Users/HONGBGU/Documents/seadroid/app/src/main/java/com/seafile/seadroid2/provider/SeafileProvider.kt:849:19 Overload resolution ambiguity between candidates:
fun throwFileNotFoundException(@StringRes() resId: Int): FileNotFoundException
fun throwFileNotFoundException(msg: String?): FileNotFoundException
e: file:///Users/HONGBGU/Documents/seadroid/app/src/main/java/com/seafile/seadroid2/provider/SeafileProvider.kt:849:19 Type mismatch: inferred type is 'ERROR CLASS: Ambiguity: throwFileNotFoundException, [com/seafile/seadroid2/provider/SeafileProvider.throwFileNotFoundException, com/seafile/seadroid2/provider/SeafileProvider.throwFileNotFoundException]', but 'kotlin.Throwable' was expected.
e: file:///Users/HONGBGU/Documents/seadroid/app/src/main/java/com/seafile/seadroid2/provider/SeafileProvider.kt:849:46 Unresolved reference 'R'.
e: file:///Users/HONGBGU/Documents/seadroid/app/src/main/java/com/seafile/seadroid2/provider/SeafileProvider.kt:852:19 Unresolved reference 'RepoModel'.
e: file:///Users/HONGBGU/Documents/seadroid/app/src/main/java/com/seafile/seadroid2/provider/SeafileProvider.kt:853:35 Unresolved reference 'hasWritePermission'.
e: file:///Users/HONGBGU/Documents/seadroid/app/src/main/java/com/seafile/seadroid2/provider/SeafileProvider.kt:854:19 Overload resolution ambiguity between candidates:
fun throwFileNotFoundException(@StringRes() resId: Int): FileNotFoundException
fun throwFileNotFoundException(msg: String?): FileNotFoundException
e: file:///Users/HONGBGU/Documents/seadroid/app/src/main/java/com/seafile/seadroid2/provider/SeafileProvider.kt:854:19 Type mismatch: inferred type is 'ERROR CLASS: Ambiguity: throwFileNotFoundException, [com/seafile/seadroid2/provider/SeafileProvider.throwFileNotFoundException, com/seafile/seadroid2/provider/SeafileProvider.throwFileNotFoundException]', but 'kotlin.Throwable' was expected.
e: file:///Users/HONGBGU/Documents/seadroid/app/src/main/java/com/seafile/seadroid2/provider/SeafileProvider.kt:854:46 Unresolved reference 'R'.
e: file:///Users/HONGBGU/Documents/seadroid/app/src/main/java/com/seafile/seadroid2/provider/SeafileProvider.kt:857:25 Unresolved reference 'DocumentsContract'.
e: file:///Users/HONGBGU/Documents/seadroid/app/src/main/java/com/seafile/seadroid2/provider/SeafileProvider.kt:858:13 Unresolved reference 'Logs'.
e: file:///Users/HONGBGU/Documents/seadroid/app/src/main/java/com/seafile/seadroid2/provider/SeafileProvider.kt:866:35 Unresolved reference 'HttpIO'.
e: file:///Users/HONGBGU/Documents/seadroid/app/src/main/java/com/seafile/seadroid2/provider/SeafileProvider.kt:867:26 Unresolved reference 'DialogService'.
e: file:///Users/HONGBGU/Documents/seadroid/app/src/main/java/com/seafile/seadroid2/provider/SeafileProvider.kt:867:42 Unresolved reference 'DialogService'.
e: file:///Users/HONGBGU/Documents/seadroid/app/src/main/java/com/seafile/seadroid2/provider/SeafileProvider.kt:867:63 Unresolved reference. None of the following candidates is applicable because of a receiver type mismatch:
val <T> KClass<T>.java: Class<T>
e: file:///Users/HONGBGU/Documents/seadroid/app/src/main/java/com/seafile/seadroid2/provider/SeafileProvider.kt:869:17 Unresolved reference 'TextUtils'.
e: file:///Users/HONGBGU/Documents/seadroid/app/src/main/java/com/seafile/seadroid2/provider/SeafileProvider.kt:870:17 Unresolved reference 'Logs'.
e: file:///Users/HONGBGU/Documents/seadroid/app/src/main/java/com/seafile/seadroid2/provider/SeafileProvider.kt:873:30 Unresolved reference 'buildId'.
e: file:///Users/HONGBGU/Documents/seadroid/app/src/main/java/com/seafile/seadroid2/provider/SeafileProvider.kt:877:32 Unresolved reference 'buildId'.
e: file:///Users/HONGBGU/Documents/seadroid/app/src/main/java/com/seafile/seadroid2/provider/SeafileProvider.kt:878:9 Unresolved reference 'Logs'.
e: file:///Users/HONGBGU/Documents/seadroid/app/src/main/java/com/seafile/seadroid2/provider/SeafileProvider.kt:883:13 Unresolved reference 'getContext'.
e: file:///Users/HONGBGU/Documents/seadroid/app/src/main/java/com/seafile/seadroid2/provider/SeafileProvider.kt:884:13 Unresolved reference 'Logs'.
e: file:///Users/HONGBGU/Documents/seadroid/app/src/main/java/com/seafile/seadroid2/provider/SeafileProvider.kt:892:17 Unresolved reference 'getContext'.
e: file:///Users/HONGBGU/Documents/seadroid/app/src/main/java/com/seafile/seadroid2/provider/SeafileProvider.kt:893:16 Overload resolution ambiguity between candidates:
fun throwFileNotFoundException(@StringRes() resId: Int): FileNotFoundException
fun throwFileNotFoundException(msg: String?): FileNotFoundException
e: file:///Users/HONGBGU/Documents/seadroid/app/src/main/java/com/seafile/seadroid2/provider/SeafileProvider.kt:897:9 Unresolved reference 'Logs'.
e: file:///Users/HONGBGU/Documents/seadroid/app/src/main/java/com/seafile/seadroid2/provider/SeafileProvider.kt:910:37 Unresolved reference 'MatrixCursor'.
e: file:///Users/HONGBGU/Documents/seadroid/app/src/main/java/com/seafile/seadroid2/provider/SeafileProvider.kt:911:30 Unresolved reference 'buildId'.
e: file:///Users/HONGBGU/Documents/seadroid/app/src/main/java/com/seafile/seadroid2/provider/SeafileProvider.kt:914:9 Unresolved reference 'Logs'.
e: file:///Users/HONGBGU/Documents/seadroid/app/src/main/java/com/seafile/seadroid2/provider/SeafileProvider.kt:915:9 Unresolved reference 'Logs'.
e: file:///Users/HONGBGU/Documents/seadroid/app/src/main/java/com/seafile/seadroid2/provider/SeafileProvider.kt:917:18 Unresolved reference 'RowBuilder'.
e: file:///Users/HONGBGU/Documents/seadroid/app/src/main/java/com/seafile/seadroid2/provider/SeafileProvider.kt:917:38 Unresolved reference 'newRow'.
e: file:///Users/HONGBGU/Documents/seadroid/app/src/main/java/com/seafile/seadroid2/provider/SeafileProvider.kt:919:13 Unresolved reference 'add'.
e: file:///Users/HONGBGU/Documents/seadroid/app/src/main/java/com/seafile/seadroid2/provider/SeafileProvider.kt:919:17 Unresolved reference 'DocumentsContract'.
e: file:///Users/HONGBGU/Documents/seadroid/app/src/main/java/com/seafile/seadroid2/provider/SeafileProvider.kt:920:13 Unresolved reference 'add'.
e: file:///Users/HONGBGU/Documents/seadroid/app/src/main/java/com/seafile/seadroid2/provider/SeafileProvider.kt:920:17 Unresolved reference 'DocumentsContract'.
e: file:///Users/HONGBGU/Documents/seadroid/app/src/main/java/com/seafile/seadroid2/provider/SeafileProvider.kt:921:13 Unresolved reference 'add'.
e: file:///Users/HONGBGU/Documents/seadroid/app/src/main/java/com/seafile/seadroid2/provider/SeafileProvider.kt:921:17 Unresolved reference 'DocumentsContract'.
e: file:///Users/HONGBGU/Documents/seadroid/app/src/main/java/com/seafile/seadroid2/provider/SeafileProvider.kt:921:53 Unresolved reference 'R'.
e: file:///Users/HONGBGU/Documents/seadroid/app/src/main/java/com/seafile/seadroid2/provider/SeafileProvider.kt:922:13 Unresolved reference 'add'.
e: file:///Users/HONGBGU/Documents/seadroid/app/src/main/java/com/seafile/seadroid2/provider/SeafileProvider.kt:923:13 Unresolved reference 'DocumentsContract'.
e: file:///Users/HONGBGU/Documents/seadroid/app/src/main/java/com/seafile/seadroid2/provider/SeafileProvider.kt:924:13 Unresolved reference 'DocumentsContract'.
e: file:///Users/HONGBGU/Documents/seadroid/app/src/main/java/com/seafile/seadroid2/provider/SeafileProvider.kt:924:62 Unresolved reference 'DocumentsContract'.
e: file:///Users/HONGBGU/Documents/seadroid/app/src/main/java/com/seafile/seadroid2/provider/SeafileProvider.kt:926:13 Unresolved reference 'add'.
e: file:///Users/HONGBGU/Documents/seadroid/app/src/main/java/com/seafile/seadroid2/provider/SeafileProvider.kt:926:17 Unresolved reference 'DocumentsContract'.
e: file:///Users/HONGBGU/Documents/seadroid/app/src/main/java/com/seafile/seadroid2/provider/SeafileProvider.kt:927:13 Unresolved reference 'add'.
e: file:///Users/HONGBGU/Documents/seadroid/app/src/main/java/com/seafile/seadroid2/provider/SeafileProvider.kt:927:17 Unresolved reference 'DocumentsContract'.
e: file:///Users/HONGBGU/Documents/seadroid/app/src/main/java/com/seafile/seadroid2/provider/SeafileProvider.kt:937:17 Unresolved reference 'MatrixCursor'.
e: file:///Users/HONGBGU/Documents/seadroid/app/src/main/java/com/seafile/seadroid2/provider/SeafileProvider.kt:940:30 Unresolved reference 'buildId'.
e: file:///Users/HONGBGU/Documents/seadroid/app/src/main/java/com/seafile/seadroid2/provider/SeafileProvider.kt:942:18 Unresolved reference 'RowBuilder'.
e: file:///Users/HONGBGU/Documents/seadroid/app/src/main/java/com/seafile/seadroid2/provider/SeafileProvider.kt:942:38 Unresolved reference 'newRow'.
e: file:///Users/HONGBGU/Documents/seadroid/app/src/main/java/com/seafile/seadroid2/provider/SeafileProvider.kt:943:13 Unresolved reference 'add'.
e: file:///Users/HONGBGU/Documents/seadroid/app/src/main/java/com/seafile/seadroid2/provider/SeafileProvider.kt:943:17 Unresolved reference 'DocumentsContract'.
e: file:///Users/HONGBGU/Documents/seadroid/app/src/main/java/com/seafile/seadroid2/provider/SeafileProvider.kt:944:13 Unresolved reference 'add'.
e: file:///Users/HONGBGU/Documents/seadroid/app/src/main/java/com/seafile/seadroid2/provider/SeafileProvider.kt:944:17 Unresolved reference 'DocumentsContract'.
e: file:///Users/HONGBGU/Documents/seadroid/app/src/main/java/com/seafile/seadroid2/provider/SeafileProvider.kt:945:13 Unresolved reference 'add'.
e: file:///Users/HONGBGU/Documents/seadroid/app/src/main/java/com/seafile/seadroid2/provider/SeafileProvider.kt:945:17 Unresolved reference 'DocumentsContract'.
e: file:///Users/HONGBGU/Documents/seadroid/app/src/main/java/com/seafile/seadroid2/provider/SeafileProvider.kt:946:13 Unresolved reference 'add'.
e: file:///Users/HONGBGU/Documents/seadroid/app/src/main/java/com/seafile/seadroid2/provider/SeafileProvider.kt:946:17 Unresolved reference 'DocumentsContract'.
e: file:///Users/HONGBGU/Documents/seadroid/app/src/main/java/com/seafile/seadroid2/provider/SeafileProvider.kt:947:13 Unresolved reference 'add'.
e: file:///Users/HONGBGU/Documents/seadroid/app/src/main/java/com/seafile/seadroid2/provider/SeafileProvider.kt:947:17 Unresolved reference 'DocumentsContract'.
e: file:///Users/HONGBGU/Documents/seadroid/app/src/main/java/com/seafile/seadroid2/provider/SeafileProvider.kt:947:57 Unresolved reference 'R'.
e: file:///Users/HONGBGU/Documents/seadroid/app/src/main/java/com/seafile/seadroid2/provider/SeafileProvider.kt:948:13 Unresolved reference 'add'.
e: file:///Users/HONGBGU/Documents/seadroid/app/src/main/java/com/seafile/seadroid2/provider/SeafileProvider.kt:948:17 Unresolved reference 'DocumentsContract'.
e: file:///Users/HONGBGU/Documents/seadroid/app/src/main/java/com/seafile/seadroid2/provider/SeafileProvider.kt:949:13 Unresolved reference 'add'.
e: file:///Users/HONGBGU/Documents/seadroid/app/src/main/java/com/seafile/seadroid2/provider/SeafileProvider.kt:950:13 Unresolved reference 'DocumentsContract'.
e: file:///Users/HONGBGU/Documents/seadroid/app/src/main/java/com/seafile/seadroid2/provider/SeafileProvider.kt:951:13 Unresolved reference 'DocumentsContract'.
e: file:///Users/HONGBGU/Documents/seadroid/app/src/main/java/com/seafile/seadroid2/provider/SeafileProvider.kt:963:17 Unresolved reference 'MatrixCursor'.
e: file:///Users/HONGBGU/Documents/seadroid/app/src/main/java/com/seafile/seadroid2/provider/SeafileProvider.kt:965:20 Unresolved reference 'RepoModel'.
e: file:///Users/HONGBGU/Documents/seadroid/app/src/main/java/com/seafile/seadroid2/provider/SeafileProvider.kt:967:72 Unresolved reference 'repo_id'.
e: file:///Users/HONGBGU/Documents/seadroid/app/src/main/java/com/seafile/seadroid2/provider/SeafileProvider.kt:970:23 Unresolved reference 'hasWritePermission'.
e: file:///Users/HONGBGU/Documents/seadroid/app/src/main/java/com/seafile/seadroid2/provider/SeafileProvider.kt:971:30 Unresolved reference 'DocumentsContract'.
e: file:///Users/HONGBGU/Documents/seadroid/app/src/main/java/com/seafile/seadroid2/provider/SeafileProvider.kt:974:18 Unresolved reference 'RowBuilder'.
e: file:///Users/HONGBGU/Documents/seadroid/app/src/main/java/com/seafile/seadroid2/provider/SeafileProvider.kt:974:38 Unresolved reference 'newRow'.
e: file:///Users/HONGBGU/Documents/seadroid/app/src/main/java/com/seafile/seadroid2/provider/SeafileProvider.kt:975:13 Unresolved reference 'add'.
e: file:///Users/HONGBGU/Documents/seadroid/app/src/main/java/com/seafile/seadroid2/provider/SeafileProvider.kt:975:17 Unresolved reference 'DocumentsContract'.
e: file:///Users/HONGBGU/Documents/seadroid/app/src/main/java/com/seafile/seadroid2/provider/SeafileProvider.kt:976:13 Unresolved reference 'add'.
e: file:///Users/HONGBGU/Documents/seadroid/app/src/main/java/com/seafile/seadroid2/provider/SeafileProvider.kt:976:17 Unresolved reference 'DocumentsContract'.
e: file:///Users/HONGBGU/Documents/seadroid/app/src/main/java/com/seafile/seadroid2/provider/SeafileProvider.kt:976:75 Unresolved reference 'repo_name'.
e: file:///Users/HONGBGU/Documents/seadroid/app/src/main/java/com/seafile/seadroid2/provider/SeafileProvider.kt:977:13 Unresolved reference 'add'.
e: file:///Users/HONGBGU/Documents/seadroid/app/src/main/java/com/seafile/seadroid2/provider/SeafileProvider.kt:977:17 Unresolved reference 'DocumentsContract'.
e: file:///Users/HONGBGU/Documents/seadroid/app/src/main/java/com/seafile/seadroid2/provider/SeafileProvider.kt:977:76 Unresolved reference 'last_modified_long'.
e: file:///Users/HONGBGU/Documents/seadroid/app/src/main/java/com/seafile/seadroid2/provider/SeafileProvider.kt:978:13 Unresolved reference 'add'.
e: file:///Users/HONGBGU/Documents/seadroid/app/src/main/java/com/seafile/seadroid2/provider/SeafileProvider.kt:978:17 Unresolved reference 'DocumentsContract'.
e: file:///Users/HONGBGU/Documents/seadroid/app/src/main/java/com/seafile/seadroid2/provider/SeafileProvider.kt:979:13 Unresolved reference 'add'.
e: file:///Users/HONGBGU/Documents/seadroid/app/src/main/java/com/seafile/seadroid2/provider/SeafileProvider.kt:979:17 Unresolved reference 'DocumentsContract'.
e: file:///Users/HONGBGU/Documents/seadroid/app/src/main/java/com/seafile/seadroid2/provider/SeafileProvider.kt:979:67 Unresolved reference 'getIcon'.
e: file:///Users/HONGBGU/Documents/seadroid/app/src/main/java/com/seafile/seadroid2/provider/SeafileProvider.kt:980:13 Unresolved reference 'add'.
e: file:///Users/HONGBGU/Documents/seadroid/app/src/main/java/com/seafile/seadroid2/provider/SeafileProvider.kt:980:17 Unresolved reference 'DocumentsContract'.
e: file:///Users/HONGBGU/Documents/seadroid/app/src/main/java/com/seafile/seadroid2/provider/SeafileProvider.kt:980:67 Unresolved reference 'size'.
e: file:///Users/HONGBGU/Documents/seadroid/app/src/main/java/com/seafile/seadroid2/provider/SeafileProvider.kt:982:13 Unresolved reference 'RepoType'.
e: file:///Users/HONGBGU/Documents/seadroid/app/src/main/java/com/seafile/seadroid2/provider/SeafileProvider.kt:982:45 Unresolved reference 'type'.
e: file:///Users/HONGBGU/Documents/seadroid/app/src/main/java/com/seafile/seadroid2/provider/SeafileProvider.kt:983:17 Unresolved reference 'add'.
e: file:///Users/HONGBGU/Documents/seadroid/app/src/main/java/com/seafile/seadroid2/provider/SeafileProvider.kt:983:21 Unresolved reference 'DocumentsContract'.
e: file:///Users/HONGBGU/Documents/seadroid/app/src/main/java/com/seafile/seadroid2/provider/SeafileProvider.kt:983:64 Unresolved reference 'R'.
e: file:///Users/HONGBGU/Documents/seadroid/app/src/main/java/com/seafile/seadroid2/provider/SeafileProvider.kt:984:20 Unresolved reference 'RepoType'.
e: file:///Users/HONGBGU/Documents/seadroid/app/src/main/java/com/seafile/seadroid2/provider/SeafileProvider.kt:984:54 Unresolved reference 'type'.
e: file:///Users/HONGBGU/Documents/seadroid/app/src/main/java/com/seafile/seadroid2/provider/SeafileProvider.kt:985:17 Unresolved reference 'add'.
e: file:///Users/HONGBGU/Documents/seadroid/app/src/main/java/com/seafile/seadroid2/provider/SeafileProvider.kt:985:21 Unresolved reference 'DocumentsContract'.
e: file:///Users/HONGBGU/Documents/seadroid/app/src/main/java/com/seafile/seadroid2/provider/SeafileProvider.kt:985:64 Unresolved reference 'R'.
e: file:///Users/HONGBGU/Documents/seadroid/app/src/main/java/com/seafile/seadroid2/provider/SeafileProvider.kt:986:20 Unresolved reference 'RepoType'.
e: file:///Users/HONGBGU/Documents/seadroid/app/src/main/java/com/seafile/seadroid2/provider/SeafileProvider.kt:986:53 Unresolved reference 'type'.
e: file:///Users/HONGBGU/Documents/seadroid/app/src/main/java/com/seafile/seadroid2/provider/SeafileProvider.kt:987:17 Unresolved reference 'add'.
e: file:///Users/HONGBGU/Documents/seadroid/app/src/main/java/com/seafile/seadroid2/provider/SeafileProvider.kt:987:21 Unresolved reference 'DocumentsContract'.
e: file:///Users/HONGBGU/Documents/seadroid/app/src/main/java/com/seafile/seadroid2/provider/SeafileProvider.kt:987:74 Unresolved reference 'group_name'.
e: file:///Users/HONGBGU/Documents/seadroid/app/src/main/java/com/seafile/seadroid2/provider/SeafileProvider.kt:989:17 Unresolved reference 'add'.
e: file:///Users/HONGBGU/Documents/seadroid/app/src/main/java/com/seafile/seadroid2/provider/SeafileProvider.kt:989:21 Unresolved reference 'DocumentsContract'.
e: file:///Users/HONGBGU/Documents/seadroid/app/src/main/java/com/seafile/seadroid2/provider/SeafileProvider.kt:992:23 Unresolved reference 'encrypted'.
e: file:///Users/HONGBGU/Documents/seadroid/app/src/main/java/com/seafile/seadroid2/provider/SeafileProvider.kt:993:17 Unresolved reference 'add'.
e: file:///Users/HONGBGU/Documents/seadroid/app/src/main/java/com/seafile/seadroid2/provider/SeafileProvider.kt:994:17 Unresolved reference 'DocumentsContract'.
e: file:///Users/HONGBGU/Documents/seadroid/app/src/main/java/com/seafile/seadroid2/provider/SeafileProvider.kt:998:17 Unresolved reference 'add'.
e: file:///Users/HONGBGU/Documents/seadroid/app/src/main/java/com/seafile/seadroid2/provider/SeafileProvider.kt:999:17 Unresolved reference 'DocumentsContract'.
e: file:///Users/HONGBGU/Documents/seadroid/app/src/main/java/com/seafile/seadroid2/provider/SeafileProvider.kt:1000:17 Unresolved reference 'DocumentsContract'.
e: file:///Users/HONGBGU/Documents/seadroid/app/src/main/java/com/seafile/seadroid2/provider/SeafileProvider.kt:1006:17 Unresolved reference 'MatrixCursor'.
e: file:///Users/HONGBGU/Documents/seadroid/app/src/main/java/com/seafile/seadroid2/provider/SeafileProvider.kt:1011:18 Unresolved reference 'RowBuilder'.
e: file:///Users/HONGBGU/Documents/seadroid/app/src/main/java/com/seafile/seadroid2/provider/SeafileProvider.kt:1011:38 Unresolved reference 'newRow'.
e: file:///Users/HONGBGU/Documents/seadroid/app/src/main/java/com/seafile/seadroid2/provider/SeafileProvider.kt:1012:13 Unresolved reference 'add'.
e: file:///Users/HONGBGU/Documents/seadroid/app/src/main/java/com/seafile/seadroid2/provider/SeafileProvider.kt:1012:17 Unresolved reference 'DocumentsContract'.
e: file:///Users/HONGBGU/Documents/seadroid/app/src/main/java/com/seafile/seadroid2/provider/SeafileProvider.kt:1014:13 Unresolved reference 'add'.
e: file:///Users/HONGBGU/Documents/seadroid/app/src/main/java/com/seafile/seadroid2/provider/SeafileProvider.kt:1015:13 Unresolved reference 'DocumentsContract'.
e: file:///Users/HONGBGU/Documents/seadroid/app/src/main/java/com/seafile/seadroid2/provider/SeafileProvider.kt:1016:13 Unresolved reference 'SeadroidApplication'.
e: file:///Users/HONGBGU/Documents/seadroid/app/src/main/java/com/seafile/seadroid2/provider/SeafileProvider.kt:1016:46 Unresolved reference 'R'.
e: file:///Users/HONGBGU/Documents/seadroid/app/src/main/java/com/seafile/seadroid2/provider/SeafileProvider.kt:1018:13 Unresolved reference 'add'.
e: file:///Users/HONGBGU/Documents/seadroid/app/src/main/java/com/seafile/seadroid2/provider/SeafileProvider.kt:1018:17 Unresolved reference 'DocumentsContract'.
e: file:///Users/HONGBGU/Documents/seadroid/app/src/main/java/com/seafile/seadroid2/provider/SeafileProvider.kt:1018:57 Unresolved reference 'R'.
e: file:///Users/HONGBGU/Documents/seadroid/app/src/main/java/com/seafile/seadroid2/provider/SeafileProvider.kt:1019:13 Unresolved reference 'add'.
e: file:///Users/HONGBGU/Documents/seadroid/app/src/main/java/com/seafile/seadroid2/provider/SeafileProvider.kt:1019:17 Unresolved reference 'DocumentsContract'.
e: file:///Users/HONGBGU/Documents/seadroid/app/src/main/java/com/seafile/seadroid2/provider/SeafileProvider.kt:1021:13 Unresolved reference 'add'.
e: file:///Users/HONGBGU/Documents/seadroid/app/src/main/java/com/seafile/seadroid2/provider/SeafileProvider.kt:1022:13 Unresolved reference 'DocumentsContract'.
e: file:///Users/HONGBGU/Documents/seadroid/app/src/main/java/com/seafile/seadroid2/provider/SeafileProvider.kt:1023:13 Unresolved reference 'DocumentsContract'.
e: file:///Users/HONGBGU/Documents/seadroid/app/src/main/java/com/seafile/seadroid2/provider/SeafileProvider.kt:1034:17 Unresolved reference 'MatrixCursor'.
e: file:///Users/HONGBGU/Documents/seadroid/app/src/main/java/com/seafile/seadroid2/provider/SeafileProvider.kt:1036:20 Unresolved reference 'RepoModel'.
e: file:///Users/HONGBGU/Documents/seadroid/app/src/main/java/com/seafile/seadroid2/provider/SeafileProvider.kt:1037:16 Unresolved reference 'DirentModel'.
e: file:///Users/HONGBGU/Documents/seadroid/app/src/main/java/com/seafile/seadroid2/provider/SeafileProvider.kt:1040:38 Argument type mismatch: actual type is 'com.seafile.seadroid2.account.Account?', but 'com.seafile.seadroid2.account.Account' was expected.
e: file:///Users/HONGBGU/Documents/seadroid/app/src/main/java/com/seafile/seadroid2/provider/SeafileProvider.kt:1040:57 Unresolved reference 'repo_id'.
e: file:///Users/HONGBGU/Documents/seadroid/app/src/main/java/com/seafile/seadroid2/provider/SeafileProvider.kt:1040:72 Unresolved reference 'full_path'.
e: file:///Users/HONGBGU/Documents/seadroid/app/src/main/java/com/seafile/seadroid2/provider/SeafileProvider.kt:1040:89 Unresolved reference 'isDir'.
e: file:///Users/HONGBGU/Documents/seadroid/app/src/main/java/com/seafile/seadroid2/provider/SeafileProvider.kt:1042:18 Unresolved reference 'RowBuilder'.
e: file:///Users/HONGBGU/Documents/seadroid/app/src/main/java/com/seafile/seadroid2/provider/SeafileProvider.kt:1042:38 Unresolved reference 'newRow'.
e: file:///Users/HONGBGU/Documents/seadroid/app/src/main/java/com/seafile/seadroid2/provider/SeafileProvider.kt:1043:13 Unresolved reference 'add'.
e: file:///Users/HONGBGU/Documents/seadroid/app/src/main/java/com/seafile/seadroid2/provider/SeafileProvider.kt:1043:17 Unresolved reference 'DocumentsContract'.
e: file:///Users/HONGBGU/Documents/seadroid/app/src/main/java/com/seafile/seadroid2/provider/SeafileProvider.kt:1044:13 Unresolved reference 'add'.
e: file:///Users/HONGBGU/Documents/seadroid/app/src/main/java/com/seafile/seadroid2/provider/SeafileProvider.kt:1044:17 Unresolved reference 'DocumentsContract'.
e: file:///Users/HONGBGU/Documents/seadroid/app/src/main/java/com/seafile/seadroid2/provider/SeafileProvider.kt:1044:71 Unresolved reference 'name'.
e: file:///Users/HONGBGU/Documents/seadroid/app/src/main/java/com/seafile/seadroid2/provider/SeafileProvider.kt:1045:13 Unresolved reference 'add'.
e: file:///Users/HONGBGU/Documents/seadroid/app/src/main/java/com/seafile/seadroid2/provider/SeafileProvider.kt:1045:17 Unresolved reference 'DocumentsContract'.
e: file:///Users/HONGBGU/Documents/seadroid/app/src/main/java/com/seafile/seadroid2/provider/SeafileProvider.kt:1045:63 Unresolved reference 'size'.
e: file:///Users/HONGBGU/Documents/seadroid/app/src/main/java/com/seafile/seadroid2/provider/SeafileProvider.kt:1046:13 Unresolved reference 'add'.
e: file:///Users/HONGBGU/Documents/seadroid/app/src/main/java/com/seafile/seadroid2/provider/SeafileProvider.kt:1046:17 Unresolved reference 'DocumentsContract'.
e: file:///Users/HONGBGU/Documents/seadroid/app/src/main/java/com/seafile/seadroid2/provider/SeafileProvider.kt:1047:13 Unresolved reference 'add'.
e: file:///Users/HONGBGU/Documents/seadroid/app/src/main/java/com/seafile/seadroid2/provider/SeafileProvider.kt:1047:17 Unresolved reference 'DocumentsContract'.
e: file:///Users/HONGBGU/Documents/seadroid/app/src/main/java/com/seafile/seadroid2/provider/SeafileProvider.kt:1047:72 Unresolved reference 'mtime'.
e: file:///Users/HONGBGU/Documents/seadroid/app/src/main/java/com/seafile/seadroid2/provider/SeafileProvider.kt:1050:19 Unresolved reference 'isDir'.
e: file:///Users/HONGBGU/Documents/seadroid/app/src/main/java/com/seafile/seadroid2/provider/SeafileProvider.kt:1051:24 Unresolved reference 'DocumentsContract'.
e: file:///Users/HONGBGU/Documents/seadroid/app/src/main/java/com/seafile/seadroid2/provider/SeafileProvider.kt:1059:30 Unresolved reference 'DocumentsContract'.
e: file:///Users/HONGBGU/Documents/seadroid/app/src/main/java/com/seafile/seadroid2/provider/SeafileProvider.kt:1062:23 Unresolved reference 'hasWritePermission'.
e: file:///Users/HONGBGU/Documents/seadroid/app/src/main/java/com/seafile/seadroid2/provider/SeafileProvider.kt:1063:23 Unresolved reference 'isDir'.
e: file:///Users/HONGBGU/Documents/seadroid/app/src/main/java/com/seafile/seadroid2/provider/SeafileProvider.kt:1064:34 Unresolved reference 'DocumentsContract'.
e: file:///Users/HONGBGU/Documents/seadroid/app/src/main/java/com/seafile/seadroid2/provider/SeafileProvider.kt:1066:34 Unresolved reference 'DocumentsContract'.
e: file:///Users/HONGBGU/Documents/seadroid/app/src/main/java/com/seafile/seadroid2/provider/SeafileProvider.kt:1069:13 Unresolved reference 'add'.
e: file:///Users/HONGBGU/Documents/seadroid/app/src/main/java/com/seafile/seadroid2/provider/SeafileProvider.kt:1069:17 Unresolved reference 'DocumentsContract'.
e: file:///Users/HONGBGU/Documents/seadroid/app/src/main/java/com/seafile/seadroid2/provider/SeafileProvider.kt:1070:13 Unresolved reference 'add'.
e: file:///Users/HONGBGU/Documents/seadroid/app/src/main/java/com/seafile/seadroid2/provider/SeafileProvider.kt:1070:17 Unresolved reference 'DocumentsContract'.
e: file:///Users/HONGBGU/Documents/seadroid/app/src/main/java/com/seafile/seadroid2/provider/SeafileProvider.kt:1079:17 Unresolved reference 'MatrixCursor'.
e: file:///Users/HONGBGU/Documents/seadroid/app/src/main/java/com/seafile/seadroid2/provider/SeafileProvider.kt:1081:23 Unresolved reference 'StarredModel'.
e: file:///Users/HONGBGU/Documents/seadroid/app/src/main/java/com/seafile/seadroid2/provider/SeafileProvider.kt:1083:30 Unresolved reference 'buildId'.
e: file:///Users/HONGBGU/Documents/seadroid/app/src/main/java/com/seafile/seadroid2/provider/SeafileProvider.kt:1083:60 Unresolved reference 'repo_id'.
e: file:///Users/HONGBGU/Documents/seadroid/app/src/main/java/com/seafile/seadroid2/provider/SeafileProvider.kt:1083:82 Unresolved reference 'path'.
e: file:///Users/HONGBGU/Documents/seadroid/app/src/main/java/com/seafile/seadroid2/provider/SeafileProvider.kt:1086:18 Unresolved reference 'RowBuilder'.
e: file:///Users/HONGBGU/Documents/seadroid/app/src/main/java/com/seafile/seadroid2/provider/SeafileProvider.kt:1086:38 Unresolved reference 'newRow'.
e: file:///Users/HONGBGU/Documents/seadroid/app/src/main/java/com/seafile/seadroid2/provider/SeafileProvider.kt:1087:13 Unresolved reference 'add'.
e: file:///Users/HONGBGU/Documents/seadroid/app/src/main/java/com/seafile/seadroid2/provider/SeafileProvider.kt:1087:17 Unresolved reference 'DocumentsContract'.
e: file:///Users/HONGBGU/Documents/seadroid/app/src/main/java/com/seafile/seadroid2/provider/SeafileProvider.kt:1090:26 Unresolved reference 'isRepo'.
e: file:///Users/HONGBGU/Documents/seadroid/app/src/main/java/com/seafile/seadroid2/provider/SeafileProvider.kt:1091:40 Unresolved reference 'repo_name'.
e: file:///Users/HONGBGU/Documents/seadroid/app/src/main/java/com/seafile/seadroid2/provider/SeafileProvider.kt:1093:30 Unresolved reference 'repo_encrypted'.
e: file:///Users/HONGBGU/Documents/seadroid/app/src/main/java/com/seafile/seadroid2/provider/SeafileProvider.kt:1094:21 Unresolved reference 'add'.
e: file:///Users/HONGBGU/Documents/seadroid/app/src/main/java/com/seafile/seadroid2/provider/SeafileProvider.kt:1095:21 Unresolved reference 'DocumentsContract'.
e: file:///Users/HONGBGU/Documents/seadroid/app/src/main/java/com/seafile/seadroid2/provider/SeafileProvider.kt:1096:21 Unresolved reference 'R'.
e: file:///Users/HONGBGU/Documents/seadroid/app/src/main/java/com/seafile/seadroid2/provider/SeafileProvider.kt:1099:21 Unresolved reference 'add'.
e: file:///Users/HONGBGU/Documents/seadroid/app/src/main/java/com/seafile/seadroid2/provider/SeafileProvider.kt:1099:25 Unresolved reference 'DocumentsContract'.
e: file:///Users/HONGBGU/Documents/seadroid/app/src/main/java/com/seafile/seadroid2/provider/SeafileProvider.kt:1099:65 Unresolved reference 'R'.
e: file:///Users/HONGBGU/Documents/seadroid/app/src/main/java/com/seafile/seadroid2/provider/SeafileProvider.kt:1102:40 Unresolved reference 'obj_name'.
e: file:///Users/HONGBGU/Documents/seadroid/app/src/main/java/com/seafile/seadroid2/provider/SeafileProvider.kt:1105:26 Unresolved reference 'deleted'.
e: file:///Users/HONGBGU/Documents/seadroid/app/src/main/java/com/seafile/seadroid2/provider/SeafileProvider.kt:1106:35 Unresolved reference 'SeadroidApplication'.
e: file:///Users/HONGBGU/Documents/seadroid/app/src/main/java/com/seafile/seadroid2/provider/SeafileProvider.kt:1106:68 Unresolved reference 'R'.
e: file:///Users/HONGBGU/Documents/seadroid/app/src/main/java/com/seafile/seadroid2/provider/SeafileProvider.kt:1110:13 Unresolved reference 'add'.
e: file:///Users/HONGBGU/Documents/seadroid/app/src/main/java/com/seafile/seadroid2/provider/SeafileProvider.kt:1110:17 Unresolved reference 'DocumentsContract'.
e: file:///Users/HONGBGU/Documents/seadroid/app/src/main/java/com/seafile/seadroid2/provider/SeafileProvider.kt:1113:26 Unresolved reference 'is_dir'.
e: file:///Users/HONGBGU/Documents/seadroid/app/src/main/java/com/seafile/seadroid2/provider/SeafileProvider.kt:1114:24 Unresolved reference 'DocumentsContract'.
e: file:///Users/HONGBGU/Documents/seadroid/app/src/main/java/com/seafile/seadroid2/provider/SeafileProvider.kt:1121:27 Unresolved reference 'repo_encrypted'.
e: file:///Users/HONGBGU/Documents/seadroid/app/src/main/java/com/seafile/seadroid2/provider/SeafileProvider.kt:1122:30 Unresolved reference 'DocumentsContract'.
e: file:///Users/HONGBGU/Documents/seadroid/app/src/main/java/com/seafile/seadroid2/provider/SeafileProvider.kt:1124:13 Unresolved reference 'add'.
e: file:///Users/HONGBGU/Documents/seadroid/app/src/main/java/com/seafile/seadroid2/provider/SeafileProvider.kt:1124:17 Unresolved reference 'DocumentsContract'.
e: file:///Users/HONGBGU/Documents/seadroid/app/src/main/java/com/seafile/seadroid2/provider/SeafileProvider.kt:1126:26 Unresolved reference 'repo_encrypted'.
e: file:///Users/HONGBGU/Documents/seadroid/app/src/main/java/com/seafile/seadroid2/provider/SeafileProvider.kt:1126:57 Unresolved reference 'deleted'.
e: file:///Users/HONGBGU/Documents/seadroid/app/src/main/java/com/seafile/seadroid2/provider/SeafileProvider.kt:1126:68 Unresolved reference 'TextUtils'.
e: file:///Users/HONGBGU/Documents/seadroid/app/src/main/java/com/seafile/seadroid2/provider/SeafileProvider.kt:1126:99 Unresolved reference 'obj_name'.
e: file:///Users/HONGBGU/Documents/seadroid/app/src/main/java/com/seafile/seadroid2/provider/SeafileProvider.kt:1127:17 Unresolved reference 'add'.
e: file:///Users/HONGBGU/Documents/seadroid/app/src/main/java/com/seafile/seadroid2/provider/SeafileProvider.kt:1128:17 Unresolved reference 'DocumentsContract'.
e: file:///Users/HONGBGU/Documents/seadroid/app/src/main/java/com/seafile/seadroid2/provider/SeafileProvider.kt:1132:17 Unresolved reference 'add'.
e: file:///Users/HONGBGU/Documents/seadroid/app/src/main/java/com/seafile/seadroid2/provider/SeafileProvider.kt:1132:21 Unresolved reference 'DocumentsContract'.
e: file:///Users/HONGBGU/Documents/seadroid/app/src/main/java/com/seafile/seadroid2/provider/SeafileProvider.kt:1142:20 Unresolved reference 'DirentModel'.
e: file:///Users/HONGBGU/Documents/seadroid/app/src/main/java/com/seafile/seadroid2/provider/SeafileProvider.kt:1144:62 Unresolved reference 'DirentModel'.
e: file:///Users/HONGBGU/Documents/seadroid/app/src/main/java/com/seafile/seadroid2/provider/SeafileProvider.kt:1145:38 Unresolved reference 'DirentModel'.
e: file:///Users/HONGBGU/Documents/seadroid/app/src/main/java/com/seafile/seadroid2/provider/SeafileProvider.kt:1146:37 Return type of 'get' is not a subtype of the return type of the overridden member 'fun get(): MutableList<ERROR CLASS: Symbol not found for DirentModel?>?'.
e: file:///Users/HONGBGU/Documents/seadroid/app/src/main/java/com/seafile/seadroid2/provider/SeafileProvider.kt:1146:49 Unresolved reference 'DirentModel'.
e: file:///Users/HONGBGU/Documents/seadroid/app/src/main/java/com/seafile/seadroid2/provider/SeafileProvider.kt:1147:28 Unresolved reference 'AppDatabase'.
e: file:///Users/HONGBGU/Documents/seadroid/app/src/main/java/com/seafile/seadroid2/provider/SeafileProvider.kt:1152:13 Unresolved reference 'Logs'.
e: file:///Users/HONGBGU/Documents/seadroid/app/src/main/java/com/seafile/seadroid2/provider/SeafileProvider.kt:1153:13 Unresolved reference 'Logs'.
e: file:///Users/HONGBGU/Documents/seadroid/app/src/main/java/com/seafile/seadroid2/provider/SeafileProvider.kt:1156:13 Unresolved reference 'Logs'.
e: file:///Users/HONGBGU/Documents/seadroid/app/src/main/java/com/seafile/seadroid2/provider/SeafileProvider.kt:1157:13 Unresolved reference 'Logs'.
e: file:///Users/HONGBGU/Documents/seadroid/app/src/main/java/com/seafile/seadroid2/provider/SeafileProvider.kt:1167:20 Unresolved reference 'DirentModel'.
e: file:///Users/HONGBGU/Documents/seadroid/app/src/main/java/com/seafile/seadroid2/provider/SeafileProvider.kt:1169:62 Unresolved reference 'DirentModel'.
e: file:///Users/HONGBGU/Documents/seadroid/app/src/main/java/com/seafile/seadroid2/provider/SeafileProvider.kt:1170:38 Unresolved reference 'DirentModel'.
e: file:///Users/HONGBGU/Documents/seadroid/app/src/main/java/com/seafile/seadroid2/provider/SeafileProvider.kt:1171:37 Return type of 'get' is not a subtype of the return type of the overridden member 'fun get(): MutableList<ERROR CLASS: Symbol not found for DirentModel?>?'.
e: file:///Users/HONGBGU/Documents/seadroid/app/src/main/java/com/seafile/seadroid2/provider/SeafileProvider.kt:1171:49 Unresolved reference 'DirentModel'.
e: file:///Users/HONGBGU/Documents/seadroid/app/src/main/java/com/seafile/seadroid2/provider/SeafileProvider.kt:1172:28 Unresolved reference 'AppDatabase'.
e: file:///Users/HONGBGU/Documents/seadroid/app/src/main/java/com/seafile/seadroid2/provider/SeafileProvider.kt:1177:13 Unresolved reference 'Logs'.
e: file:///Users/HONGBGU/Documents/seadroid/app/src/main/java/com/seafile/seadroid2/provider/SeafileProvider.kt:1178:13 Unresolved reference 'Logs'.
e: file:///Users/HONGBGU/Documents/seadroid/app/src/main/java/com/seafile/seadroid2/provider/SeafileProvider.kt:1181:13 Unresolved reference 'Logs'.
e: file:///Users/HONGBGU/Documents/seadroid/app/src/main/java/com/seafile/seadroid2/provider/SeafileProvider.kt:1182:13 Unresolved reference 'Logs'.
e: file:///Users/HONGBGU/Documents/seadroid/app/src/main/java/com/seafile/seadroid2/provider/SeafileProvider.kt:1192:20 Unresolved reference 'FileCacheStatusEntity'.
e: file:///Users/HONGBGU/Documents/seadroid/app/src/main/java/com/seafile/seadroid2/provider/SeafileProvider.kt:1194:62 Unresolved reference 'FileCacheStatusEntity'.
e: file:///Users/HONGBGU/Documents/seadroid/app/src/main/java/com/seafile/seadroid2/provider/SeafileProvider.kt:1195:38 Unresolved reference 'FileCacheStatusEntity'.
e: file:///Users/HONGBGU/Documents/seadroid/app/src/main/java/com/seafile/seadroid2/provider/SeafileProvider.kt:1196:37 Return type of 'get' is not a subtype of the return type of the overridden member 'fun get(): MutableList<ERROR CLASS: Symbol not found for FileCacheStatusEntity?>?'.
e: file:///Users/HONGBGU/Documents/seadroid/app/src/main/java/com/seafile/seadroid2/provider/SeafileProvider.kt:1196:49 Unresolved reference 'FileCacheStatusEntity'.
e: file:///Users/HONGBGU/Documents/seadroid/app/src/main/java/com/seafile/seadroid2/provider/SeafileProvider.kt:1197:28 Unresolved reference 'AppDatabase'.
e: file:///Users/HONGBGU/Documents/seadroid/app/src/main/java/com/seafile/seadroid2/provider/SeafileProvider.kt:1202:13 Unresolved reference 'Logs'.
e: file:///Users/HONGBGU/Documents/seadroid/app/src/main/java/com/seafile/seadroid2/provider/SeafileProvider.kt:1203:13 Unresolved reference 'Logs'.
e: file:///Users/HONGBGU/Documents/seadroid/app/src/main/java/com/seafile/seadroid2/provider/SeafileProvider.kt:1206:13 Unresolved reference 'Logs'.
e: file:///Users/HONGBGU/Documents/seadroid/app/src/main/java/com/seafile/seadroid2/provider/SeafileProvider.kt:1207:13 Unresolved reference 'Logs'.
e: file:///Users/HONGBGU/Documents/seadroid/app/src/main/java/com/seafile/seadroid2/provider/SeafileProvider.kt:1227:20 Unresolved reference 'RepoModel'.
e: file:///Users/HONGBGU/Documents/seadroid/app/src/main/java/com/seafile/seadroid2/provider/SeafileProvider.kt:1229:17 Unresolved reference 'MatrixCursor'.
e: file:///Users/HONGBGU/Documents/seadroid/app/src/main/java/com/seafile/seadroid2/provider/SeafileProvider.kt:1232:16 Unresolved reference 'setNotificationUri'.
e: file:///Users/HONGBGU/Documents/seadroid/app/src/main/java/com/seafile/seadroid2/provider/SeafileProvider.kt:1232:35 Unresolved reference 'getContext'.
e: file:///Users/HONGBGU/Documents/seadroid/app/src/main/java/com/seafile/seadroid2/provider/SeafileProvider.kt:1233:30 Unresolved reference 'DocumentsContract'.
e: file:///Users/HONGBGU/Documents/seadroid/app/src/main/java/com/seafile/seadroid2/provider/SeafileProvider.kt:1235:9 Unresolved reference 'Logs'.
e: file:///Users/HONGBGU/Documents/seadroid/app/src/main/java/com/seafile/seadroid2/provider/SeafileProvider.kt:1241:27 Unresolved reference 'Single'.
e: file:///Users/HONGBGU/Documents/seadroid/app/src/main/java/com/seafile/seadroid2/provider/SeafileProvider.kt:1241:46 Unresolved reference 'DirentModel'.
e: file:///Users/HONGBGU/Documents/seadroid/app/src/main/java/com/seafile/seadroid2/provider/SeafileProvider.kt:1242:13 Unresolved reference 'Objs'.
e: file:///Users/HONGBGU/Documents/seadroid/app/src/main/java/com/seafile/seadroid2/provider/SeafileProvider.kt:1242:64 Unresolved reference 'repo_id'.
e: file:///Users/HONGBGU/Documents/seadroid/app/src/main/java/com/seafile/seadroid2/provider/SeafileProvider.kt:1242:83 Unresolved reference 'repo_name'.
e: file:///Users/HONGBGU/Documents/seadroid/app/src/main/java/com/seafile/seadroid2/provider/SeafileProvider.kt:1243:25 Unresolved reference 'Disposable'.
e: file:///Users/HONGBGU/Documents/seadroid/app/src/main/java/com/seafile/seadroid2/provider/SeafileProvider.kt:1243:51 Unresolved reference 'subscribeOn'.
e: file:///Users/HONGBGU/Documents/seadroid/app/src/main/java/com/seafile/seadroid2/provider/SeafileProvider.kt:1244:24 Unresolved reference 'AndroidSchedulers'.
e: file:///Users/HONGBGU/Documents/seadroid/app/src/main/java/com/seafile/seadroid2/provider/SeafileProvider.kt:1245:24 Class '<anonymous>' is not abstract and does not implement abstract member 'accept'.
e: file:///Users/HONGBGU/Documents/seadroid/app/src/main/java/com/seafile/seadroid2/provider/SeafileProvider.kt:1245:54 Unresolved reference 'DirentModel'.
e: file:///Users/HONGBGU/Documents/seadroid/app/src/main/java/com/seafile/seadroid2/provider/SeafileProvider.kt:1246:17 'accept' overrides nothing.
e: file:///Users/HONGBGU/Documents/seadroid/app/src/main/java/com/seafile/seadroid2/provider/SeafileProvider.kt:1246:63 Unresolved reference 'DirentModel'.
e: file:///Users/HONGBGU/Documents/seadroid/app/src/main/java/com/seafile/seadroid2/provider/SeafileProvider.kt:1247:21 Unresolved reference 'Logs'.
e: file:///Users/HONGBGU/Documents/seadroid/app/src/main/java/com/seafile/seadroid2/provider/SeafileProvider.kt:1249:21 Unresolved reference 'SeadroidApplication'.
e: file:///Users/HONGBGU/Documents/seadroid/app/src/main/java/com/seafile/seadroid2/provider/SeafileProvider.kt:1254:21 Unresolved reference 'Logs'.
e: file:///Users/HONGBGU/Documents/seadroid/app/src/main/java/com/seafile/seadroid2/provider/SeafileProvider.kt:1255:21 Unresolved reference 'Logs'.
e: file:///Users/HONGBGU/Documents/seadroid/app/src/main/java/com/seafile/seadroid2/provider/SeafileProvider.kt:1260:29 Unresolved reference 'add'.
e: file:///Users/HONGBGU/Documents/seadroid/app/src/main/java/com/seafile/seadroid2/provider/SeafileProvider.kt:1269:99 Unresolved reference 'StarredModel'.
e: file:///Users/HONGBGU/Documents/seadroid/app/src/main/java/com/seafile/seadroid2/provider/SeafileProvider.kt:1271:62 Unresolved reference 'StarredModel'.
e: file:///Users/HONGBGU/Documents/seadroid/app/src/main/java/com/seafile/seadroid2/provider/SeafileProvider.kt:1272:38 Unresolved reference 'StarredModel'.
e: file:///Users/HONGBGU/Documents/seadroid/app/src/main/java/com/seafile/seadroid2/provider/SeafileProvider.kt:1273:37 Return type of 'get' is not a subtype of the return type of the overridden member 'fun get(): MutableList<ERROR CLASS: Symbol not found for StarredModel?>?'.
e: file:///Users/HONGBGU/Documents/seadroid/app/src/main/java/com/seafile/seadroid2/provider/SeafileProvider.kt:1273:49 Unresolved reference 'StarredModel'.
e: file:///Users/HONGBGU/Documents/seadroid/app/src/main/java/com/seafile/seadroid2/provider/SeafileProvider.kt:1274:28 Unresolved reference 'AppDatabase'.
e: file:///Users/HONGBGU/Documents/seadroid/app/src/main/java/com/seafile/seadroid2/provider/SeafileProvider.kt:1279:13 Unresolved reference 'Logs'.
e: file:///Users/HONGBGU/Documents/seadroid/app/src/main/java/com/seafile/seadroid2/provider/SeafileProvider.kt:1280:13 Unresolved reference 'Logs'.
e: file:///Users/HONGBGU/Documents/seadroid/app/src/main/java/com/seafile/seadroid2/provider/SeafileProvider.kt:1283:13 Unresolved reference 'Logs'.
e: file:///Users/HONGBGU/Documents/seadroid/app/src/main/java/com/seafile/seadroid2/provider/SeafileProvider.kt:1284:13 Unresolved reference 'Logs'.
e: file:///Users/HONGBGU/Documents/seadroid/app/src/main/java/com/seafile/seadroid2/provider/SeafileProvider.kt:1302:17 Unresolved reference 'MatrixCursor'.
e: file:///Users/HONGBGU/Documents/seadroid/app/src/main/java/com/seafile/seadroid2/provider/SeafileProvider.kt:1304:16 Unresolved reference 'setNotificationUri'.
e: file:///Users/HONGBGU/Documents/seadroid/app/src/main/java/com/seafile/seadroid2/provider/SeafileProvider.kt:1304:35 Unresolved reference 'getContext'.
e: file:///Users/HONGBGU/Documents/seadroid/app/src/main/java/com/seafile/seadroid2/provider/SeafileProvider.kt:1305:30 Unresolved reference 'DocumentsContract'.
e: file:///Users/HONGBGU/Documents/seadroid/app/src/main/java/com/seafile/seadroid2/provider/SeafileProvider.kt:1306:9 Unresolved reference 'Logs'.
e: file:///Users/HONGBGU/Documents/seadroid/app/src/main/java/com/seafile/seadroid2/provider/SeafileProvider.kt:1308:25 Unresolved reference 'Single'.
e: file:///Users/HONGBGU/Documents/seadroid/app/src/main/java/com/seafile/seadroid2/provider/SeafileProvider.kt:1308:44 Unresolved reference 'StarredModel'.
e: file:///Users/HONGBGU/Documents/seadroid/app/src/main/java/com/seafile/seadroid2/provider/SeafileProvider.kt:1309:13 Unresolved reference 'Objs'.
e: file:///Users/HONGBGU/Documents/seadroid/app/src/main/java/com/seafile/seadroid2/provider/SeafileProvider.kt:1310:25 Unresolved reference 'Disposable'.
e: file:///Users/HONGBGU/Documents/seadroid/app/src/main/java/com/seafile/seadroid2/provider/SeafileProvider.kt:1310:49 Unresolved reference 'subscribeOn'.
e: file:///Users/HONGBGU/Documents/seadroid/app/src/main/java/com/seafile/seadroid2/provider/SeafileProvider.kt:1311:24 Unresolved reference 'AndroidSchedulers'.
e: file:///Users/HONGBGU/Documents/seadroid/app/src/main/java/com/seafile/seadroid2/provider/SeafileProvider.kt:1312:24 Class '<anonymous>' is not abstract and does not implement abstract member 'accept'.
e: file:///Users/HONGBGU/Documents/seadroid/app/src/main/java/com/seafile/seadroid2/provider/SeafileProvider.kt:1312:54 Unresolved reference 'StarredModel'.
e: file:///Users/HONGBGU/Documents/seadroid/app/src/main/java/com/seafile/seadroid2/provider/SeafileProvider.kt:1313:17 'accept' overrides nothing.
e: file:///Users/HONGBGU/Documents/seadroid/app/src/main/java/com/seafile/seadroid2/provider/SeafileProvider.kt:1313:64 Unresolved reference 'StarredModel'.
e: file:///Users/HONGBGU/Documents/seadroid/app/src/main/java/com/seafile/seadroid2/provider/SeafileProvider.kt:1314:21 Unresolved reference 'Logs'.
e: file:///Users/HONGBGU/Documents/seadroid/app/src/main/java/com/seafile/seadroid2/provider/SeafileProvider.kt:1315:21 Unresolved reference 'SeadroidApplication'.
e: file:///Users/HONGBGU/Documents/seadroid/app/src/main/java/com/seafile/seadroid2/provider/SeafileProvider.kt:1320:21 Unresolved reference 'Logs'.
e: file:///Users/HONGBGU/Documents/seadroid/app/src/main/java/com/seafile/seadroid2/provider/SeafileProvider.kt:1321:21 Unresolved reference 'Logs'.
e: file:///Users/HONGBGU/Documents/seadroid/app/src/main/java/com/seafile/seadroid2/provider/SeafileProvider.kt:1326:29 Unresolved reference 'add'.
e: file:///Users/HONGBGU/Documents/seadroid/app/src/main/java/com/seafile/seadroid2/provider/SeafileProvider.kt:1333:61 Unresolved reference 'RepoModel'.
e: file:///Users/HONGBGU/Documents/seadroid/app/src/main/java/com/seafile/seadroid2/provider/SeafileProvider.kt:1335:62 Unresolved reference 'RepoModel'.
e: file:///Users/HONGBGU/Documents/seadroid/app/src/main/java/com/seafile/seadroid2/provider/SeafileProvider.kt:1336:38 Unresolved reference 'RepoModel'.
e: file:///Users/HONGBGU/Documents/seadroid/app/src/main/java/com/seafile/seadroid2/provider/SeafileProvider.kt:1337:37 Return type of 'get' is not a subtype of the return type of the overridden member 'fun get(): MutableList<ERROR CLASS: Symbol not found for RepoModel?>?'.
e: file:///Users/HONGBGU/Documents/seadroid/app/src/main/java/com/seafile/seadroid2/provider/SeafileProvider.kt:1337:49 Unresolved reference 'RepoModel'.
e: file:///Users/HONGBGU/Documents/seadroid/app/src/main/java/com/seafile/seadroid2/provider/SeafileProvider.kt:1338:28 Unresolved reference 'AppDatabase'.
e: file:///Users/HONGBGU/Documents/seadroid/app/src/main/java/com/seafile/seadroid2/provider/SeafileProvider.kt:1342:13 Unresolved reference 'Logs'.
e: file:///Users/HONGBGU/Documents/seadroid/app/src/main/java/com/seafile/seadroid2/provider/SeafileProvider.kt:1343:13 Unresolved reference 'Logs'.
e: file:///Users/HONGBGU/Documents/seadroid/app/src/main/java/com/seafile/seadroid2/provider/SeafileProvider.kt:1346:13 Unresolved reference 'Logs'.
e: file:///Users/HONGBGU/Documents/seadroid/app/src/main/java/com/seafile/seadroid2/provider/SeafileProvider.kt:1347:13 Unresolved reference 'Logs'.
e: file:///Users/HONGBGU/Documents/seadroid/app/src/main/java/com/seafile/seadroid2/provider/SeafileProvider.kt:1358:93 Unresolved reference 'RepoModel'.
e: file:///Users/HONGBGU/Documents/seadroid/app/src/main/java/com/seafile/seadroid2/provider/SeafileProvider.kt:1360:62 Unresolved reference 'RepoModel'.
e: file:///Users/HONGBGU/Documents/seadroid/app/src/main/java/com/seafile/seadroid2/provider/SeafileProvider.kt:1361:38 Unresolved reference 'RepoModel'.
e: file:///Users/HONGBGU/Documents/seadroid/app/src/main/java/com/seafile/seadroid2/provider/SeafileProvider.kt:1362:37 Return type of 'get' is not a subtype of the return type of the overridden member 'fun get(): MutableList<ERROR CLASS: Symbol not found for RepoModel?>?'.
e: file:///Users/HONGBGU/Documents/seadroid/app/src/main/java/com/seafile/seadroid2/provider/SeafileProvider.kt:1362:49 Unresolved reference 'RepoModel'.
e: file:///Users/HONGBGU/Documents/seadroid/app/src/main/java/com/seafile/seadroid2/provider/SeafileProvider.kt:1363:28 Unresolved reference 'AppDatabase'.
e: file:///Users/HONGBGU/Documents/seadroid/app/src/main/java/com/seafile/seadroid2/provider/SeafileProvider.kt:1368:13 Unresolved reference 'Logs'.
e: file:///Users/HONGBGU/Documents/seadroid/app/src/main/java/com/seafile/seadroid2/provider/SeafileProvider.kt:1369:13 Unresolved reference 'Logs'.
e: file:///Users/HONGBGU/Documents/seadroid/app/src/main/java/com/seafile/seadroid2/provider/SeafileProvider.kt:1372:13 Unresolved reference 'Logs'.
e: file:///Users/HONGBGU/Documents/seadroid/app/src/main/java/com/seafile/seadroid2/provider/SeafileProvider.kt:1373:13 Unresolved reference 'Logs'.
e: file:///Users/HONGBGU/Documents/seadroid/app/src/main/java/com/seafile/seadroid2/provider/SeafileProvider.kt:1391:17 Unresolved reference 'MatrixCursor'.
e: file:///Users/HONGBGU/Documents/seadroid/app/src/main/java/com/seafile/seadroid2/provider/SeafileProvider.kt:1393:16 Unresolved reference 'setNotificationUri'.
e: file:///Users/HONGBGU/Documents/seadroid/app/src/main/java/com/seafile/seadroid2/provider/SeafileProvider.kt:1393:35 Unresolved reference 'getContext'.
e: file:///Users/HONGBGU/Documents/seadroid/app/src/main/java/com/seafile/seadroid2/provider/SeafileProvider.kt:1395:30 Unresolved reference 'DocumentsContract'.
e: file:///Users/HONGBGU/Documents/seadroid/app/src/main/java/com/seafile/seadroid2/provider/SeafileProvider.kt:1396:9 Unresolved reference 'Logs'.
e: file:///Users/HONGBGU/Documents/seadroid/app/src/main/java/com/seafile/seadroid2/provider/SeafileProvider.kt:1398:27 Unresolved reference 'Single'.
e: file:///Users/HONGBGU/Documents/seadroid/app/src/main/java/com/seafile/seadroid2/provider/SeafileProvider.kt:1398:46 Unresolved reference 'BaseModel'.
e: file:///Users/HONGBGU/Documents/seadroid/app/src/main/java/com/seafile/seadroid2/provider/SeafileProvider.kt:1398:62 Unresolved reference 'Objs'.
e: file:///Users/HONGBGU/Documents/seadroid/app/src/main/java/com/seafile/seadroid2/provider/SeafileProvider.kt:1399:25 Unresolved reference 'Disposable'.
e: file:///Users/HONGBGU/Documents/seadroid/app/src/main/java/com/seafile/seadroid2/provider/SeafileProvider.kt:1399:51 Unresolved reference 'subscribeOn'.
e: file:///Users/HONGBGU/Documents/seadroid/app/src/main/java/com/seafile/seadroid2/provider/SeafileProvider.kt:1400:24 Unresolved reference 'AndroidSchedulers'.
e: file:///Users/HONGBGU/Documents/seadroid/app/src/main/java/com/seafile/seadroid2/provider/SeafileProvider.kt:1401:24 Class '<anonymous>' is not abstract and does not implement abstract member 'accept'.
e: file:///Users/HONGBGU/Documents/seadroid/app/src/main/java/com/seafile/seadroid2/provider/SeafileProvider.kt:1401:54 Unresolved reference 'BaseModel'.
e: file:///Users/HONGBGU/Documents/seadroid/app/src/main/java/com/seafile/seadroid2/provider/SeafileProvider.kt:1402:17 'accept' overrides nothing.
e: file:///Users/HONGBGU/Documents/seadroid/app/src/main/java/com/seafile/seadroid2/provider/SeafileProvider.kt:1402:61 Unresolved reference 'BaseModel'.
e: file:///Users/HONGBGU/Documents/seadroid/app/src/main/java/com/seafile/seadroid2/provider/SeafileProvider.kt:1403:21 Unresolved reference 'Logs'.
e: file:///Users/HONGBGU/Documents/seadroid/app/src/main/java/com/seafile/seadroid2/provider/SeafileProvider.kt:1404:21 Unresolved reference 'SeadroidApplication'.
e: file:///Users/HONGBGU/Documents/seadroid/app/src/main/java/com/seafile/seadroid2/provider/SeafileProvider.kt:1409:21 Unresolved reference 'Logs'.
e: file:///Users/HONGBGU/Documents/seadroid/app/src/main/java/com/seafile/seadroid2/provider/SeafileProvider.kt:1410:21 Unresolved reference 'Logs'.
e: file:///Users/HONGBGU/Documents/seadroid/app/src/main/java/com/seafile/seadroid2/provider/SeafileProvider.kt:1414:29 Unresolved reference 'add'.
e: file:///Users/HONGBGU/Documents/seadroid/app/src/main/java/com/seafile/seadroid2/provider/SeafileProvider.kt:1419:9 Unresolved reference 'Logs'.
e: file:///Users/HONGBGU/Documents/seadroid/app/src/main/java/com/seafile/seadroid2/provider/SeafileProvider.kt:1420:9 Unresolved reference 'getContext'.
e: file:///Users/HONGBGU/Documents/seadroid/app/src/main/java/com/seafile/seadroid2/provider/SeafileProvider.kt:1423:38 Unresolved reference 'CompositeDisposable'.
e: file:///Users/HONGBGU/Documents/seadroid/app/src/main/java/com/seafile/seadroid2/provider/SeafileProvider.kt:1423:60 Unresolved reference 'CompositeDisposable'.
e: file:///Users/HONGBGU/Documents/seadroid/app/src/main/java/com/seafile/seadroid2/provider/SeafileProvider.kt:1425:5 'shutdown' overrides nothing.
e: file:///Users/HONGBGU/Documents/seadroid/app/src/main/java/com/seafile/seadroid2/provider/SeafileProvider.kt:1426:9 Unresolved reference 'DocumentsProvider'.
e: file:///Users/HONGBGU/Documents/seadroid/app/src/main/java/com/seafile/seadroid2/provider/SeafileProvider.kt:1426:15 Unresolved reference 'shutdown'.
e: file:///Users/HONGBGU/Documents/seadroid/app/src/main/java/com/seafile/seadroid2/provider/SeafileProvider.kt:1432:34 Unresolved reference 'isDisposed'.
e: file:///Users/HONGBGU/Documents/seadroid/app/src/main/java/com/seafile/seadroid2/provider/SeafileProvider.kt:1446:20 One type argument expected for class 'Array'.
e: file:///Users/HONGBGU/Documents/seadroid/app/src/main/java/com/seafile/seadroid2/provider/SeafileProvider.kt:1455:29 Method 'iterator()' is ambiguous for this expression. Applicable candidates:
fun <T> Enumeration<T>.iterator(): Iterator<T>
@InlineOnly() fun <T> Iterator<T>.iterator(): Iterator<T>
@InlineOnly() fun <K, V> Map<out K, V>.iterator(): Iterator<Map.Entry<K, V>>
@JvmName(...) @InlineOnly() fun <K, V> MutableMap<K, V>.iterator(): MutableIterator<MutableMap.MutableEntry<K, V>>
fun CharSequence.iterator(): CharIterator
fun BufferedInputStream.iterator(): ByteIterator
e: file:///Users/HONGBGU/Documents/seadroid/app/src/main/java/com/seafile/seadroid2/provider/SeafileProvider.kt:1470:37 Unresolved reference 'DocumentsContract'.
e: file:///Users/HONGBGU/Documents/seadroid/app/src/main/java/com/seafile/seadroid2/provider/SeafileProvider.kt:1472:65 Initializer type mismatch: expected 'kotlin.Array<kotlin.String?>', actual 'kotlin.Array<kotlin.String>'.
e: file:///Users/HONGBGU/Documents/seadroid/app/src/main/java/com/seafile/seadroid2/provider/SeafileProvider.kt:1473:13 Unresolved reference 'DocumentsContract'.
e: file:///Users/HONGBGU/Documents/seadroid/app/src/main/java/com/seafile/seadroid2/provider/SeafileProvider.kt:1474:13 Unresolved reference 'DocumentsContract'.
e: file:///Users/HONGBGU/Documents/seadroid/app/src/main/java/com/seafile/seadroid2/provider/SeafileProvider.kt:1475:13 Unresolved reference 'DocumentsContract'.
e: file:///Users/HONGBGU/Documents/seadroid/app/src/main/java/com/seafile/seadroid2/provider/SeafileProvider.kt:1476:13 Unresolved reference 'DocumentsContract'.
e: file:///Users/HONGBGU/Documents/seadroid/app/src/main/java/com/seafile/seadroid2/provider/SeafileProvider.kt:1477:13 Unresolved reference 'DocumentsContract'.
e: file:///Users/HONGBGU/Documents/seadroid/app/src/main/java/com/seafile/seadroid2/provider/SeafileProvider.kt:1478:13 Unresolved reference 'DocumentsContract'.
e: file:///Users/HONGBGU/Documents/seadroid/app/src/main/java/com/seafile/seadroid2/provider/SeafileProvider.kt:1481:69 Initializer type mismatch: expected 'kotlin.Array<kotlin.String?>', actual 'kotlin.Array<kotlin.String>'.
e: file:///Users/HONGBGU/Documents/seadroid/app/src/main/java/com/seafile/seadroid2/provider/SeafileProvider.kt:1482:13 Unresolved reference 'DocumentsContract'.
e: file:///Users/HONGBGU/Documents/seadroid/app/src/main/java/com/seafile/seadroid2/provider/SeafileProvider.kt:1483:13 Unresolved reference 'DocumentsContract'.
e: file:///Users/HONGBGU/Documents/seadroid/app/src/main/java/com/seafile/seadroid2/provider/SeafileProvider.kt:1484:13 Unresolved reference 'DocumentsContract'.
e: file:///Users/HONGBGU/Documents/seadroid/app/src/main/java/com/seafile/seadroid2/provider/SeafileProvider.kt:1485:13 Unresolved reference 'DocumentsContract'.
e: file:///Users/HONGBGU/Documents/seadroid/app/src/main/java/com/seafile/seadroid2/provider/SeafileProvider.kt:1486:13 Unresolved reference 'DocumentsContract'.
e: file:///Users/HONGBGU/Documents/seadroid/app/src/main/java/com/seafile/seadroid2/provider/SeafileProvider.kt:1487:13 Unresolved reference 'DocumentsContract'.
e: file:///Users/HONGBGU/Documents/seadroid/app/src/main/java/com/seafile/seadroid2/provider/SeafileProvider.kt:1488:13 Unresolved reference 'DocumentsContract'.
e: file:///Users/HONGBGU/Documents/seadroid/app/src/main/java/com/seafile/seadroid2/provider/SeafileProvider.kt:1489:13 Unresolved reference 'DocumentsContract'.
e: file:///Users/HONGBGU/Documents/seadroid/app/src/main/java/com/seafile/seadroid2/provider/SeafileProvider.kt:1497:67 Unresolved reference 'MatrixCursor'.
e: file:///Users/HONGBGU/Documents/seadroid/app/src/main/java/com/seafile/seadroid2/provider/SeafileProvider.kt:1498:20 Unresolved reference 'MatrixCursor'.
e: file:///Users/HONGBGU/Documents/seadroid/app/src/main/java/com/seafile/seadroid2/ssl/CertsManager.kt:20:49 Only safe (?.) or non-null asserted (!!.) calls are allowed on a nullable receiver of type 'com.seafile.seadroid2.ssl.SSLTrustManager?'.
e: file:///Users/HONGBGU/Documents/seadroid/app/src/main/java/com/seafile/seadroid2/ssl/SSLSeafileSocketFactory.kt:29:33 One type argument expected for class 'Array'.
e: file:///Users/HONGBGU/Documents/seadroid/app/src/main/java/com/seafile/seadroid2/ssl/SSLSeafileSocketFactory.kt:30:35 One type argument expected for class 'Array'.
e: file:///Users/HONGBGU/Documents/seadroid/app/src/main/java/com/seafile/seadroid2/ssl/SSLSeafileSocketFactory.kt:116:20 Return type mismatch: expected 'kotlin.Array<kotlin.String?>', actual 'kotlin.Array<kotlin.String>'.
e: file:///Users/HONGBGU/Documents/seadroid/app/src/main/java/com/seafile/seadroid2/ssl/SSLSeafileSocketFactory.kt:118:20 Return type mismatch: expected 'kotlin.Array<kotlin.String?>', actual 'kotlin.Array<kotlin.String>'.
e: file:///Users/HONGBGU/Documents/seadroid/app/src/main/java/com/seafile/seadroid2/ssl/SSLSeafileSocketFactory.kt:120:20 Return type mismatch: expected 'kotlin.Array<kotlin.String?>', actual 'kotlin.Array<kotlin.String>'.
e: file:///Users/HONGBGU/Documents/seadroid/app/src/main/java/com/seafile/seadroid2/ssl/SSLSeafileSocketFactory.kt:132:32 Assignment type mismatch: actual type is 'kotlin.Array<kotlin.String>', but 'kotlin.Array<kotlin.String?>?' was expected.
e: file:///Users/HONGBGU/Documents/seadroid/app/src/main/java/com/seafile/seadroid2/ssl/SSLSeafileSocketFactory.kt:141:32 Assignment type mismatch: actual type is 'kotlin.Array<kotlin.String>', but 'kotlin.Array<kotlin.String?>?' was expected.
e: file:///Users/HONGBGU/Documents/seadroid/app/src/main/java/com/seafile/seadroid2/ssl/SSLTrustManager.kt:68:16 Return type mismatch: expected 'kotlin.Array<javax.net.ssl.TrustManager?>', actual 'kotlin.Array<javax.net.ssl.TrustManager>'.
e: file:///Users/HONGBGU/Documents/seadroid/app/src/main/java/com/seafile/seadroid2/ssl/SSLTrustManager.kt:136:51 Initializer type mismatch: expected 'kotlin.collections.MutableList<java.security.cert.X509Certificate>', actual 'java.util.ArrayList<java.security.cert.X509Certificate?>!'.
e: file:///Users/HONGBGU/Documents/seadroid/app/src/main/java/com/seafile/seadroid2/ssl/SSLTrustManager.kt:140:54 Initializer type mismatch: expected 'java.util.LinkedList<java.security.cert.X509Certificate>', actual 'java.util.LinkedList<java.security.cert.X509Certificate?>!'.
e: file:///Users/HONGBGU/Documents/seadroid/app/src/main/java/com/seafile/seadroid2/ui/SplashActivity.kt:17:61 Cannot import 'equals'. Functions and properties can only be imported from packages or objects.
e: file:///Users/HONGBGU/Documents/seadroid/app/src/main/java/com/seafile/seadroid2/ui/SplashActivity.kt:18:65 Cannot import 'equals'. Functions and properties can only be imported from packages or objects.
e: file:///Users/HONGBGU/Documents/seadroid/app/src/main/java/com/seafile/seadroid2/ui/SplashActivity.kt:38:42 Unresolved reference 'installSplashScreen'.
e: file:///Users/HONGBGU/Documents/seadroid/app/src/main/java/com/seafile/seadroid2/ui/SplashActivity.kt:69:40 Smart cast to 'com.seafile.seadroid2.preferences.SettingsLiveData<com.seafile.seadroid2.enums.NightMode?>' is impossible, because 'NIGHT_MODE' is a mutable property that could be mutated concurrently.
e: file:///Users/HONGBGU/Documents/seadroid/app/src/main/java/com/seafile/seadroid2/ui/SplashActivity.kt:69:40 Initializer type mismatch: expected 'com.seafile.seadroid2.enums.NightMode', actual 'com.seafile.seadroid2.enums.NightMode?'.
e: file:///Users/HONGBGU/Documents/seadroid/app/src/main/java/com/seafile/seadroid2/ui/SplashActivity.kt:83:81 Only safe (?.) or non-null asserted (!!.) calls are allowed on a nullable receiver of type 'com.seafile.seadroid2.account.SupportAccountManager?'.
e: file:///Users/HONGBGU/Documents/seadroid/app/src/main/java/com/seafile/seadroid2/ui/WidgetUtils.kt:3:20 Conflicting import: imported name 'Uri' is ambiguous.
e: file:///Users/HONGBGU/Documents/seadroid/app/src/main/java/com/seafile/seadroid2/ui/WidgetUtils.kt:4:58 Conflicting import: imported name 'NotificationUtils' is ambiguous.
e: file:///Users/HONGBGU/Documents/seadroid/app/src/main/java/com/seafile/seadroid2/ui/WidgetUtils.kt:6:20 Conflicting import: imported name 'Uri' is ambiguous.
e: file:///Users/HONGBGU/Documents/seadroid/app/src/main/java/com/seafile/seadroid2/ui/WidgetUtils.kt:9:58 Conflicting import: imported name 'NotificationUtils' is ambiguous.
e: file:///Users/HONGBGU/Documents/seadroid/app/src/main/java/com/seafile/seadroid2/ui/WidgetUtils.kt:19:33 Unresolved reference 'Intent'.
e: file:///Users/HONGBGU/Documents/seadroid/app/src/main/java/com/seafile/seadroid2/ui/WidgetUtils.kt:19:54 Unresolved reference 'ResolveInfo'.
e: file:///Users/HONGBGU/Documents/seadroid/app/src/main/java/com/seafile/seadroid2/ui/WidgetUtils.kt:20:17 Unresolved reference 'PackageManager'.
e: file:///Users/HONGBGU/Documents/seadroid/app/src/main/java/com/seafile/seadroid2/ui/WidgetUtils.kt:20:34 Unresolved reference 'SeadroidApplication'.
e: file:///Users/HONGBGU/Documents/seadroid/app/src/main/java/com/seafile/seadroid2/ui/WidgetUtils.kt:21:32 Unresolved reference 'ResolveInfo'.
e: file:///Users/HONGBGU/Documents/seadroid/app/src/main/java/com/seafile/seadroid2/ui/WidgetUtils.kt:21:51 Unresolved reference 'queryIntentActivities'.
e: file:///Users/HONGBGU/Documents/seadroid/app/src/main/java/com/seafile/seadroid2/ui/WidgetUtils.kt:24:44 Unresolved reference 'SeadroidApplication'.
e: file:///Users/HONGBGU/Documents/seadroid/app/src/main/java/com/seafile/seadroid2/ui/WidgetUtils.kt:25:19 Unresolved reference 'ResolveInfo'.
e: file:///Users/HONGBGU/Documents/seadroid/app/src/main/java/com/seafile/seadroid2/ui/WidgetUtils.kt:26:35 Unresolved reference 'ResolveInfo'.
e: file:///Users/HONGBGU/Documents/seadroid/app/src/main/java/com/seafile/seadroid2/ui/WidgetUtils.kt:29:22 Unresolved reference 'activityInfo'.
e: file:///Users/HONGBGU/Documents/seadroid/app/src/main/java/com/seafile/seadroid2/ui/WidgetUtils.kt:39:28 Unresolved reference 'MimeTypeMap'.
e: file:///Users/HONGBGU/Documents/seadroid/app/src/main/java/com/seafile/seadroid2/ui/WidgetUtils.kt:41:13 Unresolved reference 'TextUtils'.
e: file:///Users/HONGBGU/Documents/seadroid/app/src/main/java/com/seafile/seadroid2/ui/WidgetUtils.kt:46:43 Unresolved reference 'BaseActivity'.
e: file:///Users/HONGBGU/Documents/seadroid/app/src/main/java/com/seafile/seadroid2/ui/WidgetUtils.kt:50:25 Unresolved reference 'Intent'.
e: file:///Users/HONGBGU/Documents/seadroid/app/src/main/java/com/seafile/seadroid2/ui/WidgetUtils.kt:50:34 Unresolved reference 'Intent'.
e: file:///Users/HONGBGU/Documents/seadroid/app/src/main/java/com/seafile/seadroid2/ui/WidgetUtils.kt:50:41 Unresolved reference 'Intent'.
e: file:///Users/HONGBGU/Documents/seadroid/app/src/main/java/com/seafile/seadroid2/ui/WidgetUtils.kt:51:20 Unresolved reference 'addFlags'.
e: file:///Users/HONGBGU/Documents/seadroid/app/src/main/java/com/seafile/seadroid2/ui/WidgetUtils.kt:51:29 Unresolved reference 'Intent'.
e: file:///Users/HONGBGU/Documents/seadroid/app/src/main/java/com/seafile/seadroid2/ui/WidgetUtils.kt:54:13 Unresolved reference 'FileProvider'.
e: file:///Users/HONGBGU/Documents/seadroid/app/src/main/java/com/seafile/seadroid2/ui/WidgetUtils.kt:55:20 Unresolved reference 'setDataAndType'.
e: file:///Users/HONGBGU/Documents/seadroid/app/src/main/java/com/seafile/seadroid2/ui/WidgetUtils.kt:56:20 Unresolved reference 'addFlags'.
e: file:///Users/HONGBGU/Documents/seadroid/app/src/main/java/com/seafile/seadroid2/ui/WidgetUtils.kt:56:29 Unresolved reference 'Intent'.
e: file:///Users/HONGBGU/Documents/seadroid/app/src/main/java/com/seafile/seadroid2/ui/WidgetUtils.kt:56:70 Unresolved reference 'Intent'.
e: file:///Users/HONGBGU/Documents/seadroid/app/src/main/java/com/seafile/seadroid2/ui/WidgetUtils.kt:56:112 Unresolved reference 'Intent'.
e: file:///Users/HONGBGU/Documents/seadroid/app/src/main/java/com/seafile/seadroid2/ui/WidgetUtils.kt:61:17 Unresolved reference 'TextUtils'.
e: file:///Users/HONGBGU/Documents/seadroid/app/src/main/java/com/seafile/seadroid2/ui/WidgetUtils.kt:65:35 Unresolved reference 'R'.
e: file:///Users/HONGBGU/Documents/seadroid/app/src/main/java/com/seafile/seadroid2/ui/WidgetUtils.kt:68:13 Unresolved reference 'Toasts'.
e: file:///Users/HONGBGU/Documents/seadroid/app/src/main/java/com/seafile/seadroid2/ui/WidgetUtils.kt:73:21 Unresolved reference 'Intent'.
e: file:///Users/HONGBGU/Documents/seadroid/app/src/main/java/com/seafile/seadroid2/ui/WidgetUtils.kt:73:30 Unresolved reference 'Intent'.
e: file:///Users/HONGBGU/Documents/seadroid/app/src/main/java/com/seafile/seadroid2/ui/WidgetUtils.kt:73:37 Unresolved reference 'Intent'.
e: file:///Users/HONGBGU/Documents/seadroid/app/src/main/java/com/seafile/seadroid2/ui/WidgetUtils.kt:74:16 Unresolved reference 'addFlags'.
e: file:///Users/HONGBGU/Documents/seadroid/app/src/main/java/com/seafile/seadroid2/ui/WidgetUtils.kt:74:25 Unresolved reference 'Intent'.
e: file:///Users/HONGBGU/Documents/seadroid/app/src/main/java/com/seafile/seadroid2/ui/WidgetUtils.kt:75:16 Unresolved reference 'setData'.
e: file:///Users/HONGBGU/Documents/seadroid/app/src/main/java/com/seafile/seadroid2/ui/WidgetUtils.kt:81:13 Unresolved reference 'Toasts'.
e: file:///Users/HONGBGU/Documents/seadroid/app/src/main/java/com/seafile/seadroid2/ui/WidgetUtils.kt:81:25 Unresolved reference 'R'.
e: file:///Users/HONGBGU/Documents/seadroid/app/src/main/java/com/seafile/seadroid2/ui/WidgetUtils.kt:85:53 Unresolved reference 'Intent'.
e: file:///Users/HONGBGU/Documents/seadroid/app/src/main/java/com/seafile/seadroid2/ui/WidgetUtils.kt:86:13 Unresolved reference 'Build'.
e: file:///Users/HONGBGU/Documents/seadroid/app/src/main/java/com/seafile/seadroid2/ui/WidgetUtils.kt:90:17 Unresolved reference 'PackageManager'.
e: file:///Users/HONGBGU/Documents/seadroid/app/src/main/java/com/seafile/seadroid2/ui/WidgetUtils.kt:91:31 Unresolved reference 'ResolveInfo'.
e: file:///Users/HONGBGU/Documents/seadroid/app/src/main/java/com/seafile/seadroid2/ui/WidgetUtils.kt:92:16 Unresolved reference 'queryIntentActivities'.
e: file:///Users/HONGBGU/Documents/seadroid/app/src/main/java/com/seafile/seadroid2/ui/WidgetUtils.kt:92:46 Unresolved reference 'PackageManager'.
e: file:///Users/HONGBGU/Documents/seadroid/app/src/main/java/com/seafile/seadroid2/ui/WidgetUtils.kt:96:46 Unresolved reference 'BaseActivity'.
e: file:///Users/HONGBGU/Documents/seadroid/app/src/main/java/com/seafile/seadroid2/ui/WidgetUtils.kt:97:22 Unresolved reference 'NotificationManager'.
e: file:///Users/HONGBGU/Documents/seadroid/app/src/main/java/com/seafile/seadroid2/ui/WidgetUtils.kt:98:22 Unresolved reference 'getSystemService'.
e: file:///Users/HONGBGU/Documents/seadroid/app/src/main/java/com/seafile/seadroid2/ui/WidgetUtils.kt:98:72 Unresolved reference 'NotificationManager'.
e: file:///Users/HONGBGU/Documents/seadroid/app/src/main/java/com/seafile/seadroid2/ui/WidgetUtils.kt:99:22 Unresolved reference 'NotificationChannel'.
e: file:///Users/HONGBGU/Documents/seadroid/app/src/main/java/com/seafile/seadroid2/ui/WidgetUtils.kt:99:44 Unresolved reference 'NotificationChannel'.
e: file:///Users/HONGBGU/Documents/seadroid/app/src/main/java/com/seafile/seadroid2/ui/WidgetUtils.kt:102:13 Unresolved reference 'NotificationManager'.
e: file:///Users/HONGBGU/Documents/seadroid/app/src/main/java/com/seafile/seadroid2/ui/WidgetUtils.kt:104:17 Unresolved reference 'createNotificationChannel'.
e: file:///Users/HONGBGU/Documents/seadroid/app/src/main/java/com/seafile/seadroid2/ui/WidgetUtils.kt:107:34 Unresolved reference 'NotificationCompat'.
e: file:///Users/HONGBGU/Documents/seadroid/app/src/main/java/com/seafile/seadroid2/ui/WidgetUtils.kt:108:13 Unresolved reference 'NotificationCompat'.
e: file:///Users/HONGBGU/Documents/seadroid/app/src/main/java/com/seafile/seadroid2/ui/WidgetUtils.kt:109:43 Unresolved reference 'getString'.
e: file:///Users/HONGBGU/Documents/seadroid/app/src/main/java/com/seafile/seadroid2/ui/WidgetUtils.kt:109:53 Unresolved reference 'R'.
e: file:///Users/HONGBGU/Documents/seadroid/app/src/main/java/com/seafile/seadroid2/ui/WidgetUtils.kt:110:31 Unresolved reference 'R'.
e: file:///Users/HONGBGU/Documents/seadroid/app/src/main/java/com/seafile/seadroid2/ui/WidgetUtils.kt:113:17 Unresolved reference 'notify'.
e: file:///Users/HONGBGU/Documents/seadroid/app/src/main/java/com/seafile/seadroid2/ui/WidgetUtils.kt:113:76 Unresolved reference 'build'.
e: file:///Users/HONGBGU/Documents/seadroid/app/src/main/java/com/seafile/seadroid2/ui/WidgetUtils.kt:116:17 Unresolved reference 'Build'.
e: file:///Users/HONGBGU/Documents/seadroid/app/src/main/java/com/seafile/seadroid2/ui/WidgetUtils.kt:116:42 Unresolved reference 'Build'.
e: file:///Users/HONGBGU/Documents/seadroid/app/src/main/java/com/seafile/seadroid2/ui/WidgetUtils.kt:117:38 Unresolved reference 'ContentResolver'.
e: file:///Users/HONGBGU/Documents/seadroid/app/src/main/java/com/seafile/seadroid2/ui/WidgetUtils.kt:117:65 Unresolved reference 'getContentResolver'.
e: file:///Users/HONGBGU/Documents/seadroid/app/src/main/java/com/seafile/seadroid2/ui/WidgetUtils.kt:118:17 Unresolved reference 'FileExports'.
e: file:///Users/HONGBGU/Documents/seadroid/app/src/main/java/com/seafile/seadroid2/ui/WidgetUtils.kt:129:21 Unresolved reference 'Intent'.
e: file:///Users/HONGBGU/Documents/seadroid/app/src/main/java/com/seafile/seadroid2/ui/WidgetUtils.kt:129:30 Unresolved reference 'Intent'.
e: file:///Users/HONGBGU/Documents/seadroid/app/src/main/java/com/seafile/seadroid2/ui/WidgetUtils.kt:129:37 Unresolved reference 'DownloadManager'.
e: file:///Users/HONGBGU/Documents/seadroid/app/src/main/java/com/seafile/seadroid2/ui/WidgetUtils.kt:130:16 Unresolved reference 'addFlags'.
e: file:///Users/HONGBGU/Documents/seadroid/app/src/main/java/com/seafile/seadroid2/ui/WidgetUtils.kt:130:25 Unresolved reference 'Intent'.
e: file:///Users/HONGBGU/Documents/seadroid/app/src/main/java/com/seafile/seadroid2/ui/WidgetUtils.kt:133:28 Unresolved reference 'PendingIntent'.
e: file:///Users/HONGBGU/Documents/seadroid/app/src/main/java/com/seafile/seadroid2/ui/WidgetUtils.kt:133:45 Unresolved reference 'PendingIntent'.
e: file:///Users/HONGBGU/Documents/seadroid/app/src/main/java/com/seafile/seadroid2/ui/WidgetUtils.kt:137:13 Unresolved reference 'PendingIntent'.
e: file:///Users/HONGBGU/Documents/seadroid/app/src/main/java/com/seafile/seadroid2/ui/WidgetUtils.kt:137:50 Unresolved reference 'PendingIntent'.
e: file:///Users/HONGBGU/Documents/seadroid/app/src/main/java/com/seafile/seadroid2/ui/WidgetUtils.kt:139:29 Unresolved reference 'setContentTitle'.
e: file:///Users/HONGBGU/Documents/seadroid/app/src/main/java/com/seafile/seadroid2/ui/WidgetUtils.kt:139:77 Unresolved reference 'getString'.
e: file:///Users/HONGBGU/Documents/seadroid/app/src/main/java/com/seafile/seadroid2/ui/WidgetUtils.kt:139:87 Unresolved reference 'R'.
e: file:///Users/HONGBGU/Documents/seadroid/app/src/main/java/com/seafile/seadroid2/ui/WidgetUtils.kt:141:24 Unresolved reference 'R'.
e: file:///Users/HONGBGU/Documents/seadroid/app/src/main/java/com/seafile/seadroid2/ui/WidgetUtils.kt:141:57 Unresolved reference 'getString'.
e: file:///Users/HONGBGU/Documents/seadroid/app/src/main/java/com/seafile/seadroid2/ui/WidgetUtils.kt:141:67 Unresolved reference 'R'.
e: file:///Users/HONGBGU/Documents/seadroid/app/src/main/java/com/seafile/seadroid2/ui/WidgetUtils.kt:143:17 Unresolved reference 'notify'.
e: file:///Users/HONGBGU/Documents/seadroid/app/src/main/java/com/seafile/seadroid2/ui/WidgetUtils.kt:143:76 Unresolved reference 'build'.
e: file:///Users/HONGBGU/Documents/seadroid/app/src/main/java/com/seafile/seadroid2/ui/WidgetUtils.kt:148:16 Unresolved reference 'SeadroidApplication'.
e: file:///Users/HONGBGU/Documents/seadroid/app/src/main/java/com/seafile/seadroid2/ui/WidgetUtils.kt:148:75 Unresolved reference 'R'.
e: file:///Users/HONGBGU/Documents/seadroid/app/src/main/java/com/seafile/seadroid2/ui/account/AccountDetailActivity.kt:115:16 Only safe (?.) or non-null asserted (!!.) calls are allowed on a nullable receiver of type 'androidx.appcompat.widget.Toolbar?'.
e: file:///Users/HONGBGU/Documents/seadroid/app/src/main/java/com/seafile/seadroid2/ui/account/AccountDetailActivity.kt:129:47 Unresolved reference 'observe'.
e: file:///Users/HONGBGU/Documents/seadroid/app/src/main/java/com/seafile/seadroid2/ui/account/AccountDetailActivity.kt:129:61 Class '<anonymous>' is not abstract and does not implement abstract member 'onChanged'.
e: file:///Users/HONGBGU/Documents/seadroid/app/src/main/java/com/seafile/seadroid2/ui/account/AccountDetailActivity.kt:130:13 'onChanged' overrides nothing.
e: file:///Users/HONGBGU/Documents/seadroid/app/src/main/java/com/seafile/seadroid2/ui/account/AccountDetailActivity.kt:141:13 Class '<anonymous>' is not abstract and does not implement abstract member 'onChanged'.
e: file:///Users/HONGBGU/Documents/seadroid/app/src/main/java/com/seafile/seadroid2/ui/account/AccountDetailActivity.kt:142:17 'onChanged' overrides nothing.
e: file:///Users/HONGBGU/Documents/seadroid/app/src/main/java/com/seafile/seadroid2/ui/account/AccountDetailActivity.kt:148:28 Class '<anonymous>' is not abstract and does not implement abstract member 'onChanged'.
e: file:///Users/HONGBGU/Documents/seadroid/app/src/main/java/com/seafile/seadroid2/ui/account/AccountDetailActivity.kt:149:17 'onChanged' overrides nothing.
e: file:///Users/HONGBGU/Documents/seadroid/app/src/main/java/com/seafile/seadroid2/ui/account/AccountDetailActivity.kt:204:17 Argument type mismatch: actual type is 'com.seafile.seadroid2.account.Account?', but 'com.seafile.seadroid2.account.Account' was expected.
e: file:///Users/HONGBGU/Documents/seadroid/app/src/main/java/com/seafile/seadroid2/ui/account/AccountDetailActivity.kt:208:49 Argument type mismatch: actual type is 'com.seafile.seadroid2.account.Account?', but 'com.seafile.seadroid2.account.Account' was expected.
e: file:///Users/HONGBGU/Documents/seadroid/app/src/main/java/com/seafile/seadroid2/ui/account/AccountViewModel.kt:53:30 None of the following candidates is applicable:
@SinceKotlin(...) @InlineOnly() fun <V> KMutableProperty0<V>.setValue(thisRef: Any?, property: KProperty<*>, value: V): Unit
@SinceKotlin(...) @InlineOnly() fun <T, V> KMutableProperty1<T, V>.setValue(thisRef: T, property: KProperty<*>, value: V): Unit
@InlineOnly() fun <V> MutableMap<in String, in V>.setValue(thisRef: Any?, property: KProperty<*>, value: V): Unit
e: file:///Users/HONGBGU/Documents/seadroid/app/src/main/java/com/seafile/seadroid2/ui/account/AccountViewModel.kt:56:44 Initializer type mismatch: expected 'io.reactivex.Single<com.seafile.seadroid2.account.AccountInfo?>', actual 'io.reactivex.Single<com.seafile.seadroid2.account.AccountInfo?>?'.
e: file:///Users/HONGBGU/Documents/seadroid/app/src/main/java/com/seafile/seadroid2/ui/account/AccountViewModel.kt:57:13 Only safe (?.) or non-null asserted (!!.) calls are allowed on a nullable receiver of type 'com.seafile.seadroid2.framework.http.HttpIO?'.
e: file:///Users/HONGBGU/Documents/seadroid/app/src/main/java/com/seafile/seadroid2/ui/account/AccountViewModel.kt:57:39 Argument type mismatch: actual type is 'java.lang.Class<com.seafile.seadroid2.ui.account.AccountService>', but 'java.lang.Class<T?>' was expected.
e: file:///Users/HONGBGU/Documents/seadroid/app/src/main/java/com/seafile/seadroid2/ui/account/AccountViewModel.kt:57:66 Only safe (?.) or non-null asserted (!!.) calls are allowed on a nullable receiver of type 'com.seafile.seadroid2.ui.account.AccountService?'.
e: file:///Users/HONGBGU/Documents/seadroid/app/src/main/java/com/seafile/seadroid2/ui/account/AccountViewModel.kt:58:38 Class '<anonymous>' is not abstract and does not implement abstract member 'accept'.
e: file:///Users/HONGBGU/Documents/seadroid/app/src/main/java/com/seafile/seadroid2/ui/account/AccountViewModel.kt:60:13 'accept' overrides nothing.
e: file:///Users/HONGBGU/Documents/seadroid/app/src/main/java/com/seafile/seadroid2/ui/account/AccountViewModel.kt:71:38 None of the following candidates is applicable:
@SinceKotlin(...) @InlineOnly() fun <V> KMutableProperty0<V>.setValue(thisRef: Any?, property: KProperty<*>, value: V): Unit
@SinceKotlin(...) @InlineOnly() fun <T, V> KMutableProperty1<T, V>.setValue(thisRef: T, property: KProperty<*>, value: V): Unit
@InlineOnly() fun <V> MutableMap<in String, in V>.setValue(thisRef: Any?, property: KProperty<*>, value: V): Unit
e: file:///Users/HONGBGU/Documents/seadroid/app/src/main/java/com/seafile/seadroid2/ui/account/AccountViewModel.kt:85:30 None of the following candidates is applicable:
@SinceKotlin(...) @InlineOnly() fun <V> KMutableProperty0<V>.setValue(thisRef: Any?, property: KProperty<*>, value: V): Unit
@SinceKotlin(...) @InlineOnly() fun <T, V> KMutableProperty1<T, V>.setValue(thisRef: T, property: KProperty<*>, value: V): Unit
@InlineOnly() fun <V> MutableMap<in String, in V>.setValue(thisRef: Any?, property: KProperty<*>, value: V): Unit
e: file:///Users/HONGBGU/Documents/seadroid/app/src/main/java/com/seafile/seadroid2/ui/account/AccountViewModel.kt:119:25 Only safe (?.) or non-null asserted (!!.) calls are allowed on a nullable receiver of type 'com.seafile.seadroid2.framework.http.HttpIO?'.
e: file:///Users/HONGBGU/Documents/seadroid/app/src/main/java/com/seafile/seadroid2/ui/account/AccountViewModel.kt:119:51 Argument type mismatch: actual type is 'java.lang.Class<com.seafile.seadroid2.ui.account.AccountService>', but 'java.lang.Class<T?>' was expected.
e: file:///Users/HONGBGU/Documents/seadroid/app/src/main/java/com/seafile/seadroid2/ui/account/AccountViewModel.kt:120:25 Only safe (?.) or non-null asserted (!!.) calls are allowed on a nullable receiver of type 'com.seafile.seadroid2.ui.account.AccountService?'.
e: file:///Users/HONGBGU/Documents/seadroid/app/src/main/java/com/seafile/seadroid2/ui/account/AccountViewModel.kt:121:25 Only safe (?.) or non-null asserted (!!.) calls are allowed on a nullable receiver of type 'retrofit2.Call<com.seafile.seadroid2.account.AccountInfo?>?'.
e: file:///Users/HONGBGU/Documents/seadroid/app/src/main/java/com/seafile/seadroid2/ui/account/AccountViewModel.kt:125:27 Type mismatch: inferred type is 'ERROR CLASS: Symbol not found for SeafException', but 'kotlin.Throwable' was expected.
e: file:///Users/HONGBGU/Documents/seadroid/app/src/main/java/com/seafile/seadroid2/ui/account/AccountViewModel.kt:147:38 None of the following candidates is applicable:
@SinceKotlin(...) @InlineOnly() fun <V> KMutableProperty0<V>.setValue(thisRef: Any?, property: KProperty<*>, value: V): Unit
@SinceKotlin(...) @InlineOnly() fun <T, V> KMutableProperty1<T, V>.setValue(thisRef: T, property: KProperty<*>, value: V): Unit
@InlineOnly() fun <V> MutableMap<in String, in V>.setValue(thisRef: Any?, property: KProperty<*>, value: V): Unit
e: file:///Users/HONGBGU/Documents/seadroid/app/src/main/java/com/seafile/seadroid2/ui/account/AccountViewModel.kt:153:38 None of the following candidates is applicable:
@SinceKotlin(...) @InlineOnly() fun <V> KMutableProperty0<V>.setValue(thisRef: Any?, property: KProperty<*>, value: V): Unit
@SinceKotlin(...) @InlineOnly() fun <T, V> KMutableProperty1<T, V>.setValue(thisRef: T, property: KProperty<*>, value: V): Unit
@InlineOnly() fun <V> MutableMap<in String, in V>.setValue(thisRef: Any?, property: KProperty<*>, value: V): Unit
e: file:///Users/HONGBGU/Documents/seadroid/app/src/main/java/com/seafile/seadroid2/ui/account/AccountViewModel.kt:190:72 Only safe (?.) or non-null asserted (!!.) calls are allowed on a nullable receiver of type 'com.seafile.seadroid2.framework.util.DeviceIdManager?'.
e: file:///Users/HONGBGU/Documents/seadroid/app/src/main/java/com/seafile/seadroid2/ui/account/AccountViewModel.kt:201:16 Return type mismatch: expected 'retrofit2.Call<com.seafile.seadroid2.framework.model.TokenModel?>', actual 'retrofit2.Call<com.seafile.seadroid2.framework.model.TokenModel?>?'.
e: file:///Users/HONGBGU/Documents/seadroid/app/src/main/java/com/seafile/seadroid2/ui/account/AccountViewModel.kt:202:13 Only safe (?.) or non-null asserted (!!.) calls are allowed on a nullable receiver of type 'com.seafile.seadroid2.framework.http.HttpIO?'.
e: file:///Users/HONGBGU/Documents/seadroid/app/src/main/java/com/seafile/seadroid2/ui/account/AccountViewModel.kt:202:39 Argument type mismatch: actual type is 'java.lang.Class<com.seafile.seadroid2.ui.account.AccountService>', but 'java.lang.Class<T?>' was expected.
e: file:///Users/HONGBGU/Documents/seadroid/app/src/main/java/com/seafile/seadroid2/ui/account/AccountViewModel.kt:202:66 Only safe (?.) or non-null asserted (!!.) calls are allowed on a nullable receiver of type 'com.seafile.seadroid2.ui.account.AccountService?'.
e: file:///Users/HONGBGU/Documents/seadroid/app/src/main/java/com/seafile/seadroid2/ui/account/AccountViewModel.kt:206:30 None of the following candidates is applicable:
@SinceKotlin(...) @InlineOnly() fun <V> KMutableProperty0<V>.setValue(thisRef: Any?, property: KProperty<*>, value: V): Unit
@SinceKotlin(...) @InlineOnly() fun <T, V> KMutableProperty1<T, V>.setValue(thisRef: T, property: KProperty<*>, value: V): Unit
@InlineOnly() fun <V> MutableMap<in String, in V>.setValue(thisRef: Any?, property: KProperty<*>, value: V): Unit
e: file:///Users/HONGBGU/Documents/seadroid/app/src/main/java/com/seafile/seadroid2/ui/account/AccountViewModel.kt:209:13 Initializer type mismatch: expected 'io.reactivex.Single<com.seafile.seadroid2.framework.model.server.ServerInfoModel?>', actual 'io.reactivex.Single<com.seafile.seadroid2.framework.model.server.ServerInfoModel?>?'.
e: file:///Users/HONGBGU/Documents/seadroid/app/src/main/java/com/seafile/seadroid2/ui/account/AccountViewModel.kt:209:50 Only safe (?.) or non-null asserted (!!.) calls are allowed on a nullable receiver of type 'com.seafile.seadroid2.framework.http.HttpIO?'.
e: file:///Users/HONGBGU/Documents/seadroid/app/src/main/java/com/seafile/seadroid2/ui/account/AccountViewModel.kt:209:73 Argument type mismatch: actual type is 'java.lang.Class<com.seafile.seadroid2.ui.main.MainService>', but 'java.lang.Class<T?>' was expected.
e: file:///Users/HONGBGU/Documents/seadroid/app/src/main/java/com/seafile/seadroid2/ui/account/AccountViewModel.kt:210:17 Only safe (?.) or non-null asserted (!!.) calls are allowed on a nullable receiver of type 'com.seafile.seadroid2.ui.main.MainService?'.
e: file:///Users/HONGBGU/Documents/seadroid/app/src/main/java/com/seafile/seadroid2/ui/account/AccountViewModel.kt:211:44 Class '<anonymous>' is not abstract and does not implement abstract member 'accept'.
e: file:///Users/HONGBGU/Documents/seadroid/app/src/main/java/com/seafile/seadroid2/ui/account/AccountViewModel.kt:212:13 'accept' overrides nothing.
e: file:///Users/HONGBGU/Documents/seadroid/app/src/main/java/com/seafile/seadroid2/ui/account/AccountViewModel.kt:214:66 Only safe (?.) or non-null asserted (!!.) calls are allowed on a nullable receiver of type 'com.seafile.seadroid2.account.SupportAccountManager?'.
e: file:///Users/HONGBGU/Documents/seadroid/app/src/main/java/com/seafile/seadroid2/ui/account/AccountViewModel.kt:225:62 Only safe (?.) or non-null asserted (!!.) calls are allowed on a nullable receiver of type 'com.seafile.seadroid2.account.SupportAccountManager?'.
e: file:///Users/HONGBGU/Documents/seadroid/app/src/main/java/com/seafile/seadroid2/ui/account/AccountViewModel.kt:227:38 None of the following candidates is applicable:
@SinceKotlin(...) @InlineOnly() fun <V> KMutableProperty0<V>.setValue(thisRef: Any?, property: KProperty<*>, value: V): Unit
@SinceKotlin(...) @InlineOnly() fun <T, V> KMutableProperty1<T, V>.setValue(thisRef: T, property: KProperty<*>, value: V): Unit
@InlineOnly() fun <V> MutableMap<in String, in V>.setValue(thisRef: Any?, property: KProperty<*>, value: V): Unit
e: file:///Users/HONGBGU/Documents/seadroid/app/src/main/java/com/seafile/seadroid2/ui/account/AccountViewModel.kt:233:38 None of the following candidates is applicable:
@SinceKotlin(...) @InlineOnly() fun <V> KMutableProperty0<V>.setValue(thisRef: Any?, property: KProperty<*>, value: V): Unit
@SinceKotlin(...) @InlineOnly() fun <T, V> KMutableProperty1<T, V>.setValue(thisRef: T, property: KProperty<*>, value: V): Unit
@InlineOnly() fun <V> MutableMap<in String, in V>.setValue(thisRef: Any?, property: KProperty<*>, value: V): Unit
e: file:///Users/HONGBGU/Documents/seadroid/app/src/main/java/com/seafile/seadroid2/ui/account/AccountViewModel.kt:240:81 Only safe (?.) or non-null asserted (!!.) calls are allowed on a nullable receiver of type 'com.seafile.seadroid2.account.SupportAccountManager?'.
e: file:///Users/HONGBGU/Documents/seadroid/app/src/main/java/com/seafile/seadroid2/ui/account/AccountViewModel.kt:253:13 Only safe (?.) or non-null asserted (!!.) calls are allowed on a nullable receiver of type 'com.seafile.seadroid2.account.SupportAccountManager?'.
e: file:///Users/HONGBGU/Documents/seadroid/app/src/main/java/com/seafile/seadroid2/ui/account/AccountsActivity.kt:55:9 Class '<anonymous>' is not abstract and does not implement abstract member 'run'.
e: file:///Users/HONGBGU/Documents/seadroid/app/src/main/java/com/seafile/seadroid2/ui/account/AccountsActivity.kt:56:13 'run' overrides nothing.
e: file:///Users/HONGBGU/Documents/seadroid/app/src/main/java/com/seafile/seadroid2/ui/account/AccountsActivity.kt:66:29 Only safe (?.) or non-null asserted (!!.) calls are allowed on a nullable receiver of type 'com.seafile.seadroid2.account.SupportAccountManager?'.
e: file:///Users/HONGBGU/Documents/seadroid/app/src/main/java/com/seafile/seadroid2/ui/account/AccountsActivity.kt:88:20 Assignment type mismatch: actual type is 'kotlin.collections.MutableList<android.accounts.Account>', but 'kotlin.collections.MutableList<com.seafile.seadroid2.account.Account>?' was expected.
e: file:///Users/HONGBGU/Documents/seadroid/app/src/main/java/com/seafile/seadroid2/ui/account/AccountsActivity.kt:88:65 Only safe (?.) or non-null asserted (!!.) calls are allowed on a nullable receiver of type 'com.seafile.seadroid2.account.SupportAccountManager?'.
e: file:///Users/HONGBGU/Documents/seadroid/app/src/main/java/com/seafile/seadroid2/ui/account/AccountsActivity.kt:89:78 Only safe (?.) or non-null asserted (!!.) calls are allowed on a nullable receiver of type 'com.seafile.seadroid2.account.SupportAccountManager?'.
e: file:///Users/HONGBGU/Documents/seadroid/app/src/main/java/com/seafile/seadroid2/ui/account/AccountsActivity.kt:142:16 Only safe (?.) or non-null asserted (!!.) calls are allowed on a nullable receiver of type 'androidx.appcompat.widget.Toolbar?'.
e: file:///Users/HONGBGU/Documents/seadroid/app/src/main/java/com/seafile/seadroid2/ui/account/AccountsActivity.kt:155:47 Unresolved reference 'observe'.
e: file:///Users/HONGBGU/Documents/seadroid/app/src/main/java/com/seafile/seadroid2/ui/account/AccountsActivity.kt:155:61 Class '<anonymous>' is not abstract and does not implement abstract member 'onChanged'.
e: file:///Users/HONGBGU/Documents/seadroid/app/src/main/java/com/seafile/seadroid2/ui/account/AccountsActivity.kt:156:13 'onChanged' overrides nothing.
e: file:///Users/HONGBGU/Documents/seadroid/app/src/main/java/com/seafile/seadroid2/ui/account/AccountsActivity.kt:182:58 Only safe (?.) or non-null asserted (!!.) calls are allowed on a nullable receiver of type 'com.seafile.seadroid2.account.SupportAccountManager?'.
e: file:///Users/HONGBGU/Documents/seadroid/app/src/main/java/com/seafile/seadroid2/ui/account/AccountsActivity.kt:196:17 Only safe (?.) or non-null asserted (!!.) calls are allowed on a nullable receiver of type 'com.seafile.seadroid2.account.SupportAccountManager?'.
e: file:///Users/HONGBGU/Documents/seadroid/app/src/main/java/com/seafile/seadroid2/ui/account/AccountsActivity.kt:238:20 Assignment type mismatch: actual type is 'kotlin.collections.MutableList<android.accounts.Account>', but 'kotlin.collections.MutableList<com.seafile.seadroid2.account.Account>?' was expected.
e: file:///Users/HONGBGU/Documents/seadroid/app/src/main/java/com/seafile/seadroid2/ui/account/AccountsActivity.kt:238:65 Only safe (?.) or non-null asserted (!!.) calls are allowed on a nullable receiver of type 'com.seafile.seadroid2.account.SupportAccountManager?'.
e: file:///Users/HONGBGU/Documents/seadroid/app/src/main/java/com/seafile/seadroid2/ui/account/AccountsActivity.kt:244:58 Only safe (?.) or non-null asserted (!!.) calls are allowed on a nullable receiver of type 'com.seafile.seadroid2.account.SupportAccountManager?'.
e: file:///Users/HONGBGU/Documents/seadroid/app/src/main/java/com/seafile/seadroid2/ui/account/SeafileAuthenticatorActivity.kt:51:56 Unresolved reference 'compareTo'.
e: file:///Users/HONGBGU/Documents/seadroid/app/src/main/java/com/seafile/seadroid2/ui/account/SeafileAuthenticatorActivity.kt:51:57 Unresolved reference 'ViewfindViewById'.
e: file:///Users/HONGBGU/Documents/seadroid/app/src/main/java/com/seafile/seadroid2/ui/account/SeafileAuthenticatorActivity.kt:92:13 Initializer type mismatch: expected 'android.widget.ListView', actual 'kotlin.Boolean'.
e: file:///Users/HONGBGU/Documents/seadroid/app/src/main/java/com/seafile/seadroid2/ui/account/SeafileAuthenticatorActivity.kt:92:23 Unresolved reference 'compareTo'.
e: file:///Users/HONGBGU/Documents/seadroid/app/src/main/java/com/seafile/seadroid2/ui/account/SeafileAuthenticatorActivity.kt:92:24 Unresolved reference 'ViewfindViewById'.
e: file:///Users/HONGBGU/Documents/seadroid/app/src/main/java/com/seafile/seadroid2/ui/account/SeafileAuthenticatorActivity.kt:134:17 Argument type mismatch: actual type is 'kotlin.String?', but 'kotlin.String' was expected.
e: file:///Users/HONGBGU/Documents/seadroid/app/src/main/java/com/seafile/seadroid2/ui/account/SeafileAuthenticatorActivity.kt:138:17 Only safe (?.) or non-null asserted (!!.) calls are allowed on a nullable receiver of type 'com.seafile.seadroid2.account.SupportAccountManager?'.
e: file:///Users/HONGBGU/Documents/seadroid/app/src/main/java/com/seafile/seadroid2/ui/account/SeafileAuthenticatorActivity.kt:156:16 Only safe (?.) or non-null asserted (!!.) calls are allowed on a nullable receiver of type 'androidx.appcompat.widget.Toolbar?'.
e: file:///Users/HONGBGU/Documents/seadroid/app/src/main/java/com/seafile/seadroid2/ui/account/SeafileAuthenticatorActivity.kt:257:54 Only safe (?.) or non-null asserted (!!.) calls are allowed on a nullable receiver of type 'com.seafile.seadroid2.account.SupportAccountManager?'.
e: file:///Users/HONGBGU/Documents/seadroid/app/src/main/java/com/seafile/seadroid2/ui/account/SeafileAuthenticatorActivity.kt:259:13 Only safe (?.) or non-null asserted (!!.) calls are allowed on a nullable receiver of type 'com.seafile.seadroid2.account.SupportAccountManager?'.
e: file:///Users/HONGBGU/Documents/seadroid/app/src/main/java/com/seafile/seadroid2/ui/account/SeafileAuthenticatorActivity.kt:262:17 Only safe (?.) or non-null asserted (!!.) calls are allowed on a nullable receiver of type 'com.seafile.seadroid2.account.SupportAccountManager?'.
e: file:///Users/HONGBGU/Documents/seadroid/app/src/main/java/com/seafile/seadroid2/ui/account/SeafileAuthenticatorActivity.kt:268:54 Only safe (?.) or non-null asserted (!!.) calls are allowed on a nullable receiver of type 'com.seafile.seadroid2.account.SupportAccountManager?'.
e: file:///Users/HONGBGU/Documents/seadroid/app/src/main/java/com/seafile/seadroid2/ui/account/adapter/AccountAdapter.kt:15:1 Class 'AccountAdapter' is not abstract and does not implement abstract member 'getView'.
e: file:///Users/HONGBGU/Documents/seadroid/app/src/main/java/com/seafile/seadroid2/ui/account/adapter/AccountAdapter.kt:16:34 Unresolved reference 'Account'.
e: file:///Users/HONGBGU/Documents/seadroid/app/src/main/java/com/seafile/seadroid2/ui/account/adapter/AccountAdapter.kt:26:20 Unresolved reference 'Account'.
e: file:///Users/HONGBGU/Documents/seadroid/app/src/main/java/com/seafile/seadroid2/ui/account/adapter/AccountAdapter.kt:34:42 Unresolved reference 'Account'.
e: file:///Users/HONGBGU/Documents/seadroid/app/src/main/java/com/seafile/seadroid2/ui/account/adapter/AccountAdapter.kt:38:37 Unresolved reference 'Account'.
e: file:///Users/HONGBGU/Documents/seadroid/app/src/main/java/com/seafile/seadroid2/ui/account/adapter/AccountAdapter.kt:39:41 Unresolved reference 'Account'.
e: file:///Users/HONGBGU/Documents/seadroid/app/src/main/java/com/seafile/seadroid2/ui/account/adapter/AccountAdapter.kt:54:17 Unresolved reference 'Lists'.
e: file:///Users/HONGBGU/Documents/seadroid/app/src/main/java/com/seafile/seadroid2/ui/account/adapter/AccountAdapter.kt:54:36 Unresolved reference 'Account'.
e: file:///Users/HONGBGU/Documents/seadroid/app/src/main/java/com/seafile/seadroid2/ui/account/adapter/AccountAdapter.kt:57:5 'getView' overrides nothing.
e: file:///Users/HONGBGU/Documents/seadroid/app/src/main/java/com/seafile/seadroid2/ui/account/adapter/AccountAdapter.kt:57:69 Unresolved reference 'ViewGroup'.
e: file:///Users/HONGBGU/Documents/seadroid/app/src/main/java/com/seafile/seadroid2/ui/account/adapter/AccountAdapter.kt:60:20 Unresolved reference 'LayoutInflater'.
e: file:///Users/HONGBGU/Documents/seadroid/app/src/main/java/com/seafile/seadroid2/ui/account/adapter/AccountAdapter.kt:61:24 Unresolved reference 'TextView'.
e: file:///Users/HONGBGU/Documents/seadroid/app/src/main/java/com/seafile/seadroid2/ui/account/adapter/AccountAdapter.kt:61:55 Unresolved reference 'TextView'.
e: file:///Users/HONGBGU/Documents/seadroid/app/src/main/java/com/seafile/seadroid2/ui/account/adapter/AccountAdapter.kt:62:27 Unresolved reference 'TextView'.
e: file:///Users/HONGBGU/Documents/seadroid/app/src/main/java/com/seafile/seadroid2/ui/account/adapter/AccountAdapter.kt:62:56 Unresolved reference 'TextView'.
e: file:///Users/HONGBGU/Documents/seadroid/app/src/main/java/com/seafile/seadroid2/ui/account/adapter/AccountAdapter.kt:72:59 Unresolved reference 'is_checked'.
e: file:///Users/HONGBGU/Documents/seadroid/app/src/main/java/com/seafile/seadroid2/ui/account/adapter/AccountAdapter.kt:74:28 Unresolved reference 'setText'.
e: file:///Users/HONGBGU/Documents/seadroid/app/src/main/java/com/seafile/seadroid2/ui/account/adapter/AccountAdapter.kt:74:44 Unresolved reference 'getName'.
e: file:///Users/HONGBGU/Documents/seadroid/app/src/main/java/com/seafile/seadroid2/ui/account/adapter/AccountAdapter.kt:75:31 Unresolved reference 'setText'.
e: file:///Users/HONGBGU/Documents/seadroid/app/src/main/java/com/seafile/seadroid2/ui/account/adapter/AccountAdapter.kt:75:47 Unresolved reference 'getServerHost'.
e: file:///Users/HONGBGU/Documents/seadroid/app/src/main/java/com/seafile/seadroid2/ui/account/adapter/AccountAdapter.kt:77:13 Unresolved reference 'TextUtils'.
e: file:///Users/HONGBGU/Documents/seadroid/app/src/main/java/com/seafile/seadroid2/ui/account/adapter/AccountAdapter.kt:77:39 Unresolved reference 'avatar_url'.
e: file:///Users/HONGBGU/Documents/seadroid/app/src/main/java/com/seafile/seadroid2/ui/account/adapter/AccountAdapter.kt:80:22 None of the following candidates is applicable:
@NonNull() static fun with(@NonNull() context: Context): GlideRequests
@Deprecated(...) @NonNull() static fun with(@NonNull() activity: Activity): GlideRequests
@NonNull() static fun with(@NonNull() activity: FragmentActivity): GlideRequests
@NonNull() static fun with(@NonNull() fragment: Fragment): GlideRequests
@Deprecated(...) @NonNull() static fun with(@NonNull() fragment: Fragment): GlideRequests
@NonNull() static fun with(@NonNull() view: View): GlideRequests
e: file:///Users/HONGBGU/Documents/seadroid/app/src/main/java/com/seafile/seadroid2/ui/account/adapter/AccountAdapter.kt:81:18 Unresolved reference 'load'.
e: file:///Users/HONGBGU/Documents/seadroid/app/src/main/java/com/seafile/seadroid2/ui/account/adapter/AccountAdapter.kt:81:31 Unresolved reference 'avatar_url'.
e: file:///Users/HONGBGU/Documents/seadroid/app/src/main/java/com/seafile/seadroid2/ui/account/adapter/AccountAdapter.kt:82:24 Unresolved reference 'GlideLoadConfig'.
e: file:///Users/HONGBGU/Documents/seadroid/app/src/main/java/com/seafile/seadroid2/ui/account/adapter/AccountAdapter.kt:83:18 Unresolved reference 'into'.
e: file:///Users/HONGBGU/Documents/seadroid/app/src/main/java/com/seafile/seadroid2/ui/account/adapter/AccountAdapter.kt:91:16 Unresolved reference 'TextView'.
e: file:///Users/HONGBGU/Documents/seadroid/app/src/main/java/com/seafile/seadroid2/ui/account/adapter/AccountAdapter.kt:92:19 Unresolved reference 'TextView'.
e: file:///Users/HONGBGU/Documents/seadroid/app/src/main/java/com/seafile/seadroid2/ui/account/adapter/AccountAdapter.kt:96:20 Unresolved reference 'TextView'.
e: file:///Users/HONGBGU/Documents/seadroid/app/src/main/java/com/seafile/seadroid2/ui/account/adapter/AccountAdapter.kt:97:23 Unresolved reference 'TextView'.
e: file:///Users/HONGBGU/Documents/seadroid/app/src/main/java/com/seafile/seadroid2/ui/account/sso/SingleSignOnActivity.kt:18:61 Cannot import 'equals'. Functions and properties can only be imported from packages or objects.
e: file:///Users/HONGBGU/Documents/seadroid/app/src/main/java/com/seafile/seadroid2/ui/account/sso/SingleSignOnActivity.kt:19:65 Cannot import 'equals'. Functions and properties can only be imported from packages or objects.
e: file:///Users/HONGBGU/Documents/seadroid/app/src/main/java/com/seafile/seadroid2/ui/account/sso/SingleSignOnActivity.kt:102:16 Only safe (?.) or non-null asserted (!!.) calls are allowed on a nullable receiver of type 'androidx.appcompat.widget.Toolbar?'.
e: file:///Users/HONGBGU/Documents/seadroid/app/src/main/java/com/seafile/seadroid2/ui/account/sso/SingleSignOnActivity.kt:125:47 Unresolved reference 'observe'.
e: file:///Users/HONGBGU/Documents/seadroid/app/src/main/java/com/seafile/seadroid2/ui/account/sso/SingleSignOnActivity.kt:125:61 Class '<anonymous>' is not abstract and does not implement abstract member 'onChanged'.
e: file:///Users/HONGBGU/Documents/seadroid/app/src/main/java/com/seafile/seadroid2/ui/account/sso/SingleSignOnActivity.kt:126:13 'onChanged' overrides nothing.
e: file:///Users/HONGBGU/Documents/seadroid/app/src/main/java/com/seafile/seadroid2/ui/account/sso/SingleSignOnActivity.kt:131:64 Class '<anonymous>' is not abstract and does not implement abstract member 'onChanged'.
e: file:///Users/HONGBGU/Documents/seadroid/app/src/main/java/com/seafile/seadroid2/ui/account/sso/SingleSignOnActivity.kt:132:13 'onChanged' overrides nothing.
e: file:///Users/HONGBGU/Documents/seadroid/app/src/main/java/com/seafile/seadroid2/ui/account/sso/SingleSignOnActivity.kt:163:61 Class '<anonymous>' is not abstract and does not implement abstract member 'onChanged'.
e: file:///Users/HONGBGU/Documents/seadroid/app/src/main/java/com/seafile/seadroid2/ui/account/sso/SingleSignOnActivity.kt:164:13 'onChanged' overrides nothing.
e: file:///Users/HONGBGU/Documents/seadroid/app/src/main/java/com/seafile/seadroid2/ui/account/sso/SingleSignOnActivity.kt:240:47 None of the following candidates is applicable:
@SinceKotlin(...) @InlineOnly() fun <V> KMutableProperty0<V>.setValue(thisRef: Any?, property: KProperty<*>, value: V): Unit
@SinceKotlin(...) @InlineOnly() fun <T, V> KMutableProperty1<T, V>.setValue(thisRef: T, property: KProperty<*>, value: V): Unit
@InlineOnly() fun <V> MutableMap<in String, in V>.setValue(thisRef: Any?, property: KProperty<*>, value: V): Unit
e: file:///Users/HONGBGU/Documents/seadroid/app/src/main/java/com/seafile/seadroid2/ui/account/sso/SingleSignOnActivity.kt:251:25 Only safe (?.) or non-null asserted (!!.) calls are allowed on a nullable receiver of type 'kotlin.String?'.
e: file:///Users/HONGBGU/Documents/seadroid/app/src/main/java/com/seafile/seadroid2/ui/account/sso/SingleSignOnActivity.kt:251:40 Only safe (?.) or non-null asserted (!!.) calls are allowed on a nullable receiver of type 'kotlin.String?'.
e: file:///Users/HONGBGU/Documents/seadroid/app/src/main/java/com/seafile/seadroid2/ui/account/sso/SingleSignOnAuthorizeActivity.kt:72:16 Only safe (?.) or non-null asserted (!!.) calls are allowed on a nullable receiver of type 'androidx.appcompat.widget.Toolbar?'.
e: file:///Users/HONGBGU/Documents/seadroid/app/src/main/java/com/seafile/seadroid2/ui/account/sso/SingleSignOnAuthorizeActivity.kt:113:72 Only safe (?.) or non-null asserted (!!.) calls are allowed on a nullable receiver of type 'com.seafile.seadroid2.framework.util.DeviceIdManager?'.
e: file:///Users/HONGBGU/Documents/seadroid/app/src/main/java/com/seafile/seadroid2/ui/account/sso/SingleSignOnAuthorizeActivity.kt:137:28 Class '<anonymous>' is not abstract and does not implement abstract member 'onChanged'.
e: file:///Users/HONGBGU/Documents/seadroid/app/src/main/java/com/seafile/seadroid2/ui/account/sso/SingleSignOnAuthorizeActivity.kt:138:17 'onChanged' overrides nothing.
e: file:///Users/HONGBGU/Documents/seadroid/app/src/main/java/com/seafile/seadroid2/ui/account/sso/SingleSignOnAuthorizeActivity.kt:142:61 Class '<anonymous>' is not abstract and does not implement abstract member 'onChanged'.
e: file:///Users/HONGBGU/Documents/seadroid/app/src/main/java/com/seafile/seadroid2/ui/account/sso/SingleSignOnAuthorizeActivity.kt:143:13 'onChanged' overrides nothing.
e: file:///Users/HONGBGU/Documents/seadroid/app/src/main/java/com/seafile/seadroid2/ui/account/sso/SingleSignOnAuthorizeActivity.kt:287:61 Argument type mismatch: actual type is 'kotlin.String?', but 'kotlin.String' was expected.
e: file:///Users/HONGBGU/Documents/seadroid/app/src/main/java/com/seafile/seadroid2/ui/account/sso/SingleSignOnViewModel.kt:41:30 None of the following candidates is applicable:
@SinceKotlin(...) @InlineOnly() fun <V> KMutableProperty0<V>.setValue(thisRef: Any?, property: KProperty<*>, value: V): Unit
@SinceKotlin(...) @InlineOnly() fun <T, V> KMutableProperty1<T, V>.setValue(thisRef: T, property: KProperty<*>, value: V): Unit
@InlineOnly() fun <V> MutableMap<in String, in V>.setValue(thisRef: Any?, property: KProperty<*>, value: V): Unit
e: file:///Users/HONGBGU/Documents/seadroid/app/src/main/java/com/seafile/seadroid2/ui/account/sso/SingleSignOnViewModel.kt:48:13 Initializer type mismatch: expected 'io.reactivex.Single<com.seafile.seadroid2.framework.model.server.ServerInfoModel?>', actual 'io.reactivex.Single<com.seafile.seadroid2.framework.model.server.ServerInfoModel?>?'.
e: file:///Users/HONGBGU/Documents/seadroid/app/src/main/java/com/seafile/seadroid2/ui/account/sso/SingleSignOnViewModel.kt:49:17 Only safe (?.) or non-null asserted (!!.) calls are allowed on a nullable receiver of type 'com.seafile.seadroid2.framework.http.HttpIO?'.
e: file:///Users/HONGBGU/Documents/seadroid/app/src/main/java/com/seafile/seadroid2/ui/account/sso/SingleSignOnViewModel.kt:49:40 Argument type mismatch: actual type is 'java.lang.Class<com.seafile.seadroid2.ui.main.MainService>', but 'java.lang.Class<T?>' was expected.
e: file:///Users/HONGBGU/Documents/seadroid/app/src/main/java/com/seafile/seadroid2/ui/account/sso/SingleSignOnViewModel.kt:49:64 Only safe (?.) or non-null asserted (!!.) calls are allowed on a nullable receiver of type 'com.seafile.seadroid2.ui.main.MainService?'.
e: file:///Users/HONGBGU/Documents/seadroid/app/src/main/java/com/seafile/seadroid2/ui/account/sso/SingleSignOnViewModel.kt:58:38 None of the following candidates is applicable:
@SinceKotlin(...) @InlineOnly() fun <V> KMutableProperty0<V>.setValue(thisRef: Any?, property: KProperty<*>, value: V): Unit
@SinceKotlin(...) @InlineOnly() fun <T, V> KMutableProperty1<T, V>.setValue(thisRef: T, property: KProperty<*>, value: V): Unit
@InlineOnly() fun <V> MutableMap<in String, in V>.setValue(thisRef: Any?, property: KProperty<*>, value: V): Unit
e: file:///Users/HONGBGU/Documents/seadroid/app/src/main/java/com/seafile/seadroid2/ui/account/sso/SingleSignOnViewModel.kt:66:30 None of the following candidates is applicable:
@SinceKotlin(...) @InlineOnly() fun <V> KMutableProperty0<V>.setValue(thisRef: Any?, property: KProperty<*>, value: V): Unit
@SinceKotlin(...) @InlineOnly() fun <T, V> KMutableProperty1<T, V>.setValue(thisRef: T, property: KProperty<*>, value: V): Unit
@InlineOnly() fun <V> MutableMap<in String, in V>.setValue(thisRef: Any?, property: KProperty<*>, value: V): Unit
e: file:///Users/HONGBGU/Documents/seadroid/app/src/main/java/com/seafile/seadroid2/ui/account/sso/SingleSignOnViewModel.kt:72:51 Initializer type mismatch: expected 'io.reactivex.Single<com.seafile.seadroid2.framework.model.sso.SSOLinkModel?>', actual 'io.reactivex.Single<com.seafile.seadroid2.framework.model.sso.SSOLinkModel?>?'.
e: file:///Users/HONGBGU/Documents/seadroid/app/src/main/java/com/seafile/seadroid2/ui/account/sso/SingleSignOnViewModel.kt:73:13 Only safe (?.) or non-null asserted (!!.) calls are allowed on a nullable receiver of type 'com.seafile.seadroid2.framework.http.HttpIO?'.
e: file:///Users/HONGBGU/Documents/seadroid/app/src/main/java/com/seafile/seadroid2/ui/account/sso/SingleSignOnViewModel.kt:73:39 Argument type mismatch: actual type is 'java.lang.Class<com.seafile.seadroid2.ui.account.AccountService>', but 'java.lang.Class<T?>' was expected.
e: file:///Users/HONGBGU/Documents/seadroid/app/src/main/java/com/seafile/seadroid2/ui/account/sso/SingleSignOnViewModel.kt:73:66 Only safe (?.) or non-null asserted (!!.) calls are allowed on a nullable receiver of type 'com.seafile.seadroid2.ui.account.AccountService?'.
e: file:///Users/HONGBGU/Documents/seadroid/app/src/main/java/com/seafile/seadroid2/ui/account/sso/SingleSignOnViewModel.kt:74:44 Class '<anonymous>' is not abstract and does not implement abstract member 'accept'.
e: file:///Users/HONGBGU/Documents/seadroid/app/src/main/java/com/seafile/seadroid2/ui/account/sso/SingleSignOnViewModel.kt:76:13 'accept' overrides nothing.
e: file:///Users/HONGBGU/Documents/seadroid/app/src/main/java/com/seafile/seadroid2/ui/account/sso/SingleSignOnViewModel.kt:77:38 None of the following candidates is applicable:
@SinceKotlin(...) @InlineOnly() fun <V> KMutableProperty0<V>.setValue(thisRef: Any?, property: KProperty<*>, value: V): Unit
@SinceKotlin(...) @InlineOnly() fun <T, V> KMutableProperty1<T, V>.setValue(thisRef: T, property: KProperty<*>, value: V): Unit
@InlineOnly() fun <V> MutableMap<in String, in V>.setValue(thisRef: Any?, property: KProperty<*>, value: V): Unit
e: file:///Users/HONGBGU/Documents/seadroid/app/src/main/java/com/seafile/seadroid2/ui/account/sso/SingleSignOnViewModel.kt:83:38 None of the following candidates is applicable:
@SinceKotlin(...) @InlineOnly() fun <V> KMutableProperty0<V>.setValue(thisRef: Any?, property: KProperty<*>, value: V): Unit
@SinceKotlin(...) @InlineOnly() fun <T, V> KMutableProperty1<T, V>.setValue(thisRef: T, property: KProperty<*>, value: V): Unit
@InlineOnly() fun <V> MutableMap<in String, in V>.setValue(thisRef: Any?, property: KProperty<*>, value: V): Unit
e: file:///Users/HONGBGU/Documents/seadroid/app/src/main/java/com/seafile/seadroid2/ui/account/sso/SingleSignOnViewModel.kt:89:30 None of the following candidates is applicable:
@SinceKotlin(...) @InlineOnly() fun <V> KMutableProperty0<V>.setValue(thisRef: Any?, property: KProperty<*>, value: V): Unit
@SinceKotlin(...) @InlineOnly() fun <T, V> KMutableProperty1<T, V>.setValue(thisRef: T, property: KProperty<*>, value: V): Unit
@InlineOnly() fun <V> MutableMap<in String, in V>.setValue(thisRef: Any?, property: KProperty<*>, value: V): Unit
e: file:///Users/HONGBGU/Documents/seadroid/app/src/main/java/com/seafile/seadroid2/ui/account/sso/SingleSignOnViewModel.kt:96:13 Initializer type mismatch: expected 'io.reactivex.Single<com.seafile.seadroid2.framework.model.sso.SSOStatusModel?>', actual 'io.reactivex.Single<com.seafile.seadroid2.framework.model.sso.SSOStatusModel?>?'.
e: file:///Users/HONGBGU/Documents/seadroid/app/src/main/java/com/seafile/seadroid2/ui/account/sso/SingleSignOnViewModel.kt:97:17 Only safe (?.) or non-null asserted (!!.) calls are allowed on a nullable receiver of type 'com.seafile.seadroid2.framework.http.HttpIO?'.
e: file:///Users/HONGBGU/Documents/seadroid/app/src/main/java/com/seafile/seadroid2/ui/account/sso/SingleSignOnViewModel.kt:97:43 Argument type mismatch: actual type is 'java.lang.Class<com.seafile.seadroid2.ui.account.AccountService>', but 'java.lang.Class<T?>' was expected.
e: file:///Users/HONGBGU/Documents/seadroid/app/src/main/java/com/seafile/seadroid2/ui/account/sso/SingleSignOnViewModel.kt:97:70 Only safe (?.) or non-null asserted (!!.) calls are allowed on a nullable receiver of type 'com.seafile.seadroid2.ui.account.AccountService?'.
e: file:///Users/HONGBGU/Documents/seadroid/app/src/main/java/com/seafile/seadroid2/ui/account/sso/SingleSignOnViewModel.kt:98:44 Class '<anonymous>' is not abstract and does not implement abstract member 'accept'.
e: file:///Users/HONGBGU/Documents/seadroid/app/src/main/java/com/seafile/seadroid2/ui/account/sso/SingleSignOnViewModel.kt:100:13 'accept' overrides nothing.
e: file:///Users/HONGBGU/Documents/seadroid/app/src/main/java/com/seafile/seadroid2/ui/account/sso/SingleSignOnViewModel.kt:112:38 None of the following candidates is applicable:
@SinceKotlin(...) @InlineOnly() fun <V> KMutableProperty0<V>.setValue(thisRef: Any?, property: KProperty<*>, value: V): Unit
@SinceKotlin(...) @InlineOnly() fun <T, V> KMutableProperty1<T, V>.setValue(thisRef: T, property: KProperty<*>, value: V): Unit
@InlineOnly() fun <V> MutableMap<in String, in V>.setValue(thisRef: Any?, property: KProperty<*>, value: V): Unit
e: file:///Users/HONGBGU/Documents/seadroid/app/src/main/java/com/seafile/seadroid2/ui/account/sso/SingleSignOnViewModel.kt:119:44 Initializer type mismatch: expected 'io.reactivex.Single<com.seafile.seadroid2.account.AccountInfo?>', actual 'io.reactivex.Single<com.seafile.seadroid2.account.AccountInfo?>?'.
e: file:///Users/HONGBGU/Documents/seadroid/app/src/main/java/com/seafile/seadroid2/ui/account/sso/SingleSignOnViewModel.kt:120:13 Only safe (?.) or non-null asserted (!!.) calls are allowed on a nullable receiver of type 'com.seafile.seadroid2.framework.http.HttpIO?'.
e: file:///Users/HONGBGU/Documents/seadroid/app/src/main/java/com/seafile/seadroid2/ui/account/sso/SingleSignOnViewModel.kt:120:39 Argument type mismatch: actual type is 'java.lang.Class<com.seafile.seadroid2.ui.account.AccountService>', but 'java.lang.Class<T?>' was expected.
e: file:///Users/HONGBGU/Documents/seadroid/app/src/main/java/com/seafile/seadroid2/ui/account/sso/SingleSignOnViewModel.kt:120:66 Only safe (?.) or non-null asserted (!!.) calls are allowed on a nullable receiver of type 'com.seafile.seadroid2.ui.account.AccountService?'.
e: file:///Users/HONGBGU/Documents/seadroid/app/src/main/java/com/seafile/seadroid2/ui/account/sso/SingleSignOnViewModel.kt:121:38 Class '<anonymous>' is not abstract and does not implement abstract member 'accept'.
e: file:///Users/HONGBGU/Documents/seadroid/app/src/main/java/com/seafile/seadroid2/ui/account/sso/SingleSignOnViewModel.kt:123:13 'accept' overrides nothing.
e: file:///Users/HONGBGU/Documents/seadroid/app/src/main/java/com/seafile/seadroid2/ui/account/sso/SingleSignOnViewModel.kt:133:38 None of the following candidates is applicable:
@SinceKotlin(...) @InlineOnly() fun <V> KMutableProperty0<V>.setValue(thisRef: Any?, property: KProperty<*>, value: V): Unit
@SinceKotlin(...) @InlineOnly() fun <T, V> KMutableProperty1<T, V>.setValue(thisRef: T, property: KProperty<*>, value: V): Unit
@InlineOnly() fun <V> MutableMap<in String, in V>.setValue(thisRef: Any?, property: KProperty<*>, value: V): Unit
e: file:///Users/HONGBGU/Documents/seadroid/app/src/main/java/com/seafile/seadroid2/ui/account/sso/SingleSignOnViewModel.kt:139:38 None of the following candidates is applicable:
@SinceKotlin(...) @InlineOnly() fun <V> KMutableProperty0<V>.setValue(thisRef: Any?, property: KProperty<*>, value: V): Unit
@SinceKotlin(...) @InlineOnly() fun <T, V> KMutableProperty1<T, V>.setValue(thisRef: T, property: KProperty<*>, value: V): Unit
@InlineOnly() fun <V> MutableMap<in String, in V>.setValue(thisRef: Any?, property: KProperty<*>, value: V): Unit
e: file:///Users/HONGBGU/Documents/seadroid/app/src/main/java/com/seafile/seadroid2/ui/account/sso/SingleSignOnViewModel.kt:142:44 None of the following candidates is applicable:
@SinceKotlin(...) @InlineOnly() fun <V> KMutableProperty0<V>.setValue(thisRef: Any?, property: KProperty<*>, value: V): Unit
@SinceKotlin(...) @InlineOnly() fun <T, V> KMutableProperty1<T, V>.setValue(thisRef: T, property: KProperty<*>, value: V): Unit
@InlineOnly() fun <V> MutableMap<in String, in V>.setValue(thisRef: Any?, property: KProperty<*>, value: V): Unit
e: file:///Users/HONGBGU/Documents/seadroid/app/src/main/java/com/seafile/seadroid2/ui/activities/ActivityAdapter.kt:9:25 Unresolved reference 'BaseMultiAdapter'.
e: file:///Users/HONGBGU/Documents/seadroid/app/src/main/java/com/seafile/seadroid2/ui/activities/ActivityAdapter.kt:9:42 Unresolved reference 'BaseModel'.
e: file:///Users/HONGBGU/Documents/seadroid/app/src/main/java/com/seafile/seadroid2/ui/activities/ActivityAdapter.kt:11:9 Unresolved reference 'addItemType'.
e: file:///Users/HONGBGU/Documents/seadroid/app/src/main/java/com/seafile/seadroid2/ui/activities/ActivityAdapter.kt:11:22 Unresolved reference 'AbsLayoutItemType'.
e: file:///Users/HONGBGU/Documents/seadroid/app/src/main/java/com/seafile/seadroid2/ui/activities/ActivityAdapter.kt:11:61 Unresolved reference 'OnMultiItem'.
e: file:///Users/HONGBGU/Documents/seadroid/app/src/main/java/com/seafile/seadroid2/ui/activities/ActivityAdapter.kt:11:73 Unresolved reference 'BaseModel'.
e: file:///Users/HONGBGU/Documents/seadroid/app/src/main/java/com/seafile/seadroid2/ui/activities/ActivityAdapter.kt:12:13 'onCreate' overrides nothing.
e: file:///Users/HONGBGU/Documents/seadroid/app/src/main/java/com/seafile/seadroid2/ui/activities/ActivityAdapter.kt:14:28 Unresolved reference 'ViewGroup'.
e: file:///Users/HONGBGU/Documents/seadroid/app/src/main/java/com/seafile/seadroid2/ui/activities/ActivityAdapter.kt:16:16 Unresolved reference 'GroupItemViewHolder'.
e: file:///Users/HONGBGU/Documents/seadroid/app/src/main/java/com/seafile/seadroid2/ui/activities/ActivityAdapter.kt:18:21 Unresolved reference 'ItemGroupItemBinding'.
e: file:///Users/HONGBGU/Documents/seadroid/app/src/main/java/com/seafile/seadroid2/ui/activities/ActivityAdapter.kt:18:50 Unresolved reference 'LayoutInflater'.
e: file:///Users/HONGBGU/Documents/seadroid/app/src/main/java/com/seafile/seadroid2/ui/activities/ActivityAdapter.kt:19:24 Unresolved reference 'GroupItemViewHolder'.
e: file:///Users/HONGBGU/Documents/seadroid/app/src/main/java/com/seafile/seadroid2/ui/activities/ActivityAdapter.kt:22:13 'onBind' overrides nothing.
e: file:///Users/HONGBGU/Documents/seadroid/app/src/main/java/com/seafile/seadroid2/ui/activities/ActivityAdapter.kt:25:28 Unresolved reference 'BaseModel'.
e: file:///Users/HONGBGU/Documents/seadroid/app/src/main/java/com/seafile/seadroid2/ui/activities/ActivityAdapter.kt:28:45 Unresolved reference 'AbsLayoutItemType'.
e: file:///Users/HONGBGU/Documents/seadroid/app/src/main/java/com/seafile/seadroid2/ui/activities/ActivityAdapter.kt:28:82 Unresolved reference 'OnMultiItem'.
e: file:///Users/HONGBGU/Documents/seadroid/app/src/main/java/com/seafile/seadroid2/ui/activities/ActivityAdapter.kt:28:94 Unresolved reference 'BaseModel'.
e: file:///Users/HONGBGU/Documents/seadroid/app/src/main/java/com/seafile/seadroid2/ui/activities/ActivityAdapter.kt:29:13 'onCreate' overrides nothing.
e: file:///Users/HONGBGU/Documents/seadroid/app/src/main/java/com/seafile/seadroid2/ui/activities/ActivityAdapter.kt:31:28 Unresolved reference 'ViewGroup'.
e: file:///Users/HONGBGU/Documents/seadroid/app/src/main/java/com/seafile/seadroid2/ui/activities/ActivityAdapter.kt:35:49 Unresolved reference 'LayoutInflater'.
e: file:///Users/HONGBGU/Documents/seadroid/app/src/main/java/com/seafile/seadroid2/ui/activities/ActivityAdapter.kt:39:13 'onBind' overrides nothing.
e: file:///Users/HONGBGU/Documents/seadroid/app/src/main/java/com/seafile/seadroid2/ui/activities/ActivityAdapter.kt:39:84 Unresolved reference 'BaseModel'.
e: file:///Users/HONGBGU/Documents/seadroid/app/src/main/java/com/seafile/seadroid2/ui/activities/ActivityAdapter.kt:40:57 Unresolved reference 'ActivityModel'.
e: file:///Users/HONGBGU/Documents/seadroid/app/src/main/java/com/seafile/seadroid2/ui/activities/ActivityAdapter.kt:42:36 Unresolved reference 'OnItemViewTypeListener'.
e: file:///Users/HONGBGU/Documents/seadroid/app/src/main/java/com/seafile/seadroid2/ui/activities/ActivityAdapter.kt:42:59 Unresolved reference 'BaseModel'.
e: file:///Users/HONGBGU/Documents/seadroid/app/src/main/java/com/seafile/seadroid2/ui/activities/ActivityAdapter.kt:43:13 'onItemViewType' overrides nothing.
e: file:///Users/HONGBGU/Documents/seadroid/app/src/main/java/com/seafile/seadroid2/ui/activities/ActivityAdapter.kt:43:71 Unresolved reference 'BaseModel'.
e: file:///Users/HONGBGU/Documents/seadroid/app/src/main/java/com/seafile/seadroid2/ui/activities/ActivityAdapter.kt:44:36 Unresolved reference 'ActivityModel'.
e: file:///Users/HONGBGU/Documents/seadroid/app/src/main/java/com/seafile/seadroid2/ui/activities/ActivityAdapter.kt:45:28 Unresolved reference 'AbsLayoutItemType'.
e: file:///Users/HONGBGU/Documents/seadroid/app/src/main/java/com/seafile/seadroid2/ui/activities/ActivityAdapter.kt:46:43 Unresolved reference 'GroupItemModel'.
e: file:///Users/HONGBGU/Documents/seadroid/app/src/main/java/com/seafile/seadroid2/ui/activities/ActivityAdapter.kt:47:28 Unresolved reference 'AbsLayoutItemType'.
e: file:///Users/HONGBGU/Documents/seadroid/app/src/main/java/com/seafile/seadroid2/ui/activities/ActivityAdapter.kt:49:24 Unresolved reference 'AbsLayoutItemType'.
e: file:///Users/HONGBGU/Documents/seadroid/app/src/main/java/com/seafile/seadroid2/ui/activities/ActivityAdapter.kt:54:67 Unresolved reference 'ActivityModel'.
e: file:///Users/HONGBGU/Documents/seadroid/app/src/main/java/com/seafile/seadroid2/ui/activities/ActivityAdapter.kt:55:23 Only safe (?.) or non-null asserted (!!.) calls are allowed on a nullable receiver of type 'com.seafile.seadroid2.databinding.ItemActivityBinding?'.
e: file:///Users/HONGBGU/Documents/seadroid/app/src/main/java/com/seafile/seadroid2/ui/activities/ActivityAdapter.kt:55:37 Overload resolution ambiguity between candidates:
fun setText(p0: CharSequence!): Unit
fun setText(p0: Int): Unit
e: file:///Users/HONGBGU/Documents/seadroid/app/src/main/java/com/seafile/seadroid2/ui/activities/ActivityAdapter.kt:55:51 Unresolved reference 'author_name'.
e: file:///Users/HONGBGU/Documents/seadroid/app/src/main/java/com/seafile/seadroid2/ui/activities/ActivityAdapter.kt:56:23 Only safe (?.) or non-null asserted (!!.) calls are allowed on a nullable receiver of type 'com.seafile.seadroid2.databinding.ItemActivityBinding?'.
e: file:///Users/HONGBGU/Documents/seadroid/app/src/main/java/com/seafile/seadroid2/ui/activities/ActivityAdapter.kt:56:33 Overload resolution ambiguity between candidates:
fun setText(p0: CharSequence!): Unit
fun setText(p0: Int): Unit
e: file:///Users/HONGBGU/Documents/seadroid/app/src/main/java/com/seafile/seadroid2/ui/activities/ActivityAdapter.kt:56:47 Unresolved reference 'getTime'.
e: file:///Users/HONGBGU/Documents/seadroid/app/src/main/java/com/seafile/seadroid2/ui/activities/ActivityAdapter.kt:59:13 Unresolved reference 'SystemSwitchUtils'.
e: file:///Users/HONGBGU/Documents/seadroid/app/src/main/java/com/seafile/seadroid2/ui/activities/ActivityAdapter.kt:59:50 Unresolved reference 'context'.
e: file:///Users/HONGBGU/Documents/seadroid/app/src/main/java/com/seafile/seadroid2/ui/activities/ActivityAdapter.kt:59:65 Unresolved reference 'obj_type'.
e: file:///Users/HONGBGU/Documents/seadroid/app/src/main/java/com/seafile/seadroid2/ui/activities/ActivityAdapter.kt:59:81 Unresolved reference 'op_type'.
e: file:///Users/HONGBGU/Documents/seadroid/app/src/main/java/com/seafile/seadroid2/ui/activities/ActivityAdapter.kt:60:23 Only safe (?.) or non-null asserted (!!.) calls are allowed on a nullable receiver of type 'com.seafile.seadroid2.databinding.ItemActivityBinding?'.
e: file:///Users/HONGBGU/Documents/seadroid/app/src/main/java/com/seafile/seadroid2/ui/activities/ActivityAdapter.kt:62:19 Unresolved reference 'obj_type'.
e: file:///Users/HONGBGU/Documents/seadroid/app/src/main/java/com/seafile/seadroid2/ui/activities/ActivityAdapter.kt:63:27 Only safe (?.) or non-null asserted (!!.) calls are allowed on a nullable receiver of type 'com.seafile.seadroid2.databinding.ItemActivityBinding?'.
e: file:///Users/HONGBGU/Documents/seadroid/app/src/main/java/com/seafile/seadroid2/ui/activities/ActivityAdapter.kt:64:27 Only safe (?.) or non-null asserted (!!.) calls are allowed on a nullable receiver of type 'com.seafile.seadroid2.databinding.ItemActivityBinding?'.
e: file:///Users/HONGBGU/Documents/seadroid/app/src/main/java/com/seafile/seadroid2/ui/activities/ActivityAdapter.kt:64:39 Overload resolution ambiguity between candidates:
fun setText(p0: CharSequence!): Unit
fun setText(p0: Int): Unit
e: file:///Users/HONGBGU/Documents/seadroid/app/src/main/java/com/seafile/seadroid2/ui/activities/ActivityAdapter.kt:64:53 Unresolved reference 'repo_name'.
e: file:///Users/HONGBGU/Documents/seadroid/app/src/main/java/com/seafile/seadroid2/ui/activities/ActivityAdapter.kt:66:27 Only safe (?.) or non-null asserted (!!.) calls are allowed on a nullable receiver of type 'com.seafile.seadroid2.databinding.ItemActivityBinding?'.
e: file:///Users/HONGBGU/Documents/seadroid/app/src/main/java/com/seafile/seadroid2/ui/activities/ActivityAdapter.kt:66:41 Overload resolution ambiguity between candidates:
fun setText(p0: CharSequence!): Unit
fun setText(p0: Int): Unit
e: file:///Users/HONGBGU/Documents/seadroid/app/src/main/java/com/seafile/seadroid2/ui/activities/ActivityAdapter.kt:66:55 Unresolved reference 'repo_name'.
e: file:///Users/HONGBGU/Documents/seadroid/app/src/main/java/com/seafile/seadroid2/ui/activities/ActivityAdapter.kt:68:23 Unresolved reference 'op_type'.
e: file:///Users/HONGBGU/Documents/seadroid/app/src/main/java/com/seafile/seadroid2/ui/activities/ActivityAdapter.kt:69:17 Unresolved reference 'SpanUtils'.
e: file:///Users/HONGBGU/Documents/seadroid/app/src/main/java/com/seafile/seadroid2/ui/activities/ActivityAdapter.kt:69:46 Only safe (?.) or non-null asserted (!!.) calls are allowed on a nullable receiver of type 'com.seafile.seadroid2.databinding.ItemActivityBinding?'.
e: file:///Users/HONGBGU/Documents/seadroid/app/src/main/java/com/seafile/seadroid2/ui/activities/ActivityAdapter.kt:70:35 Unresolved reference 'old_name'.
e: file:///Users/HONGBGU/Documents/seadroid/app/src/main/java/com/seafile/seadroid2/ui/activities/ActivityAdapter.kt:72:22 Overload resolution ambiguity between candidates:
@RecentlyNonNull() fun append(@RecentlyNullable() p0: Any!): StringBuilder!
@RecentlyNonNull() fun append(@RecentlyNullable() p0: String!): StringBuilder!
@RecentlyNonNull() fun append(@RecentlyNullable() p0: StringBuffer!): StringBuilder!
@RecentlyNonNull() fun append(@RecentlyNullable() p0: CharSequence!): StringBuilder!
@RecentlyNonNull() fun append(p0: CharArray!): StringBuilder!
@RecentlyNonNull() fun append(p0: Boolean): StringBuilder!
@RecentlyNonNull() fun append(p0: Char): StringBuilder!
@RecentlyNonNull() fun append(p0: Int): StringBuilder!
@RecentlyNonNull() fun append(p0: Long): StringBuilder!
@RecentlyNonNull() fun append(p0: Float): StringBuilder!
@RecentlyNonNull() fun append(p0: Double): StringBuilder!
e: file:///Users/HONGBGU/Documents/seadroid/app/src/main/java/com/seafile/seadroid2/ui/activities/ActivityAdapter.kt:72:35 Unresolved reference 'name'.
e: file:///Users/HONGBGU/Documents/seadroid/app/src/main/java/com/seafile/seadroid2/ui/activities/ActivityAdapter.kt:73:22 Unresolved reference 'setForegroundColor'.
e: file:///Users/HONGBGU/Documents/seadroid/app/src/main/java/com/seafile/seadroid2/ui/activities/ActivityAdapter.kt:73:41 Unresolved reference 'ContextCompat'.
e: file:///Users/HONGBGU/Documents/seadroid/app/src/main/java/com/seafile/seadroid2/ui/activities/ActivityAdapter.kt:73:64 Unresolved reference 'context'.
e: file:///Users/HONGBGU/Documents/seadroid/app/src/main/java/com/seafile/seadroid2/ui/activities/ActivityAdapter.kt:73:73 Unresolved reference 'R'.
e: file:///Users/HONGBGU/Documents/seadroid/app/src/main/java/com/seafile/seadroid2/ui/activities/ActivityAdapter.kt:75:30 Unresolved reference 'op_type'.
e: file:///Users/HONGBGU/Documents/seadroid/app/src/main/java/com/seafile/seadroid2/ui/activities/ActivityAdapter.kt:76:31 Only safe (?.) or non-null asserted (!!.) calls are allowed on a nullable receiver of type 'com.seafile.seadroid2.databinding.ItemActivityBinding?'.
e: file:///Users/HONGBGU/Documents/seadroid/app/src/main/java/com/seafile/seadroid2/ui/activities/ActivityAdapter.kt:76:43 Overload resolution ambiguity between candidates:
fun setText(p0: CharSequence!): Unit
fun setText(p0: Int): Unit
e: file:///Users/HONGBGU/Documents/seadroid/app/src/main/java/com/seafile/seadroid2/ui/activities/ActivityAdapter.kt:76:57 Unresolved reference 'name'.
e: file:///Users/HONGBGU/Documents/seadroid/app/src/main/java/com/seafile/seadroid2/ui/activities/ActivityAdapter.kt:77:31 Only safe (?.) or non-null asserted (!!.) calls are allowed on a nullable receiver of type 'com.seafile.seadroid2.databinding.ItemActivityBinding?'.
e: file:///Users/HONGBGU/Documents/seadroid/app/src/main/java/com/seafile/seadroid2/ui/activities/ActivityAdapter.kt:77:43 Overload resolution ambiguity between candidates:
fun setTextColor(p0: Int): Unit
fun setTextColor(p0: ColorStateList!): Unit
e: file:///Users/HONGBGU/Documents/seadroid/app/src/main/java/com/seafile/seadroid2/ui/activities/ActivityAdapter.kt:78:21 Unresolved reference 'ContextCompat'.
e: file:///Users/HONGBGU/Documents/seadroid/app/src/main/java/com/seafile/seadroid2/ui/activities/ActivityAdapter.kt:79:25 Unresolved reference 'context'.
e: file:///Users/HONGBGU/Documents/seadroid/app/src/main/java/com/seafile/seadroid2/ui/activities/ActivityAdapter.kt:80:25 Unresolved reference 'R'.
e: file:///Users/HONGBGU/Documents/seadroid/app/src/main/java/com/seafile/seadroid2/ui/activities/ActivityAdapter.kt:84:31 Only safe (?.) or non-null asserted (!!.) calls are allowed on a nullable receiver of type 'com.seafile.seadroid2.databinding.ItemActivityBinding?'.
e: file:///Users/HONGBGU/Documents/seadroid/app/src/main/java/com/seafile/seadroid2/ui/activities/ActivityAdapter.kt:84:43 Overload resolution ambiguity between candidates:
fun setText(p0: CharSequence!): Unit
fun setText(p0: Int): Unit
e: file:///Users/HONGBGU/Documents/seadroid/app/src/main/java/com/seafile/seadroid2/ui/activities/ActivityAdapter.kt:84:57 Unresolved reference 'name'.
e: file:///Users/HONGBGU/Documents/seadroid/app/src/main/java/com/seafile/seadroid2/ui/activities/ActivityAdapter.kt:85:31 Only safe (?.) or non-null asserted (!!.) calls are allowed on a nullable receiver of type 'com.seafile.seadroid2.databinding.ItemActivityBinding?'.
e: file:///Users/HONGBGU/Documents/seadroid/app/src/main/java/com/seafile/seadroid2/ui/activities/ActivityAdapter.kt:85:43 Overload resolution ambiguity between candidates:
fun setTextColor(p0: Int): Unit
fun setTextColor(p0: ColorStateList!): Unit
e: file:///Users/HONGBGU/Documents/seadroid/app/src/main/java/com/seafile/seadroid2/ui/activities/ActivityAdapter.kt:86:21 Unresolved reference 'ContextCompat'.
e: file:///Users/HONGBGU/Documents/seadroid/app/src/main/java/com/seafile/seadroid2/ui/activities/ActivityAdapter.kt:87:25 Unresolved reference 'context'.
e: file:///Users/HONGBGU/Documents/seadroid/app/src/main/java/com/seafile/seadroid2/ui/activities/ActivityAdapter.kt:88:25 Unresolved reference 'R'.
e: file:///Users/HONGBGU/Documents/seadroid/app/src/main/java/com/seafile/seadroid2/ui/activities/ActivityAdapter.kt:94:18 Overload resolution ambiguity between candidates:
@NonNull() static fun with(@NonNull() context: Context): GlideRequests
@Deprecated(...) @NonNull() static fun with(@NonNull() activity: Activity): GlideRequests
@NonNull() static fun with(@NonNull() activity: FragmentActivity): GlideRequests
@NonNull() static fun with(@NonNull() fragment: Fragment): GlideRequests
@Deprecated(...) @NonNull() static fun with(@NonNull() fragment: Fragment): GlideRequests
@NonNull() static fun with(@NonNull() view: View): GlideRequests
e: file:///Users/HONGBGU/Documents/seadroid/app/src/main/java/com/seafile/seadroid2/ui/activities/ActivityAdapter.kt:94:23 Unresolved reference 'context'.
e: file:///Users/HONGBGU/Documents/seadroid/app/src/main/java/com/seafile/seadroid2/ui/activities/ActivityAdapter.kt:95:14 Unresolved reference 'load'.
e: file:///Users/HONGBGU/Documents/seadroid/app/src/main/java/com/seafile/seadroid2/ui/activities/ActivityAdapter.kt:95:25 Unresolved reference 'avatar_url'.
e: file:///Users/HONGBGU/Documents/seadroid/app/src/main/java/com/seafile/seadroid2/ui/activities/ActivityAdapter.kt:96:20 Unresolved reference 'GlideLoadConfig'.
e: file:///Users/HONGBGU/Documents/seadroid/app/src/main/java/com/seafile/seadroid2/ui/activities/ActivityAdapter.kt:97:14 Unresolved reference 'into'.
e: file:///Users/HONGBGU/Documents/seadroid/app/src/main/java/com/seafile/seadroid2/ui/activities/ActivityAdapter.kt:97:33 Only safe (?.) or non-null asserted (!!.) calls are allowed on a nullable receiver of type 'com.seafile.seadroid2.databinding.ItemActivityBinding?'.
e: file:///Users/HONGBGU/Documents/seadroid/app/src/main/java/com/seafile/seadroid2/ui/activities/ActivityViewModel.kt:41:13 Initializer type mismatch: expected 'io.reactivex.Single<kotlin.collections.MutableList<com.seafile.seadroid2.framework.db.entities.RepoModel?>?>', actual 'io.reactivex.Single<kotlin.collections.MutableList<com.seafile.seadroid2.framework.db.entities.RepoModel?>?>?'.
e: file:///Users/HONGBGU/Documents/seadroid/app/src/main/java/com/seafile/seadroid2/ui/activities/ActivityViewModel.kt:41:48 Only safe (?.) or non-null asserted (!!.) calls are allowed on a nullable receiver of type 'com.seafile.seadroid2.framework.db.AppDatabase?'.
e: file:///Users/HONGBGU/Documents/seadroid/app/src/main/java/com/seafile/seadroid2/ui/activities/ActivityViewModel.kt:41:58 Only safe (?.) or non-null asserted (!!.) calls are allowed on a nullable receiver of type 'com.seafile.seadroid2.framework.db.dao.RepoDAO?'.
e: file:///Users/HONGBGU/Documents/seadroid/app/src/main/java/com/seafile/seadroid2/ui/activities/ActivityViewModel.kt:68:13 Initializer type mismatch: expected 'io.reactivex.Single<kotlin.collections.MutableList<com.seafile.seadroid2.framework.db.entities.EncKeyCacheEntity?>?>', actual 'io.reactivex.Single<kotlin.collections.MutableList<com.seafile.seadroid2.framework.db.entities.EncKeyCacheEntity?>?>?'.
e: file:///Users/HONGBGU/Documents/seadroid/app/src/main/java/com/seafile/seadroid2/ui/activities/ActivityViewModel.kt:68:48 Only safe (?.) or non-null asserted (!!.) calls are allowed on a nullable receiver of type 'com.seafile.seadroid2.framework.db.AppDatabase?'.
e: file:///Users/HONGBGU/Documents/seadroid/app/src/main/java/com/seafile/seadroid2/ui/activities/ActivityViewModel.kt:68:65 Only safe (?.) or non-null asserted (!!.) calls are allowed on a nullable receiver of type 'com.seafile.seadroid2.framework.db.dao.EncKeyCacheDAO?'.
e: file:///Users/HONGBGU/Documents/seadroid/app/src/main/java/com/seafile/seadroid2/ui/activities/ActivityViewModel.kt:69:44 Class '<anonymous>' is not abstract and does not implement abstract member 'apply'.
e: file:///Users/HONGBGU/Documents/seadroid/app/src/main/java/com/seafile/seadroid2/ui/activities/ActivityViewModel.kt:72:13 'apply' overrides nothing.
e: file:///Users/HONGBGU/Documents/seadroid/app/src/main/java/com/seafile/seadroid2/ui/activities/ActivityViewModel.kt:112:30 None of the following candidates is applicable:
@SinceKotlin(...) @InlineOnly() fun <V> KMutableProperty0<V>.setValue(thisRef: Any?, property: KProperty<*>, value: V): Unit
@SinceKotlin(...) @InlineOnly() fun <T, V> KMutableProperty1<T, V>.setValue(thisRef: T, property: KProperty<*>, value: V): Unit
@InlineOnly() fun <V> MutableMap<in String, in V>.setValue(thisRef: Any?, property: KProperty<*>, value: V): Unit
e: file:///Users/HONGBGU/Documents/seadroid/app/src/main/java/com/seafile/seadroid2/ui/activities/ActivityViewModel.kt:119:13 Initializer type mismatch: expected 'io.reactivex.Single<com.seafile.seadroid2.framework.model.ResultModel?>', actual 'io.reactivex.Single<com.seafile.seadroid2.framework.model.ResultModel?>?'.
e: file:///Users/HONGBGU/Documents/seadroid/app/src/main/java/com/seafile/seadroid2/ui/activities/ActivityViewModel.kt:119:50 Only safe (?.) or non-null asserted (!!.) calls are allowed on a nullable receiver of type 'com.seafile.seadroid2.framework.http.HttpIO?'.
e: file:///Users/HONGBGU/Documents/seadroid/app/src/main/java/com/seafile/seadroid2/ui/activities/ActivityViewModel.kt:119:75 Argument type mismatch: actual type is 'java.lang.Class<com.seafile.seadroid2.ui.dialog_fragment.DialogService>', but 'java.lang.Class<T?>' was expected.
e: file:///Users/HONGBGU/Documents/seadroid/app/src/main/java/com/seafile/seadroid2/ui/activities/ActivityViewModel.kt:120:17 Only safe (?.) or non-null asserted (!!.) calls are allowed on a nullable receiver of type 'com.seafile.seadroid2.ui.dialog_fragment.DialogService?'.
e: file:///Users/HONGBGU/Documents/seadroid/app/src/main/java/com/seafile/seadroid2/ui/activities/ActivityViewModel.kt:130:63 Argument type mismatch: actual type is 'kotlin.String?', but 'kotlin.String' was expected.
e: file:///Users/HONGBGU/Documents/seadroid/app/src/main/java/com/seafile/seadroid2/ui/activities/ActivityViewModel.kt:138:56 Only safe (?.) or non-null asserted (!!.) calls are allowed on a nullable receiver of type 'com.seafile.seadroid2.framework.db.AppDatabase?'.
e: file:///Users/HONGBGU/Documents/seadroid/app/src/main/java/com/seafile/seadroid2/ui/activities/ActivityViewModel.kt:138:73 Only safe (?.) or non-null asserted (!!.) calls are allowed on a nullable receiver of type 'com.seafile.seadroid2.framework.db.dao.EncKeyCacheDAO?'.
e: file:///Users/HONGBGU/Documents/seadroid/app/src/main/java/com/seafile/seadroid2/ui/activities/ActivityViewModel.kt:147:34 None of the following candidates is applicable:
@SinceKotlin(...) @InlineOnly() fun <V> KMutableProperty0<V>.setValue(thisRef: Any?, property: KProperty<*>, value: V): Unit
@SinceKotlin(...) @InlineOnly() fun <T, V> KMutableProperty1<T, V>.setValue(thisRef: T, property: KProperty<*>, value: V): Unit
@InlineOnly() fun <V> MutableMap<in String, in V>.setValue(thisRef: Any?, property: KProperty<*>, value: V): Unit
e: file:///Users/HONGBGU/Documents/seadroid/app/src/main/java/com/seafile/seadroid2/ui/activities/ActivityViewModel.kt:150:34 None of the following candidates is applicable:
@SinceKotlin(...) @InlineOnly() fun <V> KMutableProperty0<V>.setValue(thisRef: Any?, property: KProperty<*>, value: V): Unit
@SinceKotlin(...) @InlineOnly() fun <T, V> KMutableProperty1<T, V>.setValue(thisRef: T, property: KProperty<*>, value: V): Unit
@InlineOnly() fun <V> MutableMap<in String, in V>.setValue(thisRef: Any?, property: KProperty<*>, value: V): Unit
e: file:///Users/HONGBGU/Documents/seadroid/app/src/main/java/com/seafile/seadroid2/ui/activities/ActivityViewModel.kt:158:36 None of the following candidates is applicable:
@SinceKotlin(...) @InlineOnly() fun <V> KMutableProperty0<V>.setValue(thisRef: Any?, property: KProperty<*>, value: V): Unit
@SinceKotlin(...) @InlineOnly() fun <T, V> KMutableProperty1<T, V>.setValue(thisRef: T, property: KProperty<*>, value: V): Unit
@InlineOnly() fun <V> MutableMap<in String, in V>.setValue(thisRef: Any?, property: KProperty<*>, value: V): Unit
e: file:///Users/HONGBGU/Documents/seadroid/app/src/main/java/com/seafile/seadroid2/ui/activities/ActivityViewModel.kt:161:13 Initializer type mismatch: expected 'io.reactivex.Single<com.seafile.seadroid2.framework.model.dirents.DirentFileModel?>', actual 'io.reactivex.Single<com.seafile.seadroid2.framework.model.dirents.DirentFileModel?>?'.
e: file:///Users/HONGBGU/Documents/seadroid/app/src/main/java/com/seafile/seadroid2/ui/activities/ActivityViewModel.kt:161:50 Only safe (?.) or non-null asserted (!!.) calls are allowed on a nullable receiver of type 'com.seafile.seadroid2.framework.http.HttpIO?'.
e: file:///Users/HONGBGU/Documents/seadroid/app/src/main/java/com/seafile/seadroid2/ui/activities/ActivityViewModel.kt:161:73 Argument type mismatch: actual type is 'java.lang.Class<com.seafile.seadroid2.ui.file.FileService>', but 'java.lang.Class<T?>' was expected.
e: file:///Users/HONGBGU/Documents/seadroid/app/src/main/java/com/seafile/seadroid2/ui/activities/ActivityViewModel.kt:162:17 Only safe (?.) or non-null asserted (!!.) calls are allowed on a nullable receiver of type 'com.seafile.seadroid2.ui.file.FileService?'.
e: file:///Users/HONGBGU/Documents/seadroid/app/src/main/java/com/seafile/seadroid2/ui/activities/ActivityViewModel.kt:164:13 Initializer type mismatch: expected 'io.reactivex.Single<kotlin.collections.MutableList<com.seafile.seadroid2.framework.db.entities.FileCacheStatusEntity?>?>', actual 'io.reactivex.Single<kotlin.collections.MutableList<com.seafile.seadroid2.framework.db.entities.FileCacheStatusEntity?>?>?'.
e: file:///Users/HONGBGU/Documents/seadroid/app/src/main/java/com/seafile/seadroid2/ui/activities/ActivityViewModel.kt:164:48 Only safe (?.) or non-null asserted (!!.) calls are allowed on a nullable receiver of type 'com.seafile.seadroid2.framework.db.AppDatabase?'.
e: file:///Users/HONGBGU/Documents/seadroid/app/src/main/java/com/seafile/seadroid2/ui/activities/ActivityViewModel.kt:164:69 Only safe (?.) or non-null asserted (!!.) calls are allowed on a nullable receiver of type 'com.seafile.seadroid2.framework.db.dao.FileCacheStatusDAO?'.
e: file:///Users/HONGBGU/Documents/seadroid/app/src/main/java/com/seafile/seadroid2/ui/activities/ActivityViewModel.kt:166:59 Class '<anonymous>' is not abstract and does not implement abstract member 'apply'.
e: file:///Users/HONGBGU/Documents/seadroid/app/src/main/java/com/seafile/seadroid2/ui/activities/ActivityViewModel.kt:168:13 'apply' overrides nothing.
e: file:///Users/HONGBGU/Documents/seadroid/app/src/main/java/com/seafile/seadroid2/ui/activities/ActivityViewModel.kt:179:29 Class '<anonymous>' is not abstract and does not implement abstract member 'apply'.
e: file:///Users/HONGBGU/Documents/seadroid/app/src/main/java/com/seafile/seadroid2/ui/activities/ActivityViewModel.kt:181:13 'apply' overrides nothing.
e: file:///Users/HONGBGU/Documents/seadroid/app/src/main/java/com/seafile/seadroid2/ui/activities/ActivityViewModel.kt:186:54 Class '<anonymous>' is not abstract and does not implement abstract member 'apply'.
e: file:///Users/HONGBGU/Documents/seadroid/app/src/main/java/com/seafile/seadroid2/ui/activities/ActivityViewModel.kt:189:21 'apply' overrides nothing.
e: file:///Users/HONGBGU/Documents/seadroid/app/src/main/java/com/seafile/seadroid2/ui/activities/ActivityViewModel.kt:211:44 None of the following candidates is applicable:
@SinceKotlin(...) @InlineOnly() fun <V> KMutableProperty0<V>.setValue(thisRef: Any?, property: KProperty<*>, value: V): Unit
@SinceKotlin(...) @InlineOnly() fun <T, V> KMutableProperty1<T, V>.setValue(thisRef: T, property: KProperty<*>, value: V): Unit
@InlineOnly() fun <V> MutableMap<in String, in V>.setValue(thisRef: Any?, property: KProperty<*>, value: V): Unit
e: file:///Users/HONGBGU/Documents/seadroid/app/src/main/java/com/seafile/seadroid2/ui/activities/ActivityViewModel.kt:219:44 None of the following candidates is applicable:
@SinceKotlin(...) @InlineOnly() fun <V> KMutableProperty0<V>.setValue(thisRef: Any?, property: KProperty<*>, value: V): Unit
@SinceKotlin(...) @InlineOnly() fun <T, V> KMutableProperty1<T, V>.setValue(thisRef: T, property: KProperty<*>, value: V): Unit
@InlineOnly() fun <V> MutableMap<in String, in V>.setValue(thisRef: Any?, property: KProperty<*>, value: V): Unit
e: file:///Users/HONGBGU/Documents/seadroid/app/src/main/java/com/seafile/seadroid2/ui/activities/ActivityViewModel.kt:225:30 None of the following candidates is applicable:
@SinceKotlin(...) @InlineOnly() fun <V> KMutableProperty0<V>.setValue(thisRef: Any?, property: KProperty<*>, value: V): Unit
@SinceKotlin(...) @InlineOnly() fun <T, V> KMutableProperty1<T, V>.setValue(thisRef: T, property: KProperty<*>, value: V): Unit
@InlineOnly() fun <V> MutableMap<in String, in V>.setValue(thisRef: Any?, property: KProperty<*>, value: V): Unit
e: file:///Users/HONGBGU/Documents/seadroid/app/src/main/java/com/seafile/seadroid2/ui/activities/ActivityViewModel.kt:226:78 Only safe (?.) or non-null asserted (!!.) calls are allowed on a nullable receiver of type 'com.seafile.seadroid2.account.SupportAccountManager?'.
e: file:///Users/HONGBGU/Documents/seadroid/app/src/main/java/com/seafile/seadroid2/ui/activities/ActivityViewModel.kt:227:55 Initializer type mismatch: expected 'io.reactivex.Single<com.seafile.seadroid2.framework.model.activities.ActivityWrapperModel?>', actual 'io.reactivex.Single<com.seafile.seadroid2.framework.model.activities.ActivityWrapperModel?>?'.
e: file:///Users/HONGBGU/Documents/seadroid/app/src/main/java/com/seafile/seadroid2/ui/activities/ActivityViewModel.kt:228:13 Only safe (?.) or non-null asserted (!!.) calls are allowed on a nullable receiver of type 'com.seafile.seadroid2.framework.http.HttpIO?'.
e: file:///Users/HONGBGU/Documents/seadroid/app/src/main/java/com/seafile/seadroid2/ui/activities/ActivityViewModel.kt:228:40 Argument type mismatch: actual type is 'java.lang.Class<com.seafile.seadroid2.ui.activities.ActivityService>', but 'java.lang.Class<T?>' was expected.
e: file:///Users/HONGBGU/Documents/seadroid/app/src/main/java/com/seafile/seadroid2/ui/activities/ActivityViewModel.kt:228:68 Only safe (?.) or non-null asserted (!!.) calls are allowed on a nullable receiver of type 'com.seafile.seadroid2.ui.activities.ActivityService?'.
e: file:///Users/HONGBGU/Documents/seadroid/app/src/main/java/com/seafile/seadroid2/ui/activities/ActivityViewModel.kt:232:38 None of the following candidates is applicable:
@SinceKotlin(...) @InlineOnly() fun <V> KMutableProperty0<V>.setValue(thisRef: Any?, property: KProperty<*>, value: V): Unit
@SinceKotlin(...) @InlineOnly() fun <T, V> KMutableProperty1<T, V>.setValue(thisRef: T, property: KProperty<*>, value: V): Unit
@InlineOnly() fun <V> MutableMap<in String, in V>.setValue(thisRef: Any?, property: KProperty<*>, value: V): Unit
e: file:///Users/HONGBGU/Documents/seadroid/app/src/main/java/com/seafile/seadroid2/ui/activities/ActivityViewModel.kt:250:44 Argument type mismatch: actual type is 'kotlin.collections.MutableList<com.seafile.seadroid2.framework.model.activities.ActivityModel>?', but 'kotlin.collections.MutableList<com.seafile.seadroid2.framework.model.activities.ActivityModel?>?' was expected.
e: file:///Users/HONGBGU/Documents/seadroid/app/src/main/java/com/seafile/seadroid2/ui/activities/ActivityViewModel.kt:255:38 None of the following candidates is applicable:
@SinceKotlin(...) @InlineOnly() fun <V> KMutableProperty0<V>.setValue(thisRef: Any?, property: KProperty<*>, value: V): Unit
@SinceKotlin(...) @InlineOnly() fun <T, V> KMutableProperty1<T, V>.setValue(thisRef: T, property: KProperty<*>, value: V): Unit
@InlineOnly() fun <V> MutableMap<in String, in V>.setValue(thisRef: Any?, property: KProperty<*>, value: V): Unit
e: file:///Users/HONGBGU/Documents/seadroid/app/src/main/java/com/seafile/seadroid2/ui/activities/ActivityViewModel.kt:263:44 None of the following candidates is applicable:
@SinceKotlin(...) @InlineOnly() fun <V> KMutableProperty0<V>.setValue(thisRef: Any?, property: KProperty<*>, value: V): Unit
@SinceKotlin(...) @InlineOnly() fun <T, V> KMutableProperty1<T, V>.setValue(thisRef: T, property: KProperty<*>, value: V): Unit
@InlineOnly() fun <V> MutableMap<in String, in V>.setValue(thisRef: Any?, property: KProperty<*>, value: V): Unit
e: file:///Users/HONGBGU/Documents/seadroid/app/src/main/java/com/seafile/seadroid2/ui/activities/AllActivitiesFragment.kt:166:16 Only safe (?.) or non-null asserted (!!.) calls are allowed on a nullable receiver of type 'android.widget.TextView?'.
e: file:///Users/HONGBGU/Documents/seadroid/app/src/main/java/com/seafile/seadroid2/ui/activities/AllActivitiesFragment.kt:167:16 Only safe (?.) or non-null asserted (!!.) calls are allowed on a nullable receiver of type 'android.widget.TextView?'.
e: file:///Users/HONGBGU/Documents/seadroid/app/src/main/java/com/seafile/seadroid2/ui/activities/AllActivitiesFragment.kt:168:19 Unresolved reference 'stateView'.
e: file:///Users/HONGBGU/Documents/seadroid/app/src/main/java/com/seafile/seadroid2/ui/activities/AllActivitiesFragment.kt:169:19 Unresolved reference 'isStateViewEnable'.
e: file:///Users/HONGBGU/Documents/seadroid/app/src/main/java/com/seafile/seadroid2/ui/activities/AllActivitiesFragment.kt:171:19 Unresolved reference 'setOnItemClickListener'.
e: file:///Users/HONGBGU/Documents/seadroid/app/src/main/java/com/seafile/seadroid2/ui/activities/AllActivitiesFragment.kt:171:79 Argument type mismatch: actual type is 'kotlin.Function3<com.chad.library.adapter4.BaseQuickAdapter<com.seafile.seadroid2.framework.model.BaseModel?, *>?, android.view.View?, kotlin.Int, kotlin.Unit>', but 'kotlin.Function3<com.chad.library.adapter4.BaseQuickAdapter<T, *>, android.view.View, kotlin.Int, kotlin.Unit>' was expected.
e: file:///Users/HONGBGU/Documents/seadroid/app/src/main/java/com/seafile/seadroid2/ui/activities/AllActivitiesFragment.kt:171:116 Type argument is not within its bounds: should be subtype of 'kotlin.Any'.
e: file:///Users/HONGBGU/Documents/seadroid/app/src/main/java/com/seafile/seadroid2/ui/activities/AllActivitiesFragment.kt:172:43 Unresolved reference 'items'.
e: file:///Users/HONGBGU/Documents/seadroid/app/src/main/java/com/seafile/seadroid2/ui/activities/AllActivitiesFragment.kt:178:45 Argument type mismatch: actual type is 'com.seafile.seadroid2.ui.activities.ActivityAdapter', but 'com.chad.library.adapter4.BaseQuickAdapter<*, *>' was expected.
e: file:///Users/HONGBGU/Documents/seadroid/app/src/main/java/com/seafile/seadroid2/ui/activities/AllActivitiesFragment.kt:204:19 Unresolved reference 'submitList'.
e: file:///Users/HONGBGU/Documents/seadroid/app/src/main/java/com/seafile/seadroid2/ui/activities/AllActivitiesFragment.kt:208:16 Only safe (?.) or non-null asserted (!!.) calls are allowed on a nullable receiver of type 'android.widget.TextView?'.
e: file:///Users/HONGBGU/Documents/seadroid/app/src/main/java/com/seafile/seadroid2/ui/activities/AllActivitiesFragment.kt:209:16 Only safe (?.) or non-null asserted (!!.) calls are allowed on a nullable receiver of type 'android.widget.TextView?'.
e: file:///Users/HONGBGU/Documents/seadroid/app/src/main/java/com/seafile/seadroid2/ui/activities/AllActivitiesFragment.kt:210:19 Unresolved reference 'stateView'.
e: file:///Users/HONGBGU/Documents/seadroid/app/src/main/java/com/seafile/seadroid2/ui/activities/AllActivitiesFragment.kt:211:19 Unresolved reference 'isStateViewEnable'.
e: file:///Users/HONGBGU/Documents/seadroid/app/src/main/java/com/seafile/seadroid2/ui/activities/AllActivitiesFragment.kt:216:14 Unresolved reference 'observe'.
e: file:///Users/HONGBGU/Documents/seadroid/app/src/main/java/com/seafile/seadroid2/ui/activities/AllActivitiesFragment.kt:216:47 Class '<anonymous>' is not abstract and does not implement abstract member 'onChanged'.
e: file:///Users/HONGBGU/Documents/seadroid/app/src/main/java/com/seafile/seadroid2/ui/activities/AllActivitiesFragment.kt:217:17 'onChanged' overrides nothing.
e: file:///Users/HONGBGU/Documents/seadroid/app/src/main/java/com/seafile/seadroid2/ui/activities/AllActivitiesFragment.kt:222:14 Unresolved reference 'observe'.
e: file:///Users/HONGBGU/Documents/seadroid/app/src/main/java/com/seafile/seadroid2/ui/activities/AllActivitiesFragment.kt:222:47 Class '<anonymous>' is not abstract and does not implement abstract member 'onChanged'.
e: file:///Users/HONGBGU/Documents/seadroid/app/src/main/java/com/seafile/seadroid2/ui/activities/AllActivitiesFragment.kt:223:17 'onChanged' overrides nothing.
e: file:///Users/HONGBGU/Documents/seadroid/app/src/main/java/com/seafile/seadroid2/ui/activities/AllActivitiesFragment.kt:229:14 Unresolved reference 'observe'.
e: file:///Users/HONGBGU/Documents/seadroid/app/src/main/java/com/seafile/seadroid2/ui/activities/AllActivitiesFragment.kt:229:47 Class '<anonymous>' is not abstract and does not implement abstract member 'onChanged'.
e: file:///Users/HONGBGU/Documents/seadroid/app/src/main/java/com/seafile/seadroid2/ui/activities/AllActivitiesFragment.kt:230:17 'onChanged' overrides nothing.
e: file:///Users/HONGBGU/Documents/seadroid/app/src/main/java/com/seafile/seadroid2/ui/activities/AllActivitiesFragment.kt:238:27 Unresolved reference 'isStateViewEnable'.
e: file:///Users/HONGBGU/Documents/seadroid/app/src/main/java/com/seafile/seadroid2/ui/activities/AllActivitiesFragment.kt:240:31 Unresolved reference 'submitList'.
e: file:///Users/HONGBGU/Documents/seadroid/app/src/main/java/com/seafile/seadroid2/ui/activities/AllActivitiesFragment.kt:242:31 Unresolved reference 'addAll'.
e: file:///Users/HONGBGU/Documents/seadroid/app/src/main/java/com/seafile/seadroid2/ui/activities/AllActivitiesFragment.kt:262:19 Unresolved reference 'isStateViewEnable'.
e: file:///Users/HONGBGU/Documents/seadroid/app/src/main/java/com/seafile/seadroid2/ui/activities/AllActivitiesFragment.kt:360:29 Argument type mismatch: actual type is 'kotlin.String?', but 'kotlin.String' was expected.
e: file:///Users/HONGBGU/Documents/seadroid/app/src/main/java/com/seafile/seadroid2/ui/activities/AllActivitiesFragment.kt:362:29 Class '<anonymous>' is not abstract and does not implement abstract member 'accept'.
e: file:///Users/HONGBGU/Documents/seadroid/app/src/main/java/com/seafile/seadroid2/ui/activities/AllActivitiesFragment.kt:364:33 'accept' overrides nothing.
e: file:///Users/HONGBGU/Documents/seadroid/app/src/main/java/com/seafile/seadroid2/ui/activities/AllActivitiesFragment.kt:390:26 Argument type mismatch: actual type is 'kotlin.reflect.KClass<androidx.media3.common.util.UnstableApi>', but 'kotlin.Array<out kotlin.reflect.KClass<out kotlin.Annotation>>' was expected.
e: file:///Users/HONGBGU/Documents/seadroid/app/src/main/java/com/seafile/seadroid2/ui/activities/AllActivitiesFragment.kt:390:26 Assigning single elements to varargs in named form is prohibited.
e: file:///Users/HONGBGU/Documents/seadroid/app/src/main/java/com/seafile/seadroid2/ui/activities/AllActivitiesFragment.kt:392:35 Argument type mismatch: actual type is 'kotlin.String?', but 'kotlin.String' was expected.
e: file:///Users/HONGBGU/Documents/seadroid/app/src/main/java/com/seafile/seadroid2/ui/activities/AllActivitiesFragment.kt:398:38 Only safe (?.) or non-null asserted (!!.) calls are allowed on a nullable receiver of type 'kotlin.String?'.
e: file:///Users/HONGBGU/Documents/seadroid/app/src/main/java/com/seafile/seadroid2/ui/activities/AllActivitiesFragment.kt:406:38 Only safe (?.) or non-null asserted (!!.) calls are allowed on a nullable receiver of type 'kotlin.String?'.
e: file:///Users/HONGBGU/Documents/seadroid/app/src/main/java/com/seafile/seadroid2/ui/activities/AllActivitiesFragment.kt:406:106 Only safe (?.) or non-null asserted (!!.) calls are allowed on a nullable receiver of type 'kotlin.String?'.
e: file:///Users/HONGBGU/Documents/seadroid/app/src/main/java/com/seafile/seadroid2/ui/activities/AllActivitiesFragment.kt:423:29 Argument type mismatch: actual type is 'android.content.Context?', but 'android.content.Context' was expected.
e: file:///Users/HONGBGU/Documents/seadroid/app/src/main/java/com/seafile/seadroid2/ui/activities/AllActivitiesFragment.kt:435:41 Argument type mismatch: actual type is 'android.content.Context?', but 'android.content.Context' was expected.
e: file:///Users/HONGBGU/Documents/seadroid/app/src/main/java/com/seafile/seadroid2/ui/activities/AllActivitiesFragment.kt:452:41 Argument type mismatch: actual type is 'kotlin.String?', but 'kotlin.String' was expected.
e: file:///Users/HONGBGU/Documents/seadroid/app/src/main/java/com/seafile/seadroid2/ui/activities/AllActivitiesFragment.kt:516:78 Only safe (?.) or non-null asserted (!!.) calls are allowed on a nullable receiver of type 'com.seafile.seadroid2.account.SupportAccountManager?'.
e: file:///Users/HONGBGU/Documents/seadroid/app/src/main/java/com/seafile/seadroid2/ui/base/BaseActivityWithVM.kt:6:61 Cannot import 'equals'. Functions and properties can only be imported from packages or objects.
e: file:///Users/HONGBGU/Documents/seadroid/app/src/main/java/com/seafile/seadroid2/ui/base/BaseActivityWithVM.kt:7:65 Cannot import 'equals'. Functions and properties can only be imported from packages or objects.
e: file:///Users/HONGBGU/Documents/seadroid/app/src/main/java/com/seafile/seadroid2/ui/base/BaseActivityWithVM.kt:36:39 None of the following candidates is applicable:
@MainThread() fun <T : ViewModel> get(modelClass: Class<T>): T
@MainThread() fun <T : ViewModel> get(modelClass: KClass<T>): T
e: file:///Users/HONGBGU/Documents/seadroid/app/src/main/java/com/seafile/seadroid2/ui/base/BaseMediaSelectorActivity.kt:3:20 Conflicting import: imported name 'Uri' is ambiguous.
e: file:///Users/HONGBGU/Documents/seadroid/app/src/main/java/com/seafile/seadroid2/ui/base/BaseMediaSelectorActivity.kt:4:19 Conflicting import: imported name 'Bundle' is ambiguous.
e: file:///Users/HONGBGU/Documents/seadroid/app/src/main/java/com/seafile/seadroid2/ui/base/BaseMediaSelectorActivity.kt:5:21 Conflicting import: imported name 'MenuItem' is ambiguous.
e: file:///Users/HONGBGU/Documents/seadroid/app/src/main/java/com/seafile/seadroid2/ui/base/BaseMediaSelectorActivity.kt:6:33 Conflicting import: imported name 'ActivityResultLauncher' is ambiguous.
e: file:///Users/HONGBGU/Documents/seadroid/app/src/main/java/com/seafile/seadroid2/ui/base/BaseMediaSelectorActivity.kt:7:33 Conflicting import: imported name 'PickVisualMediaRequest' is ambiguous.
e: file:///Users/HONGBGU/Documents/seadroid/app/src/main/java/com/seafile/seadroid2/ui/base/BaseMediaSelectorActivity.kt:8:82 Conflicting import: imported name 'ImageAndVideo' is ambiguous.
e: file:///Users/HONGBGU/Documents/seadroid/app/src/main/java/com/seafile/seadroid2/ui/base/BaseMediaSelectorActivity.kt:9:82 Conflicting import: imported name 'ImageOnly' is ambiguous.
e: file:///Users/HONGBGU/Documents/seadroid/app/src/main/java/com/seafile/seadroid2/ui/base/BaseMediaSelectorActivity.kt:10:30 Conflicting import: imported name 'R' is ambiguous.
e: file:///Users/HONGBGU/Documents/seadroid/app/src/main/java/com/seafile/seadroid2/ui/base/BaseMediaSelectorActivity.kt:11:44 Conflicting import: imported name 'BaseViewModel' is ambiguous.
e: file:///Users/HONGBGU/Documents/seadroid/app/src/main/java/com/seafile/seadroid2/ui/base/BaseMediaSelectorActivity.kt:12:45 Conflicting import: imported name 'Logs' is ambiguous.
e: file:///Users/HONGBGU/Documents/seadroid/app/src/main/java/com/seafile/seadroid2/ui/base/BaseMediaSelectorActivity.kt:13:49 Conflicting import: imported name 'BottomSheetHelper' is ambiguous.
e: file:///Users/HONGBGU/Documents/seadroid/app/src/main/java/com/seafile/seadroid2/ui/base/BaseMediaSelectorActivity.kt:14:49 Conflicting import: imported name 'OnMenuClickListener' is ambiguous.
e: file:///Users/HONGBGU/Documents/seadroid/app/src/main/java/com/seafile/seadroid2/ui/base/BaseMediaSelectorActivity.kt:15:16 Conflicting import: imported name 'File' is ambiguous.
e: file:///Users/HONGBGU/Documents/seadroid/app/src/main/java/com/seafile/seadroid2/ui/base/BaseMediaSelectorActivity.kt:17:54 Cannot import 'endOfPaginationReached'. Functions and properties can only be imported from packages or objects.
e: file:///Users/HONGBGU/Documents/seadroid/app/src/main/java/com/seafile/seadroid2/ui/base/BaseMediaSelectorActivity.kt:18:78 Cannot import 'invokeFailRetry'. Functions and properties can only be imported from packages or objects.
e: file:///Users/HONGBGU/Documents/seadroid/app/src/main/java/com/seafile/seadroid2/ui/base/BaseMediaSelectorActivity.kt:19:61 Cannot import 'build'. Functions and properties can only be imported from packages or objects.
e: file:///Users/HONGBGU/Documents/seadroid/app/src/main/java/com/seafile/seadroid2/ui/base/BaseMediaSelectorActivity.kt:20:45 Cannot import 'get'. Functions and properties can only be imported from packages or objects.
e: file:///Users/HONGBGU/Documents/seadroid/app/src/main/java/com/seafile/seadroid2/ui/base/BaseMediaSelectorActivity.kt:21:56 Cannot import 'launch'. Functions and properties can only be imported from packages or objects.
e: file:///Users/HONGBGU/Documents/seadroid/app/src/main/java/com/seafile/seadroid2/ui/base/BaseMediaSelectorActivity.kt:22:64 Cannot import 'setMediaType'. Functions and properties can only be imported from packages or objects.
e: file:///Users/HONGBGU/Documents/seadroid/app/src/main/java/com/seafile/seadroid2/ui/base/BaseMediaSelectorActivity.kt:23:64 Cannot import 'build'. Functions and properties can only be imported from packages or objects.
e: file:///Users/HONGBGU/Documents/seadroid/app/src/main/java/com/seafile/seadroid2/ui/base/BaseMediaSelectorActivity.kt:24:44 Cannot import 'onBackPressedDispatcher'. Functions and properties can only be imported from packages or objects.
e: file:///Users/HONGBGU/Documents/seadroid/app/src/main/java/com/seafile/seadroid2/ui/base/BaseMediaSelectorActivity.kt:25:50 Cannot import 'addCallback'. Functions and properties can only be imported from packages or objects.
e: file:///Users/HONGBGU/Documents/seadroid/app/src/main/java/com/seafile/seadroid2/ui/base/BaseMediaSelectorActivity.kt:26:44 Cannot import 'onNewIntent'. Functions and properties can only be imported from packages or objects.
e: file:///Users/HONGBGU/Documents/seadroid/app/src/main/java/com/seafile/seadroid2/ui/base/BaseMediaSelectorActivity.kt:27:44 Cannot import 'invalidateMenu'. Functions and properties can only be imported from packages or objects.
e: file:///Users/HONGBGU/Documents/seadroid/app/src/main/java/com/seafile/seadroid2/ui/base/BaseMediaSelectorActivity.kt:28:57 Cannot import 'isProEdition'. Functions and properties can only be imported from packages or objects.
e: file:///Users/HONGBGU/Documents/seadroid/app/src/main/java/com/seafile/seadroid2/ui/base/BaseMediaSelectorActivity.kt:29:69 Cannot import 'getFeaturesString'. Functions and properties can only be imported from packages or objects.
e: file:///Users/HONGBGU/Documents/seadroid/app/src/main/java/com/seafile/seadroid2/ui/base/BaseMediaSelectorActivity.kt:30:51 Cannot import 'submitList'. Functions and properties can only be imported from packages or objects.
e: file:///Users/HONGBGU/Documents/seadroid/app/src/main/java/com/seafile/seadroid2/ui/base/BaseMediaSelectorActivity.kt:31:51 Cannot import 'setOnItemClickListener'. Functions and properties can only be imported from packages or objects.
e: file:///Users/HONGBGU/Documents/seadroid/app/src/main/java/com/seafile/seadroid2/ui/base/BaseMediaSelectorActivity.kt:32:51 Cannot import 'getItem'. Functions and properties can only be imported from packages or objects.
e: file:///Users/HONGBGU/Documents/seadroid/app/src/main/java/com/seafile/seadroid2/ui/base/BaseMediaSelectorActivity.kt:33:51 Cannot import 'getItemCount'. Functions and properties can only be imported from packages or objects.
e: file:///Users/HONGBGU/Documents/seadroid/app/src/main/java/com/seafile/seadroid2/ui/base/BaseMediaSelectorActivity.kt:34:55 Cannot import 'addItemType'. Functions and properties can only be imported from packages or objects.
e: file:///Users/HONGBGU/Documents/seadroid/app/src/main/java/com/seafile/seadroid2/ui/base/BaseMediaSelectorActivity.kt:35:82 Cannot import 'onBind'. Functions and properties can only be imported from packages or objects.
e: file:///Users/HONGBGU/Documents/seadroid/app/src/main/java/com/seafile/seadroid2/ui/base/BaseMediaSelectorActivity.kt:36:55 Cannot import 'onItemViewType'. Functions and properties can only be imported from packages or objects.
e: file:///Users/HONGBGU/Documents/seadroid/app/src/main/java/com/seafile/seadroid2/ui/base/BaseMediaSelectorActivity.kt:37:51 Cannot import 'onAttachedToRecyclerView'. Functions and properties can only be imported from packages or objects.
e: file:///Users/HONGBGU/Documents/seadroid/app/src/main/java/com/seafile/seadroid2/ui/base/BaseMediaSelectorActivity.kt:38:51 Cannot import 'context'. Functions and properties can only be imported from packages or objects.
e: file:///Users/HONGBGU/Documents/seadroid/app/src/main/java/com/seafile/seadroid2/ui/base/BaseMediaSelectorActivity.kt:39:65 Cannot import 'isDir'. Functions and properties can only be imported from packages or objects.
e: file:///Users/HONGBGU/Documents/seadroid/app/src/main/java/com/seafile/seadroid2/ui/base/BaseMediaSelectorActivity.kt:40:65 Cannot import 'getSubtitle'. Functions and properties can only be imported from packages or objects.
e: file:///Users/HONGBGU/Documents/seadroid/app/src/main/java/com/seafile/seadroid2/ui/base/BaseMediaSelectorActivity.kt:41:65 Cannot import 'getIcon'. Functions and properties can only be imported from packages or objects.
e: file:///Users/HONGBGU/Documents/seadroid/app/src/main/java/com/seafile/seadroid2/ui/base/BaseMediaSelectorActivity.kt:42:51 Cannot import 'items'. Functions and properties can only be imported from packages or objects.
e: file:///Users/HONGBGU/Documents/seadroid/app/src/main/java/com/seafile/seadroid2/ui/base/BaseMediaSelectorActivity.kt:43:61 Cannot import 'equals'. Functions and properties can only be imported from packages or objects.
e: file:///Users/HONGBGU/Documents/seadroid/app/src/main/java/com/seafile/seadroid2/ui/base/BaseMediaSelectorActivity.kt:44:65 Cannot import 'equals'. Functions and properties can only be imported from packages or objects.
e: file:///Users/HONGBGU/Documents/seadroid/app/src/main/java/com/seafile/seadroid2/ui/base/BaseMediaSelectorActivity.kt:45:70 Cannot import 'invisibleOriginItemWhenStickyItemShowing'. Functions and properties can only be imported from packages or objects.
e: file:///Users/HONGBGU/Documents/seadroid/app/src/main/java/com/seafile/seadroid2/ui/base/BaseMediaSelectorActivity.kt:46:70 Cannot import 'disabledScrollUpStickyItem'. Functions and properties can only be imported from packages or objects.
e: file:///Users/HONGBGU/Documents/seadroid/app/src/main/java/com/seafile/seadroid2/ui/base/BaseMediaSelectorActivity.kt:47:70 Cannot import 'showInContainer'. Functions and properties can only be imported from packages or objects.
e: file:///Users/HONGBGU/Documents/seadroid/app/src/main/java/com/seafile/seadroid2/ui/base/BaseMediaSelectorActivity.kt:48:70 Cannot import 'build'. Functions and properties can only be imported from packages or objects.
e: file:///Users/HONGBGU/Documents/seadroid/app/src/main/java/com/seafile/seadroid2/ui/base/BaseMediaSelectorActivity.kt:49:57 Cannot import 'isSearchEnabled'. Functions and properties can only be imported from packages or objects.
e: file:///Users/HONGBGU/Documents/seadroid/app/src/main/java/com/seafile/seadroid2/ui/base/BaseMediaSelectorActivity.kt:50:51 Cannot import 'set'. Functions and properties can only be imported from packages or objects.
e: file:///Users/HONGBGU/Documents/seadroid/app/src/main/java/com/seafile/seadroid2/ui/base/BaseMediaSelectorActivity.kt:51:51 Cannot import 'setOnItemLongClickListener'. Functions and properties can only be imported from packages or objects.
e: file:///Users/HONGBGU/Documents/seadroid/app/src/main/java/com/seafile/seadroid2/ui/base/BaseMediaSelectorActivity.kt:52:51 Cannot import 'addAll'. Functions and properties can only be imported from packages or objects.
e: file:///Users/HONGBGU/Documents/seadroid/app/src/main/java/com/seafile/seadroid2/ui/base/BaseMediaSelectorActivity.kt:53:61 Cannot import 'getRepoList'. Functions and properties can only be imported from packages or objects.
e: file:///Users/HONGBGU/Documents/seadroid/app/src/main/java/com/seafile/seadroid2/ui/base/BaseMediaSelectorActivity.kt:54:51 Cannot import 'removeAtRange'. Functions and properties can only be imported from packages or objects.
e: file:///Users/HONGBGU/Documents/seadroid/app/src/main/java/com/seafile/seadroid2/ui/base/BaseMediaSelectorActivity.kt:55:51 Cannot import 'stateView'. Functions and properties can only be imported from packages or objects.
e: file:///Users/HONGBGU/Documents/seadroid/app/src/main/java/com/seafile/seadroid2/ui/base/BaseMediaSelectorActivity.kt:56:51 Cannot import 'isStateViewEnable'. Functions and properties can only be imported from packages or objects.
e: file:///Users/HONGBGU/Documents/seadroid/app/src/main/java/com/seafile/seadroid2/ui/base/BaseMediaSelectorActivity.kt:58:51 Cannot import 'animationEnable'. Functions and properties can only be imported from packages or objects.
e: file:///Users/HONGBGU/Documents/seadroid/app/src/main/java/com/seafile/seadroid2/ui/base/BaseMediaSelectorActivity.kt:59:51 Cannot import 'setStateViewLayout'. Functions and properties can only be imported from packages or objects.
e: file:///Users/HONGBGU/Documents/seadroid/app/src/main/java/com/seafile/seadroid2/ui/base/BaseMediaSelectorActivity.kt:60:51 Cannot import 'addOnItemChildClickListener'. Functions and properties can only be imported from packages or objects.
e: file:///Users/HONGBGU/Documents/seadroid/app/src/main/java/com/seafile/seadroid2/ui/base/BaseMediaSelectorActivity.kt:61:53 Cannot import 'adapter'. Functions and properties can only be imported from packages or objects.
e: file:///Users/HONGBGU/Documents/seadroid/app/src/main/java/com/seafile/seadroid2/ui/base/BaseMediaSelectorActivity.kt:62:74 Cannot import 'setMetadataConfigModel'. Functions and properties can only be imported from packages or objects.
e: file:///Users/HONGBGU/Documents/seadroid/app/src/main/java/com/seafile/seadroid2/ui/base/BaseMediaSelectorActivity.kt:63:74 Cannot import 'setDetail'. Functions and properties can only be imported from packages or objects.
e: file:///Users/HONGBGU/Documents/seadroid/app/src/main/java/com/seafile/seadroid2/ui/base/BaseMediaSelectorActivity.kt:64:74 Cannot import 'getMetaEnabled'. Functions and properties can only be imported from packages or objects.
e: file:///Users/HONGBGU/Documents/seadroid/app/src/main/java/com/seafile/seadroid2/ui/base/BaseMediaSelectorActivity.kt:65:74 Cannot import 'getTagsEnabled'. Functions and properties can only be imported from packages or objects.
e: file:///Users/HONGBGU/Documents/seadroid/app/src/main/java/com/seafile/seadroid2/ui/base/BaseMediaSelectorActivity.kt:66:74 Cannot import 'initDefaultIfMetaNotEnable'. Functions and properties can only be imported from packages or objects.
e: file:///Users/HONGBGU/Documents/seadroid/app/src/main/java/com/seafile/seadroid2/ui/base/BaseMediaSelectorActivity.kt:67:74 Cannot import 'setRelatedUserWrapperModel'. Functions and properties can only be imported from packages or objects.
e: file:///Users/HONGBGU/Documents/seadroid/app/src/main/java/com/seafile/seadroid2/ui/base/BaseMediaSelectorActivity.kt:68:74 Cannot import 'addRecordWrapperModel'. Functions and properties can only be imported from packages or objects.
e: file:///Users/HONGBGU/Documents/seadroid/app/src/main/java/com/seafile/seadroid2/ui/base/BaseMediaSelectorActivity.kt:69:74 Cannot import 'setTagWrapperModel'. Functions and properties can only be imported from packages or objects.
e: file:///Users/HONGBGU/Documents/seadroid/app/src/main/java/com/seafile/seadroid2/ui/base/BaseMediaSelectorActivity.kt:70:44 Cannot import 'onSaveInstanceState'. Functions and properties can only be imported from packages or objects.
e: file:///Users/HONGBGU/Documents/seadroid/app/src/main/java/com/seafile/seadroid2/ui/base/BaseMediaSelectorActivity.kt:71:72 Cannot import 'canUse'. Functions and properties can only be imported from packages or objects.
e: file:///Users/HONGBGU/Documents/seadroid/app/src/main/java/com/seafile/seadroid2/ui/base/BaseMediaSelectorActivity.kt:72:36 Cannot import 'accept'. Functions and properties can only be imported from packages or objects.
e: file:///Users/HONGBGU/Documents/seadroid/app/src/main/java/com/seafile/seadroid2/ui/base/BaseMediaSelectorActivity.kt:73:20 Cannot import 'second'. Functions and properties can only be imported from packages or objects.
e: file:///Users/HONGBGU/Documents/seadroid/app/src/main/java/com/seafile/seadroid2/ui/base/BaseMediaSelectorActivity.kt:75:51 Cannot import 'removeAt'. Functions and properties can only be imported from packages or objects.
e: file:///Users/HONGBGU/Documents/seadroid/app/src/main/java/com/seafile/seadroid2/ui/base/BaseMediaSelectorActivity.kt:76:62 Cannot import 'getSubjectName'. Functions and properties can only be imported from packages or objects.
e: file:///Users/HONGBGU/Documents/seadroid/app/src/main/java/com/seafile/seadroid2/ui/base/BaseMediaSelectorActivity.kt:77:62 Cannot import 'getSignature'. Functions and properties can only be imported from packages or objects.
e: file:///Users/HONGBGU/Documents/seadroid/app/src/main/java/com/seafile/seadroid2/ui/base/BaseMediaSelectorActivity.kt:78:62 Cannot import 'getSerialNumber'. Functions and properties can only be imported from packages or objects.
e: file:///Users/HONGBGU/Documents/seadroid/app/src/main/java/com/seafile/seadroid2/ui/base/BaseMediaSelectorActivity.kt:79:62 Cannot import 'getNotBefore'. Functions and properties can only be imported from packages or objects.
e: file:///Users/HONGBGU/Documents/seadroid/app/src/main/java/com/seafile/seadroid2/ui/base/BaseMediaSelectorActivity.kt:80:62 Cannot import 'getNotAfter'. Functions and properties can only be imported from packages or objects.
e: file:///Users/HONGBGU/Documents/seadroid/app/src/main/java/com/seafile/seadroid2/ui/base/BaseMediaSelectorActivity.kt:81:50 Cannot import 'onBackPressed'. Functions and properties can only be imported from packages or objects.
e: file:///Users/HONGBGU/Documents/seadroid/app/src/main/java/com/seafile/seadroid2/ui/base/BaseMediaSelectorActivity.kt:83:44 Cannot import 'code'. Functions and properties can only be imported from packages or objects.
e: file:///Users/HONGBGU/Documents/seadroid/app/src/main/java/com/seafile/seadroid2/ui/base/BaseMediaSelectorActivity.kt:84:44 Cannot import 'indexOfKey'. Functions and properties can only be imported from packages or objects.
e: file:///Users/HONGBGU/Documents/seadroid/app/src/main/java/com/seafile/seadroid2/ui/base/BaseMediaSelectorActivity.kt:85:44 Cannot import 'valueAt'. Functions and properties can only be imported from packages or objects.
e: file:///Users/HONGBGU/Documents/seadroid/app/src/main/java/com/seafile/seadroid2/ui/base/BaseMediaSelectorActivity.kt:86:44 Cannot import 'put'. Functions and properties can only be imported from packages or objects.
e: file:///Users/HONGBGU/Documents/seadroid/app/src/main/java/com/seafile/seadroid2/ui/base/BaseMediaSelectorActivity.kt:87:71 Cannot import 'getTime'. Functions and properties can only be imported from packages or objects.
e: file:///Users/HONGBGU/Documents/seadroid/app/src/main/java/com/seafile/seadroid2/ui/base/BaseMediaSelectorActivity.kt:88:61 Cannot import 'setTrailingLoadStateAdapter'. Functions and properties can only be imported from packages or objects.
e: file:///Users/HONGBGU/Documents/seadroid/app/src/main/java/com/seafile/seadroid2/ui/base/BaseMediaSelectorActivity.kt:89:78 Cannot import 'setOnLoadMoreListener'. Functions and properties can only be imported from packages or objects.
e: file:///Users/HONGBGU/Documents/seadroid/app/src/main/java/com/seafile/seadroid2/ui/base/BaseMediaSelectorActivity.kt:90:53 Cannot import 'trailingLoadState'. Functions and properties can only be imported from packages or objects.
e: file:///Users/HONGBGU/Documents/seadroid/app/src/main/java/com/seafile/seadroid2/ui/base/BaseMediaSelectorActivity.kt:91:53 Cannot import 'trailingLoadStateAdapter'. Functions and properties can only be imported from packages or objects.
e: file:///Users/HONGBGU/Documents/seadroid/app/src/main/java/com/seafile/seadroid2/ui/base/BaseMediaSelectorActivity.kt:92:78 Cannot import 'checkDisableLoadMoreIfNotFullPage'. Functions and properties can only be imported from packages or objects.
e: file:///Users/HONGBGU/Documents/seadroid/app/src/main/java/com/seafile/seadroid2/ui/base/BaseMediaSelectorActivity.kt:94:76 Cannot import 'getCreatedAtFriendlyText'. Functions and properties can only be imported from packages or objects.
e: file:///Users/HONGBGU/Documents/seadroid/app/src/main/java/com/seafile/seadroid2/ui/base/BaseMediaSelectorActivity.kt:95:20 Cannot import 'first'. Functions and properties can only be imported from packages or objects.
e: file:///Users/HONGBGU/Documents/seadroid/app/src/main/java/com/seafile/seadroid2/ui/base/BaseMediaSelectorActivity.kt:96:61 Cannot import 'getAvatarUrl'. Functions and properties can only be imported from packages or objects.
e: file:///Users/HONGBGU/Documents/seadroid/app/src/main/java/com/seafile/seadroid2/ui/base/BaseMediaSelectorActivity.kt:97:74 Cannot import 'getRecordMetaDataList'. Functions and properties can only be imported from packages or objects.
e: file:///Users/HONGBGU/Documents/seadroid/app/src/main/java/com/seafile/seadroid2/ui/base/BaseMediaSelectorActivity.kt:98:74 Cannot import 'setRecordMetaDataList'. Functions and properties can only be imported from packages or objects.
e: file:///Users/HONGBGU/Documents/seadroid/app/src/main/java/com/seafile/seadroid2/ui/base/BaseMediaSelectorActivity.kt:99:74 Cannot import 'getRecordResultList'. Functions and properties can only be imported from packages or objects.
e: file:///Users/HONGBGU/Documents/seadroid/app/src/main/java/com/seafile/seadroid2/ui/base/BaseMediaSelectorActivity.kt:100:61 Cannot import 'name'. Functions and properties can only be imported from packages or objects.
e: file:///Users/HONGBGU/Documents/seadroid/app/src/main/java/com/seafile/seadroid2/ui/base/BaseMediaSelectorActivity.kt:101:74 Cannot import 'getRelatedUserList'. Functions and properties can only be imported from packages or objects.
e: file:///Users/HONGBGU/Documents/seadroid/app/src/main/java/com/seafile/seadroid2/ui/base/BaseMediaSelectorActivity.kt:102:61 Cannot import 'email'. Functions and properties can only be imported from packages or objects.
e: file:///Users/HONGBGU/Documents/seadroid/app/src/main/java/com/seafile/seadroid2/ui/base/BaseMediaSelectorActivity.kt:104:72 Cannot import 'toString'. Functions and properties can only be imported from packages or objects.
e: file:///Users/HONGBGU/Documents/seadroid/app/src/main/java/com/seafile/seadroid2/ui/base/BaseMediaSelectorActivity.kt:105:48 Cannot import 'setKeepOnScreenCondition'. Functions and properties can only be imported from packages or objects.
e: file:///Users/HONGBGU/Documents/seadroid/app/src/main/java/com/seafile/seadroid2/ui/base/BaseMediaSelectorActivity.kt:106:74 Cannot import 'getDetail'. Functions and properties can only be imported from packages or objects.
e: file:///Users/HONGBGU/Documents/seadroid/app/src/main/java/com/seafile/seadroid2/ui/base/BaseMediaSelectorActivity.kt:107:74 Cannot import 'getTagMap'. Functions and properties can only be imported from packages or objects.
e: file:///Users/HONGBGU/Documents/seadroid/app/src/main/java/com/seafile/seadroid2/ui/base/BaseMediaSelectorActivity.kt:108:57 Cannot import 'getUrl'. Functions and properties can only be imported from packages or objects.
e: file:///Users/HONGBGU/Documents/seadroid/app/src/main/java/com/seafile/seadroid2/ui/base/BaseMediaSelectorActivity.kt:109:57 Cannot import 'getVersion'. Functions and properties can only be imported from packages or objects.
e: file:///Users/HONGBGU/Documents/seadroid/app/src/main/java/com/seafile/seadroid2/ui/base/BaseMediaSelectorActivity.kt:110:57 Cannot import 'getEncrypted_library_version'. Functions and properties can only be imported from packages or objects.
e: file:///Users/HONGBGU/Documents/seadroid/app/src/main/java/com/seafile/seadroid2/ui/base/BaseMediaSelectorActivity.kt:111:57 Cannot import 'getFeatures'. Functions and properties can only be imported from packages or objects.
e: file:///Users/HONGBGU/Documents/seadroid/app/src/main/java/com/seafile/seadroid2/ui/base/BaseMediaSelectorActivity.kt:114:70 Cannot import 'getMtimeInMills'. Functions and properties can only be imported from packages or objects.
e: file:///Users/HONGBGU/Documents/seadroid/app/src/main/java/com/seafile/seadroid2/ui/base/BaseMediaSelectorActivity.kt:116:43 Cannot import 'addMigrations'. Functions and properties can only be imported from packages or objects.
e: file:///Users/HONGBGU/Documents/seadroid/app/src/main/java/com/seafile/seadroid2/ui/base/BaseMediaSelectorActivity.kt:117:43 Cannot import 'build'. Functions and properties can only be imported from packages or objects.
e: file:///Users/HONGBGU/Documents/seadroid/app/src/main/java/com/seafile/seadroid2/ui/base/BaseMediaSelectorActivity.kt:118:49 Cannot import 'execSQL'. Functions and properties can only be imported from packages or objects.
e: file:///Users/HONGBGU/Documents/seadroid/app/src/main/java/com/seafile/seadroid2/ui/base/BaseMediaSelectorActivity.kt:119:49 Cannot import 'query'. Functions and properties can only be imported from packages or objects.
e: file:///Users/HONGBGU/Documents/seadroid/app/src/main/java/com/seafile/seadroid2/ui/base/BaseMediaSelectorActivity.kt:120:61 Cannot import 'getTitle'. Functions and properties can only be imported from packages or objects.
e: file:///Users/HONGBGU/Documents/seadroid/app/src/main/java/com/seafile/seadroid2/ui/base/BaseMediaSelectorActivity.kt:121:61 Cannot import 'addAllRepoList'. Functions and properties can only be imported from packages or objects.
e: file:///Users/HONGBGU/Documents/seadroid/app/src/main/java/com/seafile/seadroid2/ui/base/BaseMediaSelectorActivity.kt:122:58 Cannot import 'setPath'. Functions and properties can only be imported from packages or objects.
e: file:///Users/HONGBGU/Documents/seadroid/app/src/main/java/com/seafile/seadroid2/ui/base/BaseMediaSelectorActivity.kt:123:58 Cannot import 'setLabel'. Functions and properties can only be imported from packages or objects.
e: file:///Users/HONGBGU/Documents/seadroid/app/src/main/java/com/seafile/seadroid2/ui/base/BaseMediaSelectorActivity.kt:124:58 Cannot import 'setRemovable'. Functions and properties can only be imported from packages or objects.
e: file:///Users/HONGBGU/Documents/seadroid/app/src/main/java/com/seafile/seadroid2/ui/base/BaseMediaSelectorActivity.kt:125:58 Cannot import 'setPrimary'. Functions and properties can only be imported from packages or objects.
e: file:///Users/HONGBGU/Documents/seadroid/app/src/main/java/com/seafile/seadroid2/ui/base/BaseMediaSelectorActivity.kt:126:58 Cannot import 'setAvailable'. Functions and properties can only be imported from packages or objects.
e: file:///Users/HONGBGU/Documents/seadroid/app/src/main/java/com/seafile/seadroid2/ui/base/BaseMediaSelectorActivity.kt:127:57 Cannot import 'getError'. Functions and properties can only be imported from packages or objects.
e: file:///Users/HONGBGU/Documents/seadroid/app/src/main/java/com/seafile/seadroid2/ui/base/BaseMediaSelectorActivity.kt:128:42 Cannot import 'setBackoffCriteria'. Functions and properties can only be imported from packages or objects.
e: file:///Users/HONGBGU/Documents/seadroid/app/src/main/java/com/seafile/seadroid2/ui/base/BaseMediaSelectorActivity.kt:129:42 Cannot import 'addTag'. Functions and properties can only be imported from packages or objects.
e: file:///Users/HONGBGU/Documents/seadroid/app/src/main/java/com/seafile/seadroid2/ui/base/BaseMediaSelectorActivity.kt:130:42 Cannot import 'setRequiredNetworkType'. Functions and properties can only be imported from packages or objects.
e: file:///Users/HONGBGU/Documents/seadroid/app/src/main/java/com/seafile/seadroid2/ui/base/BaseMediaSelectorActivity.kt:131:42 Cannot import 'build'. Functions and properties can only be imported from packages or objects.
e: file:///Users/HONGBGU/Documents/seadroid/app/src/main/java/com/seafile/seadroid2/ui/base/BaseMediaSelectorActivity.kt:132:42 Cannot import 'setId'. Functions and properties can only be imported from packages or objects.
e: file:///Users/HONGBGU/Documents/seadroid/app/src/main/java/com/seafile/seadroid2/ui/base/BaseMediaSelectorActivity.kt:133:42 Cannot import 'setConstraints'. Functions and properties can only be imported from packages or objects.
e: file:///Users/HONGBGU/Documents/seadroid/app/src/main/java/com/seafile/seadroid2/ui/base/BaseMediaSelectorActivity.kt:134:42 Cannot import 'build'. Functions and properties can only be imported from packages or objects.
e: file:///Users/HONGBGU/Documents/seadroid/app/src/main/java/com/seafile/seadroid2/ui/base/BaseMediaSelectorActivity.kt:135:42 Cannot import 'setInputData'. Functions and properties can only be imported from packages or objects.
e: file:///Users/HONGBGU/Documents/seadroid/app/src/main/java/com/seafile/seadroid2/ui/base/BaseMediaSelectorActivity.kt:136:79 Cannot import 'getParent_dir'. Functions and properties can only be imported from packages or objects.
e: file:///Users/HONGBGU/Documents/seadroid/app/src/main/java/com/seafile/seadroid2/ui/base/BaseMediaSelectorActivity.kt:139:37 Cannot import 'onCleared'. Functions and properties can only be imported from packages or objects.
e: file:///Users/HONGBGU/Documents/seadroid/app/src/main/java/com/seafile/seadroid2/ui/base/BaseMediaSelectorActivity.kt:140:42 Cannot import 'lifecycle'. Functions and properties can only be imported from packages or objects.
e: file:///Users/HONGBGU/Documents/seadroid/app/src/main/java/com/seafile/seadroid2/ui/base/BaseMediaSelectorActivity.kt:141:37 Cannot import 'addObserver'. Functions and properties can only be imported from packages or objects.
e: file:///Users/HONGBGU/Documents/seadroid/app/src/main/java/com/seafile/seadroid2/ui/base/BaseMediaSelectorActivity.kt:142:37 Cannot import 'removeObserver'. Functions and properties can only be imported from packages or objects.
e: file:///Users/HONGBGU/Documents/seadroid/app/src/main/java/com/seafile/seadroid2/ui/base/BaseMediaSelectorActivity.kt:154:30 Conflicting import: imported name 'R' is ambiguous.
e: file:///Users/HONGBGU/Documents/seadroid/app/src/main/java/com/seafile/seadroid2/ui/base/BaseMediaSelectorActivity.kt:157:44 Conflicting import: imported name 'BaseViewModel' is ambiguous.
e: file:///Users/HONGBGU/Documents/seadroid/app/src/main/java/com/seafile/seadroid2/ui/base/BaseMediaSelectorActivity.kt:159:19 Conflicting import: imported name 'Bundle' is ambiguous.
e: file:///Users/HONGBGU/Documents/seadroid/app/src/main/java/com/seafile/seadroid2/ui/base/BaseMediaSelectorActivity.kt:172:45 Conflicting import: imported name 'Logs' is ambiguous.
e: file:///Users/HONGBGU/Documents/seadroid/app/src/main/java/com/seafile/seadroid2/ui/base/BaseMediaSelectorActivity.kt:191:33 Conflicting import: imported name 'ActivityResultLauncher' is ambiguous.
e: file:///Users/HONGBGU/Documents/seadroid/app/src/main/java/com/seafile/seadroid2/ui/base/BaseMediaSelectorActivity.kt:192:33 Conflicting import: imported name 'PickVisualMediaRequest' is ambiguous.
e: file:///Users/HONGBGU/Documents/seadroid/app/src/main/java/com/seafile/seadroid2/ui/base/BaseMediaSelectorActivity.kt:193:49 Conflicting import: imported name 'BottomSheetHelper' is ambiguous.
e: file:///Users/HONGBGU/Documents/seadroid/app/src/main/java/com/seafile/seadroid2/ui/base/BaseMediaSelectorActivity.kt:194:49 Conflicting import: imported name 'OnMenuClickListener' is ambiguous.
e: file:///Users/HONGBGU/Documents/seadroid/app/src/main/java/com/seafile/seadroid2/ui/base/BaseMediaSelectorActivity.kt:195:82 Conflicting import: imported name 'ImageOnly' is ambiguous.
e: file:///Users/HONGBGU/Documents/seadroid/app/src/main/java/com/seafile/seadroid2/ui/base/BaseMediaSelectorActivity.kt:196:82 Conflicting import: imported name 'ImageAndVideo' is ambiguous.
e: file:///Users/HONGBGU/Documents/seadroid/app/src/main/java/com/seafile/seadroid2/ui/base/BaseMediaSelectorActivity.kt:259:69 Unresolved reference 'FileSyncBinder'.
e: file:///Users/HONGBGU/Documents/seadroid/app/src/main/java/com/seafile/seadroid2/ui/base/BaseMediaSelectorActivity.kt:727:73 Cannot access 'inner class AppsListAdapter : BaseAdapter': it is private in 'com/seafile/seadroid2/ui/dialog_fragment/AppChoiceDialogFragment'.
e: file:///Users/HONGBGU/Documents/seadroid/app/src/main/java/com/seafile/seadroid2/ui/base/BaseMediaSelectorActivity.kt:1071:69 Unresolved reference 'FolderStateChangedListener'.
e: file:///Users/HONGBGU/Documents/seadroid/app/src/main/java/com/seafile/seadroid2/ui/base/BaseMediaSelectorActivity.kt:1090:20 Conflicting import: imported name 'Uri' is ambiguous.
e: file:///Users/HONGBGU/Documents/seadroid/app/src/main/java/com/seafile/seadroid2/ui/base/BaseMediaSelectorActivity.kt:1091:21 Conflicting import: imported name 'MenuItem' is ambiguous.
e: file:///Users/HONGBGU/Documents/seadroid/app/src/main/java/com/seafile/seadroid2/ui/base/BaseMediaSelectorActivity.kt:1097:16 Conflicting import: imported name 'File' is ambiguous.
e: file:///Users/HONGBGU/Documents/seadroid/app/src/main/java/com/seafile/seadroid2/ui/base/BaseMediaSelectorActivity.kt:1249:13 Class '<anonymous>' is not abstract and does not implement abstract member 'onMenuClick'.
e: file:///Users/HONGBGU/Documents/seadroid/app/src/main/java/com/seafile/seadroid2/ui/base/BaseMediaSelectorActivity.kt:1250:17 'onMenuClick' overrides nothing.
e: file:///Users/HONGBGU/Documents/seadroid/app/src/main/java/com/seafile/seadroid2/ui/base/BaseMediaSelectorActivity.kt:1252:59 Unresolved reference 'Manifest'.
e: file:///Users/HONGBGU/Documents/seadroid/app/src/main/java/com/seafile/seadroid2/ui/base/BaseMediaSelectorActivity.kt:1269:15 Only safe (?.) or non-null asserted (!!.) calls are allowed on a nullable receiver of type 'com.seafile.seadroid2.ui.bottomsheetmenu.BottomSheetMenuFragment.Builder?'.
e: file:///Users/HONGBGU/Documents/seadroid/app/src/main/java/com/seafile/seadroid2/ui/base/BaseMediaSelectorActivity.kt:1276:13 Class '<anonymous>' is not abstract and does not implement abstract member 'onMenuClick'.
e: file:///Users/HONGBGU/Documents/seadroid/app/src/main/java/com/seafile/seadroid2/ui/base/BaseMediaSelectorActivity.kt:1277:17 'onMenuClick' overrides nothing.
e: file:///Users/HONGBGU/Documents/seadroid/app/src/main/java/com/seafile/seadroid2/ui/base/BaseMediaSelectorActivity.kt:1279:59 Unresolved reference 'Manifest'.
e: file:///Users/HONGBGU/Documents/seadroid/app/src/main/java/com/seafile/seadroid2/ui/base/BaseMediaSelectorActivity.kt:1296:15 Only safe (?.) or non-null asserted (!!.) calls are allowed on a nullable receiver of type 'com.seafile.seadroid2.ui.bottomsheetmenu.BottomSheetMenuFragment.Builder?'.
e: file:///Users/HONGBGU/Documents/seadroid/app/src/main/java/com/seafile/seadroid2/ui/base/BaseMediaSelectorActivity.kt:1300:44 Unresolved reference 'Manifest'.
e: file:///Users/HONGBGU/Documents/seadroid/app/src/main/java/com/seafile/seadroid2/ui/base/adapter/BaseAdapter.kt:6:72 Type argument is not within its bounds: should be subtype of 'kotlin.Any'.
e: file:///Users/HONGBGU/Documents/seadroid/app/src/main/java/com/seafile/seadroid2/ui/base/adapter/BaseAdapter.kt:6:76 Type argument is not within its bounds: should be subtype of 'androidx.recyclerview.widget.RecyclerView.ViewHolder'.
e: file:///Users/HONGBGU/Documents/seadroid/app/src/main/java/com/seafile/seadroid2/ui/base/adapter/BaseMultiAdapter.kt:5:59 Type argument is not within its bounds: should be subtype of 'kotlin.Any'.
e: file:///Users/HONGBGU/Documents/seadroid/app/src/main/java/com/seafile/seadroid2/ui/base/adapter/LoadMoreAdapter.kt:12:1 Class 'LoadMoreAdapter' is not abstract and does not implement abstract base class member 'onBindViewHolder'.
e: file:///Users/HONGBGU/Documents/seadroid/app/src/main/java/com/seafile/seadroid2/ui/base/adapter/LoadMoreAdapter.kt:12:50 Type argument is not within its bounds: should be subtype of 'androidx.recyclerview.widget.RecyclerView.ViewHolder'.
e: file:///Users/HONGBGU/Documents/seadroid/app/src/main/java/com/seafile/seadroid2/ui/base/adapter/LoadMoreAdapter.kt:13:5 'onBindViewHolder' overrides nothing.
e: file:///Users/HONGBGU/Documents/seadroid/app/src/main/java/com/seafile/seadroid2/ui/base/adapter/LoadMoreAdapter.kt:16:35 Only safe (?.) or non-null asserted (!!.) calls are allowed on a nullable receiver of type 'com.seafile.seadroid2.databinding.ViewLoadMoreBinding?'.
e: file:///Users/HONGBGU/Documents/seadroid/app/src/main/java/com/seafile/seadroid2/ui/base/adapter/LoadMoreAdapter.kt:17:35 Only safe (?.) or non-null asserted (!!.) calls are allowed on a nullable receiver of type 'com.seafile.seadroid2.databinding.ViewLoadMoreBinding?'.
e: file:///Users/HONGBGU/Documents/seadroid/app/src/main/java/com/seafile/seadroid2/ui/base/adapter/LoadMoreAdapter.kt:18:35 Only safe (?.) or non-null asserted (!!.) calls are allowed on a nullable receiver of type 'com.seafile.seadroid2.databinding.ViewLoadMoreBinding?'.
e: file:///Users/HONGBGU/Documents/seadroid/app/src/main/java/com/seafile/seadroid2/ui/base/adapter/LoadMoreAdapter.kt:19:35 Only safe (?.) or non-null asserted (!!.) calls are allowed on a nullable receiver of type 'com.seafile.seadroid2.databinding.ViewLoadMoreBinding?'.
e: file:///Users/HONGBGU/Documents/seadroid/app/src/main/java/com/seafile/seadroid2/ui/base/adapter/LoadMoreAdapter.kt:21:35 Only safe (?.) or non-null asserted (!!.) calls are allowed on a nullable receiver of type 'com.seafile.seadroid2.databinding.ViewLoadMoreBinding?'.
e: file:///Users/HONGBGU/Documents/seadroid/app/src/main/java/com/seafile/seadroid2/ui/base/adapter/LoadMoreAdapter.kt:22:35 Only safe (?.) or non-null asserted (!!.) calls are allowed on a nullable receiver of type 'com.seafile.seadroid2.databinding.ViewLoadMoreBinding?'.
e: file:///Users/HONGBGU/Documents/seadroid/app/src/main/java/com/seafile/seadroid2/ui/base/adapter/LoadMoreAdapter.kt:23:35 Only safe (?.) or non-null asserted (!!.) calls are allowed on a nullable receiver of type 'com.seafile.seadroid2.databinding.ViewLoadMoreBinding?'.
e: file:///Users/HONGBGU/Documents/seadroid/app/src/main/java/com/seafile/seadroid2/ui/base/adapter/LoadMoreAdapter.kt:24:35 Only safe (?.) or non-null asserted (!!.) calls are allowed on a nullable receiver of type 'com.seafile.seadroid2.databinding.ViewLoadMoreBinding?'.
e: file:///Users/HONGBGU/Documents/seadroid/app/src/main/java/com/seafile/seadroid2/ui/base/adapter/LoadMoreAdapter.kt:27:31 Only safe (?.) or non-null asserted (!!.) calls are allowed on a nullable receiver of type 'com.seafile.seadroid2.databinding.ViewLoadMoreBinding?'.
e: file:///Users/HONGBGU/Documents/seadroid/app/src/main/java/com/seafile/seadroid2/ui/base/adapter/LoadMoreAdapter.kt:28:31 Only safe (?.) or non-null asserted (!!.) calls are allowed on a nullable receiver of type 'com.seafile.seadroid2.databinding.ViewLoadMoreBinding?'.
e: file:///Users/HONGBGU/Documents/seadroid/app/src/main/java/com/seafile/seadroid2/ui/base/adapter/LoadMoreAdapter.kt:29:31 Only safe (?.) or non-null asserted (!!.) calls are allowed on a nullable receiver of type 'com.seafile.seadroid2.databinding.ViewLoadMoreBinding?'.
e: file:///Users/HONGBGU/Documents/seadroid/app/src/main/java/com/seafile/seadroid2/ui/base/adapter/LoadMoreAdapter.kt:30:31 Only safe (?.) or non-null asserted (!!.) calls are allowed on a nullable receiver of type 'com.seafile.seadroid2.databinding.ViewLoadMoreBinding?'.
e: file:///Users/HONGBGU/Documents/seadroid/app/src/main/java/com/seafile/seadroid2/ui/base/adapter/LoadMoreAdapter.kt:32:31 Only safe (?.) or non-null asserted (!!.) calls are allowed on a nullable receiver of type 'com.seafile.seadroid2.databinding.ViewLoadMoreBinding?'.
e: file:///Users/HONGBGU/Documents/seadroid/app/src/main/java/com/seafile/seadroid2/ui/base/adapter/LoadMoreAdapter.kt:33:31 Only safe (?.) or non-null asserted (!!.) calls are allowed on a nullable receiver of type 'com.seafile.seadroid2.databinding.ViewLoadMoreBinding?'.
e: file:///Users/HONGBGU/Documents/seadroid/app/src/main/java/com/seafile/seadroid2/ui/base/adapter/LoadMoreAdapter.kt:34:31 Only safe (?.) or non-null asserted (!!.) calls are allowed on a nullable receiver of type 'com.seafile.seadroid2.databinding.ViewLoadMoreBinding?'.
e: file:///Users/HONGBGU/Documents/seadroid/app/src/main/java/com/seafile/seadroid2/ui/base/adapter/LoadMoreAdapter.kt:35:31 Only safe (?.) or non-null asserted (!!.) calls are allowed on a nullable receiver of type 'com.seafile.seadroid2.databinding.ViewLoadMoreBinding?'.
e: file:///Users/HONGBGU/Documents/seadroid/app/src/main/java/com/seafile/seadroid2/ui/base/adapter/LoadMoreAdapter.kt:37:31 Only safe (?.) or non-null asserted (!!.) calls are allowed on a nullable receiver of type 'com.seafile.seadroid2.databinding.ViewLoadMoreBinding?'.
e: file:///Users/HONGBGU/Documents/seadroid/app/src/main/java/com/seafile/seadroid2/ui/base/adapter/LoadMoreAdapter.kt:38:31 Only safe (?.) or non-null asserted (!!.) calls are allowed on a nullable receiver of type 'com.seafile.seadroid2.databinding.ViewLoadMoreBinding?'.
e: file:///Users/HONGBGU/Documents/seadroid/app/src/main/java/com/seafile/seadroid2/ui/base/adapter/LoadMoreAdapter.kt:39:31 Only safe (?.) or non-null asserted (!!.) calls are allowed on a nullable receiver of type 'com.seafile.seadroid2.databinding.ViewLoadMoreBinding?'.
e: file:///Users/HONGBGU/Documents/seadroid/app/src/main/java/com/seafile/seadroid2/ui/base/adapter/LoadMoreAdapter.kt:40:31 Only safe (?.) or non-null asserted (!!.) calls are allowed on a nullable receiver of type 'com.seafile.seadroid2.databinding.ViewLoadMoreBinding?'.
e: file:///Users/HONGBGU/Documents/seadroid/app/src/main/java/com/seafile/seadroid2/ui/base/adapter/LogicLoadMoreAdapter.kt:10:1 Class 'LogicLoadMoreAdapter' is not abstract and does not implement abstract base class member 'onBindViewHolder'.
e: file:///Users/HONGBGU/Documents/seadroid/app/src/main/java/com/seafile/seadroid2/ui/base/adapter/LogicLoadMoreAdapter.kt:10:55 Type argument is not within its bounds: should be subtype of 'androidx.recyclerview.widget.RecyclerView.ViewHolder'.
e: file:///Users/HONGBGU/Documents/seadroid/app/src/main/java/com/seafile/seadroid2/ui/base/adapter/LogicLoadMoreAdapter.kt:11:5 'onBindViewHolder' overrides nothing.
e: file:///Users/HONGBGU/Documents/seadroid/app/src/main/java/com/seafile/seadroid2/ui/base/adapter/LogicLoadMoreAdapter.kt:12:27 Only safe (?.) or non-null asserted (!!.) calls are allowed on a nullable receiver of type 'com.seafile.seadroid2.databinding.ViewLoadMoreBinding?'.
e: file:///Users/HONGBGU/Documents/seadroid/app/src/main/java/com/seafile/seadroid2/ui/base/adapter/LogicLoadMoreAdapter.kt:13:27 Only safe (?.) or non-null asserted (!!.) calls are allowed on a nullable receiver of type 'com.seafile.seadroid2.databinding.ViewLoadMoreBinding?'.
e: file:///Users/HONGBGU/Documents/seadroid/app/src/main/java/com/seafile/seadroid2/ui/base/adapter/LogicLoadMoreAdapter.kt:14:27 Only safe (?.) or non-null asserted (!!.) calls are allowed on a nullable receiver of type 'com.seafile.seadroid2.databinding.ViewLoadMoreBinding?'.
e: file:///Users/HONGBGU/Documents/seadroid/app/src/main/java/com/seafile/seadroid2/ui/base/adapter/LogicLoadMoreAdapter.kt:15:27 Only safe (?.) or non-null asserted (!!.) calls are allowed on a nullable receiver of type 'com.seafile.seadroid2.databinding.ViewLoadMoreBinding?'.
e: file:///Users/HONGBGU/Documents/seadroid/app/src/main/java/com/seafile/seadroid2/ui/base/fragment/BaseBottomSheetDialogFragmentWithVM.kt:7:61 Cannot import 'equals'. Functions and properties can only be imported from packages or objects.
e: file:///Users/HONGBGU/Documents/seadroid/app/src/main/java/com/seafile/seadroid2/ui/base/fragment/BaseBottomSheetDialogFragmentWithVM.kt:8:65 Cannot import 'equals'. Functions and properties can only be imported from packages or objects.
e: file:///Users/HONGBGU/Documents/seadroid/app/src/main/java/com/seafile/seadroid2/ui/base/fragment/BaseBottomSheetDialogFragmentWithVM.kt:29:39 None of the following candidates is applicable:
@MainThread() fun <T : ViewModel> get(modelClass: Class<T>): T
@MainThread() fun <T : ViewModel> get(modelClass: KClass<T>): T
e: file:///Users/HONGBGU/Documents/seadroid/app/src/main/java/com/seafile/seadroid2/ui/base/fragment/BaseDialogFragmentWithVM.kt:6:61 Cannot import 'equals'. Functions and properties can only be imported from packages or objects.
e: file:///Users/HONGBGU/Documents/seadroid/app/src/main/java/com/seafile/seadroid2/ui/base/fragment/BaseDialogFragmentWithVM.kt:7:65 Cannot import 'equals'. Functions and properties can only be imported from packages or objects.
e: file:///Users/HONGBGU/Documents/seadroid/app/src/main/java/com/seafile/seadroid2/ui/base/fragment/BaseDialogFragmentWithVM.kt:35:39 None of the following candidates is applicable:
@MainThread() fun <T : ViewModel> get(modelClass: Class<T>): T
@MainThread() fun <T : ViewModel> get(modelClass: KClass<T>): T
e: file:///Users/HONGBGU/Documents/seadroid/app/src/main/java/com/seafile/seadroid2/ui/base/fragment/BaseFragmentWithVM.kt:7:61 Cannot import 'equals'. Functions and properties can only be imported from packages or objects.
e: file:///Users/HONGBGU/Documents/seadroid/app/src/main/java/com/seafile/seadroid2/ui/base/fragment/BaseFragmentWithVM.kt:8:65 Cannot import 'equals'. Functions and properties can only be imported from packages or objects.
e: file:///Users/HONGBGU/Documents/seadroid/app/src/main/java/com/seafile/seadroid2/ui/base/fragment/BaseFragmentWithVM.kt:47:39 None of the following candidates is applicable:
@MainThread() fun <T : ViewModel> get(modelClass: Class<T>): T
@MainThread() fun <T : ViewModel> get(modelClass: KClass<T>): T
e: file:///Users/HONGBGU/Documents/seadroid/app/src/main/java/com/seafile/seadroid2/ui/base/fragment/RequestBottomSheetDialogFragmentWithVM.kt:205:17 Class '<anonymous>' is not abstract and does not implement abstract base class member 'onProgress'.
e: file:///Users/HONGBGU/Documents/seadroid/app/src/main/java/com/seafile/seadroid2/ui/base/fragment/RequestBottomSheetDialogFragmentWithVM.kt:216:21 'onProgress' overrides nothing.
e: file:///Users/HONGBGU/Documents/seadroid/app/src/main/java/com/seafile/seadroid2/ui/base/fragment/RequestBottomSheetDialogFragmentWithVM.kt:218:44 One type argument expected for interface 'MutableList'.
e: file:///Users/HONGBGU/Documents/seadroid/app/src/main/java/com/seafile/seadroid2/ui/base/fragment/RequestCustomDialogFragmentWithVM.kt:214:45 Class '<anonymous>' is not abstract and does not implement abstract member 'onSubscribe'.
e: file:///Users/HONGBGU/Documents/seadroid/app/src/main/java/com/seafile/seadroid2/ui/base/fragment/RequestCustomDialogFragmentWithVM.kt:215:9 'onSubscribe' overrides nothing.
e: file:///Users/HONGBGU/Documents/seadroid/app/src/main/java/com/seafile/seadroid2/ui/base/fragment/RequestCustomDialogFragmentWithVM.kt:219:9 'onNext' overrides nothing.
e: file:///Users/HONGBGU/Documents/seadroid/app/src/main/java/com/seafile/seadroid2/ui/base/fragment/RequestCustomDialogFragmentWithVM.kt:223:9 'onError' overrides nothing.
e: file:///Users/HONGBGU/Documents/seadroid/app/src/main/java/com/seafile/seadroid2/ui/bottomsheetmenu/ActionMenu.kt:59:13 Function 'public' exposes its 'internal' parameter type 'ActionMenuItem'.
e: file:///Users/HONGBGU/Documents/seadroid/app/src/main/java/com/seafile/seadroid2/ui/bottomsheetmenu/BottomSheetHelper.kt:12:48 Argument type mismatch: actual type is 'androidx.fragment.app.FragmentActivity?', but 'android.content.Context' was expected.
e: file:///Users/HONGBGU/Documents/seadroid/app/src/main/java/com/seafile/seadroid2/ui/bottomsheetmenu/BottomSheetMenuAdapter.kt:18:1 Class 'BottomSheetMenuAdapter' is not abstract and does not implement abstract base class member 'onBindViewHolder'.
e: file:///Users/HONGBGU/Documents/seadroid/app/src/main/java/com/seafile/seadroid2/ui/bottomsheetmenu/BottomSheetMenuAdapter.kt:34:5 'onBindViewHolder' overrides nothing.
e: file:///Users/HONGBGU/Documents/seadroid/app/src/main/java/com/seafile/seadroid2/ui/bottomsheetmenu/BottomSheetMenuFragment.kt:68:86 Type argument is not within its bounds: should be subtype of 'kotlin.Any'.
e: file:///Users/HONGBGU/Documents/seadroid/app/src/main/java/com/seafile/seadroid2/ui/bottomsheetmenu/BottomSheetMenuFragment.kt:70:52 Type argument is not within its bounds: should be subtype of 'kotlin.Any'.
e: file:///Users/HONGBGU/Documents/seadroid/app/src/main/java/com/seafile/seadroid2/ui/camera_upload/AlbumBackupAdapter.kt:47:53 Only safe (?.) or non-null asserted (!!.) calls are allowed on a nullable receiver of type 'com.seafile.seadroid2.framework.service.BackupThreadExecutor?'.
e: file:///Users/HONGBGU/Documents/seadroid/app/src/main/java/com/seafile/seadroid2/ui/camera_upload/AlbumBackupAdapter.kt:53:53 Only safe (?.) or non-null asserted (!!.) calls are allowed on a nullable receiver of type 'com.seafile.seadroid2.framework.service.BackupThreadExecutor?'.
e: file:///Users/HONGBGU/Documents/seadroid/app/src/main/java/com/seafile/seadroid2/ui/camera_upload/AlbumBackupAdapter.kt:66:58 Only safe (?.) or non-null asserted (!!.) calls are allowed on a nullable receiver of type 'com.seafile.seadroid2.account.SupportAccountManager?'.
e: file:///Users/HONGBGU/Documents/seadroid/app/src/main/java/com/seafile/seadroid2/ui/camera_upload/AlbumBackupAdapterBridge.kt:49:61 Only safe (?.) or non-null asserted (!!.) calls are allowed on a nullable receiver of type 'com.seafile.seadroid2.framework.service.BackupThreadExecutor?'.
e: file:///Users/HONGBGU/Documents/seadroid/app/src/main/java/com/seafile/seadroid2/ui/camera_upload/CameraUploadConfigActivity.kt:74:30 Argument type mismatch: actual type is 'com.seafile.seadroid2.ui.camera_upload.config_fragment.BucketsFragment', but 'androidx.fragment.app.Fragment?' was expected.
e: file:///Users/HONGBGU/Documents/seadroid/app/src/main/java/com/seafile/seadroid2/ui/camera_upload/CameraUploadConfigActivity.kt:78:30 Argument type mismatch: actual type is 'com.seafile.seadroid2.ui.camera_upload.config_fragment.BucketsFragment', but 'androidx.fragment.app.Fragment?' was expected.
e: file:///Users/HONGBGU/Documents/seadroid/app/src/main/java/com/seafile/seadroid2/ui/camera_upload/CameraUploadManager.kt:22:13 Unresolved reference 'Logs'.
e: file:///Users/HONGBGU/Documents/seadroid/app/src/main/java/com/seafile/seadroid2/ui/camera_upload/CameraUploadManager.kt:25:9 Unresolved reference 'Logs'.
e: file:///Users/HONGBGU/Documents/seadroid/app/src/main/java/com/seafile/seadroid2/ui/camera_upload/CameraUploadManager.kt:26:29 Unresolved reference 'Bundle'.
e: file:///Users/HONGBGU/Documents/seadroid/app/src/main/java/com/seafile/seadroid2/ui/camera_upload/CameraUploadManager.kt:26:38 Unresolved reference 'Bundle'.
e: file:///Users/HONGBGU/Documents/seadroid/app/src/main/java/com/seafile/seadroid2/ui/camera_upload/CameraUploadManager.kt:27:24 Unresolved reference 'putBoolean'.
e: file:///Users/HONGBGU/Documents/seadroid/app/src/main/java/com/seafile/seadroid2/ui/camera_upload/CameraUploadManager.kt:27:35 Unresolved reference 'ContentResolver'.
e: file:///Users/HONGBGU/Documents/seadroid/app/src/main/java/com/seafile/seadroid2/ui/camera_upload/CameraUploadManager.kt:28:24 Unresolved reference 'putBoolean'.
e: file:///Users/HONGBGU/Documents/seadroid/app/src/main/java/com/seafile/seadroid2/ui/camera_upload/CameraUploadManager.kt:28:35 Unresolved reference 'ContentResolver'.
e: file:///Users/HONGBGU/Documents/seadroid/app/src/main/java/com/seafile/seadroid2/ui/camera_upload/CameraUploadManager.kt:29:9 Unresolved reference 'ContentResolver'.
e: file:///Users/HONGBGU/Documents/seadroid/app/src/main/java/com/seafile/seadroid2/ui/camera_upload/CameraUploadManager.kt:33:9 Unresolved reference 'Logs'.
e: file:///Users/HONGBGU/Documents/seadroid/app/src/main/java/com/seafile/seadroid2/ui/camera_upload/CameraUploadManager.kt:35:16 Unresolved reference 'Bundle'.
e: file:///Users/HONGBGU/Documents/seadroid/app/src/main/java/com/seafile/seadroid2/ui/camera_upload/CameraUploadManager.kt:35:25 Unresolved reference 'Bundle'.
e: file:///Users/HONGBGU/Documents/seadroid/app/src/main/java/com/seafile/seadroid2/ui/camera_upload/CameraUploadManager.kt:36:11 Unresolved reference 'putBoolean'.
e: file:///Users/HONGBGU/Documents/seadroid/app/src/main/java/com/seafile/seadroid2/ui/camera_upload/CameraUploadManager.kt:36:22 Unresolved reference 'ContentResolver'.
e: file:///Users/HONGBGU/Documents/seadroid/app/src/main/java/com/seafile/seadroid2/ui/camera_upload/CameraUploadManager.kt:39:13 Unresolved reference 'ContentResolver'.
e: file:///Users/HONGBGU/Documents/seadroid/app/src/main/java/com/seafile/seadroid2/ui/camera_upload/CameraUploadManager.kt:60:13 Unresolved reference 'SupportAccountManager'.
e: file:///Users/HONGBGU/Documents/seadroid/app/src/main/java/com/seafile/seadroid2/ui/camera_upload/CameraUploadManager.kt:63:17 Unresolved reference 'ContentResolver'.
e: file:///Users/HONGBGU/Documents/seadroid/app/src/main/java/com/seafile/seadroid2/ui/camera_upload/CameraUploadManager.kt:76:13 Unresolved reference 'SupportAccountManager'.
e: file:///Users/HONGBGU/Documents/seadroid/app/src/main/java/com/seafile/seadroid2/ui/camera_upload/CameraUploadManager.kt:80:17 Unresolved reference 'ContentResolver'.
e: file:///Users/HONGBGU/Documents/seadroid/app/src/main/java/com/seafile/seadroid2/ui/camera_upload/CameraUploadManager.kt:81:17 Unresolved reference 'ContentResolver'.
e: file:///Users/HONGBGU/Documents/seadroid/app/src/main/java/com/seafile/seadroid2/ui/camera_upload/CameraUploadManager.kt:84:17 Unresolved reference 'ContentResolver'.
e: file:///Users/HONGBGU/Documents/seadroid/app/src/main/java/com/seafile/seadroid2/ui/camera_upload/CameraUploadManager.kt:85:17 Unresolved reference 'ContentResolver'.
e: file:///Users/HONGBGU/Documents/seadroid/app/src/main/java/com/seafile/seadroid2/ui/camera_upload/CameraUploadManager.kt:95:13 Unresolved reference 'SupportAccountManager'.
e: file:///Users/HONGBGU/Documents/seadroid/app/src/main/java/com/seafile/seadroid2/ui/camera_upload/CameraUploadManager.kt:97:13 Unresolved reference 'ContentResolver'.
e: file:///Users/HONGBGU/Documents/seadroid/app/src/main/java/com/seafile/seadroid2/ui/camera_upload/CameraUploadManager.kt:98:13 Unresolved reference 'ContentResolver'.
e: file:///Users/HONGBGU/Documents/seadroid/app/src/main/java/com/seafile/seadroid2/ui/camera_upload/CameraUploadManager.kt:101:9 Unresolved reference 'BackupThreadExecutor'.
e: file:///Users/HONGBGU/Documents/seadroid/app/src/main/java/com/seafile/seadroid2/ui/camera_upload/CameraUploadManager.kt:109:13 Unresolved reference 'SupportAccountManager'.
e: file:///Users/HONGBGU/Documents/seadroid/app/src/main/java/com/seafile/seadroid2/ui/camera_upload/CameraUploadManager.kt:112:17 Unresolved reference 'ContentResolver'.
e: file:///Users/HONGBGU/Documents/seadroid/app/src/main/java/com/seafile/seadroid2/ui/camera_upload/CameraUploadManager.kt:113:17 Unresolved reference 'ContentResolver'.
e: file:///Users/HONGBGU/Documents/seadroid/app/src/main/java/com/seafile/seadroid2/ui/camera_upload/GalleryBucketUtils.kt:60:42 Initializer type mismatch: expected 'kotlin.Array<kotlin.String?>', actual 'kotlin.Array<kotlin.String>'.
e: file:///Users/HONGBGU/Documents/seadroid/app/src/main/java/com/seafile/seadroid2/ui/camera_upload/GalleryBucketUtils.kt:60:42 Type mismatch: inferred type is 'kotlin.String?', but 'kotlin.String' was expected.
e: file:///Users/HONGBGU/Documents/seadroid/app/src/main/java/com/seafile/seadroid2/ui/camera_upload/GalleryBucketUtils.kt:130:42 Initializer type mismatch: expected 'kotlin.Array<kotlin.String?>', actual 'kotlin.Array<kotlin.String>'.
e: file:///Users/HONGBGU/Documents/seadroid/app/src/main/java/com/seafile/seadroid2/ui/camera_upload/GalleryBucketUtils.kt:130:42 Type mismatch: inferred type is 'kotlin.String?', but 'kotlin.String' was expected.
e: file:///Users/HONGBGU/Documents/seadroid/app/src/main/java/com/seafile/seadroid2/ui/camera_upload/GalleryBucketUtils.kt:198:42 Initializer type mismatch: expected 'kotlin.Array<kotlin.String?>', actual 'kotlin.Array<kotlin.String>'.
e: file:///Users/HONGBGU/Documents/seadroid/app/src/main/java/com/seafile/seadroid2/ui/camera_upload/GalleryBucketUtils.kt:198:42 Type mismatch: inferred type is 'kotlin.String?', but 'kotlin.String' was expected.
e: file:///Users/HONGBGU/Documents/seadroid/app/src/main/java/com/seafile/seadroid2/ui/camera_upload/GalleryBucketUtils.kt:255:42 Initializer type mismatch: expected 'kotlin.Array<kotlin.String?>', actual 'kotlin.Array<kotlin.String>'.
e: file:///Users/HONGBGU/Documents/seadroid/app/src/main/java/com/seafile/seadroid2/ui/camera_upload/GalleryBucketUtils.kt:255:82 Type mismatch: inferred type is 'kotlin.String?', but 'kotlin.String' was expected.
e: file:///Users/HONGBGU/Documents/seadroid/app/src/main/java/com/seafile/seadroid2/ui/camera_upload/GalleryBucketUtils.kt:260:16 Type mismatch: inferred type is 'kotlin.String?', but 'kotlin.String' was expected.
e: file:///Users/HONGBGU/Documents/seadroid/app/src/main/java/com/seafile/seadroid2/ui/camera_upload/StubContentProvider.kt:12:1 Class 'StubContentProvider' is not abstract and does not implement abstract base class member 'getType'.
e: file:///Users/HONGBGU/Documents/seadroid/app/src/main/java/com/seafile/seadroid2/ui/camera_upload/StubContentProvider.kt:24:5 'getType' overrides nothing.
e: file:///Users/HONGBGU/Documents/seadroid/app/src/main/java/com/seafile/seadroid2/ui/camera_upload/StubContentProvider.kt:32:5 'query' overrides nothing.
e: file:///Users/HONGBGU/Documents/seadroid/app/src/main/java/com/seafile/seadroid2/ui/camera_upload/StubContentProvider.kt:45:5 'insert' overrides nothing.
e: file:///Users/HONGBGU/Documents/seadroid/app/src/main/java/com/seafile/seadroid2/ui/camera_upload/StubContentProvider.kt:52:5 'delete' overrides nothing.
e: file:///Users/HONGBGU/Documents/seadroid/app/src/main/java/com/seafile/seadroid2/ui/camera_upload/StubContentProvider.kt:59:5 'update' overrides nothing.
e: file:///Users/HONGBGU/Documents/seadroid/app/src/main/java/com/seafile/seadroid2/ui/camera_upload/config_fragment/BucketsFragment.kt:13:25 Unresolved reference 'Fragment'.
e: file:///Users/HONGBGU/Documents/seadroid/app/src/main/java/com/seafile/seadroid2/ui/camera_upload/config_fragment/BucketsFragment.kt:14:30 Unresolved reference 'RadioGroup'.
e: file:///Users/HONGBGU/Documents/seadroid/app/src/main/java/com/seafile/seadroid2/ui/camera_upload/config_fragment/BucketsFragment.kt:16:36 Unresolved reference 'TranslateAnimation'.
e: file:///Users/HONGBGU/Documents/seadroid/app/src/main/java/com/seafile/seadroid2/ui/camera_upload/config_fragment/BucketsFragment.kt:17:37 Unresolved reference 'TranslateAnimation'.
e: file:///Users/HONGBGU/Documents/seadroid/app/src/main/java/com/seafile/seadroid2/ui/camera_upload/config_fragment/BucketsFragment.kt:18:28 Unresolved reference 'GridView'.
e: file:///Users/HONGBGU/Documents/seadroid/app/src/main/java/com/seafile/seadroid2/ui/camera_upload/config_fragment/BucketsFragment.kt:19:38 Unresolved reference 'GalleryBucketUtils'.
e: file:///Users/HONGBGU/Documents/seadroid/app/src/main/java/com/seafile/seadroid2/ui/camera_upload/config_fragment/BucketsFragment.kt:20:5 Property must be initialized or be abstract.
e: file:///Users/HONGBGU/Documents/seadroid/app/src/main/java/com/seafile/seadroid2/ui/camera_upload/config_fragment/BucketsFragment.kt:22:5 'onCreateView' overrides nothing.
e: file:///Users/HONGBGU/Documents/seadroid/app/src/main/java/com/seafile/seadroid2/ui/camera_upload/config_fragment/BucketsFragment.kt:23:19 Unresolved reference 'LayoutInflater'.
e: file:///Users/HONGBGU/Documents/seadroid/app/src/main/java/com/seafile/seadroid2/ui/camera_upload/config_fragment/BucketsFragment.kt:24:20 Unresolved reference 'ViewGroup'.
e: file:///Users/HONGBGU/Documents/seadroid/app/src/main/java/com/seafile/seadroid2/ui/camera_upload/config_fragment/BucketsFragment.kt:25:29 Unresolved reference 'Bundle'.
e: file:///Users/HONGBGU/Documents/seadroid/app/src/main/java/com/seafile/seadroid2/ui/camera_upload/config_fragment/BucketsFragment.kt:27:25 Unresolved reference 'inflate'.
e: file:///Users/HONGBGU/Documents/seadroid/app/src/main/java/com/seafile/seadroid2/ui/camera_upload/config_fragment/BucketsFragment.kt:27:33 Unresolved reference 'R'.
e: file:///Users/HONGBGU/Documents/seadroid/app/src/main/java/com/seafile/seadroid2/ui/camera_upload/config_fragment/BucketsFragment.kt:30:5 'onViewCreated' overrides nothing.
e: file:///Users/HONGBGU/Documents/seadroid/app/src/main/java/com/seafile/seadroid2/ui/camera_upload/config_fragment/BucketsFragment.kt:30:64 Unresolved reference 'Bundle'.
e: file:///Users/HONGBGU/Documents/seadroid/app/src/main/java/com/seafile/seadroid2/ui/camera_upload/config_fragment/BucketsFragment.kt:31:9 Unresolved reference 'Fragment'.
e: file:///Users/HONGBGU/Documents/seadroid/app/src/main/java/com/seafile/seadroid2/ui/camera_upload/config_fragment/BucketsFragment.kt:31:15 Unresolved reference 'onViewCreated'.
e: file:///Users/HONGBGU/Documents/seadroid/app/src/main/java/com/seafile/seadroid2/ui/camera_upload/config_fragment/BucketsFragment.kt:35:39 Unresolved reference 'GridView'.
e: file:///Users/HONGBGU/Documents/seadroid/app/src/main/java/com/seafile/seadroid2/ui/camera_upload/config_fragment/BucketsFragment.kt:35:49 Unresolved reference 'R'.
e: file:///Users/HONGBGU/Documents/seadroid/app/src/main/java/com/seafile/seadroid2/ui/camera_upload/config_fragment/BucketsFragment.kt:36:41 Unresolved reference 'RadioGroup'.
e: file:///Users/HONGBGU/Documents/seadroid/app/src/main/java/com/seafile/seadroid2/ui/camera_upload/config_fragment/BucketsFragment.kt:36:53 Unresolved reference 'R'.
e: file:///Users/HONGBGU/Documents/seadroid/app/src/main/java/com/seafile/seadroid2/ui/camera_upload/config_fragment/BucketsFragment.kt:38:13 Unresolved reference 'AlbumBackupSharePreferenceHelper'.
e: file:///Users/HONGBGU/Documents/seadroid/app/src/main/java/com/seafile/seadroid2/ui/camera_upload/config_fragment/BucketsFragment.kt:40:23 Unresolved reference 'setVisibility'.
e: file:///Users/HONGBGU/Documents/seadroid/app/src/main/java/com/seafile/seadroid2/ui/camera_upload/config_fragment/BucketsFragment.kt:41:23 Unresolved reference 'setEnabled'.
e: file:///Users/HONGBGU/Documents/seadroid/app/src/main/java/com/seafile/seadroid2/ui/camera_upload/config_fragment/BucketsFragment.kt:42:25 Unresolved reference 'check'.
e: file:///Users/HONGBGU/Documents/seadroid/app/src/main/java/com/seafile/seadroid2/ui/camera_upload/config_fragment/BucketsFragment.kt:42:31 Unresolved reference 'R'.
e: file:///Users/HONGBGU/Documents/seadroid/app/src/main/java/com/seafile/seadroid2/ui/camera_upload/config_fragment/BucketsFragment.kt:45:23 Unresolved reference 'setVisibility'.
e: file:///Users/HONGBGU/Documents/seadroid/app/src/main/java/com/seafile/seadroid2/ui/camera_upload/config_fragment/BucketsFragment.kt:46:23 Unresolved reference 'setEnabled'.
e: file:///Users/HONGBGU/Documents/seadroid/app/src/main/java/com/seafile/seadroid2/ui/camera_upload/config_fragment/BucketsFragment.kt:47:25 Unresolved reference 'check'.
e: file:///Users/HONGBGU/Documents/seadroid/app/src/main/java/com/seafile/seadroid2/ui/camera_upload/config_fragment/BucketsFragment.kt:47:31 Unresolved reference 'R'.
e: file:///Users/HONGBGU/Documents/seadroid/app/src/main/java/com/seafile/seadroid2/ui/camera_upload/config_fragment/BucketsFragment.kt:50:21 Unresolved reference 'setOnCheckedChangeListener'.
e: file:///Users/HONGBGU/Documents/seadroid/app/src/main/java/com/seafile/seadroid2/ui/camera_upload/config_fragment/BucketsFragment.kt:52:19 Unresolved reference 'GalleryBucketUtils'.
e: file:///Users/HONGBGU/Documents/seadroid/app/src/main/java/com/seafile/seadroid2/ui/camera_upload/config_fragment/BucketsFragment.kt:52:54 Unresolved reference 'SeadroidApplication'.
e: file:///Users/HONGBGU/Documents/seadroid/app/src/main/java/com/seafile/seadroid2/ui/camera_upload/config_fragment/BucketsFragment.kt:54:13 Unresolved reference 'Logs'.
e: file:///Users/HONGBGU/Documents/seadroid/app/src/main/java/com/seafile/seadroid2/ui/camera_upload/config_fragment/BucketsFragment.kt:55:13 Unresolved reference 'Toasts'.
e: file:///Users/HONGBGU/Documents/seadroid/app/src/main/java/com/seafile/seadroid2/ui/camera_upload/config_fragment/BucketsFragment.kt:55:25 Unresolved reference 'R'.
e: file:///Users/HONGBGU/Documents/seadroid/app/src/main/java/com/seafile/seadroid2/ui/camera_upload/config_fragment/BucketsFragment.kt:62:13 Unresolved reference 'AlbumBackupSharePreferenceHelper'.
e: file:///Users/HONGBGU/Documents/seadroid/app/src/main/java/com/seafile/seadroid2/ui/camera_upload/config_fragment/BucketsFragment.kt:64:20 Unresolved reference 'GalleryBucketUtils'.
e: file:///Users/HONGBGU/Documents/seadroid/app/src/main/java/com/seafile/seadroid2/ui/camera_upload/config_fragment/BucketsFragment.kt:66:46 Unresolved reference 'bucketId'.
e: file:///Users/HONGBGU/Documents/seadroid/app/src/main/java/com/seafile/seadroid2/ui/camera_upload/config_fragment/BucketsFragment.kt:67:41 Unresolved reference 'isCameraBucket'.
e: file:///Users/HONGBGU/Documents/seadroid/app/src/main/java/com/seafile/seadroid2/ui/camera_upload/config_fragment/BucketsFragment.kt:71:19 Unresolved reference 'setAdapter'.
e: file:///Users/HONGBGU/Documents/seadroid/app/src/main/java/com/seafile/seadroid2/ui/camera_upload/config_fragment/BucketsFragment.kt:75:29 Unresolved reference 'TranslateAnimation'.
e: file:///Users/HONGBGU/Documents/seadroid/app/src/main/java/com/seafile/seadroid2/ui/camera_upload/config_fragment/BucketsFragment.kt:76:13 Unresolved reference 'Animation'.
e: file:///Users/HONGBGU/Documents/seadroid/app/src/main/java/com/seafile/seadroid2/ui/camera_upload/config_fragment/BucketsFragment.kt:77:13 Unresolved reference 'Animation'.
e: file:///Users/HONGBGU/Documents/seadroid/app/src/main/java/com/seafile/seadroid2/ui/camera_upload/config_fragment/BucketsFragment.kt:78:13 Unresolved reference 'Animation'.
e: file:///Users/HONGBGU/Documents/seadroid/app/src/main/java/com/seafile/seadroid2/ui/camera_upload/config_fragment/BucketsFragment.kt:79:13 Unresolved reference 'Animation'.
e: file:///Users/HONGBGU/Documents/seadroid/app/src/main/java/com/seafile/seadroid2/ui/camera_upload/config_fragment/BucketsFragment.kt:82:27 Unresolved reference 'setDuration'.
e: file:///Users/HONGBGU/Documents/seadroid/app/src/main/java/com/seafile/seadroid2/ui/camera_upload/config_fragment/BucketsFragment.kt:83:27 Unresolved reference 'setInterpolator'.
e: file:///Users/HONGBGU/Documents/seadroid/app/src/main/java/com/seafile/seadroid2/ui/camera_upload/config_fragment/BucketsFragment.kt:83:43 Unresolved reference 'AccelerateDecelerateInterpolator'.
e: file:///Users/HONGBGU/Documents/seadroid/app/src/main/java/com/seafile/seadroid2/ui/camera_upload/config_fragment/BucketsFragment.kt:84:27 Unresolved reference 'setAnimationListener'.
e: file:///Users/HONGBGU/Documents/seadroid/app/src/main/java/com/seafile/seadroid2/ui/camera_upload/config_fragment/BucketsFragment.kt:86:30 Unresolved reference 'TranslateAnimation'.
e: file:///Users/HONGBGU/Documents/seadroid/app/src/main/java/com/seafile/seadroid2/ui/camera_upload/config_fragment/BucketsFragment.kt:87:13 Unresolved reference 'Animation'.
e: file:///Users/HONGBGU/Documents/seadroid/app/src/main/java/com/seafile/seadroid2/ui/camera_upload/config_fragment/BucketsFragment.kt:88:13 Unresolved reference 'Animation'.
e: file:///Users/HONGBGU/Documents/seadroid/app/src/main/java/com/seafile/seadroid2/ui/camera_upload/config_fragment/BucketsFragment.kt:89:13 Unresolved reference 'Animation'.
e: file:///Users/HONGBGU/Documents/seadroid/app/src/main/java/com/seafile/seadroid2/ui/camera_upload/config_fragment/BucketsFragment.kt:90:13 Unresolved reference 'Animation'.
e: file:///Users/HONGBGU/Documents/seadroid/app/src/main/java/com/seafile/seadroid2/ui/camera_upload/config_fragment/BucketsFragment.kt:92:28 Unresolved reference 'setDuration'.
e: file:///Users/HONGBGU/Documents/seadroid/app/src/main/java/com/seafile/seadroid2/ui/camera_upload/config_fragment/BucketsFragment.kt:93:28 Unresolved reference 'setInterpolator'.
e: file:///Users/HONGBGU/Documents/seadroid/app/src/main/java/com/seafile/seadroid2/ui/camera_upload/config_fragment/BucketsFragment.kt:93:44 Unresolved reference 'AccelerateDecelerateInterpolator'.
e: file:///Users/HONGBGU/Documents/seadroid/app/src/main/java/com/seafile/seadroid2/ui/camera_upload/config_fragment/BucketsFragment.kt:94:28 Unresolved reference 'setAnimationListener'.
e: file:///Users/HONGBGU/Documents/seadroid/app/src/main/java/com/seafile/seadroid2/ui/camera_upload/config_fragment/BucketsFragment.kt:100:42 Unresolved reference 'RadioGroup'.
e: file:///Users/HONGBGU/Documents/seadroid/app/src/main/java/com/seafile/seadroid2/ui/camera_upload/config_fragment/BucketsFragment.kt:101:18 Unresolved reference 'RadioGroup'.
e: file:///Users/HONGBGU/Documents/seadroid/app/src/main/java/com/seafile/seadroid2/ui/camera_upload/config_fragment/BucketsFragment.kt:102:13 'onCheckedChanged' overrides nothing.
e: file:///Users/HONGBGU/Documents/seadroid/app/src/main/java/com/seafile/seadroid2/ui/camera_upload/config_fragment/BucketsFragment.kt:102:55 Unresolved reference 'RadioGroup'.
e: file:///Users/HONGBGU/Documents/seadroid/app/src/main/java/com/seafile/seadroid2/ui/camera_upload/config_fragment/BucketsFragment.kt:103:38 Unresolved reference 'R'.
e: file:///Users/HONGBGU/Documents/seadroid/app/src/main/java/com/seafile/seadroid2/ui/camera_upload/config_fragment/BucketsFragment.kt:104:31 Unresolved reference 'startAnimation'.
e: file:///Users/HONGBGU/Documents/seadroid/app/src/main/java/com/seafile/seadroid2/ui/camera_upload/config_fragment/BucketsFragment.kt:105:31 Unresolved reference 'setEnabled'.
e: file:///Users/HONGBGU/Documents/seadroid/app/src/main/java/com/seafile/seadroid2/ui/camera_upload/config_fragment/BucketsFragment.kt:106:45 Unresolved reference 'R'.
e: file:///Users/HONGBGU/Documents/seadroid/app/src/main/java/com/seafile/seadroid2/ui/camera_upload/config_fragment/BucketsFragment.kt:107:31 Unresolved reference 'startAnimation'.
e: file:///Users/HONGBGU/Documents/seadroid/app/src/main/java/com/seafile/seadroid2/ui/camera_upload/config_fragment/BucketsFragment.kt:108:31 Unresolved reference 'setEnabled'.
e: file:///Users/HONGBGU/Documents/seadroid/app/src/main/java/com/seafile/seadroid2/ui/camera_upload/config_fragment/BucketsFragment.kt:114:28 Unresolved reference 'getCheckedRadioButtonId'.
e: file:///Users/HONGBGU/Documents/seadroid/app/src/main/java/com/seafile/seadroid2/ui/camera_upload/config_fragment/BucketsFragment.kt:114:57 Unresolved reference 'R'.
e: file:///Users/HONGBGU/Documents/seadroid/app/src/main/java/com/seafile/seadroid2/ui/camera_upload/config_fragment/BucketsFragment.kt:120:35 Unresolved reference 'Animation'.
e: file:///Users/HONGBGU/Documents/seadroid/app/src/main/java/com/seafile/seadroid2/ui/camera_upload/config_fragment/BucketsFragment.kt:121:18 Unresolved reference 'Animation'.
e: file:///Users/HONGBGU/Documents/seadroid/app/src/main/java/com/seafile/seadroid2/ui/camera_upload/config_fragment/BucketsFragment.kt:122:13 'onAnimationEnd' overrides nothing.
e: file:///Users/HONGBGU/Documents/seadroid/app/src/main/java/com/seafile/seadroid2/ui/camera_upload/config_fragment/BucketsFragment.kt:122:47 Unresolved reference 'Animation'.
e: file:///Users/HONGBGU/Documents/seadroid/app/src/main/java/com/seafile/seadroid2/ui/camera_upload/config_fragment/BucketsFragment.kt:123:27 Unresolved reference 'setVisibility'.
e: file:///Users/HONGBGU/Documents/seadroid/app/src/main/java/com/seafile/seadroid2/ui/camera_upload/config_fragment/BucketsFragment.kt:126:13 'onAnimationRepeat' overrides nothing.
e: file:///Users/HONGBGU/Documents/seadroid/app/src/main/java/com/seafile/seadroid2/ui/camera_upload/config_fragment/BucketsFragment.kt:126:50 Unresolved reference 'Animation'.
e: file:///Users/HONGBGU/Documents/seadroid/app/src/main/java/com/seafile/seadroid2/ui/camera_upload/config_fragment/BucketsFragment.kt:129:13 'onAnimationStart' overrides nothing.
e: file:///Users/HONGBGU/Documents/seadroid/app/src/main/java/com/seafile/seadroid2/ui/camera_upload/config_fragment/BucketsFragment.kt:129:49 Unresolved reference 'Animation'.
e: file:///Users/HONGBGU/Documents/seadroid/app/src/main/java/com/seafile/seadroid2/ui/camera_upload/config_fragment/BucketsFragment.kt:130:27 Unresolved reference 'setVisibility'.
e: file:///Users/HONGBGU/Documents/seadroid/app/src/main/java/com/seafile/seadroid2/ui/camera_upload/config_fragment/BucketsFragment.kt:137:34 Unresolved reference 'Animation'.
e: file:///Users/HONGBGU/Documents/seadroid/app/src/main/java/com/seafile/seadroid2/ui/camera_upload/config_fragment/BucketsFragment.kt:138:18 Unresolved reference 'Animation'.
e: file:///Users/HONGBGU/Documents/seadroid/app/src/main/java/com/seafile/seadroid2/ui/camera_upload/config_fragment/BucketsFragment.kt:139:13 'onAnimationEnd' overrides nothing.
e: file:///Users/HONGBGU/Documents/seadroid/app/src/main/java/com/seafile/seadroid2/ui/camera_upload/config_fragment/BucketsFragment.kt:139:47 Unresolved reference 'Animation'.
e: file:///Users/HONGBGU/Documents/seadroid/app/src/main/java/com/seafile/seadroid2/ui/camera_upload/config_fragment/BucketsFragment.kt:140:27 Unresolved reference 'setVisibility'.
e: file:///Users/HONGBGU/Documents/seadroid/app/src/main/java/com/seafile/seadroid2/ui/camera_upload/config_fragment/BucketsFragment.kt:143:13 'onAnimationRepeat' overrides nothing.
e: file:///Users/HONGBGU/Documents/seadroid/app/src/main/java/com/seafile/seadroid2/ui/camera_upload/config_fragment/BucketsFragment.kt:143:50 Unresolved reference 'Animation'.
e: file:///Users/HONGBGU/Documents/seadroid/app/src/main/java/com/seafile/seadroid2/ui/camera_upload/config_fragment/BucketsFragment.kt:146:13 'onAnimationStart' overrides nothing.
e: file:///Users/HONGBGU/Documents/seadroid/app/src/main/java/com/seafile/seadroid2/ui/camera_upload/config_fragment/BucketsFragment.kt:146:49 Unresolved reference 'Animation'.
e: file:///Users/HONGBGU/Documents/seadroid/app/src/main/java/com/seafile/seadroid2/ui/camera_upload/config_fragment/BucketsFragment.kt:147:27 Unresolved reference 'setVisibility'.
e: file:///Users/HONGBGU/Documents/seadroid/app/src/main/java/com/seafile/seadroid2/ui/camera_upload/config_fragment/BucketsFragment.kt:152:11 Class 'BucketsFragment.ImageAdapter' is not abstract and does not implement abstract member 'getView'.
e: file:///Users/HONGBGU/Documents/seadroid/app/src/main/java/com/seafile/seadroid2/ui/camera_upload/config_fragment/BucketsFragment.kt:153:32 Unresolved reference 'LayoutInflater'.
e: file:///Users/HONGBGU/Documents/seadroid/app/src/main/java/com/seafile/seadroid2/ui/camera_upload/config_fragment/BucketsFragment.kt:156:25 Unresolved reference 'LayoutInflater'.
e: file:///Users/HONGBGU/Documents/seadroid/app/src/main/java/com/seafile/seadroid2/ui/camera_upload/config_fragment/BucketsFragment.kt:156:45 Unresolved reference 'requireContext'.
e: file:///Users/HONGBGU/Documents/seadroid/app/src/main/java/com/seafile/seadroid2/ui/camera_upload/config_fragment/BucketsFragment.kt:171:9 'getView' overrides nothing.
e: file:///Users/HONGBGU/Documents/seadroid/app/src/main/java/com/seafile/seadroid2/ui/camera_upload/config_fragment/BucketsFragment.kt:171:73 Unresolved reference 'ViewGroup'.
e: file:///Users/HONGBGU/Documents/seadroid/app/src/main/java/com/seafile/seadroid2/ui/camera_upload/config_fragment/BucketsFragment.kt:176:41 Unresolved reference 'inflate'.
e: file:///Users/HONGBGU/Documents/seadroid/app/src/main/java/com/seafile/seadroid2/ui/camera_upload/config_fragment/BucketsFragment.kt:176:49 Unresolved reference 'R'.
e: file:///Users/HONGBGU/Documents/seadroid/app/src/main/java/com/seafile/seadroid2/ui/camera_upload/config_fragment/BucketsFragment.kt:178:59 Unresolved reference 'R'.
e: file:///Users/HONGBGU/Documents/seadroid/app/src/main/java/com/seafile/seadroid2/ui/camera_upload/config_fragment/BucketsFragment.kt:179:56 Unresolved reference 'TextView'.
e: file:///Users/HONGBGU/Documents/seadroid/app/src/main/java/com/seafile/seadroid2/ui/camera_upload/config_fragment/BucketsFragment.kt:179:66 Unresolved reference 'R'.
e: file:///Users/HONGBGU/Documents/seadroid/app/src/main/java/com/seafile/seadroid2/ui/camera_upload/config_fragment/BucketsFragment.kt:180:70 Unresolved reference 'R'.
e: file:///Users/HONGBGU/Documents/seadroid/app/src/main/java/com/seafile/seadroid2/ui/camera_upload/config_fragment/BucketsFragment.kt:187:25 Unresolved reference 'setText'.
e: file:///Users/HONGBGU/Documents/seadroid/app/src/main/java/com/seafile/seadroid2/ui/camera_upload/config_fragment/BucketsFragment.kt:187:57 Unresolved reference 'bucketName'.
e: file:///Users/HONGBGU/Documents/seadroid/app/src/main/java/com/seafile/seadroid2/ui/camera_upload/config_fragment/BucketsFragment.kt:192:85 Unresolved reference 'R'.
e: file:///Users/HONGBGU/Documents/seadroid/app/src/main/java/com/seafile/seadroid2/ui/camera_upload/config_fragment/BucketsFragment.kt:193:65 Unresolved reference 'R'.
e: file:///Users/HONGBGU/Documents/seadroid/app/src/main/java/com/seafile/seadroid2/ui/camera_upload/config_fragment/BucketsFragment.kt:197:22 Overload resolution ambiguity between candidates:
@NonNull() static fun with(@NonNull() context: Context): GlideRequests
@Deprecated(...) @NonNull() static fun with(@NonNull() activity: Activity): GlideRequests
@NonNull() static fun with(@NonNull() activity: FragmentActivity): GlideRequests
@NonNull() static fun with(@NonNull() fragment: Fragment): GlideRequests
@Deprecated(...) @NonNull() static fun with(@NonNull() fragment: Fragment): GlideRequests
@NonNull() static fun with(@NonNull() view: View): GlideRequests
e: file:///Users/HONGBGU/Documents/seadroid/app/src/main/java/com/seafile/seadroid2/ui/camera_upload/config_fragment/BucketsFragment.kt:197:27 Unresolved reference 'requireContext'.
e: file:///Users/HONGBGU/Documents/seadroid/app/src/main/java/com/seafile/seadroid2/ui/camera_upload/config_fragment/BucketsFragment.kt:197:45 Unresolved reference 'load'.
e: file:///Users/HONGBGU/Documents/seadroid/app/src/main/java/com/seafile/seadroid2/ui/camera_upload/config_fragment/BucketsFragment.kt:197:74 Unresolved reference 'uri'.
e: file:///Users/HONGBGU/Documents/seadroid/app/src/main/java/com/seafile/seadroid2/ui/camera_upload/config_fragment/BucketsFragment.kt:199:83 Unresolved reference 'R'.
e: file:///Users/HONGBGU/Documents/seadroid/app/src/main/java/com/seafile/seadroid2/ui/camera_upload/config_fragment/BucketsFragment.kt:200:57 Unresolved reference 'R'.
e: file:///Users/HONGBGU/Documents/seadroid/app/src/main/java/com/seafile/seadroid2/ui/camera_upload/config_fragment/BucketsFragment.kt:209:19 Unresolved reference 'TextView'.
e: file:///Users/HONGBGU/Documents/seadroid/app/src/main/java/com/seafile/seadroid2/ui/camera_upload/config_fragment/BucketsFragment.kt:215:13 Unresolved reference 'Toasts'.
e: file:///Users/HONGBGU/Documents/seadroid/app/src/main/java/com/seafile/seadroid2/ui/camera_upload/config_fragment/BucketsFragment.kt:215:25 Unresolved reference 'R'.
e: file:///Users/HONGBGU/Documents/seadroid/app/src/main/java/com/seafile/seadroid2/ui/camera_upload/config_fragment/BucketsFragment.kt:222:42 Unresolved reference 'bucketId'.
e: file:///Users/HONGBGU/Documents/seadroid/app/src/main/java/com/seafile/seadroid2/ui/comparator/DirentNaturalOrderComparator.kt:5:1 Class 'DirentNaturalOrderComparator' is not abstract and does not implement abstract base class member 'extractName'.
e: file:///Users/HONGBGU/Documents/seadroid/app/src/main/java/com/seafile/seadroid2/ui/comparator/DirentNaturalOrderComparator.kt:6:5 'extractName' overrides nothing.
e: file:///Users/HONGBGU/Documents/seadroid/app/src/main/java/com/seafile/seadroid2/ui/comparator/FileBeanNaturalOrderComparator.kt:5:1 Class 'FileBeanNaturalOrderComparator' is not abstract and does not implement abstract base class member 'extractName'.
e: file:///Users/HONGBGU/Documents/seadroid/app/src/main/java/com/seafile/seadroid2/ui/comparator/FileBeanNaturalOrderComparator.kt:6:5 'extractName' overrides nothing.
e: file:///Users/HONGBGU/Documents/seadroid/app/src/main/java/com/seafile/seadroid2/ui/comparator/FileNaturalOrderComparator.kt:5:1 Class 'FileNaturalOrderComparator' is not abstract and does not implement abstract base class member 'extractName'.
e: file:///Users/HONGBGU/Documents/seadroid/app/src/main/java/com/seafile/seadroid2/ui/comparator/FileNaturalOrderComparator.kt:6:5 'extractName' overrides nothing.
e: file:///Users/HONGBGU/Documents/seadroid/app/src/main/java/com/seafile/seadroid2/ui/comparator/RepoNaturalOrderComparator.kt:5:1 Class 'RepoNaturalOrderComparator' is not abstract and does not implement abstract base class member 'extractName'.
e: file:///Users/HONGBGU/Documents/seadroid/app/src/main/java/com/seafile/seadroid2/ui/comparator/RepoNaturalOrderComparator.kt:6:5 'extractName' overrides nothing.
e: file:///Users/HONGBGU/Documents/seadroid/app/src/main/java/com/seafile/seadroid2/ui/data_migrate/DataMigrationActivity.kt:81:13 Initializer type mismatch: expected 'kotlin.collections.MutableList<com.seafile.seadroid2.account.Account>', actual 'kotlin.collections.MutableList<android.accounts.Account>'.
e: file:///Users/HONGBGU/Documents/seadroid/app/src/main/java/com/seafile/seadroid2/ui/data_migrate/DataMigrationActivity.kt:81:58 Only safe (?.) or non-null asserted (!!.) calls are allowed on a nullable receiver of type 'com.seafile.seadroid2.account.SupportAccountManager?'.
e: file:///Users/HONGBGU/Documents/seadroid/app/src/main/java/com/seafile/seadroid2/ui/data_migrate/DataMigrationActivity.kt:111:13 Initializer type mismatch: expected 'kotlin.collections.MutableList<com.seafile.seadroid2.account.Account>', actual 'kotlin.collections.MutableList<android.accounts.Account>'.
e: file:///Users/HONGBGU/Documents/seadroid/app/src/main/java/com/seafile/seadroid2/ui/data_migrate/DataMigrationActivity.kt:111:58 Only safe (?.) or non-null asserted (!!.) calls are allowed on a nullable receiver of type 'com.seafile.seadroid2.account.SupportAccountManager?'.
e: file:///Users/HONGBGU/Documents/seadroid/app/src/main/java/com/seafile/seadroid2/ui/data_migrate/DataMigrationActivity.kt:121:55 Initializer type mismatch: expected 'retrofit2.Call<com.seafile.seadroid2.account.AccountInfo?>', actual 'retrofit2.Call<com.seafile.seadroid2.account.AccountInfo?>?'.
e: file:///Users/HONGBGU/Documents/seadroid/app/src/main/java/com/seafile/seadroid2/ui/data_migrate/DataMigrationActivity.kt:122:17 Only safe (?.) or non-null asserted (!!.) calls are allowed on a nullable receiver of type 'com.seafile.seadroid2.framework.http.HttpIO?'.
e: file:///Users/HONGBGU/Documents/seadroid/app/src/main/java/com/seafile/seadroid2/ui/data_migrate/DataMigrationActivity.kt:122:43 Argument type mismatch: actual type is 'java.lang.Class<com.seafile.seadroid2.ui.account.AccountService>', but 'java.lang.Class<T?>' was expected.
e: file:///Users/HONGBGU/Documents/seadroid/app/src/main/java/com/seafile/seadroid2/ui/data_migrate/DataMigrationActivity.kt:122:70 Only safe (?.) or non-null asserted (!!.) calls are allowed on a nullable receiver of type 'com.seafile.seadroid2.ui.account.AccountService?'.
e: file:///Users/HONGBGU/Documents/seadroid/app/src/main/java/com/seafile/seadroid2/ui/data_migrate/DataMigrationActivity.kt:130:25 Argument type mismatch: actual type is 'kotlin.String?', but 'kotlin.String' was expected.
e: file:///Users/HONGBGU/Documents/seadroid/app/src/main/java/com/seafile/seadroid2/ui/data_migrate/DataMigrationActivity.kt:132:66 Only safe (?.) or non-null asserted (!!.) calls are allowed on a nullable receiver of type 'com.seafile.seadroid2.account.SupportAccountManager?'.
e: file:///Users/HONGBGU/Documents/seadroid/app/src/main/java/com/seafile/seadroid2/ui/data_migrate/DataMigrationActivity.kt:143:21 Only safe (?.) or non-null asserted (!!.) calls are allowed on a nullable receiver of type 'com.seafile.seadroid2.framework.http.HttpIO?'.
e: file:///Users/HONGBGU/Documents/seadroid/app/src/main/java/com/seafile/seadroid2/ui/data_migrate/DataMigrationActivity.kt:143:44 Argument type mismatch: actual type is 'java.lang.Class<com.seafile.seadroid2.ui.repo.RepoService>', but 'java.lang.Class<T?>' was expected.
e: file:///Users/HONGBGU/Documents/seadroid/app/src/main/java/com/seafile/seadroid2/ui/data_migrate/DataMigrationActivity.kt:144:21 Only safe (?.) or non-null asserted (!!.) calls are allowed on a nullable receiver of type 'com.seafile.seadroid2.ui.repo.RepoService?'.
e: file:///Users/HONGBGU/Documents/seadroid/app/src/main/java/com/seafile/seadroid2/ui/data_migrate/DataMigrationActivity.kt:145:21 Only safe (?.) or non-null asserted (!!.) calls are allowed on a nullable receiver of type 'retrofit2.Call<com.seafile.seadroid2.framework.model.repo.RepoWrapperModel?>?'.
e: file:///Users/HONGBGU/Documents/seadroid/app/src/main/java/com/seafile/seadroid2/ui/data_migrate/DataMigrationActivity.kt:166:44 Only safe (?.) or non-null asserted (!!.) calls are allowed on a nullable receiver of type 'com.seafile.seadroid2.framework.db.AppDatabase?'.
e: file:///Users/HONGBGU/Documents/seadroid/app/src/main/java/com/seafile/seadroid2/ui/data_migrate/DataMigrationActivity.kt:166:54 Only safe (?.) or non-null asserted (!!.) calls are allowed on a nullable receiver of type 'com.seafile.seadroid2.framework.db.dao.RepoDAO?'.
e: file:///Users/HONGBGU/Documents/seadroid/app/src/main/java/com/seafile/seadroid2/ui/data_migrate/DataMigrationActivity.kt:166:69 Argument type mismatch: actual type is 'kotlin.collections.MutableList<com.seafile.seadroid2.framework.db.entities.RepoModel?>', but 'kotlin.collections.MutableList<com.seafile.seadroid2.framework.db.entities.RepoModel>' was expected.
e: file:///Users/HONGBGU/Documents/seadroid/app/src/main/java/com/seafile/seadroid2/ui/data_migrate/DataMigrationActivity.kt:210:13 Only safe (?.) or non-null asserted (!!.) calls are allowed on a nullable receiver of type 'com.seafile.seadroid2.framework.datastore.DataStoreManager?'.
e: file:///Users/HONGBGU/Documents/seadroid/app/src/main/java/com/seafile/seadroid2/ui/data_migrate/DataMigrationActivity.kt:217:13 Only safe (?.) or non-null asserted (!!.) calls are allowed on a nullable receiver of type 'com.seafile.seadroid2.framework.datastore.DataStoreManager?'.
e: file:///Users/HONGBGU/Documents/seadroid/app/src/main/java/com/seafile/seadroid2/ui/data_migrate/DataMigrationActivity.kt:224:13 Only safe (?.) or non-null asserted (!!.) calls are allowed on a nullable receiver of type 'com.seafile.seadroid2.framework.datastore.DataStoreManager?'.
e: file:///Users/HONGBGU/Documents/seadroid/app/src/main/java/com/seafile/seadroid2/ui/data_migrate/DataMigrationActivity.kt:319:46 Initializer type mismatch: expected 'com.seafile.seadroid2.ui.camera_upload.CameraUploadDBHelper', actual 'com.seafile.seadroid2.ui.camera_upload.CameraUploadDBHelper?'.
e: file:///Users/HONGBGU/Documents/seadroid/app/src/main/java/com/seafile/seadroid2/ui/data_migrate/DataMigrationActivity.kt:319:46 Type mismatch: inferred type is 'com.seafile.seadroid2.ui.camera_upload.CameraUploadDBHelper?', but 'com.seafile.seadroid2.ui.camera_upload.CameraUploadDBHelper' was expected.
e: file:///Users/HONGBGU/Documents/seadroid/app/src/main/java/com/seafile/seadroid2/ui/data_migrate/DataMigrationActivity.kt:407:44 Only safe (?.) or non-null asserted (!!.) calls are allowed on a nullable receiver of type 'com.seafile.seadroid2.framework.db.AppDatabase?'.
e: file:///Users/HONGBGU/Documents/seadroid/app/src/main/java/com/seafile/seadroid2/ui/data_migrate/DataMigrationActivity.kt:407:62 Only safe (?.) or non-null asserted (!!.) calls are allowed on a nullable receiver of type 'com.seafile.seadroid2.framework.db.dao.FileTransferDAO?'.
e: file:///Users/HONGBGU/Documents/seadroid/app/src/main/java/com/seafile/seadroid2/ui/data_migrate/DataMigrationActivity.kt:419:46 Initializer type mismatch: expected 'com.seafile.seadroid2.ui.folder_backup.FolderBackupDBHelper', actual 'com.seafile.seadroid2.ui.folder_backup.FolderBackupDBHelper?'.
e: file:///Users/HONGBGU/Documents/seadroid/app/src/main/java/com/seafile/seadroid2/ui/data_migrate/DataMigrationActivity.kt:419:46 Type mismatch: inferred type is 'com.seafile.seadroid2.ui.folder_backup.FolderBackupDBHelper?', but 'com.seafile.seadroid2.ui.folder_backup.FolderBackupDBHelper' was expected.
e: file:///Users/HONGBGU/Documents/seadroid/app/src/main/java/com/seafile/seadroid2/ui/data_migrate/DataMigrationActivity.kt:506:44 Only safe (?.) or non-null asserted (!!.) calls are allowed on a nullable receiver of type 'com.seafile.seadroid2.framework.db.AppDatabase?'.
e: file:///Users/HONGBGU/Documents/seadroid/app/src/main/java/com/seafile/seadroid2/ui/data_migrate/DataMigrationActivity.kt:506:62 Only safe (?.) or non-null asserted (!!.) calls are allowed on a nullable receiver of type 'com.seafile.seadroid2.framework.db.dao.FileTransferDAO?'.
e: file:///Users/HONGBGU/Documents/seadroid/app/src/main/java/com/seafile/seadroid2/ui/data_migrate/DataMigrationActivity.kt:513:46 Initializer type mismatch: expected 'com.seafile.seadroid2.ui.folder_backup.FolderBackupDBHelper', actual 'com.seafile.seadroid2.ui.folder_backup.FolderBackupDBHelper?'.
e: file:///Users/HONGBGU/Documents/seadroid/app/src/main/java/com/seafile/seadroid2/ui/data_migrate/DataMigrationActivity.kt:513:46 Type mismatch: inferred type is 'com.seafile.seadroid2.ui.folder_backup.FolderBackupDBHelper?', but 'com.seafile.seadroid2.ui.folder_backup.FolderBackupDBHelper' was expected.
e: file:///Users/HONGBGU/Documents/seadroid/app/src/main/java/com/seafile/seadroid2/ui/data_migrate/DataMigrationActivity.kt:578:62 Only safe (?.) or non-null asserted (!!.) calls are allowed on a nullable receiver of type 'com.seafile.seadroid2.account.SupportAccountManager?'.
e: file:///Users/HONGBGU/Documents/seadroid/app/src/main/java/com/seafile/seadroid2/ui/data_migrate/DataMigrationActivity.kt:582:21 Initializer type mismatch: expected 'kotlin.collections.MutableList<com.seafile.seadroid2.account.Account>', actual 'kotlin.collections.MutableList<android.accounts.Account>'.
e: file:///Users/HONGBGU/Documents/seadroid/app/src/main/java/com/seafile/seadroid2/ui/data_migrate/DataMigrationActivity.kt:582:66 Only safe (?.) or non-null asserted (!!.) calls are allowed on a nullable receiver of type 'com.seafile.seadroid2.account.SupportAccountManager?'.
e: file:///Users/HONGBGU/Documents/seadroid/app/src/main/java/com/seafile/seadroid2/ui/data_migrate/DataMigrationActivity.kt:590:92 Only safe (?.) or non-null asserted (!!.) calls are allowed on a nullable receiver of type 'kotlin.collections.MutableList<kotlin.String?>?'.
e: file:///Users/HONGBGU/Documents/seadroid/app/src/main/java/com/seafile/seadroid2/ui/data_migrate/DataMigrationActivity.kt:738:44 Only safe (?.) or non-null asserted (!!.) calls are allowed on a nullable receiver of type 'com.seafile.seadroid2.framework.db.AppDatabase?'.
e: file:///Users/HONGBGU/Documents/seadroid/app/src/main/java/com/seafile/seadroid2/ui/data_migrate/DataMigrationActivity.kt:738:62 Only safe (?.) or non-null asserted (!!.) calls are allowed on a nullable receiver of type 'com.seafile.seadroid2.framework.db.dao.FileTransferDAO?'.
e: file:///Users/HONGBGU/Documents/seadroid/app/src/main/java/com/seafile/seadroid2/ui/data_migrate/DataMigrationActivity.kt:947:44 Only safe (?.) or non-null asserted (!!.) calls are allowed on a nullable receiver of type 'com.seafile.seadroid2.framework.db.AppDatabase?'.
e: file:///Users/HONGBGU/Documents/seadroid/app/src/main/java/com/seafile/seadroid2/ui/data_migrate/DataMigrationActivity.kt:947:61 Only safe (?.) or non-null asserted (!!.) calls are allowed on a nullable receiver of type 'com.seafile.seadroid2.framework.db.dao.EncKeyCacheDAO?'.
e: file:///Users/HONGBGU/Documents/seadroid/app/src/main/java/com/seafile/seadroid2/ui/data_migrate/DataMigrationActivity.kt:955:39 Initializer type mismatch: expected 'com.seafile.seadroid2.ssl.CertsDBHelper', actual 'com.seafile.seadroid2.ssl.CertsDBHelper?'.
e: file:///Users/HONGBGU/Documents/seadroid/app/src/main/java/com/seafile/seadroid2/ui/data_migrate/DataMigrationActivity.kt:955:39 Type mismatch: inferred type is 'com.seafile.seadroid2.ssl.CertsDBHelper?', but 'com.seafile.seadroid2.ssl.CertsDBHelper' was expected.
e: file:///Users/HONGBGU/Documents/seadroid/app/src/main/java/com/seafile/seadroid2/ui/data_migrate/DataMigrationActivity.kt:1052:22 Class '<anonymous>' is not abstract and does not implement abstract member 'accept'.
e: file:///Users/HONGBGU/Documents/seadroid/app/src/main/java/com/seafile/seadroid2/ui/data_migrate/DataMigrationActivity.kt:1053:13 'accept' overrides nothing.
e: file:///Users/HONGBGU/Documents/seadroid/app/src/main/java/com/seafile/seadroid2/ui/data_migrate/DataMigrationActivity.kt:1059:13 Initializer type mismatch: expected 'io.reactivex.Completable', actual 'io.reactivex.Completable?'.
e: file:///Users/HONGBGU/Documents/seadroid/app/src/main/java/com/seafile/seadroid2/ui/data_migrate/DataMigrationActivity.kt:1059:48 Only safe (?.) or non-null asserted (!!.) calls are allowed on a nullable receiver of type 'com.seafile.seadroid2.framework.db.AppDatabase?'.
e: file:///Users/HONGBGU/Documents/seadroid/app/src/main/java/com/seafile/seadroid2/ui/data_migrate/DataMigrationActivity.kt:1059:73 Only safe (?.) or non-null asserted (!!.) calls are allowed on a nullable receiver of type 'com.seafile.seadroid2.framework.db.dao.FolderBackupMonitorDAO?'.
e: file:///Users/HONGBGU/Documents/seadroid/app/src/main/java/com/seafile/seadroid2/ui/data_migrate/DataMigrationActivity.kt:1059:84 Argument type mismatch: actual type is 'kotlin.collections.MutableList<com.seafile.seadroid2.framework.db.entities.FolderBackupMonitorEntity?>', but 'kotlin.collections.MutableList<com.seafile.seadroid2.framework.db.entities.FolderBackupMonitorEntity>' was expected.
e: file:///Users/HONGBGU/Documents/seadroid/app/src/main/java/com/seafile/seadroid2/ui/data_migrate/DataMigrationV303Activity.kt:35:13 Initializer type mismatch: expected 'kotlin.collections.MutableList<com.seafile.seadroid2.account.Account?>', actual 'kotlin.collections.MutableList<android.accounts.Account>'.
e: file:///Users/HONGBGU/Documents/seadroid/app/src/main/java/com/seafile/seadroid2/ui/data_migrate/DataMigrationV303Activity.kt:35:58 Only safe (?.) or non-null asserted (!!.) calls are allowed on a nullable receiver of type 'com.seafile.seadroid2.account.SupportAccountManager?'.
e: file:///Users/HONGBGU/Documents/seadroid/app/src/main/java/com/seafile/seadroid2/ui/data_migrate/DataMigrationV303Activity.kt:76:17 Only safe (?.) or non-null asserted (!!.) calls are allowed on a nullable receiver of type 'com.seafile.seadroid2.framework.datastore.DataStoreManager?'.
e: file:///Users/HONGBGU/Documents/seadroid/app/src/main/java/com/seafile/seadroid2/ui/dialog/SslConfirmDialog.kt:62:49 Only safe (?.) or non-null asserted (!!.) calls are allowed on a nullable receiver of type 'com.seafile.seadroid2.ssl.SSLTrustManager?'.
e: file:///Users/HONGBGU/Documents/seadroid/app/src/main/java/com/seafile/seadroid2/ui/dialog/SslConfirmDialog.kt:65:56 Only safe (?.) or non-null asserted (!!.) calls are allowed on a nullable receiver of type 'com.seafile.seadroid2.ssl.SSLTrustManager?'.
e: file:///Users/HONGBGU/Documents/seadroid/app/src/main/java/com/seafile/seadroid2/ui/dialog/SslConfirmDialog.kt:188:5 'onCancel' overrides nothing.
e: file:///Users/HONGBGU/Documents/seadroid/app/src/main/java/com/seafile/seadroid2/ui/dialog_fragment/BottomSheetNewDirFileDialogFragment.kt:43:68 Only safe (?.) or non-null asserted (!!.) calls are allowed on a nullable receiver of type 'com.seafile.seadroid2.account.SupportAccountManager?'.
e: file:///Users/HONGBGU/Documents/seadroid/app/src/main/java/com/seafile/seadroid2/ui/dialog_fragment/BottomSheetNewDirFileDialogFragment.kt:103:14 Unresolved reference 'observe'.
e: file:///Users/HONGBGU/Documents/seadroid/app/src/main/java/com/seafile/seadroid2/ui/dialog_fragment/BottomSheetNewDirFileDialogFragment.kt:103:28 Class '<anonymous>' is not abstract and does not implement abstract member 'onChanged'.
e: file:///Users/HONGBGU/Documents/seadroid/app/src/main/java/com/seafile/seadroid2/ui/dialog_fragment/BottomSheetNewDirFileDialogFragment.kt:104:17 'onChanged' overrides nothing.
e: file:///Users/HONGBGU/Documents/seadroid/app/src/main/java/com/seafile/seadroid2/ui/dialog_fragment/BottomSheetNewDirFileDialogFragment.kt:114:67 Class '<anonymous>' is not abstract and does not implement abstract member 'onChanged'.
e: file:///Users/HONGBGU/Documents/seadroid/app/src/main/java/com/seafile/seadroid2/ui/dialog_fragment/BottomSheetNewDirFileDialogFragment.kt:115:17 'onChanged' overrides nothing.
e: file:///Users/HONGBGU/Documents/seadroid/app/src/main/java/com/seafile/seadroid2/ui/dialog_fragment/BottomSheetNewDirFileDialogFragment.kt:132:32 Class '<anonymous>' is not abstract and does not implement abstract member 'onChanged'.
e: file:///Users/HONGBGU/Documents/seadroid/app/src/main/java/com/seafile/seadroid2/ui/dialog_fragment/BottomSheetNewDirFileDialogFragment.kt:133:21 'onChanged' overrides nothing.
e: file:///Users/HONGBGU/Documents/seadroid/app/src/main/java/com/seafile/seadroid2/ui/dialog_fragment/BottomSheetNewDirFileDialogFragment.kt:152:14 Unresolved reference 'observe'.
e: file:///Users/HONGBGU/Documents/seadroid/app/src/main/java/com/seafile/seadroid2/ui/dialog_fragment/BottomSheetNewRepoDialogFragment.kt:37:5 'initView' overrides nothing.
e: file:///Users/HONGBGU/Documents/seadroid/app/src/main/java/com/seafile/seadroid2/ui/dialog_fragment/BottomSheetNewRepoDialogFragment.kt:109:14 Unresolved reference 'observe'.
e: file:///Users/HONGBGU/Documents/seadroid/app/src/main/java/com/seafile/seadroid2/ui/dialog_fragment/BottomSheetNewRepoDialogFragment.kt:109:28 Class '<anonymous>' is not abstract and does not implement abstract member 'onChanged'.
e: file:///Users/HONGBGU/Documents/seadroid/app/src/main/java/com/seafile/seadroid2/ui/dialog_fragment/BottomSheetNewRepoDialogFragment.kt:110:17 'onChanged' overrides nothing.
e: file:///Users/HONGBGU/Documents/seadroid/app/src/main/java/com/seafile/seadroid2/ui/dialog_fragment/BottomSheetNewRepoDialogFragment.kt:130:14 Unresolved reference 'observe'.
e: file:///Users/HONGBGU/Documents/seadroid/app/src/main/java/com/seafile/seadroid2/ui/dialog_fragment/BottomSheetPasswordDialogFragment.kt:47:72 Only safe (?.) or non-null asserted (!!.) calls are allowed on a nullable receiver of type 'com.seafile.seadroid2.account.SupportAccountManager?'.
e: file:///Users/HONGBGU/Documents/seadroid/app/src/main/java/com/seafile/seadroid2/ui/dialog_fragment/BottomSheetPasswordDialogFragment.kt:118:36 Argument type mismatch: actual type is 'com.seafile.seadroid2.account.Account?', but 'com.seafile.seadroid2.account.Account' was expected.
e: file:///Users/HONGBGU/Documents/seadroid/app/src/main/java/com/seafile/seadroid2/ui/dialog_fragment/BottomSheetPasswordDialogFragment.kt:125:14 Unresolved reference 'observe'.
e: file:///Users/HONGBGU/Documents/seadroid/app/src/main/java/com/seafile/seadroid2/ui/dialog_fragment/BottomSheetPasswordDialogFragment.kt:134:28 Class '<anonymous>' is not abstract and does not implement abstract member 'onChanged'.
e: file:///Users/HONGBGU/Documents/seadroid/app/src/main/java/com/seafile/seadroid2/ui/dialog_fragment/BottomSheetPasswordDialogFragment.kt:135:17 'onChanged' overrides nothing.
e: file:///Users/HONGBGU/Documents/seadroid/app/src/main/java/com/seafile/seadroid2/ui/dialog_fragment/BottomSheetPasswordDialogFragment.kt:148:47 Unresolved reference 'observe'.
e: file:///Users/HONGBGU/Documents/seadroid/app/src/main/java/com/seafile/seadroid2/ui/dialog_fragment/BottomSheetPasswordDialogFragment.kt:148:61 Class '<anonymous>' is not abstract and does not implement abstract member 'onChanged'.
e: file:///Users/HONGBGU/Documents/seadroid/app/src/main/java/com/seafile/seadroid2/ui/dialog_fragment/BottomSheetPasswordDialogFragment.kt:149:13 'onChanged' overrides nothing.
e: file:///Users/HONGBGU/Documents/seadroid/app/src/main/java/com/seafile/seadroid2/ui/dialog_fragment/BottomSheetRenameDialogFragment.kt:93:78 Only safe (?.) or non-null asserted (!!.) calls are allowed on a nullable receiver of type 'com.seafile.seadroid2.account.SupportAccountManager?'.
e: file:///Users/HONGBGU/Documents/seadroid/app/src/main/java/com/seafile/seadroid2/ui/dialog_fragment/BottomSheetRenameDialogFragment.kt:97:67 Argument type mismatch: actual type is 'kotlin.String?', but 'kotlin.String' was expected.
e: file:///Users/HONGBGU/Documents/seadroid/app/src/main/java/com/seafile/seadroid2/ui/dialog_fragment/BottomSheetRenameDialogFragment.kt:99:41 Argument type mismatch: actual type is 'com.seafile.seadroid2.account.Account?', but 'com.seafile.seadroid2.account.Account' was expected.
e: file:///Users/HONGBGU/Documents/seadroid/app/src/main/java/com/seafile/seadroid2/ui/dialog_fragment/BottomSheetRenameDialogFragment.kt:99:68 Argument type mismatch: actual type is 'kotlin.String?', but 'kotlin.String' was expected.
e: file:///Users/HONGBGU/Documents/seadroid/app/src/main/java/com/seafile/seadroid2/ui/dialog_fragment/BottomSheetRenameDialogFragment.kt:99:77 Argument type mismatch: actual type is 'kotlin.String?', but 'kotlin.String' was expected.
e: file:///Users/HONGBGU/Documents/seadroid/app/src/main/java/com/seafile/seadroid2/ui/dialog_fragment/BottomSheetRenameDialogFragment.kt:132:14 Unresolved reference 'observe'.
e: file:///Users/HONGBGU/Documents/seadroid/app/src/main/java/com/seafile/seadroid2/ui/dialog_fragment/BottomSheetRenameDialogFragment.kt:150:47 Unresolved reference 'observe'.
e: file:///Users/HONGBGU/Documents/seadroid/app/src/main/java/com/seafile/seadroid2/ui/dialog_fragment/BottomSheetRenameDialogFragment.kt:150:61 Class '<anonymous>' is not abstract and does not implement abstract member 'onChanged'.
e: file:///Users/HONGBGU/Documents/seadroid/app/src/main/java/com/seafile/seadroid2/ui/dialog_fragment/BottomSheetRenameDialogFragment.kt:151:13 'onChanged' overrides nothing.
e: file:///Users/HONGBGU/Documents/seadroid/app/src/main/java/com/seafile/seadroid2/ui/dialog_fragment/ClearCacheDialogFragment.kt:11:68 Type argument is not within its bounds: should be subtype of 'com.seafile.seadroid2.baseviewmodel.BaseViewModel?'.
e: file:///Users/HONGBGU/Documents/seadroid/app/src/main/java/com/seafile/seadroid2/ui/dialog_fragment/ClearCacheDialogFragment.kt:17:32 Class '<anonymous>' is not abstract and does not implement abstract member 'accept'.
e: file:///Users/HONGBGU/Documents/seadroid/app/src/main/java/com/seafile/seadroid2/ui/dialog_fragment/ClearCacheDialogFragment.kt:19:13 'accept' overrides nothing.
e: file:///Users/HONGBGU/Documents/seadroid/app/src/main/java/com/seafile/seadroid2/ui/dialog_fragment/ClearCacheDialogFragment.kt:32:5 'initView' overrides nothing.
e: file:///Users/HONGBGU/Documents/seadroid/app/src/main/java/com/seafile/seadroid2/ui/dialog_fragment/ClearPasswordDialogFragment.kt:23:78 Only safe (?.) or non-null asserted (!!.) calls are allowed on a nullable receiver of type 'com.seafile.seadroid2.account.SupportAccountManager?'.
e: file:///Users/HONGBGU/Documents/seadroid/app/src/main/java/com/seafile/seadroid2/ui/dialog_fragment/ClearPasswordDialogFragment.kt:24:32 Argument type mismatch: actual type is 'com.seafile.seadroid2.account.Account?', but 'com.seafile.seadroid2.account.Account' was expected.
e: file:///Users/HONGBGU/Documents/seadroid/app/src/main/java/com/seafile/seadroid2/ui/dialog_fragment/ClearPasswordDialogFragment.kt:33:5 'initView' overrides nothing.
e: file:///Users/HONGBGU/Documents/seadroid/app/src/main/java/com/seafile/seadroid2/ui/dialog_fragment/CopyMoveDialogFragment.kt:46:5 'initView' overrides nothing.
e: file:///Users/HONGBGU/Documents/seadroid/app/src/main/java/com/seafile/seadroid2/ui/dialog_fragment/CopyMoveDialogFragment.kt:96:78 Only safe (?.) or non-null asserted (!!.) calls are allowed on a nullable receiver of type 'com.seafile.seadroid2.account.SupportAccountManager?'.
e: file:///Users/HONGBGU/Documents/seadroid/app/src/main/java/com/seafile/seadroid2/ui/dialog_fragment/CopyMoveDialogFragment.kt:110:17 Argument type mismatch: actual type is 'com.seafile.seadroid2.account.Account?', but 'com.seafile.seadroid2.account.Account' was expected.
e: file:///Users/HONGBGU/Documents/seadroid/app/src/main/java/com/seafile/seadroid2/ui/dialog_fragment/CopyMoveDialogFragment.kt:117:17 Argument type mismatch: actual type is 'kotlin.collections.MutableList<com.seafile.seadroid2.framework.db.entities.DirentModel?>?', but 'kotlin.collections.MutableList<com.seafile.seadroid2.framework.db.entities.DirentModel>?' was expected.
e: file:///Users/HONGBGU/Documents/seadroid/app/src/main/java/com/seafile/seadroid2/ui/dialog_fragment/CopyMoveDialogFragment.kt:126:14 Unresolved reference 'observe'.
e: file:///Users/HONGBGU/Documents/seadroid/app/src/main/java/com/seafile/seadroid2/ui/dialog_fragment/CopyMoveDialogFragment.kt:139:14 Unresolved reference 'observe'.
e: file:///Users/HONGBGU/Documents/seadroid/app/src/main/java/com/seafile/seadroid2/ui/dialog_fragment/DeleteFileDialogFragment.kt:52:14 Unresolved reference 'observe'.
e: file:///Users/HONGBGU/Documents/seadroid/app/src/main/java/com/seafile/seadroid2/ui/dialog_fragment/DeleteFileDialogFragment.kt:55:14 Unresolved reference 'observe'.
e: file:///Users/HONGBGU/Documents/seadroid/app/src/main/java/com/seafile/seadroid2/ui/dialog_fragment/DeleteFileDialogFragment.kt:55:28 Class '<anonymous>' is not abstract and does not implement abstract member 'onChanged'.
e: file:///Users/HONGBGU/Documents/seadroid/app/src/main/java/com/seafile/seadroid2/ui/dialog_fragment/DeleteFileDialogFragment.kt:56:17 'onChanged' overrides nothing.
e: file:///Users/HONGBGU/Documents/seadroid/app/src/main/java/com/seafile/seadroid2/ui/dialog_fragment/DeleteFileDialogFragment.kt:76:5 'initView' overrides nothing.
e: file:///Users/HONGBGU/Documents/seadroid/app/src/main/java/com/seafile/seadroid2/ui/dialog_fragment/DeleteRepoDialogFragment.kt:49:14 Unresolved reference 'observe'.
e: file:///Users/HONGBGU/Documents/seadroid/app/src/main/java/com/seafile/seadroid2/ui/dialog_fragment/DeleteRepoDialogFragment.kt:49:28 Class '<anonymous>' is not abstract and does not implement abstract member 'onChanged'.
e: file:///Users/HONGBGU/Documents/seadroid/app/src/main/java/com/seafile/seadroid2/ui/dialog_fragment/DeleteRepoDialogFragment.kt:50:17 'onChanged' overrides nothing.
e: file:///Users/HONGBGU/Documents/seadroid/app/src/main/java/com/seafile/seadroid2/ui/dialog_fragment/DeleteRepoDialogFragment.kt:66:14 Unresolved reference 'observe'.
e: file:///Users/HONGBGU/Documents/seadroid/app/src/main/java/com/seafile/seadroid2/ui/dialog_fragment/DeleteRepoDialogFragment.kt:69:5 'initView' overrides nothing.
e: file:///Users/HONGBGU/Documents/seadroid/app/src/main/java/com/seafile/seadroid2/ui/dialog_fragment/GetShareLinkPasswordDialogFragment.kt:106:36 Class '<anonymous>' is not abstract and does not implement abstract member 'callback'.
e: file:///Users/HONGBGU/Documents/seadroid/app/src/main/java/com/seafile/seadroid2/ui/dialog_fragment/GetShareLinkPasswordDialogFragment.kt:107:25 'callback' overrides nothing.
e: file:///Users/HONGBGU/Documents/seadroid/app/src/main/java/com/seafile/seadroid2/ui/dialog_fragment/GetShareLinkPasswordDialogFragment.kt:143:14 Unresolved reference 'observe'.
e: file:///Users/HONGBGU/Documents/seadroid/app/src/main/java/com/seafile/seadroid2/ui/dialog_fragment/GetShareLinkPasswordDialogFragment.kt:145:53 Unresolved reference 'observe'.
e: file:///Users/HONGBGU/Documents/seadroid/app/src/main/java/com/seafile/seadroid2/ui/dialog_fragment/NewDirFileDialogFragment.kt:74:14 Unresolved reference 'observe'.
e: file:///Users/HONGBGU/Documents/seadroid/app/src/main/java/com/seafile/seadroid2/ui/dialog_fragment/NewDirFileDialogFragment.kt:74:28 Class '<anonymous>' is not abstract and does not implement abstract member 'onChanged'.
e: file:///Users/HONGBGU/Documents/seadroid/app/src/main/java/com/seafile/seadroid2/ui/dialog_fragment/NewDirFileDialogFragment.kt:75:17 'onChanged' overrides nothing.
e: file:///Users/HONGBGU/Documents/seadroid/app/src/main/java/com/seafile/seadroid2/ui/dialog_fragment/NewDirFileDialogFragment.kt:85:67 Class '<anonymous>' is not abstract and does not implement abstract member 'onChanged'.
e: file:///Users/HONGBGU/Documents/seadroid/app/src/main/java/com/seafile/seadroid2/ui/dialog_fragment/NewDirFileDialogFragment.kt:86:17 'onChanged' overrides nothing.
e: file:///Users/HONGBGU/Documents/seadroid/app/src/main/java/com/seafile/seadroid2/ui/dialog_fragment/NewDirFileDialogFragment.kt:103:32 Class '<anonymous>' is not abstract and does not implement abstract member 'onChanged'.
e: file:///Users/HONGBGU/Documents/seadroid/app/src/main/java/com/seafile/seadroid2/ui/dialog_fragment/NewDirFileDialogFragment.kt:104:21 'onChanged' overrides nothing.
e: file:///Users/HONGBGU/Documents/seadroid/app/src/main/java/com/seafile/seadroid2/ui/dialog_fragment/NewDirFileDialogFragment.kt:123:14 Unresolved reference 'observe'.
e: file:///Users/HONGBGU/Documents/seadroid/app/src/main/java/com/seafile/seadroid2/ui/dialog_fragment/NewRepoDialogFragment.kt:59:14 Unresolved reference 'observe'.
e: file:///Users/HONGBGU/Documents/seadroid/app/src/main/java/com/seafile/seadroid2/ui/dialog_fragment/NewRepoDialogFragment.kt:59:28 Class '<anonymous>' is not abstract and does not implement abstract member 'onChanged'.
e: file:///Users/HONGBGU/Documents/seadroid/app/src/main/java/com/seafile/seadroid2/ui/dialog_fragment/NewRepoDialogFragment.kt:60:17 'onChanged' overrides nothing.
e: file:///Users/HONGBGU/Documents/seadroid/app/src/main/java/com/seafile/seadroid2/ui/dialog_fragment/NewRepoDialogFragment.kt:79:14 Unresolved reference 'observe'.
e: file:///Users/HONGBGU/Documents/seadroid/app/src/main/java/com/seafile/seadroid2/ui/dialog_fragment/PasswordDialogFragment.kt:44:72 Only safe (?.) or non-null asserted (!!.) calls are allowed on a nullable receiver of type 'com.seafile.seadroid2.account.SupportAccountManager?'.
e: file:///Users/HONGBGU/Documents/seadroid/app/src/main/java/com/seafile/seadroid2/ui/dialog_fragment/PasswordDialogFragment.kt:80:36 Argument type mismatch: actual type is 'com.seafile.seadroid2.account.Account?', but 'com.seafile.seadroid2.account.Account' was expected.
e: file:///Users/HONGBGU/Documents/seadroid/app/src/main/java/com/seafile/seadroid2/ui/dialog_fragment/PasswordDialogFragment.kt:108:14 Unresolved reference 'observe'.
e: file:///Users/HONGBGU/Documents/seadroid/app/src/main/java/com/seafile/seadroid2/ui/dialog_fragment/PasswordDialogFragment.kt:108:28 Class '<anonymous>' is not abstract and does not implement abstract member 'onChanged'.
e: file:///Users/HONGBGU/Documents/seadroid/app/src/main/java/com/seafile/seadroid2/ui/dialog_fragment/PasswordDialogFragment.kt:109:17 'onChanged' overrides nothing.
e: file:///Users/HONGBGU/Documents/seadroid/app/src/main/java/com/seafile/seadroid2/ui/dialog_fragment/PasswordDialogFragment.kt:115:28 Class '<anonymous>' is not abstract and does not implement abstract member 'onChanged'.
e: file:///Users/HONGBGU/Documents/seadroid/app/src/main/java/com/seafile/seadroid2/ui/dialog_fragment/PasswordDialogFragment.kt:116:17 'onChanged' overrides nothing.
e: file:///Users/HONGBGU/Documents/seadroid/app/src/main/java/com/seafile/seadroid2/ui/dialog_fragment/PasswordDialogFragment.kt:129:47 Unresolved reference 'observe'.
e: file:///Users/HONGBGU/Documents/seadroid/app/src/main/java/com/seafile/seadroid2/ui/dialog_fragment/PasswordDialogFragment.kt:129:61 Class '<anonymous>' is not abstract and does not implement abstract member 'onChanged'.
e: file:///Users/HONGBGU/Documents/seadroid/app/src/main/java/com/seafile/seadroid2/ui/dialog_fragment/PasswordDialogFragment.kt:130:13 'onChanged' overrides nothing.
e: file:///Users/HONGBGU/Documents/seadroid/app/src/main/java/com/seafile/seadroid2/ui/dialog_fragment/PolicyDialogFragment.kt:58:21 Class '<anonymous>' is not abstract and does not implement abstract base class member 'onClick'.
e: file:///Users/HONGBGU/Documents/seadroid/app/src/main/java/com/seafile/seadroid2/ui/dialog_fragment/PolicyDialogFragment.kt:59:13 'onClick' overrides nothing.
e: file:///Users/HONGBGU/Documents/seadroid/app/src/main/java/com/seafile/seadroid2/ui/dialog_fragment/RenameDialogFragment.kt:73:78 Only safe (?.) or non-null asserted (!!.) calls are allowed on a nullable receiver of type 'com.seafile.seadroid2.account.SupportAccountManager?'.
e: file:///Users/HONGBGU/Documents/seadroid/app/src/main/java/com/seafile/seadroid2/ui/dialog_fragment/RenameDialogFragment.kt:77:67 Argument type mismatch: actual type is 'kotlin.String?', but 'kotlin.String' was expected.
e: file:///Users/HONGBGU/Documents/seadroid/app/src/main/java/com/seafile/seadroid2/ui/dialog_fragment/RenameDialogFragment.kt:79:41 Argument type mismatch: actual type is 'com.seafile.seadroid2.account.Account?', but 'com.seafile.seadroid2.account.Account' was expected.
e: file:///Users/HONGBGU/Documents/seadroid/app/src/main/java/com/seafile/seadroid2/ui/dialog_fragment/RenameDialogFragment.kt:79:68 Argument type mismatch: actual type is 'kotlin.String?', but 'kotlin.String' was expected.
e: file:///Users/HONGBGU/Documents/seadroid/app/src/main/java/com/seafile/seadroid2/ui/dialog_fragment/RenameDialogFragment.kt:79:77 Argument type mismatch: actual type is 'kotlin.String?', but 'kotlin.String' was expected.
e: file:///Users/HONGBGU/Documents/seadroid/app/src/main/java/com/seafile/seadroid2/ui/dialog_fragment/RenameDialogFragment.kt:96:14 Unresolved reference 'observe'.
e: file:///Users/HONGBGU/Documents/seadroid/app/src/main/java/com/seafile/seadroid2/ui/dialog_fragment/RenameDialogFragment.kt:114:47 Unresolved reference 'observe'.
e: file:///Users/HONGBGU/Documents/seadroid/app/src/main/java/com/seafile/seadroid2/ui/dialog_fragment/RenameDialogFragment.kt:114:61 Class '<anonymous>' is not abstract and does not implement abstract member 'onChanged'.
e: file:///Users/HONGBGU/Documents/seadroid/app/src/main/java/com/seafile/seadroid2/ui/dialog_fragment/RenameDialogFragment.kt:115:13 'onChanged' overrides nothing.
e: file:///Users/HONGBGU/Documents/seadroid/app/src/main/java/com/seafile/seadroid2/ui/dialog_fragment/SignOutDialogFragment.kt:22:78 Only safe (?.) or non-null asserted (!!.) calls are allowed on a nullable receiver of type 'com.seafile.seadroid2.account.SupportAccountManager?'.
e: file:///Users/HONGBGU/Documents/seadroid/app/src/main/java/com/seafile/seadroid2/ui/dialog_fragment/SignOutDialogFragment.kt:29:5 'initView' overrides nothing.
e: file:///Users/HONGBGU/Documents/seadroid/app/src/main/java/com/seafile/seadroid2/ui/dialog_fragment/SwitchStorageDialogFragment.kt:80:47 Unresolved reference 'observe'.
e: file:///Users/HONGBGU/Documents/seadroid/app/src/main/java/com/seafile/seadroid2/ui/dialog_fragment/SwitchStorageDialogFragment.kt:80:61 Class '<anonymous>' is not abstract and does not implement abstract member 'onChanged'.
e: file:///Users/HONGBGU/Documents/seadroid/app/src/main/java/com/seafile/seadroid2/ui/dialog_fragment/SwitchStorageDialogFragment.kt:81:13 'onChanged' overrides nothing.
e: file:///Users/HONGBGU/Documents/seadroid/app/src/main/java/com/seafile/seadroid2/ui/dialog_fragment/viewmodel/ClearCacheViewModel.kt:3:31 Conflicting import: imported name 'Consumer' is ambiguous.
e: file:///Users/HONGBGU/Documents/seadroid/app/src/main/java/com/seafile/seadroid2/ui/dialog_fragment/viewmodel/ClearCacheViewModel.kt:6:31 Conflicting import: imported name 'Consumer' is ambiguous.
e: file:///Users/HONGBGU/Documents/seadroid/app/src/main/java/com/seafile/seadroid2/ui/dialog_fragment/viewmodel/ClearCacheViewModel.kt:9:29 Unresolved reference 'BaseViewModel'.
e: file:///Users/HONGBGU/Documents/seadroid/app/src/main/java/com/seafile/seadroid2/ui/dialog_fragment/viewmodel/ClearCacheViewModel.kt:11:16 Unresolved reference 'Single'.
e: file:///Users/HONGBGU/Documents/seadroid/app/src/main/java/com/seafile/seadroid2/ui/dialog_fragment/viewmodel/ClearCacheViewModel.kt:11:35 Unresolved reference 'Single'.
e: file:///Users/HONGBGU/Documents/seadroid/app/src/main/java/com/seafile/seadroid2/ui/dialog_fragment/viewmodel/ClearCacheViewModel.kt:11:68 Unresolved reference 'SingleOnSubscribe'.
e: file:///Users/HONGBGU/Documents/seadroid/app/src/main/java/com/seafile/seadroid2/ui/dialog_fragment/viewmodel/ClearCacheViewModel.kt:13:13 'subscribe' overrides nothing.
e: file:///Users/HONGBGU/Documents/seadroid/app/src/main/java/com/seafile/seadroid2/ui/dialog_fragment/viewmodel/ClearCacheViewModel.kt:13:45 Unresolved reference 'SingleEmitter'.
e: file:///Users/HONGBGU/Documents/seadroid/app/src/main/java/com/seafile/seadroid2/ui/dialog_fragment/viewmodel/ClearCacheViewModel.kt:14:29 Unresolved reference 'isDisposed'.
e: file:///Users/HONGBGU/Documents/seadroid/app/src/main/java/com/seafile/seadroid2/ui/dialog_fragment/viewmodel/ClearCacheViewModel.kt:18:37 Unresolved reference 'StorageManager'.
e: file:///Users/HONGBGU/Documents/seadroid/app/src/main/java/com/seafile/seadroid2/ui/dialog_fragment/viewmodel/ClearCacheViewModel.kt:18:54 Unresolved reference 'StorageManager'.
e: file:///Users/HONGBGU/Documents/seadroid/app/src/main/java/com/seafile/seadroid2/ui/dialog_fragment/viewmodel/ClearCacheViewModel.kt:19:32 Unresolved reference 'clearAllCache'.
e: file:///Users/HONGBGU/Documents/seadroid/app/src/main/java/com/seafile/seadroid2/ui/dialog_fragment/viewmodel/ClearCacheViewModel.kt:26:30 Unresolved reference 'SeadroidApplication'.
e: file:///Users/HONGBGU/Documents/seadroid/app/src/main/java/com/seafile/seadroid2/ui/dialog_fragment/viewmodel/ClearCacheViewModel.kt:28:35 Argument type mismatch: actual type is 'kotlin.Boolean', but 'kotlin.Function1<@ParameterName(...) T, kotlin.Unit>' was expected.
e: file:///Users/HONGBGU/Documents/seadroid/app/src/main/java/com/seafile/seadroid2/ui/dialog_fragment/viewmodel/ClearCacheViewModel.kt:31:9 Unresolved reference 'addSingleDisposable'.
e: file:///Users/HONGBGU/Documents/seadroid/app/src/main/java/com/seafile/seadroid2/ui/dialog_fragment/viewmodel/ClearPasswordViewModel.kt:12:40 Initializer type mismatch: expected 'io.reactivex.Completable', actual 'io.reactivex.Completable?'.
e: file:///Users/HONGBGU/Documents/seadroid/app/src/main/java/com/seafile/seadroid2/ui/dialog_fragment/viewmodel/ClearPasswordViewModel.kt:12:75 Only safe (?.) or non-null asserted (!!.) calls are allowed on a nullable receiver of type 'com.seafile.seadroid2.framework.db.AppDatabase?'.
e: file:///Users/HONGBGU/Documents/seadroid/app/src/main/java/com/seafile/seadroid2/ui/dialog_fragment/viewmodel/ClearPasswordViewModel.kt:13:13 Only safe (?.) or non-null asserted (!!.) calls are allowed on a nullable receiver of type 'com.seafile.seadroid2.framework.db.dao.EncKeyCacheDAO?'.
e: file:///Users/HONGBGU/Documents/seadroid/app/src/main/java/com/seafile/seadroid2/ui/dialog_fragment/viewmodel/CopyMoveViewModel.kt:46:30 None of the following candidates is applicable:
@SinceKotlin(...) @InlineOnly() fun <V> KMutableProperty0<V>.setValue(thisRef: Any?, property: KProperty<*>, value: V): Unit
@SinceKotlin(...) @InlineOnly() fun <T, V> KMutableProperty1<T, V>.setValue(thisRef: T, property: KProperty<*>, value: V): Unit
@InlineOnly() fun <V> MutableMap<in String, in V>.setValue(thisRef: Any?, property: KProperty<*>, value: V): Unit
e: file:///Users/HONGBGU/Documents/seadroid/app/src/main/java/com/seafile/seadroid2/ui/dialog_fragment/viewmodel/CopyMoveViewModel.kt:59:13 Initializer type mismatch: expected 'io.reactivex.Single<com.seafile.seadroid2.framework.model.ResultModel?>', actual 'io.reactivex.Single<com.seafile.seadroid2.framework.model.ResultModel?>?'.
e: file:///Users/HONGBGU/Documents/seadroid/app/src/main/java/com/seafile/seadroid2/ui/dialog_fragment/viewmodel/CopyMoveViewModel.kt:59:50 Only safe (?.) or non-null asserted (!!.) calls are allowed on a nullable receiver of type 'com.seafile.seadroid2.framework.http.HttpIO?'.
e: file:///Users/HONGBGU/Documents/seadroid/app/src/main/java/com/seafile/seadroid2/ui/dialog_fragment/viewmodel/CopyMoveViewModel.kt:59:75 Argument type mismatch: actual type is 'java.lang.Class<com.seafile.seadroid2.ui.dialog_fragment.DialogService>', but 'java.lang.Class<T?>' was expected.
e: file:///Users/HONGBGU/Documents/seadroid/app/src/main/java/com/seafile/seadroid2/ui/dialog_fragment/viewmodel/CopyMoveViewModel.kt:60:17 Only safe (?.) or non-null asserted (!!.) calls are allowed on a nullable receiver of type 'com.seafile.seadroid2.ui.dialog_fragment.DialogService?'.
e: file:///Users/HONGBGU/Documents/seadroid/app/src/main/java/com/seafile/seadroid2/ui/dialog_fragment/viewmodel/CopyMoveViewModel.kt:103:68 Only safe (?.) or non-null asserted (!!.) calls are allowed on a nullable receiver of type 'com.seafile.seadroid2.framework.db.AppDatabase?'.
e: file:///Users/HONGBGU/Documents/seadroid/app/src/main/java/com/seafile/seadroid2/ui/dialog_fragment/viewmodel/CopyMoveViewModel.kt:104:37 Only safe (?.) or non-null asserted (!!.) calls are allowed on a nullable receiver of type 'com.seafile.seadroid2.framework.db.dao.FileCacheStatusDAO?'.
e: file:///Users/HONGBGU/Documents/seadroid/app/src/main/java/com/seafile/seadroid2/ui/dialog_fragment/viewmodel/CopyMoveViewModel.kt:108:72 Only safe (?.) or non-null asserted (!!.) calls are allowed on a nullable receiver of type 'com.seafile.seadroid2.framework.db.AppDatabase?'.
e: file:///Users/HONGBGU/Documents/seadroid/app/src/main/java/com/seafile/seadroid2/ui/dialog_fragment/viewmodel/CopyMoveViewModel.kt:109:41 Only safe (?.) or non-null asserted (!!.) calls are allowed on a nullable receiver of type 'com.seafile.seadroid2.framework.db.dao.FileCacheStatusDAO?'.
e: file:///Users/HONGBGU/Documents/seadroid/app/src/main/java/com/seafile/seadroid2/ui/dialog_fragment/viewmodel/CopyMoveViewModel.kt:109:49 Argument type mismatch: actual type is 'com.seafile.seadroid2.framework.db.entities.FileCacheStatusEntity?', but 'com.seafile.seadroid2.framework.db.entities.FileCacheStatusEntity' was expected.
e: file:///Users/HONGBGU/Documents/seadroid/app/src/main/java/com/seafile/seadroid2/ui/dialog_fragment/viewmodel/CopyMoveViewModel.kt:113:86 Only safe (?.) or non-null asserted (!!.) calls are allowed on a nullable receiver of type 'kotlin.String?'.
e: file:///Users/HONGBGU/Documents/seadroid/app/src/main/java/com/seafile/seadroid2/ui/dialog_fragment/viewmodel/CopyMoveViewModel.kt:117:82 Only safe (?.) or non-null asserted (!!.) calls are allowed on a nullable receiver of type 'kotlin.String?'.
e: file:///Users/HONGBGU/Documents/seadroid/app/src/main/java/com/seafile/seadroid2/ui/dialog_fragment/viewmodel/CopyMoveViewModel.kt:123:41 Only safe (?.) or non-null asserted (!!.) calls are allowed on a nullable receiver of type 'kotlin.String?'.
e: file:///Users/HONGBGU/Documents/seadroid/app/src/main/java/com/seafile/seadroid2/ui/dialog_fragment/viewmodel/CopyMoveViewModel.kt:128:72 Only safe (?.) or non-null asserted (!!.) calls are allowed on a nullable receiver of type 'com.seafile.seadroid2.framework.db.AppDatabase?'.
e: file:///Users/HONGBGU/Documents/seadroid/app/src/main/java/com/seafile/seadroid2/ui/dialog_fragment/viewmodel/CopyMoveViewModel.kt:129:41 Only safe (?.) or non-null asserted (!!.) calls are allowed on a nullable receiver of type 'com.seafile.seadroid2.framework.db.dao.FileCacheStatusDAO?'.
e: file:///Users/HONGBGU/Documents/seadroid/app/src/main/java/com/seafile/seadroid2/ui/dialog_fragment/viewmodel/CopyMoveViewModel.kt:134:33 Initializer type mismatch: expected 'kotlin.collections.MutableList<com.seafile.seadroid2.framework.db.entities.FileCacheStatusEntity>?', actual 'kotlin.collections.MutableList<com.seafile.seadroid2.framework.db.entities.FileCacheStatusEntity?>?'.
e: file:///Users/HONGBGU/Documents/seadroid/app/src/main/java/com/seafile/seadroid2/ui/dialog_fragment/viewmodel/CopyMoveViewModel.kt:134:68 Only safe (?.) or non-null asserted (!!.) calls are allowed on a nullable receiver of type 'com.seafile.seadroid2.framework.db.AppDatabase?'.
e: file:///Users/HONGBGU/Documents/seadroid/app/src/main/java/com/seafile/seadroid2/ui/dialog_fragment/viewmodel/CopyMoveViewModel.kt:135:37 Only safe (?.) or non-null asserted (!!.) calls are allowed on a nullable receiver of type 'com.seafile.seadroid2.framework.db.dao.FileCacheStatusDAO?'.
e: file:///Users/HONGBGU/Documents/seadroid/app/src/main/java/com/seafile/seadroid2/ui/dialog_fragment/viewmodel/CopyMoveViewModel.kt:142:68 Only safe (?.) or non-null asserted (!!.) calls are allowed on a nullable receiver of type 'com.seafile.seadroid2.framework.db.AppDatabase?'.
e: file:///Users/HONGBGU/Documents/seadroid/app/src/main/java/com/seafile/seadroid2/ui/dialog_fragment/viewmodel/CopyMoveViewModel.kt:143:37 Only safe (?.) or non-null asserted (!!.) calls are allowed on a nullable receiver of type 'com.seafile.seadroid2.framework.db.dao.FileCacheStatusDAO?'.
e: file:///Users/HONGBGU/Documents/seadroid/app/src/main/java/com/seafile/seadroid2/ui/dialog_fragment/viewmodel/CopyMoveViewModel.kt:154:68 Only safe (?.) or non-null asserted (!!.) calls are allowed on a nullable receiver of type 'com.seafile.seadroid2.framework.db.AppDatabase?'.
e: file:///Users/HONGBGU/Documents/seadroid/app/src/main/java/com/seafile/seadroid2/ui/dialog_fragment/viewmodel/CopyMoveViewModel.kt:155:37 Only safe (?.) or non-null asserted (!!.) calls are allowed on a nullable receiver of type 'com.seafile.seadroid2.framework.db.dao.FileCacheStatusDAO?'.
e: file:///Users/HONGBGU/Documents/seadroid/app/src/main/java/com/seafile/seadroid2/ui/dialog_fragment/viewmodel/CopyMoveViewModel.kt:168:59 Class '<anonymous>' is not abstract and does not implement abstract member 'apply'.
e: file:///Users/HONGBGU/Documents/seadroid/app/src/main/java/com/seafile/seadroid2/ui/dialog_fragment/viewmodel/CopyMoveViewModel.kt:171:13 'apply' overrides nothing.
e: file:///Users/HONGBGU/Documents/seadroid/app/src/main/java/com/seafile/seadroid2/ui/dialog_fragment/viewmodel/CopyMoveViewModel.kt:179:38 None of the following candidates is applicable:
@SinceKotlin(...) @InlineOnly() fun <V> KMutableProperty0<V>.setValue(thisRef: Any?, property: KProperty<*>, value: V): Unit
@SinceKotlin(...) @InlineOnly() fun <T, V> KMutableProperty1<T, V>.setValue(thisRef: T, property: KProperty<*>, value: V): Unit
@InlineOnly() fun <V> MutableMap<in String, in V>.setValue(thisRef: Any?, property: KProperty<*>, value: V): Unit
e: file:///Users/HONGBGU/Documents/seadroid/app/src/main/java/com/seafile/seadroid2/ui/dialog_fragment/viewmodel/CopyMoveViewModel.kt:185:38 None of the following candidates is applicable:
@SinceKotlin(...) @InlineOnly() fun <V> KMutableProperty0<V>.setValue(thisRef: Any?, property: KProperty<*>, value: V): Unit
@SinceKotlin(...) @InlineOnly() fun <T, V> KMutableProperty1<T, V>.setValue(thisRef: T, property: KProperty<*>, value: V): Unit
@InlineOnly() fun <V> MutableMap<in String, in V>.setValue(thisRef: Any?, property: KProperty<*>, value: V): Unit
e: file:///Users/HONGBGU/Documents/seadroid/app/src/main/java/com/seafile/seadroid2/ui/dialog_fragment/viewmodel/CopyMoveViewModel.kt:188:44 None of the following candidates is applicable:
@SinceKotlin(...) @InlineOnly() fun <V> KMutableProperty0<V>.setValue(thisRef: Any?, property: KProperty<*>, value: V): Unit
@SinceKotlin(...) @InlineOnly() fun <T, V> KMutableProperty1<T, V>.setValue(thisRef: T, property: KProperty<*>, value: V): Unit
@InlineOnly() fun <V> MutableMap<in String, in V>.setValue(thisRef: Any?, property: KProperty<*>, value: V): Unit
e: file:///Users/HONGBGU/Documents/seadroid/app/src/main/java/com/seafile/seadroid2/ui/dialog_fragment/viewmodel/CopyMoveViewModel.kt:207:30 None of the following candidates is applicable:
@SinceKotlin(...) @InlineOnly() fun <V> KMutableProperty0<V>.setValue(thisRef: Any?, property: KProperty<*>, value: V): Unit
@SinceKotlin(...) @InlineOnly() fun <T, V> KMutableProperty1<T, V>.setValue(thisRef: T, property: KProperty<*>, value: V): Unit
@InlineOnly() fun <V> MutableMap<in String, in V>.setValue(thisRef: Any?, property: KProperty<*>, value: V): Unit
e: file:///Users/HONGBGU/Documents/seadroid/app/src/main/java/com/seafile/seadroid2/ui/dialog_fragment/viewmodel/CopyMoveViewModel.kt:220:13 Initializer type mismatch: expected 'io.reactivex.Single<com.seafile.seadroid2.framework.model.ResultModel?>', actual 'io.reactivex.Single<com.seafile.seadroid2.framework.model.ResultModel?>?'.
e: file:///Users/HONGBGU/Documents/seadroid/app/src/main/java/com/seafile/seadroid2/ui/dialog_fragment/viewmodel/CopyMoveViewModel.kt:220:50 Only safe (?.) or non-null asserted (!!.) calls are allowed on a nullable receiver of type 'com.seafile.seadroid2.framework.http.HttpIO?'.
e: file:///Users/HONGBGU/Documents/seadroid/app/src/main/java/com/seafile/seadroid2/ui/dialog_fragment/viewmodel/CopyMoveViewModel.kt:220:75 Argument type mismatch: actual type is 'java.lang.Class<com.seafile.seadroid2.ui.dialog_fragment.DialogService>', but 'java.lang.Class<T?>' was expected.
e: file:///Users/HONGBGU/Documents/seadroid/app/src/main/java/com/seafile/seadroid2/ui/dialog_fragment/viewmodel/CopyMoveViewModel.kt:221:17 Only safe (?.) or non-null asserted (!!.) calls are allowed on a nullable receiver of type 'com.seafile.seadroid2.ui.dialog_fragment.DialogService?'.
e: file:///Users/HONGBGU/Documents/seadroid/app/src/main/java/com/seafile/seadroid2/ui/dialog_fragment/viewmodel/CopyMoveViewModel.kt:225:38 None of the following candidates is applicable:
@SinceKotlin(...) @InlineOnly() fun <V> KMutableProperty0<V>.setValue(thisRef: Any?, property: KProperty<*>, value: V): Unit
@SinceKotlin(...) @InlineOnly() fun <T, V> KMutableProperty1<T, V>.setValue(thisRef: T, property: KProperty<*>, value: V): Unit
@InlineOnly() fun <V> MutableMap<in String, in V>.setValue(thisRef: Any?, property: KProperty<*>, value: V): Unit
e: file:///Users/HONGBGU/Documents/seadroid/app/src/main/java/com/seafile/seadroid2/ui/dialog_fragment/viewmodel/CopyMoveViewModel.kt:231:38 None of the following candidates is applicable:
@SinceKotlin(...) @InlineOnly() fun <V> KMutableProperty0<V>.setValue(thisRef: Any?, property: KProperty<*>, value: V): Unit
@SinceKotlin(...) @InlineOnly() fun <T, V> KMutableProperty1<T, V>.setValue(thisRef: T, property: KProperty<*>, value: V): Unit
@InlineOnly() fun <V> MutableMap<in String, in V>.setValue(thisRef: Any?, property: KProperty<*>, value: V): Unit
e: file:///Users/HONGBGU/Documents/seadroid/app/src/main/java/com/seafile/seadroid2/ui/dialog_fragment/viewmodel/CopyMoveViewModel.kt:234:44 None of the following candidates is applicable:
@SinceKotlin(...) @InlineOnly() fun <V> KMutableProperty0<V>.setValue(thisRef: Any?, property: KProperty<*>, value: V): Unit
@SinceKotlin(...) @InlineOnly() fun <T, V> KMutableProperty1<T, V>.setValue(thisRef: T, property: KProperty<*>, value: V): Unit
@InlineOnly() fun <V> MutableMap<in String, in V>.setValue(thisRef: Any?, property: KProperty<*>, value: V): Unit
e: file:///Users/HONGBGU/Documents/seadroid/app/src/main/java/com/seafile/seadroid2/ui/dialog_fragment/viewmodel/DeleteDirsViewModel.kt:26:13 Initializer type mismatch: expected 'io.reactivex.Single<kotlin.collections.MutableList<com.seafile.seadroid2.framework.db.entities.DirentModel?>?>', actual 'io.reactivex.Single<kotlin.collections.MutableList<com.seafile.seadroid2.framework.db.entities.DirentModel?>?>?'.
e: file:///Users/HONGBGU/Documents/seadroid/app/src/main/java/com/seafile/seadroid2/ui/dialog_fragment/viewmodel/DeleteDirsViewModel.kt:26:48 Only safe (?.) or non-null asserted (!!.) calls are allowed on a nullable receiver of type 'com.seafile.seadroid2.framework.db.AppDatabase?'.
e: file:///Users/HONGBGU/Documents/seadroid/app/src/main/java/com/seafile/seadroid2/ui/dialog_fragment/viewmodel/DeleteDirsViewModel.kt:26:60 Only safe (?.) or non-null asserted (!!.) calls are allowed on a nullable receiver of type 'com.seafile.seadroid2.framework.db.dao.DirentDAO?'.
e: file:///Users/HONGBGU/Documents/seadroid/app/src/main/java/com/seafile/seadroid2/ui/dialog_fragment/viewmodel/DeleteDirsViewModel.kt:29:13 Class '<anonymous>' is not abstract and does not implement abstract member 'accept'.
e: file:///Users/HONGBGU/Documents/seadroid/app/src/main/java/com/seafile/seadroid2/ui/dialog_fragment/viewmodel/DeleteDirsViewModel.kt:31:17 'accept' overrides nothing.
e: file:///Users/HONGBGU/Documents/seadroid/app/src/main/java/com/seafile/seadroid2/ui/dialog_fragment/viewmodel/DeleteDirsViewModel.kt:38:42 None of the following candidates is applicable:
@SinceKotlin(...) @InlineOnly() fun <V> KMutableProperty0<V>.setValue(thisRef: Any?, property: KProperty<*>, value: V): Unit
@SinceKotlin(...) @InlineOnly() fun <T, V> KMutableProperty1<T, V>.setValue(thisRef: T, property: KProperty<*>, value: V): Unit
@InlineOnly() fun <V> MutableMap<in String, in V>.setValue(thisRef: Any?, property: KProperty<*>, value: V): Unit
e: file:///Users/HONGBGU/Documents/seadroid/app/src/main/java/com/seafile/seadroid2/ui/dialog_fragment/viewmodel/DeleteDirsViewModel.kt:41:48 None of the following candidates is applicable:
@SinceKotlin(...) @InlineOnly() fun <V> KMutableProperty0<V>.setValue(thisRef: Any?, property: KProperty<*>, value: V): Unit
@SinceKotlin(...) @InlineOnly() fun <T, V> KMutableProperty1<T, V>.setValue(thisRef: T, property: KProperty<*>, value: V): Unit
@InlineOnly() fun <V> MutableMap<in String, in V>.setValue(thisRef: Any?, property: KProperty<*>, value: V): Unit
e: file:///Users/HONGBGU/Documents/seadroid/app/src/main/java/com/seafile/seadroid2/ui/dialog_fragment/viewmodel/DeleteDirsViewModel.kt:47:30 None of the following candidates is applicable:
@SinceKotlin(...) @InlineOnly() fun <V> KMutableProperty0<V>.setValue(thisRef: Any?, property: KProperty<*>, value: V): Unit
@SinceKotlin(...) @InlineOnly() fun <T, V> KMutableProperty1<T, V>.setValue(thisRef: T, property: KProperty<*>, value: V): Unit
@InlineOnly() fun <V> MutableMap<in String, in V>.setValue(thisRef: Any?, property: KProperty<*>, value: V): Unit
e: file:///Users/HONGBGU/Documents/seadroid/app/src/main/java/com/seafile/seadroid2/ui/dialog_fragment/viewmodel/DeleteDirsViewModel.kt:55:25 Only safe (?.) or non-null asserted (!!.) calls are allowed on a nullable receiver of type 'com.seafile.seadroid2.framework.http.HttpIO?'.
e: file:///Users/HONGBGU/Documents/seadroid/app/src/main/java/com/seafile/seadroid2/ui/dialog_fragment/viewmodel/DeleteDirsViewModel.kt:55:50 Argument type mismatch: actual type is 'java.lang.Class<com.seafile.seadroid2.ui.dialog_fragment.DialogService>', but 'java.lang.Class<T?>' was expected.
e: file:///Users/HONGBGU/Documents/seadroid/app/src/main/java/com/seafile/seadroid2/ui/dialog_fragment/viewmodel/DeleteDirsViewModel.kt:56:25 Only safe (?.) or non-null asserted (!!.) calls are allowed on a nullable receiver of type 'com.seafile.seadroid2.ui.dialog_fragment.DialogService?'.
e: file:///Users/HONGBGU/Documents/seadroid/app/src/main/java/com/seafile/seadroid2/ui/dialog_fragment/viewmodel/DeleteDirsViewModel.kt:60:42 Class '<anonymous>' is not abstract and does not implement abstract member 'accept'.
e: file:///Users/HONGBGU/Documents/seadroid/app/src/main/java/com/seafile/seadroid2/ui/dialog_fragment/viewmodel/DeleteDirsViewModel.kt:62:13 'accept' overrides nothing.
e: file:///Users/HONGBGU/Documents/seadroid/app/src/main/java/com/seafile/seadroid2/ui/dialog_fragment/viewmodel/DeleteDirsViewModel.kt:68:38 None of the following candidates is applicable:
@SinceKotlin(...) @InlineOnly() fun <V> KMutableProperty0<V>.setValue(thisRef: Any?, property: KProperty<*>, value: V): Unit
@SinceKotlin(...) @InlineOnly() fun <T, V> KMutableProperty1<T, V>.setValue(thisRef: T, property: KProperty<*>, value: V): Unit
@InlineOnly() fun <V> MutableMap<in String, in V>.setValue(thisRef: Any?, property: KProperty<*>, value: V): Unit
e: file:///Users/HONGBGU/Documents/seadroid/app/src/main/java/com/seafile/seadroid2/ui/dialog_fragment/viewmodel/DeleteDirsViewModel.kt:71:44 None of the following candidates is applicable:
@SinceKotlin(...) @InlineOnly() fun <V> KMutableProperty0<V>.setValue(thisRef: Any?, property: KProperty<*>, value: V): Unit
@SinceKotlin(...) @InlineOnly() fun <T, V> KMutableProperty1<T, V>.setValue(thisRef: T, property: KProperty<*>, value: V): Unit
@InlineOnly() fun <V> MutableMap<in String, in V>.setValue(thisRef: Any?, property: KProperty<*>, value: V): Unit
e: file:///Users/HONGBGU/Documents/seadroid/app/src/main/java/com/seafile/seadroid2/ui/dialog_fragment/viewmodel/DeleteDirsViewModel.kt:76:38 None of the following candidates is applicable:
@SinceKotlin(...) @InlineOnly() fun <V> KMutableProperty0<V>.setValue(thisRef: Any?, property: KProperty<*>, value: V): Unit
@SinceKotlin(...) @InlineOnly() fun <T, V> KMutableProperty1<T, V>.setValue(thisRef: T, property: KProperty<*>, value: V): Unit
@InlineOnly() fun <V> MutableMap<in String, in V>.setValue(thisRef: Any?, property: KProperty<*>, value: V): Unit
e: file:///Users/HONGBGU/Documents/seadroid/app/src/main/java/com/seafile/seadroid2/ui/dialog_fragment/viewmodel/DeleteRepoViewModel.kt:31:30 None of the following candidates is applicable:
@SinceKotlin(...) @InlineOnly() fun <V> KMutableProperty0<V>.setValue(thisRef: Any?, property: KProperty<*>, value: V): Unit
@SinceKotlin(...) @InlineOnly() fun <T, V> KMutableProperty1<T, V>.setValue(thisRef: T, property: KProperty<*>, value: V): Unit
@InlineOnly() fun <V> MutableMap<in String, in V>.setValue(thisRef: Any?, property: KProperty<*>, value: V): Unit
e: file:///Users/HONGBGU/Documents/seadroid/app/src/main/java/com/seafile/seadroid2/ui/dialog_fragment/viewmodel/DeleteRepoViewModel.kt:46:13 Class '<anonymous>' is not abstract and does not implement abstract member 'accept'.
e: file:///Users/HONGBGU/Documents/seadroid/app/src/main/java/com/seafile/seadroid2/ui/dialog_fragment/viewmodel/DeleteRepoViewModel.kt:48:17 'accept' overrides nothing.
e: file:///Users/HONGBGU/Documents/seadroid/app/src/main/java/com/seafile/seadroid2/ui/dialog_fragment/viewmodel/DeleteRepoViewModel.kt:87:42 None of the following candidates is applicable:
@SinceKotlin(...) @InlineOnly() fun <V> KMutableProperty0<V>.setValue(thisRef: Any?, property: KProperty<*>, value: V): Unit
@SinceKotlin(...) @InlineOnly() fun <T, V> KMutableProperty1<T, V>.setValue(thisRef: T, property: KProperty<*>, value: V): Unit
@InlineOnly() fun <V> MutableMap<in String, in V>.setValue(thisRef: Any?, property: KProperty<*>, value: V): Unit
e: file:///Users/HONGBGU/Documents/seadroid/app/src/main/java/com/seafile/seadroid2/ui/dialog_fragment/viewmodel/DeleteRepoViewModel.kt:90:48 None of the following candidates is applicable:
@SinceKotlin(...) @InlineOnly() fun <V> KMutableProperty0<V>.setValue(thisRef: Any?, property: KProperty<*>, value: V): Unit
@SinceKotlin(...) @InlineOnly() fun <T, V> KMutableProperty1<T, V>.setValue(thisRef: T, property: KProperty<*>, value: V): Unit
@InlineOnly() fun <V> MutableMap<in String, in V>.setValue(thisRef: Any?, property: KProperty<*>, value: V): Unit
e: file:///Users/HONGBGU/Documents/seadroid/app/src/main/java/com/seafile/seadroid2/ui/dialog_fragment/viewmodel/DeleteRepoViewModel.kt:96:42 None of the following candidates is applicable:
@SinceKotlin(...) @InlineOnly() fun <V> KMutableProperty0<V>.setValue(thisRef: Any?, property: KProperty<*>, value: V): Unit
@SinceKotlin(...) @InlineOnly() fun <T, V> KMutableProperty1<T, V>.setValue(thisRef: T, property: KProperty<*>, value: V): Unit
@InlineOnly() fun <V> MutableMap<in String, in V>.setValue(thisRef: Any?, property: KProperty<*>, value: V): Unit
e: file:///Users/HONGBGU/Documents/seadroid/app/src/main/java/com/seafile/seadroid2/ui/dialog_fragment/viewmodel/DeleteRepoViewModel.kt:104:13 Initializer type mismatch: expected 'io.reactivex.Single<kotlin.String?>', actual 'io.reactivex.Single<kotlin.String?>?'.
e: file:///Users/HONGBGU/Documents/seadroid/app/src/main/java/com/seafile/seadroid2/ui/dialog_fragment/viewmodel/DeleteRepoViewModel.kt:104:50 Only safe (?.) or non-null asserted (!!.) calls are allowed on a nullable receiver of type 'com.seafile.seadroid2.framework.http.HttpIO?'.
e: file:///Users/HONGBGU/Documents/seadroid/app/src/main/java/com/seafile/seadroid2/ui/dialog_fragment/viewmodel/DeleteRepoViewModel.kt:104:75 Argument type mismatch: actual type is 'java.lang.Class<com.seafile.seadroid2.ui.dialog_fragment.DialogService>', but 'java.lang.Class<T?>' was expected.
e: file:///Users/HONGBGU/Documents/seadroid/app/src/main/java/com/seafile/seadroid2/ui/dialog_fragment/viewmodel/DeleteRepoViewModel.kt:105:17 Only safe (?.) or non-null asserted (!!.) calls are allowed on a nullable receiver of type 'com.seafile.seadroid2.ui.dialog_fragment.DialogService?'.
e: file:///Users/HONGBGU/Documents/seadroid/app/src/main/java/com/seafile/seadroid2/ui/dialog_fragment/viewmodel/DeleteRepoViewModel.kt:106:56 Class '<anonymous>' is not abstract and does not implement abstract member 'apply'.
e: file:///Users/HONGBGU/Documents/seadroid/app/src/main/java/com/seafile/seadroid2/ui/dialog_fragment/viewmodel/DeleteRepoViewModel.kt:109:13 'apply' overrides nothing.
e: file:///Users/HONGBGU/Documents/seadroid/app/src/main/java/com/seafile/seadroid2/ui/dialog_fragment/viewmodel/GetShareLinkPasswordViewModel.kt:24:30 None of the following candidates is applicable:
@SinceKotlin(...) @InlineOnly() fun <V> KMutableProperty0<V>.setValue(thisRef: Any?, property: KProperty<*>, value: V): Unit
@SinceKotlin(...) @InlineOnly() fun <T, V> KMutableProperty1<T, V>.setValue(thisRef: T, property: KProperty<*>, value: V): Unit
@InlineOnly() fun <V> MutableMap<in String, in V>.setValue(thisRef: Any?, property: KProperty<*>, value: V): Unit
e: file:///Users/HONGBGU/Documents/seadroid/app/src/main/java/com/seafile/seadroid2/ui/dialog_fragment/viewmodel/GetShareLinkPasswordViewModel.kt:27:13 Initializer type mismatch: expected 'io.reactivex.Single<kotlin.collections.MutableList<com.seafile.seadroid2.framework.model.objs.DirentShareLinkModel?>?>', actual 'io.reactivex.Single<kotlin.collections.MutableList<com.seafile.seadroid2.framework.model.objs.DirentShareLinkModel?>?>?'.
e: file:///Users/HONGBGU/Documents/seadroid/app/src/main/java/com/seafile/seadroid2/ui/dialog_fragment/viewmodel/GetShareLinkPasswordViewModel.kt:27:50 Only safe (?.) or non-null asserted (!!.) calls are allowed on a nullable receiver of type 'com.seafile.seadroid2.framework.http.HttpIO?'.
e: file:///Users/HONGBGU/Documents/seadroid/app/src/main/java/com/seafile/seadroid2/ui/dialog_fragment/viewmodel/GetShareLinkPasswordViewModel.kt:27:75 Argument type mismatch: actual type is 'java.lang.Class<com.seafile.seadroid2.ui.dialog_fragment.DialogService>', but 'java.lang.Class<T?>' was expected.
e: file:///Users/HONGBGU/Documents/seadroid/app/src/main/java/com/seafile/seadroid2/ui/dialog_fragment/viewmodel/GetShareLinkPasswordViewModel.kt:28:17 Only safe (?.) or non-null asserted (!!.) calls are allowed on a nullable receiver of type 'com.seafile.seadroid2.ui.dialog_fragment.DialogService?'.
e: file:///Users/HONGBGU/Documents/seadroid/app/src/main/java/com/seafile/seadroid2/ui/dialog_fragment/viewmodel/GetShareLinkPasswordViewModel.kt:41:50 None of the following candidates is applicable:
@SinceKotlin(...) @InlineOnly() fun <V> KMutableProperty0<V>.setValue(thisRef: Any?, property: KProperty<*>, value: V): Unit
@SinceKotlin(...) @InlineOnly() fun <T, V> KMutableProperty1<T, V>.setValue(thisRef: T, property: KProperty<*>, value: V): Unit
@InlineOnly() fun <V> MutableMap<in String, in V>.setValue(thisRef: Any?, property: KProperty<*>, value: V): Unit
e: file:///Users/HONGBGU/Documents/seadroid/app/src/main/java/com/seafile/seadroid2/ui/dialog_fragment/viewmodel/GetShareLinkPasswordViewModel.kt:52:48 None of the following candidates is applicable:
@SinceKotlin(...) @InlineOnly() fun <V> KMutableProperty0<V>.setValue(thisRef: Any?, property: KProperty<*>, value: V): Unit
@SinceKotlin(...) @InlineOnly() fun <T, V> KMutableProperty1<T, V>.setValue(thisRef: T, property: KProperty<*>, value: V): Unit
@InlineOnly() fun <V> MutableMap<in String, in V>.setValue(thisRef: Any?, property: KProperty<*>, value: V): Unit
e: file:///Users/HONGBGU/Documents/seadroid/app/src/main/java/com/seafile/seadroid2/ui/dialog_fragment/viewmodel/GetShareLinkPasswordViewModel.kt:53:42 None of the following candidates is applicable:
@SinceKotlin(...) @InlineOnly() fun <V> KMutableProperty0<V>.setValue(thisRef: Any?, property: KProperty<*>, value: V): Unit
@SinceKotlin(...) @InlineOnly() fun <T, V> KMutableProperty1<T, V>.setValue(thisRef: T, property: KProperty<*>, value: V): Unit
@InlineOnly() fun <V> MutableMap<in String, in V>.setValue(thisRef: Any?, property: KProperty<*>, value: V): Unit
e: file:///Users/HONGBGU/Documents/seadroid/app/src/main/java/com/seafile/seadroid2/ui/dialog_fragment/viewmodel/GetShareLinkPasswordViewModel.kt:65:30 None of the following candidates is applicable:
@SinceKotlin(...) @InlineOnly() fun <V> KMutableProperty0<V>.setValue(thisRef: Any?, property: KProperty<*>, value: V): Unit
@SinceKotlin(...) @InlineOnly() fun <T, V> KMutableProperty1<T, V>.setValue(thisRef: T, property: KProperty<*>, value: V): Unit
@InlineOnly() fun <V> MutableMap<in String, in V>.setValue(thisRef: Any?, property: KProperty<*>, value: V): Unit
e: file:///Users/HONGBGU/Documents/seadroid/app/src/main/java/com/seafile/seadroid2/ui/dialog_fragment/viewmodel/GetShareLinkPasswordViewModel.kt:81:21 One type argument expected for class 'Single'.
e: file:///Users/HONGBGU/Documents/seadroid/app/src/main/java/com/seafile/seadroid2/ui/dialog_fragment/viewmodel/GetShareLinkPasswordViewModel.kt:87:50 Only safe (?.) or non-null asserted (!!.) calls are allowed on a nullable receiver of type 'com.seafile.seadroid2.framework.http.HttpIO?'.
e: file:///Users/HONGBGU/Documents/seadroid/app/src/main/java/com/seafile/seadroid2/ui/dialog_fragment/viewmodel/GetShareLinkPasswordViewModel.kt:87:75 Argument type mismatch: actual type is 'java.lang.Class<com.seafile.seadroid2.ui.dialog_fragment.DialogService>', but 'java.lang.Class<T?>' was expected.
e: file:///Users/HONGBGU/Documents/seadroid/app/src/main/java/com/seafile/seadroid2/ui/dialog_fragment/viewmodel/GetShareLinkPasswordViewModel.kt:88:17 Only safe (?.) or non-null asserted (!!.) calls are allowed on a nullable receiver of type 'com.seafile.seadroid2.ui.dialog_fragment.DialogService?'.
e: file:///Users/HONGBGU/Documents/seadroid/app/src/main/java/com/seafile/seadroid2/ui/dialog_fragment/viewmodel/GetShareLinkPasswordViewModel.kt:94:38 None of the following candidates is applicable:
@SinceKotlin(...) @InlineOnly() fun <V> KMutableProperty0<V>.setValue(thisRef: Any?, property: KProperty<*>, value: V): Unit
@SinceKotlin(...) @InlineOnly() fun <T, V> KMutableProperty1<T, V>.setValue(thisRef: T, property: KProperty<*>, value: V): Unit
@InlineOnly() fun <V> MutableMap<in String, in V>.setValue(thisRef: Any?, property: KProperty<*>, value: V): Unit
e: file:///Users/HONGBGU/Documents/seadroid/app/src/main/java/com/seafile/seadroid2/ui/dialog_fragment/viewmodel/GetShareLinkPasswordViewModel.kt:100:44 None of the following candidates is applicable:
@SinceKotlin(...) @InlineOnly() fun <V> KMutableProperty0<V>.setValue(thisRef: Any?, property: KProperty<*>, value: V): Unit
@SinceKotlin(...) @InlineOnly() fun <T, V> KMutableProperty1<T, V>.setValue(thisRef: T, property: KProperty<*>, value: V): Unit
@InlineOnly() fun <V> MutableMap<in String, in V>.setValue(thisRef: Any?, property: KProperty<*>, value: V): Unit
e: file:///Users/HONGBGU/Documents/seadroid/app/src/main/java/com/seafile/seadroid2/ui/dialog_fragment/viewmodel/GetShareLinkPasswordViewModel.kt:101:38 None of the following candidates is applicable:
@SinceKotlin(...) @InlineOnly() fun <V> KMutableProperty0<V>.setValue(thisRef: Any?, property: KProperty<*>, value: V): Unit
@SinceKotlin(...) @InlineOnly() fun <T, V> KMutableProperty1<T, V>.setValue(thisRef: T, property: KProperty<*>, value: V): Unit
@InlineOnly() fun <V> MutableMap<in String, in V>.setValue(thisRef: Any?, property: KProperty<*>, value: V): Unit
e: file:///Users/HONGBGU/Documents/seadroid/app/src/main/java/com/seafile/seadroid2/ui/dialog_fragment/viewmodel/NewDirViewModel.kt:30:30 None of the following candidates is applicable:
@SinceKotlin(...) @InlineOnly() fun <V> KMutableProperty0<V>.setValue(thisRef: Any?, property: KProperty<*>, value: V): Unit
@SinceKotlin(...) @InlineOnly() fun <T, V> KMutableProperty1<T, V>.setValue(thisRef: T, property: KProperty<*>, value: V): Unit
@InlineOnly() fun <V> MutableMap<in String, in V>.setValue(thisRef: Any?, property: KProperty<*>, value: V): Unit
e: file:///Users/HONGBGU/Documents/seadroid/app/src/main/java/com/seafile/seadroid2/ui/dialog_fragment/viewmodel/NewDirViewModel.kt:36:39 Initializer type mismatch: expected 'io.reactivex.Single<kotlin.String?>', actual 'io.reactivex.Single<kotlin.String?>?'.
e: file:///Users/HONGBGU/Documents/seadroid/app/src/main/java/com/seafile/seadroid2/ui/dialog_fragment/viewmodel/NewDirViewModel.kt:37:13 Only safe (?.) or non-null asserted (!!.) calls are allowed on a nullable receiver of type 'com.seafile.seadroid2.framework.http.HttpIO?'.
e: file:///Users/HONGBGU/Documents/seadroid/app/src/main/java/com/seafile/seadroid2/ui/dialog_fragment/viewmodel/NewDirViewModel.kt:37:38 Argument type mismatch: actual type is 'java.lang.Class<com.seafile.seadroid2.ui.dialog_fragment.DialogService>', but 'java.lang.Class<T?>' was expected.
e: file:///Users/HONGBGU/Documents/seadroid/app/src/main/java/com/seafile/seadroid2/ui/dialog_fragment/viewmodel/NewDirViewModel.kt:38:13 Only safe (?.) or non-null asserted (!!.) calls are allowed on a nullable receiver of type 'com.seafile.seadroid2.ui.dialog_fragment.DialogService?'.
e: file:///Users/HONGBGU/Documents/seadroid/app/src/main/java/com/seafile/seadroid2/ui/dialog_fragment/viewmodel/NewDirViewModel.kt:42:38 None of the following candidates is applicable:
@SinceKotlin(...) @InlineOnly() fun <V> KMutableProperty0<V>.setValue(thisRef: Any?, property: KProperty<*>, value: V): Unit
@SinceKotlin(...) @InlineOnly() fun <T, V> KMutableProperty1<T, V>.setValue(thisRef: T, property: KProperty<*>, value: V): Unit
@InlineOnly() fun <V> MutableMap<in String, in V>.setValue(thisRef: Any?, property: KProperty<*>, value: V): Unit
e: file:///Users/HONGBGU/Documents/seadroid/app/src/main/java/com/seafile/seadroid2/ui/dialog_fragment/viewmodel/NewDirViewModel.kt:55:38 None of the following candidates is applicable:
@SinceKotlin(...) @InlineOnly() fun <V> KMutableProperty0<V>.setValue(thisRef: Any?, property: KProperty<*>, value: V): Unit
@SinceKotlin(...) @InlineOnly() fun <T, V> KMutableProperty1<T, V>.setValue(thisRef: T, property: KProperty<*>, value: V): Unit
@InlineOnly() fun <V> MutableMap<in String, in V>.setValue(thisRef: Any?, property: KProperty<*>, value: V): Unit
e: file:///Users/HONGBGU/Documents/seadroid/app/src/main/java/com/seafile/seadroid2/ui/dialog_fragment/viewmodel/NewDirViewModel.kt:58:44 None of the following candidates is applicable:
@SinceKotlin(...) @InlineOnly() fun <V> KMutableProperty0<V>.setValue(thisRef: Any?, property: KProperty<*>, value: V): Unit
@SinceKotlin(...) @InlineOnly() fun <T, V> KMutableProperty1<T, V>.setValue(thisRef: T, property: KProperty<*>, value: V): Unit
@InlineOnly() fun <V> MutableMap<in String, in V>.setValue(thisRef: Any?, property: KProperty<*>, value: V): Unit
e: file:///Users/HONGBGU/Documents/seadroid/app/src/main/java/com/seafile/seadroid2/ui/dialog_fragment/viewmodel/NewDirViewModel.kt:59:38 None of the following candidates is applicable:
@SinceKotlin(...) @InlineOnly() fun <V> KMutableProperty0<V>.setValue(thisRef: Any?, property: KProperty<*>, value: V): Unit
@SinceKotlin(...) @InlineOnly() fun <T, V> KMutableProperty1<T, V>.setValue(thisRef: T, property: KProperty<*>, value: V): Unit
@InlineOnly() fun <V> MutableMap<in String, in V>.setValue(thisRef: Any?, property: KProperty<*>, value: V): Unit
e: file:///Users/HONGBGU/Documents/seadroid/app/src/main/java/com/seafile/seadroid2/ui/dialog_fragment/viewmodel/NewDirViewModel.kt:69:30 None of the following candidates is applicable:
@SinceKotlin(...) @InlineOnly() fun <V> KMutableProperty0<V>.setValue(thisRef: Any?, property: KProperty<*>, value: V): Unit
@SinceKotlin(...) @InlineOnly() fun <T, V> KMutableProperty1<T, V>.setValue(thisRef: T, property: KProperty<*>, value: V): Unit
@InlineOnly() fun <V> MutableMap<in String, in V>.setValue(thisRef: Any?, property: KProperty<*>, value: V): Unit
e: file:///Users/HONGBGU/Documents/seadroid/app/src/main/java/com/seafile/seadroid2/ui/dialog_fragment/viewmodel/NewDirViewModel.kt:76:48 Initializer type mismatch: expected 'io.reactivex.Single<com.seafile.seadroid2.framework.model.dirents.FileCreateModel?>', actual 'io.reactivex.Single<com.seafile.seadroid2.framework.model.dirents.FileCreateModel?>?'.
e: file:///Users/HONGBGU/Documents/seadroid/app/src/main/java/com/seafile/seadroid2/ui/dialog_fragment/viewmodel/NewDirViewModel.kt:77:13 Only safe (?.) or non-null asserted (!!.) calls are allowed on a nullable receiver of type 'com.seafile.seadroid2.framework.http.HttpIO?'.
e: file:///Users/HONGBGU/Documents/seadroid/app/src/main/java/com/seafile/seadroid2/ui/dialog_fragment/viewmodel/NewDirViewModel.kt:77:38 Argument type mismatch: actual type is 'java.lang.Class<com.seafile.seadroid2.ui.dialog_fragment.DialogService>', but 'java.lang.Class<T?>' was expected.
e: file:///Users/HONGBGU/Documents/seadroid/app/src/main/java/com/seafile/seadroid2/ui/dialog_fragment/viewmodel/NewDirViewModel.kt:78:13 Only safe (?.) or non-null asserted (!!.) calls are allowed on a nullable receiver of type 'com.seafile.seadroid2.ui.dialog_fragment.DialogService?'.
e: file:///Users/HONGBGU/Documents/seadroid/app/src/main/java/com/seafile/seadroid2/ui/dialog_fragment/viewmodel/NewDirViewModel.kt:82:38 None of the following candidates is applicable:
@SinceKotlin(...) @InlineOnly() fun <V> KMutableProperty0<V>.setValue(thisRef: Any?, property: KProperty<*>, value: V): Unit
@SinceKotlin(...) @InlineOnly() fun <T, V> KMutableProperty1<T, V>.setValue(thisRef: T, property: KProperty<*>, value: V): Unit
@InlineOnly() fun <V> MutableMap<in String, in V>.setValue(thisRef: Any?, property: KProperty<*>, value: V): Unit
e: file:///Users/HONGBGU/Documents/seadroid/app/src/main/java/com/seafile/seadroid2/ui/dialog_fragment/viewmodel/NewDirViewModel.kt:91:38 None of the following candidates is applicable:
@SinceKotlin(...) @InlineOnly() fun <V> KMutableProperty0<V>.setValue(thisRef: Any?, property: KProperty<*>, value: V): Unit
@SinceKotlin(...) @InlineOnly() fun <T, V> KMutableProperty1<T, V>.setValue(thisRef: T, property: KProperty<*>, value: V): Unit
@InlineOnly() fun <V> MutableMap<in String, in V>.setValue(thisRef: Any?, property: KProperty<*>, value: V): Unit
e: file:///Users/HONGBGU/Documents/seadroid/app/src/main/java/com/seafile/seadroid2/ui/dialog_fragment/viewmodel/NewDirViewModel.kt:94:44 None of the following candidates is applicable:
@SinceKotlin(...) @InlineOnly() fun <V> KMutableProperty0<V>.setValue(thisRef: Any?, property: KProperty<*>, value: V): Unit
@SinceKotlin(...) @InlineOnly() fun <T, V> KMutableProperty1<T, V>.setValue(thisRef: T, property: KProperty<*>, value: V): Unit
@InlineOnly() fun <V> MutableMap<in String, in V>.setValue(thisRef: Any?, property: KProperty<*>, value: V): Unit
e: file:///Users/HONGBGU/Documents/seadroid/app/src/main/java/com/seafile/seadroid2/ui/dialog_fragment/viewmodel/NewDirViewModel.kt:95:38 None of the following candidates is applicable:
@SinceKotlin(...) @InlineOnly() fun <V> KMutableProperty0<V>.setValue(thisRef: Any?, property: KProperty<*>, value: V): Unit
@SinceKotlin(...) @InlineOnly() fun <T, V> KMutableProperty1<T, V>.setValue(thisRef: T, property: KProperty<*>, value: V): Unit
@InlineOnly() fun <V> MutableMap<in String, in V>.setValue(thisRef: Any?, property: KProperty<*>, value: V): Unit
e: file:///Users/HONGBGU/Documents/seadroid/app/src/main/java/com/seafile/seadroid2/ui/dialog_fragment/viewmodel/NewRepoViewModel.kt:37:30 None of the following candidates is applicable:
@SinceKotlin(...) @InlineOnly() fun <V> KMutableProperty0<V>.setValue(thisRef: Any?, property: KProperty<*>, value: V): Unit
@SinceKotlin(...) @InlineOnly() fun <T, V> KMutableProperty1<T, V>.setValue(thisRef: T, property: KProperty<*>, value: V): Unit
@InlineOnly() fun <V> MutableMap<in String, in V>.setValue(thisRef: Any?, property: KProperty<*>, value: V): Unit
e: file:///Users/HONGBGU/Documents/seadroid/app/src/main/java/com/seafile/seadroid2/ui/dialog_fragment/viewmodel/NewRepoViewModel.kt:48:78 Only safe (?.) or non-null asserted (!!.) calls are allowed on a nullable receiver of type 'com.seafile.seadroid2.account.SupportAccountManager?'.
e: file:///Users/HONGBGU/Documents/seadroid/app/src/main/java/com/seafile/seadroid2/ui/dialog_fragment/viewmodel/NewRepoViewModel.kt:51:13 Initializer type mismatch: expected 'io.reactivex.Single<com.seafile.seadroid2.framework.db.entities.RepoModel?>', actual 'io.reactivex.Single<com.seafile.seadroid2.framework.db.entities.RepoModel?>?'.
e: file:///Users/HONGBGU/Documents/seadroid/app/src/main/java/com/seafile/seadroid2/ui/dialog_fragment/viewmodel/NewRepoViewModel.kt:51:50 Only safe (?.) or non-null asserted (!!.) calls are allowed on a nullable receiver of type 'com.seafile.seadroid2.framework.http.HttpIO?'.
e: file:///Users/HONGBGU/Documents/seadroid/app/src/main/java/com/seafile/seadroid2/ui/dialog_fragment/viewmodel/NewRepoViewModel.kt:51:75 Argument type mismatch: actual type is 'java.lang.Class<com.seafile.seadroid2.ui.dialog_fragment.DialogService>', but 'java.lang.Class<T?>' was expected.
e: file:///Users/HONGBGU/Documents/seadroid/app/src/main/java/com/seafile/seadroid2/ui/dialog_fragment/viewmodel/NewRepoViewModel.kt:52:17 Only safe (?.) or non-null asserted (!!.) calls are allowed on a nullable receiver of type 'com.seafile.seadroid2.ui.dialog_fragment.DialogService?'.
e: file:///Users/HONGBGU/Documents/seadroid/app/src/main/java/com/seafile/seadroid2/ui/dialog_fragment/viewmodel/NewRepoViewModel.kt:58:25 Only safe (?.) or non-null asserted (!!.) calls are allowed on a nullable receiver of type 'com.seafile.seadroid2.framework.http.HttpIO?'.
e: file:///Users/HONGBGU/Documents/seadroid/app/src/main/java/com/seafile/seadroid2/ui/dialog_fragment/viewmodel/NewRepoViewModel.kt:58:48 Argument type mismatch: actual type is 'java.lang.Class<com.seafile.seadroid2.ui.repo.RepoService>', but 'java.lang.Class<T?>' was expected.
e: file:///Users/HONGBGU/Documents/seadroid/app/src/main/java/com/seafile/seadroid2/ui/dialog_fragment/viewmodel/NewRepoViewModel.kt:59:25 Only safe (?.) or non-null asserted (!!.) calls are allowed on a nullable receiver of type 'com.seafile.seadroid2.ui.repo.RepoService?'.
e: file:///Users/HONGBGU/Documents/seadroid/app/src/main/java/com/seafile/seadroid2/ui/dialog_fragment/viewmodel/NewRepoViewModel.kt:60:25 Only safe (?.) or non-null asserted (!!.) calls are allowed on a nullable receiver of type 'io.reactivex.Single<com.seafile.seadroid2.framework.model.repo.RepoInfoModel?>?'.
e: file:///Users/HONGBGU/Documents/seadroid/app/src/main/java/com/seafile/seadroid2/ui/dialog_fragment/viewmodel/NewRepoViewModel.kt:84:50 Class '<anonymous>' is not abstract and does not implement abstract member 'apply'.
e: file:///Users/HONGBGU/Documents/seadroid/app/src/main/java/com/seafile/seadroid2/ui/dialog_fragment/viewmodel/NewRepoViewModel.kt:87:33 'apply' overrides nothing.
e: file:///Users/HONGBGU/Documents/seadroid/app/src/main/java/com/seafile/seadroid2/ui/dialog_fragment/viewmodel/NewRepoViewModel.kt:99:38 None of the following candidates is applicable:
@SinceKotlin(...) @InlineOnly() fun <V> KMutableProperty0<V>.setValue(thisRef: Any?, property: KProperty<*>, value: V): Unit
@SinceKotlin(...) @InlineOnly() fun <T, V> KMutableProperty1<T, V>.setValue(thisRef: T, property: KProperty<*>, value: V): Unit
@InlineOnly() fun <V> MutableMap<in String, in V>.setValue(thisRef: Any?, property: KProperty<*>, value: V): Unit
e: file:///Users/HONGBGU/Documents/seadroid/app/src/main/java/com/seafile/seadroid2/ui/dialog_fragment/viewmodel/NewRepoViewModel.kt:107:44 None of the following candidates is applicable:
@SinceKotlin(...) @InlineOnly() fun <V> KMutableProperty0<V>.setValue(thisRef: Any?, property: KProperty<*>, value: V): Unit
@SinceKotlin(...) @InlineOnly() fun <T, V> KMutableProperty1<T, V>.setValue(thisRef: T, property: KProperty<*>, value: V): Unit
@InlineOnly() fun <V> MutableMap<in String, in V>.setValue(thisRef: Any?, property: KProperty<*>, value: V): Unit
e: file:///Users/HONGBGU/Documents/seadroid/app/src/main/java/com/seafile/seadroid2/ui/dialog_fragment/viewmodel/NewRepoViewModel.kt:108:38 None of the following candidates is applicable:
@SinceKotlin(...) @InlineOnly() fun <V> KMutableProperty0<V>.setValue(thisRef: Any?, property: KProperty<*>, value: V): Unit
@SinceKotlin(...) @InlineOnly() fun <T, V> KMutableProperty1<T, V>.setValue(thisRef: T, property: KProperty<*>, value: V): Unit
@InlineOnly() fun <V> MutableMap<in String, in V>.setValue(thisRef: Any?, property: KProperty<*>, value: V): Unit
e: file:///Users/HONGBGU/Documents/seadroid/app/src/main/java/com/seafile/seadroid2/ui/dialog_fragment/viewmodel/NewRepoViewModel.kt:132:67 Argument type mismatch: actual type is 'kotlin.String?', but 'kotlin.String' was expected.
e: file:///Users/HONGBGU/Documents/seadroid/app/src/main/java/com/seafile/seadroid2/ui/dialog_fragment/viewmodel/NewRepoViewModel.kt:144:56 Only safe (?.) or non-null asserted (!!.) calls are allowed on a nullable receiver of type 'com.seafile.seadroid2.framework.db.AppDatabase?'.
e: file:///Users/HONGBGU/Documents/seadroid/app/src/main/java/com/seafile/seadroid2/ui/dialog_fragment/viewmodel/NewRepoViewModel.kt:144:73 Only safe (?.) or non-null asserted (!!.) calls are allowed on a nullable receiver of type 'com.seafile.seadroid2.framework.db.dao.EncKeyCacheDAO?'.
e: file:///Users/HONGBGU/Documents/seadroid/app/src/main/java/com/seafile/seadroid2/ui/dialog_fragment/viewmodel/PasswordViewModel.kt:50:13 Initializer type mismatch: expected 'io.reactivex.Single<kotlin.collections.MutableList<com.seafile.seadroid2.framework.db.entities.RepoModel?>?>', actual 'io.reactivex.Single<kotlin.collections.MutableList<com.seafile.seadroid2.framework.db.entities.RepoModel?>?>?'.
e: file:///Users/HONGBGU/Documents/seadroid/app/src/main/java/com/seafile/seadroid2/ui/dialog_fragment/viewmodel/PasswordViewModel.kt:50:48 Only safe (?.) or non-null asserted (!!.) calls are allowed on a nullable receiver of type 'com.seafile.seadroid2.framework.db.AppDatabase?'.
e: file:///Users/HONGBGU/Documents/seadroid/app/src/main/java/com/seafile/seadroid2/ui/dialog_fragment/viewmodel/PasswordViewModel.kt:50:58 Only safe (?.) or non-null asserted (!!.) calls are allowed on a nullable receiver of type 'com.seafile.seadroid2.framework.db.dao.RepoDAO?'.
e: file:///Users/HONGBGU/Documents/seadroid/app/src/main/java/com/seafile/seadroid2/ui/dialog_fragment/viewmodel/PasswordViewModel.kt:57:55 Class '<anonymous>' is not abstract and does not implement abstract member 'accept'.
e: file:///Users/HONGBGU/Documents/seadroid/app/src/main/java/com/seafile/seadroid2/ui/dialog_fragment/viewmodel/PasswordViewModel.kt:58:29 'accept' overrides nothing.
e: file:///Users/HONGBGU/Documents/seadroid/app/src/main/java/com/seafile/seadroid2/ui/dialog_fragment/viewmodel/PasswordViewModel.kt:70:49 Initializer type mismatch: expected 'io.reactivex.Single<com.seafile.seadroid2.framework.model.repo.RepoInfoModel?>', actual 'io.reactivex.Single<com.seafile.seadroid2.framework.model.repo.RepoInfoModel?>?'.
e: file:///Users/HONGBGU/Documents/seadroid/app/src/main/java/com/seafile/seadroid2/ui/dialog_fragment/viewmodel/PasswordViewModel.kt:71:13 Only safe (?.) or non-null asserted (!!.) calls are allowed on a nullable receiver of type 'com.seafile.seadroid2.framework.http.HttpIO?'.
e: file:///Users/HONGBGU/Documents/seadroid/app/src/main/java/com/seafile/seadroid2/ui/dialog_fragment/viewmodel/PasswordViewModel.kt:71:36 Argument type mismatch: actual type is 'java.lang.Class<com.seafile.seadroid2.ui.repo.RepoService>', but 'java.lang.Class<T?>' was expected.
e: file:///Users/HONGBGU/Documents/seadroid/app/src/main/java/com/seafile/seadroid2/ui/dialog_fragment/viewmodel/PasswordViewModel.kt:71:60 Only safe (?.) or non-null asserted (!!.) calls are allowed on a nullable receiver of type 'com.seafile.seadroid2.ui.repo.RepoService?'.
e: file:///Users/HONGBGU/Documents/seadroid/app/src/main/java/com/seafile/seadroid2/ui/dialog_fragment/viewmodel/PasswordViewModel.kt:73:13 Initializer type mismatch: expected 'io.reactivex.Single<kotlin.collections.MutableList<com.seafile.seadroid2.framework.db.entities.RepoModel?>?>', actual 'io.reactivex.Single<kotlin.collections.MutableList<com.seafile.seadroid2.framework.db.entities.RepoModel?>?>?'.
e: file:///Users/HONGBGU/Documents/seadroid/app/src/main/java/com/seafile/seadroid2/ui/dialog_fragment/viewmodel/PasswordViewModel.kt:73:48 Only safe (?.) or non-null asserted (!!.) calls are allowed on a nullable receiver of type 'com.seafile.seadroid2.framework.db.AppDatabase?'.
e: file:///Users/HONGBGU/Documents/seadroid/app/src/main/java/com/seafile/seadroid2/ui/dialog_fragment/viewmodel/PasswordViewModel.kt:73:58 Only safe (?.) or non-null asserted (!!.) calls are allowed on a nullable receiver of type 'com.seafile.seadroid2.framework.db.dao.RepoDAO?'.
e: file:///Users/HONGBGU/Documents/seadroid/app/src/main/java/com/seafile/seadroid2/ui/dialog_fragment/viewmodel/PasswordViewModel.kt:78:13 Class '<anonymous>' is not abstract and does not implement abstract member 'apply'.
e: file:///Users/HONGBGU/Documents/seadroid/app/src/main/java/com/seafile/seadroid2/ui/dialog_fragment/viewmodel/PasswordViewModel.kt:79:17 'apply' overrides nothing.
e: file:///Users/HONGBGU/Documents/seadroid/app/src/main/java/com/seafile/seadroid2/ui/dialog_fragment/viewmodel/PasswordViewModel.kt:87:60 Only safe (?.) or non-null asserted (!!.) calls are allowed on a nullable receiver of type 'com.seafile.seadroid2.framework.db.AppDatabase?'.
e: file:///Users/HONGBGU/Documents/seadroid/app/src/main/java/com/seafile/seadroid2/ui/dialog_fragment/viewmodel/PasswordViewModel.kt:87:70 Only safe (?.) or non-null asserted (!!.) calls are allowed on a nullable receiver of type 'com.seafile.seadroid2.framework.db.dao.RepoDAO?'.
e: file:///Users/HONGBGU/Documents/seadroid/app/src/main/java/com/seafile/seadroid2/ui/dialog_fragment/viewmodel/PasswordViewModel.kt:98:60 Only safe (?.) or non-null asserted (!!.) calls are allowed on a nullable receiver of type 'com.seafile.seadroid2.framework.db.AppDatabase?'.
e: file:///Users/HONGBGU/Documents/seadroid/app/src/main/java/com/seafile/seadroid2/ui/dialog_fragment/viewmodel/PasswordViewModel.kt:98:70 Only safe (?.) or non-null asserted (!!.) calls are allowed on a nullable receiver of type 'com.seafile.seadroid2.framework.db.dao.RepoDAO?'.
e: file:///Users/HONGBGU/Documents/seadroid/app/src/main/java/com/seafile/seadroid2/ui/dialog_fragment/viewmodel/PasswordViewModel.kt:114:44 None of the following candidates is applicable:
@SinceKotlin(...) @InlineOnly() fun <V> KMutableProperty0<V>.setValue(thisRef: Any?, property: KProperty<*>, value: V): Unit
@SinceKotlin(...) @InlineOnly() fun <T, V> KMutableProperty1<T, V>.setValue(thisRef: T, property: KProperty<*>, value: V): Unit
@InlineOnly() fun <V> MutableMap<in String, in V>.setValue(thisRef: Any?, property: KProperty<*>, value: V): Unit
e: file:///Users/HONGBGU/Documents/seadroid/app/src/main/java/com/seafile/seadroid2/ui/dialog_fragment/viewmodel/PasswordViewModel.kt:125:30 None of the following candidates is applicable:
@SinceKotlin(...) @InlineOnly() fun <V> KMutableProperty0<V>.setValue(thisRef: Any?, property: KProperty<*>, value: V): Unit
@SinceKotlin(...) @InlineOnly() fun <T, V> KMutableProperty1<T, V>.setValue(thisRef: T, property: KProperty<*>, value: V): Unit
@InlineOnly() fun <V> MutableMap<in String, in V>.setValue(thisRef: Any?, property: KProperty<*>, value: V): Unit
e: file:///Users/HONGBGU/Documents/seadroid/app/src/main/java/com/seafile/seadroid2/ui/dialog_fragment/viewmodel/PasswordViewModel.kt:131:47 Initializer type mismatch: expected 'io.reactivex.Single<com.seafile.seadroid2.framework.model.ResultModel?>', actual 'io.reactivex.Single<com.seafile.seadroid2.framework.model.ResultModel?>?'.
e: file:///Users/HONGBGU/Documents/seadroid/app/src/main/java/com/seafile/seadroid2/ui/dialog_fragment/viewmodel/PasswordViewModel.kt:132:13 Only safe (?.) or non-null asserted (!!.) calls are allowed on a nullable receiver of type 'com.seafile.seadroid2.framework.http.HttpIO?'.
e: file:///Users/HONGBGU/Documents/seadroid/app/src/main/java/com/seafile/seadroid2/ui/dialog_fragment/viewmodel/PasswordViewModel.kt:132:38 Argument type mismatch: actual type is 'java.lang.Class<com.seafile.seadroid2.ui.dialog_fragment.DialogService>', but 'java.lang.Class<T?>' was expected.
e: file:///Users/HONGBGU/Documents/seadroid/app/src/main/java/com/seafile/seadroid2/ui/dialog_fragment/viewmodel/PasswordViewModel.kt:133:13 Only safe (?.) or non-null asserted (!!.) calls are allowed on a nullable receiver of type 'com.seafile.seadroid2.ui.dialog_fragment.DialogService?'.
e: file:///Users/HONGBGU/Documents/seadroid/app/src/main/java/com/seafile/seadroid2/ui/dialog_fragment/viewmodel/PasswordViewModel.kt:149:71 Argument type mismatch: actual type is 'kotlin.String?', but 'kotlin.String' was expected.
e: file:///Users/HONGBGU/Documents/seadroid/app/src/main/java/com/seafile/seadroid2/ui/dialog_fragment/viewmodel/PasswordViewModel.kt:161:60 Only safe (?.) or non-null asserted (!!.) calls are allowed on a nullable receiver of type 'com.seafile.seadroid2.framework.db.AppDatabase?'.
e: file:///Users/HONGBGU/Documents/seadroid/app/src/main/java/com/seafile/seadroid2/ui/dialog_fragment/viewmodel/PasswordViewModel.kt:161:77 Only safe (?.) or non-null asserted (!!.) calls are allowed on a nullable receiver of type 'com.seafile.seadroid2.framework.db.dao.EncKeyCacheDAO?'.
e: file:///Users/HONGBGU/Documents/seadroid/app/src/main/java/com/seafile/seadroid2/ui/dialog_fragment/viewmodel/PasswordViewModel.kt:184:75 Class '<anonymous>' is not abstract and does not implement abstract member 'apply'.
e: file:///Users/HONGBGU/Documents/seadroid/app/src/main/java/com/seafile/seadroid2/ui/dialog_fragment/viewmodel/PasswordViewModel.kt:186:21 'apply' overrides nothing.
e: file:///Users/HONGBGU/Documents/seadroid/app/src/main/java/com/seafile/seadroid2/ui/dialog_fragment/viewmodel/PasswordViewModel.kt:202:38 None of the following candidates is applicable:
@SinceKotlin(...) @InlineOnly() fun <V> KMutableProperty0<V>.setValue(thisRef: Any?, property: KProperty<*>, value: V): Unit
@SinceKotlin(...) @InlineOnly() fun <T, V> KMutableProperty1<T, V>.setValue(thisRef: T, property: KProperty<*>, value: V): Unit
@InlineOnly() fun <V> MutableMap<in String, in V>.setValue(thisRef: Any?, property: KProperty<*>, value: V): Unit
e: file:///Users/HONGBGU/Documents/seadroid/app/src/main/java/com/seafile/seadroid2/ui/dialog_fragment/viewmodel/PasswordViewModel.kt:207:44 None of the following candidates is applicable:
@SinceKotlin(...) @InlineOnly() fun <V> KMutableProperty0<V>.setValue(thisRef: Any?, property: KProperty<*>, value: V): Unit
@SinceKotlin(...) @InlineOnly() fun <T, V> KMutableProperty1<T, V>.setValue(thisRef: T, property: KProperty<*>, value: V): Unit
@InlineOnly() fun <V> MutableMap<in String, in V>.setValue(thisRef: Any?, property: KProperty<*>, value: V): Unit
e: file:///Users/HONGBGU/Documents/seadroid/app/src/main/java/com/seafile/seadroid2/ui/dialog_fragment/viewmodel/PasswordViewModel.kt:208:38 None of the following candidates is applicable:
@SinceKotlin(...) @InlineOnly() fun <V> KMutableProperty0<V>.setValue(thisRef: Any?, property: KProperty<*>, value: V): Unit
@SinceKotlin(...) @InlineOnly() fun <T, V> KMutableProperty1<T, V>.setValue(thisRef: T, property: KProperty<*>, value: V): Unit
@InlineOnly() fun <V> MutableMap<in String, in V>.setValue(thisRef: Any?, property: KProperty<*>, value: V): Unit
e: file:///Users/HONGBGU/Documents/seadroid/app/src/main/java/com/seafile/seadroid2/ui/dialog_fragment/viewmodel/PasswordViewModel.kt:227:29 Argument type mismatch: actual type is 'kotlin.String?', but 'kotlin.String' was expected.
e: file:///Users/HONGBGU/Documents/seadroid/app/src/main/java/com/seafile/seadroid2/ui/dialog_fragment/viewmodel/PasswordViewModel.kt:279:29 Argument type mismatch: actual type is 'kotlin.String?', but 'kotlin.String' was expected.
e: file:///Users/HONGBGU/Documents/seadroid/app/src/main/java/com/seafile/seadroid2/ui/dialog_fragment/viewmodel/PasswordViewModel.kt:293:60 Only safe (?.) or non-null asserted (!!.) calls are allowed on a nullable receiver of type 'com.seafile.seadroid2.framework.db.AppDatabase?'.
e: file:///Users/HONGBGU/Documents/seadroid/app/src/main/java/com/seafile/seadroid2/ui/dialog_fragment/viewmodel/PasswordViewModel.kt:293:77 Only safe (?.) or non-null asserted (!!.) calls are allowed on a nullable receiver of type 'com.seafile.seadroid2.framework.db.dao.EncKeyCacheDAO?'.
e: file:///Users/HONGBGU/Documents/seadroid/app/src/main/java/com/seafile/seadroid2/ui/dialog_fragment/viewmodel/PasswordViewModel.kt:331:38 None of the following candidates is applicable:
@SinceKotlin(...) @InlineOnly() fun <V> KMutableProperty0<V>.setValue(thisRef: Any?, property: KProperty<*>, value: V): Unit
@SinceKotlin(...) @InlineOnly() fun <T, V> KMutableProperty1<T, V>.setValue(thisRef: T, property: KProperty<*>, value: V): Unit
@InlineOnly() fun <V> MutableMap<in String, in V>.setValue(thisRef: Any?, property: KProperty<*>, value: V): Unit
e: file:///Users/HONGBGU/Documents/seadroid/app/src/main/java/com/seafile/seadroid2/ui/dialog_fragment/viewmodel/RenameRepoViewModel.kt:39:30 None of the following candidates is applicable:
@SinceKotlin(...) @InlineOnly() fun <V> KMutableProperty0<V>.setValue(thisRef: Any?, property: KProperty<*>, value: V): Unit
@SinceKotlin(...) @InlineOnly() fun <T, V> KMutableProperty1<T, V>.setValue(thisRef: T, property: KProperty<*>, value: V): Unit
@InlineOnly() fun <V> MutableMap<in String, in V>.setValue(thisRef: Any?, property: KProperty<*>, value: V): Unit
e: file:///Users/HONGBGU/Documents/seadroid/app/src/main/java/com/seafile/seadroid2/ui/dialog_fragment/viewmodel/RenameRepoViewModel.kt:46:13 Initializer type mismatch: expected 'io.reactivex.Single<kotlin.String?>', actual 'io.reactivex.Single<kotlin.String?>?'.
e: file:///Users/HONGBGU/Documents/seadroid/app/src/main/java/com/seafile/seadroid2/ui/dialog_fragment/viewmodel/RenameRepoViewModel.kt:46:50 Only safe (?.) or non-null asserted (!!.) calls are allowed on a nullable receiver of type 'com.seafile.seadroid2.framework.http.HttpIO?'.
e: file:///Users/HONGBGU/Documents/seadroid/app/src/main/java/com/seafile/seadroid2/ui/dialog_fragment/viewmodel/RenameRepoViewModel.kt:46:75 Argument type mismatch: actual type is 'java.lang.Class<com.seafile.seadroid2.ui.dialog_fragment.DialogService>', but 'java.lang.Class<T?>' was expected.
e: file:///Users/HONGBGU/Documents/seadroid/app/src/main/java/com/seafile/seadroid2/ui/dialog_fragment/viewmodel/RenameRepoViewModel.kt:47:17 Only safe (?.) or non-null asserted (!!.) calls are allowed on a nullable receiver of type 'com.seafile.seadroid2.ui.dialog_fragment.DialogService?'.
e: file:///Users/HONGBGU/Documents/seadroid/app/src/main/java/com/seafile/seadroid2/ui/dialog_fragment/viewmodel/RenameRepoViewModel.kt:48:47 Class '<anonymous>' is not abstract and does not implement abstract member 'apply'.
e: file:///Users/HONGBGU/Documents/seadroid/app/src/main/java/com/seafile/seadroid2/ui/dialog_fragment/viewmodel/RenameRepoViewModel.kt:50:13 'apply' overrides nothing.
e: file:///Users/HONGBGU/Documents/seadroid/app/src/main/java/com/seafile/seadroid2/ui/dialog_fragment/viewmodel/RenameRepoViewModel.kt:72:60 Only safe (?.) or non-null asserted (!!.) calls are allowed on a nullable receiver of type 'com.seafile.seadroid2.framework.db.AppDatabase?'.
e: file:///Users/HONGBGU/Documents/seadroid/app/src/main/java/com/seafile/seadroid2/ui/dialog_fragment/viewmodel/RenameRepoViewModel.kt:73:29 Only safe (?.) or non-null asserted (!!.) calls are allowed on a nullable receiver of type 'com.seafile.seadroid2.framework.db.dao.FileCacheStatusDAO?'.
e: file:///Users/HONGBGU/Documents/seadroid/app/src/main/java/com/seafile/seadroid2/ui/dialog_fragment/viewmodel/RenameRepoViewModel.kt:74:60 Only safe (?.) or non-null asserted (!!.) calls are allowed on a nullable receiver of type 'com.seafile.seadroid2.framework.db.AppDatabase?'.
e: file:///Users/HONGBGU/Documents/seadroid/app/src/main/java/com/seafile/seadroid2/ui/dialog_fragment/viewmodel/RenameRepoViewModel.kt:75:29 Only safe (?.) or non-null asserted (!!.) calls are allowed on a nullable receiver of type 'com.seafile.seadroid2.framework.db.dao.FileTransferDAO?'.
e: file:///Users/HONGBGU/Documents/seadroid/app/src/main/java/com/seafile/seadroid2/ui/dialog_fragment/viewmodel/RenameRepoViewModel.kt:76:60 Only safe (?.) or non-null asserted (!!.) calls are allowed on a nullable receiver of type 'com.seafile.seadroid2.framework.db.AppDatabase?'.
e: file:///Users/HONGBGU/Documents/seadroid/app/src/main/java/com/seafile/seadroid2/ui/dialog_fragment/viewmodel/RenameRepoViewModel.kt:77:29 Only safe (?.) or non-null asserted (!!.) calls are allowed on a nullable receiver of type 'com.seafile.seadroid2.framework.db.dao.RepoDAO?'.
e: file:///Users/HONGBGU/Documents/seadroid/app/src/main/java/com/seafile/seadroid2/ui/dialog_fragment/viewmodel/RenameRepoViewModel.kt:78:60 Only safe (?.) or non-null asserted (!!.) calls are allowed on a nullable receiver of type 'com.seafile.seadroid2.framework.db.AppDatabase?'.
e: file:///Users/HONGBGU/Documents/seadroid/app/src/main/java/com/seafile/seadroid2/ui/dialog_fragment/viewmodel/RenameRepoViewModel.kt:79:29 Only safe (?.) or non-null asserted (!!.) calls are allowed on a nullable receiver of type 'com.seafile.seadroid2.framework.db.dao.DirentDAO?'.
e: file:///Users/HONGBGU/Documents/seadroid/app/src/main/java/com/seafile/seadroid2/ui/dialog_fragment/viewmodel/RenameRepoViewModel.kt:80:60 Only safe (?.) or non-null asserted (!!.) calls are allowed on a nullable receiver of type 'com.seafile.seadroid2.framework.db.AppDatabase?'.
e: file:///Users/HONGBGU/Documents/seadroid/app/src/main/java/com/seafile/seadroid2/ui/dialog_fragment/viewmodel/RenameRepoViewModel.kt:81:29 Only safe (?.) or non-null asserted (!!.) calls are allowed on a nullable receiver of type 'com.seafile.seadroid2.framework.db.dao.StarredDirentDAO?'.
e: file:///Users/HONGBGU/Documents/seadroid/app/src/main/java/com/seafile/seadroid2/ui/dialog_fragment/viewmodel/RenameRepoViewModel.kt:92:38 None of the following candidates is applicable:
@SinceKotlin(...) @InlineOnly() fun <V> KMutableProperty0<V>.setValue(thisRef: Any?, property: KProperty<*>, value: V): Unit
@SinceKotlin(...) @InlineOnly() fun <T, V> KMutableProperty1<T, V>.setValue(thisRef: T, property: KProperty<*>, value: V): Unit
@InlineOnly() fun <V> MutableMap<in String, in V>.setValue(thisRef: Any?, property: KProperty<*>, value: V): Unit
e: file:///Users/HONGBGU/Documents/seadroid/app/src/main/java/com/seafile/seadroid2/ui/dialog_fragment/viewmodel/RenameRepoViewModel.kt:100:44 None of the following candidates is applicable:
@SinceKotlin(...) @InlineOnly() fun <V> KMutableProperty0<V>.setValue(thisRef: Any?, property: KProperty<*>, value: V): Unit
@SinceKotlin(...) @InlineOnly() fun <T, V> KMutableProperty1<T, V>.setValue(thisRef: T, property: KProperty<*>, value: V): Unit
@InlineOnly() fun <V> MutableMap<in String, in V>.setValue(thisRef: Any?, property: KProperty<*>, value: V): Unit
e: file:///Users/HONGBGU/Documents/seadroid/app/src/main/java/com/seafile/seadroid2/ui/dialog_fragment/viewmodel/RenameRepoViewModel.kt:101:38 None of the following candidates is applicable:
@SinceKotlin(...) @InlineOnly() fun <V> KMutableProperty0<V>.setValue(thisRef: Any?, property: KProperty<*>, value: V): Unit
@SinceKotlin(...) @InlineOnly() fun <T, V> KMutableProperty1<T, V>.setValue(thisRef: T, property: KProperty<*>, value: V): Unit
@InlineOnly() fun <V> MutableMap<in String, in V>.setValue(thisRef: Any?, property: KProperty<*>, value: V): Unit
e: file:///Users/HONGBGU/Documents/seadroid/app/src/main/java/com/seafile/seadroid2/ui/dialog_fragment/viewmodel/RenameRepoViewModel.kt:118:30 None of the following candidates is applicable:
@SinceKotlin(...) @InlineOnly() fun <V> KMutableProperty0<V>.setValue(thisRef: Any?, property: KProperty<*>, value: V): Unit
@SinceKotlin(...) @InlineOnly() fun <T, V> KMutableProperty1<T, V>.setValue(thisRef: T, property: KProperty<*>, value: V): Unit
@InlineOnly() fun <V> MutableMap<in String, in V>.setValue(thisRef: Any?, property: KProperty<*>, value: V): Unit
e: file:///Users/HONGBGU/Documents/seadroid/app/src/main/java/com/seafile/seadroid2/ui/dialog_fragment/viewmodel/RenameRepoViewModel.kt:126:13 Initializer type mismatch: expected 'io.reactivex.Single<kotlin.String?>', actual 'io.reactivex.Single<kotlin.String?>?'.
e: file:///Users/HONGBGU/Documents/seadroid/app/src/main/java/com/seafile/seadroid2/ui/dialog_fragment/viewmodel/RenameRepoViewModel.kt:126:50 Only safe (?.) or non-null asserted (!!.) calls are allowed on a nullable receiver of type 'com.seafile.seadroid2.framework.http.HttpIO?'.
e: file:///Users/HONGBGU/Documents/seadroid/app/src/main/java/com/seafile/seadroid2/ui/dialog_fragment/viewmodel/RenameRepoViewModel.kt:126:75 Argument type mismatch: actual type is 'java.lang.Class<com.seafile.seadroid2.ui.dialog_fragment.DialogService>', but 'java.lang.Class<T?>' was expected.
e: file:///Users/HONGBGU/Documents/seadroid/app/src/main/java/com/seafile/seadroid2/ui/dialog_fragment/viewmodel/RenameRepoViewModel.kt:127:17 Only safe (?.) or non-null asserted (!!.) calls are allowed on a nullable receiver of type 'com.seafile.seadroid2.ui.dialog_fragment.DialogService?'.
e: file:///Users/HONGBGU/Documents/seadroid/app/src/main/java/com/seafile/seadroid2/ui/dialog_fragment/viewmodel/RenameRepoViewModel.kt:128:47 Class '<anonymous>' is not abstract and does not implement abstract member 'apply'.
e: file:///Users/HONGBGU/Documents/seadroid/app/src/main/java/com/seafile/seadroid2/ui/dialog_fragment/viewmodel/RenameRepoViewModel.kt:130:13 'apply' overrides nothing.
e: file:///Users/HONGBGU/Documents/seadroid/app/src/main/java/com/seafile/seadroid2/ui/dialog_fragment/viewmodel/RenameRepoViewModel.kt:166:29 Initializer type mismatch: expected 'kotlin.collections.MutableList<com.seafile.seadroid2.framework.db.entities.DirentModel>?', actual 'kotlin.collections.MutableList<com.seafile.seadroid2.framework.db.entities.DirentModel?>?'.
e: file:///Users/HONGBGU/Documents/seadroid/app/src/main/java/com/seafile/seadroid2/ui/dialog_fragment/viewmodel/RenameRepoViewModel.kt:166:64 Only safe (?.) or non-null asserted (!!.) calls are allowed on a nullable receiver of type 'com.seafile.seadroid2.framework.db.AppDatabase?'.
e: file:///Users/HONGBGU/Documents/seadroid/app/src/main/java/com/seafile/seadroid2/ui/dialog_fragment/viewmodel/RenameRepoViewModel.kt:167:33 Only safe (?.) or non-null asserted (!!.) calls are allowed on a nullable receiver of type 'com.seafile.seadroid2.framework.db.dao.DirentDAO?'.
e: file:///Users/HONGBGU/Documents/seadroid/app/src/main/java/com/seafile/seadroid2/ui/dialog_fragment/viewmodel/RenameRepoViewModel.kt:170:64 Only safe (?.) or non-null asserted (!!.) calls are allowed on a nullable receiver of type 'com.seafile.seadroid2.framework.db.AppDatabase?'.
e: file:///Users/HONGBGU/Documents/seadroid/app/src/main/java/com/seafile/seadroid2/ui/dialog_fragment/viewmodel/RenameRepoViewModel.kt:170:76 Only safe (?.) or non-null asserted (!!.) calls are allowed on a nullable receiver of type 'com.seafile.seadroid2.framework.db.dao.DirentDAO?'.
e: file:///Users/HONGBGU/Documents/seadroid/app/src/main/java/com/seafile/seadroid2/ui/dialog_fragment/viewmodel/RenameRepoViewModel.kt:180:64 Only safe (?.) or non-null asserted (!!.) calls are allowed on a nullable receiver of type 'com.seafile.seadroid2.framework.db.AppDatabase?'.
e: file:///Users/HONGBGU/Documents/seadroid/app/src/main/java/com/seafile/seadroid2/ui/dialog_fragment/viewmodel/RenameRepoViewModel.kt:180:76 Only safe (?.) or non-null asserted (!!.) calls are allowed on a nullable receiver of type 'com.seafile.seadroid2.framework.db.dao.DirentDAO?'.
e: file:///Users/HONGBGU/Documents/seadroid/app/src/main/java/com/seafile/seadroid2/ui/dialog_fragment/viewmodel/RenameRepoViewModel.kt:188:29 Initializer type mismatch: expected 'kotlin.collections.MutableList<com.seafile.seadroid2.framework.db.entities.DirentModel>?', actual 'kotlin.collections.MutableList<com.seafile.seadroid2.framework.db.entities.DirentModel?>?'.
e: file:///Users/HONGBGU/Documents/seadroid/app/src/main/java/com/seafile/seadroid2/ui/dialog_fragment/viewmodel/RenameRepoViewModel.kt:188:64 Only safe (?.) or non-null asserted (!!.) calls are allowed on a nullable receiver of type 'com.seafile.seadroid2.framework.db.AppDatabase?'.
e: file:///Users/HONGBGU/Documents/seadroid/app/src/main/java/com/seafile/seadroid2/ui/dialog_fragment/viewmodel/RenameRepoViewModel.kt:189:33 Only safe (?.) or non-null asserted (!!.) calls are allowed on a nullable receiver of type 'com.seafile.seadroid2.framework.db.dao.DirentDAO?'.
e: file:///Users/HONGBGU/Documents/seadroid/app/src/main/java/com/seafile/seadroid2/ui/dialog_fragment/viewmodel/RenameRepoViewModel.kt:192:68 Only safe (?.) or non-null asserted (!!.) calls are allowed on a nullable receiver of type 'com.seafile.seadroid2.framework.db.AppDatabase?'.
e: file:///Users/HONGBGU/Documents/seadroid/app/src/main/java/com/seafile/seadroid2/ui/dialog_fragment/viewmodel/RenameRepoViewModel.kt:192:80 Only safe (?.) or non-null asserted (!!.) calls are allowed on a nullable receiver of type 'com.seafile.seadroid2.framework.db.dao.DirentDAO?'.
e: file:///Users/HONGBGU/Documents/seadroid/app/src/main/java/com/seafile/seadroid2/ui/dialog_fragment/viewmodel/RenameRepoViewModel.kt:198:68 Only safe (?.) or non-null asserted (!!.) calls are allowed on a nullable receiver of type 'com.seafile.seadroid2.framework.db.AppDatabase?'.
e: file:///Users/HONGBGU/Documents/seadroid/app/src/main/java/com/seafile/seadroid2/ui/dialog_fragment/viewmodel/RenameRepoViewModel.kt:198:80 Only safe (?.) or non-null asserted (!!.) calls are allowed on a nullable receiver of type 'com.seafile.seadroid2.framework.db.dao.DirentDAO?'.
e: file:///Users/HONGBGU/Documents/seadroid/app/src/main/java/com/seafile/seadroid2/ui/dialog_fragment/viewmodel/RenameRepoViewModel.kt:203:29 Initializer type mismatch: expected 'kotlin.collections.MutableList<com.seafile.seadroid2.framework.db.entities.FileCacheStatusEntity>?', actual 'kotlin.collections.MutableList<com.seafile.seadroid2.framework.db.entities.FileCacheStatusEntity?>?'.
e: file:///Users/HONGBGU/Documents/seadroid/app/src/main/java/com/seafile/seadroid2/ui/dialog_fragment/viewmodel/RenameRepoViewModel.kt:203:64 Only safe (?.) or non-null asserted (!!.) calls are allowed on a nullable receiver of type 'com.seafile.seadroid2.framework.db.AppDatabase?'.
e: file:///Users/HONGBGU/Documents/seadroid/app/src/main/java/com/seafile/seadroid2/ui/dialog_fragment/viewmodel/RenameRepoViewModel.kt:204:33 Only safe (?.) or non-null asserted (!!.) calls are allowed on a nullable receiver of type 'com.seafile.seadroid2.framework.db.dao.FileCacheStatusDAO?'.
e: file:///Users/HONGBGU/Documents/seadroid/app/src/main/java/com/seafile/seadroid2/ui/dialog_fragment/viewmodel/RenameRepoViewModel.kt:209:68 Only safe (?.) or non-null asserted (!!.) calls are allowed on a nullable receiver of type 'com.seafile.seadroid2.framework.db.AppDatabase?'.
e: file:///Users/HONGBGU/Documents/seadroid/app/src/main/java/com/seafile/seadroid2/ui/dialog_fragment/viewmodel/RenameRepoViewModel.kt:210:37 Only safe (?.) or non-null asserted (!!.) calls are allowed on a nullable receiver of type 'com.seafile.seadroid2.framework.db.dao.FileCacheStatusDAO?'.
e: file:///Users/HONGBGU/Documents/seadroid/app/src/main/java/com/seafile/seadroid2/ui/dialog_fragment/viewmodel/RenameRepoViewModel.kt:215:82 Only safe (?.) or non-null asserted (!!.) calls are allowed on a nullable receiver of type 'kotlin.String?'.
e: file:///Users/HONGBGU/Documents/seadroid/app/src/main/java/com/seafile/seadroid2/ui/dialog_fragment/viewmodel/RenameRepoViewModel.kt:222:68 Only safe (?.) or non-null asserted (!!.) calls are allowed on a nullable receiver of type 'com.seafile.seadroid2.framework.db.AppDatabase?'.
e: file:///Users/HONGBGU/Documents/seadroid/app/src/main/java/com/seafile/seadroid2/ui/dialog_fragment/viewmodel/RenameRepoViewModel.kt:223:37 Only safe (?.) or non-null asserted (!!.) calls are allowed on a nullable receiver of type 'com.seafile.seadroid2.framework.db.dao.FileCacheStatusDAO?'.
e: file:///Users/HONGBGU/Documents/seadroid/app/src/main/java/com/seafile/seadroid2/ui/dialog_fragment/viewmodel/RenameRepoViewModel.kt:237:38 None of the following candidates is applicable:
@SinceKotlin(...) @InlineOnly() fun <V> KMutableProperty0<V>.setValue(thisRef: Any?, property: KProperty<*>, value: V): Unit
@SinceKotlin(...) @InlineOnly() fun <T, V> KMutableProperty1<T, V>.setValue(thisRef: T, property: KProperty<*>, value: V): Unit
@InlineOnly() fun <V> MutableMap<in String, in V>.setValue(thisRef: Any?, property: KProperty<*>, value: V): Unit
e: file:///Users/HONGBGU/Documents/seadroid/app/src/main/java/com/seafile/seadroid2/ui/dialog_fragment/viewmodel/RenameRepoViewModel.kt:245:44 None of the following candidates is applicable:
@SinceKotlin(...) @InlineOnly() fun <V> KMutableProperty0<V>.setValue(thisRef: Any?, property: KProperty<*>, value: V): Unit
@SinceKotlin(...) @InlineOnly() fun <T, V> KMutableProperty1<T, V>.setValue(thisRef: T, property: KProperty<*>, value: V): Unit
@InlineOnly() fun <V> MutableMap<in String, in V>.setValue(thisRef: Any?, property: KProperty<*>, value: V): Unit
e: file:///Users/HONGBGU/Documents/seadroid/app/src/main/java/com/seafile/seadroid2/ui/dialog_fragment/viewmodel/RenameRepoViewModel.kt:246:38 None of the following candidates is applicable:
@SinceKotlin(...) @InlineOnly() fun <V> KMutableProperty0<V>.setValue(thisRef: Any?, property: KProperty<*>, value: V): Unit
@SinceKotlin(...) @InlineOnly() fun <T, V> KMutableProperty1<T, V>.setValue(thisRef: T, property: KProperty<*>, value: V): Unit
@InlineOnly() fun <V> MutableMap<in String, in V>.setValue(thisRef: Any?, property: KProperty<*>, value: V): Unit
e: file:///Users/HONGBGU/Documents/seadroid/app/src/main/java/com/seafile/seadroid2/ui/dialog_fragment/viewmodel/RenameRepoViewModel.kt:263:30 None of the following candidates is applicable:
@SinceKotlin(...) @InlineOnly() fun <V> KMutableProperty0<V>.setValue(thisRef: Any?, property: KProperty<*>, value: V): Unit
@SinceKotlin(...) @InlineOnly() fun <T, V> KMutableProperty1<T, V>.setValue(thisRef: T, property: KProperty<*>, value: V): Unit
@InlineOnly() fun <V> MutableMap<in String, in V>.setValue(thisRef: Any?, property: KProperty<*>, value: V): Unit
e: file:///Users/HONGBGU/Documents/seadroid/app/src/main/java/com/seafile/seadroid2/ui/dialog_fragment/viewmodel/RenameRepoViewModel.kt:271:13 Initializer type mismatch: expected 'io.reactivex.Single<com.seafile.seadroid2.framework.model.dirents.FileCreateModel?>', actual 'io.reactivex.Single<com.seafile.seadroid2.framework.model.dirents.FileCreateModel?>?'.
e: file:///Users/HONGBGU/Documents/seadroid/app/src/main/java/com/seafile/seadroid2/ui/dialog_fragment/viewmodel/RenameRepoViewModel.kt:271:50 Only safe (?.) or non-null asserted (!!.) calls are allowed on a nullable receiver of type 'com.seafile.seadroid2.framework.http.HttpIO?'.
e: file:///Users/HONGBGU/Documents/seadroid/app/src/main/java/com/seafile/seadroid2/ui/dialog_fragment/viewmodel/RenameRepoViewModel.kt:271:75 Argument type mismatch: actual type is 'java.lang.Class<com.seafile.seadroid2.ui.dialog_fragment.DialogService>', but 'java.lang.Class<T?>' was expected.
e: file:///Users/HONGBGU/Documents/seadroid/app/src/main/java/com/seafile/seadroid2/ui/dialog_fragment/viewmodel/RenameRepoViewModel.kt:272:17 Only safe (?.) or non-null asserted (!!.) calls are allowed on a nullable receiver of type 'com.seafile.seadroid2.ui.dialog_fragment.DialogService?'.
e: file:///Users/HONGBGU/Documents/seadroid/app/src/main/java/com/seafile/seadroid2/ui/dialog_fragment/viewmodel/RenameRepoViewModel.kt:273:56 Class '<anonymous>' is not abstract and does not implement abstract member 'apply'.
e: file:///Users/HONGBGU/Documents/seadroid/app/src/main/java/com/seafile/seadroid2/ui/dialog_fragment/viewmodel/RenameRepoViewModel.kt:276:13 'apply' overrides nothing.
e: file:///Users/HONGBGU/Documents/seadroid/app/src/main/java/com/seafile/seadroid2/ui/dialog_fragment/viewmodel/RenameRepoViewModel.kt:317:29 Initializer type mismatch: expected 'kotlin.collections.MutableList<com.seafile.seadroid2.framework.db.entities.FileCacheStatusEntity>?', actual 'kotlin.collections.MutableList<com.seafile.seadroid2.framework.db.entities.FileCacheStatusEntity?>?'.
e: file:///Users/HONGBGU/Documents/seadroid/app/src/main/java/com/seafile/seadroid2/ui/dialog_fragment/viewmodel/RenameRepoViewModel.kt:317:64 Only safe (?.) or non-null asserted (!!.) calls are allowed on a nullable receiver of type 'com.seafile.seadroid2.framework.db.AppDatabase?'.
e: file:///Users/HONGBGU/Documents/seadroid/app/src/main/java/com/seafile/seadroid2/ui/dialog_fragment/viewmodel/RenameRepoViewModel.kt:318:33 Only safe (?.) or non-null asserted (!!.) calls are allowed on a nullable receiver of type 'com.seafile.seadroid2.framework.db.dao.FileCacheStatusDAO?'.
e: file:///Users/HONGBGU/Documents/seadroid/app/src/main/java/com/seafile/seadroid2/ui/dialog_fragment/viewmodel/RenameRepoViewModel.kt:326:64 Only safe (?.) or non-null asserted (!!.) calls are allowed on a nullable receiver of type 'com.seafile.seadroid2.framework.db.AppDatabase?'.
e: file:///Users/HONGBGU/Documents/seadroid/app/src/main/java/com/seafile/seadroid2/ui/dialog_fragment/viewmodel/RenameRepoViewModel.kt:327:33 Only safe (?.) or non-null asserted (!!.) calls are allowed on a nullable receiver of type 'com.seafile.seadroid2.framework.db.dao.FileCacheStatusDAO?'.
e: file:///Users/HONGBGU/Documents/seadroid/app/src/main/java/com/seafile/seadroid2/ui/dialog_fragment/viewmodel/RenameRepoViewModel.kt:338:64 Only safe (?.) or non-null asserted (!!.) calls are allowed on a nullable receiver of type 'com.seafile.seadroid2.framework.db.AppDatabase?'.
e: file:///Users/HONGBGU/Documents/seadroid/app/src/main/java/com/seafile/seadroid2/ui/dialog_fragment/viewmodel/RenameRepoViewModel.kt:339:33 Only safe (?.) or non-null asserted (!!.) calls are allowed on a nullable receiver of type 'com.seafile.seadroid2.framework.db.dao.FileCacheStatusDAO?'.
e: file:///Users/HONGBGU/Documents/seadroid/app/src/main/java/com/seafile/seadroid2/ui/dialog_fragment/viewmodel/RenameRepoViewModel.kt:349:39 Class '<anonymous>' is not abstract and does not implement abstract member 'accept'.
e: file:///Users/HONGBGU/Documents/seadroid/app/src/main/java/com/seafile/seadroid2/ui/dialog_fragment/viewmodel/RenameRepoViewModel.kt:351:13 'accept' overrides nothing.
e: file:///Users/HONGBGU/Documents/seadroid/app/src/main/java/com/seafile/seadroid2/ui/dialog_fragment/viewmodel/RenameRepoViewModel.kt:352:38 None of the following candidates is applicable:
@SinceKotlin(...) @InlineOnly() fun <V> KMutableProperty0<V>.setValue(thisRef: Any?, property: KProperty<*>, value: V): Unit
@SinceKotlin(...) @InlineOnly() fun <T, V> KMutableProperty1<T, V>.setValue(thisRef: T, property: KProperty<*>, value: V): Unit
@InlineOnly() fun <V> MutableMap<in String, in V>.setValue(thisRef: Any?, property: KProperty<*>, value: V): Unit
e: file:///Users/HONGBGU/Documents/seadroid/app/src/main/java/com/seafile/seadroid2/ui/dialog_fragment/viewmodel/RenameRepoViewModel.kt:360:44 None of the following candidates is applicable:
@SinceKotlin(...) @InlineOnly() fun <V> KMutableProperty0<V>.setValue(thisRef: Any?, property: KProperty<*>, value: V): Unit
@SinceKotlin(...) @InlineOnly() fun <T, V> KMutableProperty1<T, V>.setValue(thisRef: T, property: KProperty<*>, value: V): Unit
@InlineOnly() fun <V> MutableMap<in String, in V>.setValue(thisRef: Any?, property: KProperty<*>, value: V): Unit
e: file:///Users/HONGBGU/Documents/seadroid/app/src/main/java/com/seafile/seadroid2/ui/dialog_fragment/viewmodel/RenameRepoViewModel.kt:361:38 None of the following candidates is applicable:
@SinceKotlin(...) @InlineOnly() fun <V> KMutableProperty0<V>.setValue(thisRef: Any?, property: KProperty<*>, value: V): Unit
@SinceKotlin(...) @InlineOnly() fun <T, V> KMutableProperty1<T, V>.setValue(thisRef: T, property: KProperty<*>, value: V): Unit
@InlineOnly() fun <V> MutableMap<in String, in V>.setValue(thisRef: Any?, property: KProperty<*>, value: V): Unit
e: file:///Users/HONGBGU/Documents/seadroid/app/src/main/java/com/seafile/seadroid2/ui/dialog_fragment/viewmodel/SwitchStorageViewModel.kt:44:30 None of the following candidates is applicable:
@SinceKotlin(...) @InlineOnly() fun <V> KMutableProperty0<V>.setValue(thisRef: Any?, property: KProperty<*>, value: V): Unit
@SinceKotlin(...) @InlineOnly() fun <T, V> KMutableProperty1<T, V>.setValue(thisRef: T, property: KProperty<*>, value: V): Unit
@InlineOnly() fun <V> MutableMap<in String, in V>.setValue(thisRef: Any?, property: KProperty<*>, value: V): Unit
e: file:///Users/HONGBGU/Documents/seadroid/app/src/main/java/com/seafile/seadroid2/ui/dialog_fragment/viewmodel/SwitchStorageViewModel.kt:47:53 Only safe (?.) or non-null asserted (!!.) calls are allowed on a nullable receiver of type 'com.seafile.seadroid2.framework.service.BackupThreadExecutor?'.
e: file:///Users/HONGBGU/Documents/seadroid/app/src/main/java/com/seafile/seadroid2/ui/dialog_fragment/viewmodel/SwitchStorageViewModel.kt:60:25 Initializer type mismatch: expected 'kotlin.collections.MutableList<com.seafile.seadroid2.account.Account?>', actual 'kotlin.collections.MutableList<android.accounts.Account>'.
e: file:///Users/HONGBGU/Documents/seadroid/app/src/main/java/com/seafile/seadroid2/ui/dialog_fragment/viewmodel/SwitchStorageViewModel.kt:60:70 Only safe (?.) or non-null asserted (!!.) calls are allowed on a nullable receiver of type 'com.seafile.seadroid2.account.SupportAccountManager?'.
e: file:///Users/HONGBGU/Documents/seadroid/app/src/main/java/com/seafile/seadroid2/ui/dialog_fragment/viewmodel/SwitchStorageViewModel.kt:69:64 Only safe (?.) or non-null asserted (!!.) calls are allowed on a nullable receiver of type 'java.io.File?'.
e: file:///Users/HONGBGU/Documents/seadroid/app/src/main/java/com/seafile/seadroid2/ui/dialog_fragment/viewmodel/SwitchStorageViewModel.kt:82:45 Argument type mismatch: actual type is 'kotlin.String?', but 'kotlin.String' was expected.
e: file:///Users/HONGBGU/Documents/seadroid/app/src/main/java/com/seafile/seadroid2/ui/dialog_fragment/viewmodel/SwitchStorageViewModel.kt:82:56 Argument type mismatch: actual type is 'kotlin.String?', but 'kotlin.String' was expected.
e: file:///Users/HONGBGU/Documents/seadroid/app/src/main/java/com/seafile/seadroid2/ui/dialog_fragment/viewmodel/SwitchStorageViewModel.kt:101:38 None of the following candidates is applicable:
@SinceKotlin(...) @InlineOnly() fun <V> KMutableProperty0<V>.setValue(thisRef: Any?, property: KProperty<*>, value: V): Unit
@SinceKotlin(...) @InlineOnly() fun <T, V> KMutableProperty1<T, V>.setValue(thisRef: T, property: KProperty<*>, value: V): Unit
@InlineOnly() fun <V> MutableMap<in String, in V>.setValue(thisRef: Any?, property: KProperty<*>, value: V): Unit
e: file:///Users/HONGBGU/Documents/seadroid/app/src/main/java/com/seafile/seadroid2/ui/dialog_fragment/viewmodel/SwitchStorageViewModel.kt:107:38 None of the following candidates is applicable:
@SinceKotlin(...) @InlineOnly() fun <V> KMutableProperty0<V>.setValue(thisRef: Any?, property: KProperty<*>, value: V): Unit
@SinceKotlin(...) @InlineOnly() fun <T, V> KMutableProperty1<T, V>.setValue(thisRef: T, property: KProperty<*>, value: V): Unit
@InlineOnly() fun <V> MutableMap<in String, in V>.setValue(thisRef: Any?, property: KProperty<*>, value: V): Unit
e: file:///Users/HONGBGU/Documents/seadroid/app/src/main/java/com/seafile/seadroid2/ui/dialog_fragment/viewmodel/SwitchStorageViewModel.kt:119:17 Assignment type mismatch: actual type is 'kotlin.collections.MutableList<com.seafile.seadroid2.framework.db.entities.FileCacheStatusEntity?>?', but 'kotlin.collections.MutableList<com.seafile.seadroid2.framework.db.entities.FileCacheStatusEntity>' was expected.
e: file:///Users/HONGBGU/Documents/seadroid/app/src/main/java/com/seafile/seadroid2/ui/dialog_fragment/viewmodel/SwitchStorageViewModel.kt:119:52 Only safe (?.) or non-null asserted (!!.) calls are allowed on a nullable receiver of type 'com.seafile.seadroid2.framework.db.AppDatabase?'.
e: file:///Users/HONGBGU/Documents/seadroid/app/src/main/java/com/seafile/seadroid2/ui/dialog_fragment/viewmodel/SwitchStorageViewModel.kt:119:73 Only safe (?.) or non-null asserted (!!.) calls are allowed on a nullable receiver of type 'com.seafile.seadroid2.framework.db.dao.FileCacheStatusDAO?'.
e: file:///Users/HONGBGU/Documents/seadroid/app/src/main/java/com/seafile/seadroid2/ui/dialog_fragment/viewmodel/SwitchStorageViewModel.kt:123:39 Only safe (?.) or non-null asserted (!!.) calls are allowed on a nullable receiver of type 'kotlin.String?'.
e: file:///Users/HONGBGU/Documents/seadroid/app/src/main/java/com/seafile/seadroid2/ui/dialog_fragment/viewmodel/SwitchStorageViewModel.kt:125:43 Only safe (?.) or non-null asserted (!!.) calls are allowed on a nullable receiver of type 'kotlin.String?'.
e: file:///Users/HONGBGU/Documents/seadroid/app/src/main/java/com/seafile/seadroid2/ui/dialog_fragment/viewmodel/SwitchStorageViewModel.kt:131:52 Only safe (?.) or non-null asserted (!!.) calls are allowed on a nullable receiver of type 'com.seafile.seadroid2.framework.db.AppDatabase?'.
e: file:///Users/HONGBGU/Documents/seadroid/app/src/main/java/com/seafile/seadroid2/ui/dialog_fragment/viewmodel/SwitchStorageViewModel.kt:132:21 Only safe (?.) or non-null asserted (!!.) calls are allowed on a nullable receiver of type 'com.seafile.seadroid2.framework.db.dao.FileCacheStatusDAO?'.
e: file:///Users/HONGBGU/Documents/seadroid/app/src/main/java/com/seafile/seadroid2/ui/dialog_fragment/viewmodel/SwitchStorageViewModel.kt:132:32 Argument type mismatch: actual type is 'kotlin.collections.MutableList<com.seafile.seadroid2.framework.db.entities.FileCacheStatusEntity?>', but 'kotlin.collections.MutableList<com.seafile.seadroid2.framework.db.entities.FileCacheStatusEntity>' was expected.
e: file:///Users/HONGBGU/Documents/seadroid/app/src/main/java/com/seafile/seadroid2/ui/docs_comment/DocsCommentAdapter.kt:3:21 Conflicting import: imported name 'View' is ambiguous.
e: file:///Users/HONGBGU/Documents/seadroid/app/src/main/java/com/seafile/seadroid2/ui/docs_comment/DocsCommentAdapter.kt:4:37 Conflicting import: imported name 'DiffUtil' is ambiguous.
e: file:///Users/HONGBGU/Documents/seadroid/app/src/main/java/com/seafile/seadroid2/ui/docs_comment/DocsCommentAdapter.kt:5:33 Conflicting import: imported name 'CollectionUtils' is ambiguous.
e: file:///Users/HONGBGU/Documents/seadroid/app/src/main/java/com/seafile/seadroid2/ui/docs_comment/DocsCommentAdapter.kt:6:42 Conflicting import: imported name 'ItemFileCommentBinding' is ambiguous.
e: file:///Users/HONGBGU/Documents/seadroid/app/src/main/java/com/seafile/seadroid2/ui/docs_comment/DocsCommentAdapter.kt:7:46 Conflicting import: imported name 'BaseAdapter' is ambiguous.
e: file:///Users/HONGBGU/Documents/seadroid/app/src/main/java/com/seafile/seadroid2/ui/docs_comment/DocsCommentAdapter.kt:10:21 Conflicting import: imported name 'View' is ambiguous.
e: file:///Users/HONGBGU/Documents/seadroid/app/src/main/java/com/seafile/seadroid2/ui/docs_comment/DocsCommentAdapter.kt:11:37 Conflicting import: imported name 'DiffUtil' is ambiguous.
e: file:///Users/HONGBGU/Documents/seadroid/app/src/main/java/com/seafile/seadroid2/ui/docs_comment/DocsCommentAdapter.kt:12:33 Conflicting import: imported name 'CollectionUtils' is ambiguous.
e: file:///Users/HONGBGU/Documents/seadroid/app/src/main/java/com/seafile/seadroid2/ui/docs_comment/DocsCommentAdapter.kt:13:42 Conflicting import: imported name 'ItemFileCommentBinding' is ambiguous.
e: file:///Users/HONGBGU/Documents/seadroid/app/src/main/java/com/seafile/seadroid2/ui/docs_comment/DocsCommentAdapter.kt:16:46 Conflicting import: imported name 'BaseAdapter' is ambiguous.
e: file:///Users/HONGBGU/Documents/seadroid/app/src/main/java/com/seafile/seadroid2/ui/docs_comment/DocsCommentAdapter.kt:19:1 Class 'DocsCommentAdapter' is not abstract and does not implement abstract base class member 'onBindViewHolder'.
e: file:///Users/HONGBGU/Documents/seadroid/app/src/main/java/com/seafile/seadroid2/ui/docs_comment/DocsCommentAdapter.kt:19:40 Unresolved reference 'DocsCommentModel'.
e: file:///Users/HONGBGU/Documents/seadroid/app/src/main/java/com/seafile/seadroid2/ui/docs_comment/DocsCommentAdapter.kt:20:28 Unresolved reference 'MarkdownProcessor'.
e: file:///Users/HONGBGU/Documents/seadroid/app/src/main/java/com/seafile/seadroid2/ui/docs_comment/DocsCommentAdapter.kt:22:33 Unresolved reference 'MarkdownProcessor'.
e: file:///Users/HONGBGU/Documents/seadroid/app/src/main/java/com/seafile/seadroid2/ui/docs_comment/DocsCommentAdapter.kt:27:32 Unresolved reference 'MarkdownConfiguration'.
e: file:///Users/HONGBGU/Documents/seadroid/app/src/main/java/com/seafile/seadroid2/ui/docs_comment/DocsCommentAdapter.kt:27:57 Unresolved reference 'MarkdownConfiguration'.
e: file:///Users/HONGBGU/Documents/seadroid/app/src/main/java/com/seafile/seadroid2/ui/docs_comment/DocsCommentAdapter.kt:28:33 Unresolved reference 'DefaultLoader'.
e: file:///Users/HONGBGU/Documents/seadroid/app/src/main/java/com/seafile/seadroid2/ui/docs_comment/DocsCommentAdapter.kt:31:21 Unresolved reference 'MarkdownProcessor'.
e: file:///Users/HONGBGU/Documents/seadroid/app/src/main/java/com/seafile/seadroid2/ui/docs_comment/DocsCommentAdapter.kt:32:19 Unresolved reference 'config'.
e: file:///Users/HONGBGU/Documents/seadroid/app/src/main/java/com/seafile/seadroid2/ui/docs_comment/DocsCommentAdapter.kt:33:19 Unresolved reference 'factory'.
e: file:///Users/HONGBGU/Documents/seadroid/app/src/main/java/com/seafile/seadroid2/ui/docs_comment/DocsCommentAdapter.kt:33:27 Unresolved reference 'TextFactory'.
e: file:///Users/HONGBGU/Documents/seadroid/app/src/main/java/com/seafile/seadroid2/ui/docs_comment/DocsCommentAdapter.kt:37:5 'onBindViewHolder' overrides nothing.
e: file:///Users/HONGBGU/Documents/seadroid/app/src/main/java/com/seafile/seadroid2/ui/docs_comment/DocsCommentAdapter.kt:37:81 Unresolved reference 'DocsCommentModel'.
e: file:///Users/HONGBGU/Documents/seadroid/app/src/main/java/com/seafile/seadroid2/ui/docs_comment/DocsCommentAdapter.kt:43:9 Unresolved reference 'Glide'.
e: file:///Users/HONGBGU/Documents/seadroid/app/src/main/java/com/seafile/seadroid2/ui/docs_comment/DocsCommentAdapter.kt:43:34 Only safe (?.) or non-null asserted (!!.) calls are allowed on a nullable receiver of type 'com.seafile.seadroid2.databinding.ItemFileCommentBinding?'.
e: file:///Users/HONGBGU/Documents/seadroid/app/src/main/java/com/seafile/seadroid2/ui/docs_comment/DocsCommentAdapter.kt:44:25 Unresolved reference 'avatar_url'.
e: file:///Users/HONGBGU/Documents/seadroid/app/src/main/java/com/seafile/seadroid2/ui/docs_comment/DocsCommentAdapter.kt:45:33 Only safe (?.) or non-null asserted (!!.) calls are allowed on a nullable receiver of type 'com.seafile.seadroid2.databinding.ItemFileCommentBinding?'.
e: file:///Users/HONGBGU/Documents/seadroid/app/src/main/java/com/seafile/seadroid2/ui/docs_comment/DocsCommentAdapter.kt:47:23 Only safe (?.) or non-null asserted (!!.) calls are allowed on a nullable receiver of type 'com.seafile.seadroid2.databinding.ItemFileCommentBinding?'.
e: file:///Users/HONGBGU/Documents/seadroid/app/src/main/java/com/seafile/seadroid2/ui/docs_comment/DocsCommentAdapter.kt:47:40 Overload resolution ambiguity between candidates:
fun setText(p0: CharSequence!): Unit
fun setText(p0: Int): Unit
e: file:///Users/HONGBGU/Documents/seadroid/app/src/main/java/com/seafile/seadroid2/ui/docs_comment/DocsCommentAdapter.kt:47:54 Unresolved reference 'user_name'.
e: file:///Users/HONGBGU/Documents/seadroid/app/src/main/java/com/seafile/seadroid2/ui/docs_comment/DocsCommentAdapter.kt:48:23 Only safe (?.) or non-null asserted (!!.) calls are allowed on a nullable receiver of type 'com.seafile.seadroid2.databinding.ItemFileCommentBinding?'.
e: file:///Users/HONGBGU/Documents/seadroid/app/src/main/java/com/seafile/seadroid2/ui/docs_comment/DocsCommentAdapter.kt:48:36 Overload resolution ambiguity between candidates:
fun setText(p0: CharSequence!): Unit
fun setText(p0: Int): Unit
e: file:///Users/HONGBGU/Documents/seadroid/app/src/main/java/com/seafile/seadroid2/ui/docs_comment/DocsCommentAdapter.kt:48:50 Unresolved reference 'getCreatedAtFriendlyText'.
e: file:///Users/HONGBGU/Documents/seadroid/app/src/main/java/com/seafile/seadroid2/ui/docs_comment/DocsCommentAdapter.kt:50:19 Unresolved reference 'resolved'.
e: file:///Users/HONGBGU/Documents/seadroid/app/src/main/java/com/seafile/seadroid2/ui/docs_comment/DocsCommentAdapter.kt:51:27 Only safe (?.) or non-null asserted (!!.) calls are allowed on a nullable receiver of type 'com.seafile.seadroid2.databinding.ItemFileCommentBinding?'.
e: file:///Users/HONGBGU/Documents/seadroid/app/src/main/java/com/seafile/seadroid2/ui/docs_comment/DocsCommentAdapter.kt:51:60 Unresolved reference 'R'.
e: file:///Users/HONGBGU/Documents/seadroid/app/src/main/java/com/seafile/seadroid2/ui/docs_comment/DocsCommentAdapter.kt:52:27 Only safe (?.) or non-null asserted (!!.) calls are allowed on a nullable receiver of type 'com.seafile.seadroid2.databinding.ItemFileCommentBinding?'.
e: file:///Users/HONGBGU/Documents/seadroid/app/src/main/java/com/seafile/seadroid2/ui/docs_comment/DocsCommentAdapter.kt:54:27 Only safe (?.) or non-null asserted (!!.) calls are allowed on a nullable receiver of type 'com.seafile.seadroid2.databinding.ItemFileCommentBinding?'.
e: file:///Users/HONGBGU/Documents/seadroid/app/src/main/java/com/seafile/seadroid2/ui/docs_comment/DocsCommentAdapter.kt:55:27 Only safe (?.) or non-null asserted (!!.) calls are allowed on a nullable receiver of type 'com.seafile.seadroid2.databinding.ItemFileCommentBinding?'.
e: file:///Users/HONGBGU/Documents/seadroid/app/src/main/java/com/seafile/seadroid2/ui/docs_comment/DocsCommentAdapter.kt:55:60 Unresolved reference 'R'.
e: file:///Users/HONGBGU/Documents/seadroid/app/src/main/java/com/seafile/seadroid2/ui/docs_comment/DocsCommentAdapter.kt:58:23 Only safe (?.) or non-null asserted (!!.) calls are allowed on a nullable receiver of type 'com.seafile.seadroid2.databinding.ItemFileCommentBinding?'.
e: file:///Users/HONGBGU/Documents/seadroid/app/src/main/java/com/seafile/seadroid2/ui/docs_comment/DocsCommentAdapter.kt:64:64 Unresolved reference 'DocsCommentModel'.
e: file:///Users/HONGBGU/Documents/seadroid/app/src/main/java/com/seafile/seadroid2/ui/docs_comment/DocsCommentAdapter.kt:66:36 Method 'iterator()' is ambiguous for this expression. Applicable candidates:
fun <T> Enumeration<T>.iterator(): Iterator<T>
@InlineOnly() fun <T> Iterator<T>.iterator(): Iterator<T>
@InlineOnly() fun <K, V> Map<out K, V>.iterator(): Iterator<Map.Entry<K, V>>
@JvmName(...) @InlineOnly() fun <K, V> MutableMap<K, V>.iterator(): MutableIterator<MutableMap.MutableEntry<K, V>>
fun CharSequence.iterator(): CharIterator
fun BufferedInputStream.iterator(): ByteIterator
e: file:///Users/HONGBGU/Documents/seadroid/app/src/main/java/com/seafile/seadroid2/ui/docs_comment/DocsCommentAdapter.kt:66:36 Unresolved reference 'commentList'.
e: file:///Users/HONGBGU/Documents/seadroid/app/src/main/java/com/seafile/seadroid2/ui/docs_comment/DocsCommentAdapter.kt:70:35 Only safe (?.) or non-null asserted (!!.) calls are allowed on a nullable receiver of type 'com.seafile.seadroid2.databinding.ItemFileCommentBinding?'.
e: file:///Users/HONGBGU/Documents/seadroid/app/src/main/java/com/seafile/seadroid2/ui/docs_comment/DocsCommentAdapter.kt:75:35 Only safe (?.) or non-null asserted (!!.) calls are allowed on a nullable receiver of type 'com.seafile.seadroid2.databinding.ItemFileCommentBinding?'.
e: file:///Users/HONGBGU/Documents/seadroid/app/src/main/java/com/seafile/seadroid2/ui/docs_comment/DocsCommentAdapter.kt:76:27 Unresolved reference 'commentList'.
e: file:///Users/HONGBGU/Documents/seadroid/app/src/main/java/com/seafile/seadroid2/ui/docs_comment/DocsCommentAdapter.kt:86:5 'onCreateViewHolder' overrides nothing.
e: file:///Users/HONGBGU/Documents/seadroid/app/src/main/java/com/seafile/seadroid2/ui/docs_comment/DocsCommentAdapter.kt:88:20 Unresolved reference 'ViewGroup'.
e: file:///Users/HONGBGU/Documents/seadroid/app/src/main/java/com/seafile/seadroid2/ui/docs_comment/DocsCommentAdapter.kt:91:54 Unresolved reference 'LayoutInflater'.
e: file:///Users/HONGBGU/Documents/seadroid/app/src/main/java/com/seafile/seadroid2/ui/docs_comment/DocsCommentAdapter.kt:97:17 Unresolved reference 'FlexboxLayout'.
e: file:///Users/HONGBGU/Documents/seadroid/app/src/main/java/com/seafile/seadroid2/ui/docs_comment/DocsCommentAdapter.kt:98:34 Unresolved reference 'RichContentModel'.
e: file:///Users/HONGBGU/Documents/seadroid/app/src/main/java/com/seafile/seadroid2/ui/docs_comment/DocsCommentAdapter.kt:102:54 Unresolved reference 'LayoutInflater'.
e: file:///Users/HONGBGU/Documents/seadroid/app/src/main/java/com/seafile/seadroid2/ui/docs_comment/DocsCommentAdapter.kt:105:17 Unresolved reference 'OnlyImagePreviewActivity'.
e: file:///Users/HONGBGU/Documents/seadroid/app/src/main/java/com/seafile/seadroid2/ui/docs_comment/DocsCommentAdapter.kt:111:20 Unresolved reference 'GlideLoadConfig'.
e: file:///Users/HONGBGU/Documents/seadroid/app/src/main/java/com/seafile/seadroid2/ui/docs_comment/DocsCommentAdapter.kt:114:16 Unresolved reference 'FlexboxLayout'.
e: file:///Users/HONGBGU/Documents/seadroid/app/src/main/java/com/seafile/seadroid2/ui/docs_comment/DocsCommentAdapter.kt:114:45 Unresolved reference 'FlexboxLayout'.
e: file:///Users/HONGBGU/Documents/seadroid/app/src/main/java/com/seafile/seadroid2/ui/docs_comment/DocsCommentAdapter.kt:115:11 Unresolved reference 'setMargins'.
e: file:///Users/HONGBGU/Documents/seadroid/app/src/main/java/com/seafile/seadroid2/ui/docs_comment/DocsCommentAdapter.kt:115:22 Unresolved reference 'DP'.
e: file:///Users/HONGBGU/Documents/seadroid/app/src/main/java/com/seafile/seadroid2/ui/docs_comment/DocsCommentAdapter.kt:115:41 Unresolved reference 'DP'.
e: file:///Users/HONGBGU/Documents/seadroid/app/src/main/java/com/seafile/seadroid2/ui/docs_comment/DocsCommentAdapter.kt:115:60 Unresolved reference 'DP'.
e: file:///Users/HONGBGU/Documents/seadroid/app/src/main/java/com/seafile/seadroid2/ui/docs_comment/DocsCommentAdapter.kt:115:79 Unresolved reference 'DP'.
e: file:///Users/HONGBGU/Documents/seadroid/app/src/main/java/com/seafile/seadroid2/ui/docs_comment/DocsCommentAdapter.kt:117:16 Unresolved reference 'addView'.
e: file:///Users/HONGBGU/Documents/seadroid/app/src/main/java/com/seafile/seadroid2/ui/docs_comment/DocsCommentAdapter.kt:121:42 Unresolved reference 'FlexboxLayout'.
e: file:///Users/HONGBGU/Documents/seadroid/app/src/main/java/com/seafile/seadroid2/ui/docs_comment/DocsCommentAdapter.kt:122:23 Unresolved reference 'MarkdownTextView'.
e: file:///Users/HONGBGU/Documents/seadroid/app/src/main/java/com/seafile/seadroid2/ui/docs_comment/DocsCommentAdapter.kt:122:42 Unresolved reference 'MarkdownTextView'.
e: file:///Users/HONGBGU/Documents/seadroid/app/src/main/java/com/seafile/seadroid2/ui/docs_comment/DocsCommentAdapter.kt:123:18 Unresolved reference 'setPadding'.
e: file:///Users/HONGBGU/Documents/seadroid/app/src/main/java/com/seafile/seadroid2/ui/docs_comment/DocsCommentAdapter.kt:124:13 Unresolved reference 'DP'.
e: file:///Users/HONGBGU/Documents/seadroid/app/src/main/java/com/seafile/seadroid2/ui/docs_comment/DocsCommentAdapter.kt:125:13 Unresolved reference 'DP'.
e: file:///Users/HONGBGU/Documents/seadroid/app/src/main/java/com/seafile/seadroid2/ui/docs_comment/DocsCommentAdapter.kt:126:13 Unresolved reference 'DP'.
e: file:///Users/HONGBGU/Documents/seadroid/app/src/main/java/com/seafile/seadroid2/ui/docs_comment/DocsCommentAdapter.kt:127:13 Unresolved reference 'DP'.
e: file:///Users/HONGBGU/Documents/seadroid/app/src/main/java/com/seafile/seadroid2/ui/docs_comment/DocsCommentAdapter.kt:131:33 Unresolved reference 'parse'.
e: file:///Users/HONGBGU/Documents/seadroid/app/src/main/java/com/seafile/seadroid2/ui/docs_comment/DocsCommentAdapter.kt:134:13 Unresolved reference 'Logs'.
e: file:///Users/HONGBGU/Documents/seadroid/app/src/main/java/com/seafile/seadroid2/ui/docs_comment/DocsCommentAdapter.kt:136:18 Unresolved reference 'setText'.
e: file:///Users/HONGBGU/Documents/seadroid/app/src/main/java/com/seafile/seadroid2/ui/docs_comment/DocsCommentAdapter.kt:138:18 Unresolved reference 'setMovementMethod'.
e: file:///Users/HONGBGU/Documents/seadroid/app/src/main/java/com/seafile/seadroid2/ui/docs_comment/DocsCommentAdapter.kt:138:36 Unresolved reference 'LinkMovementMethod'.
e: file:///Users/HONGBGU/Documents/seadroid/app/src/main/java/com/seafile/seadroid2/ui/docs_comment/DocsCommentAdapter.kt:139:18 Unresolved reference 'setId'.
e: file:///Users/HONGBGU/Documents/seadroid/app/src/main/java/com/seafile/seadroid2/ui/docs_comment/DocsCommentAdapter.kt:139:24 Unresolved reference 'R'.
e: file:///Users/HONGBGU/Documents/seadroid/app/src/main/java/com/seafile/seadroid2/ui/docs_comment/DocsCommentAdapter.kt:140:18 Unresolved reference 'setTextSize'.
e: file:///Users/HONGBGU/Documents/seadroid/app/src/main/java/com/seafile/seadroid2/ui/docs_comment/DocsCommentAdapter.kt:141:18 Unresolved reference 'setTextColor'.
e: file:///Users/HONGBGU/Documents/seadroid/app/src/main/java/com/seafile/seadroid2/ui/docs_comment/DocsCommentAdapter.kt:141:31 Unresolved reference 'ContextCompat'.
e: file:///Users/HONGBGU/Documents/seadroid/app/src/main/java/com/seafile/seadroid2/ui/docs_comment/DocsCommentAdapter.kt:141:63 Unresolved reference 'R'.
e: file:///Users/HONGBGU/Documents/seadroid/app/src/main/java/com/seafile/seadroid2/ui/docs_comment/DocsCommentAdapter.kt:143:16 Unresolved reference 'FlexboxLayout'.
e: file:///Users/HONGBGU/Documents/seadroid/app/src/main/java/com/seafile/seadroid2/ui/docs_comment/DocsCommentAdapter.kt:143:45 Unresolved reference 'FlexboxLayout'.
e: file:///Users/HONGBGU/Documents/seadroid/app/src/main/java/com/seafile/seadroid2/ui/docs_comment/DocsCommentAdapter.kt:144:16 Unresolved reference 'addView'.
e: file:///Users/HONGBGU/Documents/seadroid/app/src/main/java/com/seafile/seadroid2/ui/docs_comment/DocsCommentAdapter.kt:147:38 Unresolved reference 'DocsCommentModel'.
e: file:///Users/HONGBGU/Documents/seadroid/app/src/main/java/com/seafile/seadroid2/ui/docs_comment/DocsCommentAdapter.kt:166:31 Unresolved reference 'DocsCommentModel'.
e: file:///Users/HONGBGU/Documents/seadroid/app/src/main/java/com/seafile/seadroid2/ui/docs_comment/DocsCommentAdapter.kt:167:31 Unresolved reference 'DocsCommentModel'.
e: file:///Users/HONGBGU/Documents/seadroid/app/src/main/java/com/seafile/seadroid2/ui/docs_comment/DocsCommentAdapter.kt:168:33 Unresolved reference 'id'.
e: file:///Users/HONGBGU/Documents/seadroid/app/src/main/java/com/seafile/seadroid2/ui/docs_comment/DocsCommentAdapter.kt:168:44 Unresolved reference 'id'.
e: file:///Users/HONGBGU/Documents/seadroid/app/src/main/java/com/seafile/seadroid2/ui/docs_comment/DocsCommentAdapter.kt:175:31 Unresolved reference 'DocsCommentModel'.
e: file:///Users/HONGBGU/Documents/seadroid/app/src/main/java/com/seafile/seadroid2/ui/docs_comment/DocsCommentAdapter.kt:176:31 Unresolved reference 'DocsCommentModel'.
e: file:///Users/HONGBGU/Documents/seadroid/app/src/main/java/com/seafile/seadroid2/ui/docs_comment/DocsCommentAdapter.kt:178:33 Unresolved reference 'id'.
e: file:///Users/HONGBGU/Documents/seadroid/app/src/main/java/com/seafile/seadroid2/ui/docs_comment/DocsCommentAdapter.kt:178:44 Unresolved reference 'id'.
e: file:///Users/HONGBGU/Documents/seadroid/app/src/main/java/com/seafile/seadroid2/ui/docs_comment/DocsCommentAdapter.kt:178:55 Unresolved reference 'resolved'.
e: file:///Users/HONGBGU/Documents/seadroid/app/src/main/java/com/seafile/seadroid2/ui/docs_comment/DocsCommentAdapter.kt:178:72 Unresolved reference 'resolved'.
e: file:///Users/HONGBGU/Documents/seadroid/app/src/main/java/com/seafile/seadroid2/ui/docs_comment/DocsCommentAdapter.kt:179:37 Unresolved reference 'created_at'.
e: file:///Users/HONGBGU/Documents/seadroid/app/src/main/java/com/seafile/seadroid2/ui/docs_comment/DocsCommentAdapter.kt:179:56 Unresolved reference 'created_at'.
e: file:///Users/HONGBGU/Documents/seadroid/app/src/main/java/com/seafile/seadroid2/ui/docs_comment/DocsCommentAdapter.kt:180:37 Unresolved reference 'updated_at'.
e: file:///Users/HONGBGU/Documents/seadroid/app/src/main/java/com/seafile/seadroid2/ui/docs_comment/DocsCommentAdapter.kt:180:56 Unresolved reference 'updated_at'.
e: file:///Users/HONGBGU/Documents/seadroid/app/src/main/java/com/seafile/seadroid2/ui/docs_comment/DocsCommentAdapter.kt:181:32 Unresolved reference 'TextUtils'.
e: file:///Users/HONGBGU/Documents/seadroid/app/src/main/java/com/seafile/seadroid2/ui/docs_comment/DocsCommentAdapter.kt:181:54 Unresolved reference 'avatar_url'.
e: file:///Users/HONGBGU/Documents/seadroid/app/src/main/java/com/seafile/seadroid2/ui/docs_comment/DocsCommentAdapter.kt:181:71 Unresolved reference 'avatar_url'.
e: file:///Users/HONGBGU/Documents/seadroid/app/src/main/java/com/seafile/seadroid2/ui/docs_comment/DocsCommentAdapter.kt:182:32 Unresolved reference 'TextUtils'.
e: file:///Users/HONGBGU/Documents/seadroid/app/src/main/java/com/seafile/seadroid2/ui/docs_comment/DocsCommentAdapter.kt:182:54 Unresolved reference 'user_contact_email'.
e: file:///Users/HONGBGU/Documents/seadroid/app/src/main/java/com/seafile/seadroid2/ui/docs_comment/DocsCommentAdapter.kt:182:79 Unresolved reference 'user_contact_email'.
e: file:///Users/HONGBGU/Documents/seadroid/app/src/main/java/com/seafile/seadroid2/ui/docs_comment/DocsCommentAdapter.kt:183:32 Unresolved reference 'TextUtils'.
e: file:///Users/HONGBGU/Documents/seadroid/app/src/main/java/com/seafile/seadroid2/ui/docs_comment/DocsCommentAdapter.kt:183:54 Unresolved reference 'user_email'.
e: file:///Users/HONGBGU/Documents/seadroid/app/src/main/java/com/seafile/seadroid2/ui/docs_comment/DocsCommentAdapter.kt:183:71 Unresolved reference 'user_email'.
e: file:///Users/HONGBGU/Documents/seadroid/app/src/main/java/com/seafile/seadroid2/ui/docs_comment/DocsCommentAdapter.kt:184:32 Unresolved reference 'TextUtils'.
e: file:///Users/HONGBGU/Documents/seadroid/app/src/main/java/com/seafile/seadroid2/ui/docs_comment/DocsCommentAdapter.kt:184:54 Unresolved reference 'user_name'.
e: file:///Users/HONGBGU/Documents/seadroid/app/src/main/java/com/seafile/seadroid2/ui/docs_comment/DocsCommentAdapter.kt:184:70 Unresolved reference 'user_name'.
e: file:///Users/HONGBGU/Documents/seadroid/app/src/main/java/com/seafile/seadroid2/ui/docs_comment/DocsCommentAdapter.kt:185:32 Unresolved reference 'TextUtils'.
e: file:///Users/HONGBGU/Documents/seadroid/app/src/main/java/com/seafile/seadroid2/ui/docs_comment/DocsCommentAdapter.kt:185:54 Unresolved reference 'comment'.
e: file:///Users/HONGBGU/Documents/seadroid/app/src/main/java/com/seafile/seadroid2/ui/docs_comment/DocsCommentAdapter.kt:185:68 Unresolved reference 'comment'.
e: file:///Users/HONGBGU/Documents/seadroid/app/src/main/java/com/seafile/seadroid2/ui/docs_comment/DocsCommentAdapter.kt:186:32 Unresolved reference 'TextUtils'.
e: file:///Users/HONGBGU/Documents/seadroid/app/src/main/java/com/seafile/seadroid2/ui/docs_comment/DocsCommentAdapter.kt:186:54 Unresolved reference 'parent_path'.
e: file:///Users/HONGBGU/Documents/seadroid/app/src/main/java/com/seafile/seadroid2/ui/docs_comment/DocsCommentAdapter.kt:186:72 Unresolved reference 'parent_path'.
e: file:///Users/HONGBGU/Documents/seadroid/app/src/main/java/com/seafile/seadroid2/ui/docs_comment/DocsCommentAdapter.kt:187:32 Unresolved reference 'TextUtils'.
e: file:///Users/HONGBGU/Documents/seadroid/app/src/main/java/com/seafile/seadroid2/ui/docs_comment/DocsCommentAdapter.kt:187:54 Unresolved reference 'item_name'.
e: file:///Users/HONGBGU/Documents/seadroid/app/src/main/java/com/seafile/seadroid2/ui/docs_comment/DocsCommentAdapter.kt:187:70 Unresolved reference 'item_name'.
e: file:///Users/HONGBGU/Documents/seadroid/app/src/main/java/com/seafile/seadroid2/ui/docs_comment/DocsCommentAdapter.kt:191:21 Assignment type mismatch: actual type is 'kotlin.collections.MutableList<ERROR CLASS: Symbol not found for DocsCommentModel>?', but 'kotlin.collections.List<ERROR CLASS: Symbol not found for DocsCommentModel>' was expected.
e: file:///Users/HONGBGU/Documents/seadroid/app/src/main/java/com/seafile/seadroid2/ui/docs_comment/DocsCommentAdapter.kt:197:33 Unresolved reference 'ScreenUtils'.
e: file:///Users/HONGBGU/Documents/seadroid/app/src/main/java/com/seafile/seadroid2/ui/docs_comment/DocsCommentAdapter.kt:198:26 Unresolved reference 'SizeUtils'.
e: file:///Users/HONGBGU/Documents/seadroid/app/src/main/java/com/seafile/seadroid2/ui/docs_comment/DocsCommentUserAdapter.kt:17:1 Class 'DocsCommentUserAdapter' is not abstract and does not implement abstract base class member 'onBindViewHolder'.
e: file:///Users/HONGBGU/Documents/seadroid/app/src/main/java/com/seafile/seadroid2/ui/docs_comment/DocsCommentUserAdapter.kt:18:5 'onBindViewHolder' overrides nothing.
e: file:///Users/HONGBGU/Documents/seadroid/app/src/main/java/com/seafile/seadroid2/ui/docs_comment/DocsCommentUserAdapter.kt:20:38 Only safe (?.) or non-null asserted (!!.) calls are allowed on a nullable receiver of type 'com.seafile.seadroid2.databinding.ItemUserAvatarBinding?'.
e: file:///Users/HONGBGU/Documents/seadroid/app/src/main/java/com/seafile/seadroid2/ui/docs_comment/DocsCommentUserAdapter.kt:25:38 Only safe (?.) or non-null asserted (!!.) calls are allowed on a nullable receiver of type 'com.seafile.seadroid2.databinding.ItemUserAvatarBinding?'.
e: file:///Users/HONGBGU/Documents/seadroid/app/src/main/java/com/seafile/seadroid2/ui/docs_comment/DocsCommentUserAdapter.kt:27:37 Only safe (?.) or non-null asserted (!!.) calls are allowed on a nullable receiver of type 'com.seafile.seadroid2.databinding.ItemUserAvatarBinding?'.
e: file:///Users/HONGBGU/Documents/seadroid/app/src/main/java/com/seafile/seadroid2/ui/docs_comment/DocsCommentUserAdapter.kt:30:38 Only safe (?.) or non-null asserted (!!.) calls are allowed on a nullable receiver of type 'com.seafile.seadroid2.databinding.ItemUserAvatarBinding?'.
e: file:///Users/HONGBGU/Documents/seadroid/app/src/main/java/com/seafile/seadroid2/ui/docs_comment/DocsCommentUserAdapter.kt:32:37 Only safe (?.) or non-null asserted (!!.) calls are allowed on a nullable receiver of type 'com.seafile.seadroid2.databinding.ItemUserAvatarBinding?'.
e: file:///Users/HONGBGU/Documents/seadroid/app/src/main/java/com/seafile/seadroid2/ui/docs_comment/DocsCommentViewModel.kt:53:30 None of the following candidates is applicable:
@SinceKotlin(...) @InlineOnly() fun <V> KMutableProperty0<V>.setValue(thisRef: Any?, property: KProperty<*>, value: V): Unit
@SinceKotlin(...) @InlineOnly() fun <T, V> KMutableProperty1<T, V>.setValue(thisRef: T, property: KProperty<*>, value: V): Unit
@InlineOnly() fun <V> MutableMap<in String, in V>.setValue(thisRef: Any?, property: KProperty<*>, value: V): Unit
e: file:///Users/HONGBGU/Documents/seadroid/app/src/main/java/com/seafile/seadroid2/ui/docs_comment/DocsCommentViewModel.kt:57:13 'val' cannot be reassigned.
e: file:///Users/HONGBGU/Documents/seadroid/app/src/main/java/com/seafile/seadroid2/ui/docs_comment/DocsCommentViewModel.kt:60:81 Only safe (?.) or non-null asserted (!!.) calls are allowed on a nullable receiver of type 'com.seafile.seadroid2.account.SupportAccountManager?'.
e: file:///Users/HONGBGU/Documents/seadroid/app/src/main/java/com/seafile/seadroid2/ui/docs_comment/DocsCommentViewModel.kt:66:13 Initializer type mismatch: expected 'io.reactivex.Single<com.seafile.seadroid2.framework.model.docs_comment.DocsCommentsWrapperModel?>', actual 'io.reactivex.Single<com.seafile.seadroid2.framework.model.docs_comment.DocsCommentsWrapperModel?>?'.
e: file:///Users/HONGBGU/Documents/seadroid/app/src/main/java/com/seafile/seadroid2/ui/docs_comment/DocsCommentViewModel.kt:67:17 Only safe (?.) or non-null asserted (!!.) calls are allowed on a nullable receiver of type 'com.seafile.seadroid2.framework.http.HttpIO?'.
e: file:///Users/HONGBGU/Documents/seadroid/app/src/main/java/com/seafile/seadroid2/ui/docs_comment/DocsCommentViewModel.kt:67:47 Argument type mismatch: actual type is 'java.lang.Class<com.seafile.seadroid2.ui.sdoc.DocsCommentService>', but 'java.lang.Class<T?>' was expected.
e: file:///Users/HONGBGU/Documents/seadroid/app/src/main/java/com/seafile/seadroid2/ui/docs_comment/DocsCommentViewModel.kt:68:17 Only safe (?.) or non-null asserted (!!.) calls are allowed on a nullable receiver of type 'com.seafile.seadroid2.ui.sdoc.DocsCommentService?'.
e: file:///Users/HONGBGU/Documents/seadroid/app/src/main/java/com/seafile/seadroid2/ui/docs_comment/DocsCommentViewModel.kt:69:45 Class '<anonymous>' is not abstract and does not implement abstract member 'accept'.
e: file:///Users/HONGBGU/Documents/seadroid/app/src/main/java/com/seafile/seadroid2/ui/docs_comment/DocsCommentViewModel.kt:71:13 'accept' overrides nothing.
e: file:///Users/HONGBGU/Documents/seadroid/app/src/main/java/com/seafile/seadroid2/ui/docs_comment/DocsCommentViewModel.kt:73:29 Class '<anonymous>' is not abstract and does not implement abstract member 'compare'.
e: file:///Users/HONGBGU/Documents/seadroid/app/src/main/java/com/seafile/seadroid2/ui/docs_comment/DocsCommentViewModel.kt:74:25 'compare' overrides nothing.
e: file:///Users/HONGBGU/Documents/seadroid/app/src/main/java/com/seafile/seadroid2/ui/docs_comment/DocsCommentViewModel.kt:77:47 Class '<anonymous>' is not abstract and does not implement abstract member 'apply'.
e: file:///Users/HONGBGU/Documents/seadroid/app/src/main/java/com/seafile/seadroid2/ui/docs_comment/DocsCommentViewModel.kt:79:25 'apply' overrides nothing.
e: file:///Users/HONGBGU/Documents/seadroid/app/src/main/java/com/seafile/seadroid2/ui/docs_comment/DocsCommentViewModel.kt:82:64 Assignment type mismatch: actual type is 'kotlin.collections.MutableList<com.seafile.seadroid2.view.rich_edittext.RichEditText.RichContentModel?>?', but 'kotlin.collections.MutableList<com.seafile.seadroid2.view.rich_edittext.RichEditText.RichContentModel>?' was expected.
e: file:///Users/HONGBGU/Documents/seadroid/app/src/main/java/com/seafile/seadroid2/ui/docs_comment/DocsCommentViewModel.kt:91:38 None of the following candidates is applicable:
@SinceKotlin(...) @InlineOnly() fun <V> KMutableProperty0<V>.setValue(thisRef: Any?, property: KProperty<*>, value: V): Unit
@SinceKotlin(...) @InlineOnly() fun <T, V> KMutableProperty1<T, V>.setValue(thisRef: T, property: KProperty<*>, value: V): Unit
@InlineOnly() fun <V> MutableMap<in String, in V>.setValue(thisRef: Any?, property: KProperty<*>, value: V): Unit
e: file:///Users/HONGBGU/Documents/seadroid/app/src/main/java/com/seafile/seadroid2/ui/docs_comment/DocsCommentViewModel.kt:97:38 None of the following candidates is applicable:
@SinceKotlin(...) @InlineOnly() fun <V> KMutableProperty0<V>.setValue(thisRef: Any?, property: KProperty<*>, value: V): Unit
@SinceKotlin(...) @InlineOnly() fun <T, V> KMutableProperty1<T, V>.setValue(thisRef: T, property: KProperty<*>, value: V): Unit
@InlineOnly() fun <V> MutableMap<in String, in V>.setValue(thisRef: Any?, property: KProperty<*>, value: V): Unit
e: file:///Users/HONGBGU/Documents/seadroid/app/src/main/java/com/seafile/seadroid2/ui/docs_comment/DocsCommentViewModel.kt:235:30 None of the following candidates is applicable:
@SinceKotlin(...) @InlineOnly() fun <V> KMutableProperty0<V>.setValue(thisRef: Any?, property: KProperty<*>, value: V): Unit
@SinceKotlin(...) @InlineOnly() fun <T, V> KMutableProperty1<T, V>.setValue(thisRef: T, property: KProperty<*>, value: V): Unit
@InlineOnly() fun <V> MutableMap<in String, in V>.setValue(thisRef: Any?, property: KProperty<*>, value: V): Unit
e: file:///Users/HONGBGU/Documents/seadroid/app/src/main/java/com/seafile/seadroid2/ui/docs_comment/DocsCommentViewModel.kt:241:81 Only safe (?.) or non-null asserted (!!.) calls are allowed on a nullable receiver of type 'com.seafile.seadroid2.account.SupportAccountManager?'.
e: file:///Users/HONGBGU/Documents/seadroid/app/src/main/java/com/seafile/seadroid2/ui/docs_comment/DocsCommentViewModel.kt:250:13 Initializer type mismatch: expected 'io.reactivex.Single<com.seafile.seadroid2.framework.model.ResultModel?>', actual 'io.reactivex.Single<com.seafile.seadroid2.framework.model.ResultModel?>?'.
e: file:///Users/HONGBGU/Documents/seadroid/app/src/main/java/com/seafile/seadroid2/ui/docs_comment/DocsCommentViewModel.kt:251:17 Only safe (?.) or non-null asserted (!!.) calls are allowed on a nullable receiver of type 'com.seafile.seadroid2.framework.http.HttpIO?'.
e: file:///Users/HONGBGU/Documents/seadroid/app/src/main/java/com/seafile/seadroid2/ui/docs_comment/DocsCommentViewModel.kt:251:47 Argument type mismatch: actual type is 'java.lang.Class<com.seafile.seadroid2.ui.sdoc.DocsCommentService>', but 'java.lang.Class<T?>' was expected.
e: file:///Users/HONGBGU/Documents/seadroid/app/src/main/java/com/seafile/seadroid2/ui/docs_comment/DocsCommentViewModel.kt:252:17 Only safe (?.) or non-null asserted (!!.) calls are allowed on a nullable receiver of type 'com.seafile.seadroid2.ui.sdoc.DocsCommentService?'.
e: file:///Users/HONGBGU/Documents/seadroid/app/src/main/java/com/seafile/seadroid2/ui/docs_comment/DocsCommentViewModel.kt:256:38 None of the following candidates is applicable:
@SinceKotlin(...) @InlineOnly() fun <V> KMutableProperty0<V>.setValue(thisRef: Any?, property: KProperty<*>, value: V): Unit
@SinceKotlin(...) @InlineOnly() fun <T, V> KMutableProperty1<T, V>.setValue(thisRef: T, property: KProperty<*>, value: V): Unit
@InlineOnly() fun <V> MutableMap<in String, in V>.setValue(thisRef: Any?, property: KProperty<*>, value: V): Unit
e: file:///Users/HONGBGU/Documents/seadroid/app/src/main/java/com/seafile/seadroid2/ui/docs_comment/DocsCommentViewModel.kt:263:38 None of the following candidates is applicable:
@SinceKotlin(...) @InlineOnly() fun <V> KMutableProperty0<V>.setValue(thisRef: Any?, property: KProperty<*>, value: V): Unit
@SinceKotlin(...) @InlineOnly() fun <T, V> KMutableProperty1<T, V>.setValue(thisRef: T, property: KProperty<*>, value: V): Unit
@InlineOnly() fun <V> MutableMap<in String, in V>.setValue(thisRef: Any?, property: KProperty<*>, value: V): Unit
e: file:///Users/HONGBGU/Documents/seadroid/app/src/main/java/com/seafile/seadroid2/ui/docs_comment/DocsCommentViewModel.kt:276:30 None of the following candidates is applicable:
@SinceKotlin(...) @InlineOnly() fun <V> KMutableProperty0<V>.setValue(thisRef: Any?, property: KProperty<*>, value: V): Unit
@SinceKotlin(...) @InlineOnly() fun <T, V> KMutableProperty1<T, V>.setValue(thisRef: T, property: KProperty<*>, value: V): Unit
@InlineOnly() fun <V> MutableMap<in String, in V>.setValue(thisRef: Any?, property: KProperty<*>, value: V): Unit
e: file:///Users/HONGBGU/Documents/seadroid/app/src/main/java/com/seafile/seadroid2/ui/docs_comment/DocsCommentViewModel.kt:282:81 Only safe (?.) or non-null asserted (!!.) calls are allowed on a nullable receiver of type 'com.seafile.seadroid2.account.SupportAccountManager?'.
e: file:///Users/HONGBGU/Documents/seadroid/app/src/main/java/com/seafile/seadroid2/ui/docs_comment/DocsCommentViewModel.kt:288:13 Initializer type mismatch: expected 'io.reactivex.Single<com.seafile.seadroid2.framework.model.ResultModel?>', actual 'io.reactivex.Single<com.seafile.seadroid2.framework.model.ResultModel?>?'.
e: file:///Users/HONGBGU/Documents/seadroid/app/src/main/java/com/seafile/seadroid2/ui/docs_comment/DocsCommentViewModel.kt:289:17 Only safe (?.) or non-null asserted (!!.) calls are allowed on a nullable receiver of type 'com.seafile.seadroid2.framework.http.HttpIO?'.
e: file:///Users/HONGBGU/Documents/seadroid/app/src/main/java/com/seafile/seadroid2/ui/docs_comment/DocsCommentViewModel.kt:289:47 Argument type mismatch: actual type is 'java.lang.Class<com.seafile.seadroid2.ui.sdoc.DocsCommentService>', but 'java.lang.Class<T?>' was expected.
e: file:///Users/HONGBGU/Documents/seadroid/app/src/main/java/com/seafile/seadroid2/ui/docs_comment/DocsCommentViewModel.kt:290:17 Only safe (?.) or non-null asserted (!!.) calls are allowed on a nullable receiver of type 'com.seafile.seadroid2.ui.sdoc.DocsCommentService?'.
e: file:///Users/HONGBGU/Documents/seadroid/app/src/main/java/com/seafile/seadroid2/ui/docs_comment/DocsCommentViewModel.kt:294:38 None of the following candidates is applicable:
@SinceKotlin(...) @InlineOnly() fun <V> KMutableProperty0<V>.setValue(thisRef: Any?, property: KProperty<*>, value: V): Unit
@SinceKotlin(...) @InlineOnly() fun <T, V> KMutableProperty1<T, V>.setValue(thisRef: T, property: KProperty<*>, value: V): Unit
@InlineOnly() fun <V> MutableMap<in String, in V>.setValue(thisRef: Any?, property: KProperty<*>, value: V): Unit
e: file:///Users/HONGBGU/Documents/seadroid/app/src/main/java/com/seafile/seadroid2/ui/docs_comment/DocsCommentViewModel.kt:301:38 None of the following candidates is applicable:
@SinceKotlin(...) @InlineOnly() fun <V> KMutableProperty0<V>.setValue(thisRef: Any?, property: KProperty<*>, value: V): Unit
@SinceKotlin(...) @InlineOnly() fun <T, V> KMutableProperty1<T, V>.setValue(thisRef: T, property: KProperty<*>, value: V): Unit
@InlineOnly() fun <V> MutableMap<in String, in V>.setValue(thisRef: Any?, property: KProperty<*>, value: V): Unit
e: file:///Users/HONGBGU/Documents/seadroid/app/src/main/java/com/seafile/seadroid2/ui/docs_comment/DocsCommentViewModel.kt:324:78 Only safe (?.) or non-null asserted (!!.) calls are allowed on a nullable receiver of type 'com.seafile.seadroid2.account.SupportAccountManager?'.
e: file:///Users/HONGBGU/Documents/seadroid/app/src/main/java/com/seafile/seadroid2/ui/docs_comment/DocsCommentViewModel.kt:327:13 Initializer type mismatch: expected 'io.reactivex.Flowable<com.seafile.seadroid2.framework.model.docs_comment.DocsUploadResultModel?>', actual 'io.reactivex.Flowable<com.seafile.seadroid2.framework.model.docs_comment.DocsUploadResultModel?>?'.
e: file:///Users/HONGBGU/Documents/seadroid/app/src/main/java/com/seafile/seadroid2/ui/docs_comment/DocsCommentViewModel.kt:328:17 Only safe (?.) or non-null asserted (!!.) calls are allowed on a nullable receiver of type 'com.seafile.seadroid2.framework.http.HttpIO?'.
e: file:///Users/HONGBGU/Documents/seadroid/app/src/main/java/com/seafile/seadroid2/ui/docs_comment/DocsCommentViewModel.kt:328:47 Argument type mismatch: actual type is 'java.lang.Class<com.seafile.seadroid2.ui.sdoc.DocsCommentService>', but 'java.lang.Class<T?>' was expected.
e: file:///Users/HONGBGU/Documents/seadroid/app/src/main/java/com/seafile/seadroid2/ui/docs_comment/DocsCommentViewModel.kt:329:17 Only safe (?.) or non-null asserted (!!.) calls are allowed on a nullable receiver of type 'com.seafile.seadroid2.ui.sdoc.DocsCommentService?'.
e: file:///Users/HONGBGU/Documents/seadroid/app/src/main/java/com/seafile/seadroid2/ui/docs_comment/DocsCommentViewModel.kt:331:44 Class '<anonymous>' is not abstract and does not implement abstract member 'accept'.
e: file:///Users/HONGBGU/Documents/seadroid/app/src/main/java/com/seafile/seadroid2/ui/docs_comment/DocsCommentViewModel.kt:333:13 'accept' overrides nothing.
e: file:///Users/HONGBGU/Documents/seadroid/app/src/main/java/com/seafile/seadroid2/ui/docs_comment/DocsCommentViewModel.kt:336:78 Only safe (?.) or non-null asserted (!!.) calls are allowed on a nullable receiver of type 'com.seafile.seadroid2.framework.http.HttpIO?'.
e: file:///Users/HONGBGU/Documents/seadroid/app/src/main/java/com/seafile/seadroid2/ui/docs_comment/DocsCommentViewModel.kt:362:30 None of the following candidates is applicable:
@SinceKotlin(...) @InlineOnly() fun <V> KMutableProperty0<V>.setValue(thisRef: Any?, property: KProperty<*>, value: V): Unit
@SinceKotlin(...) @InlineOnly() fun <T, V> KMutableProperty1<T, V>.setValue(thisRef: T, property: KProperty<*>, value: V): Unit
@InlineOnly() fun <V> MutableMap<in String, in V>.setValue(thisRef: Any?, property: KProperty<*>, value: V): Unit
e: file:///Users/HONGBGU/Documents/seadroid/app/src/main/java/com/seafile/seadroid2/ui/docs_comment/DocsCommentViewModel.kt:365:34 None of the following candidates is applicable:
@SinceKotlin(...) @InlineOnly() fun <V> KMutableProperty0<V>.setValue(thisRef: Any?, property: KProperty<*>, value: V): Unit
@SinceKotlin(...) @InlineOnly() fun <T, V> KMutableProperty1<T, V>.setValue(thisRef: T, property: KProperty<*>, value: V): Unit
@InlineOnly() fun <V> MutableMap<in String, in V>.setValue(thisRef: Any?, property: KProperty<*>, value: V): Unit
e: file:///Users/HONGBGU/Documents/seadroid/app/src/main/java/com/seafile/seadroid2/ui/docs_comment/DocsCommentViewModel.kt:366:40 None of the following candidates is applicable:
@SinceKotlin(...) @InlineOnly() fun <V> KMutableProperty0<V>.setValue(thisRef: Any?, property: KProperty<*>, value: V): Unit
@SinceKotlin(...) @InlineOnly() fun <T, V> KMutableProperty1<T, V>.setValue(thisRef: T, property: KProperty<*>, value: V): Unit
@InlineOnly() fun <V> MutableMap<in String, in V>.setValue(thisRef: Any?, property: KProperty<*>, value: V): Unit
e: file:///Users/HONGBGU/Documents/seadroid/app/src/main/java/com/seafile/seadroid2/ui/docs_comment/DocsCommentViewModel.kt:371:13 'val' cannot be reassigned.
e: file:///Users/HONGBGU/Documents/seadroid/app/src/main/java/com/seafile/seadroid2/ui/docs_comment/DocsCommentViewModel.kt:374:81 Only safe (?.) or non-null asserted (!!.) calls are allowed on a nullable receiver of type 'com.seafile.seadroid2.account.SupportAccountManager?'.
e: file:///Users/HONGBGU/Documents/seadroid/app/src/main/java/com/seafile/seadroid2/ui/docs_comment/DocsCommentViewModel.kt:391:13 Initializer type mismatch: expected 'io.reactivex.Single<com.seafile.seadroid2.framework.model.docs_comment.DocsCommentWrapperModel?>', actual 'io.reactivex.Single<com.seafile.seadroid2.framework.model.docs_comment.DocsCommentWrapperModel?>?'.
e: file:///Users/HONGBGU/Documents/seadroid/app/src/main/java/com/seafile/seadroid2/ui/docs_comment/DocsCommentViewModel.kt:392:17 Only safe (?.) or non-null asserted (!!.) calls are allowed on a nullable receiver of type 'com.seafile.seadroid2.framework.http.HttpIO?'.
e: file:///Users/HONGBGU/Documents/seadroid/app/src/main/java/com/seafile/seadroid2/ui/docs_comment/DocsCommentViewModel.kt:392:47 Argument type mismatch: actual type is 'java.lang.Class<com.seafile.seadroid2.ui.sdoc.DocsCommentService>', but 'java.lang.Class<T?>' was expected.
e: file:///Users/HONGBGU/Documents/seadroid/app/src/main/java/com/seafile/seadroid2/ui/docs_comment/DocsCommentViewModel.kt:393:17 Only safe (?.) or non-null asserted (!!.) calls are allowed on a nullable receiver of type 'com.seafile.seadroid2.ui.sdoc.DocsCommentService?'.
e: file:///Users/HONGBGU/Documents/seadroid/app/src/main/java/com/seafile/seadroid2/ui/docs_comment/DocsCommentViewModel.kt:397:38 None of the following candidates is applicable:
@SinceKotlin(...) @InlineOnly() fun <V> KMutableProperty0<V>.setValue(thisRef: Any?, property: KProperty<*>, value: V): Unit
@SinceKotlin(...) @InlineOnly() fun <T, V> KMutableProperty1<T, V>.setValue(thisRef: T, property: KProperty<*>, value: V): Unit
@InlineOnly() fun <V> MutableMap<in String, in V>.setValue(thisRef: Any?, property: KProperty<*>, value: V): Unit
e: file:///Users/HONGBGU/Documents/seadroid/app/src/main/java/com/seafile/seadroid2/ui/docs_comment/DocsCommentViewModel.kt:403:38 None of the following candidates is applicable:
@SinceKotlin(...) @InlineOnly() fun <V> KMutableProperty0<V>.setValue(thisRef: Any?, property: KProperty<*>, value: V): Unit
@SinceKotlin(...) @InlineOnly() fun <T, V> KMutableProperty1<T, V>.setValue(thisRef: T, property: KProperty<*>, value: V): Unit
@InlineOnly() fun <V> MutableMap<in String, in V>.setValue(thisRef: Any?, property: KProperty<*>, value: V): Unit
e: file:///Users/HONGBGU/Documents/seadroid/app/src/main/java/com/seafile/seadroid2/ui/docs_comment/DocsCommentViewModel.kt:404:44 None of the following candidates is applicable:
@SinceKotlin(...) @InlineOnly() fun <V> KMutableProperty0<V>.setValue(thisRef: Any?, property: KProperty<*>, value: V): Unit
@SinceKotlin(...) @InlineOnly() fun <T, V> KMutableProperty1<T, V>.setValue(thisRef: T, property: KProperty<*>, value: V): Unit
@InlineOnly() fun <V> MutableMap<in String, in V>.setValue(thisRef: Any?, property: KProperty<*>, value: V): Unit
e: file:///Users/HONGBGU/Documents/seadroid/app/src/main/java/com/seafile/seadroid2/ui/docs_comment/DocsCommentsActivity.kt:36:61 Cannot import 'equals'. Functions and properties can only be imported from packages or objects.
e: file:///Users/HONGBGU/Documents/seadroid/app/src/main/java/com/seafile/seadroid2/ui/docs_comment/DocsCommentsActivity.kt:40:65 Cannot import 'equals'. Functions and properties can only be imported from packages or objects.
e: file:///Users/HONGBGU/Documents/seadroid/app/src/main/java/com/seafile/seadroid2/ui/docs_comment/DocsCommentsActivity.kt:148:17 Class '<anonymous>' is not abstract and does not implement abstract base class member 'onProgress'.
e: file:///Users/HONGBGU/Documents/seadroid/app/src/main/java/com/seafile/seadroid2/ui/docs_comment/DocsCommentsActivity.kt:159:21 'onProgress' overrides nothing.
e: file:///Users/HONGBGU/Documents/seadroid/app/src/main/java/com/seafile/seadroid2/ui/docs_comment/DocsCommentsActivity.kt:161:44 One type argument expected for interface 'MutableList'.
e: file:///Users/HONGBGU/Documents/seadroid/app/src/main/java/com/seafile/seadroid2/ui/docs_comment/DocsCommentsActivity.kt:203:47 Unresolved reference 'observe'.
e: file:///Users/HONGBGU/Documents/seadroid/app/src/main/java/com/seafile/seadroid2/ui/docs_comment/DocsCommentsActivity.kt:203:61 Class '<anonymous>' is not abstract and does not implement abstract member 'onChanged'.
e: file:///Users/HONGBGU/Documents/seadroid/app/src/main/java/com/seafile/seadroid2/ui/docs_comment/DocsCommentsActivity.kt:204:13 'onChanged' overrides nothing.
e: file:///Users/HONGBGU/Documents/seadroid/app/src/main/java/com/seafile/seadroid2/ui/docs_comment/DocsCommentsActivity.kt:219:14 Unresolved reference 'observe'.
e: file:///Users/HONGBGU/Documents/seadroid/app/src/main/java/com/seafile/seadroid2/ui/docs_comment/DocsCommentsActivity.kt:219:28 Class '<anonymous>' is not abstract and does not implement abstract member 'onChanged'.
e: file:///Users/HONGBGU/Documents/seadroid/app/src/main/java/com/seafile/seadroid2/ui/docs_comment/DocsCommentsActivity.kt:220:17 'onChanged' overrides nothing.
e: file:///Users/HONGBGU/Documents/seadroid/app/src/main/java/com/seafile/seadroid2/ui/docs_comment/DocsCommentsActivity.kt:232:28 Class '<anonymous>' is not abstract and does not implement abstract member 'onChanged'.
e: file:///Users/HONGBGU/Documents/seadroid/app/src/main/java/com/seafile/seadroid2/ui/docs_comment/DocsCommentsActivity.kt:233:17 'onChanged' overrides nothing.
e: file:///Users/HONGBGU/Documents/seadroid/app/src/main/java/com/seafile/seadroid2/ui/docs_comment/DocsCommentsActivity.kt:276:47 Type argument is not within its bounds: should be subtype of 'kotlin.Any'.
e: file:///Users/HONGBGU/Documents/seadroid/app/src/main/java/com/seafile/seadroid2/ui/docs_comment/DocsCommentsActivity.kt:278:56 Type argument is not within its bounds: should be subtype of 'kotlin.Any'.
e: file:///Users/HONGBGU/Documents/seadroid/app/src/main/java/com/seafile/seadroid2/ui/docs_comment/DocsCommentsActivity.kt:300:25 Argument type mismatch: actual type is 'kotlin.String?', but 'kotlin.String' was expected.
e: file:///Users/HONGBGU/Documents/seadroid/app/src/main/java/com/seafile/seadroid2/ui/docs_comment/DocsCommentsActivity.kt:303:31 Unresolved reference 'id'.
e: file:///Users/HONGBGU/Documents/seadroid/app/src/main/java/com/seafile/seadroid2/ui/docs_comment/DocsCommentsActivity.kt:307:39 Unresolved reference 'resolved'.
e: file:///Users/HONGBGU/Documents/seadroid/app/src/main/java/com/seafile/seadroid2/ui/docs_comment/DocsCommentsActivity.kt:312:54 Unresolved reference 'id'.
e: file:///Users/HONGBGU/Documents/seadroid/app/src/main/java/com/seafile/seadroid2/ui/docs_comment/DocsCommentsActivity.kt:326:21 Argument type mismatch: actual type is 'kotlin.String?', but 'kotlin.String' was expected.
e: file:///Users/HONGBGU/Documents/seadroid/app/src/main/java/com/seafile/seadroid2/ui/docs_comment/DocsCommentsActivity.kt:348:42 Argument type mismatch: actual type is 'com.seafile.seadroid2.framework.model.sdoc.SDocPageOptionsModel?', but 'com.seafile.seadroid2.framework.model.sdoc.SDocPageOptionsModel' was expected.
e: file:///Users/HONGBGU/Documents/seadroid/app/src/main/java/com/seafile/seadroid2/ui/docs_comment/DocsCommentsActivity.kt:411:38 Argument type mismatch: actual type is 'com.seafile.seadroid2.framework.model.sdoc.SDocPageOptionsModel?', but 'com.seafile.seadroid2.framework.model.sdoc.SDocPageOptionsModel' was expected.
e: file:///Users/HONGBGU/Documents/seadroid/app/src/main/java/com/seafile/seadroid2/ui/editor/EditorActivity.kt:57:56 Unresolved reference 'compareTo'.
e: file:///Users/HONGBGU/Documents/seadroid/app/src/main/java/com/seafile/seadroid2/ui/editor/EditorActivity.kt:57:57 Unresolved reference 'ViewfindViewById'.
e: file:///Users/HONGBGU/Documents/seadroid/app/src/main/java/com/seafile/seadroid2/ui/editor/EditorActivity.kt:90:16 Only safe (?.) or non-null asserted (!!.) calls are allowed on a nullable receiver of type 'androidx.appcompat.widget.Toolbar?'.
e: file:///Users/HONGBGU/Documents/seadroid/app/src/main/java/com/seafile/seadroid2/ui/editor/EditorActivity.kt:106:37 Assignment type mismatch: actual type is 'kotlin.Unit', but 'com.yydcdut.markdown.MarkdownEditText?' was expected.
e: file:///Users/HONGBGU/Documents/seadroid/app/src/main/java/com/seafile/seadroid2/ui/editor/EditorActivity.kt:107:14 Unresolved reference 'compareTo'.
e: file:///Users/HONGBGU/Documents/seadroid/app/src/main/java/com/seafile/seadroid2/ui/editor/EditorActivity.kt:107:15 Unresolved reference 'MarkdownEditTextfindViewById'.
e: file:///Users/HONGBGU/Documents/seadroid/app/src/main/java/com/seafile/seadroid2/ui/editor/EditorActivity.kt:108:19 Cannot infer type for this parameter. Please specify it explicitly.
e: file:///Users/HONGBGU/Documents/seadroid/app/src/main/java/com/seafile/seadroid2/ui/editor/EditorActivity.kt:110:15 Unresolved reference 'HorizontalEditScrollViewfindViewById'.
e: file:///Users/HONGBGU/Documents/seadroid/app/src/main/java/com/seafile/seadroid2/ui/editor/EditorActivity.kt:114:47 Unresolved reference 'observe'.
e: file:///Users/HONGBGU/Documents/seadroid/app/src/main/java/com/seafile/seadroid2/ui/editor/EditorActivity.kt:114:61 Class '<anonymous>' is not abstract and does not implement abstract member 'onChanged'.
e: file:///Users/HONGBGU/Documents/seadroid/app/src/main/java/com/seafile/seadroid2/ui/editor/EditorActivity.kt:115:13 'onChanged' overrides nothing.
e: file:///Users/HONGBGU/Documents/seadroid/app/src/main/java/com/seafile/seadroid2/ui/editor/EditorActivity.kt:125:14 Unresolved reference 'observe'.
e: file:///Users/HONGBGU/Documents/seadroid/app/src/main/java/com/seafile/seadroid2/ui/editor/EditorActivity.kt:202:30 Only safe (?.) or non-null asserted (!!.) calls are allowed on a nullable receiver of type 'androidx.appcompat.widget.Toolbar?'.
e: file:///Users/HONGBGU/Documents/seadroid/app/src/main/java/com/seafile/seadroid2/ui/editor/EditorViewModel.kt:37:38 Argument type mismatch: actual type is 'io.reactivex.functions.Consumer<kotlin.String?>?', but 'io.reactivex.functions.Consumer<T?>' was expected.
e: file:///Users/HONGBGU/Documents/seadroid/app/src/main/java/com/seafile/seadroid2/ui/editor/EditorViewModel.kt:50:30 None of the following candidates is applicable:
@SinceKotlin(...) @InlineOnly() fun <V> KMutableProperty0<V>.setValue(thisRef: Any?, property: KProperty<*>, value: V): Unit
@SinceKotlin(...) @InlineOnly() fun <T, V> KMutableProperty1<T, V>.setValue(thisRef: T, property: KProperty<*>, value: V): Unit
@InlineOnly() fun <V> MutableMap<in String, in V>.setValue(thisRef: Any?, property: KProperty<*>, value: V): Unit
e: file:///Users/HONGBGU/Documents/seadroid/app/src/main/java/com/seafile/seadroid2/ui/editor/EditorViewModel.kt:57:38 None of the following candidates is applicable:
@SinceKotlin(...) @InlineOnly() fun <V> KMutableProperty0<V>.setValue(thisRef: Any?, property: KProperty<*>, value: V): Unit
@SinceKotlin(...) @InlineOnly() fun <T, V> KMutableProperty1<T, V>.setValue(thisRef: T, property: KProperty<*>, value: V): Unit
@InlineOnly() fun <V> MutableMap<in String, in V>.setValue(thisRef: Any?, property: KProperty<*>, value: V): Unit
e: file:///Users/HONGBGU/Documents/seadroid/app/src/main/java/com/seafile/seadroid2/ui/editor/Utils.kt:52:13 Argument type mismatch: actual type is 'java.lang.Class<android.text.style.AlignmentSpan.Standard>', but 'java.lang.Class<T?>?' was expected.
e: file:///Users/HONGBGU/Documents/seadroid/app/src/main/java/com/seafile/seadroid2/ui/editor/controller/HeaderController.kt:28:17 Argument type mismatch: actual type is 'java.lang.Class<android.text.style.RelativeSizeSpan>', but 'java.lang.Class<T?>?' was expected.
e: file:///Users/HONGBGU/Documents/seadroid/app/src/main/java/com/seafile/seadroid2/ui/editor/controller/HorizontalRulesController.kt:27:13 Argument type mismatch: actual type is 'java.lang.Class<com.yydcdut.markdown.span.MDHorizontalRulesSpan>', but 'java.lang.Class<T?>?' was expected.
e: file:///Users/HONGBGU/Documents/seadroid/app/src/main/java/com/seafile/seadroid2/ui/editor/controller/ListController.kt:19:17 Argument type mismatch: actual type is 'java.lang.Class<com.yydcdut.markdown.span.MDUnOrderListSpan>', but 'java.lang.Class<T?>?' was expected.
e: file:///Users/HONGBGU/Documents/seadroid/app/src/main/java/com/seafile/seadroid2/ui/editor/controller/ListController.kt:50:17 Argument type mismatch: actual type is 'java.lang.Class<com.yydcdut.markdown.span.MDUnOrderListSpan>', but 'java.lang.Class<T?>?' was expected.
e: file:///Users/HONGBGU/Documents/seadroid/app/src/main/java/com/seafile/seadroid2/ui/editor/controller/ListController.kt:75:17 Argument type mismatch: actual type is 'java.lang.Class<com.yydcdut.markdown.span.MDOrderListSpan>', but 'java.lang.Class<T?>?' was expected.
e: file:///Users/HONGBGU/Documents/seadroid/app/src/main/java/com/seafile/seadroid2/ui/editor/controller/ListController.kt:93:21 Argument type mismatch: actual type is 'java.lang.Class<com.yydcdut.markdown.span.MDOrderListSpan>', but 'java.lang.Class<T?>?' was expected.
e: file:///Users/HONGBGU/Documents/seadroid/app/src/main/java/com/seafile/seadroid2/ui/editor/controller/ListController.kt:123:17 Argument type mismatch: actual type is 'java.lang.Class<com.yydcdut.markdown.span.MDOrderListSpan>', but 'java.lang.Class<T?>?' was expected.
e: file:///Users/HONGBGU/Documents/seadroid/app/src/main/java/com/seafile/seadroid2/ui/editor/controller/ListController.kt:144:21 Argument type mismatch: actual type is 'java.lang.Class<com.yydcdut.markdown.span.MDOrderListSpan>', but 'java.lang.Class<T?>?' was expected.
e: file:///Users/HONGBGU/Documents/seadroid/app/src/main/java/com/seafile/seadroid2/ui/editor/widget/HorizontalEditScrollView.kt:61:9 Not enough information to infer type argument for 'T'.
e: file:///Users/HONGBGU/Documents/seadroid/app/src/main/java/com/seafile/seadroid2/ui/editor/widget/HorizontalEditScrollView.kt:61:41 Unresolved reference 'setOnClickListener'.
e: file:///Users/HONGBGU/Documents/seadroid/app/src/main/java/com/seafile/seadroid2/ui/editor/widget/HorizontalEditScrollView.kt:64:9 Not enough information to infer type argument for 'T'.
e: file:///Users/HONGBGU/Documents/seadroid/app/src/main/java/com/seafile/seadroid2/ui/editor/widget/HorizontalEditScrollView.kt:64:38 Unresolved reference 'setOnClickListener'.
e: file:///Users/HONGBGU/Documents/seadroid/app/src/main/java/com/seafile/seadroid2/ui/editor/widget/HorizontalEditScrollView.kt:67:9 Not enough information to infer type argument for 'T'.
e: file:///Users/HONGBGU/Documents/seadroid/app/src/main/java/com/seafile/seadroid2/ui/editor/widget/HorizontalEditScrollView.kt:67:40 Unresolved reference 'setOnClickListener'.
e: file:///Users/HONGBGU/Documents/seadroid/app/src/main/java/com/seafile/seadroid2/ui/editor/widget/HorizontalEditScrollView.kt:70:9 Not enough information to infer type argument for 'T'.
e: file:///Users/HONGBGU/Documents/seadroid/app/src/main/java/com/seafile/seadroid2/ui/editor/widget/HorizontalEditScrollView.kt:70:50 Unresolved reference 'setOnClickListener'.
e: file:///Users/HONGBGU/Documents/seadroid/app/src/main/java/com/seafile/seadroid2/ui/editor/widget/HorizontalEditScrollView.kt:73:9 Not enough information to infer type argument for 'T'.
e: file:///Users/HONGBGU/Documents/seadroid/app/src/main/java/com/seafile/seadroid2/ui/editor/widget/HorizontalEditScrollView.kt:73:38 Unresolved reference 'setOnClickListener'.
e: file:///Users/HONGBGU/Documents/seadroid/app/src/main/java/com/seafile/seadroid2/ui/editor/widget/HorizontalEditScrollView.kt:76:9 Not enough information to infer type argument for 'T'.
e: file:///Users/HONGBGU/Documents/seadroid/app/src/main/java/com/seafile/seadroid2/ui/editor/widget/HorizontalEditScrollView.kt:76:43 Unresolved reference 'setOnClickListener'.
e: file:///Users/HONGBGU/Documents/seadroid/app/src/main/java/com/seafile/seadroid2/ui/editor/widget/HorizontalEditScrollView.kt:79:9 Not enough information to infer type argument for 'T'.
e: file:///Users/HONGBGU/Documents/seadroid/app/src/main/java/com/seafile/seadroid2/ui/editor/widget/HorizontalEditScrollView.kt:79:48 Unresolved reference 'setOnClickListener'.
e: file:///Users/HONGBGU/Documents/seadroid/app/src/main/java/com/seafile/seadroid2/ui/editor/widget/HorizontalEditScrollView.kt:82:9 Not enough information to infer type argument for 'T'.
e: file:///Users/HONGBGU/Documents/seadroid/app/src/main/java/com/seafile/seadroid2/ui/editor/widget/HorizontalEditScrollView.kt:82:38 Unresolved reference 'setOnClickListener'.
e: file:///Users/HONGBGU/Documents/seadroid/app/src/main/java/com/seafile/seadroid2/ui/editor/widget/HorizontalEditScrollView.kt:85:9 Not enough information to infer type argument for 'T'.
e: file:///Users/HONGBGU/Documents/seadroid/app/src/main/java/com/seafile/seadroid2/ui/editor/widget/HorizontalEditScrollView.kt:85:45 Unresolved reference 'setOnClickListener'.
e: file:///Users/HONGBGU/Documents/seadroid/app/src/main/java/com/seafile/seadroid2/ui/editor/widget/HorizontalEditScrollView.kt:88:9 Not enough information to infer type argument for 'T'.
e: file:///Users/HONGBGU/Documents/seadroid/app/src/main/java/com/seafile/seadroid2/ui/editor/widget/HorizontalEditScrollView.kt:88:45 Unresolved reference 'setOnLongClickListener'.
e: file:///Users/HONGBGU/Documents/seadroid/app/src/main/java/com/seafile/seadroid2/ui/editor/widget/HorizontalEditScrollView.kt:91:9 Not enough information to infer type argument for 'T'.
e: file:///Users/HONGBGU/Documents/seadroid/app/src/main/java/com/seafile/seadroid2/ui/editor/widget/HorizontalEditScrollView.kt:91:46 Unresolved reference 'setOnClickListener'.
e: file:///Users/HONGBGU/Documents/seadroid/app/src/main/java/com/seafile/seadroid2/ui/editor/widget/HorizontalEditScrollView.kt:94:9 Not enough information to infer type argument for 'T'.
e: file:///Users/HONGBGU/Documents/seadroid/app/src/main/java/com/seafile/seadroid2/ui/editor/widget/HorizontalEditScrollView.kt:94:44 Unresolved reference 'setOnClickListener'.
e: file:///Users/HONGBGU/Documents/seadroid/app/src/main/java/com/seafile/seadroid2/ui/editor/widget/HorizontalEditScrollView.kt:97:9 Not enough information to infer type argument for 'T'.
e: file:///Users/HONGBGU/Documents/seadroid/app/src/main/java/com/seafile/seadroid2/ui/editor/widget/HorizontalEditScrollView.kt:97:38 Unresolved reference 'setOnClickListener'.
e: file:///Users/HONGBGU/Documents/seadroid/app/src/main/java/com/seafile/seadroid2/ui/file/FileActivity.kt:23:61 Cannot import 'equals'. Functions and properties can only be imported from packages or objects.
e: file:///Users/HONGBGU/Documents/seadroid/app/src/main/java/com/seafile/seadroid2/ui/file/FileActivity.kt:26:65 Cannot import 'equals'. Functions and properties can only be imported from packages or objects.
e: file:///Users/HONGBGU/Documents/seadroid/app/src/main/java/com/seafile/seadroid2/ui/file/FileActivity.kt:79:64 Only safe (?.) or non-null asserted (!!.) calls are allowed on a nullable receiver of type 'com.seafile.seadroid2.account.SupportAccountManager?'.
e: file:///Users/HONGBGU/Documents/seadroid/app/src/main/java/com/seafile/seadroid2/ui/file/FileActivity.kt:98:14 Unresolved reference 'observe'.
e: file:///Users/HONGBGU/Documents/seadroid/app/src/main/java/com/seafile/seadroid2/ui/file/FileActivity.kt:98:28 Class '<anonymous>' is not abstract and does not implement abstract member 'onChanged'.
e: file:///Users/HONGBGU/Documents/seadroid/app/src/main/java/com/seafile/seadroid2/ui/file/FileActivity.kt:99:17 'onChanged' overrides nothing.
e: file:///Users/HONGBGU/Documents/seadroid/app/src/main/java/com/seafile/seadroid2/ui/file/FileActivity.kt:104:62 Class '<anonymous>' is not abstract and does not implement abstract member 'onChanged'.
e: file:///Users/HONGBGU/Documents/seadroid/app/src/main/java/com/seafile/seadroid2/ui/file/FileActivity.kt:105:13 'onChanged' overrides nothing.
e: file:///Users/HONGBGU/Documents/seadroid/app/src/main/java/com/seafile/seadroid2/ui/file/FileActivity.kt:112:61 Class '<anonymous>' is not abstract and does not implement abstract member 'onChanged'.
e: file:///Users/HONGBGU/Documents/seadroid/app/src/main/java/com/seafile/seadroid2/ui/file/FileActivity.kt:113:13 'onChanged' overrides nothing.
e: file:///Users/HONGBGU/Documents/seadroid/app/src/main/java/com/seafile/seadroid2/ui/file/FileActivity.kt:116:21 Argument type mismatch: actual type is 'com.seafile.seadroid2.framework.db.entities.DirentModel?', but 'com.seafile.seadroid2.framework.db.entities.DirentModel' was expected.
e: file:///Users/HONGBGU/Documents/seadroid/app/src/main/java/com/seafile/seadroid2/ui/file/FileActivity.kt:117:21 Argument type mismatch: actual type is 'java.io.File?', but 'java.io.File' was expected.
e: file:///Users/HONGBGU/Documents/seadroid/app/src/main/java/com/seafile/seadroid2/ui/file/FileActivity.kt:145:56 Smart cast to 'com.seafile.seadroid2.framework.db.entities.DirentModel' is impossible, because 'direntModel' is a mutable property that could be mutated concurrently.
e: file:///Users/HONGBGU/Documents/seadroid/app/src/main/java/com/seafile/seadroid2/ui/file/FileActivity.kt:145:69 Argument type mismatch: actual type is 'java.io.File?', but 'java.io.File' was expected.
e: file:///Users/HONGBGU/Documents/seadroid/app/src/main/java/com/seafile/seadroid2/ui/file/FileActivity.kt:163:16 Only safe (?.) or non-null asserted (!!.) calls are allowed on a nullable receiver of type 'androidx.appcompat.widget.Toolbar?'.
e: file:///Users/HONGBGU/Documents/seadroid/app/src/main/java/com/seafile/seadroid2/ui/file/FileActivity.kt:193:78 Only safe (?.) or non-null asserted (!!.) calls are allowed on a nullable receiver of type 'com.seafile.seadroid2.account.SupportAccountManager?'.
e: file:///Users/HONGBGU/Documents/seadroid/app/src/main/java/com/seafile/seadroid2/ui/file/FileViewModel.kt:53:13 Initializer type mismatch: expected 'io.reactivex.Single<com.seafile.seadroid2.framework.model.dirents.DirentFileModel?>', actual 'io.reactivex.Single<com.seafile.seadroid2.framework.model.dirents.DirentFileModel?>?'.
e: file:///Users/HONGBGU/Documents/seadroid/app/src/main/java/com/seafile/seadroid2/ui/file/FileViewModel.kt:53:50 Only safe (?.) or non-null asserted (!!.) calls are allowed on a nullable receiver of type 'com.seafile.seadroid2.framework.http.HttpIO?'.
e: file:///Users/HONGBGU/Documents/seadroid/app/src/main/java/com/seafile/seadroid2/ui/file/FileViewModel.kt:53:73 Argument type mismatch: actual type is 'java.lang.Class<com.seafile.seadroid2.ui.file.FileService>', but 'java.lang.Class<T?>' was expected.
e: file:///Users/HONGBGU/Documents/seadroid/app/src/main/java/com/seafile/seadroid2/ui/file/FileViewModel.kt:54:17 Only safe (?.) or non-null asserted (!!.) calls are allowed on a nullable receiver of type 'com.seafile.seadroid2.ui.file.FileService?'.
e: file:///Users/HONGBGU/Documents/seadroid/app/src/main/java/com/seafile/seadroid2/ui/file/FileViewModel.kt:55:44 Argument type mismatch: actual type is 'io.reactivex.functions.Consumer<com.seafile.seadroid2.framework.model.dirents.DirentFileModel?>?', but 'io.reactivex.functions.Consumer<T?>' was expected.
e: file:///Users/HONGBGU/Documents/seadroid/app/src/main/java/com/seafile/seadroid2/ui/file/FileViewModel.kt:59:44 None of the following candidates is applicable:
@SinceKotlin(...) @InlineOnly() fun <V> KMutableProperty0<V>.setValue(thisRef: Any?, property: KProperty<*>, value: V): Unit
@SinceKotlin(...) @InlineOnly() fun <T, V> KMutableProperty1<T, V>.setValue(thisRef: T, property: KProperty<*>, value: V): Unit
@InlineOnly() fun <V> MutableMap<in String, in V>.setValue(thisRef: Any?, property: KProperty<*>, value: V): Unit
e: file:///Users/HONGBGU/Documents/seadroid/app/src/main/java/com/seafile/seadroid2/ui/file/FileViewModel.kt:71:17 Initializer type mismatch: expected 'io.reactivex.Single<kotlin.String?>', actual 'io.reactivex.Single<kotlin.String?>?'.
e: file:///Users/HONGBGU/Documents/seadroid/app/src/main/java/com/seafile/seadroid2/ui/file/FileViewModel.kt:71:54 Only safe (?.) or non-null asserted (!!.) calls are allowed on a nullable receiver of type 'com.seafile.seadroid2.framework.http.HttpIO?'.
e: file:///Users/HONGBGU/Documents/seadroid/app/src/main/java/com/seafile/seadroid2/ui/file/FileViewModel.kt:71:77 Argument type mismatch: actual type is 'java.lang.Class<com.seafile.seadroid2.ui.file.FileService>', but 'java.lang.Class<T?>' was expected.
e: file:///Users/HONGBGU/Documents/seadroid/app/src/main/java/com/seafile/seadroid2/ui/file/FileViewModel.kt:72:21 Only safe (?.) or non-null asserted (!!.) calls are allowed on a nullable receiver of type 'com.seafile.seadroid2.ui.file.FileService?'.
e: file:///Users/HONGBGU/Documents/seadroid/app/src/main/java/com/seafile/seadroid2/ui/file/FileViewModel.kt:74:63 Class '<anonymous>' is not abstract and does not implement abstract member 'apply'.
e: file:///Users/HONGBGU/Documents/seadroid/app/src/main/java/com/seafile/seadroid2/ui/file/FileViewModel.kt:77:17 'apply' overrides nothing.
e: file:///Users/HONGBGU/Documents/seadroid/app/src/main/java/com/seafile/seadroid2/ui/file/FileViewModel.kt:94:48 None of the following candidates is applicable:
@SinceKotlin(...) @InlineOnly() fun <V> KMutableProperty0<V>.setValue(thisRef: Any?, property: KProperty<*>, value: V): Unit
@SinceKotlin(...) @InlineOnly() fun <T, V> KMutableProperty1<T, V>.setValue(thisRef: T, property: KProperty<*>, value: V): Unit
@InlineOnly() fun <V> MutableMap<in String, in V>.setValue(thisRef: Any?, property: KProperty<*>, value: V): Unit
e: file:///Users/HONGBGU/Documents/seadroid/app/src/main/java/com/seafile/seadroid2/ui/file/FileViewModel.kt:119:47 Class '<anonymous>' is not abstract and does not implement abstract member 'subscribe'.
e: file:///Users/HONGBGU/Documents/seadroid/app/src/main/java/com/seafile/seadroid2/ui/file/FileViewModel.kt:121:13 'subscribe' overrides nothing.
e: file:///Users/HONGBGU/Documents/seadroid/app/src/main/java/com/seafile/seadroid2/ui/file/FileViewModel.kt:127:58 Only safe (?.) or non-null asserted (!!.) calls are allowed on a nullable receiver of type 'com.seafile.seadroid2.framework.http.HttpIO?'.
e: file:///Users/HONGBGU/Documents/seadroid/app/src/main/java/com/seafile/seadroid2/ui/file/FileViewModel.kt:133:48 Argument type mismatch: actual type is 'kotlin.Array<kotlin.Long>', but 'kotlin.Array<kotlin.Long?>' was expected.
e: file:///Users/HONGBGU/Documents/seadroid/app/src/main/java/com/seafile/seadroid2/ui/file/FileViewModel.kt:138:46 Argument type mismatch: actual type is 'okhttp3.OkHttpClient?', but 'okhttp3.OkHttpClient' was expected.
e: file:///Users/HONGBGU/Documents/seadroid/app/src/main/java/com/seafile/seadroid2/ui/file/FileViewModel.kt:139:53 Argument type mismatch: actual type is 'kotlin.String?', but 'kotlin.String' was expected.
e: file:///Users/HONGBGU/Documents/seadroid/app/src/main/java/com/seafile/seadroid2/ui/file/FileViewModel.kt:188:52 Only safe (?.) or non-null asserted (!!.) calls are allowed on a nullable receiver of type 'com.seafile.seadroid2.framework.db.AppDatabase?'.
e: file:///Users/HONGBGU/Documents/seadroid/app/src/main/java/com/seafile/seadroid2/ui/file/FileViewModel.kt:188:73 Only safe (?.) or non-null asserted (!!.) calls are allowed on a nullable receiver of type 'com.seafile.seadroid2.framework.db.dao.FileCacheStatusDAO?'.
e: file:///Users/HONGBGU/Documents/seadroid/app/src/main/java/com/seafile/seadroid2/ui/file/FileViewModel.kt:194:38 Argument type mismatch: actual type is 'io.reactivex.functions.Consumer<kotlin.Boolean?>?', but 'io.reactivex.functions.Consumer<T?>' was expected.
e: file:///Users/HONGBGU/Documents/seadroid/app/src/main/java/com/seafile/seadroid2/ui/file_profile/FileProfileDialog.kt:124:48 Initializer type mismatch: expected 'kotlin.collections.MutableMap<kotlin.String?, kotlin.Any?>', actual 'kotlin.collections.Map<kotlin.String, kotlin.Any?>'.
e: file:///Users/HONGBGU/Documents/seadroid/app/src/main/java/com/seafile/seadroid2/ui/file_profile/FileProfileDialog.kt:124:48 Type mismatch: inferred type is 'kotlin.collections.Map<kotlin.String, kotlin.Any?>', but 'kotlin.collections.MutableMap<kotlin.String?, kotlin.Any?>' was expected.
e: file:///Users/HONGBGU/Documents/seadroid/app/src/main/java/com/seafile/seadroid2/ui/file_profile/FileProfileDialog.kt:290:53 Unresolved reference 'value'.
e: file:///Users/HONGBGU/Documents/seadroid/app/src/main/java/com/seafile/seadroid2/ui/file_profile/FileProfileDialog.kt:292:34 Unresolved reference 'value'.
e: file:///Users/HONGBGU/Documents/seadroid/app/src/main/java/com/seafile/seadroid2/ui/file_profile/FileProfileDialog.kt:293:40 Unresolved reference 'value'.
e: file:///Users/HONGBGU/Documents/seadroid/app/src/main/java/com/seafile/seadroid2/ui/file_profile/FileProfileDialog.kt:293:70 Unresolved reference 'value'.
e: file:///Users/HONGBGU/Documents/seadroid/app/src/main/java/com/seafile/seadroid2/ui/file_profile/FileProfileDialog.kt:305:21 Unresolved reference 'value'.
e: file:///Users/HONGBGU/Documents/seadroid/app/src/main/java/com/seafile/seadroid2/ui/file_profile/FileProfileDialog.kt:312:47 Unresolved reference 'value'.
e: file:///Users/HONGBGU/Documents/seadroid/app/src/main/java/com/seafile/seadroid2/ui/file_profile/FileProfileDialog.kt:360:44 One type argument expected. Use typealias 'ArrayList' if you don't intend to pass type arguments.
e: file:///Users/HONGBGU/Documents/seadroid/app/src/main/java/com/seafile/seadroid2/ui/file_profile/FileProfileDialog.kt:361:31 Method 'iterator()' is ambiguous for this expression. Applicable candidates:
fun <T> Enumeration<T>.iterator(): Iterator<T>
@InlineOnly() fun <T> Iterator<T>.iterator(): Iterator<T>
@InlineOnly() fun <K, V> Map<out K, V>.iterator(): Iterator<Map.Entry<K, V>>
@JvmName(...) @InlineOnly() fun <K, V> MutableMap<K, V>.iterator(): MutableIterator<MutableMap.MutableEntry<K, V>>
fun CharSequence.iterator(): CharIterator
fun BufferedInputStream.iterator(): ByteIterator
e: file:///Users/HONGBGU/Documents/seadroid/app/src/main/java/com/seafile/seadroid2/ui/file_profile/FileProfileDialog.kt:405:62 Unresolved reference 'value'.
e: file:///Users/HONGBGU/Documents/seadroid/app/src/main/java/com/seafile/seadroid2/ui/file_profile/FileProfileDialog.kt:412:26 Overload resolution ambiguity between candidates:
fun setText(p0: CharSequence!): Unit
fun setText(p0: Int): Unit
e: file:///Users/HONGBGU/Documents/seadroid/app/src/main/java/com/seafile/seadroid2/ui/file_profile/FileProfileDialog.kt:412:34 Unresolved reference 'value'.
e: file:///Users/HONGBGU/Documents/seadroid/app/src/main/java/com/seafile/seadroid2/ui/file_profile/FileProfileDialog.kt:430:44 One type argument expected. Use typealias 'ArrayList' if you don't intend to pass type arguments.
e: file:///Users/HONGBGU/Documents/seadroid/app/src/main/java/com/seafile/seadroid2/ui/file_profile/FileProfileDialog.kt:431:25 Method 'iterator()' is ambiguous for this expression. Applicable candidates:
fun <T> Enumeration<T>.iterator(): Iterator<T>
@InlineOnly() fun <T> Iterator<T>.iterator(): Iterator<T>
@InlineOnly() fun <K, V> Map<out K, V>.iterator(): Iterator<Map.Entry<K, V>>
@JvmName(...) @InlineOnly() fun <K, V> MutableMap<K, V>.iterator(): MutableIterator<MutableMap.MutableEntry<K, V>>
fun CharSequence.iterator(): CharIterator
fun BufferedInputStream.iterator(): ByteIterator
e: file:///Users/HONGBGU/Documents/seadroid/app/src/main/java/com/seafile/seadroid2/ui/file_profile/FileProfileDialog.kt:445:30 Overload resolution ambiguity between candidates:
fun setText(p0: CharSequence!): Unit
fun setText(p0: Int): Unit
e: file:///Users/HONGBGU/Documents/seadroid/app/src/main/java/com/seafile/seadroid2/ui/file_profile/FileProfileDialog.kt:593:33 Unresolved reference 'value'.
e: file:///Users/HONGBGU/Documents/seadroid/app/src/main/java/com/seafile/seadroid2/ui/folder_backup/FolderBackupSelectedPathActivity.kt:45:56 Unresolved reference 'compareTo'.
e: file:///Users/HONGBGU/Documents/seadroid/app/src/main/java/com/seafile/seadroid2/ui/folder_backup/FolderBackupSelectedPathActivity.kt:45:57 Unresolved reference 'ViewfindViewById'.
e: file:///Users/HONGBGU/Documents/seadroid/app/src/main/java/com/seafile/seadroid2/ui/folder_backup/FolderBackupSelectedPathActivity.kt:50:9 Not enough information to infer type argument for 'T'.
e: file:///Users/HONGBGU/Documents/seadroid/app/src/main/java/com/seafile/seadroid2/ui/folder_backup/FolderBackupSelectedPathActivity.kt:50:47 Unresolved reference 'setOnClickListener'.
e: file:///Users/HONGBGU/Documents/seadroid/app/src/main/java/com/seafile/seadroid2/ui/folder_backup/FolderBackupSelectedPathActivity.kt:67:9 'if' must have both main and 'else' branches when used as an expression.
e: file:///Users/HONGBGU/Documents/seadroid/app/src/main/java/com/seafile/seadroid2/ui/folder_backup/FolderBackupSelectedPathActivity.kt:73:33 Assignment type mismatch: actual type is 'kotlin.Unit', but 'androidx.recyclerview.widget.RecyclerView?' was expected.
e: file:///Users/HONGBGU/Documents/seadroid/app/src/main/java/com/seafile/seadroid2/ui/folder_backup/FolderBackupSelectedPathActivity.kt:74:14 Unresolved reference 'compareTo'.
e: file:///Users/HONGBGU/Documents/seadroid/app/src/main/java/com/seafile/seadroid2/ui/folder_backup/FolderBackupSelectedPathActivity.kt:74:15 Unresolved reference 'RecyclerViewfindViewById'.
e: file:///Users/HONGBGU/Documents/seadroid/app/src/main/java/com/seafile/seadroid2/ui/folder_backup/FolderBackupSelectedPathActivity.kt:124:43 Argument type mismatch: actual type is 'com.chad.library.adapter4.BaseQuickAdapter.OnItemClickListener<T>', but 'com.chad.library.adapter4.BaseQuickAdapter.OnItemClickListener<kotlin.String?>?' was expected.
e: file:///Users/HONGBGU/Documents/seadroid/app/src/main/java/com/seafile/seadroid2/ui/folder_backup/FolderBackupSelectedPathActivity.kt:124:80 Argument type mismatch: actual type is 'kotlin.Function3<com.chad.library.adapter4.BaseQuickAdapter<kotlin.String?, *>?, android.view.View?, kotlin.Int, kotlin.Unit>', but 'kotlin.Function3<com.chad.library.adapter4.BaseQuickAdapter<T, *>, android.view.View, kotlin.Int, kotlin.Unit>' was expected.
e: file:///Users/HONGBGU/Documents/seadroid/app/src/main/java/com/seafile/seadroid2/ui/folder_backup/FolderBackupSelectedPathActivity.kt:124:117 Type argument is not within its bounds: should be subtype of 'kotlin.Any'.
e: file:///Users/HONGBGU/Documents/seadroid/app/src/main/java/com/seafile/seadroid2/ui/folder_backup/FolderBackupSelectedPathActivity.kt:131:13 Argument type mismatch: actual type is 'com.chad.library.adapter4.BaseQuickAdapter.OnItemChildClickListener<T>', but 'com.chad.library.adapter4.BaseQuickAdapter.OnItemChildClickListener<kotlin.String?>' was expected.
e: file:///Users/HONGBGU/Documents/seadroid/app/src/main/java/com/seafile/seadroid2/ui/folder_backup/FolderBackupSelectedPathActivity.kt:131:38 Argument type mismatch: actual type is 'kotlin.Function3<com.chad.library.adapter4.BaseQuickAdapter<kotlin.String?, *>?, android.view.View?, kotlin.Int, kotlin.Unit>', but 'kotlin.Function3<com.chad.library.adapter4.BaseQuickAdapter<T, *>, android.view.View, kotlin.Int, kotlin.Unit>' was expected.
e: file:///Users/HONGBGU/Documents/seadroid/app/src/main/java/com/seafile/seadroid2/ui/folder_backup/FolderBackupSelectedPathActivity.kt:131:75 Type argument is not within its bounds: should be subtype of 'kotlin.Any'.
e: file:///Users/HONGBGU/Documents/seadroid/app/src/main/java/com/seafile/seadroid2/ui/folder_backup/FolderBackupSelectedPathActivity.kt:143:13 Interface 'interface OnMenuClickListener : Any' does not have constructors.
e: file:///Users/HONGBGU/Documents/seadroid/app/src/main/java/com/seafile/seadroid2/ui/folder_backup/FolderBackupSelectedPathActivity.kt:186:57 Initializer type mismatch: expected 'kotlin.collections.MutableList<kotlin.String?>', actual 'kotlin.collections.List<kotlin.String?>'.
e: file:///Users/HONGBGU/Documents/seadroid/app/src/main/java/com/seafile/seadroid2/ui/folder_backup/FolderBackupSelectedPathActivity.kt:195:61 Initializer type mismatch: expected 'kotlin.collections.MutableList<kotlin.String?>', actual 'kotlin.collections.List<kotlin.String?>'.
e: file:///Users/HONGBGU/Documents/seadroid/app/src/main/java/com/seafile/seadroid2/ui/folder_backup/FolderBackupSelectedPathAdapter.kt:13:1 Class 'FolderBackupSelectedPathAdapter' is not abstract and does not implement abstract base class member 'onBindViewHolder'.
e: file:///Users/HONGBGU/Documents/seadroid/app/src/main/java/com/seafile/seadroid2/ui/folder_backup/FolderBackupSelectedPathAdapter.kt:14:5 'onBindViewHolder' overrides nothing.
e: file:///Users/HONGBGU/Documents/seadroid/app/src/main/java/com/seafile/seadroid2/ui/main/MainActivity.kt:42:69 Unresolved reference 'FileSyncBinder'.
e: file:///Users/HONGBGU/Documents/seadroid/app/src/main/java/com/seafile/seadroid2/ui/main/MainActivity.kt:43:61 Cannot import 'equals'. Functions and properties can only be imported from packages or objects.
e: file:///Users/HONGBGU/Documents/seadroid/app/src/main/java/com/seafile/seadroid2/ui/main/MainActivity.kt:45:65 Cannot import 'equals'. Functions and properties can only be imported from packages or objects.
e: file:///Users/HONGBGU/Documents/seadroid/app/src/main/java/com/seafile/seadroid2/ui/main/MainActivity.kt:67:46 Only safe (?.) or non-null asserted (!!.) calls are allowed on a nullable receiver of type 'kotlin.collections.MutableList<androidx.fragment.app.Fragment?>?'.
e: file:///Users/HONGBGU/Documents/seadroid/app/src/main/java/com/seafile/seadroid2/ui/main/MainActivity.kt:86:49 None of the following candidates is applicable:
@MainThread() fun <T : ViewModel> get(modelClass: Class<T>): T
@MainThread() fun <T : ViewModel> get(modelClass: KClass<T>): T
e: file:///Users/HONGBGU/Documents/seadroid/app/src/main/java/com/seafile/seadroid2/ui/main/MainActivity.kt:94:67 Only safe (?.) or non-null asserted (!!.) calls are allowed on a nullable receiver of type 'com.seafile.seadroid2.account.SupportAccountManager?'.
e: file:///Users/HONGBGU/Documents/seadroid/app/src/main/java/com/seafile/seadroid2/ui/main/MainActivity.kt:103:38 Only safe (?.) or non-null asserted (!!.) calls are allowed on a nullable receiver of type 'com.jeremyliao.liveeventbus.core.Observable<kotlin.String?>?'.
e: file:///Users/HONGBGU/Documents/seadroid/app/src/main/java/com/seafile/seadroid2/ui/main/MainActivity.kt:169:78 Only safe (?.) or non-null asserted (!!.) calls are allowed on a nullable receiver of type 'com.seafile.seadroid2.account.SupportAccountManager?'.
e: file:///Users/HONGBGU/Documents/seadroid/app/src/main/java/com/seafile/seadroid2/ui/main/MainActivity.kt:184:62 Only safe (?.) or non-null asserted (!!.) calls are allowed on a nullable receiver of type 'kotlin.collections.MutableList<androidx.fragment.app.Fragment?>?'.
e: file:///Users/HONGBGU/Documents/seadroid/app/src/main/java/com/seafile/seadroid2/ui/main/MainActivity.kt:207:5 'onRequestPermissionsResult' overrides nothing.
e: file:///Users/HONGBGU/Documents/seadroid/app/src/main/java/com/seafile/seadroid2/ui/main/MainActivity.kt:212:55 Argument type mismatch: actual type is 'kotlin.Array<kotlin.String?>', but 'kotlin.Array<(out) kotlin.String>' was expected.
e: file:///Users/HONGBGU/Documents/seadroid/app/src/main/java/com/seafile/seadroid2/ui/main/MainActivity.kt:243:38 Only safe (?.) or non-null asserted (!!.) calls are allowed on a nullable receiver of type 'com.jeremyliao.liveeventbus.core.Observable<kotlin.String?>?'.
e: file:///Users/HONGBGU/Documents/seadroid/app/src/main/java/com/seafile/seadroid2/ui/main/MainActivity.kt:271:58 Only safe (?.) or non-null asserted (!!.) calls are allowed on a nullable receiver of type 'com.seafile.seadroid2.account.SupportAccountManager?'.
e: file:///Users/HONGBGU/Documents/seadroid/app/src/main/java/com/seafile/seadroid2/ui/main/MainActivity.kt:344:40 Argument type mismatch: actual type is 'kotlin.collections.MutableList<androidx.fragment.app.Fragment?>?', but 'kotlin.collections.MutableList<androidx.fragment.app.Fragment?>' was expected.
e: file:///Users/HONGBGU/Documents/seadroid/app/src/main/java/com/seafile/seadroid2/ui/main/MainActivity.kt:345:56 Only safe (?.) or non-null asserted (!!.) calls are allowed on a nullable receiver of type 'kotlin.collections.MutableList<androidx.fragment.app.Fragment?>?'.
e: file:///Users/HONGBGU/Documents/seadroid/app/src/main/java/com/seafile/seadroid2/ui/main/MainActivity.kt:395:42 Only safe (?.) or non-null asserted (!!.) calls are allowed on a nullable receiver of type 'com.jeremyliao.liveeventbus.core.Observable<com.seafile.seadroid2.context.NavContext?>?'.
e: file:///Users/HONGBGU/Documents/seadroid/app/src/main/java/com/seafile/seadroid2/ui/main/MainActivity.kt:401:38 Only safe (?.) or non-null asserted (!!.) calls are allowed on a nullable receiver of type 'com.seafile.seadroid2.preferences.SettingsLiveData<com.seafile.seadroid2.enums.NightMode?>?'.
e: file:///Users/HONGBGU/Documents/seadroid/app/src/main/java/com/seafile/seadroid2/ui/main/MainActivity.kt:422:37 Unresolved reference 'FileSyncBinder'.
e: file:///Users/HONGBGU/Documents/seadroid/app/src/main/java/com/seafile/seadroid2/ui/main/MainActivity.kt:423:34 Unresolved reference 'getService'.
e: file:///Users/HONGBGU/Documents/seadroid/app/src/main/java/com/seafile/seadroid2/ui/main/MainActivity.kt:435:65 Class '<anonymous>' is not abstract and does not implement abstract member 'onFileChanged'.
e: file:///Users/HONGBGU/Documents/seadroid/app/src/main/java/com/seafile/seadroid2/ui/main/MainActivity.kt:436:9 'onLocalFileChanged' overrides nothing.
e: file:///Users/HONGBGU/Documents/seadroid/app/src/main/java/com/seafile/seadroid2/ui/main/MainActivity.kt:438:57 Only safe (?.) or non-null asserted (!!.) calls are allowed on a nullable receiver of type 'com.seafile.seadroid2.framework.service.BackupThreadExecutor?'.
e: file:///Users/HONGBGU/Documents/seadroid/app/src/main/java/com/seafile/seadroid2/ui/main/MainActivity.kt:441:9 'onBackupFileChanged' overrides nothing.
e: file:///Users/HONGBGU/Documents/seadroid/app/src/main/java/com/seafile/seadroid2/ui/main/MainActivity.kt:443:57 Only safe (?.) or non-null asserted (!!.) calls are allowed on a nullable receiver of type 'com.seafile.seadroid2.framework.service.BackupThreadExecutor?'.
e: file:///Users/HONGBGU/Documents/seadroid/app/src/main/java/com/seafile/seadroid2/ui/main/MainActivity.kt:446:9 'onMediaContentObserver' overrides nothing.
e: file:///Users/HONGBGU/Documents/seadroid/app/src/main/java/com/seafile/seadroid2/ui/main/MainActivity.kt:478:40 Return type mismatch: expected 'java.util.Optional<com.seafile.seadroid2.framework.model.ServerInfo?>', actual 'java.util.Optional<com.seafile.seadroid2.framework.model.ServerInfo>'.
e: file:///Users/HONGBGU/Documents/seadroid/app/src/main/java/com/seafile/seadroid2/ui/main/MainActivity.kt:481:58 Only safe (?.) or non-null asserted (!!.) calls are allowed on a nullable receiver of type 'com.seafile.seadroid2.account.SupportAccountManager?'.
e: file:///Users/HONGBGU/Documents/seadroid/app/src/main/java/com/seafile/seadroid2/ui/main/MainActivity.kt:481:73 Smart cast to 'com.seafile.seadroid2.account.Account' is impossible, because 'curAccount' is a mutable property that could be mutated concurrently.
e: file:///Users/HONGBGU/Documents/seadroid/app/src/main/java/com/seafile/seadroid2/ui/main/MainActivity.kt:482:16 Return type mismatch: expected 'java.util.Optional<com.seafile.seadroid2.framework.model.ServerInfo?>', actual 'java.util.Optional<com.seafile.seadroid2.framework.model.ServerInfo>'.
e: file:///Users/HONGBGU/Documents/seadroid/app/src/main/java/com/seafile/seadroid2/ui/main/MainActivity.kt:589:38 Only safe (?.) or non-null asserted (!!.) calls are allowed on a nullable receiver of type 'com.seafile.seadroid2.preferences.SettingsLiveData<com.seafile.seadroid2.enums.NightMode?>?'.
e: file:///Users/HONGBGU/Documents/seadroid/app/src/main/java/com/seafile/seadroid2/ui/main/MainActivity.kt:599:66 Only safe (?.) or non-null asserted (!!.) calls are allowed on a nullable receiver of type 'com.seafile.seadroid2.preferences.SettingsLiveData<com.seafile.seadroid2.enums.NightMode?>?'.
e: file:///Users/HONGBGU/Documents/seadroid/app/src/main/java/com/seafile/seadroid2/ui/main/MainActivity.kt:632:35 Unresolved reference 'restartFolderMonitor'.
e: file:///Users/HONGBGU/Documents/seadroid/app/src/main/java/com/seafile/seadroid2/ui/main/MainActivity.kt:679:38 Only safe (?.) or non-null asserted (!!.) calls are allowed on a nullable receiver of type 'com.jeremyliao.liveeventbus.core.Observable<kotlin.String?>?'.
e: file:///Users/HONGBGU/Documents/seadroid/app/src/main/java/com/seafile/seadroid2/ui/main/MainViewModel.kt:63:13 Argument type mismatch: actual type is 'com.seafile.seadroid2.ui.settings.TabSettings2Fragment', but 'E!' was expected.
e: file:///Users/HONGBGU/Documents/seadroid/app/src/main/java/com/seafile/seadroid2/ui/main/MainViewModel.kt:73:13 Initializer type mismatch: expected 'io.reactivex.Single<com.seafile.seadroid2.framework.model.server.ServerInfoModel?>', actual 'io.reactivex.Single<com.seafile.seadroid2.framework.model.server.ServerInfoModel?>?'.
e: file:///Users/HONGBGU/Documents/seadroid/app/src/main/java/com/seafile/seadroid2/ui/main/MainViewModel.kt:73:50 Only safe (?.) or non-null asserted (!!.) calls are allowed on a nullable receiver of type 'com.seafile.seadroid2.framework.http.HttpIO?'.
e: file:///Users/HONGBGU/Documents/seadroid/app/src/main/java/com/seafile/seadroid2/ui/main/MainViewModel.kt:73:73 Argument type mismatch: actual type is 'java.lang.Class<com.seafile.seadroid2.ui.main.MainService>', but 'java.lang.Class<T?>' was expected.
e: file:///Users/HONGBGU/Documents/seadroid/app/src/main/java/com/seafile/seadroid2/ui/main/MainViewModel.kt:74:17 Only safe (?.) or non-null asserted (!!.) calls are allowed on a nullable receiver of type 'com.seafile.seadroid2.ui.main.MainService?'.
e: file:///Users/HONGBGU/Documents/seadroid/app/src/main/java/com/seafile/seadroid2/ui/main/MainViewModel.kt:75:38 Class '<anonymous>' is not abstract and does not implement abstract member 'accept'.
e: file:///Users/HONGBGU/Documents/seadroid/app/src/main/java/com/seafile/seadroid2/ui/main/MainViewModel.kt:77:13 'accept' overrides nothing.
e: file:///Users/HONGBGU/Documents/seadroid/app/src/main/java/com/seafile/seadroid2/ui/main/MainViewModel.kt:79:66 Only safe (?.) or non-null asserted (!!.) calls are allowed on a nullable receiver of type 'com.seafile.seadroid2.account.SupportAccountManager?'.
e: file:///Users/HONGBGU/Documents/seadroid/app/src/main/java/com/seafile/seadroid2/ui/main/MainViewModel.kt:90:62 Only safe (?.) or non-null asserted (!!.) calls are allowed on a nullable receiver of type 'com.seafile.seadroid2.account.SupportAccountManager?'.
e: file:///Users/HONGBGU/Documents/seadroid/app/src/main/java/com/seafile/seadroid2/ui/main/MainViewModel.kt:99:13 Initializer type mismatch: expected 'io.reactivex.Single<kotlin.collections.MutableList<com.seafile.seadroid2.framework.db.entities.PermissionEntity?>?>', actual 'io.reactivex.Single<kotlin.collections.MutableList<com.seafile.seadroid2.framework.db.entities.PermissionEntity?>?>?'.
e: file:///Users/HONGBGU/Documents/seadroid/app/src/main/java/com/seafile/seadroid2/ui/main/MainViewModel.kt:99:48 Only safe (?.) or non-null asserted (!!.) calls are allowed on a nullable receiver of type 'com.seafile.seadroid2.framework.db.AppDatabase?'.
e: file:///Users/HONGBGU/Documents/seadroid/app/src/main/java/com/seafile/seadroid2/ui/main/MainViewModel.kt:99:64 Only safe (?.) or non-null asserted (!!.) calls are allowed on a nullable receiver of type 'com.seafile.seadroid2.framework.db.dao.PermissionDAO?'.
e: file:///Users/HONGBGU/Documents/seadroid/app/src/main/java/com/seafile/seadroid2/ui/main/MainViewModel.kt:149:57 Initializer type mismatch: expected 'io.reactivex.Single<com.seafile.seadroid2.framework.model.repo.DirentWrapperModel?>', actual 'io.reactivex.Single<com.seafile.seadroid2.framework.model.repo.DirentWrapperModel?>?'.
e: file:///Users/HONGBGU/Documents/seadroid/app/src/main/java/com/seafile/seadroid2/ui/main/MainViewModel.kt:150:13 Only safe (?.) or non-null asserted (!!.) calls are allowed on a nullable receiver of type 'com.seafile.seadroid2.framework.http.HttpIO?'.
e: file:///Users/HONGBGU/Documents/seadroid/app/src/main/java/com/seafile/seadroid2/ui/main/MainViewModel.kt:150:36 Argument type mismatch: actual type is 'java.lang.Class<com.seafile.seadroid2.ui.repo.RepoService>', but 'java.lang.Class<T?>' was expected.
e: file:///Users/HONGBGU/Documents/seadroid/app/src/main/java/com/seafile/seadroid2/ui/main/MainViewModel.kt:151:13 Only safe (?.) or non-null asserted (!!.) calls are allowed on a nullable receiver of type 'com.seafile.seadroid2.ui.repo.RepoService?'.
e: file:///Users/HONGBGU/Documents/seadroid/app/src/main/java/com/seafile/seadroid2/ui/main/MainViewModel.kt:209:54 Initializer type mismatch: expected 'io.reactivex.Single<com.seafile.seadroid2.framework.model.dirents.DirentFileModel?>', actual 'io.reactivex.Single<com.seafile.seadroid2.framework.model.dirents.DirentFileModel?>?'.
e: file:///Users/HONGBGU/Documents/seadroid/app/src/main/java/com/seafile/seadroid2/ui/main/MainViewModel.kt:210:13 Only safe (?.) or non-null asserted (!!.) calls are allowed on a nullable receiver of type 'com.seafile.seadroid2.framework.http.HttpIO?'.
e: file:///Users/HONGBGU/Documents/seadroid/app/src/main/java/com/seafile/seadroid2/ui/main/MainViewModel.kt:210:36 Argument type mismatch: actual type is 'java.lang.Class<com.seafile.seadroid2.ui.file.FileService>', but 'java.lang.Class<T?>' was expected.
e: file:///Users/HONGBGU/Documents/seadroid/app/src/main/java/com/seafile/seadroid2/ui/main/MainViewModel.kt:211:13 Only safe (?.) or non-null asserted (!!.) calls are allowed on a nullable receiver of type 'com.seafile.seadroid2.ui.file.FileService?'.
e: file:///Users/HONGBGU/Documents/seadroid/app/src/main/java/com/seafile/seadroid2/ui/main/MainViewModel.kt:287:35 Assignment type mismatch: actual type is 'kotlin.Long', but 'java.lang.Long' was expected.
e: file:///Users/HONGBGU/Documents/seadroid/app/src/main/java/com/seafile/seadroid2/ui/main/MainViewModel.kt:306:35 Assignment type mismatch: actual type is 'kotlin.Long', but 'java.lang.Long' was expected.
e: file:///Users/HONGBGU/Documents/seadroid/app/src/main/java/com/seafile/seadroid2/ui/main/MainViewModel.kt:322:36 Assignment type mismatch: actual type is 'kotlin.Long', but 'java.lang.Long' was expected.
e: file:///Users/HONGBGU/Documents/seadroid/app/src/main/java/com/seafile/seadroid2/ui/markdown/MarkdownActivity.kt:3:21 Conflicting import: imported name 'MenuItem' is ambiguous.
e: file:///Users/HONGBGU/Documents/seadroid/app/src/main/java/com/seafile/seadroid2/ui/markdown/MarkdownActivity.kt:4:42 Conflicting import: imported name 'ActivityMarkdownBinding' is ambiguous.
e: file:///Users/HONGBGU/Documents/seadroid/app/src/main/java/com/seafile/seadroid2/ui/markdown/MarkdownActivity.kt:9:21 Conflicting import: imported name 'MenuItem' is ambiguous.
e: file:///Users/HONGBGU/Documents/seadroid/app/src/main/java/com/seafile/seadroid2/ui/markdown/MarkdownActivity.kt:14:42 Conflicting import: imported name 'ActivityMarkdownBinding' is ambiguous.
e: file:///Users/HONGBGU/Documents/seadroid/app/src/main/java/com/seafile/seadroid2/ui/markdown/MarkdownActivity.kt:22:26 Unresolved reference 'BaseActivityWithVM'.
e: file:///Users/HONGBGU/Documents/seadroid/app/src/main/java/com/seafile/seadroid2/ui/markdown/MarkdownActivity.kt:22:45 Unresolved reference 'EditorViewModel'.
e: file:///Users/HONGBGU/Documents/seadroid/app/src/main/java/com/seafile/seadroid2/ui/markdown/MarkdownActivity.kt:29:5 'onSaveInstanceState' overrides nothing.
e: file:///Users/HONGBGU/Documents/seadroid/app/src/main/java/com/seafile/seadroid2/ui/markdown/MarkdownActivity.kt:29:48 Unresolved reference 'Bundle'.
e: file:///Users/HONGBGU/Documents/seadroid/app/src/main/java/com/seafile/seadroid2/ui/markdown/MarkdownActivity.kt:30:15 Unresolved reference 'onSaveInstanceState'.
e: file:///Users/HONGBGU/Documents/seadroid/app/src/main/java/com/seafile/seadroid2/ui/markdown/MarkdownActivity.kt:31:18 Unresolved reference 'putString'.
e: file:///Users/HONGBGU/Documents/seadroid/app/src/main/java/com/seafile/seadroid2/ui/markdown/MarkdownActivity.kt:32:18 Unresolved reference 'putString'.
e: file:///Users/HONGBGU/Documents/seadroid/app/src/main/java/com/seafile/seadroid2/ui/markdown/MarkdownActivity.kt:33:18 Unresolved reference 'putString'.
e: file:///Users/HONGBGU/Documents/seadroid/app/src/main/java/com/seafile/seadroid2/ui/markdown/MarkdownActivity.kt:36:12 'onCreate' overrides nothing.
e: file:///Users/HONGBGU/Documents/seadroid/app/src/main/java/com/seafile/seadroid2/ui/markdown/MarkdownActivity.kt:36:54 Unresolved reference 'Bundle'.
e: file:///Users/HONGBGU/Documents/seadroid/app/src/main/java/com/seafile/seadroid2/ui/markdown/MarkdownActivity.kt:37:15 Unresolved reference 'onCreate'.
e: file:///Users/HONGBGU/Documents/seadroid/app/src/main/java/com/seafile/seadroid2/ui/markdown/MarkdownActivity.kt:38:51 Unresolved reference 'getLayoutInflater'.
e: file:///Users/HONGBGU/Documents/seadroid/app/src/main/java/com/seafile/seadroid2/ui/markdown/MarkdownActivity.kt:39:9 Unresolved reference 'setContentView'.
e: file:///Users/HONGBGU/Documents/seadroid/app/src/main/java/com/seafile/seadroid2/ui/markdown/MarkdownActivity.kt:41:9 Unresolved reference 'applyEdgeToEdge'.
e: file:///Users/HONGBGU/Documents/seadroid/app/src/main/java/com/seafile/seadroid2/ui/markdown/MarkdownActivity.kt:44:39 Unresolved reference 'getString'.
e: file:///Users/HONGBGU/Documents/seadroid/app/src/main/java/com/seafile/seadroid2/ui/markdown/MarkdownActivity.kt:45:41 Unresolved reference 'getString'.
e: file:///Users/HONGBGU/Documents/seadroid/app/src/main/java/com/seafile/seadroid2/ui/markdown/MarkdownActivity.kt:46:51 Unresolved reference 'getString'.
e: file:///Users/HONGBGU/Documents/seadroid/app/src/main/java/com/seafile/seadroid2/ui/markdown/MarkdownActivity.kt:48:25 Unresolved reference 'Intent'.
e: file:///Users/HONGBGU/Documents/seadroid/app/src/main/java/com/seafile/seadroid2/ui/markdown/MarkdownActivity.kt:48:34 Unresolved reference 'getIntent'.
e: file:///Users/HONGBGU/Documents/seadroid/app/src/main/java/com/seafile/seadroid2/ui/markdown/MarkdownActivity.kt:49:27 Unresolved reference 'getStringExtra'.
e: file:///Users/HONGBGU/Documents/seadroid/app/src/main/java/com/seafile/seadroid2/ui/markdown/MarkdownActivity.kt:50:29 Unresolved reference 'getStringExtra'.
e: file:///Users/HONGBGU/Documents/seadroid/app/src/main/java/com/seafile/seadroid2/ui/markdown/MarkdownActivity.kt:51:39 Unresolved reference 'getStringExtra'.
e: file:///Users/HONGBGU/Documents/seadroid/app/src/main/java/com/seafile/seadroid2/ui/markdown/MarkdownActivity.kt:68:23 Unresolved reference 'getActionBarToolbar'.
e: file:///Users/HONGBGU/Documents/seadroid/app/src/main/java/com/seafile/seadroid2/ui/markdown/MarkdownActivity.kt:70:9 Unresolved reference 'setSupportActionBar'.
e: file:///Users/HONGBGU/Documents/seadroid/app/src/main/java/com/seafile/seadroid2/ui/markdown/MarkdownActivity.kt:71:9 Unresolved reference 'getSupportActionBar'.
e: file:///Users/HONGBGU/Documents/seadroid/app/src/main/java/com/seafile/seadroid2/ui/markdown/MarkdownActivity.kt:72:9 Unresolved reference 'getSupportActionBar'.
e: file:///Users/HONGBGU/Documents/seadroid/app/src/main/java/com/seafile/seadroid2/ui/markdown/MarkdownActivity.kt:74:14 Unresolved reference 'NetworkUtils'.
e: file:///Users/HONGBGU/Documents/seadroid/app/src/main/java/com/seafile/seadroid2/ui/markdown/MarkdownActivity.kt:75:13 Unresolved reference 'Toasts'.
e: file:///Users/HONGBGU/Documents/seadroid/app/src/main/java/com/seafile/seadroid2/ui/markdown/MarkdownActivity.kt:75:25 Unresolved reference 'R'.
e: file:///Users/HONGBGU/Documents/seadroid/app/src/main/java/com/seafile/seadroid2/ui/markdown/MarkdownActivity.kt:80:18 Unresolved reference 'InternalStyleSheet'.
e: file:///Users/HONGBGU/Documents/seadroid/app/src/main/java/com/seafile/seadroid2/ui/markdown/MarkdownActivity.kt:80:39 Unresolved reference 'Github'.
e: file:///Users/HONGBGU/Documents/seadroid/app/src/main/java/com/seafile/seadroid2/ui/markdown/MarkdownActivity.kt:82:20 Unresolved reference 'getResources'.
e: file:///Users/HONGBGU/Documents/seadroid/app/src/main/java/com/seafile/seadroid2/ui/markdown/MarkdownActivity.kt:83:13 Unresolved reference 'addRule'.
e: file:///Users/HONGBGU/Documents/seadroid/app/src/main/java/com/seafile/seadroid2/ui/markdown/MarkdownActivity.kt:84:13 Operator '==' cannot be applied to 'java.math.BigInteger' and 'kotlin.Int'.
e: file:///Users/HONGBGU/Documents/seadroid/app/src/main/java/com/seafile/seadroid2/ui/markdown/MarkdownActivity.kt:85:17 Unresolved reference 'addRule'.
e: file:///Users/HONGBGU/Documents/seadroid/app/src/main/java/com/seafile/seadroid2/ui/markdown/MarkdownActivity.kt:89:17 Unresolved reference 'addRule'.
e: file:///Users/HONGBGU/Documents/seadroid/app/src/main/java/com/seafile/seadroid2/ui/markdown/MarkdownActivity.kt:91:17 Unresolved reference 'addRule'.
e: file:///Users/HONGBGU/Documents/seadroid/app/src/main/java/com/seafile/seadroid2/ui/markdown/MarkdownActivity.kt:97:12 'onResume' overrides nothing.
e: file:///Users/HONGBGU/Documents/seadroid/app/src/main/java/com/seafile/seadroid2/ui/markdown/MarkdownActivity.kt:98:15 Unresolved reference 'onResume'.
e: file:///Users/HONGBGU/Documents/seadroid/app/src/main/java/com/seafile/seadroid2/ui/markdown/MarkdownActivity.kt:104:9 Unresolved reference 'getViewModel'.
e: file:///Users/HONGBGU/Documents/seadroid/app/src/main/java/com/seafile/seadroid2/ui/markdown/MarkdownActivity.kt:106:21 Unresolved reference 'TextUtils'.
e: file:///Users/HONGBGU/Documents/seadroid/app/src/main/java/com/seafile/seadroid2/ui/markdown/MarkdownActivity.kt:120:5 'onCreateOptionsMenu' overrides nothing.
e: file:///Users/HONGBGU/Documents/seadroid/app/src/main/java/com/seafile/seadroid2/ui/markdown/MarkdownActivity.kt:121:9 Unresolved reference 'getActionBarToolbar'.
e: file:///Users/HONGBGU/Documents/seadroid/app/src/main/java/com/seafile/seadroid2/ui/markdown/MarkdownActivity.kt:121:43 Unresolved reference 'R'.
e: file:///Users/HONGBGU/Documents/seadroid/app/src/main/java/com/seafile/seadroid2/ui/markdown/MarkdownActivity.kt:125:5 'onOptionsItemSelected' overrides nothing.
e: file:///Users/HONGBGU/Documents/seadroid/app/src/main/java/com/seafile/seadroid2/ui/markdown/MarkdownActivity.kt:127:13 Unresolved reference 'R'.
e: file:///Users/HONGBGU/Documents/seadroid/app/src/main/java/com/seafile/seadroid2/ui/markdown/MarkdownActivity.kt:127:26 Unresolved reference 'finish'.
e: file:///Users/HONGBGU/Documents/seadroid/app/src/main/java/com/seafile/seadroid2/ui/markdown/MarkdownActivity.kt:128:13 Unresolved reference 'R'.
e: file:///Users/HONGBGU/Documents/seadroid/app/src/main/java/com/seafile/seadroid2/ui/markdown/MarkdownActivity.kt:130:22 Unresolved reference 'onOptionsItemSelected'.
e: file:///Users/HONGBGU/Documents/seadroid/app/src/main/java/com/seafile/seadroid2/ui/markdown/MarkdownActivity.kt:134:22 Unresolved reference 'onOptionsItemSelected'.
e: file:///Users/HONGBGU/Documents/seadroid/app/src/main/java/com/seafile/seadroid2/ui/markdown/MarkdownActivity.kt:138:17 Unresolved reference 'PackageManager'.
e: file:///Users/HONGBGU/Documents/seadroid/app/src/main/java/com/seafile/seadroid2/ui/markdown/MarkdownActivity.kt:138:34 Unresolved reference 'getPackageManager'.
e: file:///Users/HONGBGU/Documents/seadroid/app/src/main/java/com/seafile/seadroid2/ui/markdown/MarkdownActivity.kt:141:29 Unresolved reference 'Intent'.
e: file:///Users/HONGBGU/Documents/seadroid/app/src/main/java/com/seafile/seadroid2/ui/markdown/MarkdownActivity.kt:141:38 Unresolved reference 'Intent'.
e: file:///Users/HONGBGU/Documents/seadroid/app/src/main/java/com/seafile/seadroid2/ui/markdown/MarkdownActivity.kt:141:45 Unresolved reference 'Intent'.
e: file:///Users/HONGBGU/Documents/seadroid/app/src/main/java/com/seafile/seadroid2/ui/markdown/MarkdownActivity.kt:143:13 Unresolved reference 'FileProvider'.
e: file:///Users/HONGBGU/Documents/seadroid/app/src/main/java/com/seafile/seadroid2/ui/markdown/MarkdownActivity.kt:144:24 Unresolved reference 'addFlags'.
e: file:///Users/HONGBGU/Documents/seadroid/app/src/main/java/com/seafile/seadroid2/ui/markdown/MarkdownActivity.kt:144:33 Unresolved reference 'Intent'.
e: file:///Users/HONGBGU/Documents/seadroid/app/src/main/java/com/seafile/seadroid2/ui/markdown/MarkdownActivity.kt:144:74 Unresolved reference 'Intent'.
e: file:///Users/HONGBGU/Documents/seadroid/app/src/main/java/com/seafile/seadroid2/ui/markdown/MarkdownActivity.kt:146:29 Unresolved reference 'FileMimeUtils'.
e: file:///Users/HONGBGU/Documents/seadroid/app/src/main/java/com/seafile/seadroid2/ui/markdown/MarkdownActivity.kt:147:24 Unresolved reference 'setDataAndType'.
e: file:///Users/HONGBGU/Documents/seadroid/app/src/main/java/com/seafile/seadroid2/ui/markdown/MarkdownActivity.kt:150:13 Unresolved reference 'EditorActivity'.
e: file:///Users/HONGBGU/Documents/seadroid/app/src/main/java/com/seafile/seadroid2/ui/markdown/MarkdownActivity.kt:151:23 Unresolved reference 'queryIntentActivities'.
e: file:///Users/HONGBGU/Documents/seadroid/app/src/main/java/com/seafile/seadroid2/ui/markdown/MarkdownActivity.kt:153:13 Unresolved reference 'startActivity'.
e: file:///Users/HONGBGU/Documents/seadroid/app/src/main/java/com/seafile/seadroid2/ui/markdown/MarkdownActivity.kt:156:29 Unresolved reference 'Intent'.
e: file:///Users/HONGBGU/Documents/seadroid/app/src/main/java/com/seafile/seadroid2/ui/markdown/MarkdownActivity.kt:156:38 Unresolved reference 'Intent'.
e: file:///Users/HONGBGU/Documents/seadroid/app/src/main/java/com/seafile/seadroid2/ui/markdown/MarkdownActivity.kt:156:45 Unresolved reference 'Intent'.
e: file:///Users/HONGBGU/Documents/seadroid/app/src/main/java/com/seafile/seadroid2/ui/markdown/MarkdownActivity.kt:158:24 Unresolved reference 'setDataAndType'.
e: file:///Users/HONGBGU/Documents/seadroid/app/src/main/java/com/seafile/seadroid2/ui/markdown/MarkdownActivity.kt:161:17 Unresolved reference 'startActivity'.
e: file:///Users/HONGBGU/Documents/seadroid/app/src/main/java/com/seafile/seadroid2/ui/markdown/MarkdownActivity.kt:162:25 Unresolved reference 'ActivityNotFoundException'.
e: file:///Users/HONGBGU/Documents/seadroid/app/src/main/java/com/seafile/seadroid2/ui/markdown/MarkdownActivity.kt:163:17 Unresolved reference 'Toasts'.
e: file:///Users/HONGBGU/Documents/seadroid/app/src/main/java/com/seafile/seadroid2/ui/markdown/MarkdownActivity.kt:163:29 Unresolved reference 'R'.
e: file:///Users/HONGBGU/Documents/seadroid/app/src/main/java/com/seafile/seadroid2/ui/markdown/MarkdownActivity.kt:168:5 'onDestroy' overrides nothing.
e: file:///Users/HONGBGU/Documents/seadroid/app/src/main/java/com/seafile/seadroid2/ui/markdown/MarkdownActivity.kt:169:15 Unresolved reference 'onDestroy'.
e: file:///Users/HONGBGU/Documents/seadroid/app/src/main/java/com/seafile/seadroid2/ui/markdown/MarkdownActivity.kt:180:26 Unresolved reference 'Intent'.
e: file:///Users/HONGBGU/Documents/seadroid/app/src/main/java/com/seafile/seadroid2/ui/markdown/MarkdownActivity.kt:180:35 Unresolved reference 'Intent'.
e: file:///Users/HONGBGU/Documents/seadroid/app/src/main/java/com/seafile/seadroid2/ui/markdown/MarkdownActivity.kt:181:21 Unresolved reference 'putExtra'.
e: file:///Users/HONGBGU/Documents/seadroid/app/src/main/java/com/seafile/seadroid2/ui/markdown/MarkdownActivity.kt:182:21 Unresolved reference 'putExtra'.
e: file:///Users/HONGBGU/Documents/seadroid/app/src/main/java/com/seafile/seadroid2/ui/markdown/MarkdownActivity.kt:183:21 Unresolved reference 'putExtra'.
e: file:///Users/HONGBGU/Documents/seadroid/app/src/main/java/com/seafile/seadroid2/ui/markdown/MarkwonActivity.kt:1:54 Cannot import 'endOfPaginationReached'. Functions and properties can only be imported from packages or objects.
e: file:///Users/HONGBGU/Documents/seadroid/app/src/main/java/com/seafile/seadroid2/ui/markdown/MarkwonActivity.kt:2:78 Cannot import 'invokeFailRetry'. Functions and properties can only be imported from packages or objects.
e: file:///Users/HONGBGU/Documents/seadroid/app/src/main/java/com/seafile/seadroid2/ui/markdown/MarkwonActivity.kt:3:61 Cannot import 'build'. Functions and properties can only be imported from packages or objects.
e: file:///Users/HONGBGU/Documents/seadroid/app/src/main/java/com/seafile/seadroid2/ui/markdown/MarkwonActivity.kt:4:45 Cannot import 'get'. Functions and properties can only be imported from packages or objects.
e: file:///Users/HONGBGU/Documents/seadroid/app/src/main/java/com/seafile/seadroid2/ui/markdown/MarkwonActivity.kt:5:56 Cannot import 'launch'. Functions and properties can only be imported from packages or objects.
e: file:///Users/HONGBGU/Documents/seadroid/app/src/main/java/com/seafile/seadroid2/ui/markdown/MarkwonActivity.kt:6:64 Cannot import 'setMediaType'. Functions and properties can only be imported from packages or objects.
e: file:///Users/HONGBGU/Documents/seadroid/app/src/main/java/com/seafile/seadroid2/ui/markdown/MarkwonActivity.kt:7:64 Cannot import 'build'. Functions and properties can only be imported from packages or objects.
e: file:///Users/HONGBGU/Documents/seadroid/app/src/main/java/com/seafile/seadroid2/ui/markdown/MarkwonActivity.kt:8:44 Cannot import 'onBackPressedDispatcher'. Functions and properties can only be imported from packages or objects.
e: file:///Users/HONGBGU/Documents/seadroid/app/src/main/java/com/seafile/seadroid2/ui/markdown/MarkwonActivity.kt:9:50 Cannot import 'addCallback'. Functions and properties can only be imported from packages or objects.
e: file:///Users/HONGBGU/Documents/seadroid/app/src/main/java/com/seafile/seadroid2/ui/markdown/MarkwonActivity.kt:10:44 Cannot import 'onNewIntent'. Functions and properties can only be imported from packages or objects.
e: file:///Users/HONGBGU/Documents/seadroid/app/src/main/java/com/seafile/seadroid2/ui/markdown/MarkwonActivity.kt:11:44 Cannot import 'invalidateMenu'. Functions and properties can only be imported from packages or objects.
e: file:///Users/HONGBGU/Documents/seadroid/app/src/main/java/com/seafile/seadroid2/ui/markdown/MarkwonActivity.kt:12:57 Cannot import 'isProEdition'. Functions and properties can only be imported from packages or objects.
e: file:///Users/HONGBGU/Documents/seadroid/app/src/main/java/com/seafile/seadroid2/ui/markdown/MarkwonActivity.kt:13:69 Cannot import 'getFeaturesString'. Functions and properties can only be imported from packages or objects.
e: file:///Users/HONGBGU/Documents/seadroid/app/src/main/java/com/seafile/seadroid2/ui/markdown/MarkwonActivity.kt:14:51 Cannot import 'submitList'. Functions and properties can only be imported from packages or objects.
e: file:///Users/HONGBGU/Documents/seadroid/app/src/main/java/com/seafile/seadroid2/ui/markdown/MarkwonActivity.kt:15:51 Cannot import 'setOnItemClickListener'. Functions and properties can only be imported from packages or objects.
e: file:///Users/HONGBGU/Documents/seadroid/app/src/main/java/com/seafile/seadroid2/ui/markdown/MarkwonActivity.kt:16:51 Cannot import 'getItem'. Functions and properties can only be imported from packages or objects.
e: file:///Users/HONGBGU/Documents/seadroid/app/src/main/java/com/seafile/seadroid2/ui/markdown/MarkwonActivity.kt:17:51 Cannot import 'getItemCount'. Functions and properties can only be imported from packages or objects.
e: file:///Users/HONGBGU/Documents/seadroid/app/src/main/java/com/seafile/seadroid2/ui/markdown/MarkwonActivity.kt:18:55 Cannot import 'addItemType'. Functions and properties can only be imported from packages or objects.
e: file:///Users/HONGBGU/Documents/seadroid/app/src/main/java/com/seafile/seadroid2/ui/markdown/MarkwonActivity.kt:19:82 Cannot import 'onBind'. Functions and properties can only be imported from packages or objects.
e: file:///Users/HONGBGU/Documents/seadroid/app/src/main/java/com/seafile/seadroid2/ui/markdown/MarkwonActivity.kt:20:55 Cannot import 'onItemViewType'. Functions and properties can only be imported from packages or objects.
e: file:///Users/HONGBGU/Documents/seadroid/app/src/main/java/com/seafile/seadroid2/ui/markdown/MarkwonActivity.kt:21:51 Cannot import 'onAttachedToRecyclerView'. Functions and properties can only be imported from packages or objects.
e: file:///Users/HONGBGU/Documents/seadroid/app/src/main/java/com/seafile/seadroid2/ui/markdown/MarkwonActivity.kt:22:51 Cannot import 'context'. Functions and properties can only be imported from packages or objects.
e: file:///Users/HONGBGU/Documents/seadroid/app/src/main/java/com/seafile/seadroid2/ui/markdown/MarkwonActivity.kt:23:65 Cannot import 'isDir'. Functions and properties can only be imported from packages or objects.
e: file:///Users/HONGBGU/Documents/seadroid/app/src/main/java/com/seafile/seadroid2/ui/markdown/MarkwonActivity.kt:24:65 Cannot import 'getSubtitle'. Functions and properties can only be imported from packages or objects.
e: file:///Users/HONGBGU/Documents/seadroid/app/src/main/java/com/seafile/seadroid2/ui/markdown/MarkwonActivity.kt:25:65 Cannot import 'getIcon'. Functions and properties can only be imported from packages or objects.
e: file:///Users/HONGBGU/Documents/seadroid/app/src/main/java/com/seafile/seadroid2/ui/markdown/MarkwonActivity.kt:26:51 Cannot import 'items'. Functions and properties can only be imported from packages or objects.
e: file:///Users/HONGBGU/Documents/seadroid/app/src/main/java/com/seafile/seadroid2/ui/markdown/MarkwonActivity.kt:27:61 Cannot import 'equals'. Functions and properties can only be imported from packages or objects.
e: file:///Users/HONGBGU/Documents/seadroid/app/src/main/java/com/seafile/seadroid2/ui/markdown/MarkwonActivity.kt:28:65 Cannot import 'equals'. Functions and properties can only be imported from packages or objects.
e: file:///Users/HONGBGU/Documents/seadroid/app/src/main/java/com/seafile/seadroid2/ui/markdown/MarkwonActivity.kt:29:70 Cannot import 'invisibleOriginItemWhenStickyItemShowing'. Functions and properties can only be imported from packages or objects.
e: file:///Users/HONGBGU/Documents/seadroid/app/src/main/java/com/seafile/seadroid2/ui/markdown/MarkwonActivity.kt:30:70 Cannot import 'disabledScrollUpStickyItem'. Functions and properties can only be imported from packages or objects.
e: file:///Users/HONGBGU/Documents/seadroid/app/src/main/java/com/seafile/seadroid2/ui/markdown/MarkwonActivity.kt:31:70 Cannot import 'showInContainer'. Functions and properties can only be imported from packages or objects.
e: file:///Users/HONGBGU/Documents/seadroid/app/src/main/java/com/seafile/seadroid2/ui/markdown/MarkwonActivity.kt:32:70 Cannot import 'build'. Functions and properties can only be imported from packages or objects.
e: file:///Users/HONGBGU/Documents/seadroid/app/src/main/java/com/seafile/seadroid2/ui/markdown/MarkwonActivity.kt:33:57 Cannot import 'isSearchEnabled'. Functions and properties can only be imported from packages or objects.
e: file:///Users/HONGBGU/Documents/seadroid/app/src/main/java/com/seafile/seadroid2/ui/markdown/MarkwonActivity.kt:34:51 Cannot import 'set'. Functions and properties can only be imported from packages or objects.
e: file:///Users/HONGBGU/Documents/seadroid/app/src/main/java/com/seafile/seadroid2/ui/markdown/MarkwonActivity.kt:35:51 Cannot import 'setOnItemLongClickListener'. Functions and properties can only be imported from packages or objects.
e: file:///Users/HONGBGU/Documents/seadroid/app/src/main/java/com/seafile/seadroid2/ui/markdown/MarkwonActivity.kt:36:51 Cannot import 'addAll'. Functions and properties can only be imported from packages or objects.
e: file:///Users/HONGBGU/Documents/seadroid/app/src/main/java/com/seafile/seadroid2/ui/markdown/MarkwonActivity.kt:37:61 Cannot import 'getRepoList'. Functions and properties can only be imported from packages or objects.
e: file:///Users/HONGBGU/Documents/seadroid/app/src/main/java/com/seafile/seadroid2/ui/markdown/MarkwonActivity.kt:38:51 Cannot import 'removeAtRange'. Functions and properties can only be imported from packages or objects.
e: file:///Users/HONGBGU/Documents/seadroid/app/src/main/java/com/seafile/seadroid2/ui/markdown/MarkwonActivity.kt:39:51 Cannot import 'stateView'. Functions and properties can only be imported from packages or objects.
e: file:///Users/HONGBGU/Documents/seadroid/app/src/main/java/com/seafile/seadroid2/ui/markdown/MarkwonActivity.kt:40:51 Cannot import 'isStateViewEnable'. Functions and properties can only be imported from packages or objects.
e: file:///Users/HONGBGU/Documents/seadroid/app/src/main/java/com/seafile/seadroid2/ui/markdown/MarkwonActivity.kt:42:51 Cannot import 'animationEnable'. Functions and properties can only be imported from packages or objects.
e: file:///Users/HONGBGU/Documents/seadroid/app/src/main/java/com/seafile/seadroid2/ui/markdown/MarkwonActivity.kt:43:51 Cannot import 'setStateViewLayout'. Functions and properties can only be imported from packages or objects.
e: file:///Users/HONGBGU/Documents/seadroid/app/src/main/java/com/seafile/seadroid2/ui/markdown/MarkwonActivity.kt:44:51 Cannot import 'addOnItemChildClickListener'. Functions and properties can only be imported from packages or objects.
e: file:///Users/HONGBGU/Documents/seadroid/app/src/main/java/com/seafile/seadroid2/ui/markdown/MarkwonActivity.kt:45:53 Cannot import 'adapter'. Functions and properties can only be imported from packages or objects.
e: file:///Users/HONGBGU/Documents/seadroid/app/src/main/java/com/seafile/seadroid2/ui/markdown/MarkwonActivity.kt:46:74 Cannot import 'setMetadataConfigModel'. Functions and properties can only be imported from packages or objects.
e: file:///Users/HONGBGU/Documents/seadroid/app/src/main/java/com/seafile/seadroid2/ui/markdown/MarkwonActivity.kt:47:74 Cannot import 'setDetail'. Functions and properties can only be imported from packages or objects.
e: file:///Users/HONGBGU/Documents/seadroid/app/src/main/java/com/seafile/seadroid2/ui/markdown/MarkwonActivity.kt:48:74 Cannot import 'getMetaEnabled'. Functions and properties can only be imported from packages or objects.
e: file:///Users/HONGBGU/Documents/seadroid/app/src/main/java/com/seafile/seadroid2/ui/markdown/MarkwonActivity.kt:49:74 Cannot import 'getTagsEnabled'. Functions and properties can only be imported from packages or objects.
e: file:///Users/HONGBGU/Documents/seadroid/app/src/main/java/com/seafile/seadroid2/ui/markdown/MarkwonActivity.kt:50:74 Cannot import 'initDefaultIfMetaNotEnable'. Functions and properties can only be imported from packages or objects.
e: file:///Users/HONGBGU/Documents/seadroid/app/src/main/java/com/seafile/seadroid2/ui/markdown/MarkwonActivity.kt:51:74 Cannot import 'setRelatedUserWrapperModel'. Functions and properties can only be imported from packages or objects.
e: file:///Users/HONGBGU/Documents/seadroid/app/src/main/java/com/seafile/seadroid2/ui/markdown/MarkwonActivity.kt:52:74 Cannot import 'addRecordWrapperModel'. Functions and properties can only be imported from packages or objects.
e: file:///Users/HONGBGU/Documents/seadroid/app/src/main/java/com/seafile/seadroid2/ui/markdown/MarkwonActivity.kt:53:74 Cannot import 'setTagWrapperModel'. Functions and properties can only be imported from packages or objects.
e: file:///Users/HONGBGU/Documents/seadroid/app/src/main/java/com/seafile/seadroid2/ui/markdown/MarkwonActivity.kt:54:44 Cannot import 'onSaveInstanceState'. Functions and properties can only be imported from packages or objects.
e: file:///Users/HONGBGU/Documents/seadroid/app/src/main/java/com/seafile/seadroid2/ui/markdown/MarkwonActivity.kt:55:72 Cannot import 'canUse'. Functions and properties can only be imported from packages or objects.
e: file:///Users/HONGBGU/Documents/seadroid/app/src/main/java/com/seafile/seadroid2/ui/markdown/MarkwonActivity.kt:56:36 Cannot import 'accept'. Functions and properties can only be imported from packages or objects.
e: file:///Users/HONGBGU/Documents/seadroid/app/src/main/java/com/seafile/seadroid2/ui/markdown/MarkwonActivity.kt:57:20 Cannot import 'second'. Functions and properties can only be imported from packages or objects.
e: file:///Users/HONGBGU/Documents/seadroid/app/src/main/java/com/seafile/seadroid2/ui/markdown/MarkwonActivity.kt:59:51 Cannot import 'removeAt'. Functions and properties can only be imported from packages or objects.
e: file:///Users/HONGBGU/Documents/seadroid/app/src/main/java/com/seafile/seadroid2/ui/markdown/MarkwonActivity.kt:60:62 Cannot import 'getSubjectName'. Functions and properties can only be imported from packages or objects.
e: file:///Users/HONGBGU/Documents/seadroid/app/src/main/java/com/seafile/seadroid2/ui/markdown/MarkwonActivity.kt:61:62 Cannot import 'getSignature'. Functions and properties can only be imported from packages or objects.
e: file:///Users/HONGBGU/Documents/seadroid/app/src/main/java/com/seafile/seadroid2/ui/markdown/MarkwonActivity.kt:62:62 Cannot import 'getSerialNumber'. Functions and properties can only be imported from packages or objects.
e: file:///Users/HONGBGU/Documents/seadroid/app/src/main/java/com/seafile/seadroid2/ui/markdown/MarkwonActivity.kt:63:62 Cannot import 'getNotBefore'. Functions and properties can only be imported from packages or objects.
e: file:///Users/HONGBGU/Documents/seadroid/app/src/main/java/com/seafile/seadroid2/ui/markdown/MarkwonActivity.kt:64:62 Cannot import 'getNotAfter'. Functions and properties can only be imported from packages or objects.
e: file:///Users/HONGBGU/Documents/seadroid/app/src/main/java/com/seafile/seadroid2/ui/markdown/MarkwonActivity.kt:65:50 Cannot import 'onBackPressed'. Functions and properties can only be imported from packages or objects.
e: file:///Users/HONGBGU/Documents/seadroid/app/src/main/java/com/seafile/seadroid2/ui/markdown/MarkwonActivity.kt:67:44 Cannot import 'code'. Functions and properties can only be imported from packages or objects.
e: file:///Users/HONGBGU/Documents/seadroid/app/src/main/java/com/seafile/seadroid2/ui/markdown/MarkwonActivity.kt:68:44 Cannot import 'indexOfKey'. Functions and properties can only be imported from packages or objects.
e: file:///Users/HONGBGU/Documents/seadroid/app/src/main/java/com/seafile/seadroid2/ui/markdown/MarkwonActivity.kt:69:44 Cannot import 'valueAt'. Functions and properties can only be imported from packages or objects.
e: file:///Users/HONGBGU/Documents/seadroid/app/src/main/java/com/seafile/seadroid2/ui/markdown/MarkwonActivity.kt:70:44 Cannot import 'put'. Functions and properties can only be imported from packages or objects.
e: file:///Users/HONGBGU/Documents/seadroid/app/src/main/java/com/seafile/seadroid2/ui/markdown/MarkwonActivity.kt:71:71 Cannot import 'getTime'. Functions and properties can only be imported from packages or objects.
e: file:///Users/HONGBGU/Documents/seadroid/app/src/main/java/com/seafile/seadroid2/ui/markdown/MarkwonActivity.kt:72:61 Cannot import 'setTrailingLoadStateAdapter'. Functions and properties can only be imported from packages or objects.
e: file:///Users/HONGBGU/Documents/seadroid/app/src/main/java/com/seafile/seadroid2/ui/markdown/MarkwonActivity.kt:73:78 Cannot import 'setOnLoadMoreListener'. Functions and properties can only be imported from packages or objects.
e: file:///Users/HONGBGU/Documents/seadroid/app/src/main/java/com/seafile/seadroid2/ui/markdown/MarkwonActivity.kt:74:53 Cannot import 'trailingLoadState'. Functions and properties can only be imported from packages or objects.
e: file:///Users/HONGBGU/Documents/seadroid/app/src/main/java/com/seafile/seadroid2/ui/markdown/MarkwonActivity.kt:75:53 Cannot import 'trailingLoadStateAdapter'. Functions and properties can only be imported from packages or objects.
e: file:///Users/HONGBGU/Documents/seadroid/app/src/main/java/com/seafile/seadroid2/ui/markdown/MarkwonActivity.kt:76:78 Cannot import 'checkDisableLoadMoreIfNotFullPage'. Functions and properties can only be imported from packages or objects.
e: file:///Users/HONGBGU/Documents/seadroid/app/src/main/java/com/seafile/seadroid2/ui/markdown/MarkwonActivity.kt:78:76 Cannot import 'getCreatedAtFriendlyText'. Functions and properties can only be imported from packages or objects.
e: file:///Users/HONGBGU/Documents/seadroid/app/src/main/java/com/seafile/seadroid2/ui/markdown/MarkwonActivity.kt:79:20 Cannot import 'first'. Functions and properties can only be imported from packages or objects.
e: file:///Users/HONGBGU/Documents/seadroid/app/src/main/java/com/seafile/seadroid2/ui/markdown/MarkwonActivity.kt:80:61 Cannot import 'getAvatarUrl'. Functions and properties can only be imported from packages or objects.
e: file:///Users/HONGBGU/Documents/seadroid/app/src/main/java/com/seafile/seadroid2/ui/markdown/MarkwonActivity.kt:81:74 Cannot import 'getRecordMetaDataList'. Functions and properties can only be imported from packages or objects.
e: file:///Users/HONGBGU/Documents/seadroid/app/src/main/java/com/seafile/seadroid2/ui/markdown/MarkwonActivity.kt:82:74 Cannot import 'setRecordMetaDataList'. Functions and properties can only be imported from packages or objects.
e: file:///Users/HONGBGU/Documents/seadroid/app/src/main/java/com/seafile/seadroid2/ui/markdown/MarkwonActivity.kt:83:74 Cannot import 'getRecordResultList'. Functions and properties can only be imported from packages or objects.
e: file:///Users/HONGBGU/Documents/seadroid/app/src/main/java/com/seafile/seadroid2/ui/markdown/MarkwonActivity.kt:84:61 Cannot import 'name'. Functions and properties can only be imported from packages or objects.
e: file:///Users/HONGBGU/Documents/seadroid/app/src/main/java/com/seafile/seadroid2/ui/markdown/MarkwonActivity.kt:85:74 Cannot import 'getRelatedUserList'. Functions and properties can only be imported from packages or objects.
e: file:///Users/HONGBGU/Documents/seadroid/app/src/main/java/com/seafile/seadroid2/ui/markdown/MarkwonActivity.kt:86:61 Cannot import 'email'. Functions and properties can only be imported from packages or objects.
e: file:///Users/HONGBGU/Documents/seadroid/app/src/main/java/com/seafile/seadroid2/ui/markdown/MarkwonActivity.kt:88:72 Cannot import 'toString'. Functions and properties can only be imported from packages or objects.
e: file:///Users/HONGBGU/Documents/seadroid/app/src/main/java/com/seafile/seadroid2/ui/markdown/MarkwonActivity.kt:89:48 Cannot import 'setKeepOnScreenCondition'. Functions and properties can only be imported from packages or objects.
e: file:///Users/HONGBGU/Documents/seadroid/app/src/main/java/com/seafile/seadroid2/ui/markdown/MarkwonActivity.kt:90:74 Cannot import 'getDetail'. Functions and properties can only be imported from packages or objects.
e: file:///Users/HONGBGU/Documents/seadroid/app/src/main/java/com/seafile/seadroid2/ui/markdown/MarkwonActivity.kt:91:74 Cannot import 'getTagMap'. Functions and properties can only be imported from packages or objects.
e: file:///Users/HONGBGU/Documents/seadroid/app/src/main/java/com/seafile/seadroid2/ui/markdown/MarkwonActivity.kt:92:57 Cannot import 'getUrl'. Functions and properties can only be imported from packages or objects.
e: file:///Users/HONGBGU/Documents/seadroid/app/src/main/java/com/seafile/seadroid2/ui/markdown/MarkwonActivity.kt:93:57 Cannot import 'getVersion'. Functions and properties can only be imported from packages or objects.
e: file:///Users/HONGBGU/Documents/seadroid/app/src/main/java/com/seafile/seadroid2/ui/markdown/MarkwonActivity.kt:94:57 Cannot import 'getEncrypted_library_version'. Functions and properties can only be imported from packages or objects.
e: file:///Users/HONGBGU/Documents/seadroid/app/src/main/java/com/seafile/seadroid2/ui/markdown/MarkwonActivity.kt:95:57 Cannot import 'getFeatures'. Functions and properties can only be imported from packages or objects.
e: file:///Users/HONGBGU/Documents/seadroid/app/src/main/java/com/seafile/seadroid2/ui/markdown/MarkwonActivity.kt:98:70 Cannot import 'getMtimeInMills'. Functions and properties can only be imported from packages or objects.
e: file:///Users/HONGBGU/Documents/seadroid/app/src/main/java/com/seafile/seadroid2/ui/markdown/MarkwonActivity.kt:100:43 Cannot import 'addMigrations'. Functions and properties can only be imported from packages or objects.
e: file:///Users/HONGBGU/Documents/seadroid/app/src/main/java/com/seafile/seadroid2/ui/markdown/MarkwonActivity.kt:101:43 Cannot import 'build'. Functions and properties can only be imported from packages or objects.
e: file:///Users/HONGBGU/Documents/seadroid/app/src/main/java/com/seafile/seadroid2/ui/markdown/MarkwonActivity.kt:102:49 Cannot import 'execSQL'. Functions and properties can only be imported from packages or objects.
e: file:///Users/HONGBGU/Documents/seadroid/app/src/main/java/com/seafile/seadroid2/ui/markdown/MarkwonActivity.kt:103:49 Cannot import 'query'. Functions and properties can only be imported from packages or objects.
e: file:///Users/HONGBGU/Documents/seadroid/app/src/main/java/com/seafile/seadroid2/ui/markdown/MarkwonActivity.kt:104:61 Cannot import 'getTitle'. Functions and properties can only be imported from packages or objects.
e: file:///Users/HONGBGU/Documents/seadroid/app/src/main/java/com/seafile/seadroid2/ui/markdown/MarkwonActivity.kt:105:61 Cannot import 'addAllRepoList'. Functions and properties can only be imported from packages or objects.
e: file:///Users/HONGBGU/Documents/seadroid/app/src/main/java/com/seafile/seadroid2/ui/markdown/MarkwonActivity.kt:106:58 Cannot import 'setPath'. Functions and properties can only be imported from packages or objects.
e: file:///Users/HONGBGU/Documents/seadroid/app/src/main/java/com/seafile/seadroid2/ui/markdown/MarkwonActivity.kt:107:58 Cannot import 'setLabel'. Functions and properties can only be imported from packages or objects.
e: file:///Users/HONGBGU/Documents/seadroid/app/src/main/java/com/seafile/seadroid2/ui/markdown/MarkwonActivity.kt:108:58 Cannot import 'setRemovable'. Functions and properties can only be imported from packages or objects.
e: file:///Users/HONGBGU/Documents/seadroid/app/src/main/java/com/seafile/seadroid2/ui/markdown/MarkwonActivity.kt:109:58 Cannot import 'setPrimary'. Functions and properties can only be imported from packages or objects.
e: file:///Users/HONGBGU/Documents/seadroid/app/src/main/java/com/seafile/seadroid2/ui/markdown/MarkwonActivity.kt:110:58 Cannot import 'setAvailable'. Functions and properties can only be imported from packages or objects.
e: file:///Users/HONGBGU/Documents/seadroid/app/src/main/java/com/seafile/seadroid2/ui/markdown/MarkwonActivity.kt:111:57 Cannot import 'getError'. Functions and properties can only be imported from packages or objects.
e: file:///Users/HONGBGU/Documents/seadroid/app/src/main/java/com/seafile/seadroid2/ui/markdown/MarkwonActivity.kt:112:42 Cannot import 'setBackoffCriteria'. Functions and properties can only be imported from packages or objects.
e: file:///Users/HONGBGU/Documents/seadroid/app/src/main/java/com/seafile/seadroid2/ui/markdown/MarkwonActivity.kt:113:42 Cannot import 'addTag'. Functions and properties can only be imported from packages or objects.
e: file:///Users/HONGBGU/Documents/seadroid/app/src/main/java/com/seafile/seadroid2/ui/markdown/MarkwonActivity.kt:114:42 Cannot import 'setRequiredNetworkType'. Functions and properties can only be imported from packages or objects.
e: file:///Users/HONGBGU/Documents/seadroid/app/src/main/java/com/seafile/seadroid2/ui/markdown/MarkwonActivity.kt:115:42 Cannot import 'build'. Functions and properties can only be imported from packages or objects.
e: file:///Users/HONGBGU/Documents/seadroid/app/src/main/java/com/seafile/seadroid2/ui/markdown/MarkwonActivity.kt:116:42 Cannot import 'setId'. Functions and properties can only be imported from packages or objects.
e: file:///Users/HONGBGU/Documents/seadroid/app/src/main/java/com/seafile/seadroid2/ui/markdown/MarkwonActivity.kt:117:42 Cannot import 'setConstraints'. Functions and properties can only be imported from packages or objects.
e: file:///Users/HONGBGU/Documents/seadroid/app/src/main/java/com/seafile/seadroid2/ui/markdown/MarkwonActivity.kt:118:42 Cannot import 'build'. Functions and properties can only be imported from packages or objects.
e: file:///Users/HONGBGU/Documents/seadroid/app/src/main/java/com/seafile/seadroid2/ui/markdown/MarkwonActivity.kt:119:42 Cannot import 'setInputData'. Functions and properties can only be imported from packages or objects.
e: file:///Users/HONGBGU/Documents/seadroid/app/src/main/java/com/seafile/seadroid2/ui/markdown/MarkwonActivity.kt:120:79 Cannot import 'getParent_dir'. Functions and properties can only be imported from packages or objects.
e: file:///Users/HONGBGU/Documents/seadroid/app/src/main/java/com/seafile/seadroid2/ui/markdown/MarkwonActivity.kt:123:37 Cannot import 'onCleared'. Functions and properties can only be imported from packages or objects.
e: file:///Users/HONGBGU/Documents/seadroid/app/src/main/java/com/seafile/seadroid2/ui/markdown/MarkwonActivity.kt:124:42 Cannot import 'lifecycle'. Functions and properties can only be imported from packages or objects.
e: file:///Users/HONGBGU/Documents/seadroid/app/src/main/java/com/seafile/seadroid2/ui/markdown/MarkwonActivity.kt:125:37 Cannot import 'addObserver'. Functions and properties can only be imported from packages or objects.
e: file:///Users/HONGBGU/Documents/seadroid/app/src/main/java/com/seafile/seadroid2/ui/markdown/MarkwonActivity.kt:126:37 Cannot import 'removeObserver'. Functions and properties can only be imported from packages or objects.
e: file:///Users/HONGBGU/Documents/seadroid/app/src/main/java/com/seafile/seadroid2/ui/markdown/MarkwonActivity.kt:243:69 Unresolved reference 'FileSyncBinder'.
e: file:///Users/HONGBGU/Documents/seadroid/app/src/main/java/com/seafile/seadroid2/ui/markdown/MarkwonActivity.kt:711:73 Cannot access 'inner class AppsListAdapter : BaseAdapter': it is private in 'com/seafile/seadroid2/ui/dialog_fragment/AppChoiceDialogFragment'.
e: file:///Users/HONGBGU/Documents/seadroid/app/src/main/java/com/seafile/seadroid2/ui/markdown/MarkwonActivity.kt:1055:69 Unresolved reference 'FolderStateChangedListener'.
e: file:///Users/HONGBGU/Documents/seadroid/app/src/main/java/com/seafile/seadroid2/ui/media/image/CarouselImagePreviewActivity.kt:252:47 Unresolved reference 'observe'.
e: file:///Users/HONGBGU/Documents/seadroid/app/src/main/java/com/seafile/seadroid2/ui/media/image/CarouselImagePreviewActivity.kt:252:61 Class '<anonymous>' is not abstract and does not implement abstract member 'onChanged'.
e: file:///Users/HONGBGU/Documents/seadroid/app/src/main/java/com/seafile/seadroid2/ui/media/image/CarouselImagePreviewActivity.kt:253:13 'onChanged' overrides nothing.
e: file:///Users/HONGBGU/Documents/seadroid/app/src/main/java/com/seafile/seadroid2/ui/media/image/CarouselImagePreviewActivity.kt:263:28 Class '<anonymous>' is not abstract and does not implement abstract member 'onChanged'.
e: file:///Users/HONGBGU/Documents/seadroid/app/src/main/java/com/seafile/seadroid2/ui/media/image/CarouselImagePreviewActivity.kt:264:17 'onChanged' overrides nothing.
e: file:///Users/HONGBGU/Documents/seadroid/app/src/main/java/com/seafile/seadroid2/ui/media/image/CarouselImagePreviewActivity.kt:269:61 Class '<anonymous>' is not abstract and does not implement abstract member 'onChanged'.
e: file:///Users/HONGBGU/Documents/seadroid/app/src/main/java/com/seafile/seadroid2/ui/media/image/CarouselImagePreviewActivity.kt:270:13 'onChanged' overrides nothing.
e: file:///Users/HONGBGU/Documents/seadroid/app/src/main/java/com/seafile/seadroid2/ui/media/image/CarouselImagePreviewActivity.kt:274:57 Unresolved reference 'starred'.
e: file:///Users/HONGBGU/Documents/seadroid/app/src/main/java/com/seafile/seadroid2/ui/media/image/CarouselImagePreviewActivity.kt:280:55 Class '<anonymous>' is not abstract and does not implement abstract member 'onChanged'.
e: file:///Users/HONGBGU/Documents/seadroid/app/src/main/java/com/seafile/seadroid2/ui/media/image/CarouselImagePreviewActivity.kt:281:13 'onChanged' overrides nothing.
e: file:///Users/HONGBGU/Documents/seadroid/app/src/main/java/com/seafile/seadroid2/ui/media/image/CarouselImagePreviewActivity.kt:300:31 Overload resolution ambiguity between candidates:
fun setTitle(@StringRes() p0: Int): Unit
fun setTitle(p0: CharSequence!): Unit
e: file:///Users/HONGBGU/Documents/seadroid/app/src/main/java/com/seafile/seadroid2/ui/media/image/CarouselImagePreviewActivity.kt:300:83 Unresolved reference 'name'.
e: file:///Users/HONGBGU/Documents/seadroid/app/src/main/java/com/seafile/seadroid2/ui/media/image/CarouselImagePreviewActivity.kt:321:50 Type argument is not within its bounds: should be subtype of 'kotlin.Any'.
e: file:///Users/HONGBGU/Documents/seadroid/app/src/main/java/com/seafile/seadroid2/ui/media/image/CarouselImagePreviewActivity.kt:323:52 Type argument is not within its bounds: should be subtype of 'kotlin.Any'.
e: file:///Users/HONGBGU/Documents/seadroid/app/src/main/java/com/seafile/seadroid2/ui/media/image/CarouselImagePreviewActivity.kt:389:49 Interface 'interface OnPhotoTapListener : Any' does not have constructors.
e: file:///Users/HONGBGU/Documents/seadroid/app/src/main/java/com/seafile/seadroid2/ui/media/image/CarouselImagePreviewActivity.kt:390:27 Argument type mismatch: actual type is 'com.seafile.seadroid2.ui.media.image.PhotoFragment', but 'androidx.fragment.app.Fragment?' was expected.
e: file:///Users/HONGBGU/Documents/seadroid/app/src/main/java/com/seafile/seadroid2/ui/media/image/CarouselImagePreviewActivity.kt:410:81 Only safe (?.) or non-null asserted (!!.) calls are allowed on a nullable receiver of type 'com.seafile.seadroid2.account.SupportAccountManager?'.
e: file:///Users/HONGBGU/Documents/seadroid/app/src/main/java/com/seafile/seadroid2/ui/media/image/CarouselImagePreviewActivity.kt:421:59 Only safe (?.) or non-null asserted (!!.) calls are allowed on a nullable receiver of type 'com.seafile.seadroid2.framework.http.HttpIO?'.
e: file:///Users/HONGBGU/Documents/seadroid/app/src/main/java/com/seafile/seadroid2/ui/media/image/CarouselImagePreviewActivity.kt:685:66 Unresolved reference 'name'.
e: file:///Users/HONGBGU/Documents/seadroid/app/src/main/java/com/seafile/seadroid2/ui/media/image/CarouselImagePreviewActivity.kt:712:53 Initializer type mismatch: expected 'kotlin.collections.MutableList<com.seafile.seadroid2.framework.db.entities.DirentModel?>', actual 'kotlin.collections.List<ERROR CLASS: Symbol not found for DirentModel>'.
e: file:///Users/HONGBGU/Documents/seadroid/app/src/main/java/com/seafile/seadroid2/ui/media/image/CarouselImagePreviewActivity.kt:797:13 Argument type mismatch: actual type is 'kotlin.String?', but 'kotlin.String' was expected.
e: file:///Users/HONGBGU/Documents/seadroid/app/src/main/java/com/seafile/seadroid2/ui/media/image/CarouselImagePreviewActivity.kt:799:13 Argument type mismatch: actual type is 'kotlin.String?', but 'kotlin.String' was expected.
e: file:///Users/HONGBGU/Documents/seadroid/app/src/main/java/com/seafile/seadroid2/ui/media/image/ImagePreviewViewModel.kt:59:30 None of the following candidates is applicable:
@SinceKotlin(...) @InlineOnly() fun <V> KMutableProperty0<V>.setValue(thisRef: Any?, property: KProperty<*>, value: V): Unit
@SinceKotlin(...) @InlineOnly() fun <T, V> KMutableProperty1<T, V>.setValue(thisRef: T, property: KProperty<*>, value: V): Unit
@InlineOnly() fun <V> MutableMap<in String, in V>.setValue(thisRef: Any?, property: KProperty<*>, value: V): Unit
e: file:///Users/HONGBGU/Documents/seadroid/app/src/main/java/com/seafile/seadroid2/ui/media/image/ImagePreviewViewModel.kt:65:13 Initializer type mismatch: expected 'io.reactivex.Single<kotlin.collections.MutableList<com.seafile.seadroid2.framework.db.entities.RepoModel?>?>', actual 'io.reactivex.Single<kotlin.collections.MutableList<com.seafile.seadroid2.framework.db.entities.RepoModel?>?>?'.
e: file:///Users/HONGBGU/Documents/seadroid/app/src/main/java/com/seafile/seadroid2/ui/media/image/ImagePreviewViewModel.kt:65:48 Only safe (?.) or non-null asserted (!!.) calls are allowed on a nullable receiver of type 'com.seafile.seadroid2.framework.db.AppDatabase?'.
e: file:///Users/HONGBGU/Documents/seadroid/app/src/main/java/com/seafile/seadroid2/ui/media/image/ImagePreviewViewModel.kt:65:58 Only safe (?.) or non-null asserted (!!.) calls are allowed on a nullable receiver of type 'com.seafile.seadroid2.framework.db.dao.RepoDAO?'.
e: file:///Users/HONGBGU/Documents/seadroid/app/src/main/java/com/seafile/seadroid2/ui/media/image/ImagePreviewViewModel.kt:69:28 Assignment type mismatch: actual type is 'io.reactivex.Single<kotlin.collections.MutableList<com.seafile.seadroid2.framework.db.entities.DirentModel?>?>?', but 'io.reactivex.Single<kotlin.collections.MutableList<com.seafile.seadroid2.framework.db.entities.DirentModel?>?>' was expected.
e: file:///Users/HONGBGU/Documents/seadroid/app/src/main/java/com/seafile/seadroid2/ui/media/image/ImagePreviewViewModel.kt:69:63 Only safe (?.) or non-null asserted (!!.) calls are allowed on a nullable receiver of type 'com.seafile.seadroid2.framework.db.AppDatabase?'.
e: file:///Users/HONGBGU/Documents/seadroid/app/src/main/java/com/seafile/seadroid2/ui/media/image/ImagePreviewViewModel.kt:70:17 Only safe (?.) or non-null asserted (!!.) calls are allowed on a nullable receiver of type 'com.seafile.seadroid2.framework.db.dao.DirentDAO?'.
e: file:///Users/HONGBGU/Documents/seadroid/app/src/main/java/com/seafile/seadroid2/ui/media/image/ImagePreviewViewModel.kt:72:28 Assignment type mismatch: actual type is 'io.reactivex.Single<kotlin.collections.MutableList<com.seafile.seadroid2.framework.db.entities.DirentModel?>?>?', but 'io.reactivex.Single<kotlin.collections.MutableList<com.seafile.seadroid2.framework.db.entities.DirentModel?>?>' was expected.
e: file:///Users/HONGBGU/Documents/seadroid/app/src/main/java/com/seafile/seadroid2/ui/media/image/ImagePreviewViewModel.kt:72:63 Only safe (?.) or non-null asserted (!!.) calls are allowed on a nullable receiver of type 'com.seafile.seadroid2.framework.db.AppDatabase?'.
e: file:///Users/HONGBGU/Documents/seadroid/app/src/main/java/com/seafile/seadroid2/ui/media/image/ImagePreviewViewModel.kt:73:17 Only safe (?.) or non-null asserted (!!.) calls are allowed on a nullable receiver of type 'com.seafile.seadroid2.framework.db.dao.DirentDAO?'.
e: file:///Users/HONGBGU/Documents/seadroid/app/src/main/java/com/seafile/seadroid2/ui/media/image/ImagePreviewViewModel.kt:80:17 Class '<anonymous>' is not abstract and does not implement abstract member 'apply'.
e: file:///Users/HONGBGU/Documents/seadroid/app/src/main/java/com/seafile/seadroid2/ui/media/image/ImagePreviewViewModel.kt:83:21 'apply' overrides nothing.
e: file:///Users/HONGBGU/Documents/seadroid/app/src/main/java/com/seafile/seadroid2/ui/media/image/ImagePreviewViewModel.kt:97:80 Argument type mismatch: actual type is 'kotlin.String?', but 'kotlin.String' was expected.
e: file:///Users/HONGBGU/Documents/seadroid/app/src/main/java/com/seafile/seadroid2/ui/media/image/ImagePreviewViewModel.kt:111:29 Only safe (?.) or non-null asserted (!!.) calls are allowed on a nullable receiver of type 'com.seafile.seadroid2.framework.http.HttpIO?'.
e: file:///Users/HONGBGU/Documents/seadroid/app/src/main/java/com/seafile/seadroid2/ui/media/image/ImagePreviewViewModel.kt:111:52 Argument type mismatch: actual type is 'java.lang.Class<com.seafile.seadroid2.ui.file.FileService>', but 'java.lang.Class<T?>' was expected.
e: file:///Users/HONGBGU/Documents/seadroid/app/src/main/java/com/seafile/seadroid2/ui/media/image/ImagePreviewViewModel.kt:112:29 Only safe (?.) or non-null asserted (!!.) calls are allowed on a nullable receiver of type 'com.seafile.seadroid2.ui.file.FileService?'.
e: file:///Users/HONGBGU/Documents/seadroid/app/src/main/java/com/seafile/seadroid2/ui/media/image/ImagePreviewViewModel.kt:113:29 Only safe (?.) or non-null asserted (!!.) calls are allowed on a nullable receiver of type 'io.reactivex.Single<com.seafile.seadroid2.framework.model.dirents.DirentFileModel?>?'.
e: file:///Users/HONGBGU/Documents/seadroid/app/src/main/java/com/seafile/seadroid2/ui/media/image/ImagePreviewViewModel.kt:124:37 Initializer type mismatch: expected 'com.seafile.seadroid2.framework.db.entities.DirentModel', actual 'com.seafile.seadroid2.framework.db.entities.DirentModel?'.
e: file:///Users/HONGBGU/Documents/seadroid/app/src/main/java/com/seafile/seadroid2/ui/media/image/ImagePreviewViewModel.kt:124:37 Type mismatch: inferred type is 'com.seafile.seadroid2.framework.db.entities.DirentModel?', but 'com.seafile.seadroid2.framework.db.entities.DirentModel' was expected.
e: file:///Users/HONGBGU/Documents/seadroid/app/src/main/java/com/seafile/seadroid2/ui/media/image/ImagePreviewViewModel.kt:153:25 Initializer type mismatch: expected 'io.reactivex.Completable', actual 'io.reactivex.Completable?'.
e: file:///Users/HONGBGU/Documents/seadroid/app/src/main/java/com/seafile/seadroid2/ui/media/image/ImagePreviewViewModel.kt:153:60 Only safe (?.) or non-null asserted (!!.) calls are allowed on a nullable receiver of type 'com.seafile.seadroid2.framework.db.AppDatabase?'.
e: file:///Users/HONGBGU/Documents/seadroid/app/src/main/java/com/seafile/seadroid2/ui/media/image/ImagePreviewViewModel.kt:153:72 Only safe (?.) or non-null asserted (!!.) calls are allowed on a nullable receiver of type 'com.seafile.seadroid2.framework.db.dao.DirentDAO?'.
e: file:///Users/HONGBGU/Documents/seadroid/app/src/main/java/com/seafile/seadroid2/ui/media/image/ImagePreviewViewModel.kt:153:83 Argument type mismatch: actual type is 'kotlin.collections.MutableList<com.seafile.seadroid2.framework.db.entities.DirentModel?>?', but 'kotlin.collections.MutableList<com.seafile.seadroid2.framework.db.entities.DirentModel>' was expected.
e: file:///Users/HONGBGU/Documents/seadroid/app/src/main/java/com/seafile/seadroid2/ui/media/image/ImagePreviewViewModel.kt:155:85 Class '<anonymous>' is not abstract and does not implement abstract member 'apply'.
e: file:///Users/HONGBGU/Documents/seadroid/app/src/main/java/com/seafile/seadroid2/ui/media/image/ImagePreviewViewModel.kt:158:25 'apply' overrides nothing.
e: file:///Users/HONGBGU/Documents/seadroid/app/src/main/java/com/seafile/seadroid2/ui/media/image/ImagePreviewViewModel.kt:170:42 None of the following candidates is applicable:
@SinceKotlin(...) @InlineOnly() fun <V> KMutableProperty0<V>.setValue(thisRef: Any?, property: KProperty<*>, value: V): Unit
@SinceKotlin(...) @InlineOnly() fun <T, V> KMutableProperty1<T, V>.setValue(thisRef: T, property: KProperty<*>, value: V): Unit
@InlineOnly() fun <V> MutableMap<in String, in V>.setValue(thisRef: Any?, property: KProperty<*>, value: V): Unit
e: file:///Users/HONGBGU/Documents/seadroid/app/src/main/java/com/seafile/seadroid2/ui/media/image/ImagePreviewViewModel.kt:177:42 None of the following candidates is applicable:
@SinceKotlin(...) @InlineOnly() fun <V> KMutableProperty0<V>.setValue(thisRef: Any?, property: KProperty<*>, value: V): Unit
@SinceKotlin(...) @InlineOnly() fun <T, V> KMutableProperty1<T, V>.setValue(thisRef: T, property: KProperty<*>, value: V): Unit
@InlineOnly() fun <V> MutableMap<in String, in V>.setValue(thisRef: Any?, property: KProperty<*>, value: V): Unit
e: file:///Users/HONGBGU/Documents/seadroid/app/src/main/java/com/seafile/seadroid2/ui/media/image/ImagePreviewViewModel.kt:179:48 None of the following candidates is applicable:
@SinceKotlin(...) @InlineOnly() fun <V> KMutableProperty0<V>.setValue(thisRef: Any?, property: KProperty<*>, value: V): Unit
@SinceKotlin(...) @InlineOnly() fun <T, V> KMutableProperty1<T, V>.setValue(thisRef: T, property: KProperty<*>, value: V): Unit
@InlineOnly() fun <V> MutableMap<in String, in V>.setValue(thisRef: Any?, property: KProperty<*>, value: V): Unit
e: file:///Users/HONGBGU/Documents/seadroid/app/src/main/java/com/seafile/seadroid2/ui/media/image/ImagePreviewViewModel.kt:180:28 Overload resolution ambiguity between candidates:
fun show(@StringRes() resId: Int): Unit
fun show(text: String?): Unit
e: file:///Users/HONGBGU/Documents/seadroid/app/src/main/java/com/seafile/seadroid2/ui/media/image/ImagePreviewViewModel.kt:180:47 Unresolved reference 'message'.
e: file:///Users/HONGBGU/Documents/seadroid/app/src/main/java/com/seafile/seadroid2/ui/media/image/ImagePreviewViewModel.kt:187:30 None of the following candidates is applicable:
@SinceKotlin(...) @InlineOnly() fun <V> KMutableProperty0<V>.setValue(thisRef: Any?, property: KProperty<*>, value: V): Unit
@SinceKotlin(...) @InlineOnly() fun <T, V> KMutableProperty1<T, V>.setValue(thisRef: T, property: KProperty<*>, value: V): Unit
@InlineOnly() fun <V> MutableMap<in String, in V>.setValue(thisRef: Any?, property: KProperty<*>, value: V): Unit
e: file:///Users/HONGBGU/Documents/seadroid/app/src/main/java/com/seafile/seadroid2/ui/media/image/ImagePreviewViewModel.kt:195:13 Only safe (?.) or non-null asserted (!!.) calls are allowed on a nullable receiver of type 'com.seafile.seadroid2.framework.http.HttpIO?'.
e: file:///Users/HONGBGU/Documents/seadroid/app/src/main/java/com/seafile/seadroid2/ui/media/image/ImagePreviewViewModel.kt:195:39 Argument type mismatch: actual type is 'java.lang.Class<com.seafile.seadroid2.ui.star.StarredService>', but 'java.lang.Class<T?>' was expected.
e: file:///Users/HONGBGU/Documents/seadroid/app/src/main/java/com/seafile/seadroid2/ui/media/image/ImagePreviewViewModel.kt:196:13 Only safe (?.) or non-null asserted (!!.) calls are allowed on a nullable receiver of type 'com.seafile.seadroid2.ui.star.StarredService?'.
e: file:///Users/HONGBGU/Documents/seadroid/app/src/main/java/com/seafile/seadroid2/ui/media/image/ImagePreviewViewModel.kt:197:13 Only safe (?.) or non-null asserted (!!.) calls are allowed on a nullable receiver of type 'io.reactivex.Single<com.seafile.seadroid2.framework.model.repo.Dirent2Model?>?'.
e: file:///Users/HONGBGU/Documents/seadroid/app/src/main/java/com/seafile/seadroid2/ui/media/image/ImagePreviewViewModel.kt:201:38 None of the following candidates is applicable:
@SinceKotlin(...) @InlineOnly() fun <V> KMutableProperty0<V>.setValue(thisRef: Any?, property: KProperty<*>, value: V): Unit
@SinceKotlin(...) @InlineOnly() fun <T, V> KMutableProperty1<T, V>.setValue(thisRef: T, property: KProperty<*>, value: V): Unit
@InlineOnly() fun <V> MutableMap<in String, in V>.setValue(thisRef: Any?, property: KProperty<*>, value: V): Unit
e: file:///Users/HONGBGU/Documents/seadroid/app/src/main/java/com/seafile/seadroid2/ui/media/image/ImagePreviewViewModel.kt:208:38 None of the following candidates is applicable:
@SinceKotlin(...) @InlineOnly() fun <V> KMutableProperty0<V>.setValue(thisRef: Any?, property: KProperty<*>, value: V): Unit
@SinceKotlin(...) @InlineOnly() fun <T, V> KMutableProperty1<T, V>.setValue(thisRef: T, property: KProperty<*>, value: V): Unit
@InlineOnly() fun <V> MutableMap<in String, in V>.setValue(thisRef: Any?, property: KProperty<*>, value: V): Unit
e: file:///Users/HONGBGU/Documents/seadroid/app/src/main/java/com/seafile/seadroid2/ui/media/image/ImagePreviewViewModel.kt:217:30 None of the following candidates is applicable:
@SinceKotlin(...) @InlineOnly() fun <V> KMutableProperty0<V>.setValue(thisRef: Any?, property: KProperty<*>, value: V): Unit
@SinceKotlin(...) @InlineOnly() fun <T, V> KMutableProperty1<T, V>.setValue(thisRef: T, property: KProperty<*>, value: V): Unit
@InlineOnly() fun <V> MutableMap<in String, in V>.setValue(thisRef: Any?, property: KProperty<*>, value: V): Unit
e: file:///Users/HONGBGU/Documents/seadroid/app/src/main/java/com/seafile/seadroid2/ui/media/image/ImagePreviewViewModel.kt:220:13 Only safe (?.) or non-null asserted (!!.) calls are allowed on a nullable receiver of type 'com.seafile.seadroid2.framework.http.HttpIO?'.
e: file:///Users/HONGBGU/Documents/seadroid/app/src/main/java/com/seafile/seadroid2/ui/media/image/ImagePreviewViewModel.kt:220:39 Argument type mismatch: actual type is 'java.lang.Class<com.seafile.seadroid2.ui.star.StarredService>', but 'java.lang.Class<T?>' was expected.
e: file:///Users/HONGBGU/Documents/seadroid/app/src/main/java/com/seafile/seadroid2/ui/media/image/ImagePreviewViewModel.kt:221:13 Only safe (?.) or non-null asserted (!!.) calls are allowed on a nullable receiver of type 'com.seafile.seadroid2.ui.star.StarredService?'.
e: file:///Users/HONGBGU/Documents/seadroid/app/src/main/java/com/seafile/seadroid2/ui/media/image/ImagePreviewViewModel.kt:222:13 Only safe (?.) or non-null asserted (!!.) calls are allowed on a nullable receiver of type 'io.reactivex.Single<com.seafile.seadroid2.framework.model.ResultModel?>?'.
e: file:///Users/HONGBGU/Documents/seadroid/app/src/main/java/com/seafile/seadroid2/ui/media/image/ImagePreviewViewModel.kt:226:38 None of the following candidates is applicable:
@SinceKotlin(...) @InlineOnly() fun <V> KMutableProperty0<V>.setValue(thisRef: Any?, property: KProperty<*>, value: V): Unit
@SinceKotlin(...) @InlineOnly() fun <T, V> KMutableProperty1<T, V>.setValue(thisRef: T, property: KProperty<*>, value: V): Unit
@InlineOnly() fun <V> MutableMap<in String, in V>.setValue(thisRef: Any?, property: KProperty<*>, value: V): Unit
e: file:///Users/HONGBGU/Documents/seadroid/app/src/main/java/com/seafile/seadroid2/ui/media/image/ImagePreviewViewModel.kt:233:38 None of the following candidates is applicable:
@SinceKotlin(...) @InlineOnly() fun <V> KMutableProperty0<V>.setValue(thisRef: Any?, property: KProperty<*>, value: V): Unit
@SinceKotlin(...) @InlineOnly() fun <T, V> KMutableProperty1<T, V>.setValue(thisRef: T, property: KProperty<*>, value: V): Unit
@InlineOnly() fun <V> MutableMap<in String, in V>.setValue(thisRef: Any?, property: KProperty<*>, value: V): Unit
e: file:///Users/HONGBGU/Documents/seadroid/app/src/main/java/com/seafile/seadroid2/ui/media/image/OnlyImagePreviewActivity.kt:69:47 Unresolved reference 'observe'.
e: file:///Users/HONGBGU/Documents/seadroid/app/src/main/java/com/seafile/seadroid2/ui/media/image/OnlyImagePreviewActivity.kt:69:61 Class '<anonymous>' is not abstract and does not implement abstract member 'onChanged'.
e: file:///Users/HONGBGU/Documents/seadroid/app/src/main/java/com/seafile/seadroid2/ui/media/image/OnlyImagePreviewActivity.kt:70:13 'onChanged' overrides nothing.
e: file:///Users/HONGBGU/Documents/seadroid/app/src/main/java/com/seafile/seadroid2/ui/media/image/OnlyImagePreviewActivity.kt:89:49 Interface 'interface OnPhotoTapListener : Any' does not have constructors.
e: file:///Users/HONGBGU/Documents/seadroid/app/src/main/java/com/seafile/seadroid2/ui/media/image/OnlyImagePreviewActivity.kt:90:27 Argument type mismatch: actual type is 'com.seafile.seadroid2.ui.media.image.PhotoFragment', but 'androidx.fragment.app.Fragment?' was expected.
e: file:///Users/HONGBGU/Documents/seadroid/app/src/main/java/com/seafile/seadroid2/ui/media/image/PhotoFragment.kt:22:23 Unresolved reference 'BaseFragment'.
e: file:///Users/HONGBGU/Documents/seadroid/app/src/main/java/com/seafile/seadroid2/ui/media/image/PhotoFragment.kt:32:37 Unresolved reference 'OnPhotoTapListener'.
e: file:///Users/HONGBGU/Documents/seadroid/app/src/main/java/com/seafile/seadroid2/ui/media/image/PhotoFragment.kt:35:51 Unresolved reference 'OnPhotoTapListener'.
e: file:///Users/HONGBGU/Documents/seadroid/app/src/main/java/com/seafile/seadroid2/ui/media/image/PhotoFragment.kt:50:5 'onSaveInstanceState' overrides nothing.
e: file:///Users/HONGBGU/Documents/seadroid/app/src/main/java/com/seafile/seadroid2/ui/media/image/PhotoFragment.kt:50:48 Unresolved reference 'Bundle'.
e: file:///Users/HONGBGU/Documents/seadroid/app/src/main/java/com/seafile/seadroid2/ui/media/image/PhotoFragment.kt:51:9 Unresolved reference 'BaseFragment'.
e: file:///Users/HONGBGU/Documents/seadroid/app/src/main/java/com/seafile/seadroid2/ui/media/image/PhotoFragment.kt:51:15 Unresolved reference 'onSaveInstanceState'.
e: file:///Users/HONGBGU/Documents/seadroid/app/src/main/java/com/seafile/seadroid2/ui/media/image/PhotoFragment.kt:52:18 Unresolved reference 'putString'.
e: file:///Users/HONGBGU/Documents/seadroid/app/src/main/java/com/seafile/seadroid2/ui/media/image/PhotoFragment.kt:53:18 Unresolved reference 'putString'.
e: file:///Users/HONGBGU/Documents/seadroid/app/src/main/java/com/seafile/seadroid2/ui/media/image/PhotoFragment.kt:54:18 Unresolved reference 'putString'.
e: file:///Users/HONGBGU/Documents/seadroid/app/src/main/java/com/seafile/seadroid2/ui/media/image/PhotoFragment.kt:55:18 Unresolved reference 'putString'.
e: file:///Users/HONGBGU/Documents/seadroid/app/src/main/java/com/seafile/seadroid2/ui/media/image/PhotoFragment.kt:58:5 'onCreate' overrides nothing.
e: file:///Users/HONGBGU/Documents/seadroid/app/src/main/java/com/seafile/seadroid2/ui/media/image/PhotoFragment.kt:58:47 Unresolved reference 'Bundle'.
e: file:///Users/HONGBGU/Documents/seadroid/app/src/main/java/com/seafile/seadroid2/ui/media/image/PhotoFragment.kt:59:9 Unresolved reference 'BaseFragment'.
e: file:///Users/HONGBGU/Documents/seadroid/app/src/main/java/com/seafile/seadroid2/ui/media/image/PhotoFragment.kt:59:15 Unresolved reference 'onCreate'.
e: file:///Users/HONGBGU/Documents/seadroid/app/src/main/java/com/seafile/seadroid2/ui/media/image/PhotoFragment.kt:62:41 Unresolved reference 'getString'.
e: file:///Users/HONGBGU/Documents/seadroid/app/src/main/java/com/seafile/seadroid2/ui/media/image/PhotoFragment.kt:63:43 Unresolved reference 'getString'.
e: file:///Users/HONGBGU/Documents/seadroid/app/src/main/java/com/seafile/seadroid2/ui/media/image/PhotoFragment.kt:64:43 Unresolved reference 'getString'.
e: file:///Users/HONGBGU/Documents/seadroid/app/src/main/java/com/seafile/seadroid2/ui/media/image/PhotoFragment.kt:65:43 Unresolved reference 'getString'.
e: file:///Users/HONGBGU/Documents/seadroid/app/src/main/java/com/seafile/seadroid2/ui/media/image/PhotoFragment.kt:67:23 Unresolved reference 'Bundle'.
e: file:///Users/HONGBGU/Documents/seadroid/app/src/main/java/com/seafile/seadroid2/ui/media/image/PhotoFragment.kt:67:33 Unresolved reference 'getArguments'.
e: file:///Users/HONGBGU/Documents/seadroid/app/src/main/java/com/seafile/seadroid2/ui/media/image/PhotoFragment.kt:72:27 Unresolved reference 'getString'.
e: file:///Users/HONGBGU/Documents/seadroid/app/src/main/java/com/seafile/seadroid2/ui/media/image/PhotoFragment.kt:73:29 Unresolved reference 'getString'.
e: file:///Users/HONGBGU/Documents/seadroid/app/src/main/java/com/seafile/seadroid2/ui/media/image/PhotoFragment.kt:74:29 Unresolved reference 'getString'.
e: file:///Users/HONGBGU/Documents/seadroid/app/src/main/java/com/seafile/seadroid2/ui/media/image/PhotoFragment.kt:75:29 Unresolved reference 'getString'.
e: file:///Users/HONGBGU/Documents/seadroid/app/src/main/java/com/seafile/seadroid2/ui/media/image/PhotoFragment.kt:76:30 Unresolved reference 'getString'.
e: file:///Users/HONGBGU/Documents/seadroid/app/src/main/java/com/seafile/seadroid2/ui/media/image/PhotoFragment.kt:80:13 Unresolved reference 'getResources'.
e: file:///Users/HONGBGU/Documents/seadroid/app/src/main/java/com/seafile/seadroid2/ui/media/image/PhotoFragment.kt:80:58 Unresolved reference 'Configuration'.
e: file:///Users/HONGBGU/Documents/seadroid/app/src/main/java/com/seafile/seadroid2/ui/media/image/PhotoFragment.kt:81:43 Unresolved reference 'Configuration'.
e: file:///Users/HONGBGU/Documents/seadroid/app/src/main/java/com/seafile/seadroid2/ui/media/image/PhotoFragment.kt:83:17 Unresolved reference 'TextUtils'.
e: file:///Users/HONGBGU/Documents/seadroid/app/src/main/java/com/seafile/seadroid2/ui/media/image/PhotoFragment.kt:83:46 Unresolved reference 'TextUtils'.
e: file:///Users/HONGBGU/Documents/seadroid/app/src/main/java/com/seafile/seadroid2/ui/media/image/PhotoFragment.kt:85:13 Unresolved reference 'not' for operator '!'.
e: file:///Users/HONGBGU/Documents/seadroid/app/src/main/java/com/seafile/seadroid2/ui/media/image/PhotoFragment.kt:85:14 Unresolved reference 'TextUtils'.
e: file:///Users/HONGBGU/Documents/seadroid/app/src/main/java/com/seafile/seadroid2/ui/media/image/PhotoFragment.kt:91:5 'onCreateView' overrides nothing.
e: file:///Users/HONGBGU/Documents/seadroid/app/src/main/java/com/seafile/seadroid2/ui/media/image/PhotoFragment.kt:92:19 Unresolved reference 'LayoutInflater'.
e: file:///Users/HONGBGU/Documents/seadroid/app/src/main/java/com/seafile/seadroid2/ui/media/image/PhotoFragment.kt:93:20 Unresolved reference 'ViewGroup'.
e: file:///Users/HONGBGU/Documents/seadroid/app/src/main/java/com/seafile/seadroid2/ui/media/image/PhotoFragment.kt:94:29 Unresolved reference 'Bundle'.
e: file:///Users/HONGBGU/Documents/seadroid/app/src/main/java/com/seafile/seadroid2/ui/media/image/PhotoFragment.kt:95:8 Unresolved reference 'View'.
e: file:///Users/HONGBGU/Documents/seadroid/app/src/main/java/com/seafile/seadroid2/ui/media/image/PhotoFragment.kt:100:5 'onViewCreated' overrides nothing.
e: file:///Users/HONGBGU/Documents/seadroid/app/src/main/java/com/seafile/seadroid2/ui/media/image/PhotoFragment.kt:100:38 Unresolved reference 'View'.
e: file:///Users/HONGBGU/Documents/seadroid/app/src/main/java/com/seafile/seadroid2/ui/media/image/PhotoFragment.kt:100:64 Unresolved reference 'Bundle'.
e: file:///Users/HONGBGU/Documents/seadroid/app/src/main/java/com/seafile/seadroid2/ui/media/image/PhotoFragment.kt:101:9 Unresolved reference 'BaseFragment'.
e: file:///Users/HONGBGU/Documents/seadroid/app/src/main/java/com/seafile/seadroid2/ui/media/image/PhotoFragment.kt:101:15 Unresolved reference 'onViewCreated'.
e: file:///Users/HONGBGU/Documents/seadroid/app/src/main/java/com/seafile/seadroid2/ui/media/image/PhotoFragment.kt:103:21 Unresolved reference 'ViewModelProvider'.
e: file:///Users/HONGBGU/Documents/seadroid/app/src/main/java/com/seafile/seadroid2/ui/media/image/PhotoFragment.kt:103:21 Assignment type mismatch: actual type is 'kotlin.text.MatchGroup?', but 'com.seafile.seadroid2.ui.media.image.PhotoViewModel?' was expected.
e: file:///Users/HONGBGU/Documents/seadroid/app/src/main/java/com/seafile/seadroid2/ui/media/image/PhotoFragment.kt:105:13 Unresolved reference 'ViewModelProvider'.
e: file:///Users/HONGBGU/Documents/seadroid/app/src/main/java/com/seafile/seadroid2/ui/media/image/PhotoFragment.kt:105:13 Assignment type mismatch: actual type is 'kotlin.text.MatchGroup?', but 'com.seafile.seadroid2.ui.media.image.ImagePreviewViewModel?' was expected.
e: file:///Users/HONGBGU/Documents/seadroid/app/src/main/java/com/seafile/seadroid2/ui/media/image/PhotoFragment.kt:105:31 Unresolved reference 'requireActivity'.
e: file:///Users/HONGBGU/Documents/seadroid/app/src/main/java/com/seafile/seadroid2/ui/media/image/PhotoFragment.kt:119:33 Unresolved reference 'SupportAccountManager'.
e: file:///Users/HONGBGU/Documents/seadroid/app/src/main/java/com/seafile/seadroid2/ui/media/image/PhotoFragment.kt:120:16 Unresolved reference 'DataManager'.
e: file:///Users/HONGBGU/Documents/seadroid/app/src/main/java/com/seafile/seadroid2/ui/media/image/PhotoFragment.kt:125:14 Unresolved reference 'observe'.
e: file:///Users/HONGBGU/Documents/seadroid/app/src/main/java/com/seafile/seadroid2/ui/media/image/PhotoFragment.kt:125:22 Unresolved reference 'getViewLifecycleOwner'.
e: file:///Users/HONGBGU/Documents/seadroid/app/src/main/java/com/seafile/seadroid2/ui/media/image/PhotoFragment.kt:125:47 Class '<anonymous>' is not abstract and does not implement abstract member 'onChanged'.
e: file:///Users/HONGBGU/Documents/seadroid/app/src/main/java/com/seafile/seadroid2/ui/media/image/PhotoFragment.kt:125:65 Unresolved reference 'SeafException'.
e: file:///Users/HONGBGU/Documents/seadroid/app/src/main/java/com/seafile/seadroid2/ui/media/image/PhotoFragment.kt:126:17 'onChanged' overrides nothing.
e: file:///Users/HONGBGU/Documents/seadroid/app/src/main/java/com/seafile/seadroid2/ui/media/image/PhotoFragment.kt:126:43 Unresolved reference 'SeafException'.
e: file:///Users/HONGBGU/Documents/seadroid/app/src/main/java/com/seafile/seadroid2/ui/media/image/PhotoFragment.kt:127:57 Unresolved reference 'View'.
e: file:///Users/HONGBGU/Documents/seadroid/app/src/main/java/com/seafile/seadroid2/ui/media/image/PhotoFragment.kt:128:55 Unresolved reference 'View'.
e: file:///Users/HONGBGU/Documents/seadroid/app/src/main/java/com/seafile/seadroid2/ui/media/image/PhotoFragment.kt:133:22 Unresolved reference 'getViewLifecycleOwner'.
e: file:///Users/HONGBGU/Documents/seadroid/app/src/main/java/com/seafile/seadroid2/ui/media/image/PhotoFragment.kt:133:47 Class '<anonymous>' is not abstract and does not implement abstract member 'onChanged'.
e: file:///Users/HONGBGU/Documents/seadroid/app/src/main/java/com/seafile/seadroid2/ui/media/image/PhotoFragment.kt:133:65 Unresolved reference 'SeafException'.
e: file:///Users/HONGBGU/Documents/seadroid/app/src/main/java/com/seafile/seadroid2/ui/media/image/PhotoFragment.kt:134:17 'onChanged' overrides nothing.
e: file:///Users/HONGBGU/Documents/seadroid/app/src/main/java/com/seafile/seadroid2/ui/media/image/PhotoFragment.kt:134:43 Unresolved reference 'SeafException'.
e: file:///Users/HONGBGU/Documents/seadroid/app/src/main/java/com/seafile/seadroid2/ui/media/image/PhotoFragment.kt:135:63 Unresolved reference 'View'.
e: file:///Users/HONGBGU/Documents/seadroid/app/src/main/java/com/seafile/seadroid2/ui/media/image/PhotoFragment.kt:136:61 Unresolved reference 'View'.
e: file:///Users/HONGBGU/Documents/seadroid/app/src/main/java/com/seafile/seadroid2/ui/media/image/PhotoFragment.kt:137:47 Overload resolution ambiguity between candidates:
fun setText(p0: CharSequence!): Unit
fun setText(p0: Int): Unit
e: file:///Users/HONGBGU/Documents/seadroid/app/src/main/java/com/seafile/seadroid2/ui/media/image/PhotoFragment.kt:137:57 Unresolved reference 'message'.
e: file:///Users/HONGBGU/Documents/seadroid/app/src/main/java/com/seafile/seadroid2/ui/media/image/PhotoFragment.kt:142:22 Unresolved reference 'getViewLifecycleOwner'.
e: file:///Users/HONGBGU/Documents/seadroid/app/src/main/java/com/seafile/seadroid2/ui/media/image/PhotoFragment.kt:142:47 Class '<anonymous>' is not abstract and does not implement abstract member 'onChanged'.
e: file:///Users/HONGBGU/Documents/seadroid/app/src/main/java/com/seafile/seadroid2/ui/media/image/PhotoFragment.kt:142:65 Unresolved reference 'DirentModel'.
e: file:///Users/HONGBGU/Documents/seadroid/app/src/main/java/com/seafile/seadroid2/ui/media/image/PhotoFragment.kt:143:17 'onChanged' overrides nothing.
e: file:///Users/HONGBGU/Documents/seadroid/app/src/main/java/com/seafile/seadroid2/ui/media/image/PhotoFragment.kt:143:53 Unresolved reference 'DirentModel'.
e: file:///Users/HONGBGU/Documents/seadroid/app/src/main/java/com/seafile/seadroid2/ui/media/image/PhotoFragment.kt:145:62 Unresolved reference 'R'.
e: file:///Users/HONGBGU/Documents/seadroid/app/src/main/java/com/seafile/seadroid2/ui/media/image/PhotoFragment.kt:146:61 Unresolved reference 'View'.
e: file:///Users/HONGBGU/Documents/seadroid/app/src/main/java/com/seafile/seadroid2/ui/media/image/PhotoFragment.kt:150:25 Unresolved reference 'TextUtils'.
e: file:///Users/HONGBGU/Documents/seadroid/app/src/main/java/com/seafile/seadroid2/ui/media/image/PhotoFragment.kt:150:55 Unresolved reference 'local_file_id'.
e: file:///Users/HONGBGU/Documents/seadroid/app/src/main/java/com/seafile/seadroid2/ui/media/image/PhotoFragment.kt:151:51 Argument type mismatch: actual type is 'kotlin.Any', but 'com.seafile.seadroid2.framework.db.entities.DirentModel' was expected.
e: file:///Users/HONGBGU/Documents/seadroid/app/src/main/java/com/seafile/seadroid2/ui/media/image/PhotoFragment.kt:154:41 Unresolved reference 'repo_id'.
e: file:///Users/HONGBGU/Documents/seadroid/app/src/main/java/com/seafile/seadroid2/ui/media/image/PhotoFragment.kt:155:41 Unresolved reference 'repo_name'.
e: file:///Users/HONGBGU/Documents/seadroid/app/src/main/java/com/seafile/seadroid2/ui/media/image/PhotoFragment.kt:156:41 Unresolved reference 'full_path'.
e: file:///Users/HONGBGU/Documents/seadroid/app/src/main/java/com/seafile/seadroid2/ui/media/image/PhotoFragment.kt:165:55 Argument type mismatch: actual type is 'kotlin.Any', but 'com.seafile.seadroid2.framework.db.entities.DirentModel' was expected.
e: file:///Users/HONGBGU/Documents/seadroid/app/src/main/java/com/seafile/seadroid2/ui/media/image/PhotoFragment.kt:172:22 Unresolved reference 'getViewLifecycleOwner'.
e: file:///Users/HONGBGU/Documents/seadroid/app/src/main/java/com/seafile/seadroid2/ui/media/image/PhotoFragment.kt:172:47 Class '<anonymous>' is not abstract and does not implement abstract member 'onChanged'.
e: file:///Users/HONGBGU/Documents/seadroid/app/src/main/java/com/seafile/seadroid2/ui/media/image/PhotoFragment.kt:173:17 'onChanged' overrides nothing.
e: file:///Users/HONGBGU/Documents/seadroid/app/src/main/java/com/seafile/seadroid2/ui/media/image/PhotoFragment.kt:179:22 Unresolved reference 'getViewLifecycleOwner'.
e: file:///Users/HONGBGU/Documents/seadroid/app/src/main/java/com/seafile/seadroid2/ui/media/image/PhotoFragment.kt:179:47 Class '<anonymous>' is not abstract and does not implement abstract member 'onChanged'.
e: file:///Users/HONGBGU/Documents/seadroid/app/src/main/java/com/seafile/seadroid2/ui/media/image/PhotoFragment.kt:180:17 'onChanged' overrides nothing.
e: file:///Users/HONGBGU/Documents/seadroid/app/src/main/java/com/seafile/seadroid2/ui/media/image/PhotoFragment.kt:190:22 Unresolved reference 'getViewLifecycleOwner'.
e: file:///Users/HONGBGU/Documents/seadroid/app/src/main/java/com/seafile/seadroid2/ui/media/image/PhotoFragment.kt:190:47 Class '<anonymous>' is not abstract and does not implement abstract member 'onChanged'.
e: file:///Users/HONGBGU/Documents/seadroid/app/src/main/java/com/seafile/seadroid2/ui/media/image/PhotoFragment.kt:190:65 Unresolved reference 'FileProfileConfigModel'.
e: file:///Users/HONGBGU/Documents/seadroid/app/src/main/java/com/seafile/seadroid2/ui/media/image/PhotoFragment.kt:191:17 'onChanged' overrides nothing.
e: file:///Users/HONGBGU/Documents/seadroid/app/src/main/java/com/seafile/seadroid2/ui/media/image/PhotoFragment.kt:191:53 Unresolved reference 'FileProfileConfigModel'.
e: file:///Users/HONGBGU/Documents/seadroid/app/src/main/java/com/seafile/seadroid2/ui/media/image/PhotoFragment.kt:192:63 Unresolved reference 'View'.
e: file:///Users/HONGBGU/Documents/seadroid/app/src/main/java/com/seafile/seadroid2/ui/media/image/PhotoFragment.kt:194:37 Unresolved reference 'DocProfileView'.
e: file:///Users/HONGBGU/Documents/seadroid/app/src/main/java/com/seafile/seadroid2/ui/media/image/PhotoFragment.kt:194:54 Unresolved reference 'DocProfileView'.
e: file:///Users/HONGBGU/Documents/seadroid/app/src/main/java/com/seafile/seadroid2/ui/media/image/PhotoFragment.kt:194:69 Unresolved reference 'requireContext'.
e: file:///Users/HONGBGU/Documents/seadroid/app/src/main/java/com/seafile/seadroid2/ui/media/image/PhotoFragment.kt:195:32 Unresolved reference 'parseData'.
e: file:///Users/HONGBGU/Documents/seadroid/app/src/main/java/com/seafile/seadroid2/ui/media/image/PhotoFragment.kt:197:29 Unresolved reference 'LinearLayout'.
e: file:///Users/HONGBGU/Documents/seadroid/app/src/main/java/com/seafile/seadroid2/ui/media/image/PhotoFragment.kt:197:57 Unresolved reference 'LinearLayout'.
e: file:///Users/HONGBGU/Documents/seadroid/app/src/main/java/com/seafile/seadroid2/ui/media/image/PhotoFragment.kt:198:54 Overload resolution ambiguity between candidates:
fun addView(p0: View!, p1: Int, p2: Int): Unit
fun addView(p0: View!, p1: Int, p2: ViewGroup.LayoutParams!): Unit
e: file:///Users/HONGBGU/Documents/seadroid/app/src/main/java/com/seafile/seadroid2/ui/media/image/PhotoFragment.kt:204:27 Unresolved reference 'TextView'.
e: file:///Users/HONGBGU/Documents/seadroid/app/src/main/java/com/seafile/seadroid2/ui/media/image/PhotoFragment.kt:204:72 Unresolved reference 'TextView'.
e: file:///Users/HONGBGU/Documents/seadroid/app/src/main/java/com/seafile/seadroid2/ui/media/image/PhotoFragment.kt:204:83 Unresolved reference 'R'.
e: file:///Users/HONGBGU/Documents/seadroid/app/src/main/java/com/seafile/seadroid2/ui/media/image/PhotoFragment.kt:205:9 Unresolved reference 'SpanUtils'.
e: file:///Users/HONGBGU/Documents/seadroid/app/src/main/java/com/seafile/seadroid2/ui/media/image/PhotoFragment.kt:206:21 Unresolved reference 'getString'.
e: file:///Users/HONGBGU/Documents/seadroid/app/src/main/java/com/seafile/seadroid2/ui/media/image/PhotoFragment.kt:206:31 Unresolved reference 'R'.
e: file:///Users/HONGBGU/Documents/seadroid/app/src/main/java/com/seafile/seadroid2/ui/media/image/PhotoFragment.kt:207:14 Unresolved reference 'setForegroundColor'.
e: file:///Users/HONGBGU/Documents/seadroid/app/src/main/java/com/seafile/seadroid2/ui/media/image/PhotoFragment.kt:207:33 Unresolved reference 'requireContext'.
e: file:///Users/HONGBGU/Documents/seadroid/app/src/main/java/com/seafile/seadroid2/ui/media/image/PhotoFragment.kt:207:82 Unresolved reference 'R'.
e: file:///Users/HONGBGU/Documents/seadroid/app/src/main/java/com/seafile/seadroid2/ui/media/image/PhotoFragment.kt:207:113 Unresolved reference 'R'.
e: file:///Users/HONGBGU/Documents/seadroid/app/src/main/java/com/seafile/seadroid2/ui/media/image/PhotoFragment.kt:210:14 Overload resolution ambiguity between candidates:
@RecentlyNonNull() fun append(@RecentlyNullable() p0: Any!): StringBuilder!
@RecentlyNonNull() fun append(@RecentlyNullable() p0: String!): StringBuilder!
@RecentlyNonNull() fun append(@RecentlyNullable() p0: StringBuffer!): StringBuilder!
@RecentlyNonNull() fun append(@RecentlyNullable() p0: CharSequence!): StringBuilder!
@RecentlyNonNull() fun append(p0: CharArray!): StringBuilder!
@RecentlyNonNull() fun append(p0: Boolean): StringBuilder!
@RecentlyNonNull() fun append(p0: Char): StringBuilder!
@RecentlyNonNull() fun append(p0: Int): StringBuilder!
@RecentlyNonNull() fun append(p0: Long): StringBuilder!
@RecentlyNonNull() fun append(p0: Float): StringBuilder!
@RecentlyNonNull() fun append(p0: Double): StringBuilder!
e: file:///Users/HONGBGU/Documents/seadroid/app/src/main/java/com/seafile/seadroid2/ui/media/image/PhotoFragment.kt:210:21 Unresolved reference 'getString'.
e: file:///Users/HONGBGU/Documents/seadroid/app/src/main/java/com/seafile/seadroid2/ui/media/image/PhotoFragment.kt:210:31 Unresolved reference 'R'.
e: file:///Users/HONGBGU/Documents/seadroid/app/src/main/java/com/seafile/seadroid2/ui/media/image/PhotoFragment.kt:211:14 Unresolved reference 'setClickSpan'.
e: file:///Users/HONGBGU/Documents/seadroid/app/src/main/java/com/seafile/seadroid2/ui/media/image/PhotoFragment.kt:212:17 Unresolved reference 'requireContext'.
e: file:///Users/HONGBGU/Documents/seadroid/app/src/main/java/com/seafile/seadroid2/ui/media/image/PhotoFragment.kt:212:49 Unresolved reference 'R'.
e: file:///Users/HONGBGU/Documents/seadroid/app/src/main/java/com/seafile/seadroid2/ui/media/image/PhotoFragment.kt:214:26 Unresolved reference 'View'.
e: file:///Users/HONGBGU/Documents/seadroid/app/src/main/java/com/seafile/seadroid2/ui/media/image/PhotoFragment.kt:215:21 'onClick' overrides nothing.
e: file:///Users/HONGBGU/Documents/seadroid/app/src/main/java/com/seafile/seadroid2/ui/media/image/PhotoFragment.kt:215:45 Unresolved reference 'View'.
e: file:///Users/HONGBGU/Documents/seadroid/app/src/main/java/com/seafile/seadroid2/ui/media/image/PhotoFragment.kt:230:56 Argument type mismatch: actual type is 'com.seafile.seadroid2.ui.media.image.<anonymous>', but 'com.seafile.seadroid2.view.photoview.OnViewActionEndListener?' was expected.
e: file:///Users/HONGBGU/Documents/seadroid/app/src/main/java/com/seafile/seadroid2/ui/media/image/PhotoFragment.kt:230:65 Unresolved reference 'OnViewActionEndListener'.
e: file:///Users/HONGBGU/Documents/seadroid/app/src/main/java/com/seafile/seadroid2/ui/media/image/PhotoFragment.kt:231:13 'onEnd' overrides nothing.
e: file:///Users/HONGBGU/Documents/seadroid/app/src/main/java/com/seafile/seadroid2/ui/media/image/PhotoFragment.kt:236:51 Argument type mismatch: actual type is 'com.seafile.seadroid2.ui.media.image.<anonymous>', but 'com.seafile.seadroid2.view.photoview.OnPhotoTapListener?' was expected.
e: file:///Users/HONGBGU/Documents/seadroid/app/src/main/java/com/seafile/seadroid2/ui/media/image/PhotoFragment.kt:236:60 Unresolved reference 'OnPhotoTapListener'.
e: file:///Users/HONGBGU/Documents/seadroid/app/src/main/java/com/seafile/seadroid2/ui/media/image/PhotoFragment.kt:237:13 'onPhotoTap' overrides nothing.
e: file:///Users/HONGBGU/Documents/seadroid/app/src/main/java/com/seafile/seadroid2/ui/media/image/PhotoFragment.kt:243:40 Unresolved reference 'onPhotoTap'.
e: file:///Users/HONGBGU/Documents/seadroid/app/src/main/java/com/seafile/seadroid2/ui/media/image/PhotoFragment.kt:248:51 Argument type mismatch: actual type is 'com.seafile.seadroid2.ui.media.image.<anonymous>', but 'com.seafile.seadroid2.view.photoview.OnViewDragListener?' was expected.
e: file:///Users/HONGBGU/Documents/seadroid/app/src/main/java/com/seafile/seadroid2/ui/media/image/PhotoFragment.kt:248:60 Unresolved reference 'OnViewDragListener'.
e: file:///Users/HONGBGU/Documents/seadroid/app/src/main/java/com/seafile/seadroid2/ui/media/image/PhotoFragment.kt:249:13 'onDrag' overrides nothing.
e: file:///Users/HONGBGU/Documents/seadroid/app/src/main/java/com/seafile/seadroid2/ui/media/image/PhotoFragment.kt:249:44 Unresolved reference 'ScrollDirection'.
e: file:///Users/HONGBGU/Documents/seadroid/app/src/main/java/com/seafile/seadroid2/ui/media/image/PhotoFragment.kt:260:18 Unresolved reference 'FrameLayout'.
e: file:///Users/HONGBGU/Documents/seadroid/app/src/main/java/com/seafile/seadroid2/ui/media/image/PhotoFragment.kt:261:57 Unresolved reference 'FrameLayout'.
e: file:///Users/HONGBGU/Documents/seadroid/app/src/main/java/com/seafile/seadroid2/ui/media/image/PhotoFragment.kt:262:13 Unresolved reference 'height'.
e: file:///Users/HONGBGU/Documents/seadroid/app/src/main/java/com/seafile/seadroid2/ui/media/image/PhotoFragment.kt:266:63 Argument type mismatch: actual type is 'com.seafile.seadroid2.ui.media.image.<anonymous>', but 'com.seafile.seadroid2.view.photoview.OnViewActionEndListener?' was expected.
e: file:///Users/HONGBGU/Documents/seadroid/app/src/main/java/com/seafile/seadroid2/ui/media/image/PhotoFragment.kt:266:72 Unresolved reference 'OnViewActionEndListener'.
e: file:///Users/HONGBGU/Documents/seadroid/app/src/main/java/com/seafile/seadroid2/ui/media/image/PhotoFragment.kt:267:13 'onEnd' overrides nothing.
e: file:///Users/HONGBGU/Documents/seadroid/app/src/main/java/com/seafile/seadroid2/ui/media/image/PhotoFragment.kt:272:58 Argument type mismatch: actual type is 'com.seafile.seadroid2.ui.media.image.<anonymous>', but 'com.seafile.seadroid2.view.photoview.OnViewDragListener?' was expected.
e: file:///Users/HONGBGU/Documents/seadroid/app/src/main/java/com/seafile/seadroid2/ui/media/image/PhotoFragment.kt:272:67 Unresolved reference 'OnViewDragListener'.
e: file:///Users/HONGBGU/Documents/seadroid/app/src/main/java/com/seafile/seadroid2/ui/media/image/PhotoFragment.kt:273:13 'onDrag' overrides nothing.
e: file:///Users/HONGBGU/Documents/seadroid/app/src/main/java/com/seafile/seadroid2/ui/media/image/PhotoFragment.kt:273:44 Unresolved reference 'ScrollDirection'.
e: file:///Users/HONGBGU/Documents/seadroid/app/src/main/java/com/seafile/seadroid2/ui/media/image/PhotoFragment.kt:275:34 Unresolved reference 'ScrollDirection'.
e: file:///Users/HONGBGU/Documents/seadroid/app/src/main/java/com/seafile/seadroid2/ui/media/image/PhotoFragment.kt:275:72 Unresolved reference 'ScrollDirection'.
e: file:///Users/HONGBGU/Documents/seadroid/app/src/main/java/com/seafile/seadroid2/ui/media/image/PhotoFragment.kt:291:37 Unresolved reference 'ScreenUtils'.
e: file:///Users/HONGBGU/Documents/seadroid/app/src/main/java/com/seafile/seadroid2/ui/media/image/PhotoFragment.kt:306:40 Unresolved reference 'SizeUtils'.
e: file:///Users/HONGBGU/Documents/seadroid/app/src/main/java/com/seafile/seadroid2/ui/media/image/PhotoFragment.kt:317:30 Unresolved reference 'ScrollDirection'.
e: file:///Users/HONGBGU/Documents/seadroid/app/src/main/java/com/seafile/seadroid2/ui/media/image/PhotoFragment.kt:319:31 Unresolved reference 'ScrollDirection'.
e: file:///Users/HONGBGU/Documents/seadroid/app/src/main/java/com/seafile/seadroid2/ui/media/image/PhotoFragment.kt:321:31 Unresolved reference 'ScrollDirection'.
e: file:///Users/HONGBGU/Documents/seadroid/app/src/main/java/com/seafile/seadroid2/ui/media/image/PhotoFragment.kt:329:17 Unresolved reference 'ScrollStatus'.
e: file:///Users/HONGBGU/Documents/seadroid/app/src/main/java/com/seafile/seadroid2/ui/media/image/PhotoFragment.kt:349:13 Unresolved reference 'ScrollStatus'.
e: file:///Users/HONGBGU/Documents/seadroid/app/src/main/java/com/seafile/seadroid2/ui/media/image/PhotoFragment.kt:358:50 Unresolved reference 'ScrollDirection'.
e: file:///Users/HONGBGU/Documents/seadroid/app/src/main/java/com/seafile/seadroid2/ui/media/image/PhotoFragment.kt:378:13 Unresolved reference 'ScrollStatus'.
e: file:///Users/HONGBGU/Documents/seadroid/app/src/main/java/com/seafile/seadroid2/ui/media/image/PhotoFragment.kt:414:30 Unresolved reference 'RectF'.
e: file:///Users/HONGBGU/Documents/seadroid/app/src/main/java/com/seafile/seadroid2/ui/media/image/PhotoFragment.kt:416:56 Unresolved reference 'top'.
e: file:///Users/HONGBGU/Documents/seadroid/app/src/main/java/com/seafile/seadroid2/ui/media/image/PhotoFragment.kt:416:74 Unresolved reference 'bottom'.
e: file:///Users/HONGBGU/Documents/seadroid/app/src/main/java/com/seafile/seadroid2/ui/media/image/PhotoFragment.kt:416:82 None of the following candidates is applicable:
@InlineOnly() fun BigDecimal.div(other: BigDecimal): BigDecimal
@InlineOnly() fun BigInteger.div(other: BigInteger): BigInteger
e: file:///Users/HONGBGU/Documents/seadroid/app/src/main/java/com/seafile/seadroid2/ui/media/image/PhotoFragment.kt:439:54 Unresolved reference 'View'.
e: file:///Users/HONGBGU/Documents/seadroid/app/src/main/java/com/seafile/seadroid2/ui/media/image/PhotoFragment.kt:440:49 Unresolved reference 'View'.
e: file:///Users/HONGBGU/Documents/seadroid/app/src/main/java/com/seafile/seadroid2/ui/media/image/PhotoFragment.kt:443:52 Unresolved reference 'View'.
e: file:///Users/HONGBGU/Documents/seadroid/app/src/main/java/com/seafile/seadroid2/ui/media/image/PhotoFragment.kt:444:47 Unresolved reference 'View'.
e: file:///Users/HONGBGU/Documents/seadroid/app/src/main/java/com/seafile/seadroid2/ui/media/image/PhotoFragment.kt:447:13 Unresolved reference 'not' for operator '!'.
e: file:///Users/HONGBGU/Documents/seadroid/app/src/main/java/com/seafile/seadroid2/ui/media/image/PhotoFragment.kt:447:14 Unresolved reference 'TextUtils'.
e: file:///Users/HONGBGU/Documents/seadroid/app/src/main/java/com/seafile/seadroid2/ui/media/image/PhotoFragment.kt:453:48 Argument type mismatch: actual type is 'kotlin.String?', but 'kotlin.String' was expected.
e: file:///Users/HONGBGU/Documents/seadroid/app/src/main/java/com/seafile/seadroid2/ui/media/image/PhotoFragment.kt:457:18 None of the following candidates is applicable:
@NonNull() static fun with(@NonNull() context: Context): GlideRequests
@Deprecated(...) @NonNull() static fun with(@NonNull() activity: Activity): GlideRequests
@NonNull() static fun with(@NonNull() activity: FragmentActivity): GlideRequests
@NonNull() static fun with(@NonNull() fragment: Fragment): GlideRequests
@Deprecated(...) @NonNull() static fun with(@NonNull() fragment: Fragment): GlideRequests
@NonNull() static fun with(@NonNull() view: View): GlideRequests
e: file:///Users/HONGBGU/Documents/seadroid/app/src/main/java/com/seafile/seadroid2/ui/media/image/PhotoFragment.kt:458:14 Unresolved reference 'load'.
e: file:///Users/HONGBGU/Documents/seadroid/app/src/main/java/com/seafile/seadroid2/ui/media/image/PhotoFragment.kt:459:32 Unresolved reference 'DiskCacheStrategy'.
e: file:///Users/HONGBGU/Documents/seadroid/app/src/main/java/com/seafile/seadroid2/ui/media/image/PhotoFragment.kt:460:25 Unresolved reference 'DrawableTransitionOptions'.
e: file:///Users/HONGBGU/Documents/seadroid/app/src/main/java/com/seafile/seadroid2/ui/media/image/PhotoFragment.kt:461:32 Unresolved reference 'RequestListener'.
e: file:///Users/HONGBGU/Documents/seadroid/app/src/main/java/com/seafile/seadroid2/ui/media/image/PhotoFragment.kt:461:48 Unresolved reference 'Drawable'.
e: file:///Users/HONGBGU/Documents/seadroid/app/src/main/java/com/seafile/seadroid2/ui/media/image/PhotoFragment.kt:462:17 'onLoadFailed' overrides nothing.
e: file:///Users/HONGBGU/Documents/seadroid/app/src/main/java/com/seafile/seadroid2/ui/media/image/PhotoFragment.kt:463:24 Unresolved reference 'GlideException'.
e: file:///Users/HONGBGU/Documents/seadroid/app/src/main/java/com/seafile/seadroid2/ui/media/image/PhotoFragment.kt:465:36 Unresolved reference 'Drawable'.
e: file:///Users/HONGBGU/Documents/seadroid/app/src/main/java/com/seafile/seadroid2/ui/media/image/PhotoFragment.kt:468:57 Unresolved reference 'View'.
e: file:///Users/HONGBGU/Documents/seadroid/app/src/main/java/com/seafile/seadroid2/ui/media/image/PhotoFragment.kt:469:55 Unresolved reference 'View'.
e: file:///Users/HONGBGU/Documents/seadroid/app/src/main/java/com/seafile/seadroid2/ui/media/image/PhotoFragment.kt:473:17 'onResourceReady' overrides nothing.
e: file:///Users/HONGBGU/Documents/seadroid/app/src/main/java/com/seafile/seadroid2/ui/media/image/PhotoFragment.kt:474:31 Unresolved reference 'Drawable'.
e: file:///Users/HONGBGU/Documents/seadroid/app/src/main/java/com/seafile/seadroid2/ui/media/image/PhotoFragment.kt:476:36 Unresolved reference 'Drawable'.
e: file:///Users/HONGBGU/Documents/seadroid/app/src/main/java/com/seafile/seadroid2/ui/media/image/PhotoFragment.kt:480:57 Unresolved reference 'View'.
e: file:///Users/HONGBGU/Documents/seadroid/app/src/main/java/com/seafile/seadroid2/ui/media/image/PhotoFragment.kt:515:18 None of the following candidates is applicable:
@NonNull() static fun with(@NonNull() context: Context): GlideRequests
@Deprecated(...) @NonNull() static fun with(@NonNull() activity: Activity): GlideRequests
@NonNull() static fun with(@NonNull() activity: FragmentActivity): GlideRequests
@NonNull() static fun with(@NonNull() fragment: Fragment): GlideRequests
@Deprecated(...) @NonNull() static fun with(@NonNull() fragment: Fragment): GlideRequests
@NonNull() static fun with(@NonNull() view: View): GlideRequests
e: file:///Users/HONGBGU/Documents/seadroid/app/src/main/java/com/seafile/seadroid2/ui/media/image/PhotoFragment.kt:516:14 Unresolved reference 'load'.
e: file:///Users/HONGBGU/Documents/seadroid/app/src/main/java/com/seafile/seadroid2/ui/media/image/PhotoFragment.kt:517:32 Unresolved reference 'DiskCacheStrategy'.
e: file:///Users/HONGBGU/Documents/seadroid/app/src/main/java/com/seafile/seadroid2/ui/media/image/PhotoFragment.kt:518:25 Unresolved reference 'DrawableTransitionOptions'.
e: file:///Users/HONGBGU/Documents/seadroid/app/src/main/java/com/seafile/seadroid2/ui/media/image/PhotoFragment.kt:519:32 Unresolved reference 'RequestListener'.
e: file:///Users/HONGBGU/Documents/seadroid/app/src/main/java/com/seafile/seadroid2/ui/media/image/PhotoFragment.kt:519:48 Unresolved reference 'Drawable'.
e: file:///Users/HONGBGU/Documents/seadroid/app/src/main/java/com/seafile/seadroid2/ui/media/image/PhotoFragment.kt:520:17 'onLoadFailed' overrides nothing.
e: file:///Users/HONGBGU/Documents/seadroid/app/src/main/java/com/seafile/seadroid2/ui/media/image/PhotoFragment.kt:521:24 Unresolved reference 'GlideException'.
e: file:///Users/HONGBGU/Documents/seadroid/app/src/main/java/com/seafile/seadroid2/ui/media/image/PhotoFragment.kt:523:36 Unresolved reference 'Drawable'.
e: file:///Users/HONGBGU/Documents/seadroid/app/src/main/java/com/seafile/seadroid2/ui/media/image/PhotoFragment.kt:526:57 Unresolved reference 'View'.
e: file:///Users/HONGBGU/Documents/seadroid/app/src/main/java/com/seafile/seadroid2/ui/media/image/PhotoFragment.kt:527:55 Unresolved reference 'View'.
e: file:///Users/HONGBGU/Documents/seadroid/app/src/main/java/com/seafile/seadroid2/ui/media/image/PhotoFragment.kt:531:17 'onResourceReady' overrides nothing.
e: file:///Users/HONGBGU/Documents/seadroid/app/src/main/java/com/seafile/seadroid2/ui/media/image/PhotoFragment.kt:532:31 Unresolved reference 'Drawable'.
e: file:///Users/HONGBGU/Documents/seadroid/app/src/main/java/com/seafile/seadroid2/ui/media/image/PhotoFragment.kt:534:36 Unresolved reference 'Drawable'.
e: file:///Users/HONGBGU/Documents/seadroid/app/src/main/java/com/seafile/seadroid2/ui/media/image/PhotoFragment.kt:538:57 Unresolved reference 'View'.
e: file:///Users/HONGBGU/Documents/seadroid/app/src/main/java/com/seafile/seadroid2/ui/media/image/PhotoFragment.kt:543:25 Unresolved reference 'Logs'.
e: file:///Users/HONGBGU/Documents/seadroid/app/src/main/java/com/seafile/seadroid2/ui/media/image/PhotoFragment.kt:552:18 None of the following candidates is applicable:
@NonNull() static fun with(@NonNull() context: Context): GlideRequests
@Deprecated(...) @NonNull() static fun with(@NonNull() activity: Activity): GlideRequests
@NonNull() static fun with(@NonNull() activity: FragmentActivity): GlideRequests
@NonNull() static fun with(@NonNull() fragment: Fragment): GlideRequests
@Deprecated(...) @NonNull() static fun with(@NonNull() fragment: Fragment): GlideRequests
@NonNull() static fun with(@NonNull() view: View): GlideRequests
e: file:///Users/HONGBGU/Documents/seadroid/app/src/main/java/com/seafile/seadroid2/ui/media/image/PhotoFragment.kt:553:14 Unresolved reference 'asGif'.
e: file:///Users/HONGBGU/Documents/seadroid/app/src/main/java/com/seafile/seadroid2/ui/media/image/PhotoFragment.kt:555:32 Unresolved reference 'DiskCacheStrategy'.
e: file:///Users/HONGBGU/Documents/seadroid/app/src/main/java/com/seafile/seadroid2/ui/media/image/PhotoFragment.kt:557:32 Unresolved reference 'RequestListener'.
e: file:///Users/HONGBGU/Documents/seadroid/app/src/main/java/com/seafile/seadroid2/ui/media/image/PhotoFragment.kt:557:48 Unresolved reference 'GifDrawable'.
e: file:///Users/HONGBGU/Documents/seadroid/app/src/main/java/com/seafile/seadroid2/ui/media/image/PhotoFragment.kt:558:17 'onLoadFailed' overrides nothing.
e: file:///Users/HONGBGU/Documents/seadroid/app/src/main/java/com/seafile/seadroid2/ui/media/image/PhotoFragment.kt:559:24 Unresolved reference 'GlideException'.
e: file:///Users/HONGBGU/Documents/seadroid/app/src/main/java/com/seafile/seadroid2/ui/media/image/PhotoFragment.kt:561:36 Unresolved reference 'GifDrawable'.
e: file:///Users/HONGBGU/Documents/seadroid/app/src/main/java/com/seafile/seadroid2/ui/media/image/PhotoFragment.kt:564:57 Unresolved reference 'View'.
e: file:///Users/HONGBGU/Documents/seadroid/app/src/main/java/com/seafile/seadroid2/ui/media/image/PhotoFragment.kt:565:55 Unresolved reference 'View'.
e: file:///Users/HONGBGU/Documents/seadroid/app/src/main/java/com/seafile/seadroid2/ui/media/image/PhotoFragment.kt:569:17 'onResourceReady' overrides nothing.
e: file:///Users/HONGBGU/Documents/seadroid/app/src/main/java/com/seafile/seadroid2/ui/media/image/PhotoFragment.kt:570:31 Unresolved reference 'GifDrawable'.
e: file:///Users/HONGBGU/Documents/seadroid/app/src/main/java/com/seafile/seadroid2/ui/media/image/PhotoFragment.kt:572:36 Unresolved reference 'GifDrawable'.
e: file:///Users/HONGBGU/Documents/seadroid/app/src/main/java/com/seafile/seadroid2/ui/media/image/PhotoFragment.kt:576:57 Unresolved reference 'View'.
e: file:///Users/HONGBGU/Documents/seadroid/app/src/main/java/com/seafile/seadroid2/ui/media/image/PhotoFragment.kt:578:21 Unresolved reference 'Logs'.
e: file:///Users/HONGBGU/Documents/seadroid/app/src/main/java/com/seafile/seadroid2/ui/media/image/PhotoFragment.kt:590:13 Unresolved reference 'TextUtils'.
e: file:///Users/HONGBGU/Documents/seadroid/app/src/main/java/com/seafile/seadroid2/ui/media/image/PhotoFragment.kt:594:26 Unresolved reference 'MimeTypeMap'.
e: file:///Users/HONGBGU/Documents/seadroid/app/src/main/java/com/seafile/seadroid2/ui/media/image/PhotoFragment.kt:595:29 Unresolved reference 'MimeTypeMap'.
e: file:///Users/HONGBGU/Documents/seadroid/app/src/main/java/com/seafile/seadroid2/ui/media/image/PhotoFragment.kt:600:13 Unresolved reference 'TextUtils'.
e: file:///Users/HONGBGU/Documents/seadroid/app/src/main/java/com/seafile/seadroid2/ui/media/image/PhotoFragment.kt:604:47 Too many arguments for 'private final fun com/seafile/seadroid2/ui/media/image/PhotoFragment.convertThumbnailUrl(fullPath: kotlin/String?): kotlin/String?'.
e: file:///Users/HONGBGU/Documents/seadroid/app/src/main/java/com/seafile/seadroid2/ui/media/image/PhotoFragment.kt:604:55 Too many arguments for 'private final fun com/seafile/seadroid2/ui/media/image/PhotoFragment.convertThumbnailUrl(fullPath: kotlin/String?): kotlin/String?'.
e: file:///Users/HONGBGU/Documents/seadroid/app/src/main/java/com/seafile/seadroid2/ui/media/image/PhotoFragment.kt:619:13 Unresolved reference 'Logs'.
e: file:///Users/HONGBGU/Documents/seadroid/app/src/main/java/com/seafile/seadroid2/ui/media/image/PhotoFragment.kt:620:17 Unresolved reference 'not' for operator '!'.
e: file:///Users/HONGBGU/Documents/seadroid/app/src/main/java/com/seafile/seadroid2/ui/media/image/PhotoFragment.kt:620:18 Unresolved reference 'TextUtils'.
e: file:///Users/HONGBGU/Documents/seadroid/app/src/main/java/com/seafile/seadroid2/ui/media/image/PhotoFragment.kt:626:17 Unresolved reference 'TextUtils'.
e: file:///Users/HONGBGU/Documents/seadroid/app/src/main/java/com/seafile/seadroid2/ui/media/image/PhotoFragment.kt:629:13 Unresolved reference 'Logs'.
e: file:///Users/HONGBGU/Documents/seadroid/app/src/main/java/com/seafile/seadroid2/ui/media/image/PhotoFragment.kt:630:17 Unresolved reference 'not' for operator '!'.
e: file:///Users/HONGBGU/Documents/seadroid/app/src/main/java/com/seafile/seadroid2/ui/media/image/PhotoFragment.kt:630:18 Unresolved reference 'TextUtils'.
e: file:///Users/HONGBGU/Documents/seadroid/app/src/main/java/com/seafile/seadroid2/ui/media/image/PhotoFragment.kt:642:13 Unresolved reference 'Logs'.
e: file:///Users/HONGBGU/Documents/seadroid/app/src/main/java/com/seafile/seadroid2/ui/media/image/PhotoFragment.kt:646:13 Unresolved reference 'Logs'.
e: file:///Users/HONGBGU/Documents/seadroid/app/src/main/java/com/seafile/seadroid2/ui/media/image/PhotoFragment.kt:647:17 Unresolved reference 'not' for operator '!'.
e: file:///Users/HONGBGU/Documents/seadroid/app/src/main/java/com/seafile/seadroid2/ui/media/image/PhotoFragment.kt:647:18 Unresolved reference 'TextUtils'.
e: file:///Users/HONGBGU/Documents/seadroid/app/src/main/java/com/seafile/seadroid2/ui/media/image/PhotoFragment.kt:664:13 Unresolved reference 'Logs'.
e: file:///Users/HONGBGU/Documents/seadroid/app/src/main/java/com/seafile/seadroid2/ui/media/image/PhotoFragment.kt:665:17 Unresolved reference 'not' for operator '!'.
e: file:///Users/HONGBGU/Documents/seadroid/app/src/main/java/com/seafile/seadroid2/ui/media/image/PhotoFragment.kt:665:18 Unresolved reference 'TextUtils'.
e: file:///Users/HONGBGU/Documents/seadroid/app/src/main/java/com/seafile/seadroid2/ui/media/image/PhotoFragment.kt:671:13 Unresolved reference 'Logs'.
e: file:///Users/HONGBGU/Documents/seadroid/app/src/main/java/com/seafile/seadroid2/ui/media/image/PhotoFragment.kt:672:17 Unresolved reference 'not' for operator '!'.
e: file:///Users/HONGBGU/Documents/seadroid/app/src/main/java/com/seafile/seadroid2/ui/media/image/PhotoFragment.kt:672:18 Unresolved reference 'TextUtils'.
e: file:///Users/HONGBGU/Documents/seadroid/app/src/main/java/com/seafile/seadroid2/ui/media/image/PhotoFragment.kt:678:13 Unresolved reference 'Logs'.
e: file:///Users/HONGBGU/Documents/seadroid/app/src/main/java/com/seafile/seadroid2/ui/media/image/PhotoFragment.kt:679:17 Unresolved reference 'not' for operator '!'.
e: file:///Users/HONGBGU/Documents/seadroid/app/src/main/java/com/seafile/seadroid2/ui/media/image/PhotoFragment.kt:679:18 Unresolved reference 'TextUtils'.
e: file:///Users/HONGBGU/Documents/seadroid/app/src/main/java/com/seafile/seadroid2/ui/media/image/PhotoFragment.kt:686:13 Unresolved reference 'Logs'.
e: file:///Users/HONGBGU/Documents/seadroid/app/src/main/java/com/seafile/seadroid2/ui/media/image/PhotoFragment.kt:687:17 Unresolved reference 'TextUtils'.
e: file:///Users/HONGBGU/Documents/seadroid/app/src/main/java/com/seafile/seadroid2/ui/media/image/PhotoFragment.kt:700:17 Unresolved reference 'Logs'.
e: file:///Users/HONGBGU/Documents/seadroid/app/src/main/java/com/seafile/seadroid2/ui/media/image/PhotoFragment.kt:719:13 Unresolved reference 'TextUtils'.
e: file:///Users/HONGBGU/Documents/seadroid/app/src/main/java/com/seafile/seadroid2/ui/media/image/PhotoFragment.kt:732:19 Unresolved reference 'View'.
e: file:///Users/HONGBGU/Documents/seadroid/app/src/main/java/com/seafile/seadroid2/ui/media/image/PhotoFragment.kt:733:13 Unresolved reference 'LayoutInflater'.
e: file:///Users/HONGBGU/Documents/seadroid/app/src/main/java/com/seafile/seadroid2/ui/media/image/PhotoFragment.kt:733:33 Unresolved reference 'requireContext'.
e: file:///Users/HONGBGU/Documents/seadroid/app/src/main/java/com/seafile/seadroid2/ui/media/image/PhotoFragment.kt:733:59 Unresolved reference 'R'.
e: file:///Users/HONGBGU/Documents/seadroid/app/src/main/java/com/seafile/seadroid2/ui/media/image/PhotoFragment.kt:736:32 Unresolved reference 'getResources'.
e: file:///Users/HONGBGU/Documents/seadroid/app/src/main/java/com/seafile/seadroid2/ui/media/image/PhotoFragment.kt:736:57 Unresolved reference 'R'.
e: file:///Users/HONGBGU/Documents/seadroid/app/src/main/java/com/seafile/seadroid2/ui/media/image/PhotoFragment.kt:737:31 Unresolved reference 'getResources'.
e: file:///Users/HONGBGU/Documents/seadroid/app/src/main/java/com/seafile/seadroid2/ui/media/image/PhotoFragment.kt:737:56 Unresolved reference 'R'.
e: file:///Users/HONGBGU/Documents/seadroid/app/src/main/java/com/seafile/seadroid2/ui/media/image/PhotoFragment.kt:738:51 Overload resolution ambiguity between candidates:
fun String?.plus(other: Any?): String
fun <T> Array<T>.plus(element: T): Array<T>
fun <T> Collection<T>.plus(element: T): List<T>
fun <T> Iterable<T>.plus(element: T): List<T>
fun <T> Set<T>.plus(element: T): Set<T>
fun <T> Sequence<T>.plus(element: T): Sequence<T>
@InlineOnly() fun Char.plus(other: String): String
e: file:///Users/HONGBGU/Documents/seadroid/app/src/main/java/com/seafile/seadroid2/ui/media/image/PhotoFragment.kt:739:48 Overload resolution ambiguity between candidates:
fun String?.plus(other: Any?): String
fun <T> Array<T>.plus(element: T): Array<T>
fun <T> Collection<T>.plus(element: T): List<T>
fun <T> Iterable<T>.plus(element: T): List<T>
fun <T> Set<T>.plus(element: T): Set<T>
fun <T> Sequence<T>.plus(element: T): Sequence<T>
@InlineOnly() fun Char.plus(other: String): String
e: file:///Users/HONGBGU/Documents/seadroid/app/src/main/java/com/seafile/seadroid2/ui/media/image/PhotoFragment.kt:742:34 Overload resolution ambiguity between candidates:
fun setText(p0: CharSequence!): Unit
fun setText(p0: Int): Unit
e: file:///Users/HONGBGU/Documents/seadroid/app/src/main/java/com/seafile/seadroid2/ui/media/image/PhotoFragment.kt:743:28 Overload resolution ambiguity between candidates:
fun setText(p0: CharSequence!): Unit
fun setText(p0: Int): Unit
e: file:///Users/HONGBGU/Documents/seadroid/app/src/main/java/com/seafile/seadroid2/ui/media/image/PhotoFragment.kt:746:13 Unresolved reference 'TextUtils'.
e: file:///Users/HONGBGU/Documents/seadroid/app/src/main/java/com/seafile/seadroid2/ui/media/image/PhotoFragment.kt:747:40 Overload resolution ambiguity between candidates:
fun setText(p0: CharSequence!): Unit
fun setText(p0: Int): Unit
e: file:///Users/HONGBGU/Documents/seadroid/app/src/main/java/com/seafile/seadroid2/ui/media/image/PhotoFragment.kt:747:48 Unresolved reference 'R'.
e: file:///Users/HONGBGU/Documents/seadroid/app/src/main/java/com/seafile/seadroid2/ui/media/image/PhotoFragment.kt:751:79 Overload resolution ambiguity between candidates:
fun setText(p0: CharSequence!): Unit
fun setText(p0: Int): Unit
e: file:///Users/HONGBGU/Documents/seadroid/app/src/main/java/com/seafile/seadroid2/ui/media/image/PhotoFragment.kt:751:87 Unresolved reference 'R'.
e: file:///Users/HONGBGU/Documents/seadroid/app/src/main/java/com/seafile/seadroid2/ui/media/image/PhotoFragment.kt:752:86 Overload resolution ambiguity between candidates:
fun setText(p0: CharSequence!): Unit
fun setText(p0: Int): Unit
e: file:///Users/HONGBGU/Documents/seadroid/app/src/main/java/com/seafile/seadroid2/ui/media/image/PhotoFragment.kt:752:94 Unresolved reference 'R'.
e: file:///Users/HONGBGU/Documents/seadroid/app/src/main/java/com/seafile/seadroid2/ui/media/image/PhotoFragment.kt:753:52 Overload resolution ambiguity between candidates:
fun setText(p0: CharSequence!): Unit
fun setText(p0: Int): Unit
e: file:///Users/HONGBGU/Documents/seadroid/app/src/main/java/com/seafile/seadroid2/ui/media/image/PhotoFragment.kt:753:60 Unresolved reference 'R'.
e: file:///Users/HONGBGU/Documents/seadroid/app/src/main/java/com/seafile/seadroid2/ui/media/image/PhotoFragment.kt:758:13 Unresolved reference 'TextUtils'.
e: file:///Users/HONGBGU/Documents/seadroid/app/src/main/java/com/seafile/seadroid2/ui/media/image/PhotoFragment.kt:769:17 Unresolved reference 'Logs'.
e: file:///Users/HONGBGU/Documents/seadroid/app/src/main/java/com/seafile/seadroid2/ui/media/image/PhotoFragment.kt:777:13 Unresolved reference 'TextUtils'.
e: file:///Users/HONGBGU/Documents/seadroid/app/src/main/java/com/seafile/seadroid2/ui/media/image/PhotoFragment.kt:797:13 Unresolved reference 'TextUtils'.
e: file:///Users/HONGBGU/Documents/seadroid/app/src/main/java/com/seafile/seadroid2/ui/media/image/PhotoFragment.kt:804:13 Unresolved reference 'TextUtils'.
e: file:///Users/HONGBGU/Documents/seadroid/app/src/main/java/com/seafile/seadroid2/ui/media/image/PhotoFragment.kt:811:57 Unresolved reference 'R'.
e: file:///Users/HONGBGU/Documents/seadroid/app/src/main/java/com/seafile/seadroid2/ui/media/image/PhotoFragment.kt:812:57 Unresolved reference 'R'.
e: file:///Users/HONGBGU/Documents/seadroid/app/src/main/java/com/seafile/seadroid2/ui/media/image/PhotoFragment.kt:814:57 Unresolved reference 'R'.
e: file:///Users/HONGBGU/Documents/seadroid/app/src/main/java/com/seafile/seadroid2/ui/media/image/PhotoFragment.kt:815:57 Unresolved reference 'R'.
e: file:///Users/HONGBGU/Documents/seadroid/app/src/main/java/com/seafile/seadroid2/ui/media/image/PhotoFragment.kt:818:17 Unresolved reference 'LinearLayout'.
e: file:///Users/HONGBGU/Documents/seadroid/app/src/main/java/com/seafile/seadroid2/ui/media/image/PhotoFragment.kt:818:45 Unresolved reference 'LinearLayout'.
e: file:///Users/HONGBGU/Documents/seadroid/app/src/main/java/com/seafile/seadroid2/ui/media/image/PhotoFragment.kt:819:12 Unresolved reference 'topMargin'.
e: file:///Users/HONGBGU/Documents/seadroid/app/src/main/java/com/seafile/seadroid2/ui/media/image/PhotoFragment.kt:819:24 Unresolved reference 'DP'.
e: file:///Users/HONGBGU/Documents/seadroid/app/src/main/java/com/seafile/seadroid2/ui/media/image/PhotoFragment.kt:820:12 Unresolved reference 'leftMargin'.
e: file:///Users/HONGBGU/Documents/seadroid/app/src/main/java/com/seafile/seadroid2/ui/media/image/PhotoFragment.kt:820:25 Unresolved reference 'DP'.
e: file:///Users/HONGBGU/Documents/seadroid/app/src/main/java/com/seafile/seadroid2/ui/media/image/PhotoFragment.kt:821:12 Unresolved reference 'rightMargin'.
e: file:///Users/HONGBGU/Documents/seadroid/app/src/main/java/com/seafile/seadroid2/ui/media/image/PhotoFragment.kt:821:26 Unresolved reference 'DP'.
e: file:///Users/HONGBGU/Documents/seadroid/app/src/main/java/com/seafile/seadroid2/ui/media/image/PhotoFragment.kt:823:42 Overload resolution ambiguity between candidates:
fun addView(p0: View!, p1: Int): Unit
fun addView(p0: View!, p1: ViewGroup.LayoutParams!): Unit
e: file:///Users/HONGBGU/Documents/seadroid/app/src/main/java/com/seafile/seadroid2/ui/media/image/PhotoFragment.kt:830:23 Unresolved reference 'Bundle'.
e: file:///Users/HONGBGU/Documents/seadroid/app/src/main/java/com/seafile/seadroid2/ui/media/image/PhotoFragment.kt:830:32 Unresolved reference 'Bundle'.
e: file:///Users/HONGBGU/Documents/seadroid/app/src/main/java/com/seafile/seadroid2/ui/media/image/PhotoFragment.kt:831:18 Unresolved reference 'putString'.
e: file:///Users/HONGBGU/Documents/seadroid/app/src/main/java/com/seafile/seadroid2/ui/media/image/PhotoFragment.kt:833:22 Unresolved reference 'setArguments'.
e: file:///Users/HONGBGU/Documents/seadroid/app/src/main/java/com/seafile/seadroid2/ui/media/image/PhotoFragment.kt:843:23 Unresolved reference 'Bundle'.
e: file:///Users/HONGBGU/Documents/seadroid/app/src/main/java/com/seafile/seadroid2/ui/media/image/PhotoFragment.kt:843:32 Unresolved reference 'Bundle'.
e: file:///Users/HONGBGU/Documents/seadroid/app/src/main/java/com/seafile/seadroid2/ui/media/image/PhotoFragment.kt:844:18 Unresolved reference 'putString'.
e: file:///Users/HONGBGU/Documents/seadroid/app/src/main/java/com/seafile/seadroid2/ui/media/image/PhotoFragment.kt:845:18 Unresolved reference 'putString'.
e: file:///Users/HONGBGU/Documents/seadroid/app/src/main/java/com/seafile/seadroid2/ui/media/image/PhotoFragment.kt:846:18 Unresolved reference 'putString'.
e: file:///Users/HONGBGU/Documents/seadroid/app/src/main/java/com/seafile/seadroid2/ui/media/image/PhotoFragment.kt:847:18 Unresolved reference 'putString'.
e: file:///Users/HONGBGU/Documents/seadroid/app/src/main/java/com/seafile/seadroid2/ui/media/image/PhotoFragment.kt:849:22 Unresolved reference 'setArguments'.
e: file:///Users/HONGBGU/Documents/seadroid/app/src/main/java/com/seafile/seadroid2/ui/media/image/PhotoFragment.kt:853:58 Unresolved reference 'DirentModel'.
e: file:///Users/HONGBGU/Documents/seadroid/app/src/main/java/com/seafile/seadroid2/ui/media/image/PhotoFragment.kt:856:29 Unresolved reference 'repo_id'.
e: file:///Users/HONGBGU/Documents/seadroid/app/src/main/java/com/seafile/seadroid2/ui/media/image/PhotoFragment.kt:857:29 Unresolved reference 'repo_name'.
e: file:///Users/HONGBGU/Documents/seadroid/app/src/main/java/com/seafile/seadroid2/ui/media/image/PhotoFragment.kt:858:29 Unresolved reference 'full_path'.
e: file:///Users/HONGBGU/Documents/seadroid/app/src/main/java/com/seafile/seadroid2/ui/media/image/PhotoViewModel.kt:75:54 Initializer type mismatch: expected 'io.reactivex.Single<com.seafile.seadroid2.framework.model.sdoc.FileDetailModel?>', actual 'io.reactivex.Single<com.seafile.seadroid2.framework.model.sdoc.FileDetailModel?>?'.
e: file:///Users/HONGBGU/Documents/seadroid/app/src/main/java/com/seafile/seadroid2/ui/media/image/PhotoViewModel.kt:76:13 Only safe (?.) or non-null asserted (!!.) calls are allowed on a nullable receiver of type 'com.seafile.seadroid2.framework.http.HttpIO?'.
e: file:///Users/HONGBGU/Documents/seadroid/app/src/main/java/com/seafile/seadroid2/ui/media/image/PhotoViewModel.kt:76:36 Argument type mismatch: actual type is 'java.lang.Class<com.seafile.seadroid2.ui.sdoc.SDocService>', but 'java.lang.Class<T?>' was expected.
e: file:///Users/HONGBGU/Documents/seadroid/app/src/main/java/com/seafile/seadroid2/ui/media/image/PhotoViewModel.kt:77:13 Only safe (?.) or non-null asserted (!!.) calls are allowed on a nullable receiver of type 'com.seafile.seadroid2.ui.sdoc.SDocService?'.
e: file:///Users/HONGBGU/Documents/seadroid/app/src/main/java/com/seafile/seadroid2/ui/media/image/PhotoViewModel.kt:80:13 Only safe (?.) or non-null asserted (!!.) calls are allowed on a nullable receiver of type 'com.seafile.seadroid2.framework.http.HttpIO?'.
e: file:///Users/HONGBGU/Documents/seadroid/app/src/main/java/com/seafile/seadroid2/ui/media/image/PhotoViewModel.kt:80:36 Argument type mismatch: actual type is 'java.lang.Class<com.seafile.seadroid2.ui.sdoc.SDocService>', but 'java.lang.Class<T?>' was expected.
e: file:///Users/HONGBGU/Documents/seadroid/app/src/main/java/com/seafile/seadroid2/ui/media/image/PhotoViewModel.kt:81:13 Only safe (?.) or non-null asserted (!!.) calls are allowed on a nullable receiver of type 'com.seafile.seadroid2.ui.sdoc.SDocService?'.
e: file:///Users/HONGBGU/Documents/seadroid/app/src/main/java/com/seafile/seadroid2/ui/media/image/PhotoViewModel.kt:82:13 Only safe (?.) or non-null asserted (!!.) calls are allowed on a nullable receiver of type 'io.reactivex.Single<com.seafile.seadroid2.framework.model.sdoc.MetadataConfigModel?>?'.
e: file:///Users/HONGBGU/Documents/seadroid/app/src/main/java/com/seafile/seadroid2/ui/media/image/PhotoViewModel.kt:87:13 Class '<anonymous>' is not abstract and does not implement abstract member 'apply'.
e: file:///Users/HONGBGU/Documents/seadroid/app/src/main/java/com/seafile/seadroid2/ui/media/image/PhotoViewModel.kt:88:17 'apply' overrides nothing.
e: file:///Users/HONGBGU/Documents/seadroid/app/src/main/java/com/seafile/seadroid2/ui/media/image/PhotoViewModel.kt:132:29 Only safe (?.) or non-null asserted (!!.) calls are allowed on a nullable receiver of type 'com.seafile.seadroid2.framework.http.HttpIO?'.
e: file:///Users/HONGBGU/Documents/seadroid/app/src/main/java/com/seafile/seadroid2/ui/media/image/PhotoViewModel.kt:132:52 Argument type mismatch: actual type is 'java.lang.Class<com.seafile.seadroid2.ui.sdoc.SDocService>', but 'java.lang.Class<T?>' was expected.
e: file:///Users/HONGBGU/Documents/seadroid/app/src/main/java/com/seafile/seadroid2/ui/media/image/PhotoViewModel.kt:133:29 Only safe (?.) or non-null asserted (!!.) calls are allowed on a nullable receiver of type 'com.seafile.seadroid2.ui.sdoc.SDocService?'.
e: file:///Users/HONGBGU/Documents/seadroid/app/src/main/java/com/seafile/seadroid2/ui/media/image/PhotoViewModel.kt:143:29 Only safe (?.) or non-null asserted (!!.) calls are allowed on a nullable receiver of type 'com.seafile.seadroid2.framework.http.HttpIO?'.
e: file:///Users/HONGBGU/Documents/seadroid/app/src/main/java/com/seafile/seadroid2/ui/media/image/PhotoViewModel.kt:143:52 Argument type mismatch: actual type is 'java.lang.Class<com.seafile.seadroid2.ui.sdoc.SDocService>', but 'java.lang.Class<T?>' was expected.
e: file:///Users/HONGBGU/Documents/seadroid/app/src/main/java/com/seafile/seadroid2/ui/media/image/PhotoViewModel.kt:144:29 Only safe (?.) or non-null asserted (!!.) calls are allowed on a nullable receiver of type 'com.seafile.seadroid2.ui.sdoc.SDocService?'.
e: file:///Users/HONGBGU/Documents/seadroid/app/src/main/java/com/seafile/seadroid2/ui/media/image/PhotoViewModel.kt:145:29 Only safe (?.) or non-null asserted (!!.) calls are allowed on a nullable receiver of type 'io.reactivex.Single<com.seafile.seadroid2.framework.model.sdoc.FileRecordWrapperModel?>?'.
e: file:///Users/HONGBGU/Documents/seadroid/app/src/main/java/com/seafile/seadroid2/ui/media/image/PhotoViewModel.kt:154:29 Only safe (?.) or non-null asserted (!!.) calls are allowed on a nullable receiver of type 'com.seafile.seadroid2.framework.http.HttpIO?'.
e: file:///Users/HONGBGU/Documents/seadroid/app/src/main/java/com/seafile/seadroid2/ui/media/image/PhotoViewModel.kt:154:52 Argument type mismatch: actual type is 'java.lang.Class<com.seafile.seadroid2.ui.sdoc.SDocService>', but 'java.lang.Class<T?>' was expected.
e: file:///Users/HONGBGU/Documents/seadroid/app/src/main/java/com/seafile/seadroid2/ui/media/image/PhotoViewModel.kt:155:29 Only safe (?.) or non-null asserted (!!.) calls are allowed on a nullable receiver of type 'com.seafile.seadroid2.ui.sdoc.SDocService?'.
e: file:///Users/HONGBGU/Documents/seadroid/app/src/main/java/com/seafile/seadroid2/ui/media/image/PhotoViewModel.kt:156:29 Only safe (?.) or non-null asserted (!!.) calls are allowed on a nullable receiver of type 'io.reactivex.Single<com.seafile.seadroid2.framework.model.sdoc.FileTagWrapperModel?>?'.
e: file:///Users/HONGBGU/Documents/seadroid/app/src/main/java/com/seafile/seadroid2/ui/media/image/PhotoViewModel.kt:206:53 Unresolved reference 'parseByThrowable'.
e: file:///Users/HONGBGU/Documents/seadroid/app/src/main/java/com/seafile/seadroid2/ui/media/image/PhotoViewModel.kt:214:13 Initializer type mismatch: expected 'io.reactivex.Single<kotlin.collections.MutableList<com.seafile.seadroid2.framework.db.entities.DirentModel?>?>', actual 'io.reactivex.Single<kotlin.collections.MutableList<com.seafile.seadroid2.framework.db.entities.DirentModel?>?>?'.
e: file:///Users/HONGBGU/Documents/seadroid/app/src/main/java/com/seafile/seadroid2/ui/media/image/PhotoViewModel.kt:214:48 Only safe (?.) or non-null asserted (!!.) calls are allowed on a nullable receiver of type 'com.seafile.seadroid2.framework.db.AppDatabase?'.
e: file:///Users/HONGBGU/Documents/seadroid/app/src/main/java/com/seafile/seadroid2/ui/media/image/PhotoViewModel.kt:214:60 Only safe (?.) or non-null asserted (!!.) calls are allowed on a nullable receiver of type 'com.seafile.seadroid2.framework.db.dao.DirentDAO?'.
e: file:///Users/HONGBGU/Documents/seadroid/app/src/main/java/com/seafile/seadroid2/ui/media/image/PhotoViewModel.kt:216:13 Initializer type mismatch: expected 'io.reactivex.Single<kotlin.collections.MutableList<com.seafile.seadroid2.framework.db.entities.FileCacheStatusEntity?>?>', actual 'io.reactivex.Single<kotlin.collections.MutableList<com.seafile.seadroid2.framework.db.entities.FileCacheStatusEntity?>?>?'.
e: file:///Users/HONGBGU/Documents/seadroid/app/src/main/java/com/seafile/seadroid2/ui/media/image/PhotoViewModel.kt:216:48 Only safe (?.) or non-null asserted (!!.) calls are allowed on a nullable receiver of type 'com.seafile.seadroid2.framework.db.AppDatabase?'.
e: file:///Users/HONGBGU/Documents/seadroid/app/src/main/java/com/seafile/seadroid2/ui/media/image/PhotoViewModel.kt:216:69 Only safe (?.) or non-null asserted (!!.) calls are allowed on a nullable receiver of type 'com.seafile.seadroid2.framework.db.dao.FileCacheStatusDAO?'.
e: file:///Users/HONGBGU/Documents/seadroid/app/src/main/java/com/seafile/seadroid2/ui/media/image/PhotoViewModel.kt:221:17 Class '<anonymous>' is not abstract and does not implement abstract member 'apply'.
e: file:///Users/HONGBGU/Documents/seadroid/app/src/main/java/com/seafile/seadroid2/ui/media/image/PhotoViewModel.kt:224:21 'apply' overrides nothing.
e: file:///Users/HONGBGU/Documents/seadroid/app/src/main/java/com/seafile/seadroid2/ui/media/image/PhotoViewModel.kt:259:50 Initializer type mismatch: expected 'io.reactivex.Single<kotlin.String?>', actual 'io.reactivex.Single<kotlin.String?>?'.
e: file:///Users/HONGBGU/Documents/seadroid/app/src/main/java/com/seafile/seadroid2/ui/media/image/PhotoViewModel.kt:260:13 Only safe (?.) or non-null asserted (!!.) calls are allowed on a nullable receiver of type 'com.seafile.seadroid2.framework.http.HttpIO?'.
e: file:///Users/HONGBGU/Documents/seadroid/app/src/main/java/com/seafile/seadroid2/ui/media/image/PhotoViewModel.kt:260:36 Argument type mismatch: actual type is 'java.lang.Class<com.seafile.seadroid2.ui.file.FileService>', but 'java.lang.Class<T?>' was expected.
e: file:///Users/HONGBGU/Documents/seadroid/app/src/main/java/com/seafile/seadroid2/ui/media/image/PhotoViewModel.kt:261:13 Only safe (?.) or non-null asserted (!!.) calls are allowed on a nullable receiver of type 'com.seafile.seadroid2.ui.file.FileService?'.
e: file:///Users/HONGBGU/Documents/seadroid/app/src/main/java/com/seafile/seadroid2/ui/media/image/PhotoViewModel.kt:263:49 Class '<anonymous>' is not abstract and does not implement abstract member 'accept'.
e: file:///Users/HONGBGU/Documents/seadroid/app/src/main/java/com/seafile/seadroid2/ui/media/image/PhotoViewModel.kt:265:13 'accept' overrides nothing.
e: file:///Users/HONGBGU/Documents/seadroid/app/src/main/java/com/seafile/seadroid2/ui/media/image/PhotoViewModel.kt:283:50 Initializer type mismatch: expected 'io.reactivex.Single<kotlin.String?>', actual 'io.reactivex.Single<kotlin.String?>?'.
e: file:///Users/HONGBGU/Documents/seadroid/app/src/main/java/com/seafile/seadroid2/ui/media/image/PhotoViewModel.kt:284:13 Only safe (?.) or non-null asserted (!!.) calls are allowed on a nullable receiver of type 'com.seafile.seadroid2.framework.http.HttpIO?'.
e: file:///Users/HONGBGU/Documents/seadroid/app/src/main/java/com/seafile/seadroid2/ui/media/image/PhotoViewModel.kt:284:36 Argument type mismatch: actual type is 'java.lang.Class<com.seafile.seadroid2.ui.file.FileService>', but 'java.lang.Class<T?>' was expected.
e: file:///Users/HONGBGU/Documents/seadroid/app/src/main/java/com/seafile/seadroid2/ui/media/image/PhotoViewModel.kt:285:13 Only safe (?.) or non-null asserted (!!.) calls are allowed on a nullable receiver of type 'com.seafile.seadroid2.ui.file.FileService?'.
e: file:///Users/HONGBGU/Documents/seadroid/app/src/main/java/com/seafile/seadroid2/ui/media/image/PhotoViewModel.kt:305:31 Class '<anonymous>' is not abstract and does not implement abstract member 'apply'.
e: file:///Users/HONGBGU/Documents/seadroid/app/src/main/java/com/seafile/seadroid2/ui/media/image/PhotoViewModel.kt:307:17 'apply' overrides nothing.
e: file:///Users/HONGBGU/Documents/seadroid/app/src/main/java/com/seafile/seadroid2/ui/media/image/PhotoViewModel.kt:330:44 None of the following candidates is applicable:
@SinceKotlin(...) @InlineOnly() fun <V> KMutableProperty0<V>.setValue(thisRef: Any?, property: KProperty<*>, value: V): Unit
@SinceKotlin(...) @InlineOnly() fun <T, V> KMutableProperty1<T, V>.setValue(thisRef: T, property: KProperty<*>, value: V): Unit
@InlineOnly() fun <V> MutableMap<in String, in V>.setValue(thisRef: Any?, property: KProperty<*>, value: V): Unit
e: file:///Users/HONGBGU/Documents/seadroid/app/src/main/java/com/seafile/seadroid2/ui/media/image/PhotoViewModel.kt:344:66 Only safe (?.) or non-null asserted (!!.) calls are allowed on a nullable receiver of type 'com.seafile.seadroid2.account.SupportAccountManager?'.
e: file:///Users/HONGBGU/Documents/seadroid/app/src/main/java/com/seafile/seadroid2/ui/media/image/PhotoViewModel.kt:358:58 Only safe (?.) or non-null asserted (!!.) calls are allowed on a nullable receiver of type 'com.seafile.seadroid2.framework.http.HttpIO?'.
e: file:///Users/HONGBGU/Documents/seadroid/app/src/main/java/com/seafile/seadroid2/ui/media/image/PhotoViewModel.kt:421:64 Only safe (?.) or non-null asserted (!!.) calls are allowed on a nullable receiver of type 'com.seafile.seadroid2.framework.db.AppDatabase?'.
e: file:///Users/HONGBGU/Documents/seadroid/app/src/main/java/com/seafile/seadroid2/ui/media/image/PhotoViewModel.kt:421:85 Only safe (?.) or non-null asserted (!!.) calls are allowed on a nullable receiver of type 'com.seafile.seadroid2.framework.db.dao.FileCacheStatusDAO?'.
e: file:///Users/HONGBGU/Documents/seadroid/app/src/main/java/com/seafile/seadroid2/ui/media/image/ThumbnailAdapter.kt:20:46 Conflicting import: imported name 'BaseAdapter' is ambiguous.
e: file:///Users/HONGBGU/Documents/seadroid/app/src/main/java/com/seafile/seadroid2/ui/media/image/ThumbnailAdapter.kt:23:46 Conflicting import: imported name 'BaseAdapter' is ambiguous.
e: file:///Users/HONGBGU/Documents/seadroid/app/src/main/java/com/seafile/seadroid2/ui/media/image/ThumbnailAdapter.kt:25:1 Class 'ThumbnailAdapter' is not abstract and does not implement abstract base class member 'onBindViewHolder'.
e: file:///Users/HONGBGU/Documents/seadroid/app/src/main/java/com/seafile/seadroid2/ui/media/image/ThumbnailAdapter.kt:26:17 Unresolved reference 'DirentModel'.
e: file:///Users/HONGBGU/Documents/seadroid/app/src/main/java/com/seafile/seadroid2/ui/media/image/ThumbnailAdapter.kt:26:30 Unresolved reference 'ThumbnailItemViewHolder'.
e: file:///Users/HONGBGU/Documents/seadroid/app/src/main/java/com/seafile/seadroid2/ui/media/image/ThumbnailAdapter.kt:30:5 'onBindViewHolder' overrides nothing.
e: file:///Users/HONGBGU/Documents/seadroid/app/src/main/java/com/seafile/seadroid2/ui/media/image/ThumbnailAdapter.kt:33:22 Unresolved reference 'DirentModel'.
e: file:///Users/HONGBGU/Documents/seadroid/app/src/main/java/com/seafile/seadroid2/ui/media/image/ThumbnailAdapter.kt:38:5 'onCreateViewHolder' overrides nothing.
e: file:///Users/HONGBGU/Documents/seadroid/app/src/main/java/com/seafile/seadroid2/ui/media/image/ThumbnailAdapter.kt:40:20 Unresolved reference 'ViewGroup'.
e: file:///Users/HONGBGU/Documents/seadroid/app/src/main/java/com/seafile/seadroid2/ui/media/image/ThumbnailAdapter.kt:43:23 Unresolved reference 'ItemThumbnailItemVerticalBinding'.
e: file:///Users/HONGBGU/Documents/seadroid/app/src/main/java/com/seafile/seadroid2/ui/media/image/ThumbnailAdapter.kt:44:13 Unresolved reference 'LayoutInflater'.
e: file:///Users/HONGBGU/Documents/seadroid/app/src/main/java/com/seafile/seadroid2/ui/media/image/ThumbnailAdapter.kt:44:43 Unresolved reference 'getContext'.
e: file:///Users/HONGBGU/Documents/seadroid/app/src/main/java/com/seafile/seadroid2/ui/media/image/ThumbnailAdapter.kt:51:72 Unresolved reference 'DirentModel'.
e: file:///Users/HONGBGU/Documents/seadroid/app/src/main/java/com/seafile/seadroid2/ui/media/image/ThumbnailAdapter.kt:52:19 Unresolved reference 'item_position'.
e: file:///Users/HONGBGU/Documents/seadroid/app/src/main/java/com/seafile/seadroid2/ui/media/image/ThumbnailAdapter.kt:52:36 Unresolved reference 'ItemPositionEnum'.
e: file:///Users/HONGBGU/Documents/seadroid/app/src/main/java/com/seafile/seadroid2/ui/media/image/ThumbnailAdapter.kt:53:20 Unresolved reference 'itemView'.
e: file:///Users/HONGBGU/Documents/seadroid/app/src/main/java/com/seafile/seadroid2/ui/media/image/ThumbnailAdapter.kt:54:20 Unresolved reference 'itemView'.
e: file:///Users/HONGBGU/Documents/seadroid/app/src/main/java/com/seafile/seadroid2/ui/media/image/ThumbnailAdapter.kt:56:22 Overload resolution ambiguity between candidates:
@NonNull() static fun with(@NonNull() context: Context): GlideRequests
@Deprecated(...) @NonNull() static fun with(@NonNull() activity: Activity): GlideRequests
@NonNull() static fun with(@NonNull() activity: FragmentActivity): GlideRequests
@NonNull() static fun with(@NonNull() fragment: Fragment): GlideRequests
@Deprecated(...) @NonNull() static fun with(@NonNull() fragment: Fragment): GlideRequests
@NonNull() static fun with(@NonNull() view: View): GlideRequests
e: file:///Users/HONGBGU/Documents/seadroid/app/src/main/java/com/seafile/seadroid2/ui/media/image/ThumbnailAdapter.kt:56:34 Cannot access 'val binding: <ERROR TYPE REF: Symbol not found for ItemThumbnailItemVerticalBinding>': it is private in 'com/seafile/seadroid2/ui/media/image/ThumbnailAdapter.ThumbnailItemViewHolder'.
e: file:///Users/HONGBGU/Documents/seadroid/app/src/main/java/com/seafile/seadroid2/ui/media/image/ThumbnailAdapter.kt:56:42 Unresolved reference 'imageView'.
e: file:///Users/HONGBGU/Documents/seadroid/app/src/main/java/com/seafile/seadroid2/ui/media/image/ThumbnailAdapter.kt:57:18 Unresolved reference 'load'.
e: file:///Users/HONGBGU/Documents/seadroid/app/src/main/java/com/seafile/seadroid2/ui/media/image/ThumbnailAdapter.kt:57:23 Unresolved reference 'R'.
e: file:///Users/HONGBGU/Documents/seadroid/app/src/main/java/com/seafile/seadroid2/ui/media/image/ThumbnailAdapter.kt:58:30 Cannot access 'val binding: <ERROR TYPE REF: Symbol not found for ItemThumbnailItemVerticalBinding>': it is private in 'com/seafile/seadroid2/ui/media/image/ThumbnailAdapter.ThumbnailItemViewHolder'.
e: file:///Users/HONGBGU/Documents/seadroid/app/src/main/java/com/seafile/seadroid2/ui/media/image/ThumbnailAdapter.kt:58:38 Unresolved reference 'imageView'.
e: file:///Users/HONGBGU/Documents/seadroid/app/src/main/java/com/seafile/seadroid2/ui/media/image/ThumbnailAdapter.kt:62:19 Unresolved reference 'item_position'.
e: file:///Users/HONGBGU/Documents/seadroid/app/src/main/java/com/seafile/seadroid2/ui/media/image/ThumbnailAdapter.kt:62:36 Unresolved reference 'ItemPositionEnum'.
e: file:///Users/HONGBGU/Documents/seadroid/app/src/main/java/com/seafile/seadroid2/ui/media/image/ThumbnailAdapter.kt:63:20 Unresolved reference 'itemView'.
e: file:///Users/HONGBGU/Documents/seadroid/app/src/main/java/com/seafile/seadroid2/ui/media/image/ThumbnailAdapter.kt:64:20 Unresolved reference 'itemView'.
e: file:///Users/HONGBGU/Documents/seadroid/app/src/main/java/com/seafile/seadroid2/ui/media/image/ThumbnailAdapter.kt:65:22 Overload resolution ambiguity between candidates:
@NonNull() static fun with(@NonNull() context: Context): GlideRequests
@Deprecated(...) @NonNull() static fun with(@NonNull() activity: Activity): GlideRequests
@NonNull() static fun with(@NonNull() activity: FragmentActivity): GlideRequests
@NonNull() static fun with(@NonNull() fragment: Fragment): GlideRequests
@Deprecated(...) @NonNull() static fun with(@NonNull() fragment: Fragment): GlideRequests
@NonNull() static fun with(@NonNull() view: View): GlideRequests
e: file:///Users/HONGBGU/Documents/seadroid/app/src/main/java/com/seafile/seadroid2/ui/media/image/ThumbnailAdapter.kt:65:34 Cannot access 'val binding: <ERROR TYPE REF: Symbol not found for ItemThumbnailItemVerticalBinding>': it is private in 'com/seafile/seadroid2/ui/media/image/ThumbnailAdapter.ThumbnailItemViewHolder'.
e: file:///Users/HONGBGU/Documents/seadroid/app/src/main/java/com/seafile/seadroid2/ui/media/image/ThumbnailAdapter.kt:65:42 Unresolved reference 'imageView'.
e: file:///Users/HONGBGU/Documents/seadroid/app/src/main/java/com/seafile/seadroid2/ui/media/image/ThumbnailAdapter.kt:66:18 Unresolved reference 'load'.
e: file:///Users/HONGBGU/Documents/seadroid/app/src/main/java/com/seafile/seadroid2/ui/media/image/ThumbnailAdapter.kt:66:23 Unresolved reference 'R'.
e: file:///Users/HONGBGU/Documents/seadroid/app/src/main/java/com/seafile/seadroid2/ui/media/image/ThumbnailAdapter.kt:67:30 Cannot access 'val binding: <ERROR TYPE REF: Symbol not found for ItemThumbnailItemVerticalBinding>': it is private in 'com/seafile/seadroid2/ui/media/image/ThumbnailAdapter.ThumbnailItemViewHolder'.
e: file:///Users/HONGBGU/Documents/seadroid/app/src/main/java/com/seafile/seadroid2/ui/media/image/ThumbnailAdapter.kt:67:38 Unresolved reference 'imageView'.
e: file:///Users/HONGBGU/Documents/seadroid/app/src/main/java/com/seafile/seadroid2/ui/media/image/ThumbnailAdapter.kt:71:16 Unresolved reference 'itemView'.
e: file:///Users/HONGBGU/Documents/seadroid/app/src/main/java/com/seafile/seadroid2/ui/media/image/ThumbnailAdapter.kt:72:16 Unresolved reference 'itemView'.
e: file:///Users/HONGBGU/Documents/seadroid/app/src/main/java/com/seafile/seadroid2/ui/media/image/ThumbnailAdapter.kt:73:54 Unresolved reference 'repo_id'.
e: file:///Users/HONGBGU/Documents/seadroid/app/src/main/java/com/seafile/seadroid2/ui/media/image/ThumbnailAdapter.kt:73:69 Unresolved reference 'full_path'.
e: file:///Users/HONGBGU/Documents/seadroid/app/src/main/java/com/seafile/seadroid2/ui/media/image/ThumbnailAdapter.kt:74:13 Unresolved reference 'TextUtils'.
e: file:///Users/HONGBGU/Documents/seadroid/app/src/main/java/com/seafile/seadroid2/ui/media/image/ThumbnailAdapter.kt:75:20 Cannot access 'val binding: <ERROR TYPE REF: Symbol not found for ItemThumbnailItemVerticalBinding>': it is private in 'com/seafile/seadroid2/ui/media/image/ThumbnailAdapter.ThumbnailItemViewHolder'.
e: file:///Users/HONGBGU/Documents/seadroid/app/src/main/java/com/seafile/seadroid2/ui/media/image/ThumbnailAdapter.kt:75:28 Unresolved reference 'imageView'.
e: file:///Users/HONGBGU/Documents/seadroid/app/src/main/java/com/seafile/seadroid2/ui/media/image/ThumbnailAdapter.kt:75:55 Unresolved reference 'R'.
e: file:///Users/HONGBGU/Documents/seadroid/app/src/main/java/com/seafile/seadroid2/ui/media/image/ThumbnailAdapter.kt:79:32 Unresolved reference 'EncryptUtils'.
e: file:///Users/HONGBGU/Documents/seadroid/app/src/main/java/com/seafile/seadroid2/ui/media/image/ThumbnailAdapter.kt:80:18 Overload resolution ambiguity between candidates:
@NonNull() static fun with(@NonNull() context: Context): GlideRequests
@Deprecated(...) @NonNull() static fun with(@NonNull() activity: Activity): GlideRequests
@NonNull() static fun with(@NonNull() activity: FragmentActivity): GlideRequests
@NonNull() static fun with(@NonNull() fragment: Fragment): GlideRequests
@Deprecated(...) @NonNull() static fun with(@NonNull() fragment: Fragment): GlideRequests
@NonNull() static fun with(@NonNull() view: View): GlideRequests
e: file:///Users/HONGBGU/Documents/seadroid/app/src/main/java/com/seafile/seadroid2/ui/media/image/ThumbnailAdapter.kt:80:30 Cannot access 'val binding: <ERROR TYPE REF: Symbol not found for ItemThumbnailItemVerticalBinding>': it is private in 'com/seafile/seadroid2/ui/media/image/ThumbnailAdapter.ThumbnailItemViewHolder'.
e: file:///Users/HONGBGU/Documents/seadroid/app/src/main/java/com/seafile/seadroid2/ui/media/image/ThumbnailAdapter.kt:80:38 Unresolved reference 'imageView'.
e: file:///Users/HONGBGU/Documents/seadroid/app/src/main/java/com/seafile/seadroid2/ui/media/image/ThumbnailAdapter.kt:81:14 Unresolved reference 'load'.
e: file:///Users/HONGBGU/Documents/seadroid/app/src/main/java/com/seafile/seadroid2/ui/media/image/ThumbnailAdapter.kt:82:24 Unresolved reference 'ObjectKey'.
e: file:///Users/HONGBGU/Documents/seadroid/app/src/main/java/com/seafile/seadroid2/ui/media/image/ThumbnailAdapter.kt:84:14 Unresolved reference 'into'.
e: file:///Users/HONGBGU/Documents/seadroid/app/src/main/java/com/seafile/seadroid2/ui/media/image/ThumbnailAdapter.kt:84:26 Cannot access 'val binding: <ERROR TYPE REF: Symbol not found for ItemThumbnailItemVerticalBinding>': it is private in 'com/seafile/seadroid2/ui/media/image/ThumbnailAdapter.ThumbnailItemViewHolder'.
e: file:///Users/HONGBGU/Documents/seadroid/app/src/main/java/com/seafile/seadroid2/ui/media/image/ThumbnailAdapter.kt:84:34 Unresolved reference 'imageView'.
e: file:///Users/HONGBGU/Documents/seadroid/app/src/main/java/com/seafile/seadroid2/ui/media/image/ThumbnailAdapter.kt:87:22 Unresolved reference 'RequestOptions'.
e: file:///Users/HONGBGU/Documents/seadroid/app/src/main/java/com/seafile/seadroid2/ui/media/image/ThumbnailAdapter.kt:87:39 Unresolved reference 'RequestOptions'.
e: file:///Users/HONGBGU/Documents/seadroid/app/src/main/java/com/seafile/seadroid2/ui/media/image/ThumbnailAdapter.kt:88:22 Unresolved reference 'R'.
e: file:///Users/HONGBGU/Documents/seadroid/app/src/main/java/com/seafile/seadroid2/ui/media/image/ThumbnailAdapter.kt:89:19 Unresolved reference 'R'.
e: file:///Users/HONGBGU/Documents/seadroid/app/src/main/java/com/seafile/seadroid2/ui/media/image/ThumbnailAdapter.kt:90:16 Unresolved reference 'R'.
e: file:///Users/HONGBGU/Documents/seadroid/app/src/main/java/com/seafile/seadroid2/ui/media/image/ThumbnailAdapter.kt:91:28 Unresolved reference 'DiskCacheStrategy'.
e: file:///Users/HONGBGU/Documents/seadroid/app/src/main/java/com/seafile/seadroid2/ui/media/image/ThumbnailAdapter.kt:94:71 Unresolved reference 'R'.
e: file:///Users/HONGBGU/Documents/seadroid/app/src/main/java/com/seafile/seadroid2/ui/media/image/ThumbnailAdapter.kt:95:28 Unresolved reference 'ScreenUtils'.
e: file:///Users/HONGBGU/Documents/seadroid/app/src/main/java/com/seafile/seadroid2/ui/media/image/ThumbnailAdapter.kt:95:61 Overload resolution ambiguity between candidates:
fun <T> Iterable<T>.minus(element: T): List<T>
@SinceKotlin(...) fun <K, V> Map<out K, V>.minus(key: K): Map<K, V>
fun <T> Set<T>.minus(element: T): Set<T>
fun <T> Sequence<T>.minus(element: T): Sequence<T>
e: file:///Users/HONGBGU/Documents/seadroid/app/src/main/java/com/seafile/seadroid2/ui/media/image/ThumbnailAdapter.kt:99:13 Unresolved reference 'TextUtils'.
e: file:///Users/HONGBGU/Documents/seadroid/app/src/main/java/com/seafile/seadroid2/ui/media/image/ThumbnailAdapter.kt:103:55 Too many arguments for 'private final fun com/seafile/seadroid2/ui/media/image/ThumbnailAdapter.convertThumbnailUrl(repoId: kotlin/String?, fullPath: kotlin/String?): kotlin/String?'.
e: file:///Users/HONGBGU/Documents/seadroid/app/src/main/java/com/seafile/seadroid2/ui/media/image/ThumbnailAdapter.kt:107:77 Unresolved reference 'ItemThumbnailItemVerticalBinding'.
e: file:///Users/HONGBGU/Documents/seadroid/app/src/main/java/com/seafile/seadroid2/ui/media/image/ThumbnailAdapter.kt:108:9 Unresolved reference 'BaseViewHolder'.
e: file:///Users/HONGBGU/Documents/seadroid/app/src/main/java/com/seafile/seadroid2/ui/media/image/ThumbnailAdapter.kt:109:21 Unresolved reference 'getRoot'.
e: file:///Users/HONGBGU/Documents/seadroid/app/src/main/java/com/seafile/seadroid2/ui/media/image/ThumbnailAdapter.kt:112:34 Unresolved reference 'DirentModel'.
e: file:///Users/HONGBGU/Documents/seadroid/app/src/main/java/com/seafile/seadroid2/ui/media/image/ThumbnailAdapter.kt:113:34 Unresolved reference 'DirentModel'.
e: file:///Users/HONGBGU/Documents/seadroid/app/src/main/java/com/seafile/seadroid2/ui/media/image/ThumbnailAdapter.kt:113:50 Initializer type mismatch: expected 'kotlin.collections.MutableList<ERROR CLASS: Symbol not found for DirentModel?>', actual 'kotlin.collections.List<ERROR CLASS: Symbol not found for DirentModel>'.
e: file:///Users/HONGBGU/Documents/seadroid/app/src/main/java/com/seafile/seadroid2/ui/media/image/ThumbnailAdapter.kt:114:34 Unresolved reference 'DirentModel'.
e: file:///Users/HONGBGU/Documents/seadroid/app/src/main/java/com/seafile/seadroid2/ui/media/image/ThumbnailAdapter.kt:126:27 Unresolved reference 'DirentModel'.
e: file:///Users/HONGBGU/Documents/seadroid/app/src/main/java/com/seafile/seadroid2/ui/media/image/ThumbnailAdapter.kt:127:27 Unresolved reference 'DirentModel'.
e: file:///Users/HONGBGU/Documents/seadroid/app/src/main/java/com/seafile/seadroid2/ui/media/image/ThumbnailAdapter.kt:128:24 Unresolved reference 'TextUtils'.
e: file:///Users/HONGBGU/Documents/seadroid/app/src/main/java/com/seafile/seadroid2/ui/media/image/ThumbnailAdapter.kt:128:46 Unresolved reference 'full_path'.
e: file:///Users/HONGBGU/Documents/seadroid/app/src/main/java/com/seafile/seadroid2/ui/media/image/ThumbnailAdapter.kt:128:62 Unresolved reference 'full_path'.
e: file:///Users/HONGBGU/Documents/seadroid/app/src/main/java/com/seafile/seadroid2/ui/media/image/ThumbnailAdapter.kt:132:27 Unresolved reference 'DirentModel'.
e: file:///Users/HONGBGU/Documents/seadroid/app/src/main/java/com/seafile/seadroid2/ui/media/image/ThumbnailAdapter.kt:133:27 Unresolved reference 'DirentModel'.
e: file:///Users/HONGBGU/Documents/seadroid/app/src/main/java/com/seafile/seadroid2/ui/media/player/CustomExoVideoPlayerActivity.kt:99:26 Argument type mismatch: actual type is 'kotlin.reflect.KClass<androidx.media3.common.util.UnstableApi>', but 'kotlin.Array<out kotlin.reflect.KClass<out kotlin.Annotation>>' was expected.
e: file:///Users/HONGBGU/Documents/seadroid/app/src/main/java/com/seafile/seadroid2/ui/media/player/CustomExoVideoPlayerActivity.kt:99:26 Assigning single elements to varargs in named form is prohibited.
e: file:///Users/HONGBGU/Documents/seadroid/app/src/main/java/com/seafile/seadroid2/ui/media/player/CustomExoVideoPlayerActivity.kt:107:17 'return' is prohibited here.
e: file:///Users/HONGBGU/Documents/seadroid/app/src/main/java/com/seafile/seadroid2/ui/media/player/CustomExoVideoPlayerActivity.kt:140:17 'return' is prohibited here.
e: file:///Users/HONGBGU/Documents/seadroid/app/src/main/java/com/seafile/seadroid2/ui/media/player/CustomExoVideoPlayerActivity.kt:169:14 Unresolved reference 'observe'.
e: file:///Users/HONGBGU/Documents/seadroid/app/src/main/java/com/seafile/seadroid2/ui/media/player/CustomExoVideoPlayerActivity.kt:169:28 Class '<anonymous>' is not abstract and does not implement abstract member 'onChanged'.
e: file:///Users/HONGBGU/Documents/seadroid/app/src/main/java/com/seafile/seadroid2/ui/media/player/CustomExoVideoPlayerActivity.kt:170:17 'onChanged' overrides nothing.
e: file:///Users/HONGBGU/Documents/seadroid/app/src/main/java/com/seafile/seadroid2/ui/media/player/CustomExoVideoPlayerActivity.kt:201:26 Argument type mismatch: actual type is 'kotlin.reflect.KClass<androidx.media3.common.util.UnstableApi>', but 'kotlin.Array<out kotlin.reflect.KClass<out kotlin.Annotation>>' was expected.
e: file:///Users/HONGBGU/Documents/seadroid/app/src/main/java/com/seafile/seadroid2/ui/media/player/CustomExoVideoPlayerActivity.kt:201:26 Assigning single elements to varargs in named form is prohibited.
e: file:///Users/HONGBGU/Documents/seadroid/app/src/main/java/com/seafile/seadroid2/ui/media/player/CustomExoVideoPlayerActivity.kt:204:49 Interface 'interface PlaybackStateChangedListener : Any' does not have constructors.
e: file:///Users/HONGBGU/Documents/seadroid/app/src/main/java/com/seafile/seadroid2/ui/media/player/CustomExoVideoPlayerActivity.kt:223:35 Argument type mismatch: actual type is 'androidx.media3.exoplayer.ExoPlayer?', but 'androidx.media3.common.Player' was expected.
e: file:///Users/HONGBGU/Documents/seadroid/app/src/main/java/com/seafile/seadroid2/ui/media/player/CustomExoVideoPlayerActivity.kt:330:26 Argument type mismatch: actual type is 'kotlin.reflect.KClass<androidx.media3.common.util.UnstableApi>', but 'kotlin.Array<out kotlin.reflect.KClass<out kotlin.Annotation>>' was expected.
e: file:///Users/HONGBGU/Documents/seadroid/app/src/main/java/com/seafile/seadroid2/ui/media/player/CustomExoVideoPlayerActivity.kt:330:26 Assigning single elements to varargs in named form is prohibited.
e: file:///Users/HONGBGU/Documents/seadroid/app/src/main/java/com/seafile/seadroid2/ui/media/player/PlayerViewModel.kt:25:36 None of the following candidates is applicable:
@SinceKotlin(...) @InlineOnly() fun <V> KMutableProperty0<V>.setValue(thisRef: Any?, property: KProperty<*>, value: V): Unit
@SinceKotlin(...) @InlineOnly() fun <T, V> KMutableProperty1<T, V>.setValue(thisRef: T, property: KProperty<*>, value: V): Unit
@InlineOnly() fun <V> MutableMap<in String, in V>.setValue(thisRef: Any?, property: KProperty<*>, value: V): Unit
e: file:///Users/HONGBGU/Documents/seadroid/app/src/main/java/com/seafile/seadroid2/ui/media/player/PlayerViewModel.kt:28:13 Initializer type mismatch: expected 'io.reactivex.Single<kotlin.collections.MutableList<com.seafile.seadroid2.framework.db.entities.FileCacheStatusEntity?>?>', actual 'io.reactivex.Single<kotlin.collections.MutableList<com.seafile.seadroid2.framework.db.entities.FileCacheStatusEntity?>?>?'.
e: file:///Users/HONGBGU/Documents/seadroid/app/src/main/java/com/seafile/seadroid2/ui/media/player/PlayerViewModel.kt:28:48 Only safe (?.) or non-null asserted (!!.) calls are allowed on a nullable receiver of type 'com.seafile.seadroid2.framework.db.AppDatabase?'.
e: file:///Users/HONGBGU/Documents/seadroid/app/src/main/java/com/seafile/seadroid2/ui/media/player/PlayerViewModel.kt:28:69 Only safe (?.) or non-null asserted (!!.) calls are allowed on a nullable receiver of type 'com.seafile.seadroid2.framework.db.dao.FileCacheStatusDAO?'.
e: file:///Users/HONGBGU/Documents/seadroid/app/src/main/java/com/seafile/seadroid2/ui/media/player/PlayerViewModel.kt:57:48 None of the following candidates is applicable:
@SinceKotlin(...) @InlineOnly() fun <V> KMutableProperty0<V>.setValue(thisRef: Any?, property: KProperty<*>, value: V): Unit
@SinceKotlin(...) @InlineOnly() fun <T, V> KMutableProperty1<T, V>.setValue(thisRef: T, property: KProperty<*>, value: V): Unit
@InlineOnly() fun <V> MutableMap<in String, in V>.setValue(thisRef: Any?, property: KProperty<*>, value: V): Unit
e: file:///Users/HONGBGU/Documents/seadroid/app/src/main/java/com/seafile/seadroid2/ui/media/player/PlayerViewModel.kt:64:40 None of the following candidates is applicable:
@SinceKotlin(...) @InlineOnly() fun <V> KMutableProperty0<V>.setValue(thisRef: Any?, property: KProperty<*>, value: V): Unit
@SinceKotlin(...) @InlineOnly() fun <T, V> KMutableProperty1<T, V>.setValue(thisRef: T, property: KProperty<*>, value: V): Unit
@InlineOnly() fun <V> MutableMap<in String, in V>.setValue(thisRef: Any?, property: KProperty<*>, value: V): Unit
e: file:///Users/HONGBGU/Documents/seadroid/app/src/main/java/com/seafile/seadroid2/ui/media/player/PlayerViewModel.kt:69:13 Initializer type mismatch: expected 'io.reactivex.Single<kotlin.String?>', actual 'io.reactivex.Single<kotlin.String?>?'.
e: file:///Users/HONGBGU/Documents/seadroid/app/src/main/java/com/seafile/seadroid2/ui/media/player/PlayerViewModel.kt:69:50 Only safe (?.) or non-null asserted (!!.) calls are allowed on a nullable receiver of type 'com.seafile.seadroid2.framework.http.HttpIO?'.
e: file:///Users/HONGBGU/Documents/seadroid/app/src/main/java/com/seafile/seadroid2/ui/media/player/PlayerViewModel.kt:69:73 Argument type mismatch: actual type is 'java.lang.Class<com.seafile.seadroid2.ui.file.FileService>', but 'java.lang.Class<T?>' was expected.
e: file:///Users/HONGBGU/Documents/seadroid/app/src/main/java/com/seafile/seadroid2/ui/media/player/PlayerViewModel.kt:70:17 Only safe (?.) or non-null asserted (!!.) calls are allowed on a nullable receiver of type 'com.seafile.seadroid2.ui.file.FileService?'.
e: file:///Users/HONGBGU/Documents/seadroid/app/src/main/java/com/seafile/seadroid2/ui/media/player/PlayerViewModel.kt:74:48 None of the following candidates is applicable:
@SinceKotlin(...) @InlineOnly() fun <V> KMutableProperty0<V>.setValue(thisRef: Any?, property: KProperty<*>, value: V): Unit
@SinceKotlin(...) @InlineOnly() fun <T, V> KMutableProperty1<T, V>.setValue(thisRef: T, property: KProperty<*>, value: V): Unit
@InlineOnly() fun <V> MutableMap<in String, in V>.setValue(thisRef: Any?, property: KProperty<*>, value: V): Unit
e: file:///Users/HONGBGU/Documents/seadroid/app/src/main/java/com/seafile/seadroid2/ui/media/player/PlayerViewModel.kt:84:44 None of the following candidates is applicable:
@SinceKotlin(...) @InlineOnly() fun <V> KMutableProperty0<V>.setValue(thisRef: Any?, property: KProperty<*>, value: V): Unit
@SinceKotlin(...) @InlineOnly() fun <T, V> KMutableProperty1<T, V>.setValue(thisRef: T, property: KProperty<*>, value: V): Unit
@InlineOnly() fun <V> MutableMap<in String, in V>.setValue(thisRef: Any?, property: KProperty<*>, value: V): Unit
e: file:///Users/HONGBGU/Documents/seadroid/app/src/main/java/com/seafile/seadroid2/ui/repo/RepoQuickAdapter.kt:23:26 Unresolved reference 'BaseMultiAdapter'.
e: file:///Users/HONGBGU/Documents/seadroid/app/src/main/java/com/seafile/seadroid2/ui/repo/RepoQuickAdapter.kt:23:43 Unresolved reference 'BaseModel'.
e: file:///Users/HONGBGU/Documents/seadroid/app/src/main/java/com/seafile/seadroid2/ui/repo/RepoQuickAdapter.kt:30:31 Unresolved reference 'FileViewType'.
e: file:///Users/HONGBGU/Documents/seadroid/app/src/main/java/com/seafile/seadroid2/ui/repo/RepoQuickAdapter.kt:30:47 Unresolved reference 'FileViewType'.
e: file:///Users/HONGBGU/Documents/seadroid/app/src/main/java/com/seafile/seadroid2/ui/repo/RepoQuickAdapter.kt:31:29 Unresolved reference 'ObjSelectType'.
e: file:///Users/HONGBGU/Documents/seadroid/app/src/main/java/com/seafile/seadroid2/ui/repo/RepoQuickAdapter.kt:31:45 Unresolved reference 'ObjSelectType'.
e: file:///Users/HONGBGU/Documents/seadroid/app/src/main/java/com/seafile/seadroid2/ui/repo/RepoQuickAdapter.kt:33:35 Unresolved reference 'ObjSelectType'.
e: file:///Users/HONGBGU/Documents/seadroid/app/src/main/java/com/seafile/seadroid2/ui/repo/RepoQuickAdapter.kt:41:39 Unresolved reference 'FileViewType'.
e: file:///Users/HONGBGU/Documents/seadroid/app/src/main/java/com/seafile/seadroid2/ui/repo/RepoQuickAdapter.kt:51:5 'onAttachedToRecyclerView' overrides nothing.
e: file:///Users/HONGBGU/Documents/seadroid/app/src/main/java/com/seafile/seadroid2/ui/repo/RepoQuickAdapter.kt:52:9 Unresolved reference 'BaseMultiAdapter'.
e: file:///Users/HONGBGU/Documents/seadroid/app/src/main/java/com/seafile/seadroid2/ui/repo/RepoQuickAdapter.kt:52:15 Unresolved reference 'onAttachedToRecyclerView'.
e: file:///Users/HONGBGU/Documents/seadroid/app/src/main/java/com/seafile/seadroid2/ui/repo/RepoQuickAdapter.kt:53:34 Unresolved reference 'ContextCompat'.
e: file:///Users/HONGBGU/Documents/seadroid/app/src/main/java/com/seafile/seadroid2/ui/repo/RepoQuickAdapter.kt:53:57 Unresolved reference 'context'.
e: file:///Users/HONGBGU/Documents/seadroid/app/src/main/java/com/seafile/seadroid2/ui/repo/RepoQuickAdapter.kt:53:66 Unresolved reference 'R'.
e: file:///Users/HONGBGU/Documents/seadroid/app/src/main/java/com/seafile/seadroid2/ui/repo/RepoQuickAdapter.kt:55:38 Unresolved reference 'BackgroundShapeUtils'.
e: file:///Users/HONGBGU/Documents/seadroid/app/src/main/java/com/seafile/seadroid2/ui/repo/RepoQuickAdapter.kt:56:13 Unresolved reference 'BackgroundShapeUtils'.
e: file:///Users/HONGBGU/Documents/seadroid/app/src/main/java/com/seafile/seadroid2/ui/repo/RepoQuickAdapter.kt:58:13 Unresolved reference 'DP'.
e: file:///Users/HONGBGU/Documents/seadroid/app/src/main/java/com/seafile/seadroid2/ui/repo/RepoQuickAdapter.kt:60:41 Unresolved reference 'BackgroundShapeUtils'.
e: file:///Users/HONGBGU/Documents/seadroid/app/src/main/java/com/seafile/seadroid2/ui/repo/RepoQuickAdapter.kt:61:13 Unresolved reference 'BackgroundShapeUtils'.
e: file:///Users/HONGBGU/Documents/seadroid/app/src/main/java/com/seafile/seadroid2/ui/repo/RepoQuickAdapter.kt:63:13 Unresolved reference 'DP'.
e: file:///Users/HONGBGU/Documents/seadroid/app/src/main/java/com/seafile/seadroid2/ui/repo/RepoQuickAdapter.kt:65:38 Unresolved reference 'BackgroundShapeUtils'.
e: file:///Users/HONGBGU/Documents/seadroid/app/src/main/java/com/seafile/seadroid2/ui/repo/RepoQuickAdapter.kt:66:13 Unresolved reference 'BackgroundShapeUtils'.
e: file:///Users/HONGBGU/Documents/seadroid/app/src/main/java/com/seafile/seadroid2/ui/repo/RepoQuickAdapter.kt:68:13 Unresolved reference 'DP'.
e: file:///Users/HONGBGU/Documents/seadroid/app/src/main/java/com/seafile/seadroid2/ui/repo/RepoQuickAdapter.kt:70:39 Unresolved reference 'BackgroundShapeUtils'.
e: file:///Users/HONGBGU/Documents/seadroid/app/src/main/java/com/seafile/seadroid2/ui/repo/RepoQuickAdapter.kt:71:13 Unresolved reference 'BackgroundShapeUtils'.
e: file:///Users/HONGBGU/Documents/seadroid/app/src/main/java/com/seafile/seadroid2/ui/repo/RepoQuickAdapter.kt:73:13 Unresolved reference 'DP'.
e: file:///Users/HONGBGU/Documents/seadroid/app/src/main/java/com/seafile/seadroid2/ui/repo/RepoQuickAdapter.kt:76:31 Unresolved reference 'SizeUtils'.
e: file:///Users/HONGBGU/Documents/seadroid/app/src/main/java/com/seafile/seadroid2/ui/repo/RepoQuickAdapter.kt:77:24 Unresolved reference 'ContextCompat'.
e: file:///Users/HONGBGU/Documents/seadroid/app/src/main/java/com/seafile/seadroid2/ui/repo/RepoQuickAdapter.kt:77:50 Unresolved reference 'context'.
e: file:///Users/HONGBGU/Documents/seadroid/app/src/main/java/com/seafile/seadroid2/ui/repo/RepoQuickAdapter.kt:77:59 Unresolved reference 'R'.
e: file:///Users/HONGBGU/Documents/seadroid/app/src/main/java/com/seafile/seadroid2/ui/repo/RepoQuickAdapter.kt:79:32 Unresolved reference 'ContextCompat'.
e: file:///Users/HONGBGU/Documents/seadroid/app/src/main/java/com/seafile/seadroid2/ui/repo/RepoQuickAdapter.kt:79:55 Unresolved reference 'context'.
e: file:///Users/HONGBGU/Documents/seadroid/app/src/main/java/com/seafile/seadroid2/ui/repo/RepoQuickAdapter.kt:79:64 Unresolved reference 'R'.
e: file:///Users/HONGBGU/Documents/seadroid/app/src/main/java/com/seafile/seadroid2/ui/repo/RepoQuickAdapter.kt:82:39 Unresolved reference 'AccountViewHolder'.
e: file:///Users/HONGBGU/Documents/seadroid/app/src/main/java/com/seafile/seadroid2/ui/repo/RepoQuickAdapter.kt:82:65 Unresolved reference 'BaseModel'.
e: file:///Users/HONGBGU/Documents/seadroid/app/src/main/java/com/seafile/seadroid2/ui/repo/RepoQuickAdapter.kt:85:16 Unresolved reference 'binding'.
e: file:///Users/HONGBGU/Documents/seadroid/app/src/main/java/com/seafile/seadroid2/ui/repo/RepoQuickAdapter.kt:87:36 Unresolved reference 'ItemPositionEnum'.
e: file:///Users/HONGBGU/Documents/seadroid/app/src/main/java/com/seafile/seadroid2/ui/repo/RepoQuickAdapter.kt:88:20 Unresolved reference 'itemView'.
e: file:///Users/HONGBGU/Documents/seadroid/app/src/main/java/com/seafile/seadroid2/ui/repo/RepoQuickAdapter.kt:89:43 Unresolved reference 'ItemPositionEnum'.
e: file:///Users/HONGBGU/Documents/seadroid/app/src/main/java/com/seafile/seadroid2/ui/repo/RepoQuickAdapter.kt:90:20 Unresolved reference 'itemView'.
e: file:///Users/HONGBGU/Documents/seadroid/app/src/main/java/com/seafile/seadroid2/ui/repo/RepoQuickAdapter.kt:91:43 Unresolved reference 'ItemPositionEnum'.
e: file:///Users/HONGBGU/Documents/seadroid/app/src/main/java/com/seafile/seadroid2/ui/repo/RepoQuickAdapter.kt:92:20 Unresolved reference 'itemView'.
e: file:///Users/HONGBGU/Documents/seadroid/app/src/main/java/com/seafile/seadroid2/ui/repo/RepoQuickAdapter.kt:94:20 Unresolved reference 'itemView'.
e: file:///Users/HONGBGU/Documents/seadroid/app/src/main/java/com/seafile/seadroid2/ui/repo/RepoQuickAdapter.kt:98:36 Unresolved reference 'ItemPositionEnum'.
e: file:///Users/HONGBGU/Documents/seadroid/app/src/main/java/com/seafile/seadroid2/ui/repo/RepoQuickAdapter.kt:98:83 Unresolved reference 'ItemPositionEnum'.
e: file:///Users/HONGBGU/Documents/seadroid/app/src/main/java/com/seafile/seadroid2/ui/repo/RepoQuickAdapter.kt:99:20 Unresolved reference 'binding'.
e: file:///Users/HONGBGU/Documents/seadroid/app/src/main/java/com/seafile/seadroid2/ui/repo/RepoQuickAdapter.kt:101:20 Unresolved reference 'binding'.
e: file:///Users/HONGBGU/Documents/seadroid/app/src/main/java/com/seafile/seadroid2/ui/repo/RepoQuickAdapter.kt:104:16 Unresolved reference 'binding'.
e: file:///Users/HONGBGU/Documents/seadroid/app/src/main/java/com/seafile/seadroid2/ui/repo/RepoQuickAdapter.kt:105:16 Unresolved reference 'binding'.
e: file:///Users/HONGBGU/Documents/seadroid/app/src/main/java/com/seafile/seadroid2/ui/repo/RepoQuickAdapter.kt:107:13 Unresolved reference 'TextUtils'.
e: file:///Users/HONGBGU/Documents/seadroid/app/src/main/java/com/seafile/seadroid2/ui/repo/RepoQuickAdapter.kt:108:20 Unresolved reference 'binding'.
e: file:///Users/HONGBGU/Documents/seadroid/app/src/main/java/com/seafile/seadroid2/ui/repo/RepoQuickAdapter.kt:108:65 Unresolved reference 'R'.
e: file:///Users/HONGBGU/Documents/seadroid/app/src/main/java/com/seafile/seadroid2/ui/repo/RepoQuickAdapter.kt:110:22 Overload resolution ambiguity between candidates:
@NonNull() static fun with(@NonNull() context: Context): GlideRequests
@Deprecated(...) @NonNull() static fun with(@NonNull() activity: Activity): GlideRequests
@NonNull() static fun with(@NonNull() activity: FragmentActivity): GlideRequests
@NonNull() static fun with(@NonNull() fragment: Fragment): GlideRequests
@Deprecated(...) @NonNull() static fun with(@NonNull() fragment: Fragment): GlideRequests
@NonNull() static fun with(@NonNull() view: View): GlideRequests
e: file:///Users/HONGBGU/Documents/seadroid/app/src/main/java/com/seafile/seadroid2/ui/repo/RepoQuickAdapter.kt:110:27 Unresolved reference 'context'.
e: file:///Users/HONGBGU/Documents/seadroid/app/src/main/java/com/seafile/seadroid2/ui/repo/RepoQuickAdapter.kt:111:18 Unresolved reference 'load'.
e: file:///Users/HONGBGU/Documents/seadroid/app/src/main/java/com/seafile/seadroid2/ui/repo/RepoQuickAdapter.kt:112:24 Unresolved reference 'GlideLoadConfig'.
e: file:///Users/HONGBGU/Documents/seadroid/app/src/main/java/com/seafile/seadroid2/ui/repo/RepoQuickAdapter.kt:113:18 Unresolved reference 'into'.
e: file:///Users/HONGBGU/Documents/seadroid/app/src/main/java/com/seafile/seadroid2/ui/repo/RepoQuickAdapter.kt:113:30 Unresolved reference 'binding'.
e: file:///Users/HONGBGU/Documents/seadroid/app/src/main/java/com/seafile/seadroid2/ui/repo/RepoQuickAdapter.kt:116:24 Unresolved reference 'ordinal'.
e: file:///Users/HONGBGU/Documents/seadroid/app/src/main/java/com/seafile/seadroid2/ui/repo/RepoQuickAdapter.kt:116:35 Unresolved reference 'ObjSelectType'.
e: file:///Users/HONGBGU/Documents/seadroid/app/src/main/java/com/seafile/seadroid2/ui/repo/RepoQuickAdapter.kt:117:20 Unresolved reference 'binding'.
e: file:///Users/HONGBGU/Documents/seadroid/app/src/main/java/com/seafile/seadroid2/ui/repo/RepoQuickAdapter.kt:119:24 Unresolved reference 'binding'.
e: file:///Users/HONGBGU/Documents/seadroid/app/src/main/java/com/seafile/seadroid2/ui/repo/RepoQuickAdapter.kt:119:64 Unresolved reference 'R'.
e: file:///Users/HONGBGU/Documents/seadroid/app/src/main/java/com/seafile/seadroid2/ui/repo/RepoQuickAdapter.kt:121:24 Unresolved reference 'binding'.
e: file:///Users/HONGBGU/Documents/seadroid/app/src/main/java/com/seafile/seadroid2/ui/repo/RepoQuickAdapter.kt:121:64 Unresolved reference 'R'.
e: file:///Users/HONGBGU/Documents/seadroid/app/src/main/java/com/seafile/seadroid2/ui/repo/RepoQuickAdapter.kt:124:20 Unresolved reference 'binding'.
e: file:///Users/HONGBGU/Documents/seadroid/app/src/main/java/com/seafile/seadroid2/ui/repo/RepoQuickAdapter.kt:129:17 Unresolved reference 'GroupItemViewHolder'.
e: file:///Users/HONGBGU/Documents/seadroid/app/src/main/java/com/seafile/seadroid2/ui/repo/RepoQuickAdapter.kt:130:16 Unresolved reference 'GroupItemModel'.
e: file:///Users/HONGBGU/Documents/seadroid/app/src/main/java/com/seafile/seadroid2/ui/repo/RepoQuickAdapter.kt:134:37 Unresolved reference 'title'.
e: file:///Users/HONGBGU/Documents/seadroid/app/src/main/java/com/seafile/seadroid2/ui/repo/RepoQuickAdapter.kt:136:20 Unresolved reference 'binding'.
e: file:///Users/HONGBGU/Documents/seadroid/app/src/main/java/com/seafile/seadroid2/ui/repo/RepoQuickAdapter.kt:136:51 Unresolved reference 'R'.
e: file:///Users/HONGBGU/Documents/seadroid/app/src/main/java/com/seafile/seadroid2/ui/repo/RepoQuickAdapter.kt:138:20 Unresolved reference 'binding'.
e: file:///Users/HONGBGU/Documents/seadroid/app/src/main/java/com/seafile/seadroid2/ui/repo/RepoQuickAdapter.kt:138:57 Unresolved reference 'title'.
e: file:///Users/HONGBGU/Documents/seadroid/app/src/main/java/com/seafile/seadroid2/ui/repo/RepoQuickAdapter.kt:141:13 Unresolved reference 'ObjSelectType'.
e: file:///Users/HONGBGU/Documents/seadroid/app/src/main/java/com/seafile/seadroid2/ui/repo/RepoQuickAdapter.kt:142:20 Unresolved reference 'binding'.
e: file:///Users/HONGBGU/Documents/seadroid/app/src/main/java/com/seafile/seadroid2/ui/repo/RepoQuickAdapter.kt:143:20 Unresolved reference 'binding'.
e: file:///Users/HONGBGU/Documents/seadroid/app/src/main/java/com/seafile/seadroid2/ui/repo/RepoQuickAdapter.kt:144:20 Unresolved reference 'binding'.
e: file:///Users/HONGBGU/Documents/seadroid/app/src/main/java/com/seafile/seadroid2/ui/repo/RepoQuickAdapter.kt:146:20 Unresolved reference 'binding'.
e: file:///Users/HONGBGU/Documents/seadroid/app/src/main/java/com/seafile/seadroid2/ui/repo/RepoQuickAdapter.kt:147:20 Unresolved reference 'binding'.
e: file:///Users/HONGBGU/Documents/seadroid/app/src/main/java/com/seafile/seadroid2/ui/repo/RepoQuickAdapter.kt:147:67 Unresolved reference 'is_expanded'.
e: file:///Users/HONGBGU/Documents/seadroid/app/src/main/java/com/seafile/seadroid2/ui/repo/RepoQuickAdapter.kt:148:20 Unresolved reference 'binding'.
e: file:///Users/HONGBGU/Documents/seadroid/app/src/main/java/com/seafile/seadroid2/ui/repo/RepoQuickAdapter.kt:153:17 Unresolved reference 'RepoViewHolder'.
e: file:///Users/HONGBGU/Documents/seadroid/app/src/main/java/com/seafile/seadroid2/ui/repo/RepoQuickAdapter.kt:154:16 Unresolved reference 'RepoModel'.
e: file:///Users/HONGBGU/Documents/seadroid/app/src/main/java/com/seafile/seadroid2/ui/repo/RepoQuickAdapter.kt:159:25 Unresolved reference 'Bundle'.
e: file:///Users/HONGBGU/Documents/seadroid/app/src/main/java/com/seafile/seadroid2/ui/repo/RepoQuickAdapter.kt:159:53 Unresolved reference 'Bundle'.
e: file:///Users/HONGBGU/Documents/seadroid/app/src/main/java/com/seafile/seadroid2/ui/repo/RepoQuickAdapter.kt:162:49 Unresolved reference 'getBoolean'.
e: file:///Users/HONGBGU/Documents/seadroid/app/src/main/java/com/seafile/seadroid2/ui/repo/RepoQuickAdapter.kt:163:61 Unresolved reference 'binding'.
e: file:///Users/HONGBGU/Documents/seadroid/app/src/main/java/com/seafile/seadroid2/ui/repo/RepoQuickAdapter.kt:169:19 Unresolved reference 'item_position'.
e: file:///Users/HONGBGU/Documents/seadroid/app/src/main/java/com/seafile/seadroid2/ui/repo/RepoQuickAdapter.kt:169:36 Unresolved reference 'ItemPositionEnum'.
e: file:///Users/HONGBGU/Documents/seadroid/app/src/main/java/com/seafile/seadroid2/ui/repo/RepoQuickAdapter.kt:170:20 Unresolved reference 'itemView'.
e: file:///Users/HONGBGU/Documents/seadroid/app/src/main/java/com/seafile/seadroid2/ui/repo/RepoQuickAdapter.kt:171:26 Unresolved reference 'item_position'.
e: file:///Users/HONGBGU/Documents/seadroid/app/src/main/java/com/seafile/seadroid2/ui/repo/RepoQuickAdapter.kt:171:43 Unresolved reference 'ItemPositionEnum'.
e: file:///Users/HONGBGU/Documents/seadroid/app/src/main/java/com/seafile/seadroid2/ui/repo/RepoQuickAdapter.kt:172:20 Unresolved reference 'itemView'.
e: file:///Users/HONGBGU/Documents/seadroid/app/src/main/java/com/seafile/seadroid2/ui/repo/RepoQuickAdapter.kt:173:26 Unresolved reference 'item_position'.
e: file:///Users/HONGBGU/Documents/seadroid/app/src/main/java/com/seafile/seadroid2/ui/repo/RepoQuickAdapter.kt:173:43 Unresolved reference 'ItemPositionEnum'.
e: file:///Users/HONGBGU/Documents/seadroid/app/src/main/java/com/seafile/seadroid2/ui/repo/RepoQuickAdapter.kt:174:20 Unresolved reference 'itemView'.
e: file:///Users/HONGBGU/Documents/seadroid/app/src/main/java/com/seafile/seadroid2/ui/repo/RepoQuickAdapter.kt:176:20 Unresolved reference 'itemView'.
e: file:///Users/HONGBGU/Documents/seadroid/app/src/main/java/com/seafile/seadroid2/ui/repo/RepoQuickAdapter.kt:179:19 Unresolved reference 'item_position'.
e: file:///Users/HONGBGU/Documents/seadroid/app/src/main/java/com/seafile/seadroid2/ui/repo/RepoQuickAdapter.kt:179:36 Unresolved reference 'ItemPositionEnum'.
e: file:///Users/HONGBGU/Documents/seadroid/app/src/main/java/com/seafile/seadroid2/ui/repo/RepoQuickAdapter.kt:179:66 Unresolved reference 'item_position'.
e: file:///Users/HONGBGU/Documents/seadroid/app/src/main/java/com/seafile/seadroid2/ui/repo/RepoQuickAdapter.kt:179:83 Unresolved reference 'ItemPositionEnum'.
e: file:///Users/HONGBGU/Documents/seadroid/app/src/main/java/com/seafile/seadroid2/ui/repo/RepoQuickAdapter.kt:180:20 Unresolved reference 'binding'.
e: file:///Users/HONGBGU/Documents/seadroid/app/src/main/java/com/seafile/seadroid2/ui/repo/RepoQuickAdapter.kt:182:20 Unresolved reference 'binding'.
e: file:///Users/HONGBGU/Documents/seadroid/app/src/main/java/com/seafile/seadroid2/ui/repo/RepoQuickAdapter.kt:185:16 Unresolved reference 'binding'.
e: file:///Users/HONGBGU/Documents/seadroid/app/src/main/java/com/seafile/seadroid2/ui/repo/RepoQuickAdapter.kt:185:48 Unresolved reference 'repo_name'.
e: file:///Users/HONGBGU/Documents/seadroid/app/src/main/java/com/seafile/seadroid2/ui/repo/RepoQuickAdapter.kt:186:16 Unresolved reference 'binding'.
e: file:///Users/HONGBGU/Documents/seadroid/app/src/main/java/com/seafile/seadroid2/ui/repo/RepoQuickAdapter.kt:186:51 Unresolved reference 'getSubtitle'.
e: file:///Users/HONGBGU/Documents/seadroid/app/src/main/java/com/seafile/seadroid2/ui/repo/RepoQuickAdapter.kt:187:16 Unresolved reference 'binding'.
e: file:///Users/HONGBGU/Documents/seadroid/app/src/main/java/com/seafile/seadroid2/ui/repo/RepoQuickAdapter.kt:187:56 Unresolved reference 'getIcon'.
e: file:///Users/HONGBGU/Documents/seadroid/app/src/main/java/com/seafile/seadroid2/ui/repo/RepoQuickAdapter.kt:189:27 Unresolved reference 'ObjSelectType'.
e: file:///Users/HONGBGU/Documents/seadroid/app/src/main/java/com/seafile/seadroid2/ui/repo/RepoQuickAdapter.kt:190:20 Unresolved reference 'binding'.
e: file:///Users/HONGBGU/Documents/seadroid/app/src/main/java/com/seafile/seadroid2/ui/repo/RepoQuickAdapter.kt:192:23 Unresolved reference 'is_checked'.
e: file:///Users/HONGBGU/Documents/seadroid/app/src/main/java/com/seafile/seadroid2/ui/repo/RepoQuickAdapter.kt:193:24 Unresolved reference 'binding'.
e: file:///Users/HONGBGU/Documents/seadroid/app/src/main/java/com/seafile/seadroid2/ui/repo/RepoQuickAdapter.kt:193:65 Unresolved reference 'R'.
e: file:///Users/HONGBGU/Documents/seadroid/app/src/main/java/com/seafile/seadroid2/ui/repo/RepoQuickAdapter.kt:195:24 Unresolved reference 'binding'.
e: file:///Users/HONGBGU/Documents/seadroid/app/src/main/java/com/seafile/seadroid2/ui/repo/RepoQuickAdapter.kt:195:65 Unresolved reference 'R'.
e: file:///Users/HONGBGU/Documents/seadroid/app/src/main/java/com/seafile/seadroid2/ui/repo/RepoQuickAdapter.kt:198:20 Unresolved reference 'binding'.
e: file:///Users/HONGBGU/Documents/seadroid/app/src/main/java/com/seafile/seadroid2/ui/repo/RepoQuickAdapter.kt:202:16 Unresolved reference 'binding'.
e: file:///Users/HONGBGU/Documents/seadroid/app/src/main/java/com/seafile/seadroid2/ui/repo/RepoQuickAdapter.kt:204:16 Unresolved reference 'binding'.
e: file:///Users/HONGBGU/Documents/seadroid/app/src/main/java/com/seafile/seadroid2/ui/repo/RepoQuickAdapter.kt:204:61 Unresolved reference 'DP'.
e: file:///Users/HONGBGU/Documents/seadroid/app/src/main/java/com/seafile/seadroid2/ui/repo/RepoQuickAdapter.kt:205:16 Unresolved reference 'binding'.
e: file:///Users/HONGBGU/Documents/seadroid/app/src/main/java/com/seafile/seadroid2/ui/repo/RepoQuickAdapter.kt:208:23 Unresolved reference 'starred'.
e: file:///Users/HONGBGU/Documents/seadroid/app/src/main/java/com/seafile/seadroid2/ui/repo/RepoQuickAdapter.kt:214:17 Unresolved reference 'DirentViewHolder'.
e: file:///Users/HONGBGU/Documents/seadroid/app/src/main/java/com/seafile/seadroid2/ui/repo/RepoQuickAdapter.kt:215:16 Unresolved reference 'DirentModel'.
e: file:///Users/HONGBGU/Documents/seadroid/app/src/main/java/com/seafile/seadroid2/ui/repo/RepoQuickAdapter.kt:220:25 Unresolved reference 'Bundle'.
e: file:///Users/HONGBGU/Documents/seadroid/app/src/main/java/com/seafile/seadroid2/ui/repo/RepoQuickAdapter.kt:220:53 Unresolved reference 'Bundle'.
e: file:///Users/HONGBGU/Documents/seadroid/app/src/main/java/com/seafile/seadroid2/ui/repo/RepoQuickAdapter.kt:223:49 Unresolved reference 'getBoolean'.
e: file:///Users/HONGBGU/Documents/seadroid/app/src/main/java/com/seafile/seadroid2/ui/repo/RepoQuickAdapter.kt:224:61 Unresolved reference 'binding'.
e: file:///Users/HONGBGU/Documents/seadroid/app/src/main/java/com/seafile/seadroid2/ui/repo/RepoQuickAdapter.kt:229:28 Unresolved reference 'getBoolean'.
e: file:///Users/HONGBGU/Documents/seadroid/app/src/main/java/com/seafile/seadroid2/ui/repo/RepoQuickAdapter.kt:231:31 Unresolved reference 'isDir'.
e: file:///Users/HONGBGU/Documents/seadroid/app/src/main/java/com/seafile/seadroid2/ui/repo/RepoQuickAdapter.kt:232:32 Unresolved reference 'binding'.
e: file:///Users/HONGBGU/Documents/seadroid/app/src/main/java/com/seafile/seadroid2/ui/repo/RepoQuickAdapter.kt:233:32 Unresolved reference 'TextUtils'.
e: file:///Users/HONGBGU/Documents/seadroid/app/src/main/java/com/seafile/seadroid2/ui/repo/RepoQuickAdapter.kt:233:55 Unresolved reference 'id'.
e: file:///Users/HONGBGU/Documents/seadroid/app/src/main/java/com/seafile/seadroid2/ui/repo/RepoQuickAdapter.kt:233:65 Unresolved reference 'local_file_id'.
e: file:///Users/HONGBGU/Documents/seadroid/app/src/main/java/com/seafile/seadroid2/ui/repo/RepoQuickAdapter.kt:234:32 Unresolved reference 'binding'.
e: file:///Users/HONGBGU/Documents/seadroid/app/src/main/java/com/seafile/seadroid2/ui/repo/RepoQuickAdapter.kt:236:32 Unresolved reference 'binding'.
e: file:///Users/HONGBGU/Documents/seadroid/app/src/main/java/com/seafile/seadroid2/ui/repo/RepoQuickAdapter.kt:244:19 Unresolved reference 'item_position'.
e: file:///Users/HONGBGU/Documents/seadroid/app/src/main/java/com/seafile/seadroid2/ui/repo/RepoQuickAdapter.kt:244:36 Unresolved reference 'ItemPositionEnum'.
e: file:///Users/HONGBGU/Documents/seadroid/app/src/main/java/com/seafile/seadroid2/ui/repo/RepoQuickAdapter.kt:245:20 Unresolved reference 'itemView'.
e: file:///Users/HONGBGU/Documents/seadroid/app/src/main/java/com/seafile/seadroid2/ui/repo/RepoQuickAdapter.kt:246:26 Unresolved reference 'item_position'.
e: file:///Users/HONGBGU/Documents/seadroid/app/src/main/java/com/seafile/seadroid2/ui/repo/RepoQuickAdapter.kt:246:43 Unresolved reference 'ItemPositionEnum'.
e: file:///Users/HONGBGU/Documents/seadroid/app/src/main/java/com/seafile/seadroid2/ui/repo/RepoQuickAdapter.kt:247:20 Unresolved reference 'itemView'.
e: file:///Users/HONGBGU/Documents/seadroid/app/src/main/java/com/seafile/seadroid2/ui/repo/RepoQuickAdapter.kt:248:26 Unresolved reference 'item_position'.
e: file:///Users/HONGBGU/Documents/seadroid/app/src/main/java/com/seafile/seadroid2/ui/repo/RepoQuickAdapter.kt:248:43 Unresolved reference 'ItemPositionEnum'.
e: file:///Users/HONGBGU/Documents/seadroid/app/src/main/java/com/seafile/seadroid2/ui/repo/RepoQuickAdapter.kt:249:20 Unresolved reference 'itemView'.
e: file:///Users/HONGBGU/Documents/seadroid/app/src/main/java/com/seafile/seadroid2/ui/repo/RepoQuickAdapter.kt:251:20 Unresolved reference 'itemView'.
e: file:///Users/HONGBGU/Documents/seadroid/app/src/main/java/com/seafile/seadroid2/ui/repo/RepoQuickAdapter.kt:255:19 Unresolved reference 'item_position'.
e: file:///Users/HONGBGU/Documents/seadroid/app/src/main/java/com/seafile/seadroid2/ui/repo/RepoQuickAdapter.kt:255:36 Unresolved reference 'ItemPositionEnum'.
e: file:///Users/HONGBGU/Documents/seadroid/app/src/main/java/com/seafile/seadroid2/ui/repo/RepoQuickAdapter.kt:255:66 Unresolved reference 'item_position'.
e: file:///Users/HONGBGU/Documents/seadroid/app/src/main/java/com/seafile/seadroid2/ui/repo/RepoQuickAdapter.kt:255:83 Unresolved reference 'ItemPositionEnum'.
e: file:///Users/HONGBGU/Documents/seadroid/app/src/main/java/com/seafile/seadroid2/ui/repo/RepoQuickAdapter.kt:256:20 Unresolved reference 'binding'.
e: file:///Users/HONGBGU/Documents/seadroid/app/src/main/java/com/seafile/seadroid2/ui/repo/RepoQuickAdapter.kt:258:20 Unresolved reference 'binding'.
e: file:///Users/HONGBGU/Documents/seadroid/app/src/main/java/com/seafile/seadroid2/ui/repo/RepoQuickAdapter.kt:261:16 Unresolved reference 'binding'.
e: file:///Users/HONGBGU/Documents/seadroid/app/src/main/java/com/seafile/seadroid2/ui/repo/RepoQuickAdapter.kt:261:48 Unresolved reference 'name'.
e: file:///Users/HONGBGU/Documents/seadroid/app/src/main/java/com/seafile/seadroid2/ui/repo/RepoQuickAdapter.kt:262:16 Unresolved reference 'binding'.
e: file:///Users/HONGBGU/Documents/seadroid/app/src/main/java/com/seafile/seadroid2/ui/repo/RepoQuickAdapter.kt:262:51 Unresolved reference 'getSubtitle'.
e: file:///Users/HONGBGU/Documents/seadroid/app/src/main/java/com/seafile/seadroid2/ui/repo/RepoQuickAdapter.kt:265:19 Unresolved reference 'isDir'.
e: file:///Users/HONGBGU/Documents/seadroid/app/src/main/java/com/seafile/seadroid2/ui/repo/RepoQuickAdapter.kt:265:77 Unresolved reference 'name'.
e: file:///Users/HONGBGU/Documents/seadroid/app/src/main/java/com/seafile/seadroid2/ui/repo/RepoQuickAdapter.kt:266:23 Unresolved reference 'name'.
e: file:///Users/HONGBGU/Documents/seadroid/app/src/main/java/com/seafile/seadroid2/ui/repo/RepoQuickAdapter.kt:269:22 Overload resolution ambiguity between candidates:
@NonNull() static fun with(@NonNull() context: Context): GlideRequests
@Deprecated(...) @NonNull() static fun with(@NonNull() activity: Activity): GlideRequests
@NonNull() static fun with(@NonNull() activity: FragmentActivity): GlideRequests
@NonNull() static fun with(@NonNull() fragment: Fragment): GlideRequests
@Deprecated(...) @NonNull() static fun with(@NonNull() fragment: Fragment): GlideRequests
@NonNull() static fun with(@NonNull() view: View): GlideRequests
e: file:///Users/HONGBGU/Documents/seadroid/app/src/main/java/com/seafile/seadroid2/ui/repo/RepoQuickAdapter.kt:269:27 Unresolved reference 'context'.
e: file:///Users/HONGBGU/Documents/seadroid/app/src/main/java/com/seafile/seadroid2/ui/repo/RepoQuickAdapter.kt:270:18 Unresolved reference 'load'.
e: file:///Users/HONGBGU/Documents/seadroid/app/src/main/java/com/seafile/seadroid2/ui/repo/RepoQuickAdapter.kt:270:29 Unresolved reference 'getIcon'.
e: file:///Users/HONGBGU/Documents/seadroid/app/src/main/java/com/seafile/seadroid2/ui/repo/RepoQuickAdapter.kt:271:24 Unresolved reference 'GlideLoadConfig'.
e: file:///Users/HONGBGU/Documents/seadroid/app/src/main/java/com/seafile/seadroid2/ui/repo/RepoQuickAdapter.kt:272:18 Unresolved reference 'into'.
e: file:///Users/HONGBGU/Documents/seadroid/app/src/main/java/com/seafile/seadroid2/ui/repo/RepoQuickAdapter.kt:272:30 Unresolved reference 'binding'.
e: file:///Users/HONGBGU/Documents/seadroid/app/src/main/java/com/seafile/seadroid2/ui/repo/RepoQuickAdapter.kt:274:37 Unresolved reference 'binding'.
e: file:///Users/HONGBGU/Documents/seadroid/app/src/main/java/com/seafile/seadroid2/ui/repo/RepoQuickAdapter.kt:278:42 Unresolved reference 'binding'.
e: file:///Users/HONGBGU/Documents/seadroid/app/src/main/java/com/seafile/seadroid2/ui/repo/RepoQuickAdapter.kt:280:13 Unresolved reference 'ObjSelectType'.
e: file:///Users/HONGBGU/Documents/seadroid/app/src/main/java/com/seafile/seadroid2/ui/repo/RepoQuickAdapter.kt:281:20 Unresolved reference 'binding'.
e: file:///Users/HONGBGU/Documents/seadroid/app/src/main/java/com/seafile/seadroid2/ui/repo/RepoQuickAdapter.kt:282:17 Unresolved reference 'ContextCompat'.
e: file:///Users/HONGBGU/Documents/seadroid/app/src/main/java/com/seafile/seadroid2/ui/repo/RepoQuickAdapter.kt:283:21 Unresolved reference 'context'.
e: file:///Users/HONGBGU/Documents/seadroid/app/src/main/java/com/seafile/seadroid2/ui/repo/RepoQuickAdapter.kt:284:21 Unresolved reference 'R'.
e: file:///Users/HONGBGU/Documents/seadroid/app/src/main/java/com/seafile/seadroid2/ui/repo/RepoQuickAdapter.kt:287:20 Unresolved reference 'binding'.
e: file:///Users/HONGBGU/Documents/seadroid/app/src/main/java/com/seafile/seadroid2/ui/repo/RepoQuickAdapter.kt:288:17 Unresolved reference 'ContextCompat'.
e: file:///Users/HONGBGU/Documents/seadroid/app/src/main/java/com/seafile/seadroid2/ui/repo/RepoQuickAdapter.kt:289:21 Unresolved reference 'context'.
e: file:///Users/HONGBGU/Documents/seadroid/app/src/main/java/com/seafile/seadroid2/ui/repo/RepoQuickAdapter.kt:290:21 Unresolved reference 'R'.
e: file:///Users/HONGBGU/Documents/seadroid/app/src/main/java/com/seafile/seadroid2/ui/repo/RepoQuickAdapter.kt:299:24 Unresolved reference 'isDir'.
e: file:///Users/HONGBGU/Documents/seadroid/app/src/main/java/com/seafile/seadroid2/ui/repo/RepoQuickAdapter.kt:300:24 Unresolved reference 'binding'.
e: file:///Users/HONGBGU/Documents/seadroid/app/src/main/java/com/seafile/seadroid2/ui/repo/RepoQuickAdapter.kt:301:21 Unresolved reference 'ContextCompat'.
e: file:///Users/HONGBGU/Documents/seadroid/app/src/main/java/com/seafile/seadroid2/ui/repo/RepoQuickAdapter.kt:302:25 Unresolved reference 'context'.
e: file:///Users/HONGBGU/Documents/seadroid/app/src/main/java/com/seafile/seadroid2/ui/repo/RepoQuickAdapter.kt:303:25 Unresolved reference 'R'.
e: file:///Users/HONGBGU/Documents/seadroid/app/src/main/java/com/seafile/seadroid2/ui/repo/RepoQuickAdapter.kt:306:24 Unresolved reference 'binding'.
e: file:///Users/HONGBGU/Documents/seadroid/app/src/main/java/com/seafile/seadroid2/ui/repo/RepoQuickAdapter.kt:307:21 Unresolved reference 'ContextCompat'.
e: file:///Users/HONGBGU/Documents/seadroid/app/src/main/java/com/seafile/seadroid2/ui/repo/RepoQuickAdapter.kt:308:25 Unresolved reference 'context'.
e: file:///Users/HONGBGU/Documents/seadroid/app/src/main/java/com/seafile/seadroid2/ui/repo/RepoQuickAdapter.kt:309:25 Unresolved reference 'R'.
e: file:///Users/HONGBGU/Documents/seadroid/app/src/main/java/com/seafile/seadroid2/ui/repo/RepoQuickAdapter.kt:313:24 Unresolved reference 'binding'.
e: file:///Users/HONGBGU/Documents/seadroid/app/src/main/java/com/seafile/seadroid2/ui/repo/RepoQuickAdapter.kt:314:21 Unresolved reference 'ContextCompat'.
e: file:///Users/HONGBGU/Documents/seadroid/app/src/main/java/com/seafile/seadroid2/ui/repo/RepoQuickAdapter.kt:315:25 Unresolved reference 'context'.
e: file:///Users/HONGBGU/Documents/seadroid/app/src/main/java/com/seafile/seadroid2/ui/repo/RepoQuickAdapter.kt:316:25 Unresolved reference 'R'.
e: file:///Users/HONGBGU/Documents/seadroid/app/src/main/java/com/seafile/seadroid2/ui/repo/RepoQuickAdapter.kt:319:24 Unresolved reference 'binding'.
e: file:///Users/HONGBGU/Documents/seadroid/app/src/main/java/com/seafile/seadroid2/ui/repo/RepoQuickAdapter.kt:320:21 Unresolved reference 'ContextCompat'.
e: file:///Users/HONGBGU/Documents/seadroid/app/src/main/java/com/seafile/seadroid2/ui/repo/RepoQuickAdapter.kt:321:25 Unresolved reference 'context'.
e: file:///Users/HONGBGU/Documents/seadroid/app/src/main/java/com/seafile/seadroid2/ui/repo/RepoQuickAdapter.kt:322:25 Unresolved reference 'R'.
e: file:///Users/HONGBGU/Documents/seadroid/app/src/main/java/com/seafile/seadroid2/ui/repo/RepoQuickAdapter.kt:329:16 Unresolved reference 'binding'.
e: file:///Users/HONGBGU/Documents/seadroid/app/src/main/java/com/seafile/seadroid2/ui/repo/RepoQuickAdapter.kt:332:19 Unresolved reference 'isDir'.
e: file:///Users/HONGBGU/Documents/seadroid/app/src/main/java/com/seafile/seadroid2/ui/repo/RepoQuickAdapter.kt:333:20 Unresolved reference 'binding'.
e: file:///Users/HONGBGU/Documents/seadroid/app/src/main/java/com/seafile/seadroid2/ui/repo/RepoQuickAdapter.kt:334:20 Unresolved reference 'TextUtils'.
e: file:///Users/HONGBGU/Documents/seadroid/app/src/main/java/com/seafile/seadroid2/ui/repo/RepoQuickAdapter.kt:334:43 Unresolved reference 'id'.
e: file:///Users/HONGBGU/Documents/seadroid/app/src/main/java/com/seafile/seadroid2/ui/repo/RepoQuickAdapter.kt:334:53 Unresolved reference 'local_file_id'.
e: file:///Users/HONGBGU/Documents/seadroid/app/src/main/java/com/seafile/seadroid2/ui/repo/RepoQuickAdapter.kt:335:20 Unresolved reference 'binding'.
e: file:///Users/HONGBGU/Documents/seadroid/app/src/main/java/com/seafile/seadroid2/ui/repo/RepoQuickAdapter.kt:337:20 Unresolved reference 'binding'.
e: file:///Users/HONGBGU/Documents/seadroid/app/src/main/java/com/seafile/seadroid2/ui/repo/RepoQuickAdapter.kt:340:16 Unresolved reference 'binding'.
e: file:///Users/HONGBGU/Documents/seadroid/app/src/main/java/com/seafile/seadroid2/ui/repo/RepoQuickAdapter.kt:340:61 Unresolved reference 'DP'.
e: file:///Users/HONGBGU/Documents/seadroid/app/src/main/java/com/seafile/seadroid2/ui/repo/RepoQuickAdapter.kt:341:16 Unresolved reference 'binding'.
e: file:///Users/HONGBGU/Documents/seadroid/app/src/main/java/com/seafile/seadroid2/ui/repo/RepoQuickAdapter.kt:344:23 Unresolved reference 'starred'.
e: file:///Users/HONGBGU/Documents/seadroid/app/src/main/java/com/seafile/seadroid2/ui/repo/RepoQuickAdapter.kt:350:17 Unresolved reference 'DirentGridViewHolder'.
e: file:///Users/HONGBGU/Documents/seadroid/app/src/main/java/com/seafile/seadroid2/ui/repo/RepoQuickAdapter.kt:351:16 Unresolved reference 'DirentModel'.
e: file:///Users/HONGBGU/Documents/seadroid/app/src/main/java/com/seafile/seadroid2/ui/repo/RepoQuickAdapter.kt:356:25 Unresolved reference 'Bundle'.
e: file:///Users/HONGBGU/Documents/seadroid/app/src/main/java/com/seafile/seadroid2/ui/repo/RepoQuickAdapter.kt:356:53 Unresolved reference 'Bundle'.
e: file:///Users/HONGBGU/Documents/seadroid/app/src/main/java/com/seafile/seadroid2/ui/repo/RepoQuickAdapter.kt:359:49 Unresolved reference 'getBoolean'.
e: file:///Users/HONGBGU/Documents/seadroid/app/src/main/java/com/seafile/seadroid2/ui/repo/RepoQuickAdapter.kt:360:61 Unresolved reference 'binding'.
e: file:///Users/HONGBGU/Documents/seadroid/app/src/main/java/com/seafile/seadroid2/ui/repo/RepoQuickAdapter.kt:365:28 Unresolved reference 'getBoolean'.
e: file:///Users/HONGBGU/Documents/seadroid/app/src/main/java/com/seafile/seadroid2/ui/repo/RepoQuickAdapter.kt:367:31 Unresolved reference 'isDir'.
e: file:///Users/HONGBGU/Documents/seadroid/app/src/main/java/com/seafile/seadroid2/ui/repo/RepoQuickAdapter.kt:368:32 Unresolved reference 'binding'.
e: file:///Users/HONGBGU/Documents/seadroid/app/src/main/java/com/seafile/seadroid2/ui/repo/RepoQuickAdapter.kt:369:32 Unresolved reference 'TextUtils'.
e: file:///Users/HONGBGU/Documents/seadroid/app/src/main/java/com/seafile/seadroid2/ui/repo/RepoQuickAdapter.kt:369:55 Unresolved reference 'id'.
e: file:///Users/HONGBGU/Documents/seadroid/app/src/main/java/com/seafile/seadroid2/ui/repo/RepoQuickAdapter.kt:369:65 Unresolved reference 'local_file_id'.
e: file:///Users/HONGBGU/Documents/seadroid/app/src/main/java/com/seafile/seadroid2/ui/repo/RepoQuickAdapter.kt:370:32 Unresolved reference 'binding'.
e: file:///Users/HONGBGU/Documents/seadroid/app/src/main/java/com/seafile/seadroid2/ui/repo/RepoQuickAdapter.kt:372:32 Unresolved reference 'binding'.
e: file:///Users/HONGBGU/Documents/seadroid/app/src/main/java/com/seafile/seadroid2/ui/repo/RepoQuickAdapter.kt:381:16 Unresolved reference 'itemView'.
e: file:///Users/HONGBGU/Documents/seadroid/app/src/main/java/com/seafile/seadroid2/ui/repo/RepoQuickAdapter.kt:383:16 Unresolved reference 'binding'.
e: file:///Users/HONGBGU/Documents/seadroid/app/src/main/java/com/seafile/seadroid2/ui/repo/RepoQuickAdapter.kt:383:48 Unresolved reference 'name'.
e: file:///Users/HONGBGU/Documents/seadroid/app/src/main/java/com/seafile/seadroid2/ui/repo/RepoQuickAdapter.kt:386:19 Unresolved reference 'isDir'.
e: file:///Users/HONGBGU/Documents/seadroid/app/src/main/java/com/seafile/seadroid2/ui/repo/RepoQuickAdapter.kt:387:20 Unresolved reference 'binding'.
e: file:///Users/HONGBGU/Documents/seadroid/app/src/main/java/com/seafile/seadroid2/ui/repo/RepoQuickAdapter.kt:389:20 Unresolved reference 'binding'.
e: file:///Users/HONGBGU/Documents/seadroid/app/src/main/java/com/seafile/seadroid2/ui/repo/RepoQuickAdapter.kt:392:19 Unresolved reference 'isDir'.
e: file:///Users/HONGBGU/Documents/seadroid/app/src/main/java/com/seafile/seadroid2/ui/repo/RepoQuickAdapter.kt:392:77 Unresolved reference 'name'.
e: file:///Users/HONGBGU/Documents/seadroid/app/src/main/java/com/seafile/seadroid2/ui/repo/RepoQuickAdapter.kt:393:23 Unresolved reference 'name'.
e: file:///Users/HONGBGU/Documents/seadroid/app/src/main/java/com/seafile/seadroid2/ui/repo/RepoQuickAdapter.kt:396:20 Unresolved reference 'binding'.
e: file:///Users/HONGBGU/Documents/seadroid/app/src/main/java/com/seafile/seadroid2/ui/repo/RepoQuickAdapter.kt:397:22 Overload resolution ambiguity between candidates:
@NonNull() static fun with(@NonNull() context: Context): GlideRequests
@Deprecated(...) @NonNull() static fun with(@NonNull() activity: Activity): GlideRequests
@NonNull() static fun with(@NonNull() activity: FragmentActivity): GlideRequests
@NonNull() static fun with(@NonNull() fragment: Fragment): GlideRequests
@Deprecated(...) @NonNull() static fun with(@NonNull() fragment: Fragment): GlideRequests
@NonNull() static fun with(@NonNull() view: View): GlideRequests
e: file:///Users/HONGBGU/Documents/seadroid/app/src/main/java/com/seafile/seadroid2/ui/repo/RepoQuickAdapter.kt:397:27 Unresolved reference 'context'.
e: file:///Users/HONGBGU/Documents/seadroid/app/src/main/java/com/seafile/seadroid2/ui/repo/RepoQuickAdapter.kt:398:18 Unresolved reference 'load'.
e: file:///Users/HONGBGU/Documents/seadroid/app/src/main/java/com/seafile/seadroid2/ui/repo/RepoQuickAdapter.kt:398:29 Unresolved reference 'getIcon'.
e: file:///Users/HONGBGU/Documents/seadroid/app/src/main/java/com/seafile/seadroid2/ui/repo/RepoQuickAdapter.kt:399:24 Unresolved reference 'GlideLoadConfig'.
e: file:///Users/HONGBGU/Documents/seadroid/app/src/main/java/com/seafile/seadroid2/ui/repo/RepoQuickAdapter.kt:400:18 Unresolved reference 'into'.
e: file:///Users/HONGBGU/Documents/seadroid/app/src/main/java/com/seafile/seadroid2/ui/repo/RepoQuickAdapter.kt:400:30 Unresolved reference 'binding'.
e: file:///Users/HONGBGU/Documents/seadroid/app/src/main/java/com/seafile/seadroid2/ui/repo/RepoQuickAdapter.kt:402:20 Unresolved reference 'binding'.
e: file:///Users/HONGBGU/Documents/seadroid/app/src/main/java/com/seafile/seadroid2/ui/repo/RepoQuickAdapter.kt:403:37 Unresolved reference 'binding'.
e: file:///Users/HONGBGU/Documents/seadroid/app/src/main/java/com/seafile/seadroid2/ui/repo/RepoQuickAdapter.kt:407:42 Unresolved reference 'binding'.
e: file:///Users/HONGBGU/Documents/seadroid/app/src/main/java/com/seafile/seadroid2/ui/repo/RepoQuickAdapter.kt:409:19 Unresolved reference 'isDir'.
e: file:///Users/HONGBGU/Documents/seadroid/app/src/main/java/com/seafile/seadroid2/ui/repo/RepoQuickAdapter.kt:410:20 Unresolved reference 'binding'.
e: file:///Users/HONGBGU/Documents/seadroid/app/src/main/java/com/seafile/seadroid2/ui/repo/RepoQuickAdapter.kt:411:20 Unresolved reference 'TextUtils'.
e: file:///Users/HONGBGU/Documents/seadroid/app/src/main/java/com/seafile/seadroid2/ui/repo/RepoQuickAdapter.kt:411:43 Unresolved reference 'id'.
e: file:///Users/HONGBGU/Documents/seadroid/app/src/main/java/com/seafile/seadroid2/ui/repo/RepoQuickAdapter.kt:411:53 Unresolved reference 'local_file_id'.
e: file:///Users/HONGBGU/Documents/seadroid/app/src/main/java/com/seafile/seadroid2/ui/repo/RepoQuickAdapter.kt:412:20 Unresolved reference 'binding'.
e: file:///Users/HONGBGU/Documents/seadroid/app/src/main/java/com/seafile/seadroid2/ui/repo/RepoQuickAdapter.kt:414:20 Unresolved reference 'binding'.
e: file:///Users/HONGBGU/Documents/seadroid/app/src/main/java/com/seafile/seadroid2/ui/repo/RepoQuickAdapter.kt:417:16 Unresolved reference 'binding'.
e: file:///Users/HONGBGU/Documents/seadroid/app/src/main/java/com/seafile/seadroid2/ui/repo/RepoQuickAdapter.kt:417:61 Unresolved reference 'DP'.
e: file:///Users/HONGBGU/Documents/seadroid/app/src/main/java/com/seafile/seadroid2/ui/repo/RepoQuickAdapter.kt:418:16 Unresolved reference 'binding'.
e: file:///Users/HONGBGU/Documents/seadroid/app/src/main/java/com/seafile/seadroid2/ui/repo/RepoQuickAdapter.kt:421:23 Unresolved reference 'starred'.
e: file:///Users/HONGBGU/Documents/seadroid/app/src/main/java/com/seafile/seadroid2/ui/repo/RepoQuickAdapter.kt:427:17 Unresolved reference 'DirentGalleryViewHolder'.
e: file:///Users/HONGBGU/Documents/seadroid/app/src/main/java/com/seafile/seadroid2/ui/repo/RepoQuickAdapter.kt:428:16 Unresolved reference 'DirentModel'.
e: file:///Users/HONGBGU/Documents/seadroid/app/src/main/java/com/seafile/seadroid2/ui/repo/RepoQuickAdapter.kt:433:25 Unresolved reference 'Bundle'.
e: file:///Users/HONGBGU/Documents/seadroid/app/src/main/java/com/seafile/seadroid2/ui/repo/RepoQuickAdapter.kt:433:53 Unresolved reference 'Bundle'.
e: file:///Users/HONGBGU/Documents/seadroid/app/src/main/java/com/seafile/seadroid2/ui/repo/RepoQuickAdapter.kt:436:49 Unresolved reference 'getBoolean'.
e: file:///Users/HONGBGU/Documents/seadroid/app/src/main/java/com/seafile/seadroid2/ui/repo/RepoQuickAdapter.kt:437:61 Unresolved reference 'binding'.
e: file:///Users/HONGBGU/Documents/seadroid/app/src/main/java/com/seafile/seadroid2/ui/repo/RepoQuickAdapter.kt:446:16 Unresolved reference 'itemView'.
e: file:///Users/HONGBGU/Documents/seadroid/app/src/main/java/com/seafile/seadroid2/ui/repo/RepoQuickAdapter.kt:448:19 Unresolved reference 'isDir'.
e: file:///Users/HONGBGU/Documents/seadroid/app/src/main/java/com/seafile/seadroid2/ui/repo/RepoQuickAdapter.kt:448:77 Unresolved reference 'name'.
e: file:///Users/HONGBGU/Documents/seadroid/app/src/main/java/com/seafile/seadroid2/ui/repo/RepoQuickAdapter.kt:449:23 Unresolved reference 'name'.
e: file:///Users/HONGBGU/Documents/seadroid/app/src/main/java/com/seafile/seadroid2/ui/repo/RepoQuickAdapter.kt:452:22 Overload resolution ambiguity between candidates:
@NonNull() static fun with(@NonNull() context: Context): GlideRequests
@Deprecated(...) @NonNull() static fun with(@NonNull() activity: Activity): GlideRequests
@NonNull() static fun with(@NonNull() activity: FragmentActivity): GlideRequests
@NonNull() static fun with(@NonNull() fragment: Fragment): GlideRequests
@Deprecated(...) @NonNull() static fun with(@NonNull() fragment: Fragment): GlideRequests
@NonNull() static fun with(@NonNull() view: View): GlideRequests
e: file:///Users/HONGBGU/Documents/seadroid/app/src/main/java/com/seafile/seadroid2/ui/repo/RepoQuickAdapter.kt:452:27 Unresolved reference 'context'.
e: file:///Users/HONGBGU/Documents/seadroid/app/src/main/java/com/seafile/seadroid2/ui/repo/RepoQuickAdapter.kt:453:18 Unresolved reference 'load'.
e: file:///Users/HONGBGU/Documents/seadroid/app/src/main/java/com/seafile/seadroid2/ui/repo/RepoQuickAdapter.kt:453:29 Unresolved reference 'getIcon'.
e: file:///Users/HONGBGU/Documents/seadroid/app/src/main/java/com/seafile/seadroid2/ui/repo/RepoQuickAdapter.kt:454:24 Unresolved reference 'GlideLoadConfig'.
e: file:///Users/HONGBGU/Documents/seadroid/app/src/main/java/com/seafile/seadroid2/ui/repo/RepoQuickAdapter.kt:455:18 Unresolved reference 'into'.
e: file:///Users/HONGBGU/Documents/seadroid/app/src/main/java/com/seafile/seadroid2/ui/repo/RepoQuickAdapter.kt:455:30 Unresolved reference 'binding'.
e: file:///Users/HONGBGU/Documents/seadroid/app/src/main/java/com/seafile/seadroid2/ui/repo/RepoQuickAdapter.kt:457:37 Unresolved reference 'binding'.
e: file:///Users/HONGBGU/Documents/seadroid/app/src/main/java/com/seafile/seadroid2/ui/repo/RepoQuickAdapter.kt:460:42 Unresolved reference 'binding'.
e: file:///Users/HONGBGU/Documents/seadroid/app/src/main/java/com/seafile/seadroid2/ui/repo/RepoQuickAdapter.kt:465:40 Unresolved reference 'R'.
e: file:///Users/HONGBGU/Documents/seadroid/app/src/main/java/com/seafile/seadroid2/ui/repo/RepoQuickAdapter.kt:467:40 Unresolved reference 'R'.
e: file:///Users/HONGBGU/Documents/seadroid/app/src/main/java/com/seafile/seadroid2/ui/repo/RepoQuickAdapter.kt:471:72 Unresolved reference 'DirentModel'.
e: file:///Users/HONGBGU/Documents/seadroid/app/src/main/java/com/seafile/seadroid2/ui/repo/RepoQuickAdapter.kt:476:23 Unresolved reference 'is_checked'.
e: file:///Users/HONGBGU/Documents/seadroid/app/src/main/java/com/seafile/seadroid2/ui/repo/RepoQuickAdapter.kt:477:44 Unresolved reference 'R'.
e: file:///Users/HONGBGU/Documents/seadroid/app/src/main/java/com/seafile/seadroid2/ui/repo/RepoQuickAdapter.kt:479:44 Unresolved reference 'R'.
e: file:///Users/HONGBGU/Documents/seadroid/app/src/main/java/com/seafile/seadroid2/ui/repo/RepoQuickAdapter.kt:484:40 Unresolved reference 'R'.
e: file:///Users/HONGBGU/Documents/seadroid/app/src/main/java/com/seafile/seadroid2/ui/repo/RepoQuickAdapter.kt:488:38 Unresolved reference 'DirentViewHolder'.
e: file:///Users/HONGBGU/Documents/seadroid/app/src/main/java/com/seafile/seadroid2/ui/repo/RepoQuickAdapter.kt:488:63 Unresolved reference 'SearchModel'.
e: file:///Users/HONGBGU/Documents/seadroid/app/src/main/java/com/seafile/seadroid2/ui/repo/RepoQuickAdapter.kt:493:19 Unresolved reference 'item_position'.
e: file:///Users/HONGBGU/Documents/seadroid/app/src/main/java/com/seafile/seadroid2/ui/repo/RepoQuickAdapter.kt:493:36 Unresolved reference 'ItemPositionEnum'.
e: file:///Users/HONGBGU/Documents/seadroid/app/src/main/java/com/seafile/seadroid2/ui/repo/RepoQuickAdapter.kt:494:20 Unresolved reference 'itemView'.
e: file:///Users/HONGBGU/Documents/seadroid/app/src/main/java/com/seafile/seadroid2/ui/repo/RepoQuickAdapter.kt:495:26 Unresolved reference 'item_position'.
e: file:///Users/HONGBGU/Documents/seadroid/app/src/main/java/com/seafile/seadroid2/ui/repo/RepoQuickAdapter.kt:495:43 Unresolved reference 'ItemPositionEnum'.
e: file:///Users/HONGBGU/Documents/seadroid/app/src/main/java/com/seafile/seadroid2/ui/repo/RepoQuickAdapter.kt:496:20 Unresolved reference 'itemView'.
e: file:///Users/HONGBGU/Documents/seadroid/app/src/main/java/com/seafile/seadroid2/ui/repo/RepoQuickAdapter.kt:497:26 Unresolved reference 'item_position'.
e: file:///Users/HONGBGU/Documents/seadroid/app/src/main/java/com/seafile/seadroid2/ui/repo/RepoQuickAdapter.kt:497:43 Unresolved reference 'ItemPositionEnum'.
e: file:///Users/HONGBGU/Documents/seadroid/app/src/main/java/com/seafile/seadroid2/ui/repo/RepoQuickAdapter.kt:498:20 Unresolved reference 'itemView'.
e: file:///Users/HONGBGU/Documents/seadroid/app/src/main/java/com/seafile/seadroid2/ui/repo/RepoQuickAdapter.kt:500:20 Unresolved reference 'itemView'.
e: file:///Users/HONGBGU/Documents/seadroid/app/src/main/java/com/seafile/seadroid2/ui/repo/RepoQuickAdapter.kt:504:19 Unresolved reference 'item_position'.
e: file:///Users/HONGBGU/Documents/seadroid/app/src/main/java/com/seafile/seadroid2/ui/repo/RepoQuickAdapter.kt:504:36 Unresolved reference 'ItemPositionEnum'.
e: file:///Users/HONGBGU/Documents/seadroid/app/src/main/java/com/seafile/seadroid2/ui/repo/RepoQuickAdapter.kt:505:20 Unresolved reference 'binding'.
e: file:///Users/HONGBGU/Documents/seadroid/app/src/main/java/com/seafile/seadroid2/ui/repo/RepoQuickAdapter.kt:507:20 Unresolved reference 'binding'.
e: file:///Users/HONGBGU/Documents/seadroid/app/src/main/java/com/seafile/seadroid2/ui/repo/RepoQuickAdapter.kt:511:27 Unresolved reference 'MarginLayoutParams'.
e: file:///Users/HONGBGU/Documents/seadroid/app/src/main/java/com/seafile/seadroid2/ui/repo/RepoQuickAdapter.kt:512:20 Unresolved reference 'itemView'.
e: file:///Users/HONGBGU/Documents/seadroid/app/src/main/java/com/seafile/seadroid2/ui/repo/RepoQuickAdapter.kt:512:50 Unresolved reference 'MarginLayoutParams'.
e: file:///Users/HONGBGU/Documents/seadroid/app/src/main/java/com/seafile/seadroid2/ui/repo/RepoQuickAdapter.kt:513:19 Unresolved reference 'item_position'.
e: file:///Users/HONGBGU/Documents/seadroid/app/src/main/java/com/seafile/seadroid2/ui/repo/RepoQuickAdapter.kt:513:36 Unresolved reference 'ItemPositionEnum'.
e: file:///Users/HONGBGU/Documents/seadroid/app/src/main/java/com/seafile/seadroid2/ui/repo/RepoQuickAdapter.kt:513:68 Unresolved reference 'item_position'.
e: file:///Users/HONGBGU/Documents/seadroid/app/src/main/java/com/seafile/seadroid2/ui/repo/RepoQuickAdapter.kt:513:85 Unresolved reference 'ItemPositionEnum'.
e: file:///Users/HONGBGU/Documents/seadroid/app/src/main/java/com/seafile/seadroid2/ui/repo/RepoQuickAdapter.kt:514:26 Unresolved reference 'topMargin'.
e: file:///Users/HONGBGU/Documents/seadroid/app/src/main/java/com/seafile/seadroid2/ui/repo/RepoQuickAdapter.kt:514:38 Unresolved reference 'DP'.
e: file:///Users/HONGBGU/Documents/seadroid/app/src/main/java/com/seafile/seadroid2/ui/repo/RepoQuickAdapter.kt:516:26 Unresolved reference 'topMargin'.
e: file:///Users/HONGBGU/Documents/seadroid/app/src/main/java/com/seafile/seadroid2/ui/repo/RepoQuickAdapter.kt:518:16 Unresolved reference 'itemView'.
e: file:///Users/HONGBGU/Documents/seadroid/app/src/main/java/com/seafile/seadroid2/ui/repo/RepoQuickAdapter.kt:520:20 Unresolved reference 'isDir'.
e: file:///Users/HONGBGU/Documents/seadroid/app/src/main/java/com/seafile/seadroid2/ui/repo/RepoQuickAdapter.kt:521:40 Unresolved reference 'URLs'.
e: file:///Users/HONGBGU/Documents/seadroid/app/src/main/java/com/seafile/seadroid2/ui/repo/RepoQuickAdapter.kt:521:75 Unresolved reference 'fullpath'.
e: file:///Users/HONGBGU/Documents/seadroid/app/src/main/java/com/seafile/seadroid2/ui/repo/RepoQuickAdapter.kt:522:20 Unresolved reference 'binding'.
e: file:///Users/HONGBGU/Documents/seadroid/app/src/main/java/com/seafile/seadroid2/ui/repo/RepoQuickAdapter.kt:524:20 Unresolved reference 'binding'.
e: file:///Users/HONGBGU/Documents/seadroid/app/src/main/java/com/seafile/seadroid2/ui/repo/RepoQuickAdapter.kt:524:52 Unresolved reference 'name'.
e: file:///Users/HONGBGU/Documents/seadroid/app/src/main/java/com/seafile/seadroid2/ui/repo/RepoQuickAdapter.kt:526:16 Unresolved reference 'binding'.
e: file:///Users/HONGBGU/Documents/seadroid/app/src/main/java/com/seafile/seadroid2/ui/repo/RepoQuickAdapter.kt:526:51 Unresolved reference 'getSubtitle'.
e: file:///Users/HONGBGU/Documents/seadroid/app/src/main/java/com/seafile/seadroid2/ui/repo/RepoQuickAdapter.kt:528:60 Unresolved reference 'name'.
e: file:///Users/HONGBGU/Documents/seadroid/app/src/main/java/com/seafile/seadroid2/ui/repo/RepoQuickAdapter.kt:528:94 Unresolved reference 'name'.
e: file:///Users/HONGBGU/Documents/seadroid/app/src/main/java/com/seafile/seadroid2/ui/repo/RepoQuickAdapter.kt:529:20 Unresolved reference 'binding'.
e: file:///Users/HONGBGU/Documents/seadroid/app/src/main/java/com/seafile/seadroid2/ui/repo/RepoQuickAdapter.kt:529:60 Unresolved reference 'getIcon'.
e: file:///Users/HONGBGU/Documents/seadroid/app/src/main/java/com/seafile/seadroid2/ui/repo/RepoQuickAdapter.kt:531:30 Unresolved reference 'DirentModel'.
e: file:///Users/HONGBGU/Documents/seadroid/app/src/main/java/com/seafile/seadroid2/ui/repo/RepoQuickAdapter.kt:531:44 Unresolved reference 'DirentModel'.
e: file:///Users/HONGBGU/Documents/seadroid/app/src/main/java/com/seafile/seadroid2/ui/repo/RepoQuickAdapter.kt:532:25 Unresolved reference 'full_path'.
e: file:///Users/HONGBGU/Documents/seadroid/app/src/main/java/com/seafile/seadroid2/ui/repo/RepoQuickAdapter.kt:532:43 Unresolved reference 'fullpath'.
e: file:///Users/HONGBGU/Documents/seadroid/app/src/main/java/com/seafile/seadroid2/ui/repo/RepoQuickAdapter.kt:533:25 Unresolved reference 'repo_id'.
e: file:///Users/HONGBGU/Documents/seadroid/app/src/main/java/com/seafile/seadroid2/ui/repo/RepoQuickAdapter.kt:533:41 Unresolved reference 'repo_id'.
e: file:///Users/HONGBGU/Documents/seadroid/app/src/main/java/com/seafile/seadroid2/ui/repo/RepoQuickAdapter.kt:534:43 Unresolved reference 'binding'.
e: file:///Users/HONGBGU/Documents/seadroid/app/src/main/java/com/seafile/seadroid2/ui/repo/RepoQuickAdapter.kt:537:16 Unresolved reference 'binding'.
e: file:///Users/HONGBGU/Documents/seadroid/app/src/main/java/com/seafile/seadroid2/ui/repo/RepoQuickAdapter.kt:538:16 Unresolved reference 'binding'.
e: file:///Users/HONGBGU/Documents/seadroid/app/src/main/java/com/seafile/seadroid2/ui/repo/RepoQuickAdapter.kt:540:16 Unresolved reference 'binding'.
e: file:///Users/HONGBGU/Documents/seadroid/app/src/main/java/com/seafile/seadroid2/ui/repo/RepoQuickAdapter.kt:542:16 Unresolved reference 'binding'.
e: file:///Users/HONGBGU/Documents/seadroid/app/src/main/java/com/seafile/seadroid2/ui/repo/RepoQuickAdapter.kt:548:40 Unresolved reference 'DirentModel'.
e: file:///Users/HONGBGU/Documents/seadroid/app/src/main/java/com/seafile/seadroid2/ui/repo/RepoQuickAdapter.kt:550:13 Unresolved reference 'TextUtils'.
e: file:///Users/HONGBGU/Documents/seadroid/app/src/main/java/com/seafile/seadroid2/ui/repo/RepoQuickAdapter.kt:551:22 Overload resolution ambiguity between candidates:
@NonNull() static fun with(@NonNull() context: Context): GlideRequests
@Deprecated(...) @NonNull() static fun with(@NonNull() activity: Activity): GlideRequests
@NonNull() static fun with(@NonNull() activity: FragmentActivity): GlideRequests
@NonNull() static fun with(@NonNull() fragment: Fragment): GlideRequests
@Deprecated(...) @NonNull() static fun with(@NonNull() fragment: Fragment): GlideRequests
@NonNull() static fun with(@NonNull() view: View): GlideRequests
e: file:///Users/HONGBGU/Documents/seadroid/app/src/main/java/com/seafile/seadroid2/ui/repo/RepoQuickAdapter.kt:551:27 Unresolved reference 'context'.
e: file:///Users/HONGBGU/Documents/seadroid/app/src/main/java/com/seafile/seadroid2/ui/repo/RepoQuickAdapter.kt:552:18 Unresolved reference 'load'.
e: file:///Users/HONGBGU/Documents/seadroid/app/src/main/java/com/seafile/seadroid2/ui/repo/RepoQuickAdapter.kt:552:35 Unresolved reference 'getIcon'.
e: file:///Users/HONGBGU/Documents/seadroid/app/src/main/java/com/seafile/seadroid2/ui/repo/RepoQuickAdapter.kt:553:24 Unresolved reference 'GlideLoadConfig'.
e: file:///Users/HONGBGU/Documents/seadroid/app/src/main/java/com/seafile/seadroid2/ui/repo/RepoQuickAdapter.kt:554:18 Unresolved reference 'into'.
e: file:///Users/HONGBGU/Documents/seadroid/app/src/main/java/com/seafile/seadroid2/ui/repo/RepoQuickAdapter.kt:558:32 Unresolved reference 'EncryptUtils'.
e: file:///Users/HONGBGU/Documents/seadroid/app/src/main/java/com/seafile/seadroid2/ui/repo/RepoQuickAdapter.kt:560:18 Overload resolution ambiguity between candidates:
@NonNull() static fun with(@NonNull() context: Context): GlideRequests
@Deprecated(...) @NonNull() static fun with(@NonNull() activity: Activity): GlideRequests
@NonNull() static fun with(@NonNull() activity: FragmentActivity): GlideRequests
@NonNull() static fun with(@NonNull() fragment: Fragment): GlideRequests
@Deprecated(...) @NonNull() static fun with(@NonNull() fragment: Fragment): GlideRequests
@NonNull() static fun with(@NonNull() view: View): GlideRequests
e: file:///Users/HONGBGU/Documents/seadroid/app/src/main/java/com/seafile/seadroid2/ui/repo/RepoQuickAdapter.kt:560:23 Unresolved reference 'context'.
e: file:///Users/HONGBGU/Documents/seadroid/app/src/main/java/com/seafile/seadroid2/ui/repo/RepoQuickAdapter.kt:561:14 Unresolved reference 'load'.
e: file:///Users/HONGBGU/Documents/seadroid/app/src/main/java/com/seafile/seadroid2/ui/repo/RepoQuickAdapter.kt:562:24 Unresolved reference 'ObjectKey'.
e: file:///Users/HONGBGU/Documents/seadroid/app/src/main/java/com/seafile/seadroid2/ui/repo/RepoQuickAdapter.kt:563:20 Unresolved reference 'GlideLoadConfig'.
e: file:///Users/HONGBGU/Documents/seadroid/app/src/main/java/com/seafile/seadroid2/ui/repo/RepoQuickAdapter.kt:563:73 Unresolved reference 'getIcon'.
e: file:///Users/HONGBGU/Documents/seadroid/app/src/main/java/com/seafile/seadroid2/ui/repo/RepoQuickAdapter.kt:564:14 Unresolved reference 'into'.
e: file:///Users/HONGBGU/Documents/seadroid/app/src/main/java/com/seafile/seadroid2/ui/repo/RepoQuickAdapter.kt:568:36 Unresolved reference 'SupportAccountManager'.
e: file:///Users/HONGBGU/Documents/seadroid/app/src/main/java/com/seafile/seadroid2/ui/repo/RepoQuickAdapter.kt:571:13 Unresolved reference 'not' for operator '!'.
e: file:///Users/HONGBGU/Documents/seadroid/app/src/main/java/com/seafile/seadroid2/ui/repo/RepoQuickAdapter.kt:571:14 Unresolved reference 'TextUtils'.
e: file:///Users/HONGBGU/Documents/seadroid/app/src/main/java/com/seafile/seadroid2/ui/repo/RepoQuickAdapter.kt:579:22 Unresolved reference 'HttpIO'.
e: file:///Users/HONGBGU/Documents/seadroid/app/src/main/java/com/seafile/seadroid2/ui/repo/RepoQuickAdapter.kt:583:50 Unresolved reference 'DirentModel'.
e: file:///Users/HONGBGU/Documents/seadroid/app/src/main/java/com/seafile/seadroid2/ui/repo/RepoQuickAdapter.kt:585:13 Unresolved reference 'TextUtils'.
e: file:///Users/HONGBGU/Documents/seadroid/app/src/main/java/com/seafile/seadroid2/ui/repo/RepoQuickAdapter.kt:589:13 Argument type mismatch: actual type is 'kotlin.String?', but 'kotlin.String' was expected.
e: file:///Users/HONGBGU/Documents/seadroid/app/src/main/java/com/seafile/seadroid2/ui/repo/RepoQuickAdapter.kt:590:25 Unresolved reference 'repo_id'.
e: file:///Users/HONGBGU/Documents/seadroid/app/src/main/java/com/seafile/seadroid2/ui/repo/RepoQuickAdapter.kt:591:25 Unresolved reference 'full_path'.
e: file:///Users/HONGBGU/Documents/seadroid/app/src/main/java/com/seafile/seadroid2/ui/repo/RepoQuickAdapter.kt:603:9 Unresolved reference 'notifyItemRangeChanged'.
e: file:///Users/HONGBGU/Documents/seadroid/app/src/main/java/com/seafile/seadroid2/ui/repo/RepoQuickAdapter.kt:603:35 Unresolved reference 'getItemCount'.
e: file:///Users/HONGBGU/Documents/seadroid/app/src/main/java/com/seafile/seadroid2/ui/repo/RepoQuickAdapter.kt:611:22 Method 'iterator()' is ambiguous for this expression. Applicable candidates:
fun <T> Enumeration<T>.iterator(): Iterator<T>
@InlineOnly() fun <T> Iterator<T>.iterator(): Iterator<T>
@InlineOnly() fun <K, V> Map<out K, V>.iterator(): Iterator<Map.Entry<K, V>>
@JvmName(...) @InlineOnly() fun <K, V> MutableMap<K, V>.iterator(): MutableIterator<MutableMap.MutableEntry<K, V>>
fun CharSequence.iterator(): CharIterator
fun BufferedInputStream.iterator(): ByteIterator
e: file:///Users/HONGBGU/Documents/seadroid/app/src/main/java/com/seafile/seadroid2/ui/repo/RepoQuickAdapter.kt:611:22 Unresolved reference 'items'.
e: file:///Users/HONGBGU/Documents/seadroid/app/src/main/java/com/seafile/seadroid2/ui/repo/RepoQuickAdapter.kt:619:21 Unresolved reference 'Bundle'.
e: file:///Users/HONGBGU/Documents/seadroid/app/src/main/java/com/seafile/seadroid2/ui/repo/RepoQuickAdapter.kt:619:30 Unresolved reference 'Bundle'.
e: file:///Users/HONGBGU/Documents/seadroid/app/src/main/java/com/seafile/seadroid2/ui/repo/RepoQuickAdapter.kt:620:16 Unresolved reference 'putBoolean'.
e: file:///Users/HONGBGU/Documents/seadroid/app/src/main/java/com/seafile/seadroid2/ui/repo/RepoQuickAdapter.kt:621:9 Unresolved reference 'notifyItemRangeChanged'.
e: file:///Users/HONGBGU/Documents/seadroid/app/src/main/java/com/seafile/seadroid2/ui/repo/RepoQuickAdapter.kt:621:35 Unresolved reference 'getItemCount'.
e: file:///Users/HONGBGU/Documents/seadroid/app/src/main/java/com/seafile/seadroid2/ui/repo/RepoQuickAdapter.kt:624:40 Unresolved reference 'BaseModel'.
e: file:///Users/HONGBGU/Documents/seadroid/app/src/main/java/com/seafile/seadroid2/ui/repo/RepoQuickAdapter.kt:625:16 Unresolved reference 'items'.
e: file:///Users/HONGBGU/Documents/seadroid/app/src/main/java/com/seafile/seadroid2/ui/repo/RepoQuickAdapter.kt:625:43 Unresolved reference 'BaseModel'.
e: file:///Users/HONGBGU/Documents/seadroid/app/src/main/java/com/seafile/seadroid2/ui/repo/RepoQuickAdapter.kt:625:59 Unresolved reference 'is_checked'.
e: file:///Users/HONGBGU/Documents/seadroid/app/src/main/java/com/seafile/seadroid2/ui/repo/RepoQuickAdapter.kt:625:72 Unresolved reference 'collect'.
e: file:///Users/HONGBGU/Documents/seadroid/app/src/main/java/com/seafile/seadroid2/ui/repo/RepoQuickAdapter.kt:632:19 Unresolved reference 'BaseModel'.
e: file:///Users/HONGBGU/Documents/seadroid/app/src/main/java/com/seafile/seadroid2/ui/repo/RepoQuickAdapter.kt:632:31 Unresolved reference 'items'.
e: file:///Users/HONGBGU/Documents/seadroid/app/src/main/java/com/seafile/seadroid2/ui/repo/RepoQuickAdapter.kt:636:18 Unresolved reference 'is_checked'.
e: file:///Users/HONGBGU/Documents/seadroid/app/src/main/java/com/seafile/seadroid2/ui/repo/RepoQuickAdapter.kt:636:37 Unresolved reference 'is_checked'.
e: file:///Users/HONGBGU/Documents/seadroid/app/src/main/java/com/seafile/seadroid2/ui/repo/RepoQuickAdapter.kt:637:13 Unresolved reference 'notifyItemChanged'.
e: file:///Users/HONGBGU/Documents/seadroid/app/src/main/java/com/seafile/seadroid2/ui/repo/RepoQuickAdapter.kt:640:13 Unresolved reference 'items'.
e: file:///Users/HONGBGU/Documents/seadroid/app/src/main/java/com/seafile/seadroid2/ui/repo/RepoQuickAdapter.kt:640:41 Unresolved reference 'is_checked'.
e: file:///Users/HONGBGU/Documents/seadroid/app/src/main/java/com/seafile/seadroid2/ui/repo/RepoQuickAdapter.kt:641:13 Unresolved reference 'notifyItemChanged'.
e: file:///Users/HONGBGU/Documents/seadroid/app/src/main/java/com/seafile/seadroid2/ui/repo/RepoQuickAdapter.kt:643:18 Unresolved reference 'is_checked'.
e: file:///Users/HONGBGU/Documents/seadroid/app/src/main/java/com/seafile/seadroid2/ui/repo/RepoQuickAdapter.kt:644:13 Unresolved reference 'notifyItemChanged'.
e: file:///Users/HONGBGU/Documents/seadroid/app/src/main/java/com/seafile/seadroid2/ui/repo/RepoQuickAdapter.kt:646:18 Unresolved reference 'is_checked'.
e: file:///Users/HONGBGU/Documents/seadroid/app/src/main/java/com/seafile/seadroid2/ui/repo/RepoQuickAdapter.kt:647:13 Unresolved reference 'notifyItemChanged'.
e: file:///Users/HONGBGU/Documents/seadroid/app/src/main/java/com/seafile/seadroid2/ui/repo/RepoQuickAdapter.kt:652:13 Unresolved reference 'ObjSelectType'.
e: file:///Users/HONGBGU/Documents/seadroid/app/src/main/java/com/seafile/seadroid2/ui/repo/RepoQuickAdapter.kt:653:20 Unresolved reference 'items'.
e: file:///Users/HONGBGU/Documents/seadroid/app/src/main/java/com/seafile/seadroid2/ui/repo/RepoQuickAdapter.kt:654:32 Unresolved reference 'BaseModel'.
e: file:///Users/HONGBGU/Documents/seadroid/app/src/main/java/com/seafile/seadroid2/ui/repo/RepoQuickAdapter.kt:655:18 Overload resolution ambiguity between candidates:
fun BooleanArray.filter(predicate: (Boolean) -> Boolean): List<Boolean>
fun ByteArray.filter(predicate: (Byte) -> Boolean): List<Byte>
fun CharArray.filter(predicate: (Char) -> Boolean): List<Char>
fun DoubleArray.filter(predicate: (Double) -> Boolean): List<Double>
fun FloatArray.filter(predicate: (Float) -> Boolean): List<Float>
fun IntArray.filter(predicate: (Int) -> Boolean): List<Int>
fun LongArray.filter(predicate: (Long) -> Boolean): List<Long>
fun ShortArray.filter(predicate: (Short) -> Boolean): List<Short>
fun <K, V> Map<out K, V>.filter(predicate: (Map.Entry<K, V>) -> Boolean): Map<K, V>
@SinceKotlin(...) @ExperimentalUnsignedTypes() @InlineOnly() fun UByteArray.filter(predicate: (UByte) -> Boolean): List<UByte>
@SinceKotlin(...) @ExperimentalUnsignedTypes() @InlineOnly() fun UIntArray.filter(predicate: (UInt) -> Boolean): List<UInt>
@SinceKotlin(...) @ExperimentalUnsignedTypes() @InlineOnly() fun ULongArray.filter(predicate: (ULong) -> Boolean): List<ULong>
@SinceKotlin(...) @ExperimentalUnsignedTypes() @InlineOnly() fun UShortArray.filter(predicate: (UShort) -> Boolean): List<UShort>
fun CharSequence.filter(predicate: (Char) -> Boolean): CharSequence
fun String.filter(predicate: (Char) -> Boolean): String
e: file:///Users/HONGBGU/Documents/seadroid/app/src/main/java/com/seafile/seadroid2/ui/repo/RepoQuickAdapter.kt:655:30 Unresolved reference 'BaseModel'.
e: file:///Users/HONGBGU/Documents/seadroid/app/src/main/java/com/seafile/seadroid2/ui/repo/RepoQuickAdapter.kt:655:46 Unresolved reference 'is_checked'.
e: file:///Users/HONGBGU/Documents/seadroid/app/src/main/java/com/seafile/seadroid2/ui/repo/RepoQuickAdapter.kt:656:18 Overload resolution ambiguity between candidates:
@InlineOnly() fun <T> Array<out T>.count(): Int
@InlineOnly() fun BooleanArray.count(): Int
@InlineOnly() fun ByteArray.count(): Int
@InlineOnly() fun CharArray.count(): Int
@InlineOnly() fun DoubleArray.count(): Int
@InlineOnly() fun FloatArray.count(): Int
@InlineOnly() fun IntArray.count(): Int
@InlineOnly() fun LongArray.count(): Int
@InlineOnly() fun ShortArray.count(): Int
@InlineOnly() fun <T> Collection<T>.count(): Int
fun <T> Iterable<T>.count(): Int
@InlineOnly() fun <K, V> Map<out K, V>.count(): Int
fun <T> Sequence<T>.count(): Int
@InlineOnly() fun CharSequence.count(): Int
e: file:///Users/HONGBGU/Documents/seadroid/app/src/main/java/com/seafile/seadroid2/ui/repo/RepoQuickAdapter.kt:657:20 Unresolved reference 'ObjSelectType'.
e: file:///Users/HONGBGU/Documents/seadroid/app/src/main/java/com/seafile/seadroid2/ui/repo/RepoQuickAdapter.kt:658:20 Unresolved reference 'items'.
e: file:///Users/HONGBGU/Documents/seadroid/app/src/main/java/com/seafile/seadroid2/ui/repo/RepoQuickAdapter.kt:659:32 Unresolved reference 'BaseModel'.
e: file:///Users/HONGBGU/Documents/seadroid/app/src/main/java/com/seafile/seadroid2/ui/repo/RepoQuickAdapter.kt:659:46 Unresolved reference 'RepoModel'.
e: file:///Users/HONGBGU/Documents/seadroid/app/src/main/java/com/seafile/seadroid2/ui/repo/RepoQuickAdapter.kt:659:63 Unresolved reference. None of the following candidates is applicable because of a receiver type mismatch:
val <T> KClass<T>.java: Class<T>
e: file:///Users/HONGBGU/Documents/seadroid/app/src/main/java/com/seafile/seadroid2/ui/repo/RepoQuickAdapter.kt:660:18 Overload resolution ambiguity between candidates:
fun BooleanArray.filter(predicate: (Boolean) -> Boolean): List<Boolean>
fun ByteArray.filter(predicate: (Byte) -> Boolean): List<Byte>
fun CharArray.filter(predicate: (Char) -> Boolean): List<Char>
fun DoubleArray.filter(predicate: (Double) -> Boolean): List<Double>
fun FloatArray.filter(predicate: (Float) -> Boolean): List<Float>
fun IntArray.filter(predicate: (Int) -> Boolean): List<Int>
fun LongArray.filter(predicate: (Long) -> Boolean): List<Long>
fun ShortArray.filter(predicate: (Short) -> Boolean): List<Short>
fun <K, V> Map<out K, V>.filter(predicate: (Map.Entry<K, V>) -> Boolean): Map<K, V>
@SinceKotlin(...) @ExperimentalUnsignedTypes() @InlineOnly() fun UByteArray.filter(predicate: (UByte) -> Boolean): List<UByte>
@SinceKotlin(...) @ExperimentalUnsignedTypes() @InlineOnly() fun UIntArray.filter(predicate: (UInt) -> Boolean): List<UInt>
@SinceKotlin(...) @ExperimentalUnsignedTypes() @InlineOnly() fun ULongArray.filter(predicate: (ULong) -> Boolean): List<ULong>
@SinceKotlin(...) @ExperimentalUnsignedTypes() @InlineOnly() fun UShortArray.filter(predicate: (UShort) -> Boolean): List<UShort>
fun CharSequence.filter(predicate: (Char) -> Boolean): CharSequence
fun String.filter(predicate: (Char) -> Boolean): String
e: file:///Users/HONGBGU/Documents/seadroid/app/src/main/java/com/seafile/seadroid2/ui/repo/RepoQuickAdapter.kt:660:30 Unresolved reference 'BaseModel'.
e: file:///Users/HONGBGU/Documents/seadroid/app/src/main/java/com/seafile/seadroid2/ui/repo/RepoQuickAdapter.kt:660:46 Unresolved reference 'is_checked'.
e: file:///Users/HONGBGU/Documents/seadroid/app/src/main/java/com/seafile/seadroid2/ui/repo/RepoQuickAdapter.kt:661:18 Overload resolution ambiguity between candidates:
@InlineOnly() fun <T> Array<out T>.count(): Int
@InlineOnly() fun BooleanArray.count(): Int
@InlineOnly() fun ByteArray.count(): Int
@InlineOnly() fun CharArray.count(): Int
@InlineOnly() fun DoubleArray.count(): Int
@InlineOnly() fun FloatArray.count(): Int
@InlineOnly() fun IntArray.count(): Int
@InlineOnly() fun LongArray.count(): Int
@InlineOnly() fun ShortArray.count(): Int
@InlineOnly() fun <T> Collection<T>.count(): Int
fun <T> Iterable<T>.count(): Int
@InlineOnly() fun <K, V> Map<out K, V>.count(): Int
fun <T> Sequence<T>.count(): Int
@InlineOnly() fun CharSequence.count(): Int
e: file:///Users/HONGBGU/Documents/seadroid/app/src/main/java/com/seafile/seadroid2/ui/repo/RepoQuickAdapter.kt:667:19 Unresolved reference 'items'.
e: file:///Users/HONGBGU/Documents/seadroid/app/src/main/java/com/seafile/seadroid2/ui/repo/RepoQuickAdapter.kt:667:25 Method 'iterator()' is ambiguous for this expression. Applicable candidates:
fun <T> Enumeration<T>.iterator(): Iterator<T>
@InlineOnly() fun <T> Iterator<T>.iterator(): Iterator<T>
@InlineOnly() fun <K, V> Map<out K, V>.iterator(): Iterator<Map.Entry<K, V>>
@JvmName(...) @InlineOnly() fun <K, V> MutableMap<K, V>.iterator(): MutableIterator<MutableMap.MutableEntry<K, V>>
fun CharSequence.iterator(): CharIterator
fun BufferedInputStream.iterator(): ByteIterator
e: file:///Users/HONGBGU/Documents/seadroid/app/src/main/java/com/seafile/seadroid2/ui/repo/RepoQuickAdapter.kt:668:17 Unresolved reference 'items'.
e: file:///Users/HONGBGU/Documents/seadroid/app/src/main/java/com/seafile/seadroid2/ui/repo/RepoQuickAdapter.kt:668:30 Unresolved reference 'is_checked'.
e: file:///Users/HONGBGU/Documents/seadroid/app/src/main/java/com/seafile/seadroid2/ui/repo/RepoQuickAdapter.kt:675:44 Unresolved reference 'BaseModel'.
e: file:///Users/HONGBGU/Documents/seadroid/app/src/main/java/com/seafile/seadroid2/ui/repo/RepoQuickAdapter.kt:675:68 Unresolved reference 'BaseModel'.
e: file:///Users/HONGBGU/Documents/seadroid/app/src/main/java/com/seafile/seadroid2/ui/repo/RepoQuickAdapter.kt:679:9 Unresolved reference 'addItemType'.
e: file:///Users/HONGBGU/Documents/seadroid/app/src/main/java/com/seafile/seadroid2/ui/repo/RepoQuickAdapter.kt:679:21 Unresolved reference 'AbsLayoutItemType'.
e: file:///Users/HONGBGU/Documents/seadroid/app/src/main/java/com/seafile/seadroid2/ui/repo/RepoQuickAdapter.kt:679:57 Unresolved reference 'OnMultiItem'.
e: file:///Users/HONGBGU/Documents/seadroid/app/src/main/java/com/seafile/seadroid2/ui/repo/RepoQuickAdapter.kt:679:69 Unresolved reference 'BaseModel'.
e: file:///Users/HONGBGU/Documents/seadroid/app/src/main/java/com/seafile/seadroid2/ui/repo/RepoQuickAdapter.kt:679:81 Unresolved reference 'AccountViewHolder'.
e: file:///Users/HONGBGU/Documents/seadroid/app/src/main/java/com/seafile/seadroid2/ui/repo/RepoQuickAdapter.kt:680:13 'onCreate' overrides nothing.
e: file:///Users/HONGBGU/Documents/seadroid/app/src/main/java/com/seafile/seadroid2/ui/repo/RepoQuickAdapter.kt:681:26 Unresolved reference 'Context'.
e: file:///Users/HONGBGU/Documents/seadroid/app/src/main/java/com/seafile/seadroid2/ui/repo/RepoQuickAdapter.kt:682:28 Unresolved reference 'ViewGroup'.
e: file:///Users/HONGBGU/Documents/seadroid/app/src/main/java/com/seafile/seadroid2/ui/repo/RepoQuickAdapter.kt:684:16 Unresolved reference 'AccountViewHolder'.
e: file:///Users/HONGBGU/Documents/seadroid/app/src/main/java/com/seafile/seadroid2/ui/repo/RepoQuickAdapter.kt:686:48 Unresolved reference 'LayoutInflater'.
e: file:///Users/HONGBGU/Documents/seadroid/app/src/main/java/com/seafile/seadroid2/ui/repo/RepoQuickAdapter.kt:687:24 Unresolved reference 'AccountViewHolder'.
e: file:///Users/HONGBGU/Documents/seadroid/app/src/main/java/com/seafile/seadroid2/ui/repo/RepoQuickAdapter.kt:690:13 'onBind' overrides nothing.
e: file:///Users/HONGBGU/Documents/seadroid/app/src/main/java/com/seafile/seadroid2/ui/repo/RepoQuickAdapter.kt:690:45 Unresolved reference 'AccountViewHolder'.
e: file:///Users/HONGBGU/Documents/seadroid/app/src/main/java/com/seafile/seadroid2/ui/repo/RepoQuickAdapter.kt:690:83 Unresolved reference 'BaseModel'.
e: file:///Users/HONGBGU/Documents/seadroid/app/src/main/java/com/seafile/seadroid2/ui/repo/RepoQuickAdapter.kt:693:24 Unresolved reference 'GroupItemViewHolder'.
e: file:///Users/HONGBGU/Documents/seadroid/app/src/main/java/com/seafile/seadroid2/ui/repo/RepoQuickAdapter.kt:693:46 Unresolved reference 'AbsLayoutItemType'.
e: file:///Users/HONGBGU/Documents/seadroid/app/src/main/java/com/seafile/seadroid2/ui/repo/RepoQuickAdapter.kt:693:85 Unresolved reference 'OnMultiItem'.
e: file:///Users/HONGBGU/Documents/seadroid/app/src/main/java/com/seafile/seadroid2/ui/repo/RepoQuickAdapter.kt:693:97 Unresolved reference 'BaseModel'.
e: file:///Users/HONGBGU/Documents/seadroid/app/src/main/java/com/seafile/seadroid2/ui/repo/RepoQuickAdapter.kt:693:109 Unresolved reference 'GroupItemViewHolder'.
e: file:///Users/HONGBGU/Documents/seadroid/app/src/main/java/com/seafile/seadroid2/ui/repo/RepoQuickAdapter.kt:694:13 'onCreate' overrides nothing.
e: file:///Users/HONGBGU/Documents/seadroid/app/src/main/java/com/seafile/seadroid2/ui/repo/RepoQuickAdapter.kt:695:26 Unresolved reference 'Context'.
e: file:///Users/HONGBGU/Documents/seadroid/app/src/main/java/com/seafile/seadroid2/ui/repo/RepoQuickAdapter.kt:696:28 Unresolved reference 'ViewGroup'.
e: file:///Users/HONGBGU/Documents/seadroid/app/src/main/java/com/seafile/seadroid2/ui/repo/RepoQuickAdapter.kt:698:16 Unresolved reference 'GroupItemViewHolder'.
e: file:///Users/HONGBGU/Documents/seadroid/app/src/main/java/com/seafile/seadroid2/ui/repo/RepoQuickAdapter.kt:700:50 Unresolved reference 'LayoutInflater'.
e: file:///Users/HONGBGU/Documents/seadroid/app/src/main/java/com/seafile/seadroid2/ui/repo/RepoQuickAdapter.kt:701:24 Unresolved reference 'GroupItemViewHolder'.
e: file:///Users/HONGBGU/Documents/seadroid/app/src/main/java/com/seafile/seadroid2/ui/repo/RepoQuickAdapter.kt:704:13 'onBind' overrides nothing.
e: file:///Users/HONGBGU/Documents/seadroid/app/src/main/java/com/seafile/seadroid2/ui/repo/RepoQuickAdapter.kt:704:41 Unresolved reference 'GroupItemViewHolder'.
e: file:///Users/HONGBGU/Documents/seadroid/app/src/main/java/com/seafile/seadroid2/ui/repo/RepoQuickAdapter.kt:704:76 Unresolved reference 'BaseModel'.
e: file:///Users/HONGBGU/Documents/seadroid/app/src/main/java/com/seafile/seadroid2/ui/repo/RepoQuickAdapter.kt:705:45 Unresolved reference 'GroupItemModel'.
e: file:///Users/HONGBGU/Documents/seadroid/app/src/main/java/com/seafile/seadroid2/ui/repo/RepoQuickAdapter.kt:708:13 'onBind' overrides nothing.
e: file:///Users/HONGBGU/Documents/seadroid/app/src/main/java/com/seafile/seadroid2/ui/repo/RepoQuickAdapter.kt:709:25 Unresolved reference 'GroupItemViewHolder'.
e: file:///Users/HONGBGU/Documents/seadroid/app/src/main/java/com/seafile/seadroid2/ui/repo/RepoQuickAdapter.kt:711:23 Unresolved reference 'BaseModel'.
e: file:///Users/HONGBGU/Documents/seadroid/app/src/main/java/com/seafile/seadroid2/ui/repo/RepoQuickAdapter.kt:714:45 Unresolved reference 'GroupItemModel'.
e: file:///Users/HONGBGU/Documents/seadroid/app/src/main/java/com/seafile/seadroid2/ui/repo/RepoQuickAdapter.kt:716:24 Unresolved reference 'RepoViewHolder'.
e: file:///Users/HONGBGU/Documents/seadroid/app/src/main/java/com/seafile/seadroid2/ui/repo/RepoQuickAdapter.kt:716:41 Unresolved reference 'AbsLayoutItemType'.
e: file:///Users/HONGBGU/Documents/seadroid/app/src/main/java/com/seafile/seadroid2/ui/repo/RepoQuickAdapter.kt:716:74 Unresolved reference 'OnMultiItem'.
e: file:///Users/HONGBGU/Documents/seadroid/app/src/main/java/com/seafile/seadroid2/ui/repo/RepoQuickAdapter.kt:716:86 Unresolved reference 'BaseModel'.
e: file:///Users/HONGBGU/Documents/seadroid/app/src/main/java/com/seafile/seadroid2/ui/repo/RepoQuickAdapter.kt:716:98 Unresolved reference 'RepoViewHolder'.
e: file:///Users/HONGBGU/Documents/seadroid/app/src/main/java/com/seafile/seadroid2/ui/repo/RepoQuickAdapter.kt:717:13 'onCreate' overrides nothing.
e: file:///Users/HONGBGU/Documents/seadroid/app/src/main/java/com/seafile/seadroid2/ui/repo/RepoQuickAdapter.kt:717:44 Unresolved reference 'Context'.
e: file:///Users/HONGBGU/Documents/seadroid/app/src/main/java/com/seafile/seadroid2/ui/repo/RepoQuickAdapter.kt:717:64 Unresolved reference 'ViewGroup'.
e: file:///Users/HONGBGU/Documents/seadroid/app/src/main/java/com/seafile/seadroid2/ui/repo/RepoQuickAdapter.kt:717:84 Unresolved reference 'RepoViewHolder'.
e: file:///Users/HONGBGU/Documents/seadroid/app/src/main/java/com/seafile/seadroid2/ui/repo/RepoQuickAdapter.kt:719:45 Unresolved reference 'LayoutInflater'.
e: file:///Users/HONGBGU/Documents/seadroid/app/src/main/java/com/seafile/seadroid2/ui/repo/RepoQuickAdapter.kt:720:24 Unresolved reference 'RepoViewHolder'.
e: file:///Users/HONGBGU/Documents/seadroid/app/src/main/java/com/seafile/seadroid2/ui/repo/RepoQuickAdapter.kt:723:13 'onBind' overrides nothing.
e: file:///Users/HONGBGU/Documents/seadroid/app/src/main/java/com/seafile/seadroid2/ui/repo/RepoQuickAdapter.kt:723:45 Unresolved reference 'RepoViewHolder'.
e: file:///Users/HONGBGU/Documents/seadroid/app/src/main/java/com/seafile/seadroid2/ui/repo/RepoQuickAdapter.kt:723:80 Unresolved reference 'BaseModel'.
e: file:///Users/HONGBGU/Documents/seadroid/app/src/main/java/com/seafile/seadroid2/ui/repo/RepoQuickAdapter.kt:727:13 'onBind' overrides nothing.
e: file:///Users/HONGBGU/Documents/seadroid/app/src/main/java/com/seafile/seadroid2/ui/repo/RepoQuickAdapter.kt:728:25 Unresolved reference 'RepoViewHolder'.
e: file:///Users/HONGBGU/Documents/seadroid/app/src/main/java/com/seafile/seadroid2/ui/repo/RepoQuickAdapter.kt:730:23 Unresolved reference 'BaseModel'.
e: file:///Users/HONGBGU/Documents/seadroid/app/src/main/java/com/seafile/seadroid2/ui/repo/RepoQuickAdapter.kt:733:45 Unresolved reference 'RepoModel'.
e: file:///Users/HONGBGU/Documents/seadroid/app/src/main/java/com/seafile/seadroid2/ui/repo/RepoQuickAdapter.kt:735:24 Unresolved reference 'DirentViewHolder'.
e: file:///Users/HONGBGU/Documents/seadroid/app/src/main/java/com/seafile/seadroid2/ui/repo/RepoQuickAdapter.kt:735:43 Unresolved reference 'AbsLayoutItemType'.
e: file:///Users/HONGBGU/Documents/seadroid/app/src/main/java/com/seafile/seadroid2/ui/repo/RepoQuickAdapter.kt:735:83 Unresolved reference 'OnMultiItem'.
e: file:///Users/HONGBGU/Documents/seadroid/app/src/main/java/com/seafile/seadroid2/ui/repo/RepoQuickAdapter.kt:735:95 Unresolved reference 'BaseModel'.
e: file:///Users/HONGBGU/Documents/seadroid/app/src/main/java/com/seafile/seadroid2/ui/repo/RepoQuickAdapter.kt:735:107 Unresolved reference 'DirentViewHolder'.
e: file:///Users/HONGBGU/Documents/seadroid/app/src/main/java/com/seafile/seadroid2/ui/repo/RepoQuickAdapter.kt:736:13 'onCreate' overrides nothing.
e: file:///Users/HONGBGU/Documents/seadroid/app/src/main/java/com/seafile/seadroid2/ui/repo/RepoQuickAdapter.kt:737:26 Unresolved reference 'Context'.
e: file:///Users/HONGBGU/Documents/seadroid/app/src/main/java/com/seafile/seadroid2/ui/repo/RepoQuickAdapter.kt:738:28 Unresolved reference 'ViewGroup'.
e: file:///Users/HONGBGU/Documents/seadroid/app/src/main/java/com/seafile/seadroid2/ui/repo/RepoQuickAdapter.kt:740:16 Unresolved reference 'DirentViewHolder'.
e: file:///Users/HONGBGU/Documents/seadroid/app/src/main/java/com/seafile/seadroid2/ui/repo/RepoQuickAdapter.kt:742:47 Unresolved reference 'LayoutInflater'.
e: file:///Users/HONGBGU/Documents/seadroid/app/src/main/java/com/seafile/seadroid2/ui/repo/RepoQuickAdapter.kt:743:24 Unresolved reference 'DirentViewHolder'.
e: file:///Users/HONGBGU/Documents/seadroid/app/src/main/java/com/seafile/seadroid2/ui/repo/RepoQuickAdapter.kt:746:13 'onBind' overrides nothing.
e: file:///Users/HONGBGU/Documents/seadroid/app/src/main/java/com/seafile/seadroid2/ui/repo/RepoQuickAdapter.kt:746:45 Unresolved reference 'DirentViewHolder'.
e: file:///Users/HONGBGU/Documents/seadroid/app/src/main/java/com/seafile/seadroid2/ui/repo/RepoQuickAdapter.kt:746:82 Unresolved reference 'BaseModel'.
e: file:///Users/HONGBGU/Documents/seadroid/app/src/main/java/com/seafile/seadroid2/ui/repo/RepoQuickAdapter.kt:750:13 'onBind' overrides nothing.
e: file:///Users/HONGBGU/Documents/seadroid/app/src/main/java/com/seafile/seadroid2/ui/repo/RepoQuickAdapter.kt:751:25 Unresolved reference 'DirentViewHolder'.
e: file:///Users/HONGBGU/Documents/seadroid/app/src/main/java/com/seafile/seadroid2/ui/repo/RepoQuickAdapter.kt:753:23 Unresolved reference 'BaseModel'.
e: file:///Users/HONGBGU/Documents/seadroid/app/src/main/java/com/seafile/seadroid2/ui/repo/RepoQuickAdapter.kt:756:47 Unresolved reference 'DirentModel'.
e: file:///Users/HONGBGU/Documents/seadroid/app/src/main/java/com/seafile/seadroid2/ui/repo/RepoQuickAdapter.kt:758:24 Unresolved reference 'DirentGridViewHolder'.
e: file:///Users/HONGBGU/Documents/seadroid/app/src/main/java/com/seafile/seadroid2/ui/repo/RepoQuickAdapter.kt:758:47 Unresolved reference 'AbsLayoutItemType'.
e: file:///Users/HONGBGU/Documents/seadroid/app/src/main/java/com/seafile/seadroid2/ui/repo/RepoQuickAdapter.kt:758:87 Unresolved reference 'OnMultiItem'.
e: file:///Users/HONGBGU/Documents/seadroid/app/src/main/java/com/seafile/seadroid2/ui/repo/RepoQuickAdapter.kt:758:99 Unresolved reference 'BaseModel'.
e: file:///Users/HONGBGU/Documents/seadroid/app/src/main/java/com/seafile/seadroid2/ui/repo/RepoQuickAdapter.kt:758:111 Unresolved reference 'DirentGridViewHolder'.
e: file:///Users/HONGBGU/Documents/seadroid/app/src/main/java/com/seafile/seadroid2/ui/repo/RepoQuickAdapter.kt:759:13 'onCreate' overrides nothing.
e: file:///Users/HONGBGU/Documents/seadroid/app/src/main/java/com/seafile/seadroid2/ui/repo/RepoQuickAdapter.kt:760:26 Unresolved reference 'Context'.
e: file:///Users/HONGBGU/Documents/seadroid/app/src/main/java/com/seafile/seadroid2/ui/repo/RepoQuickAdapter.kt:761:28 Unresolved reference 'ViewGroup'.
e: file:///Users/HONGBGU/Documents/seadroid/app/src/main/java/com/seafile/seadroid2/ui/repo/RepoQuickAdapter.kt:763:16 Unresolved reference 'DirentGridViewHolder'.
e: file:///Users/HONGBGU/Documents/seadroid/app/src/main/java/com/seafile/seadroid2/ui/repo/RepoQuickAdapter.kt:765:51 Unresolved reference 'LayoutInflater'.
e: file:///Users/HONGBGU/Documents/seadroid/app/src/main/java/com/seafile/seadroid2/ui/repo/RepoQuickAdapter.kt:766:24 Unresolved reference 'DirentGridViewHolder'.
e: file:///Users/HONGBGU/Documents/seadroid/app/src/main/java/com/seafile/seadroid2/ui/repo/RepoQuickAdapter.kt:769:13 'onBind' overrides nothing.
e: file:///Users/HONGBGU/Documents/seadroid/app/src/main/java/com/seafile/seadroid2/ui/repo/RepoQuickAdapter.kt:769:45 Unresolved reference 'DirentGridViewHolder'.
e: file:///Users/HONGBGU/Documents/seadroid/app/src/main/java/com/seafile/seadroid2/ui/repo/RepoQuickAdapter.kt:769:86 Unresolved reference 'BaseModel'.
e: file:///Users/HONGBGU/Documents/seadroid/app/src/main/java/com/seafile/seadroid2/ui/repo/RepoQuickAdapter.kt:773:13 'onBind' overrides nothing.
e: file:///Users/HONGBGU/Documents/seadroid/app/src/main/java/com/seafile/seadroid2/ui/repo/RepoQuickAdapter.kt:774:25 Unresolved reference 'DirentGridViewHolder'.
e: file:///Users/HONGBGU/Documents/seadroid/app/src/main/java/com/seafile/seadroid2/ui/repo/RepoQuickAdapter.kt:776:23 Unresolved reference 'BaseModel'.
e: file:///Users/HONGBGU/Documents/seadroid/app/src/main/java/com/seafile/seadroid2/ui/repo/RepoQuickAdapter.kt:779:51 Unresolved reference 'DirentModel'.
e: file:///Users/HONGBGU/Documents/seadroid/app/src/main/java/com/seafile/seadroid2/ui/repo/RepoQuickAdapter.kt:781:24 Unresolved reference 'DirentGalleryViewHolder'.
e: file:///Users/HONGBGU/Documents/seadroid/app/src/main/java/com/seafile/seadroid2/ui/repo/RepoQuickAdapter.kt:781:50 Unresolved reference 'AbsLayoutItemType'.
e: file:///Users/HONGBGU/Documents/seadroid/app/src/main/java/com/seafile/seadroid2/ui/repo/RepoQuickAdapter.kt:781:93 Unresolved reference 'OnMultiItem'.
e: file:///Users/HONGBGU/Documents/seadroid/app/src/main/java/com/seafile/seadroid2/ui/repo/RepoQuickAdapter.kt:781:105 Unresolved reference 'BaseModel'.
e: file:///Users/HONGBGU/Documents/seadroid/app/src/main/java/com/seafile/seadroid2/ui/repo/RepoQuickAdapter.kt:781:117 Unresolved reference 'DirentGalleryViewHolder'.
e: file:///Users/HONGBGU/Documents/seadroid/app/src/main/java/com/seafile/seadroid2/ui/repo/RepoQuickAdapter.kt:782:13 'onCreate' overrides nothing.
e: file:///Users/HONGBGU/Documents/seadroid/app/src/main/java/com/seafile/seadroid2/ui/repo/RepoQuickAdapter.kt:783:26 Unresolved reference 'Context'.
e: file:///Users/HONGBGU/Documents/seadroid/app/src/main/java/com/seafile/seadroid2/ui/repo/RepoQuickAdapter.kt:784:28 Unresolved reference 'ViewGroup'.
e: file:///Users/HONGBGU/Documents/seadroid/app/src/main/java/com/seafile/seadroid2/ui/repo/RepoQuickAdapter.kt:786:16 Unresolved reference 'DirentGalleryViewHolder'.
e: file:///Users/HONGBGU/Documents/seadroid/app/src/main/java/com/seafile/seadroid2/ui/repo/RepoQuickAdapter.kt:788:54 Unresolved reference 'LayoutInflater'.
e: file:///Users/HONGBGU/Documents/seadroid/app/src/main/java/com/seafile/seadroid2/ui/repo/RepoQuickAdapter.kt:789:24 Unresolved reference 'DirentGalleryViewHolder'.
e: file:///Users/HONGBGU/Documents/seadroid/app/src/main/java/com/seafile/seadroid2/ui/repo/RepoQuickAdapter.kt:792:13 'onBind' overrides nothing.
e: file:///Users/HONGBGU/Documents/seadroid/app/src/main/java/com/seafile/seadroid2/ui/repo/RepoQuickAdapter.kt:793:29 Unresolved reference 'DirentGalleryViewHolder'.
e: file:///Users/HONGBGU/Documents/seadroid/app/src/main/java/com/seafile/seadroid2/ui/repo/RepoQuickAdapter.kt:795:28 Unresolved reference 'BaseModel'.
e: file:///Users/HONGBGU/Documents/seadroid/app/src/main/java/com/seafile/seadroid2/ui/repo/RepoQuickAdapter.kt:800:13 'onBind' overrides nothing.
e: file:///Users/HONGBGU/Documents/seadroid/app/src/main/java/com/seafile/seadroid2/ui/repo/RepoQuickAdapter.kt:801:25 Unresolved reference 'DirentGalleryViewHolder'.
e: file:///Users/HONGBGU/Documents/seadroid/app/src/main/java/com/seafile/seadroid2/ui/repo/RepoQuickAdapter.kt:803:23 Unresolved reference 'BaseModel'.
e: file:///Users/HONGBGU/Documents/seadroid/app/src/main/java/com/seafile/seadroid2/ui/repo/RepoQuickAdapter.kt:806:54 Unresolved reference 'DirentModel'.
e: file:///Users/HONGBGU/Documents/seadroid/app/src/main/java/com/seafile/seadroid2/ui/repo/RepoQuickAdapter.kt:808:24 Unresolved reference 'DirentViewHolder'.
e: file:///Users/HONGBGU/Documents/seadroid/app/src/main/java/com/seafile/seadroid2/ui/repo/RepoQuickAdapter.kt:808:43 Unresolved reference 'AbsLayoutItemType'.
e: file:///Users/HONGBGU/Documents/seadroid/app/src/main/java/com/seafile/seadroid2/ui/repo/RepoQuickAdapter.kt:808:78 Unresolved reference 'OnMultiItem'.
e: file:///Users/HONGBGU/Documents/seadroid/app/src/main/java/com/seafile/seadroid2/ui/repo/RepoQuickAdapter.kt:808:90 Unresolved reference 'BaseModel'.
e: file:///Users/HONGBGU/Documents/seadroid/app/src/main/java/com/seafile/seadroid2/ui/repo/RepoQuickAdapter.kt:808:102 Unresolved reference 'DirentViewHolder'.
e: file:///Users/HONGBGU/Documents/seadroid/app/src/main/java/com/seafile/seadroid2/ui/repo/RepoQuickAdapter.kt:809:13 'onCreate' overrides nothing.
e: file:///Users/HONGBGU/Documents/seadroid/app/src/main/java/com/seafile/seadroid2/ui/repo/RepoQuickAdapter.kt:810:26 Unresolved reference 'Context'.
e: file:///Users/HONGBGU/Documents/seadroid/app/src/main/java/com/seafile/seadroid2/ui/repo/RepoQuickAdapter.kt:811:28 Unresolved reference 'ViewGroup'.
e: file:///Users/HONGBGU/Documents/seadroid/app/src/main/java/com/seafile/seadroid2/ui/repo/RepoQuickAdapter.kt:813:16 Unresolved reference 'DirentViewHolder'.
e: file:///Users/HONGBGU/Documents/seadroid/app/src/main/java/com/seafile/seadroid2/ui/repo/RepoQuickAdapter.kt:815:47 Unresolved reference 'LayoutInflater'.
e: file:///Users/HONGBGU/Documents/seadroid/app/src/main/java/com/seafile/seadroid2/ui/repo/RepoQuickAdapter.kt:816:24 Unresolved reference 'DirentViewHolder'.
e: file:///Users/HONGBGU/Documents/seadroid/app/src/main/java/com/seafile/seadroid2/ui/repo/RepoQuickAdapter.kt:819:13 'onBind' overrides nothing.
e: file:///Users/HONGBGU/Documents/seadroid/app/src/main/java/com/seafile/seadroid2/ui/repo/RepoQuickAdapter.kt:819:45 Unresolved reference 'DirentViewHolder'.
e: file:///Users/HONGBGU/Documents/seadroid/app/src/main/java/com/seafile/seadroid2/ui/repo/RepoQuickAdapter.kt:819:82 Unresolved reference 'BaseModel'.
e: file:///Users/HONGBGU/Documents/seadroid/app/src/main/java/com/seafile/seadroid2/ui/repo/RepoQuickAdapter.kt:820:55 Unresolved reference 'SearchModel'.
e: file:///Users/HONGBGU/Documents/seadroid/app/src/main/java/com/seafile/seadroid2/ui/repo/RepoQuickAdapter.kt:822:24 Unresolved reference 'UnsupportedViewHolder'.
e: file:///Users/HONGBGU/Documents/seadroid/app/src/main/java/com/seafile/seadroid2/ui/repo/RepoQuickAdapter.kt:822:48 Unresolved reference 'AbsLayoutItemType'.
e: file:///Users/HONGBGU/Documents/seadroid/app/src/main/java/com/seafile/seadroid2/ui/repo/RepoQuickAdapter.kt:822:90 Unresolved reference 'OnMultiItem'.
e: file:///Users/HONGBGU/Documents/seadroid/app/src/main/java/com/seafile/seadroid2/ui/repo/RepoQuickAdapter.kt:822:102 Unresolved reference 'BaseModel'.
e: file:///Users/HONGBGU/Documents/seadroid/app/src/main/java/com/seafile/seadroid2/ui/repo/RepoQuickAdapter.kt:822:114 Unresolved reference 'UnsupportedViewHolder'.
e: file:///Users/HONGBGU/Documents/seadroid/app/src/main/java/com/seafile/seadroid2/ui/repo/RepoQuickAdapter.kt:823:13 'onCreate' overrides nothing.
e: file:///Users/HONGBGU/Documents/seadroid/app/src/main/java/com/seafile/seadroid2/ui/repo/RepoQuickAdapter.kt:824:26 Unresolved reference 'Context'.
e: file:///Users/HONGBGU/Documents/seadroid/app/src/main/java/com/seafile/seadroid2/ui/repo/RepoQuickAdapter.kt:825:28 Unresolved reference 'ViewGroup'.
e: file:///Users/HONGBGU/Documents/seadroid/app/src/main/java/com/seafile/seadroid2/ui/repo/RepoQuickAdapter.kt:827:16 Unresolved reference 'UnsupportedViewHolder'.
e: file:///Users/HONGBGU/Documents/seadroid/app/src/main/java/com/seafile/seadroid2/ui/repo/RepoQuickAdapter.kt:829:52 Unresolved reference 'LayoutInflater'.
e: file:///Users/HONGBGU/Documents/seadroid/app/src/main/java/com/seafile/seadroid2/ui/repo/RepoQuickAdapter.kt:830:24 Unresolved reference 'UnsupportedViewHolder'.
e: file:///Users/HONGBGU/Documents/seadroid/app/src/main/java/com/seafile/seadroid2/ui/repo/RepoQuickAdapter.kt:833:13 'onBind' overrides nothing.
e: file:///Users/HONGBGU/Documents/seadroid/app/src/main/java/com/seafile/seadroid2/ui/repo/RepoQuickAdapter.kt:834:40 Unresolved reference 'UnsupportedViewHolder'.
e: file:///Users/HONGBGU/Documents/seadroid/app/src/main/java/com/seafile/seadroid2/ui/repo/RepoQuickAdapter.kt:836:28 Unresolved reference 'BaseModel'.
e: file:///Users/HONGBGU/Documents/seadroid/app/src/main/java/com/seafile/seadroid2/ui/repo/RepoQuickAdapter.kt:840:13 'onBind' overrides nothing.
e: file:///Users/HONGBGU/Documents/seadroid/app/src/main/java/com/seafile/seadroid2/ui/repo/RepoQuickAdapter.kt:841:25 Unresolved reference 'UnsupportedViewHolder'.
e: file:///Users/HONGBGU/Documents/seadroid/app/src/main/java/com/seafile/seadroid2/ui/repo/RepoQuickAdapter.kt:843:23 Unresolved reference 'BaseModel'.
e: file:///Users/HONGBGU/Documents/seadroid/app/src/main/java/com/seafile/seadroid2/ui/repo/RepoQuickAdapter.kt:846:17 Unresolved reference 'OnMultiItem'.
e: file:///Users/HONGBGU/Documents/seadroid/app/src/main/java/com/seafile/seadroid2/ui/repo/RepoQuickAdapter.kt:846:23 Unresolved reference 'onBind'.
e: file:///Users/HONGBGU/Documents/seadroid/app/src/main/java/com/seafile/seadroid2/ui/repo/RepoQuickAdapter.kt:848:36 Unresolved reference 'OnItemViewTypeListener'.
e: file:///Users/HONGBGU/Documents/seadroid/app/src/main/java/com/seafile/seadroid2/ui/repo/RepoQuickAdapter.kt:848:59 Unresolved reference 'BaseModel'.
e: file:///Users/HONGBGU/Documents/seadroid/app/src/main/java/com/seafile/seadroid2/ui/repo/RepoQuickAdapter.kt:849:13 'onItemViewType' overrides nothing.
e: file:///Users/HONGBGU/Documents/seadroid/app/src/main/java/com/seafile/seadroid2/ui/repo/RepoQuickAdapter.kt:849:71 Unresolved reference 'BaseModel'.
e: file:///Users/HONGBGU/Documents/seadroid/app/src/main/java/com/seafile/seadroid2/ui/repo/RepoQuickAdapter.kt:850:36 Unresolved reference 'GroupItemModel'.
e: file:///Users/HONGBGU/Documents/seadroid/app/src/main/java/com/seafile/seadroid2/ui/repo/RepoQuickAdapter.kt:851:28 Unresolved reference 'AbsLayoutItemType'.
e: file:///Users/HONGBGU/Documents/seadroid/app/src/main/java/com/seafile/seadroid2/ui/repo/RepoQuickAdapter.kt:852:43 Unresolved reference 'RepoModel'.
e: file:///Users/HONGBGU/Documents/seadroid/app/src/main/java/com/seafile/seadroid2/ui/repo/RepoQuickAdapter.kt:853:28 Unresolved reference 'AbsLayoutItemType'.
e: file:///Users/HONGBGU/Documents/seadroid/app/src/main/java/com/seafile/seadroid2/ui/repo/RepoQuickAdapter.kt:854:43 Unresolved reference 'DirentModel'.
e: file:///Users/HONGBGU/Documents/seadroid/app/src/main/java/com/seafile/seadroid2/ui/repo/RepoQuickAdapter.kt:855:25 Unresolved reference 'FileViewType'.
e: file:///Users/HONGBGU/Documents/seadroid/app/src/main/java/com/seafile/seadroid2/ui/repo/RepoQuickAdapter.kt:856:32 Unresolved reference 'AbsLayoutItemType'.
e: file:///Users/HONGBGU/Documents/seadroid/app/src/main/java/com/seafile/seadroid2/ui/repo/RepoQuickAdapter.kt:857:32 Unresolved reference 'FileViewType'.
e: file:///Users/HONGBGU/Documents/seadroid/app/src/main/java/com/seafile/seadroid2/ui/repo/RepoQuickAdapter.kt:858:32 Unresolved reference 'AbsLayoutItemType'.
e: file:///Users/HONGBGU/Documents/seadroid/app/src/main/java/com/seafile/seadroid2/ui/repo/RepoQuickAdapter.kt:860:32 Unresolved reference 'AbsLayoutItemType'.
e: file:///Users/HONGBGU/Documents/seadroid/app/src/main/java/com/seafile/seadroid2/ui/repo/RepoQuickAdapter.kt:862:43 Unresolved reference 'SearchModel'.
e: file:///Users/HONGBGU/Documents/seadroid/app/src/main/java/com/seafile/seadroid2/ui/repo/RepoQuickAdapter.kt:863:28 Unresolved reference 'AbsLayoutItemType'.
e: file:///Users/HONGBGU/Documents/seadroid/app/src/main/java/com/seafile/seadroid2/ui/repo/RepoQuickAdapter.kt:865:28 Unresolved reference 'AbsLayoutItemType'.
e: file:///Users/HONGBGU/Documents/seadroid/app/src/main/java/com/seafile/seadroid2/ui/repo/RepoQuickAdapter.kt:867:24 Unresolved reference 'AbsLayoutItemType'.
e: file:///Users/HONGBGU/Documents/seadroid/app/src/main/java/com/seafile/seadroid2/ui/repo/RepoQuickAdapter.kt:872:57 Unresolved reference 'SearchModel'.
e: file:///Users/HONGBGU/Documents/seadroid/app/src/main/java/com/seafile/seadroid2/ui/repo/RepoQuickAdapter.kt:876:34 Unresolved reference 'items'.
e: file:///Users/HONGBGU/Documents/seadroid/app/src/main/java/com/seafile/seadroid2/ui/repo/RepoQuickAdapter.kt:880:13 Unresolved reference 'submitList'.
e: file:///Users/HONGBGU/Documents/seadroid/app/src/main/java/com/seafile/seadroid2/ui/repo/RepoQuickAdapter.kt:881:13 Unresolved reference 'submitList'.
e: file:///Users/HONGBGU/Documents/seadroid/app/src/main/java/com/seafile/seadroid2/ui/repo/RepoQuickAdapter.kt:887:13 Unresolved reference 'submitList'.
e: file:///Users/HONGBGU/Documents/seadroid/app/src/main/java/com/seafile/seadroid2/ui/repo/RepoQuickAdapter.kt:887:24 None of the following candidates is applicable:
constructor<E : Any!>(p0: Int): ArrayList<E>
constructor<E : Any!>(@RecentlyNonNull() p0: (MutableCollection<out E!>..Collection<out E!>?)): ArrayList<E>
e: file:///Users/HONGBGU/Documents/seadroid/app/src/main/java/com/seafile/seadroid2/ui/repo/RepoQuickAdapter.kt:887:34 Unresolved reference 'BaseModel'.
e: file:///Users/HONGBGU/Documents/seadroid/app/src/main/java/com/seafile/seadroid2/ui/repo/RepoQuickAdapter.kt:892:45 Unresolved reference 'BaseModel'.
e: file:///Users/HONGBGU/Documents/seadroid/app/src/main/java/com/seafile/seadroid2/ui/repo/RepoQuickAdapter.kt:894:13 Unresolved reference 'submitList'.
e: file:///Users/HONGBGU/Documents/seadroid/app/src/main/java/com/seafile/seadroid2/ui/repo/RepoQuickAdapter.kt:898:37 Unresolved reference 'items'.
e: file:///Users/HONGBGU/Documents/seadroid/app/src/main/java/com/seafile/seadroid2/ui/repo/RepoQuickAdapter.kt:899:13 Unresolved reference 'submitList'.
e: file:///Users/HONGBGU/Documents/seadroid/app/src/main/java/com/seafile/seadroid2/ui/repo/RepoQuickAdapter.kt:904:13 Unresolved reference 'submitList'.
e: file:///Users/HONGBGU/Documents/seadroid/app/src/main/java/com/seafile/seadroid2/ui/repo/RepoQuickAdapter.kt:910:42 Unresolved reference 'BaseModel'.
e: file:///Users/HONGBGU/Documents/seadroid/app/src/main/java/com/seafile/seadroid2/ui/repo/RepoQuickAdapter.kt:911:34 Unresolved reference 'BaseModel'.
e: file:///Users/HONGBGU/Documents/seadroid/app/src/main/java/com/seafile/seadroid2/ui/repo/RepoQuickAdapter.kt:911:48 Unresolved reference 'items'.
e: file:///Users/HONGBGU/Documents/seadroid/app/src/main/java/com/seafile/seadroid2/ui/repo/RepoQuickAdapter.kt:912:34 Unresolved reference 'BaseModel'.
e: file:///Users/HONGBGU/Documents/seadroid/app/src/main/java/com/seafile/seadroid2/ui/repo/RepoQuickAdapter.kt:916:24 Unresolved reference 'items'.
e: file:///Users/HONGBGU/Documents/seadroid/app/src/main/java/com/seafile/seadroid2/ui/repo/RepoQuickAdapter.kt:924:36 Unresolved reference 'items'.
e: file:///Users/HONGBGU/Documents/seadroid/app/src/main/java/com/seafile/seadroid2/ui/repo/RepoQuickAdapter.kt:924:63 '@property:Deprecated(...) val <T : Any> KClass<T>.javaClass: Class<KClass<T>>' is deprecated. Use 'java' property to get Java class corresponding to this Kotlin class or cast this instance to Any if you really want to get the runtime Java class of this implementation of KClass.
e: file:///Users/HONGBGU/Documents/seadroid/app/src/main/java/com/seafile/seadroid2/ui/repo/RepoQuickAdapter.kt:924:63 Not enough information to infer type argument for 'T'.
e: file:///Users/HONGBGU/Documents/seadroid/app/src/main/java/com/seafile/seadroid2/ui/repo/RepoQuickAdapter.kt:925:65 '@property:Deprecated(...) val <T : Any> KClass<T>.javaClass: Class<KClass<T>>' is deprecated. Use 'java' property to get Java class corresponding to this Kotlin class or cast this instance to Any if you really want to get the runtime Java class of this implementation of KClass.
e: file:///Users/HONGBGU/Documents/seadroid/app/src/main/java/com/seafile/seadroid2/ui/repo/RepoQuickAdapter.kt:925:65 Not enough information to infer type argument for 'T'.
e: file:///Users/HONGBGU/Documents/seadroid/app/src/main/java/com/seafile/seadroid2/ui/repo/RepoQuickAdapter.kt:930:21 Unresolved reference 'items'.
e: file:///Users/HONGBGU/Documents/seadroid/app/src/main/java/com/seafile/seadroid2/ui/repo/RepoQuickAdapter.kt:932:28 Unresolved reference 'TextUtils'.
e: file:///Users/HONGBGU/Documents/seadroid/app/src/main/java/com/seafile/seadroid2/ui/repo/RepoQuickAdapter.kt:932:45 Unresolved reference 'newT'.
e: file:///Users/HONGBGU/Documents/seadroid/app/src/main/java/com/seafile/seadroid2/ui/repo/RepoQuickAdapter.kt:935:21 Unresolved reference 'items'.
e: file:///Users/HONGBGU/Documents/seadroid/app/src/main/java/com/seafile/seadroid2/ui/repo/RepoQuickAdapter.kt:935:51 Unresolved reference 'GroupItemModel'.
e: file:///Users/HONGBGU/Documents/seadroid/app/src/main/java/com/seafile/seadroid2/ui/repo/RepoQuickAdapter.kt:936:31 Unresolved reference 'GroupItemModel'.
e: file:///Users/HONGBGU/Documents/seadroid/app/src/main/java/com/seafile/seadroid2/ui/repo/RepoQuickAdapter.kt:936:80 Unresolved reference 'GroupItemModel'.
e: file:///Users/HONGBGU/Documents/seadroid/app/src/main/java/com/seafile/seadroid2/ui/repo/RepoQuickAdapter.kt:937:28 Unresolved reference 'TextUtils'.
e: file:///Users/HONGBGU/Documents/seadroid/app/src/main/java/com/seafile/seadroid2/ui/repo/RepoQuickAdapter.kt:937:45 Unresolved reference 'newT'.
e: file:///Users/HONGBGU/Documents/seadroid/app/src/main/java/com/seafile/seadroid2/ui/repo/RepoQuickAdapter.kt:937:62 Unresolved reference 'title'.
e: file:///Users/HONGBGU/Documents/seadroid/app/src/main/java/com/seafile/seadroid2/ui/repo/RepoQuickAdapter.kt:940:21 Unresolved reference 'items'.
e: file:///Users/HONGBGU/Documents/seadroid/app/src/main/java/com/seafile/seadroid2/ui/repo/RepoQuickAdapter.kt:940:51 Unresolved reference 'RepoModel'.
e: file:///Users/HONGBGU/Documents/seadroid/app/src/main/java/com/seafile/seadroid2/ui/repo/RepoQuickAdapter.kt:941:31 Unresolved reference 'RepoModel'.
e: file:///Users/HONGBGU/Documents/seadroid/app/src/main/java/com/seafile/seadroid2/ui/repo/RepoQuickAdapter.kt:941:75 Unresolved reference 'RepoModel'.
e: file:///Users/HONGBGU/Documents/seadroid/app/src/main/java/com/seafile/seadroid2/ui/repo/RepoQuickAdapter.kt:942:28 Unresolved reference 'TextUtils'.
e: file:///Users/HONGBGU/Documents/seadroid/app/src/main/java/com/seafile/seadroid2/ui/repo/RepoQuickAdapter.kt:943:25 Unresolved reference 'newT'.
e: file:///Users/HONGBGU/Documents/seadroid/app/src/main/java/com/seafile/seadroid2/ui/repo/RepoQuickAdapter.kt:944:30 Unresolved reference 'repo_id'.
e: file:///Users/HONGBGU/Documents/seadroid/app/src/main/java/com/seafile/seadroid2/ui/repo/RepoQuickAdapter.kt:945:26 Unresolved reference 'newT'.
e: file:///Users/HONGBGU/Documents/seadroid/app/src/main/java/com/seafile/seadroid2/ui/repo/RepoQuickAdapter.kt:945:48 Unresolved reference 'group_id'.
e: file:///Users/HONGBGU/Documents/seadroid/app/src/main/java/com/seafile/seadroid2/ui/repo/RepoQuickAdapter.kt:948:21 Unresolved reference 'items'.
e: file:///Users/HONGBGU/Documents/seadroid/app/src/main/java/com/seafile/seadroid2/ui/repo/RepoQuickAdapter.kt:948:51 Unresolved reference 'DirentModel'.
e: file:///Users/HONGBGU/Documents/seadroid/app/src/main/java/com/seafile/seadroid2/ui/repo/RepoQuickAdapter.kt:949:31 Unresolved reference 'DirentModel'.
e: file:///Users/HONGBGU/Documents/seadroid/app/src/main/java/com/seafile/seadroid2/ui/repo/RepoQuickAdapter.kt:949:77 Unresolved reference 'DirentModel'.
e: file:///Users/HONGBGU/Documents/seadroid/app/src/main/java/com/seafile/seadroid2/ui/repo/RepoQuickAdapter.kt:950:28 Unresolved reference 'TextUtils'.
e: file:///Users/HONGBGU/Documents/seadroid/app/src/main/java/com/seafile/seadroid2/ui/repo/RepoQuickAdapter.kt:950:45 Unresolved reference 'newT'.
e: file:///Users/HONGBGU/Documents/seadroid/app/src/main/java/com/seafile/seadroid2/ui/repo/RepoQuickAdapter.kt:950:66 Unresolved reference 'full_path'.
e: file:///Users/HONGBGU/Documents/seadroid/app/src/main/java/com/seafile/seadroid2/ui/repo/RepoQuickAdapter.kt:953:21 Unresolved reference 'items'.
e: file:///Users/HONGBGU/Documents/seadroid/app/src/main/java/com/seafile/seadroid2/ui/repo/RepoQuickAdapter.kt:953:51 Unresolved reference 'SearchModel'.
e: file:///Users/HONGBGU/Documents/seadroid/app/src/main/java/com/seafile/seadroid2/ui/repo/RepoQuickAdapter.kt:954:31 Unresolved reference 'SearchModel'.
e: file:///Users/HONGBGU/Documents/seadroid/app/src/main/java/com/seafile/seadroid2/ui/repo/RepoQuickAdapter.kt:954:77 Unresolved reference 'SearchModel'.
e: file:///Users/HONGBGU/Documents/seadroid/app/src/main/java/com/seafile/seadroid2/ui/repo/RepoQuickAdapter.kt:955:28 Unresolved reference 'TextUtils'.
e: file:///Users/HONGBGU/Documents/seadroid/app/src/main/java/com/seafile/seadroid2/ui/repo/RepoQuickAdapter.kt:955:45 Unresolved reference 'newT'.
e: file:///Users/HONGBGU/Documents/seadroid/app/src/main/java/com/seafile/seadroid2/ui/repo/RepoQuickAdapter.kt:955:65 Unresolved reference 'fullpath'.
e: file:///Users/HONGBGU/Documents/seadroid/app/src/main/java/com/seafile/seadroid2/ui/repo/RepoQuickAdapter.kt:962:36 Unresolved reference 'items'.
e: file:///Users/HONGBGU/Documents/seadroid/app/src/main/java/com/seafile/seadroid2/ui/repo/RepoQuickAdapter.kt:962:63 '@property:Deprecated(...) val <T : Any> KClass<T>.javaClass: Class<KClass<T>>' is deprecated. Use 'java' property to get Java class corresponding to this Kotlin class or cast this instance to Any if you really want to get the runtime Java class of this implementation of KClass.
e: file:///Users/HONGBGU/Documents/seadroid/app/src/main/java/com/seafile/seadroid2/ui/repo/RepoQuickAdapter.kt:962:63 Not enough information to infer type argument for 'T'.
e: file:///Users/HONGBGU/Documents/seadroid/app/src/main/java/com/seafile/seadroid2/ui/repo/RepoQuickAdapter.kt:963:65 '@property:Deprecated(...) val <T : Any> KClass<T>.javaClass: Class<KClass<T>>' is deprecated. Use 'java' property to get Java class corresponding to this Kotlin class or cast this instance to Any if you really want to get the runtime Java class of this implementation of KClass.
e: file:///Users/HONGBGU/Documents/seadroid/app/src/main/java/com/seafile/seadroid2/ui/repo/RepoQuickAdapter.kt:963:65 Not enough information to infer type argument for 'T'.
e: file:///Users/HONGBGU/Documents/seadroid/app/src/main/java/com/seafile/seadroid2/ui/repo/RepoQuickAdapter.kt:968:21 Unresolved reference 'items'.
e: file:///Users/HONGBGU/Documents/seadroid/app/src/main/java/com/seafile/seadroid2/ui/repo/RepoQuickAdapter.kt:970:28 Unresolved reference 'newT'.
e: file:///Users/HONGBGU/Documents/seadroid/app/src/main/java/com/seafile/seadroid2/ui/repo/RepoQuickAdapter.kt:973:21 Unresolved reference 'items'.
e: file:///Users/HONGBGU/Documents/seadroid/app/src/main/java/com/seafile/seadroid2/ui/repo/RepoQuickAdapter.kt:973:51 Unresolved reference 'GroupItemModel'.
e: file:///Users/HONGBGU/Documents/seadroid/app/src/main/java/com/seafile/seadroid2/ui/repo/RepoQuickAdapter.kt:974:31 Unresolved reference 'GroupItemModel'.
e: file:///Users/HONGBGU/Documents/seadroid/app/src/main/java/com/seafile/seadroid2/ui/repo/RepoQuickAdapter.kt:974:81 Unresolved reference 'GroupItemModel'.
e: file:///Users/HONGBGU/Documents/seadroid/app/src/main/java/com/seafile/seadroid2/ui/repo/RepoQuickAdapter.kt:975:28 Unresolved reference 'newT'.
e: file:///Users/HONGBGU/Documents/seadroid/app/src/main/java/com/seafile/seadroid2/ui/repo/RepoQuickAdapter.kt:979:21 Unresolved reference 'items'.
e: file:///Users/HONGBGU/Documents/seadroid/app/src/main/java/com/seafile/seadroid2/ui/repo/RepoQuickAdapter.kt:979:51 Unresolved reference 'RepoModel'.
e: file:///Users/HONGBGU/Documents/seadroid/app/src/main/java/com/seafile/seadroid2/ui/repo/RepoQuickAdapter.kt:980:31 Unresolved reference 'RepoModel'.
e: file:///Users/HONGBGU/Documents/seadroid/app/src/main/java/com/seafile/seadroid2/ui/repo/RepoQuickAdapter.kt:980:76 Unresolved reference 'RepoModel'.
e: file:///Users/HONGBGU/Documents/seadroid/app/src/main/java/com/seafile/seadroid2/ui/repo/RepoQuickAdapter.kt:981:28 Unresolved reference 'newT'.
e: file:///Users/HONGBGU/Documents/seadroid/app/src/main/java/com/seafile/seadroid2/ui/repo/RepoQuickAdapter.kt:984:21 Unresolved reference 'items'.
e: file:///Users/HONGBGU/Documents/seadroid/app/src/main/java/com/seafile/seadroid2/ui/repo/RepoQuickAdapter.kt:984:51 Unresolved reference 'SearchModel'.
e: file:///Users/HONGBGU/Documents/seadroid/app/src/main/java/com/seafile/seadroid2/ui/repo/RepoQuickAdapter.kt:985:31 Unresolved reference 'SearchModel'.
e: file:///Users/HONGBGU/Documents/seadroid/app/src/main/java/com/seafile/seadroid2/ui/repo/RepoQuickAdapter.kt:985:78 Unresolved reference 'SearchModel'.
e: file:///Users/HONGBGU/Documents/seadroid/app/src/main/java/com/seafile/seadroid2/ui/repo/RepoQuickAdapter.kt:986:28 Unresolved reference 'newT'.
e: file:///Users/HONGBGU/Documents/seadroid/app/src/main/java/com/seafile/seadroid2/ui/repo/RepoQuickAdapter.kt:989:21 Unresolved reference 'items'.
e: file:///Users/HONGBGU/Documents/seadroid/app/src/main/java/com/seafile/seadroid2/ui/repo/RepoQuickAdapter.kt:989:51 Unresolved reference 'DirentModel'.
e: file:///Users/HONGBGU/Documents/seadroid/app/src/main/java/com/seafile/seadroid2/ui/repo/RepoQuickAdapter.kt:990:31 Unresolved reference 'DirentModel'.
e: file:///Users/HONGBGU/Documents/seadroid/app/src/main/java/com/seafile/seadroid2/ui/repo/RepoQuickAdapter.kt:990:78 Unresolved reference 'DirentModel'.
e: file:///Users/HONGBGU/Documents/seadroid/app/src/main/java/com/seafile/seadroid2/ui/repo/RepoQuickAdapter.kt:991:28 Unresolved reference 'newT'.
e: file:///Users/HONGBGU/Documents/seadroid/app/src/main/java/com/seafile/seadroid2/ui/repo/RepoQuickAdapter.kt:998:9 Unresolved reference 'items'.
e: file:///Users/HONGBGU/Documents/seadroid/app/src/main/java/com/seafile/seadroid2/ui/repo/RepoQuickAdapter.kt:999:20 None of the following candidates is applicable:
fun dispatchUpdatesTo(@NonNull() p0: (RecyclerView.Adapter<RecyclerView.ViewHolder!>..RecyclerView.Adapter<*>)): Unit
fun dispatchUpdatesTo(@NonNull() p0: ListUpdateCallback): Unit
e: file:///Users/HONGBGU/Documents/seadroid/app/src/main/java/com/seafile/seadroid2/ui/repo/RepoQuickAdapter.kt:1002:26 Unresolved reference 'Bundle'.
e: file:///Users/HONGBGU/Documents/seadroid/app/src/main/java/com/seafile/seadroid2/ui/repo/RepoQuickAdapter.kt:1002:35 Unresolved reference 'Bundle'.
e: file:///Users/HONGBGU/Documents/seadroid/app/src/main/java/com/seafile/seadroid2/ui/repo/RepoQuickAdapter.kt:1003:21 Unresolved reference 'putBoolean'.
e: file:///Users/HONGBGU/Documents/seadroid/app/src/main/java/com/seafile/seadroid2/ui/repo/RepoQuickAdapter.kt:1004:13 Unresolved reference 'notifyItemRangeChanged'.
e: file:///Users/HONGBGU/Documents/seadroid/app/src/main/java/com/seafile/seadroid2/ui/repo/RepoQuickFragment.kt:3:24 Conflicting import: imported name 'Context' is ambiguous.
e: file:///Users/HONGBGU/Documents/seadroid/app/src/main/java/com/seafile/seadroid2/ui/repo/RepoQuickFragment.kt:4:24 Conflicting import: imported name 'DialogInterface' is ambiguous.
e: file:///Users/HONGBGU/Documents/seadroid/app/src/main/java/com/seafile/seadroid2/ui/repo/RepoQuickFragment.kt:5:24 Conflicting import: imported name 'Intent' is ambiguous.
e: file:///Users/HONGBGU/Documents/seadroid/app/src/main/java/com/seafile/seadroid2/ui/repo/RepoQuickFragment.kt:6:20 Conflicting import: imported name 'Uri' is ambiguous.
e: file:///Users/HONGBGU/Documents/seadroid/app/src/main/java/com/seafile/seadroid2/ui/repo/RepoQuickFragment.kt:7:19 Conflicting import: imported name 'Bundle' is ambiguous.
e: file:///Users/HONGBGU/Documents/seadroid/app/src/main/java/com/seafile/seadroid2/ui/repo/RepoQuickFragment.kt:8:25 Conflicting import: imported name 'DocumentsContract' is ambiguous.
e: file:///Users/HONGBGU/Documents/seadroid/app/src/main/java/com/seafile/seadroid2/ui/repo/RepoQuickFragment.kt:9:21 Conflicting import: imported name 'TextUtils' is ambiguous.
e: file:///Users/HONGBGU/Documents/seadroid/app/src/main/java/com/seafile/seadroid2/ui/repo/RepoQuickFragment.kt:10:21 Conflicting import: imported name 'Pair' is ambiguous.
e: file:///Users/HONGBGU/Documents/seadroid/app/src/main/java/com/seafile/seadroid2/ui/repo/RepoQuickFragment.kt:11:21 Conflicting import: imported name 'LayoutInflater' is ambiguous.
e: file:///Users/HONGBGU/Documents/seadroid/app/src/main/java/com/seafile/seadroid2/ui/repo/RepoQuickFragment.kt:12:21 Conflicting import: imported name 'Menu' is ambiguous.
e: file:///Users/HONGBGU/Documents/seadroid/app/src/main/java/com/seafile/seadroid2/ui/repo/RepoQuickFragment.kt:13:21 Conflicting import: imported name 'MenuInflater' is ambiguous.
e: file:///Users/HONGBGU/Documents/seadroid/app/src/main/java/com/seafile/seadroid2/ui/repo/RepoQuickFragment.kt:14:21 Conflicting import: imported name 'MenuItem' is ambiguous.
e: file:///Users/HONGBGU/Documents/seadroid/app/src/main/java/com/seafile/seadroid2/ui/repo/RepoQuickFragment.kt:15:21 Conflicting import: imported name 'View' is ambiguous.
e: file:///Users/HONGBGU/Documents/seadroid/app/src/main/java/com/seafile/seadroid2/ui/repo/RepoQuickFragment.kt:16:21 Conflicting import: imported name 'ViewGroup' is ambiguous.
e: file:///Users/HONGBGU/Documents/seadroid/app/src/main/java/com/seafile/seadroid2/ui/repo/RepoQuickFragment.kt:17:23 Conflicting import: imported name 'ImageView' is ambiguous.
e: file:///Users/HONGBGU/Documents/seadroid/app/src/main/java/com/seafile/seadroid2/ui/repo/RepoQuickFragment.kt:18:23 Conflicting import: imported name 'LinearLayout' is ambiguous.
e: file:///Users/HONGBGU/Documents/seadroid/app/src/main/java/com/seafile/seadroid2/ui/repo/RepoQuickFragment.kt:19:23 Conflicting import: imported name 'TextView' is ambiguous.
e: file:///Users/HONGBGU/Documents/seadroid/app/src/main/java/com/seafile/seadroid2/ui/repo/RepoQuickFragment.kt:20:33 Conflicting import: imported name 'ActivityResultCallback' is ambiguous.
e: file:///Users/HONGBGU/Documents/seadroid/app/src/main/java/com/seafile/seadroid2/ui/repo/RepoQuickFragment.kt:21:33 Conflicting import: imported name 'ActivityResultLauncher' is ambiguous.
e: file:///Users/HONGBGU/Documents/seadroid/app/src/main/java/com/seafile/seadroid2/ui/repo/RepoQuickFragment.kt:22:66 Conflicting import: imported name 'OpenDocument' is ambiguous.
e: file:///Users/HONGBGU/Documents/seadroid/app/src/main/java/com/seafile/seadroid2/ui/repo/RepoQuickFragment.kt:23:66 Conflicting import: imported name 'OpenMultipleDocuments' is ambiguous.
e: file:///Users/HONGBGU/Documents/seadroid/app/src/main/java/com/seafile/seadroid2/ui/repo/RepoQuickFragment.kt:24:28 Conflicting import: imported name 'OptIn' is ambiguous.
e: file:///Users/HONGBGU/Documents/seadroid/app/src/main/java/com/seafile/seadroid2/ui/repo/RepoQuickFragment.kt:25:31 Conflicting import: imported name 'AppCompatActivity' is ambiguous.
e: file:///Users/HONGBGU/Documents/seadroid/app/src/main/java/com/seafile/seadroid2/ui/repo/RepoQuickFragment.kt:26:32 Conflicting import: imported name 'ActionMode' is ambiguous.
e: file:///Users/HONGBGU/Documents/seadroid/app/src/main/java/com/seafile/seadroid2/ui/repo/RepoQuickFragment.kt:27:34 Conflicting import: imported name 'SearchView' is ambiguous.
e: file:///Users/HONGBGU/Documents/seadroid/app/src/main/java/com/seafile/seadroid2/ui/repo/RepoQuickFragment.kt:28:27 Conflicting import: imported name 'MenuHost' is ambiguous.
e: file:///Users/HONGBGU/Documents/seadroid/app/src/main/java/com/seafile/seadroid2/ui/repo/RepoQuickFragment.kt:29:27 Conflicting import: imported name 'MenuProvider' is ambiguous.
e: file:///Users/HONGBGU/Documents/seadroid/app/src/main/java/com/seafile/seadroid2/ui/repo/RepoQuickFragment.kt:30:27 Conflicting import: imported name 'Lifecycle' is ambiguous.
e: file:///Users/HONGBGU/Documents/seadroid/app/src/main/java/com/seafile/seadroid2/ui/repo/RepoQuickFragment.kt:31:27 Conflicting import: imported name 'Observer' is ambiguous.
e: file:///Users/HONGBGU/Documents/seadroid/app/src/main/java/com/seafile/seadroid2/ui/repo/RepoQuickFragment.kt:32:27 Conflicting import: imported name 'ViewModelProvider' is ambiguous.
e: file:///Users/HONGBGU/Documents/seadroid/app/src/main/java/com/seafile/seadroid2/ui/repo/RepoQuickFragment.kt:33:36 Conflicting import: imported name 'UnstableApi' is ambiguous.
e: file:///Users/HONGBGU/Documents/seadroid/app/src/main/java/com/seafile/seadroid2/ui/repo/RepoQuickFragment.kt:34:37 Conflicting import: imported name 'GridLayoutManager' is ambiguous.
e: file:///Users/HONGBGU/Documents/seadroid/app/src/main/java/com/seafile/seadroid2/ui/repo/RepoQuickFragment.kt:35:37 Conflicting import: imported name 'RecyclerView' is ambiguous.
e: file:///Users/HONGBGU/Documents/seadroid/app/src/main/java/com/seafile/seadroid2/ui/repo/RepoQuickFragment.kt:36:62 Conflicting import: imported name 'OnRefreshListener' is ambiguous.
e: file:///Users/HONGBGU/Documents/seadroid/app/src/main/java/com/seafile/seadroid2/ui/repo/RepoQuickFragment.kt:37:33 Conflicting import: imported name 'CollectionUtils' is ambiguous.
e: file:///Users/HONGBGU/Documents/seadroid/app/src/main/java/com/seafile/seadroid2/ui/repo/RepoQuickFragment.kt:38:33 Conflicting import: imported name 'NetworkUtils' is ambiguous.
e: file:///Users/HONGBGU/Documents/seadroid/app/src/main/java/com/seafile/seadroid2/ui/repo/RepoQuickFragment.kt:39:34 Conflicting import: imported name 'BaseQuickAdapter' is ambiguous.
e: file:///Users/HONGBGU/Documents/seadroid/app/src/main/java/com/seafile/seadroid2/ui/repo/RepoQuickFragment.kt:40:41 Conflicting import: imported name 'StickyItemDecoration' is ambiguous.
e: file:///Users/HONGBGU/Documents/seadroid/app/src/main/java/com/seafile/seadroid2/ui/repo/RepoQuickFragment.kt:41:43 Conflicting import: imported name 'MaterialAlertDialogBuilder' is ambiguous.
e: file:///Users/HONGBGU/Documents/seadroid/app/src/main/java/com/seafile/seadroid2/ui/repo/RepoQuickFragment.kt:42:34 Conflicting import: imported name 'Maps' is ambiguous.
e: file:///Users/HONGBGU/Documents/seadroid/app/src/main/java/com/seafile/seadroid2/ui/repo/RepoQuickFragment.kt:43:30 Conflicting import: imported name 'R' is ambiguous.
e: file:///Users/HONGBGU/Documents/seadroid/app/src/main/java/com/seafile/seadroid2/ui/repo/RepoQuickFragment.kt:44:30 Conflicting import: imported name 'SeafException' is ambiguous.
e: file:///Users/HONGBGU/Documents/seadroid/app/src/main/java/com/seafile/seadroid2/ui/repo/RepoQuickFragment.kt:45:38 Conflicting import: imported name 'Account' is ambiguous.
e: file:///Users/HONGBGU/Documents/seadroid/app/src/main/java/com/seafile/seadroid2/ui/repo/RepoQuickFragment.kt:46:38 Conflicting import: imported name 'SupportAccountManager' is ambiguous.
e: file:///Users/HONGBGU/Documents/seadroid/app/src/main/java/com/seafile/seadroid2/ui/repo/RepoQuickFragment.kt:47:34 Conflicting import: imported name 'BusHelper' is ambiguous.
e: file:///Users/HONGBGU/Documents/seadroid/app/src/main/java/com/seafile/seadroid2/ui/repo/RepoQuickFragment.kt:48:37 Conflicting import: imported name 'AbsLayoutItemType' is ambiguous.
e: file:///Users/HONGBGU/Documents/seadroid/app/src/main/java/com/seafile/seadroid2/ui/repo/RepoQuickFragment.kt:49:37 Conflicting import: imported name 'Constants' is ambiguous.
e: file:///Users/HONGBGU/Documents/seadroid/app/src/main/java/com/seafile/seadroid2/ui/repo/RepoQuickFragment.kt:50:47 Conflicting import: imported name 'DP' is ambiguous.
e: file:///Users/HONGBGU/Documents/seadroid/app/src/main/java/com/seafile/seadroid2/ui/repo/RepoQuickFragment.kt:51:38 Conflicting import: imported name 'CopyMoveContext' is ambiguous.
e: file:///Users/HONGBGU/Documents/seadroid/app/src/main/java/com/seafile/seadroid2/ui/repo/RepoQuickFragment.kt:52:38 Conflicting import: imported name 'GlobalNavContext' is ambiguous.
e: file:///Users/HONGBGU/Documents/seadroid/app/src/main/java/com/seafile/seadroid2/ui/repo/RepoQuickFragment.kt:53:38 Conflicting import: imported name 'NavContext' is ambiguous.
e: file:///Users/HONGBGU/Documents/seadroid/app/src/main/java/com/seafile/seadroid2/ui/repo/RepoQuickFragment.kt:54:42 Conflicting import: imported name 'LayoutFastRvBinding' is ambiguous.
e: file:///Users/HONGBGU/Documents/seadroid/app/src/main/java/com/seafile/seadroid2/ui/repo/RepoQuickFragment.kt:55:36 Conflicting import: imported name 'ActionModeCallbackType' is ambiguous.
e: file:///Users/HONGBGU/Documents/seadroid/app/src/main/java/com/seafile/seadroid2/ui/repo/RepoQuickFragment.kt:56:36 Conflicting import: imported name 'FeatureDataSource' is ambiguous.
e: file:///Users/HONGBGU/Documents/seadroid/app/src/main/java/com/seafile/seadroid2/ui/repo/RepoQuickFragment.kt:57:36 Conflicting import: imported name 'FileReturnActionEnum' is ambiguous.
e: file:///Users/HONGBGU/Documents/seadroid/app/src/main/java/com/seafile/seadroid2/ui/repo/RepoQuickFragment.kt:58:36 Conflicting import: imported name 'FileViewType' is ambiguous.
e: file:///Users/HONGBGU/Documents/seadroid/app/src/main/java/com/seafile/seadroid2/ui/repo/RepoQuickFragment.kt:59:36 Conflicting import: imported name 'ObjSelectType' is ambiguous.
e: file:///Users/HONGBGU/Documents/seadroid/app/src/main/java/com/seafile/seadroid2/ui/repo/RepoQuickFragment.kt:60:36 Conflicting import: imported name 'OpType' is ambiguous.
e: file:///Users/HONGBGU/Documents/seadroid/app/src/main/java/com/seafile/seadroid2/ui/repo/RepoQuickFragment.kt:61:36 Conflicting import: imported name 'RefreshStatusEnum' is ambiguous.
e: file:///Users/HONGBGU/Documents/seadroid/app/src/main/java/com/seafile/seadroid2/ui/repo/RepoQuickFragment.kt:62:36 Conflicting import: imported name 'SortBy' is ambiguous.
e: file:///Users/HONGBGU/Documents/seadroid/app/src/main/java/com/seafile/seadroid2/ui/repo/RepoQuickFragment.kt:63:50 Conflicting import: imported name 'DataManager' is ambiguous.
e: file:///Users/HONGBGU/Documents/seadroid/app/src/main/java/com/seafile/seadroid2/ui/repo/RepoQuickFragment.kt:64:52 Conflicting import: imported name 'DirentModel' is ambiguous.
e: file:///Users/HONGBGU/Documents/seadroid/app/src/main/java/com/seafile/seadroid2/ui/repo/RepoQuickFragment.kt:65:52 Conflicting import: imported name 'PermissionEntity' is ambiguous.
e: file:///Users/HONGBGU/Documents/seadroid/app/src/main/java/com/seafile/seadroid2/ui/repo/RepoQuickFragment.kt:66:52 Conflicting import: imported name 'RepoModel' is ambiguous.
e: file:///Users/HONGBGU/Documents/seadroid/app/src/main/java/com/seafile/seadroid2/ui/repo/RepoQuickFragment.kt:67:46 Conflicting import: imported name 'BaseModel' is ambiguous.
e: file:///Users/HONGBGU/Documents/seadroid/app/src/main/java/com/seafile/seadroid2/ui/repo/RepoQuickFragment.kt:68:46 Conflicting import: imported name 'GroupItemModel' is ambiguous.
e: file:///Users/HONGBGU/Documents/seadroid/app/src/main/java/com/seafile/seadroid2/ui/repo/RepoQuickFragment.kt:69:61 Cannot import 'equals'. Functions and properties can only be imported from packages or objects.
e: file:///Users/HONGBGU/Documents/seadroid/app/src/main/java/com/seafile/seadroid2/ui/repo/RepoQuickFragment.kt:70:46 Conflicting import: imported name 'ServerInfo' is ambiguous.
e: file:///Users/HONGBGU/Documents/seadroid/app/src/main/java/com/seafile/seadroid2/ui/repo/RepoQuickFragment.kt:71:54 Conflicting import: imported name 'DirentFileModel' is ambiguous.
e: file:///Users/HONGBGU/Documents/seadroid/app/src/main/java/com/seafile/seadroid2/ui/repo/RepoQuickFragment.kt:72:53 Conflicting import: imported name 'SearchModel' is ambiguous.
e: file:///Users/HONGBGU/Documents/seadroid/app/src/main/java/com/seafile/seadroid2/ui/repo/RepoQuickFragment.kt:74:65 Cannot import 'equals'. Functions and properties can only be imported from packages or objects.
e: file:///Users/HONGBGU/Documents/seadroid/app/src/main/java/com/seafile/seadroid2/ui/repo/RepoQuickFragment.kt:75:48 Conflicting import: imported name 'BackupThreadExecutor' is ambiguous.
e: file:///Users/HONGBGU/Documents/seadroid/app/src/main/java/com/seafile/seadroid2/ui/repo/RepoQuickFragment.kt:76:45 Conflicting import: imported name 'Logs' is ambiguous.
e: file:///Users/HONGBGU/Documents/seadroid/app/src/main/java/com/seafile/seadroid2/ui/repo/RepoQuickFragment.kt:77:45 Conflicting import: imported name 'Objs' is ambiguous.
e: file:///Users/HONGBGU/Documents/seadroid/app/src/main/java/com/seafile/seadroid2/ui/repo/RepoQuickFragment.kt:78:45 Conflicting import: imported name 'Toasts' is ambiguous.
e: file:///Users/HONGBGU/Documents/seadroid/app/src/main/java/com/seafile/seadroid2/ui/repo/RepoQuickFragment.kt:79:45 Conflicting import: imported name 'Utils' is ambiguous.
e: file:///Users/HONGBGU/Documents/seadroid/app/src/main/java/com/seafile/seadroid2/ui/repo/RepoQuickFragment.kt:80:47 Conflicting import: imported name 'TransferEvent' is ambiguous.
e: file:///Users/HONGBGU/Documents/seadroid/app/src/main/java/com/seafile/seadroid2/ui/repo/RepoQuickFragment.kt:81:47 Conflicting import: imported name 'TransferWorker' is ambiguous.
e: file:///Users/HONGBGU/Documents/seadroid/app/src/main/java/com/seafile/seadroid2/ui/repo/RepoQuickFragment.kt:82:42 Conflicting import: imported name 'Settings' is ambiguous.
e: file:///Users/HONGBGU/Documents/seadroid/app/src/main/java/com/seafile/seadroid2/ui/repo/RepoQuickFragment.kt:83:33 Conflicting import: imported name 'WidgetUtils' is ambiguous.
e: file:///Users/HONGBGU/Documents/seadroid/app/src/main/java/com/seafile/seadroid2/ui/repo/RepoQuickFragment.kt:84:47 Conflicting import: imported name 'BaseFragmentWithVM' is ambiguous.
e: file:///Users/HONGBGU/Documents/seadroid/app/src/main/java/com/seafile/seadroid2/ui/repo/RepoQuickFragment.kt:85:49 Conflicting import: imported name 'BottomSheetNewDirFileDialogFragment' is ambiguous.
e: file:///Users/HONGBGU/Documents/seadroid/app/src/main/java/com/seafile/seadroid2/ui/repo/RepoQuickFragment.kt:86:49 Conflicting import: imported name 'BottomSheetNewRepoDialogFragment' is ambiguous.
e: file:///Users/HONGBGU/Documents/seadroid/app/src/main/java/com/seafile/seadroid2/ui/repo/RepoQuickFragment.kt:87:49 Conflicting import: imported name 'BottomSheetPasswordDialogFragment' is ambiguous.
e: file:///Users/HONGBGU/Documents/seadroid/app/src/main/java/com/seafile/seadroid2/ui/repo/RepoQuickFragment.kt:88:49 Conflicting import: imported name 'BottomSheetRenameDialogFragment' is ambiguous.
e: file:///Users/HONGBGU/Documents/seadroid/app/src/main/java/com/seafile/seadroid2/ui/repo/RepoQuickFragment.kt:89:49 Conflicting import: imported name 'CopyMoveDialogFragment' is ambiguous.
e: file:///Users/HONGBGU/Documents/seadroid/app/src/main/java/com/seafile/seadroid2/ui/repo/RepoQuickFragment.kt:90:49 Conflicting import: imported name 'DeleteFileDialogFragment' is ambiguous.
e: file:///Users/HONGBGU/Documents/seadroid/app/src/main/java/com/seafile/seadroid2/ui/repo/RepoQuickFragment.kt:91:49 Conflicting import: imported name 'DeleteRepoDialogFragment' is ambiguous.
e: file:///Users/HONGBGU/Documents/seadroid/app/src/main/java/com/seafile/seadroid2/ui/repo/RepoQuickFragment.kt:92:58 Conflicting import: imported name 'OnRefreshDataListener' is ambiguous.
e: file:///Users/HONGBGU/Documents/seadroid/app/src/main/java/com/seafile/seadroid2/ui/repo/RepoQuickFragment.kt:93:58 Conflicting import: imported name 'OnResultListener' is ambiguous.
e: file:///Users/HONGBGU/Documents/seadroid/app/src/main/java/com/seafile/seadroid2/ui/repo/RepoQuickFragment.kt:94:38 Conflicting import: imported name 'FileActivity' is ambiguous.
e: file:///Users/HONGBGU/Documents/seadroid/app/src/main/java/com/seafile/seadroid2/ui/repo/RepoQuickFragment.kt:95:38 Conflicting import: imported name 'MainViewModel' is ambiguous.
e: file:///Users/HONGBGU/Documents/seadroid/app/src/main/java/com/seafile/seadroid2/ui/repo/RepoQuickFragment.kt:96:42 Conflicting import: imported name 'MarkdownActivity' is ambiguous.
e: file:///Users/HONGBGU/Documents/seadroid/app/src/main/java/com/seafile/seadroid2/ui/repo/RepoQuickFragment.kt:97:45 Conflicting import: imported name 'CarouselImagePreviewActivity' is ambiguous.
e: file:///Users/HONGBGU/Documents/seadroid/app/src/main/java/com/seafile/seadroid2/ui/repo/RepoQuickFragment.kt:98:46 Conflicting import: imported name 'CustomExoVideoPlayerActivity' is ambiguous.
e: file:///Users/HONGBGU/Documents/seadroid/app/src/main/java/com/seafile/seadroid2/ui/repo/RepoQuickFragment.kt:99:52 Conflicting import: imported name 'DecryptResult' is ambiguous.
e: file:///Users/HONGBGU/Documents/seadroid/app/src/main/java/com/seafile/seadroid2/ui/repo/RepoQuickFragment.kt:100:50 Conflicting import: imported name 'BottomSheetActionView' is ambiguous.
e: file:///Users/HONGBGU/Documents/seadroid/app/src/main/java/com/seafile/seadroid2/ui/repo/RepoQuickFragment.kt:101:50 Conflicting import: imported name 'BottomSheetMenuManager' is ambiguous.
e: file:///Users/HONGBGU/Documents/seadroid/app/src/main/java/com/seafile/seadroid2/ui/repo/RepoQuickFragment.kt:102:38 Conflicting import: imported name 'SDocWebViewActivity' is ambiguous.
e: file:///Users/HONGBGU/Documents/seadroid/app/src/main/java/com/seafile/seadroid2/ui/repo/RepoQuickFragment.kt:103:42 Conflicting import: imported name 'ObjSelectorActivity' is ambiguous.
e: file:///Users/HONGBGU/Documents/seadroid/app/src/main/java/com/seafile/seadroid2/ui/repo/RepoQuickFragment.kt:104:38 Conflicting import: imported name 'StarredQuickFragment' is ambiguous.
e: file:///Users/HONGBGU/Documents/seadroid/app/src/main/java/com/seafile/seadroid2/ui/repo/RepoQuickFragment.kt:105:35 Conflicting import: imported name 'TipsViews' is ambiguous.
e: file:///Users/HONGBGU/Documents/seadroid/app/src/main/java/com/seafile/seadroid2/ui/repo/RepoQuickFragment.kt:106:35 Conflicting import: imported name 'ViewSortPopupWindow' is ambiguous.
e: file:///Users/HONGBGU/Documents/seadroid/app/src/main/java/com/seafile/seadroid2/ui/repo/RepoQuickFragment.kt:107:16 Conflicting import: imported name 'File' is ambiguous.
e: file:///Users/HONGBGU/Documents/seadroid/app/src/main/java/com/seafile/seadroid2/ui/repo/RepoQuickFragment.kt:108:16 Conflicting import: imported name 'FileInputStream' is ambiguous.
e: file:///Users/HONGBGU/Documents/seadroid/app/src/main/java/com/seafile/seadroid2/ui/repo/RepoQuickFragment.kt:109:16 Conflicting import: imported name 'FileNotFoundException' is ambiguous.
e: file:///Users/HONGBGU/Documents/seadroid/app/src/main/java/com/seafile/seadroid2/ui/repo/RepoQuickFragment.kt:110:16 Conflicting import: imported name 'IOException' is ambiguous.
e: file:///Users/HONGBGU/Documents/seadroid/app/src/main/java/com/seafile/seadroid2/ui/repo/RepoQuickFragment.kt:111:18 Conflicting import: imported name 'Optional' is ambiguous.
e: file:///Users/HONGBGU/Documents/seadroid/app/src/main/java/com/seafile/seadroid2/ui/repo/RepoQuickFragment.kt:112:27 Conflicting import: imported name 'Consumer' is ambiguous.
e: file:///Users/HONGBGU/Documents/seadroid/app/src/main/java/com/seafile/seadroid2/ui/repo/RepoQuickFragment.kt:113:25 Conflicting import: imported name 'Collectors' is ambiguous.
e: file:///Users/HONGBGU/Documents/seadroid/app/src/main/java/com/seafile/seadroid2/ui/repo/RepoQuickFragment.kt:115:54 Cannot import 'endOfPaginationReached'. Functions and properties can only be imported from packages or objects.
e: file:///Users/HONGBGU/Documents/seadroid/app/src/main/java/com/seafile/seadroid2/ui/repo/RepoQuickFragment.kt:116:78 Cannot import 'invokeFailRetry'. Functions and properties can only be imported from packages or objects.
e: file:///Users/HONGBGU/Documents/seadroid/app/src/main/java/com/seafile/seadroid2/ui/repo/RepoQuickFragment.kt:117:61 Cannot import 'build'. Functions and properties can only be imported from packages or objects.
e: file:///Users/HONGBGU/Documents/seadroid/app/src/main/java/com/seafile/seadroid2/ui/repo/RepoQuickFragment.kt:118:45 Cannot import 'get'. Functions and properties can only be imported from packages or objects.
e: file:///Users/HONGBGU/Documents/seadroid/app/src/main/java/com/seafile/seadroid2/ui/repo/RepoQuickFragment.kt:119:56 Cannot import 'launch'. Functions and properties can only be imported from packages or objects.
e: file:///Users/HONGBGU/Documents/seadroid/app/src/main/java/com/seafile/seadroid2/ui/repo/RepoQuickFragment.kt:120:64 Cannot import 'setMediaType'. Functions and properties can only be imported from packages or objects.
e: file:///Users/HONGBGU/Documents/seadroid/app/src/main/java/com/seafile/seadroid2/ui/repo/RepoQuickFragment.kt:121:64 Cannot import 'build'. Functions and properties can only be imported from packages or objects.
e: file:///Users/HONGBGU/Documents/seadroid/app/src/main/java/com/seafile/seadroid2/ui/repo/RepoQuickFragment.kt:122:44 Cannot import 'onBackPressedDispatcher'. Functions and properties can only be imported from packages or objects.
e: file:///Users/HONGBGU/Documents/seadroid/app/src/main/java/com/seafile/seadroid2/ui/repo/RepoQuickFragment.kt:123:50 Cannot import 'addCallback'. Functions and properties can only be imported from packages or objects.
e: file:///Users/HONGBGU/Documents/seadroid/app/src/main/java/com/seafile/seadroid2/ui/repo/RepoQuickFragment.kt:124:44 Cannot import 'onNewIntent'. Functions and properties can only be imported from packages or objects.
e: file:///Users/HONGBGU/Documents/seadroid/app/src/main/java/com/seafile/seadroid2/ui/repo/RepoQuickFragment.kt:125:44 Cannot import 'invalidateMenu'. Functions and properties can only be imported from packages or objects.
e: file:///Users/HONGBGU/Documents/seadroid/app/src/main/java/com/seafile/seadroid2/ui/repo/RepoQuickFragment.kt:126:57 Cannot import 'isProEdition'. Functions and properties can only be imported from packages or objects.
e: file:///Users/HONGBGU/Documents/seadroid/app/src/main/java/com/seafile/seadroid2/ui/repo/RepoQuickFragment.kt:127:69 Cannot import 'getFeaturesString'. Functions and properties can only be imported from packages or objects.
e: file:///Users/HONGBGU/Documents/seadroid/app/src/main/java/com/seafile/seadroid2/ui/repo/RepoQuickFragment.kt:128:51 Cannot import 'submitList'. Functions and properties can only be imported from packages or objects.
e: file:///Users/HONGBGU/Documents/seadroid/app/src/main/java/com/seafile/seadroid2/ui/repo/RepoQuickFragment.kt:129:51 Cannot import 'setOnItemClickListener'. Functions and properties can only be imported from packages or objects.
e: file:///Users/HONGBGU/Documents/seadroid/app/src/main/java/com/seafile/seadroid2/ui/repo/RepoQuickFragment.kt:130:51 Cannot import 'getItem'. Functions and properties can only be imported from packages or objects.
e: file:///Users/HONGBGU/Documents/seadroid/app/src/main/java/com/seafile/seadroid2/ui/repo/RepoQuickFragment.kt:131:51 Cannot import 'getItemCount'. Functions and properties can only be imported from packages or objects.
e: file:///Users/HONGBGU/Documents/seadroid/app/src/main/java/com/seafile/seadroid2/ui/repo/RepoQuickFragment.kt:132:55 Cannot import 'addItemType'. Functions and properties can only be imported from packages or objects.
e: file:///Users/HONGBGU/Documents/seadroid/app/src/main/java/com/seafile/seadroid2/ui/repo/RepoQuickFragment.kt:133:82 Cannot import 'onBind'. Functions and properties can only be imported from packages or objects.
e: file:///Users/HONGBGU/Documents/seadroid/app/src/main/java/com/seafile/seadroid2/ui/repo/RepoQuickFragment.kt:134:55 Cannot import 'onItemViewType'. Functions and properties can only be imported from packages or objects.
e: file:///Users/HONGBGU/Documents/seadroid/app/src/main/java/com/seafile/seadroid2/ui/repo/RepoQuickFragment.kt:135:51 Cannot import 'onAttachedToRecyclerView'. Functions and properties can only be imported from packages or objects.
e: file:///Users/HONGBGU/Documents/seadroid/app/src/main/java/com/seafile/seadroid2/ui/repo/RepoQuickFragment.kt:136:51 Cannot import 'context'. Functions and properties can only be imported from packages or objects.
e: file:///Users/HONGBGU/Documents/seadroid/app/src/main/java/com/seafile/seadroid2/ui/repo/RepoQuickFragment.kt:137:65 Cannot import 'isDir'. Functions and properties can only be imported from packages or objects.
e: file:///Users/HONGBGU/Documents/seadroid/app/src/main/java/com/seafile/seadroid2/ui/repo/RepoQuickFragment.kt:138:65 Cannot import 'getSubtitle'. Functions and properties can only be imported from packages or objects.
e: file:///Users/HONGBGU/Documents/seadroid/app/src/main/java/com/seafile/seadroid2/ui/repo/RepoQuickFragment.kt:139:65 Cannot import 'getIcon'. Functions and properties can only be imported from packages or objects.
e: file:///Users/HONGBGU/Documents/seadroid/app/src/main/java/com/seafile/seadroid2/ui/repo/RepoQuickFragment.kt:140:51 Cannot import 'items'. Functions and properties can only be imported from packages or objects.
e: file:///Users/HONGBGU/Documents/seadroid/app/src/main/java/com/seafile/seadroid2/ui/repo/RepoQuickFragment.kt:141:61 Cannot import 'equals'. Functions and properties can only be imported from packages or objects.
e: file:///Users/HONGBGU/Documents/seadroid/app/src/main/java/com/seafile/seadroid2/ui/repo/RepoQuickFragment.kt:142:65 Cannot import 'equals'. Functions and properties can only be imported from packages or objects.
e: file:///Users/HONGBGU/Documents/seadroid/app/src/main/java/com/seafile/seadroid2/ui/repo/RepoQuickFragment.kt:143:70 Cannot import 'invisibleOriginItemWhenStickyItemShowing'. Functions and properties can only be imported from packages or objects.
e: file:///Users/HONGBGU/Documents/seadroid/app/src/main/java/com/seafile/seadroid2/ui/repo/RepoQuickFragment.kt:144:70 Cannot import 'disabledScrollUpStickyItem'. Functions and properties can only be imported from packages or objects.
e: file:///Users/HONGBGU/Documents/seadroid/app/src/main/java/com/seafile/seadroid2/ui/repo/RepoQuickFragment.kt:145:70 Cannot import 'showInContainer'. Functions and properties can only be imported from packages or objects.
e: file:///Users/HONGBGU/Documents/seadroid/app/src/main/java/com/seafile/seadroid2/ui/repo/RepoQuickFragment.kt:146:70 Cannot import 'build'. Functions and properties can only be imported from packages or objects.
e: file:///Users/HONGBGU/Documents/seadroid/app/src/main/java/com/seafile/seadroid2/ui/repo/RepoQuickFragment.kt:147:57 Cannot import 'isSearchEnabled'. Functions and properties can only be imported from packages or objects.
e: file:///Users/HONGBGU/Documents/seadroid/app/src/main/java/com/seafile/seadroid2/ui/repo/RepoQuickFragment.kt:148:51 Cannot import 'set'. Functions and properties can only be imported from packages or objects.
e: file:///Users/HONGBGU/Documents/seadroid/app/src/main/java/com/seafile/seadroid2/ui/repo/RepoQuickFragment.kt:149:51 Cannot import 'setOnItemLongClickListener'. Functions and properties can only be imported from packages or objects.
e: file:///Users/HONGBGU/Documents/seadroid/app/src/main/java/com/seafile/seadroid2/ui/repo/RepoQuickFragment.kt:150:51 Cannot import 'addAll'. Functions and properties can only be imported from packages or objects.
e: file:///Users/HONGBGU/Documents/seadroid/app/src/main/java/com/seafile/seadroid2/ui/repo/RepoQuickFragment.kt:151:61 Cannot import 'getRepoList'. Functions and properties can only be imported from packages or objects.
e: file:///Users/HONGBGU/Documents/seadroid/app/src/main/java/com/seafile/seadroid2/ui/repo/RepoQuickFragment.kt:152:51 Cannot import 'removeAtRange'. Functions and properties can only be imported from packages or objects.
e: file:///Users/HONGBGU/Documents/seadroid/app/src/main/java/com/seafile/seadroid2/ui/repo/RepoQuickFragment.kt:153:51 Cannot import 'stateView'. Functions and properties can only be imported from packages or objects.
e: file:///Users/HONGBGU/Documents/seadroid/app/src/main/java/com/seafile/seadroid2/ui/repo/RepoQuickFragment.kt:154:51 Cannot import 'isStateViewEnable'. Functions and properties can only be imported from packages or objects.
e: file:///Users/HONGBGU/Documents/seadroid/app/src/main/java/com/seafile/seadroid2/ui/repo/RepoQuickFragment.kt:156:51 Cannot import 'animationEnable'. Functions and properties can only be imported from packages or objects.
e: file:///Users/HONGBGU/Documents/seadroid/app/src/main/java/com/seafile/seadroid2/ui/repo/RepoQuickFragment.kt:157:51 Cannot import 'setStateViewLayout'. Functions and properties can only be imported from packages or objects.
e: file:///Users/HONGBGU/Documents/seadroid/app/src/main/java/com/seafile/seadroid2/ui/repo/RepoQuickFragment.kt:158:51 Cannot import 'addOnItemChildClickListener'. Functions and properties can only be imported from packages or objects.
e: file:///Users/HONGBGU/Documents/seadroid/app/src/main/java/com/seafile/seadroid2/ui/repo/RepoQuickFragment.kt:159:53 Cannot import 'adapter'. Functions and properties can only be imported from packages or objects.
e: file:///Users/HONGBGU/Documents/seadroid/app/src/main/java/com/seafile/seadroid2/ui/repo/RepoQuickFragment.kt:160:74 Cannot import 'setMetadataConfigModel'. Functions and properties can only be imported from packages or objects.
e: file:///Users/HONGBGU/Documents/seadroid/app/src/main/java/com/seafile/seadroid2/ui/repo/RepoQuickFragment.kt:161:74 Cannot import 'setDetail'. Functions and properties can only be imported from packages or objects.
e: file:///Users/HONGBGU/Documents/seadroid/app/src/main/java/com/seafile/seadroid2/ui/repo/RepoQuickFragment.kt:162:74 Cannot import 'getMetaEnabled'. Functions and properties can only be imported from packages or objects.
e: file:///Users/HONGBGU/Documents/seadroid/app/src/main/java/com/seafile/seadroid2/ui/repo/RepoQuickFragment.kt:163:74 Cannot import 'getTagsEnabled'. Functions and properties can only be imported from packages or objects.
e: file:///Users/HONGBGU/Documents/seadroid/app/src/main/java/com/seafile/seadroid2/ui/repo/RepoQuickFragment.kt:164:74 Cannot import 'initDefaultIfMetaNotEnable'. Functions and properties can only be imported from packages or objects.
e: file:///Users/HONGBGU/Documents/seadroid/app/src/main/java/com/seafile/seadroid2/ui/repo/RepoQuickFragment.kt:165:74 Cannot import 'setRelatedUserWrapperModel'. Functions and properties can only be imported from packages or objects.
e: file:///Users/HONGBGU/Documents/seadroid/app/src/main/java/com/seafile/seadroid2/ui/repo/RepoQuickFragment.kt:166:74 Cannot import 'addRecordWrapperModel'. Functions and properties can only be imported from packages or objects.
e: file:///Users/HONGBGU/Documents/seadroid/app/src/main/java/com/seafile/seadroid2/ui/repo/RepoQuickFragment.kt:167:74 Cannot import 'setTagWrapperModel'. Functions and properties can only be imported from packages or objects.
e: file:///Users/HONGBGU/Documents/seadroid/app/src/main/java/com/seafile/seadroid2/ui/repo/RepoQuickFragment.kt:168:44 Cannot import 'onSaveInstanceState'. Functions and properties can only be imported from packages or objects.
e: file:///Users/HONGBGU/Documents/seadroid/app/src/main/java/com/seafile/seadroid2/ui/repo/RepoQuickFragment.kt:169:72 Cannot import 'canUse'. Functions and properties can only be imported from packages or objects.
e: file:///Users/HONGBGU/Documents/seadroid/app/src/main/java/com/seafile/seadroid2/ui/repo/RepoQuickFragment.kt:170:36 Cannot import 'accept'. Functions and properties can only be imported from packages or objects.
e: file:///Users/HONGBGU/Documents/seadroid/app/src/main/java/com/seafile/seadroid2/ui/repo/RepoQuickFragment.kt:171:20 Cannot import 'second'. Functions and properties can only be imported from packages or objects.
e: file:///Users/HONGBGU/Documents/seadroid/app/src/main/java/com/seafile/seadroid2/ui/repo/RepoQuickFragment.kt:173:51 Cannot import 'removeAt'. Functions and properties can only be imported from packages or objects.
e: file:///Users/HONGBGU/Documents/seadroid/app/src/main/java/com/seafile/seadroid2/ui/repo/RepoQuickFragment.kt:174:62 Cannot import 'getSubjectName'. Functions and properties can only be imported from packages or objects.
e: file:///Users/HONGBGU/Documents/seadroid/app/src/main/java/com/seafile/seadroid2/ui/repo/RepoQuickFragment.kt:175:62 Cannot import 'getSignature'. Functions and properties can only be imported from packages or objects.
e: file:///Users/HONGBGU/Documents/seadroid/app/src/main/java/com/seafile/seadroid2/ui/repo/RepoQuickFragment.kt:176:62 Cannot import 'getSerialNumber'. Functions and properties can only be imported from packages or objects.
e: file:///Users/HONGBGU/Documents/seadroid/app/src/main/java/com/seafile/seadroid2/ui/repo/RepoQuickFragment.kt:177:62 Cannot import 'getNotBefore'. Functions and properties can only be imported from packages or objects.
e: file:///Users/HONGBGU/Documents/seadroid/app/src/main/java/com/seafile/seadroid2/ui/repo/RepoQuickFragment.kt:178:62 Cannot import 'getNotAfter'. Functions and properties can only be imported from packages or objects.
e: file:///Users/HONGBGU/Documents/seadroid/app/src/main/java/com/seafile/seadroid2/ui/repo/RepoQuickFragment.kt:179:50 Cannot import 'onBackPressed'. Functions and properties can only be imported from packages or objects.
e: file:///Users/HONGBGU/Documents/seadroid/app/src/main/java/com/seafile/seadroid2/ui/repo/RepoQuickFragment.kt:181:44 Cannot import 'code'. Functions and properties can only be imported from packages or objects.
e: file:///Users/HONGBGU/Documents/seadroid/app/src/main/java/com/seafile/seadroid2/ui/repo/RepoQuickFragment.kt:182:44 Cannot import 'indexOfKey'. Functions and properties can only be imported from packages or objects.
e: file:///Users/HONGBGU/Documents/seadroid/app/src/main/java/com/seafile/seadroid2/ui/repo/RepoQuickFragment.kt:183:44 Cannot import 'valueAt'. Functions and properties can only be imported from packages or objects.
e: file:///Users/HONGBGU/Documents/seadroid/app/src/main/java/com/seafile/seadroid2/ui/repo/RepoQuickFragment.kt:184:44 Cannot import 'put'. Functions and properties can only be imported from packages or objects.
e: file:///Users/HONGBGU/Documents/seadroid/app/src/main/java/com/seafile/seadroid2/ui/repo/RepoQuickFragment.kt:185:71 Cannot import 'getTime'. Functions and properties can only be imported from packages or objects.
e: file:///Users/HONGBGU/Documents/seadroid/app/src/main/java/com/seafile/seadroid2/ui/repo/RepoQuickFragment.kt:186:61 Cannot import 'setTrailingLoadStateAdapter'. Functions and properties can only be imported from packages or objects.
e: file:///Users/HONGBGU/Documents/seadroid/app/src/main/java/com/seafile/seadroid2/ui/repo/RepoQuickFragment.kt:187:78 Cannot import 'setOnLoadMoreListener'. Functions and properties can only be imported from packages or objects.
e: file:///Users/HONGBGU/Documents/seadroid/app/src/main/java/com/seafile/seadroid2/ui/repo/RepoQuickFragment.kt:188:53 Cannot import 'trailingLoadState'. Functions and properties can only be imported from packages or objects.
e: file:///Users/HONGBGU/Documents/seadroid/app/src/main/java/com/seafile/seadroid2/ui/repo/RepoQuickFragment.kt:189:53 Cannot import 'trailingLoadStateAdapter'. Functions and properties can only be imported from packages or objects.
e: file:///Users/HONGBGU/Documents/seadroid/app/src/main/java/com/seafile/seadroid2/ui/repo/RepoQuickFragment.kt:190:78 Cannot import 'checkDisableLoadMoreIfNotFullPage'. Functions and properties can only be imported from packages or objects.
e: file:///Users/HONGBGU/Documents/seadroid/app/src/main/java/com/seafile/seadroid2/ui/repo/RepoQuickFragment.kt:192:76 Cannot import 'getCreatedAtFriendlyText'. Functions and properties can only be imported from packages or objects.
e: file:///Users/HONGBGU/Documents/seadroid/app/src/main/java/com/seafile/seadroid2/ui/repo/RepoQuickFragment.kt:193:20 Cannot import 'first'. Functions and properties can only be imported from packages or objects.
e: file:///Users/HONGBGU/Documents/seadroid/app/src/main/java/com/seafile/seadroid2/ui/repo/RepoQuickFragment.kt:194:61 Cannot import 'getAvatarUrl'. Functions and properties can only be imported from packages or objects.
e: file:///Users/HONGBGU/Documents/seadroid/app/src/main/java/com/seafile/seadroid2/ui/repo/RepoQuickFragment.kt:195:74 Cannot import 'getRecordMetaDataList'. Functions and properties can only be imported from packages or objects.
e: file:///Users/HONGBGU/Documents/seadroid/app/src/main/java/com/seafile/seadroid2/ui/repo/RepoQuickFragment.kt:196:74 Cannot import 'setRecordMetaDataList'. Functions and properties can only be imported from packages or objects.
e: file:///Users/HONGBGU/Documents/seadroid/app/src/main/java/com/seafile/seadroid2/ui/repo/RepoQuickFragment.kt:197:74 Cannot import 'getRecordResultList'. Functions and properties can only be imported from packages or objects.
e: file:///Users/HONGBGU/Documents/seadroid/app/src/main/java/com/seafile/seadroid2/ui/repo/RepoQuickFragment.kt:198:61 Cannot import 'name'. Functions and properties can only be imported from packages or objects.
e: file:///Users/HONGBGU/Documents/seadroid/app/src/main/java/com/seafile/seadroid2/ui/repo/RepoQuickFragment.kt:199:74 Cannot import 'getRelatedUserList'. Functions and properties can only be imported from packages or objects.
e: file:///Users/HONGBGU/Documents/seadroid/app/src/main/java/com/seafile/seadroid2/ui/repo/RepoQuickFragment.kt:200:61 Cannot import 'email'. Functions and properties can only be imported from packages or objects.
e: file:///Users/HONGBGU/Documents/seadroid/app/src/main/java/com/seafile/seadroid2/ui/repo/RepoQuickFragment.kt:202:72 Cannot import 'toString'. Functions and properties can only be imported from packages or objects.
e: file:///Users/HONGBGU/Documents/seadroid/app/src/main/java/com/seafile/seadroid2/ui/repo/RepoQuickFragment.kt:203:48 Cannot import 'setKeepOnScreenCondition'. Functions and properties can only be imported from packages or objects.
e: file:///Users/HONGBGU/Documents/seadroid/app/src/main/java/com/seafile/seadroid2/ui/repo/RepoQuickFragment.kt:204:74 Cannot import 'getDetail'. Functions and properties can only be imported from packages or objects.
e: file:///Users/HONGBGU/Documents/seadroid/app/src/main/java/com/seafile/seadroid2/ui/repo/RepoQuickFragment.kt:205:74 Cannot import 'getTagMap'. Functions and properties can only be imported from packages or objects.
e: file:///Users/HONGBGU/Documents/seadroid/app/src/main/java/com/seafile/seadroid2/ui/repo/RepoQuickFragment.kt:206:57 Cannot import 'getUrl'. Functions and properties can only be imported from packages or objects.
e: file:///Users/HONGBGU/Documents/seadroid/app/src/main/java/com/seafile/seadroid2/ui/repo/RepoQuickFragment.kt:207:57 Cannot import 'getVersion'. Functions and properties can only be imported from packages or objects.
e: file:///Users/HONGBGU/Documents/seadroid/app/src/main/java/com/seafile/seadroid2/ui/repo/RepoQuickFragment.kt:208:57 Cannot import 'getEncrypted_library_version'. Functions and properties can only be imported from packages or objects.
e: file:///Users/HONGBGU/Documents/seadroid/app/src/main/java/com/seafile/seadroid2/ui/repo/RepoQuickFragment.kt:209:57 Cannot import 'getFeatures'. Functions and properties can only be imported from packages or objects.
e: file:///Users/HONGBGU/Documents/seadroid/app/src/main/java/com/seafile/seadroid2/ui/repo/RepoQuickFragment.kt:212:70 Cannot import 'getMtimeInMills'. Functions and properties can only be imported from packages or objects.
e: file:///Users/HONGBGU/Documents/seadroid/app/src/main/java/com/seafile/seadroid2/ui/repo/RepoQuickFragment.kt:214:43 Cannot import 'addMigrations'. Functions and properties can only be imported from packages or objects.
e: file:///Users/HONGBGU/Documents/seadroid/app/src/main/java/com/seafile/seadroid2/ui/repo/RepoQuickFragment.kt:215:43 Cannot import 'build'. Functions and properties can only be imported from packages or objects.
e: file:///Users/HONGBGU/Documents/seadroid/app/src/main/java/com/seafile/seadroid2/ui/repo/RepoQuickFragment.kt:216:49 Cannot import 'execSQL'. Functions and properties can only be imported from packages or objects.
e: file:///Users/HONGBGU/Documents/seadroid/app/src/main/java/com/seafile/seadroid2/ui/repo/RepoQuickFragment.kt:217:49 Cannot import 'query'. Functions and properties can only be imported from packages or objects.
e: file:///Users/HONGBGU/Documents/seadroid/app/src/main/java/com/seafile/seadroid2/ui/repo/RepoQuickFragment.kt:218:61 Cannot import 'getTitle'. Functions and properties can only be imported from packages or objects.
e: file:///Users/HONGBGU/Documents/seadroid/app/src/main/java/com/seafile/seadroid2/ui/repo/RepoQuickFragment.kt:219:61 Cannot import 'addAllRepoList'. Functions and properties can only be imported from packages or objects.
e: file:///Users/HONGBGU/Documents/seadroid/app/src/main/java/com/seafile/seadroid2/ui/repo/RepoQuickFragment.kt:220:58 Cannot import 'setPath'. Functions and properties can only be imported from packages or objects.
e: file:///Users/HONGBGU/Documents/seadroid/app/src/main/java/com/seafile/seadroid2/ui/repo/RepoQuickFragment.kt:221:58 Cannot import 'setLabel'. Functions and properties can only be imported from packages or objects.
e: file:///Users/HONGBGU/Documents/seadroid/app/src/main/java/com/seafile/seadroid2/ui/repo/RepoQuickFragment.kt:222:58 Cannot import 'setRemovable'. Functions and properties can only be imported from packages or objects.
e: file:///Users/HONGBGU/Documents/seadroid/app/src/main/java/com/seafile/seadroid2/ui/repo/RepoQuickFragment.kt:223:58 Cannot import 'setPrimary'. Functions and properties can only be imported from packages or objects.
e: file:///Users/HONGBGU/Documents/seadroid/app/src/main/java/com/seafile/seadroid2/ui/repo/RepoQuickFragment.kt:224:58 Cannot import 'setAvailable'. Functions and properties can only be imported from packages or objects.
e: file:///Users/HONGBGU/Documents/seadroid/app/src/main/java/com/seafile/seadroid2/ui/repo/RepoQuickFragment.kt:225:57 Cannot import 'getError'. Functions and properties can only be imported from packages or objects.
e: file:///Users/HONGBGU/Documents/seadroid/app/src/main/java/com/seafile/seadroid2/ui/repo/RepoQuickFragment.kt:226:42 Cannot import 'setBackoffCriteria'. Functions and properties can only be imported from packages or objects.
e: file:///Users/HONGBGU/Documents/seadroid/app/src/main/java/com/seafile/seadroid2/ui/repo/RepoQuickFragment.kt:227:42 Cannot import 'addTag'. Functions and properties can only be imported from packages or objects.
e: file:///Users/HONGBGU/Documents/seadroid/app/src/main/java/com/seafile/seadroid2/ui/repo/RepoQuickFragment.kt:228:42 Cannot import 'setRequiredNetworkType'. Functions and properties can only be imported from packages or objects.
e: file:///Users/HONGBGU/Documents/seadroid/app/src/main/java/com/seafile/seadroid2/ui/repo/RepoQuickFragment.kt:229:42 Cannot import 'build'. Functions and properties can only be imported from packages or objects.
e: file:///Users/HONGBGU/Documents/seadroid/app/src/main/java/com/seafile/seadroid2/ui/repo/RepoQuickFragment.kt:230:42 Cannot import 'setId'. Functions and properties can only be imported from packages or objects.
e: file:///Users/HONGBGU/Documents/seadroid/app/src/main/java/com/seafile/seadroid2/ui/repo/RepoQuickFragment.kt:231:42 Cannot import 'setConstraints'. Functions and properties can only be imported from packages or objects.
e: file:///Users/HONGBGU/Documents/seadroid/app/src/main/java/com/seafile/seadroid2/ui/repo/RepoQuickFragment.kt:232:42 Cannot import 'build'. Functions and properties can only be imported from packages or objects.
e: file:///Users/HONGBGU/Documents/seadroid/app/src/main/java/com/seafile/seadroid2/ui/repo/RepoQuickFragment.kt:233:42 Cannot import 'setInputData'. Functions and properties can only be imported from packages or objects.
e: file:///Users/HONGBGU/Documents/seadroid/app/src/main/java/com/seafile/seadroid2/ui/repo/RepoQuickFragment.kt:234:79 Cannot import 'getParent_dir'. Functions and properties can only be imported from packages or objects.
e: file:///Users/HONGBGU/Documents/seadroid/app/src/main/java/com/seafile/seadroid2/ui/repo/RepoQuickFragment.kt:237:37 Cannot import 'onCleared'. Functions and properties can only be imported from packages or objects.
e: file:///Users/HONGBGU/Documents/seadroid/app/src/main/java/com/seafile/seadroid2/ui/repo/RepoQuickFragment.kt:238:42 Cannot import 'lifecycle'. Functions and properties can only be imported from packages or objects.
e: file:///Users/HONGBGU/Documents/seadroid/app/src/main/java/com/seafile/seadroid2/ui/repo/RepoQuickFragment.kt:239:37 Cannot import 'addObserver'. Functions and properties can only be imported from packages or objects.
e: file:///Users/HONGBGU/Documents/seadroid/app/src/main/java/com/seafile/seadroid2/ui/repo/RepoQuickFragment.kt:240:37 Cannot import 'removeObserver'. Functions and properties can only be imported from packages or objects.
e: file:///Users/HONGBGU/Documents/seadroid/app/src/main/java/com/seafile/seadroid2/ui/repo/RepoQuickFragment.kt:242:34 Conflicting import: imported name 'BaseQuickAdapter' is ambiguous.
e: file:///Users/HONGBGU/Documents/seadroid/app/src/main/java/com/seafile/seadroid2/ui/repo/RepoQuickFragment.kt:248:21 Conflicting import: imported name 'ViewGroup' is ambiguous.
e: file:///Users/HONGBGU/Documents/seadroid/app/src/main/java/com/seafile/seadroid2/ui/repo/RepoQuickFragment.kt:249:21 Conflicting import: imported name 'LayoutInflater' is ambiguous.
e: file:///Users/HONGBGU/Documents/seadroid/app/src/main/java/com/seafile/seadroid2/ui/repo/RepoQuickFragment.kt:251:43 Conflicting import: imported name 'MaterialAlertDialogBuilder' is ambiguous.
e: file:///Users/HONGBGU/Documents/seadroid/app/src/main/java/com/seafile/seadroid2/ui/repo/RepoQuickFragment.kt:252:30 Conflicting import: imported name 'R' is ambiguous.
e: file:///Users/HONGBGU/Documents/seadroid/app/src/main/java/com/seafile/seadroid2/ui/repo/RepoQuickFragment.kt:253:24 Conflicting import: imported name 'DialogInterface' is ambiguous.
e: file:///Users/HONGBGU/Documents/seadroid/app/src/main/java/com/seafile/seadroid2/ui/repo/RepoQuickFragment.kt:257:19 Conflicting import: imported name 'Bundle' is ambiguous.
e: file:///Users/HONGBGU/Documents/seadroid/app/src/main/java/com/seafile/seadroid2/ui/repo/RepoQuickFragment.kt:258:27 Conflicting import: imported name 'ViewModelProvider' is ambiguous.
e: file:///Users/HONGBGU/Documents/seadroid/app/src/main/java/com/seafile/seadroid2/ui/repo/RepoQuickFragment.kt:259:58 Conflicting import: imported name 'OnRefreshDataListener' is ambiguous.
e: file:///Users/HONGBGU/Documents/seadroid/app/src/main/java/com/seafile/seadroid2/ui/repo/RepoQuickFragment.kt:260:23 Conflicting import: imported name 'TextView' is ambiguous.
e: file:///Users/HONGBGU/Documents/seadroid/app/src/main/java/com/seafile/seadroid2/ui/repo/RepoQuickFragment.kt:262:23 Conflicting import: imported name 'LinearLayout' is ambiguous.
e: file:///Users/HONGBGU/Documents/seadroid/app/src/main/java/com/seafile/seadroid2/ui/repo/RepoQuickFragment.kt:263:21 Conflicting import: imported name 'TextUtils' is ambiguous.
e: file:///Users/HONGBGU/Documents/seadroid/app/src/main/java/com/seafile/seadroid2/ui/repo/RepoQuickFragment.kt:270:45 Conflicting import: imported name 'Logs' is ambiguous.
e: file:///Users/HONGBGU/Documents/seadroid/app/src/main/java/com/seafile/seadroid2/ui/repo/RepoQuickFragment.kt:285:31 Conflicting import: imported name 'AppCompatActivity' is ambiguous.
e: file:///Users/HONGBGU/Documents/seadroid/app/src/main/java/com/seafile/seadroid2/ui/repo/RepoQuickFragment.kt:289:33 Conflicting import: imported name 'ActivityResultLauncher' is ambiguous.
e: file:///Users/HONGBGU/Documents/seadroid/app/src/main/java/com/seafile/seadroid2/ui/repo/RepoQuickFragment.kt:300:54 Conflicting import: imported name 'DirentFileModel' is ambiguous.
e: file:///Users/HONGBGU/Documents/seadroid/app/src/main/java/com/seafile/seadroid2/ui/repo/RepoQuickFragment.kt:304:52 Conflicting import: imported name 'DirentModel' is ambiguous.
e: file:///Users/HONGBGU/Documents/seadroid/app/src/main/java/com/seafile/seadroid2/ui/repo/RepoQuickFragment.kt:305:33 Conflicting import: imported name 'NetworkUtils' is ambiguous.
e: file:///Users/HONGBGU/Documents/seadroid/app/src/main/java/com/seafile/seadroid2/ui/repo/RepoQuickFragment.kt:306:45 Conflicting import: imported name 'Toasts' is ambiguous.
e: file:///Users/HONGBGU/Documents/seadroid/app/src/main/java/com/seafile/seadroid2/ui/repo/RepoQuickFragment.kt:307:24 Conflicting import: imported name 'Intent' is ambiguous.
e: file:///Users/HONGBGU/Documents/seadroid/app/src/main/java/com/seafile/seadroid2/ui/repo/RepoQuickFragment.kt:308:38 Conflicting import: imported name 'SupportAccountManager' is ambiguous.
e: file:///Users/HONGBGU/Documents/seadroid/app/src/main/java/com/seafile/seadroid2/ui/repo/RepoQuickFragment.kt:309:30 Conflicting import: imported name 'SeafException' is ambiguous.
e: file:///Users/HONGBGU/Documents/seadroid/app/src/main/java/com/seafile/seadroid2/ui/repo/RepoQuickFragment.kt:312:50 Conflicting import: imported name 'DataManager' is ambiguous.
e: file:///Users/HONGBGU/Documents/seadroid/app/src/main/java/com/seafile/seadroid2/ui/repo/RepoQuickFragment.kt:314:49 Conflicting import: imported name 'BottomSheetPasswordDialogFragment' is ambiguous.
e: file:///Users/HONGBGU/Documents/seadroid/app/src/main/java/com/seafile/seadroid2/ui/repo/RepoQuickFragment.kt:315:58 Conflicting import: imported name 'OnResultListener' is ambiguous.
e: file:///Users/HONGBGU/Documents/seadroid/app/src/main/java/com/seafile/seadroid2/ui/repo/RepoQuickFragment.kt:316:52 Conflicting import: imported name 'RepoModel' is ambiguous.
e: file:///Users/HONGBGU/Documents/seadroid/app/src/main/java/com/seafile/seadroid2/ui/repo/RepoQuickFragment.kt:317:36 Conflicting import: imported name 'FileReturnActionEnum' is ambiguous.
e: file:///Users/HONGBGU/Documents/seadroid/app/src/main/java/com/seafile/seadroid2/ui/repo/RepoQuickFragment.kt:318:38 Conflicting import: imported name 'FileActivity' is ambiguous.
e: file:///Users/HONGBGU/Documents/seadroid/app/src/main/java/com/seafile/seadroid2/ui/repo/RepoQuickFragment.kt:338:38 Conflicting import: imported name 'MainViewModel' is ambiguous.
e: file:///Users/HONGBGU/Documents/seadroid/app/src/main/java/com/seafile/seadroid2/ui/repo/RepoQuickFragment.kt:340:34 Conflicting import: imported name 'BusHelper' is ambiguous.
e: file:///Users/HONGBGU/Documents/seadroid/app/src/main/java/com/seafile/seadroid2/ui/repo/RepoQuickFragment.kt:342:38 Conflicting import: imported name 'GlobalNavContext' is ambiguous.
e: file:///Users/HONGBGU/Documents/seadroid/app/src/main/java/com/seafile/seadroid2/ui/repo/RepoQuickFragment.kt:352:46 Conflicting import: imported name 'ServerInfo' is ambiguous.
e: file:///Users/HONGBGU/Documents/seadroid/app/src/main/java/com/seafile/seadroid2/ui/repo/RepoQuickFragment.kt:353:38 Conflicting import: imported name 'NavContext' is ambiguous.
e: file:///Users/HONGBGU/Documents/seadroid/app/src/main/java/com/seafile/seadroid2/ui/repo/RepoQuickFragment.kt:357:69 Unresolved reference 'FileSyncBinder'.
e: file:///Users/HONGBGU/Documents/seadroid/app/src/main/java/com/seafile/seadroid2/ui/repo/RepoQuickFragment.kt:359:48 Conflicting import: imported name 'BackupThreadExecutor' is ambiguous.
e: file:///Users/HONGBGU/Documents/seadroid/app/src/main/java/com/seafile/seadroid2/ui/repo/RepoQuickFragment.kt:367:38 Conflicting import: imported name 'StarredQuickFragment' is ambiguous.
e: file:///Users/HONGBGU/Documents/seadroid/app/src/main/java/com/seafile/seadroid2/ui/repo/RepoQuickFragment.kt:370:52 Conflicting import: imported name 'PermissionEntity' is ambiguous.
e: file:///Users/HONGBGU/Documents/seadroid/app/src/main/java/com/seafile/seadroid2/ui/repo/RepoQuickFragment.kt:376:36 Conflicting import: imported name 'FeatureDataSource' is ambiguous.
e: file:///Users/HONGBGU/Documents/seadroid/app/src/main/java/com/seafile/seadroid2/ui/repo/RepoQuickFragment.kt:382:46 Conflicting import: imported name 'BaseModel' is ambiguous.
e: file:///Users/HONGBGU/Documents/seadroid/app/src/main/java/com/seafile/seadroid2/ui/repo/RepoQuickFragment.kt:386:21 Conflicting import: imported name 'MenuInflater' is ambiguous.
e: file:///Users/HONGBGU/Documents/seadroid/app/src/main/java/com/seafile/seadroid2/ui/repo/RepoQuickFragment.kt:397:47 Conflicting import: imported name 'DP' is ambiguous.
e: file:///Users/HONGBGU/Documents/seadroid/app/src/main/java/com/seafile/seadroid2/ui/repo/RepoQuickFragment.kt:402:52 Conflicting import: imported name 'DecryptResult' is ambiguous.
e: file:///Users/HONGBGU/Documents/seadroid/app/src/main/java/com/seafile/seadroid2/ui/repo/RepoQuickFragment.kt:407:36 Conflicting import: imported name 'RefreshStatusEnum' is ambiguous.
e: file:///Users/HONGBGU/Documents/seadroid/app/src/main/java/com/seafile/seadroid2/ui/repo/RepoQuickFragment.kt:408:45 Conflicting import: imported name 'Objs' is ambiguous.
e: file:///Users/HONGBGU/Documents/seadroid/app/src/main/java/com/seafile/seadroid2/ui/repo/RepoQuickFragment.kt:409:36 Conflicting import: imported name 'FileViewType' is ambiguous.
e: file:///Users/HONGBGU/Documents/seadroid/app/src/main/java/com/seafile/seadroid2/ui/repo/RepoQuickFragment.kt:414:53 Conflicting import: imported name 'SearchModel' is ambiguous.
e: file:///Users/HONGBGU/Documents/seadroid/app/src/main/java/com/seafile/seadroid2/ui/repo/RepoQuickFragment.kt:419:36 Conflicting import: imported name 'ObjSelectType' is ambiguous.
e: file:///Users/HONGBGU/Documents/seadroid/app/src/main/java/com/seafile/seadroid2/ui/repo/RepoQuickFragment.kt:425:46 Conflicting import: imported name 'GroupItemModel' is ambiguous.
e: file:///Users/HONGBGU/Documents/seadroid/app/src/main/java/com/seafile/seadroid2/ui/repo/RepoQuickFragment.kt:433:37 Conflicting import: imported name 'AbsLayoutItemType' is ambiguous.
e: file:///Users/HONGBGU/Documents/seadroid/app/src/main/java/com/seafile/seadroid2/ui/repo/RepoQuickFragment.kt:437:47 Conflicting import: imported name 'BaseFragmentWithVM' is ambiguous.
e: file:///Users/HONGBGU/Documents/seadroid/app/src/main/java/com/seafile/seadroid2/ui/repo/RepoQuickFragment.kt:440:34 Conflicting import: imported name 'Maps' is ambiguous.
e: file:///Users/HONGBGU/Documents/seadroid/app/src/main/java/com/seafile/seadroid2/ui/repo/RepoQuickFragment.kt:441:50 Conflicting import: imported name 'BottomSheetMenuManager' is ambiguous.
e: file:///Users/HONGBGU/Documents/seadroid/app/src/main/java/com/seafile/seadroid2/ui/repo/RepoQuickFragment.kt:442:62 Conflicting import: imported name 'OnRefreshListener' is ambiguous.
e: file:///Users/HONGBGU/Documents/seadroid/app/src/main/java/com/seafile/seadroid2/ui/repo/RepoQuickFragment.kt:443:41 Conflicting import: imported name 'StickyItemDecoration' is ambiguous.
e: file:///Users/HONGBGU/Documents/seadroid/app/src/main/java/com/seafile/seadroid2/ui/repo/RepoQuickFragment.kt:444:27 Conflicting import: imported name 'MenuHost' is ambiguous.
e: file:///Users/HONGBGU/Documents/seadroid/app/src/main/java/com/seafile/seadroid2/ui/repo/RepoQuickFragment.kt:445:27 Conflicting import: imported name 'MenuProvider' is ambiguous.
e: file:///Users/HONGBGU/Documents/seadroid/app/src/main/java/com/seafile/seadroid2/ui/repo/RepoQuickFragment.kt:446:35 Conflicting import: imported name 'ViewSortPopupWindow' is ambiguous.
e: file:///Users/HONGBGU/Documents/seadroid/app/src/main/java/com/seafile/seadroid2/ui/repo/RepoQuickFragment.kt:447:36 Conflicting import: imported name 'SortBy' is ambiguous.
e: file:///Users/HONGBGU/Documents/seadroid/app/src/main/java/com/seafile/seadroid2/ui/repo/RepoQuickFragment.kt:448:47 Conflicting import: imported name 'TransferWorker' is ambiguous.
e: file:///Users/HONGBGU/Documents/seadroid/app/src/main/java/com/seafile/seadroid2/ui/repo/RepoQuickFragment.kt:449:47 Conflicting import: imported name 'TransferEvent' is ambiguous.
e: file:///Users/HONGBGU/Documents/seadroid/app/src/main/java/com/seafile/seadroid2/ui/repo/RepoQuickFragment.kt:450:36 Conflicting import: imported name 'ActionModeCallbackType' is ambiguous.
e: file:///Users/HONGBGU/Documents/seadroid/app/src/main/java/com/seafile/seadroid2/ui/repo/RepoQuickFragment.kt:452:35 Conflicting import: imported name 'TipsViews' is ambiguous.
e: file:///Users/HONGBGU/Documents/seadroid/app/src/main/java/com/seafile/seadroid2/ui/repo/RepoQuickFragment.kt:454:25 Conflicting import: imported name 'DocumentsContract' is ambiguous.
e: file:///Users/HONGBGU/Documents/seadroid/app/src/main/java/com/seafile/seadroid2/ui/repo/RepoQuickFragment.kt:456:36 Conflicting import: imported name 'UnstableApi' is ambiguous.
e: file:///Users/HONGBGU/Documents/seadroid/app/src/main/java/com/seafile/seadroid2/ui/repo/RepoQuickFragment.kt:457:45 Conflicting import: imported name 'CarouselImagePreviewActivity' is ambiguous.
e: file:///Users/HONGBGU/Documents/seadroid/app/src/main/java/com/seafile/seadroid2/ui/repo/RepoQuickFragment.kt:458:38 Conflicting import: imported name 'SDocWebViewActivity' is ambiguous.
e: file:///Users/HONGBGU/Documents/seadroid/app/src/main/java/com/seafile/seadroid2/ui/repo/RepoQuickFragment.kt:459:46 Conflicting import: imported name 'CustomExoVideoPlayerActivity' is ambiguous.
e: file:///Users/HONGBGU/Documents/seadroid/app/src/main/java/com/seafile/seadroid2/ui/repo/RepoQuickFragment.kt:460:42 Conflicting import: imported name 'MarkdownActivity' is ambiguous.
e: file:///Users/HONGBGU/Documents/seadroid/app/src/main/java/com/seafile/seadroid2/ui/repo/RepoQuickFragment.kt:461:33 Conflicting import: imported name 'WidgetUtils' is ambiguous.
e: file:///Users/HONGBGU/Documents/seadroid/app/src/main/java/com/seafile/seadroid2/ui/repo/RepoQuickFragment.kt:462:49 Conflicting import: imported name 'BottomSheetRenameDialogFragment' is ambiguous.
e: file:///Users/HONGBGU/Documents/seadroid/app/src/main/java/com/seafile/seadroid2/ui/repo/RepoQuickFragment.kt:463:49 Conflicting import: imported name 'DeleteRepoDialogFragment' is ambiguous.
e: file:///Users/HONGBGU/Documents/seadroid/app/src/main/java/com/seafile/seadroid2/ui/repo/RepoQuickFragment.kt:464:49 Conflicting import: imported name 'DeleteFileDialogFragment' is ambiguous.
e: file:///Users/HONGBGU/Documents/seadroid/app/src/main/java/com/seafile/seadroid2/ui/repo/RepoQuickFragment.kt:465:38 Conflicting import: imported name 'CopyMoveContext' is ambiguous.
e: file:///Users/HONGBGU/Documents/seadroid/app/src/main/java/com/seafile/seadroid2/ui/repo/RepoQuickFragment.kt:466:42 Conflicting import: imported name 'ObjSelectorActivity' is ambiguous.
e: file:///Users/HONGBGU/Documents/seadroid/app/src/main/java/com/seafile/seadroid2/ui/repo/RepoQuickFragment.kt:467:66 Conflicting import: imported name 'OpenDocument' is ambiguous.
e: file:///Users/HONGBGU/Documents/seadroid/app/src/main/java/com/seafile/seadroid2/ui/repo/RepoQuickFragment.kt:468:33 Conflicting import: imported name 'ActivityResultCallback' is ambiguous.
e: file:///Users/HONGBGU/Documents/seadroid/app/src/main/java/com/seafile/seadroid2/ui/repo/RepoQuickFragment.kt:469:66 Conflicting import: imported name 'OpenMultipleDocuments' is ambiguous.
e: file:///Users/HONGBGU/Documents/seadroid/app/src/main/java/com/seafile/seadroid2/ui/repo/RepoQuickFragment.kt:470:49 Conflicting import: imported name 'CopyMoveDialogFragment' is ambiguous.
e: file:///Users/HONGBGU/Documents/seadroid/app/src/main/java/com/seafile/seadroid2/ui/repo/RepoQuickFragment.kt:471:49 Conflicting import: imported name 'BottomSheetNewRepoDialogFragment' is ambiguous.
e: file:///Users/HONGBGU/Documents/seadroid/app/src/main/java/com/seafile/seadroid2/ui/repo/RepoQuickFragment.kt:472:49 Conflicting import: imported name 'BottomSheetNewDirFileDialogFragment' is ambiguous.
e: file:///Users/HONGBGU/Documents/seadroid/app/src/main/java/com/seafile/seadroid2/ui/repo/RepoQuickFragment.kt:825:73 Cannot access 'inner class AppsListAdapter : BaseAdapter': it is private in 'com/seafile/seadroid2/ui/dialog_fragment/AppChoiceDialogFragment'.
e: file:///Users/HONGBGU/Documents/seadroid/app/src/main/java/com/seafile/seadroid2/ui/repo/RepoQuickFragment.kt:1138:24 Conflicting import: imported name 'Context' is ambiguous.
e: file:///Users/HONGBGU/Documents/seadroid/app/src/main/java/com/seafile/seadroid2/ui/repo/RepoQuickFragment.kt:1170:69 Unresolved reference 'FolderStateChangedListener'.
e: file:///Users/HONGBGU/Documents/seadroid/app/src/main/java/com/seafile/seadroid2/ui/repo/RepoQuickFragment.kt:1189:20 Conflicting import: imported name 'Uri' is ambiguous.
e: file:///Users/HONGBGU/Documents/seadroid/app/src/main/java/com/seafile/seadroid2/ui/repo/RepoQuickFragment.kt:1190:21 Conflicting import: imported name 'Pair' is ambiguous.
e: file:///Users/HONGBGU/Documents/seadroid/app/src/main/java/com/seafile/seadroid2/ui/repo/RepoQuickFragment.kt:1191:21 Conflicting import: imported name 'Menu' is ambiguous.
e: file:///Users/HONGBGU/Documents/seadroid/app/src/main/java/com/seafile/seadroid2/ui/repo/RepoQuickFragment.kt:1192:21 Conflicting import: imported name 'MenuItem' is ambiguous.
e: file:///Users/HONGBGU/Documents/seadroid/app/src/main/java/com/seafile/seadroid2/ui/repo/RepoQuickFragment.kt:1193:21 Conflicting import: imported name 'View' is ambiguous.
e: file:///Users/HONGBGU/Documents/seadroid/app/src/main/java/com/seafile/seadroid2/ui/repo/RepoQuickFragment.kt:1194:23 Conflicting import: imported name 'ImageView' is ambiguous.
e: file:///Users/HONGBGU/Documents/seadroid/app/src/main/java/com/seafile/seadroid2/ui/repo/RepoQuickFragment.kt:1195:28 Conflicting import: imported name 'OptIn' is ambiguous.
e: file:///Users/HONGBGU/Documents/seadroid/app/src/main/java/com/seafile/seadroid2/ui/repo/RepoQuickFragment.kt:1196:32 Conflicting import: imported name 'ActionMode' is ambiguous.
e: file:///Users/HONGBGU/Documents/seadroid/app/src/main/java/com/seafile/seadroid2/ui/repo/RepoQuickFragment.kt:1197:34 Conflicting import: imported name 'SearchView' is ambiguous.
e: file:///Users/HONGBGU/Documents/seadroid/app/src/main/java/com/seafile/seadroid2/ui/repo/RepoQuickFragment.kt:1198:27 Conflicting import: imported name 'Lifecycle' is ambiguous.
e: file:///Users/HONGBGU/Documents/seadroid/app/src/main/java/com/seafile/seadroid2/ui/repo/RepoQuickFragment.kt:1204:27 Conflicting import: imported name 'Observer' is ambiguous.
e: file:///Users/HONGBGU/Documents/seadroid/app/src/main/java/com/seafile/seadroid2/ui/repo/RepoQuickFragment.kt:1205:37 Conflicting import: imported name 'GridLayoutManager' is ambiguous.
e: file:///Users/HONGBGU/Documents/seadroid/app/src/main/java/com/seafile/seadroid2/ui/repo/RepoQuickFragment.kt:1206:37 Conflicting import: imported name 'RecyclerView' is ambiguous.
e: file:///Users/HONGBGU/Documents/seadroid/app/src/main/java/com/seafile/seadroid2/ui/repo/RepoQuickFragment.kt:1207:33 Conflicting import: imported name 'CollectionUtils' is ambiguous.
e: file:///Users/HONGBGU/Documents/seadroid/app/src/main/java/com/seafile/seadroid2/ui/repo/RepoQuickFragment.kt:1208:38 Conflicting import: imported name 'Account' is ambiguous.
e: file:///Users/HONGBGU/Documents/seadroid/app/src/main/java/com/seafile/seadroid2/ui/repo/RepoQuickFragment.kt:1209:37 Conflicting import: imported name 'Constants' is ambiguous.
e: file:///Users/HONGBGU/Documents/seadroid/app/src/main/java/com/seafile/seadroid2/ui/repo/RepoQuickFragment.kt:1210:42 Conflicting import: imported name 'LayoutFastRvBinding' is ambiguous.
e: file:///Users/HONGBGU/Documents/seadroid/app/src/main/java/com/seafile/seadroid2/ui/repo/RepoQuickFragment.kt:1211:36 Conflicting import: imported name 'OpType' is ambiguous.
e: file:///Users/HONGBGU/Documents/seadroid/app/src/main/java/com/seafile/seadroid2/ui/repo/RepoQuickFragment.kt:1212:45 Conflicting import: imported name 'Utils' is ambiguous.
e: file:///Users/HONGBGU/Documents/seadroid/app/src/main/java/com/seafile/seadroid2/ui/repo/RepoQuickFragment.kt:1213:42 Conflicting import: imported name 'Settings' is ambiguous.
e: file:///Users/HONGBGU/Documents/seadroid/app/src/main/java/com/seafile/seadroid2/ui/repo/RepoQuickFragment.kt:1214:50 Conflicting import: imported name 'BottomSheetActionView' is ambiguous.
e: file:///Users/HONGBGU/Documents/seadroid/app/src/main/java/com/seafile/seadroid2/ui/repo/RepoQuickFragment.kt:1215:16 Conflicting import: imported name 'File' is ambiguous.
e: file:///Users/HONGBGU/Documents/seadroid/app/src/main/java/com/seafile/seadroid2/ui/repo/RepoQuickFragment.kt:1216:16 Conflicting import: imported name 'FileInputStream' is ambiguous.
e: file:///Users/HONGBGU/Documents/seadroid/app/src/main/java/com/seafile/seadroid2/ui/repo/RepoQuickFragment.kt:1217:16 Conflicting import: imported name 'FileNotFoundException' is ambiguous.
e: file:///Users/HONGBGU/Documents/seadroid/app/src/main/java/com/seafile/seadroid2/ui/repo/RepoQuickFragment.kt:1218:16 Conflicting import: imported name 'IOException' is ambiguous.
e: file:///Users/HONGBGU/Documents/seadroid/app/src/main/java/com/seafile/seadroid2/ui/repo/RepoQuickFragment.kt:1223:18 Conflicting import: imported name 'Optional' is ambiguous.
e: file:///Users/HONGBGU/Documents/seadroid/app/src/main/java/com/seafile/seadroid2/ui/repo/RepoQuickFragment.kt:1224:27 Conflicting import: imported name 'Consumer' is ambiguous.
e: file:///Users/HONGBGU/Documents/seadroid/app/src/main/java/com/seafile/seadroid2/ui/repo/RepoQuickFragment.kt:1225:25 Conflicting import: imported name 'Collectors' is ambiguous.
e: file:///Users/HONGBGU/Documents/seadroid/app/src/main/java/com/seafile/seadroid2/ui/repo/RepoQuickFragment.kt:1267:50 None of the following candidates is applicable:
@MainThread() fun <T : ViewModel> get(modelClass: Class<T>): T
@MainThread() fun <T : ViewModel> get(modelClass: KClass<T>): T
e: file:///Users/HONGBGU/Documents/seadroid/app/src/main/java/com/seafile/seadroid2/ui/repo/RepoQuickFragment.kt:1387:69 Return type of 'onQueryTextSubmit' is not a subtype of the return type of the overridden member 'fun onQueryTextSubmit(p0: String!): Boolean'.
e: file:///Users/HONGBGU/Documents/seadroid/app/src/main/java/com/seafile/seadroid2/ui/repo/RepoQuickFragment.kt:1388:32 Return type mismatch: expected 'java.lang.Boolean', actual 'kotlin.Boolean'.
e: file:///Users/HONGBGU/Documents/seadroid/app/src/main/java/com/seafile/seadroid2/ui/repo/RepoQuickFragment.kt:1391:71 Return type of 'onQueryTextChange' is not a subtype of the return type of the overridden member 'fun onQueryTextChange(p0: String!): Boolean'.
e: file:///Users/HONGBGU/Documents/seadroid/app/src/main/java/com/seafile/seadroid2/ui/repo/RepoQuickFragment.kt:1397:32 Return type mismatch: expected 'java.lang.Boolean', actual 'kotlin.Boolean'.
e: file:///Users/HONGBGU/Documents/seadroid/app/src/main/java/com/seafile/seadroid2/ui/repo/RepoQuickFragment.kt:1404:74 Return type of 'onMenuItemActionExpand' is not a subtype of the return type of the overridden member 'fun onMenuItemActionExpand(@NonNull() p0: MenuItem): Boolean'.
e: file:///Users/HONGBGU/Documents/seadroid/app/src/main/java/com/seafile/seadroid2/ui/repo/RepoQuickFragment.kt:1409:29 Argument type mismatch: actual type is 'kotlin.Boolean', but 'java.lang.Boolean?' was expected.
e: file:///Users/HONGBGU/Documents/seadroid/app/src/main/java/com/seafile/seadroid2/ui/repo/RepoQuickFragment.kt:1413:29 Argument type mismatch: actual type is 'kotlin.Boolean', but 'java.lang.Boolean?' was expected.
e: file:///Users/HONGBGU/Documents/seadroid/app/src/main/java/com/seafile/seadroid2/ui/repo/RepoQuickFragment.kt:1415:55 Argument type mismatch: actual type is 'kotlin.Boolean', but 'java.lang.Boolean?' was expected.
e: file:///Users/HONGBGU/Documents/seadroid/app/src/main/java/com/seafile/seadroid2/ui/repo/RepoQuickFragment.kt:1416:48 Argument type mismatch: actual type is 'kotlin.Boolean', but 'java.lang.Boolean?' was expected.
e: file:///Users/HONGBGU/Documents/seadroid/app/src/main/java/com/seafile/seadroid2/ui/repo/RepoQuickFragment.kt:1417:51 Argument type mismatch: actual type is 'kotlin.Boolean', but 'java.lang.Boolean?' was expected.
e: file:///Users/HONGBGU/Documents/seadroid/app/src/main/java/com/seafile/seadroid2/ui/repo/RepoQuickFragment.kt:1426:32 Return type mismatch: expected 'java.lang.Boolean', actual 'kotlin.Boolean'.
e: file:///Users/HONGBGU/Documents/seadroid/app/src/main/java/com/seafile/seadroid2/ui/repo/RepoQuickFragment.kt:1429:76 Return type of 'onMenuItemActionCollapse' is not a subtype of the return type of the overridden member 'fun onMenuItemActionCollapse(@NonNull() p0: MenuItem): Boolean'.
e: file:///Users/HONGBGU/Documents/seadroid/app/src/main/java/com/seafile/seadroid2/ui/repo/RepoQuickFragment.kt:1442:32 Return type mismatch: expected 'java.lang.Boolean', actual 'kotlin.Boolean'.
e: file:///Users/HONGBGU/Documents/seadroid/app/src/main/java/com/seafile/seadroid2/ui/repo/RepoQuickFragment.kt:1464:52 Class '<anonymous>' is not abstract and does not implement abstract member 'accept'.
e: file:///Users/HONGBGU/Documents/seadroid/app/src/main/java/com/seafile/seadroid2/ui/repo/RepoQuickFragment.kt:1465:21 'accept' overrides nothing.
e: file:///Users/HONGBGU/Documents/seadroid/app/src/main/java/com/seafile/seadroid2/ui/repo/RepoQuickFragment.kt:1496:58 Only safe (?.) or non-null asserted (!!.) calls are allowed on a nullable receiver of type 'com.seafile.seadroid2.account.SupportAccountManager?'.
e: file:///Users/HONGBGU/Documents/seadroid/app/src/main/java/com/seafile/seadroid2/ui/repo/RepoQuickFragment.kt:1497:16 Return type mismatch: expected 'java.util.Optional<com.seafile.seadroid2.framework.model.ServerInfo?>', actual 'java.util.Optional<com.seafile.seadroid2.framework.model.ServerInfo>'.
e: file:///Users/HONGBGU/Documents/seadroid/app/src/main/java/com/seafile/seadroid2/ui/repo/RepoQuickFragment.kt:1522:63 Unresolved reference 'items'.
e: file:///Users/HONGBGU/Documents/seadroid/app/src/main/java/com/seafile/seadroid2/ui/repo/RepoQuickFragment.kt:1548:19 Unresolved reference 'setOnItemClickListener'.
e: file:///Users/HONGBGU/Documents/seadroid/app/src/main/java/com/seafile/seadroid2/ui/repo/RepoQuickFragment.kt:1548:79 Argument type mismatch: actual type is 'kotlin.Function3<com.chad.library.adapter4.BaseQuickAdapter<com.seafile.seadroid2.framework.model.BaseModel?, *>?, android.view.View?, kotlin.Int, kotlin.Unit>', but 'kotlin.Function3<com.chad.library.adapter4.BaseQuickAdapter<T, *>, android.view.View, kotlin.Int, kotlin.Unit>' was expected.
e: file:///Users/HONGBGU/Documents/seadroid/app/src/main/java/com/seafile/seadroid2/ui/repo/RepoQuickFragment.kt:1548:116 Type argument is not within its bounds: should be subtype of 'kotlin.Any'.
e: file:///Users/HONGBGU/Documents/seadroid/app/src/main/java/com/seafile/seadroid2/ui/repo/RepoQuickFragment.kt:1549:19 Overload resolution ambiguity between candidates:
@IntrinsicConstEvaluation() fun compareTo(other: Byte): Int
@IntrinsicConstEvaluation() fun compareTo(other: Double): Int
@IntrinsicConstEvaluation() fun compareTo(other: Float): Int
@IntrinsicConstEvaluation() fun compareTo(other: Int): Int
@IntrinsicConstEvaluation() fun compareTo(other: Long): Int
@IntrinsicConstEvaluation() fun compareTo(other: Short): Int
e: file:///Users/HONGBGU/Documents/seadroid/app/src/main/java/com/seafile/seadroid2/ui/repo/RepoQuickFragment.kt:1549:32 Unresolved reference 'getItemCount'.
e: file:///Users/HONGBGU/Documents/seadroid/app/src/main/java/com/seafile/seadroid2/ui/repo/RepoQuickFragment.kt:1550:17 'return' is prohibited here.
e: file:///Users/HONGBGU/Documents/seadroid/app/src/main/java/com/seafile/seadroid2/ui/repo/RepoQuickFragment.kt:1552:39 Unresolved reference 'items'.
e: file:///Users/HONGBGU/Documents/seadroid/app/src/main/java/com/seafile/seadroid2/ui/repo/RepoQuickFragment.kt:1555:27 Unresolved reference 'set'.
e: file:///Users/HONGBGU/Documents/seadroid/app/src/main/java/com/seafile/seadroid2/ui/repo/RepoQuickFragment.kt:1558:17 'return' is prohibited here.
e: file:///Users/HONGBGU/Documents/seadroid/app/src/main/java/com/seafile/seadroid2/ui/repo/RepoQuickFragment.kt:1570:17 'return' is prohibited here.
e: file:///Users/HONGBGU/Documents/seadroid/app/src/main/java/com/seafile/seadroid2/ui/repo/RepoQuickFragment.kt:1575:19 Unresolved reference 'setOnItemLongClickListener'.
e: file:///Users/HONGBGU/Documents/seadroid/app/src/main/java/com/seafile/seadroid2/ui/repo/RepoQuickFragment.kt:1575:87 Argument type mismatch: actual type is 'kotlin.Function3<com.chad.library.adapter4.BaseQuickAdapter<com.seafile.seadroid2.framework.model.BaseModel?, *>?, android.view.View?, kotlin.Int, kotlin.Boolean>', but 'kotlin.Function3<com.chad.library.adapter4.BaseQuickAdapter<T, *>, android.view.View, kotlin.Int, kotlin.Boolean>' was expected.
e: file:///Users/HONGBGU/Documents/seadroid/app/src/main/java/com/seafile/seadroid2/ui/repo/RepoQuickFragment.kt:1575:124 Type argument is not within its bounds: should be subtype of 'kotlin.Any'.
e: file:///Users/HONGBGU/Documents/seadroid/app/src/main/java/com/seafile/seadroid2/ui/repo/RepoQuickFragment.kt:1576:19 Overload resolution ambiguity between candidates:
@IntrinsicConstEvaluation() fun compareTo(other: Byte): Int
@IntrinsicConstEvaluation() fun compareTo(other: Double): Int
@IntrinsicConstEvaluation() fun compareTo(other: Float): Int
@IntrinsicConstEvaluation() fun compareTo(other: Int): Int
@IntrinsicConstEvaluation() fun compareTo(other: Long): Int
@IntrinsicConstEvaluation() fun compareTo(other: Short): Int
e: file:///Users/HONGBGU/Documents/seadroid/app/src/main/java/com/seafile/seadroid2/ui/repo/RepoQuickFragment.kt:1576:32 Unresolved reference 'getItemCount'.
e: file:///Users/HONGBGU/Documents/seadroid/app/src/main/java/com/seafile/seadroid2/ui/repo/RepoQuickFragment.kt:1577:17 'return' is prohibited here.
e: file:///Users/HONGBGU/Documents/seadroid/app/src/main/java/com/seafile/seadroid2/ui/repo/RepoQuickFragment.kt:1579:39 Unresolved reference 'items'.
e: file:///Users/HONGBGU/Documents/seadroid/app/src/main/java/com/seafile/seadroid2/ui/repo/RepoQuickFragment.kt:1581:17 'return' is prohibited here.
e: file:///Users/HONGBGU/Documents/seadroid/app/src/main/java/com/seafile/seadroid2/ui/repo/RepoQuickFragment.kt:1583:17 'return' is prohibited here.
e: file:///Users/HONGBGU/Documents/seadroid/app/src/main/java/com/seafile/seadroid2/ui/repo/RepoQuickFragment.kt:1585:17 'return' is prohibited here.
e: file:///Users/HONGBGU/Documents/seadroid/app/src/main/java/com/seafile/seadroid2/ui/repo/RepoQuickFragment.kt:1589:17 'return' is prohibited here.
e: file:///Users/HONGBGU/Documents/seadroid/app/src/main/java/com/seafile/seadroid2/ui/repo/RepoQuickFragment.kt:1601:33 Argument type mismatch: actual type is 'com.seafile.seadroid2.ui.repo.RepoQuickAdapter?', but '(androidx.recyclerview.widget.RecyclerView.Adapter<androidx.recyclerview.widget.RecyclerView.ViewHolder!>?..androidx.recyclerview.widget.RecyclerView.Adapter<*>?)' was expected.
e: file:///Users/HONGBGU/Documents/seadroid/app/src/main/java/com/seafile/seadroid2/ui/repo/RepoQuickFragment.kt:1609:23 Unresolved reference 'addAll'.
e: file:///Users/HONGBGU/Documents/seadroid/app/src/main/java/com/seafile/seadroid2/ui/repo/RepoQuickFragment.kt:1611:23 Unresolved reference 'removeAtRange'.
e: file:///Users/HONGBGU/Documents/seadroid/app/src/main/java/com/seafile/seadroid2/ui/repo/RepoQuickFragment.kt:1624:14 Unresolved reference 'observe'.
e: file:///Users/HONGBGU/Documents/seadroid/app/src/main/java/com/seafile/seadroid2/ui/repo/RepoQuickFragment.kt:1624:47 Class '<anonymous>' is not abstract and does not implement abstract member 'onChanged'.
e: file:///Users/HONGBGU/Documents/seadroid/app/src/main/java/com/seafile/seadroid2/ui/repo/RepoQuickFragment.kt:1625:17 'onChanged' overrides nothing.
e: file:///Users/HONGBGU/Documents/seadroid/app/src/main/java/com/seafile/seadroid2/ui/repo/RepoQuickFragment.kt:1631:14 Unresolved reference 'observe'.
e: file:///Users/HONGBGU/Documents/seadroid/app/src/main/java/com/seafile/seadroid2/ui/repo/RepoQuickFragment.kt:1631:47 Class '<anonymous>' is not abstract and does not implement abstract member 'onChanged'.
e: file:///Users/HONGBGU/Documents/seadroid/app/src/main/java/com/seafile/seadroid2/ui/repo/RepoQuickFragment.kt:1632:17 'onChanged' overrides nothing.
e: file:///Users/HONGBGU/Documents/seadroid/app/src/main/java/com/seafile/seadroid2/ui/repo/RepoQuickFragment.kt:1638:14 Unresolved reference 'observe'.
e: file:///Users/HONGBGU/Documents/seadroid/app/src/main/java/com/seafile/seadroid2/ui/repo/RepoQuickFragment.kt:1638:47 Class '<anonymous>' is not abstract and does not implement abstract member 'onChanged'.
e: file:///Users/HONGBGU/Documents/seadroid/app/src/main/java/com/seafile/seadroid2/ui/repo/RepoQuickFragment.kt:1639:17 'onChanged' overrides nothing.
e: file:///Users/HONGBGU/Documents/seadroid/app/src/main/java/com/seafile/seadroid2/ui/repo/RepoQuickFragment.kt:1644:53 Unresolved reference 'observe'.
e: file:///Users/HONGBGU/Documents/seadroid/app/src/main/java/com/seafile/seadroid2/ui/repo/RepoQuickFragment.kt:1651:21 Condition type mismatch: inferred type is 'kotlin.Boolean?' but 'Boolean' was expected.
e: file:///Users/HONGBGU/Documents/seadroid/app/src/main/java/com/seafile/seadroid2/ui/repo/RepoQuickFragment.kt:1657:56 Only safe (?.) or non-null asserted (!!.) calls are allowed on a nullable receiver of type 'com.jeremyliao.liveeventbus.core.Observable<android.os.Bundle?>?'.
e: file:///Users/HONGBGU/Documents/seadroid/app/src/main/java/com/seafile/seadroid2/ui/repo/RepoQuickFragment.kt:1662:47 Class '<anonymous>' is not abstract and does not implement abstract member 'onChanged'.
e: file:///Users/HONGBGU/Documents/seadroid/app/src/main/java/com/seafile/seadroid2/ui/repo/RepoQuickFragment.kt:1663:17 'onChanged' overrides nothing.
e: file:///Users/HONGBGU/Documents/seadroid/app/src/main/java/com/seafile/seadroid2/ui/repo/RepoQuickFragment.kt:1733:13 Only safe (?.) or non-null asserted (!!.) calls are allowed on a nullable receiver of type 'com.jeremyliao.liveeventbus.core.Observable<android.os.Bundle?>?'.
e: file:///Users/HONGBGU/Documents/seadroid/app/src/main/java/com/seafile/seadroid2/ui/repo/RepoQuickFragment.kt:1733:47 Class '<anonymous>' is not abstract and does not implement abstract member 'onChanged'.
e: file:///Users/HONGBGU/Documents/seadroid/app/src/main/java/com/seafile/seadroid2/ui/repo/RepoQuickFragment.kt:1734:17 'onChanged' overrides nothing.
e: file:///Users/HONGBGU/Documents/seadroid/app/src/main/java/com/seafile/seadroid2/ui/repo/RepoQuickFragment.kt:1740:13 Only safe (?.) or non-null asserted (!!.) calls are allowed on a nullable receiver of type 'com.jeremyliao.liveeventbus.core.Observable<com.seafile.seadroid2.context.NavContext?>?'.
e: file:///Users/HONGBGU/Documents/seadroid/app/src/main/java/com/seafile/seadroid2/ui/repo/RepoQuickFragment.kt:1924:23 Unresolved reference 'notifyItemRangeChanged'.
e: file:///Users/HONGBGU/Documents/seadroid/app/src/main/java/com/seafile/seadroid2/ui/repo/RepoQuickFragment.kt:1924:59 Unresolved reference 'getItemCount'.
e: file:///Users/HONGBGU/Documents/seadroid/app/src/main/java/com/seafile/seadroid2/ui/repo/RepoQuickFragment.kt:2113:19 Unresolved reference 'submitList'.
e: file:///Users/HONGBGU/Documents/seadroid/app/src/main/java/com/seafile/seadroid2/ui/repo/RepoQuickFragment.kt:2115:16 Only safe (?.) or non-null asserted (!!.) calls are allowed on a nullable receiver of type 'android.widget.TextView?'.
e: file:///Users/HONGBGU/Documents/seadroid/app/src/main/java/com/seafile/seadroid2/ui/repo/RepoQuickFragment.kt:2120:16 Only safe (?.) or non-null asserted (!!.) calls are allowed on a nullable receiver of type 'android.widget.TextView?'.
e: file:///Users/HONGBGU/Documents/seadroid/app/src/main/java/com/seafile/seadroid2/ui/repo/RepoQuickFragment.kt:2121:19 Unresolved reference 'stateView'.
e: file:///Users/HONGBGU/Documents/seadroid/app/src/main/java/com/seafile/seadroid2/ui/repo/RepoQuickFragment.kt:2122:19 Unresolved reference 'isStateViewEnable'.
e: file:///Users/HONGBGU/Documents/seadroid/app/src/main/java/com/seafile/seadroid2/ui/repo/RepoQuickFragment.kt:2126:19 Unresolved reference 'isStateViewEnable'.
e: file:///Users/HONGBGU/Documents/seadroid/app/src/main/java/com/seafile/seadroid2/ui/repo/RepoQuickFragment.kt:2127:19 Unresolved reference 'stateView'.
e: file:///Users/HONGBGU/Documents/seadroid/app/src/main/java/com/seafile/seadroid2/ui/repo/RepoQuickFragment.kt:2196:17 Argument type mismatch: actual type is 'kotlin.String?', but 'kotlin.String' was expected.
e: file:///Users/HONGBGU/Documents/seadroid/app/src/main/java/com/seafile/seadroid2/ui/repo/RepoQuickFragment.kt:2197:17 Class '<anonymous>' is not abstract and does not implement abstract member 'accept'.
e: file:///Users/HONGBGU/Documents/seadroid/app/src/main/java/com/seafile/seadroid2/ui/repo/RepoQuickFragment.kt:2198:21 'accept' overrides nothing.
e: file:///Users/HONGBGU/Documents/seadroid/app/src/main/java/com/seafile/seadroid2/ui/repo/RepoQuickFragment.kt:2265:54 Argument type mismatch: actual type is 'kotlin.String?', but 'kotlin.String' was expected.
e: file:///Users/HONGBGU/Documents/seadroid/app/src/main/java/com/seafile/seadroid2/ui/repo/RepoQuickFragment.kt:2268:54 Argument type mismatch: actual type is 'kotlin.String?', but 'kotlin.String' was expected.
e: file:///Users/HONGBGU/Documents/seadroid/app/src/main/java/com/seafile/seadroid2/ui/repo/RepoQuickFragment.kt:2388:35 Unresolved reference 'items'.
e: file:///Users/HONGBGU/Documents/seadroid/app/src/main/java/com/seafile/seadroid2/ui/repo/RepoQuickFragment.kt:2391:23 Unresolved reference 'set'.
e: file:///Users/HONGBGU/Documents/seadroid/app/src/main/java/com/seafile/seadroid2/ui/repo/RepoQuickFragment.kt:2394:23 Unresolved reference 'set'.
e: file:///Users/HONGBGU/Documents/seadroid/app/src/main/java/com/seafile/seadroid2/ui/repo/RepoQuickFragment.kt:2506:78 Only safe (?.) or non-null asserted (!!.) calls are allowed on a nullable receiver of type 'com.seafile.seadroid2.account.SupportAccountManager?'.
e: file:///Users/HONGBGU/Documents/seadroid/app/src/main/java/com/seafile/seadroid2/ui/repo/RepoQuickFragment.kt:2592:26 Argument type mismatch: actual type is 'kotlin.reflect.KClass<androidx.media3.common.util.UnstableApi>', but 'kotlin.Array<out kotlin.reflect.KClass<out kotlin.Annotation>>' was expected.
e: file:///Users/HONGBGU/Documents/seadroid/app/src/main/java/com/seafile/seadroid2/ui/repo/RepoQuickFragment.kt:2592:26 Assigning single elements to varargs in named form is prohibited.
e: file:///Users/HONGBGU/Documents/seadroid/app/src/main/java/com/seafile/seadroid2/ui/repo/RepoQuickFragment.kt:2602:35 Argument type mismatch: actual type is 'kotlin.String?', but 'kotlin.String' was expected.
e: file:///Users/HONGBGU/Documents/seadroid/app/src/main/java/com/seafile/seadroid2/ui/repo/RepoQuickFragment.kt:2619:21 Only safe (?.) or non-null asserted (!!.) calls are allowed on a nullable receiver of type 'kotlin.String?'.
e: file:///Users/HONGBGU/Documents/seadroid/app/src/main/java/com/seafile/seadroid2/ui/repo/RepoQuickFragment.kt:2631:21 Only safe (?.) or non-null asserted (!!.) calls are allowed on a nullable receiver of type 'kotlin.String?'.
e: file:///Users/HONGBGU/Documents/seadroid/app/src/main/java/com/seafile/seadroid2/ui/repo/RepoQuickFragment.kt:2631:79 Only safe (?.) or non-null asserted (!!.) calls are allowed on a nullable receiver of type 'kotlin.String?'.
e: file:///Users/HONGBGU/Documents/seadroid/app/src/main/java/com/seafile/seadroid2/ui/repo/RepoQuickFragment.kt:2647:21 Argument type mismatch: actual type is 'android.content.Context?', but 'android.content.Context' was expected.
e: file:///Users/HONGBGU/Documents/seadroid/app/src/main/java/com/seafile/seadroid2/ui/repo/RepoQuickFragment.kt:2662:29 Argument type mismatch: actual type is 'android.content.Context?', but 'android.content.Context' was expected.
e: file:///Users/HONGBGU/Documents/seadroid/app/src/main/java/com/seafile/seadroid2/ui/repo/RepoQuickFragment.kt:2680:34 Argument type mismatch: actual type is 'kotlin.String?', but 'kotlin.String' was expected.
e: file:///Users/HONGBGU/Documents/seadroid/app/src/main/java/com/seafile/seadroid2/ui/repo/RepoQuickFragment.kt:2748:78 Only safe (?.) or non-null asserted (!!.) calls are allowed on a nullable receiver of type 'com.seafile.seadroid2.account.SupportAccountManager?'.
e: file:///Users/HONGBGU/Documents/seadroid/app/src/main/java/com/seafile/seadroid2/ui/repo/RepoQuickFragment.kt:2804:43 Interface 'interface OnRefreshDataListener : Any' does not have constructors.
e: file:///Users/HONGBGU/Documents/seadroid/app/src/main/java/com/seafile/seadroid2/ui/repo/RepoQuickFragment.kt:2994:43 Argument type mismatch: actual type is 'kotlin.String?', but 'kotlin.String' was expected.
e: file:///Users/HONGBGU/Documents/seadroid/app/src/main/java/com/seafile/seadroid2/ui/repo/RepoQuickFragment.kt:2994:61 Argument type mismatch: actual type is 'kotlin.String?', but 'kotlin.String' was expected.
e: file:///Users/HONGBGU/Documents/seadroid/app/src/main/java/com/seafile/seadroid2/ui/repo/RepoQuickFragment.kt:3148:13 Argument type mismatch: actual type is 'androidx.activity.result.contract.ActivityResultContracts.OpenDocument', but 'androidx.activity.result.contract.ActivityResultContract<I, O>' was expected.
e: file:///Users/HONGBGU/Documents/seadroid/app/src/main/java/com/seafile/seadroid2/ui/repo/RepoQuickFragment.kt:3160:13 Argument type mismatch: actual type is 'androidx.activity.result.contract.ActivityResultContracts.OpenMultipleDocuments', but 'androidx.activity.result.contract.ActivityResultContract<I, O>' was expected.
e: file:///Users/HONGBGU/Documents/seadroid/app/src/main/java/com/seafile/seadroid2/ui/repo/RepoQuickFragment.kt:3161:13 Class '<anonymous>' is not abstract and does not implement abstract member 'onActivityResult'.
e: file:///Users/HONGBGU/Documents/seadroid/app/src/main/java/com/seafile/seadroid2/ui/repo/RepoQuickFragment.kt:3162:17 'onActivityResult' overrides nothing.
e: file:///Users/HONGBGU/Documents/seadroid/app/src/main/java/com/seafile/seadroid2/ui/repo/RepoQuickFragment.kt:3271:78 Only safe (?.) or non-null asserted (!!.) calls are allowed on a nullable receiver of type 'com.seafile.seadroid2.account.SupportAccountManager?'.
e: file:///Users/HONGBGU/Documents/seadroid/app/src/main/java/com/seafile/seadroid2/ui/repo/RepoQuickFragment.kt:3292:21 Argument type mismatch: actual type is 'com.seafile.seadroid2.account.Account?', but 'com.seafile.seadroid2.account.Account' was expected.
e: file:///Users/HONGBGU/Documents/seadroid/app/src/main/java/com/seafile/seadroid2/ui/repo/RepoQuickFragment.kt:3293:21 Argument type mismatch: actual type is 'com.seafile.seadroid2.framework.db.entities.RepoModel?', but 'com.seafile.seadroid2.framework.db.entities.RepoModel' was expected.
e: file:///Users/HONGBGU/Documents/seadroid/app/src/main/java/com/seafile/seadroid2/ui/repo/RepoQuickFragment.kt:3303:57 Only safe (?.) or non-null asserted (!!.) calls are allowed on a nullable receiver of type 'com.seafile.seadroid2.framework.service.BackupThreadExecutor?'.
e: file:///Users/HONGBGU/Documents/seadroid/app/src/main/java/com/seafile/seadroid2/ui/repo/RepoQuickFragment.kt:3364:29 'return' is prohibited here.
e: file:///Users/HONGBGU/Documents/seadroid/app/src/main/java/com/seafile/seadroid2/ui/repo/RepoQuickFragment.kt:3379:29 'return' is prohibited here.
e: file:///Users/HONGBGU/Documents/seadroid/app/src/main/java/com/seafile/seadroid2/ui/repo/RepoQuickFragment.kt:3390:44 Class '<anonymous>' is not abstract and does not implement abstract member 'accept'.
e: file:///Users/HONGBGU/Documents/seadroid/app/src/main/java/com/seafile/seadroid2/ui/repo/RepoQuickFragment.kt:3391:13 'accept' overrides nothing.
e: file:///Users/HONGBGU/Documents/seadroid/app/src/main/java/com/seafile/seadroid2/ui/repo/RepoQuickFragment.kt:3418:44 Class '<anonymous>' is not abstract and does not implement abstract member 'accept'.
e: file:///Users/HONGBGU/Documents/seadroid/app/src/main/java/com/seafile/seadroid2/ui/repo/RepoQuickFragment.kt:3419:13 'accept' overrides nothing.
e: file:///Users/HONGBGU/Documents/seadroid/app/src/main/java/com/seafile/seadroid2/ui/repo/RepoQuickFragment.kt:3451:44 Class '<anonymous>' is not abstract and does not implement abstract member 'accept'.
e: file:///Users/HONGBGU/Documents/seadroid/app/src/main/java/com/seafile/seadroid2/ui/repo/RepoQuickFragment.kt:3452:13 'accept' overrides nothing.
e: file:///Users/HONGBGU/Documents/seadroid/app/src/main/java/com/seafile/seadroid2/ui/repo/RepoQuickFragment.kt:3468:44 Class '<anonymous>' is not abstract and does not implement abstract member 'accept'.
e: file:///Users/HONGBGU/Documents/seadroid/app/src/main/java/com/seafile/seadroid2/ui/repo/RepoQuickFragment.kt:3469:13 'accept' overrides nothing.
e: file:///Users/HONGBGU/Documents/seadroid/app/src/main/java/com/seafile/seadroid2/ui/repo/RepoQuickFragment.kt:3476:51 Unresolved reference 'Manifest'.
e: file:///Users/HONGBGU/Documents/seadroid/app/src/main/java/com/seafile/seadroid2/ui/repo/RepoQuickFragment.kt:3482:44 Class '<anonymous>' is not abstract and does not implement abstract member 'accept'.
e: file:///Users/HONGBGU/Documents/seadroid/app/src/main/java/com/seafile/seadroid2/ui/repo/RepoQuickFragment.kt:3483:13 'accept' overrides nothing.
e: file:///Users/HONGBGU/Documents/seadroid/app/src/main/java/com/seafile/seadroid2/ui/repo/RepoQuickFragment.kt:3490:51 Unresolved reference 'Manifest'.
e: file:///Users/HONGBGU/Documents/seadroid/app/src/main/java/com/seafile/seadroid2/ui/repo/RepoQuickFragment.kt:3497:41 Initializer type mismatch: expected 'kotlin.Array<kotlin.String?>', actual 'kotlin.Array<kotlin.String>'.
e: file:///Users/HONGBGU/Documents/seadroid/app/src/main/java/com/seafile/seadroid2/ui/repo/RepoQuickFragment.kt:3497:41 Type mismatch: inferred type is 'kotlin.String?', but 'kotlin.String' was expected.
e: file:///Users/HONGBGU/Documents/seadroid/app/src/main/java/com/seafile/seadroid2/ui/repo/RepoQuickFragment.kt:3509:78 Only safe (?.) or non-null asserted (!!.) calls are allowed on a nullable receiver of type 'com.seafile.seadroid2.account.SupportAccountManager?'.
e: file:///Users/HONGBGU/Documents/seadroid/app/src/main/java/com/seafile/seadroid2/ui/repo/RepoQuickFragment.kt:3520:13 Argument type mismatch: actual type is 'com.seafile.seadroid2.account.Account?', but 'com.seafile.seadroid2.account.Account' was expected.
e: file:///Users/HONGBGU/Documents/seadroid/app/src/main/java/com/seafile/seadroid2/ui/repo/RepoQuickFragment.kt:3524:13 Argument type mismatch: actual type is 'kotlin.collections.MutableList<android.net.Uri>?', but 'kotlin.collections.MutableList<android.net.Uri?>?' was expected.
e: file:///Users/HONGBGU/Documents/seadroid/app/src/main/java/com/seafile/seadroid2/ui/repo/RepoQuickFragment.kt:3542:69 Only safe (?.) or non-null asserted (!!.) calls are allowed on a nullable receiver of type 'com.seafile.seadroid2.framework.service.BackupThreadExecutor?'.
e: file:///Users/HONGBGU/Documents/seadroid/app/src/main/java/com/seafile/seadroid2/ui/repo/RepoQuickFragment.kt:3584:50 Argument type mismatch: actual type is 'kotlin.String?', but 'kotlin.String' was expected.
e: file:///Users/HONGBGU/Documents/seadroid/app/src/main/java/com/seafile/seadroid2/ui/repo/RepoQuickFragment.kt:3651:78 Only safe (?.) or non-null asserted (!!.) calls are allowed on a nullable receiver of type 'com.seafile.seadroid2.account.SupportAccountManager?'.
e: file:///Users/HONGBGU/Documents/seadroid/app/src/main/java/com/seafile/seadroid2/ui/repo/RepoQuickFragment.kt:3654:13 Argument type mismatch: actual type is 'com.seafile.seadroid2.account.Account?', but 'com.seafile.seadroid2.account.Account' was expected.
e: file:///Users/HONGBGU/Documents/seadroid/app/src/main/java/com/seafile/seadroid2/ui/repo/RepoQuickFragment.kt:3656:13 Argument type mismatch: actual type is 'kotlin.String?', but 'kotlin.String' was expected.
e: file:///Users/HONGBGU/Documents/seadroid/app/src/main/java/com/seafile/seadroid2/ui/repo/RepoQuickFragment.kt:3663:53 Only safe (?.) or non-null asserted (!!.) calls are allowed on a nullable receiver of type 'com.seafile.seadroid2.framework.service.BackupThreadExecutor?'.
e: file:///Users/HONGBGU/Documents/seadroid/app/src/main/java/com/seafile/seadroid2/ui/repo/RepoQuickFragment.kt:3674:78 Only safe (?.) or non-null asserted (!!.) calls are allowed on a nullable receiver of type 'com.seafile.seadroid2.account.SupportAccountManager?'.
e: file:///Users/HONGBGU/Documents/seadroid/app/src/main/java/com/seafile/seadroid2/ui/repo/RepoQuickFragment.kt:3677:13 Argument type mismatch: actual type is 'com.seafile.seadroid2.account.Account?', but 'com.seafile.seadroid2.account.Account' was expected.
e: file:///Users/HONGBGU/Documents/seadroid/app/src/main/java/com/seafile/seadroid2/ui/repo/RepoQuickFragment.kt:3679:13 Argument type mismatch: actual type is 'android.net.Uri?', but 'android.net.Uri' was expected.
e: file:///Users/HONGBGU/Documents/seadroid/app/src/main/java/com/seafile/seadroid2/ui/repo/RepoQuickFragment.kt:3687:53 Only safe (?.) or non-null asserted (!!.) calls are allowed on a nullable receiver of type 'com.seafile.seadroid2.framework.service.BackupThreadExecutor?'.
e: file:///Users/HONGBGU/Documents/seadroid/app/src/main/java/com/seafile/seadroid2/ui/repo/RepoViewModel.kt:106:13 Initializer type mismatch: expected 'io.reactivex.Single<kotlin.collections.MutableList<com.seafile.seadroid2.framework.db.entities.EncKeyCacheEntity?>?>', actual 'io.reactivex.Single<kotlin.collections.MutableList<com.seafile.seadroid2.framework.db.entities.EncKeyCacheEntity?>?>?'.
e: file:///Users/HONGBGU/Documents/seadroid/app/src/main/java/com/seafile/seadroid2/ui/repo/RepoViewModel.kt:106:48 Only safe (?.) or non-null asserted (!!.) calls are allowed on a nullable receiver of type 'com.seafile.seadroid2.framework.db.AppDatabase?'.
e: file:///Users/HONGBGU/Documents/seadroid/app/src/main/java/com/seafile/seadroid2/ui/repo/RepoViewModel.kt:107:17 Only safe (?.) or non-null asserted (!!.) calls are allowed on a nullable receiver of type 'com.seafile.seadroid2.framework.db.dao.EncKeyCacheDAO?'.
e: file:///Users/HONGBGU/Documents/seadroid/app/src/main/java/com/seafile/seadroid2/ui/repo/RepoViewModel.kt:109:63 Class '<anonymous>' is not abstract and does not implement abstract member 'apply'.
e: file:///Users/HONGBGU/Documents/seadroid/app/src/main/java/com/seafile/seadroid2/ui/repo/RepoViewModel.kt:112:13 'apply' overrides nothing.
e: file:///Users/HONGBGU/Documents/seadroid/app/src/main/java/com/seafile/seadroid2/ui/repo/RepoViewModel.kt:171:51 Only safe (?.) or non-null asserted (!!.) calls are allowed on a nullable receiver of type 'com.seafile.seadroid2.framework.db.AppDatabase?'.
e: file:///Users/HONGBGU/Documents/seadroid/app/src/main/java/com/seafile/seadroid2/ui/repo/RepoViewModel.kt:171:68 Only safe (?.) or non-null asserted (!!.) calls are allowed on a nullable receiver of type 'com.seafile.seadroid2.framework.db.dao.EncKeyCacheDAO?'.
e: file:///Users/HONGBGU/Documents/seadroid/app/src/main/java/com/seafile/seadroid2/ui/repo/RepoViewModel.kt:172:13 Only safe (?.) or non-null asserted (!!.) calls are allowed on a nullable receiver of type 'io.reactivex.Single<kotlin.collections.MutableList<com.seafile.seadroid2.framework.db.entities.EncKeyCacheEntity?>?>?'.
e: file:///Users/HONGBGU/Documents/seadroid/app/src/main/java/com/seafile/seadroid2/ui/repo/RepoViewModel.kt:172:38 Class '<anonymous>' is not abstract and does not implement abstract member 'apply'.
e: file:///Users/HONGBGU/Documents/seadroid/app/src/main/java/com/seafile/seadroid2/ui/repo/RepoViewModel.kt:175:17 'apply' overrides nothing.
e: file:///Users/HONGBGU/Documents/seadroid/app/src/main/java/com/seafile/seadroid2/ui/repo/RepoViewModel.kt:212:13 Initializer type mismatch: expected 'io.reactivex.Single<com.seafile.seadroid2.framework.model.ResultModel?>', actual 'io.reactivex.Single<com.seafile.seadroid2.framework.model.ResultModel?>?'.
e: file:///Users/HONGBGU/Documents/seadroid/app/src/main/java/com/seafile/seadroid2/ui/repo/RepoViewModel.kt:212:50 Only safe (?.) or non-null asserted (!!.) calls are allowed on a nullable receiver of type 'com.seafile.seadroid2.framework.http.HttpIO?'.
e: file:///Users/HONGBGU/Documents/seadroid/app/src/main/java/com/seafile/seadroid2/ui/repo/RepoViewModel.kt:212:75 Argument type mismatch: actual type is 'java.lang.Class<com.seafile.seadroid2.ui.dialog_fragment.DialogService>', but 'java.lang.Class<T?>' was expected.
e: file:///Users/HONGBGU/Documents/seadroid/app/src/main/java/com/seafile/seadroid2/ui/repo/RepoViewModel.kt:213:17 Only safe (?.) or non-null asserted (!!.) calls are allowed on a nullable receiver of type 'com.seafile.seadroid2.ui.dialog_fragment.DialogService?'.
e: file:///Users/HONGBGU/Documents/seadroid/app/src/main/java/com/seafile/seadroid2/ui/repo/RepoViewModel.kt:221:44 Class '<anonymous>' is not abstract and does not implement abstract member 'apply'.
e: file:///Users/HONGBGU/Documents/seadroid/app/src/main/java/com/seafile/seadroid2/ui/repo/RepoViewModel.kt:224:29 'apply' overrides nothing.
e: file:///Users/HONGBGU/Documents/seadroid/app/src/main/java/com/seafile/seadroid2/ui/repo/RepoViewModel.kt:244:63 Argument type mismatch: actual type is 'kotlin.String?', but 'kotlin.String' was expected.
e: file:///Users/HONGBGU/Documents/seadroid/app/src/main/java/com/seafile/seadroid2/ui/repo/RepoViewModel.kt:253:56 Only safe (?.) or non-null asserted (!!.) calls are allowed on a nullable receiver of type 'com.seafile.seadroid2.framework.db.AppDatabase?'.
e: file:///Users/HONGBGU/Documents/seadroid/app/src/main/java/com/seafile/seadroid2/ui/repo/RepoViewModel.kt:253:73 Only safe (?.) or non-null asserted (!!.) calls are allowed on a nullable receiver of type 'com.seafile.seadroid2.framework.db.dao.EncKeyCacheDAO?'.
e: file:///Users/HONGBGU/Documents/seadroid/app/src/main/java/com/seafile/seadroid2/ui/repo/RepoViewModel.kt:264:78 Only safe (?.) or non-null asserted (!!.) calls are allowed on a nullable receiver of type 'com.seafile.seadroid2.account.SupportAccountManager?'.
e: file:///Users/HONGBGU/Documents/seadroid/app/src/main/java/com/seafile/seadroid2/ui/repo/RepoViewModel.kt:300:13 Only safe (?.) or non-null asserted (!!.) calls are allowed on a nullable receiver of type 'com.seafile.seadroid2.framework.db.AppDatabase?'.
e: file:///Users/HONGBGU/Documents/seadroid/app/src/main/java/com/seafile/seadroid2/ui/repo/RepoViewModel.kt:301:13 Only safe (?.) or non-null asserted (!!.) calls are allowed on a nullable receiver of type 'com.seafile.seadroid2.framework.db.dao.RepoDAO?'.
e: file:///Users/HONGBGU/Documents/seadroid/app/src/main/java/com/seafile/seadroid2/ui/repo/RepoViewModel.kt:302:13 Only safe (?.) or non-null asserted (!!.) calls are allowed on a nullable receiver of type 'io.reactivex.Single<kotlin.collections.MutableList<com.seafile.seadroid2.framework.db.entities.RepoModel?>?>?'.
e: file:///Users/HONGBGU/Documents/seadroid/app/src/main/java/com/seafile/seadroid2/ui/repo/RepoViewModel.kt:302:48 Class '<anonymous>' is not abstract and does not implement abstract member 'apply'.
e: file:///Users/HONGBGU/Documents/seadroid/app/src/main/java/com/seafile/seadroid2/ui/repo/RepoViewModel.kt:305:17 'apply' overrides nothing.
e: file:///Users/HONGBGU/Documents/seadroid/app/src/main/java/com/seafile/seadroid2/ui/repo/RepoViewModel.kt:306:55 Unresolved reference 'convertToAdapterList'.
e: file:///Users/HONGBGU/Documents/seadroid/app/src/main/java/com/seafile/seadroid2/ui/repo/RepoViewModel.kt:334:34 None of the following candidates is applicable:
@SinceKotlin(...) @InlineOnly() fun <V> KMutableProperty0<V>.setValue(thisRef: Any?, property: KProperty<*>, value: V): Unit
@SinceKotlin(...) @InlineOnly() fun <T, V> KMutableProperty1<T, V>.setValue(thisRef: T, property: KProperty<*>, value: V): Unit
@InlineOnly() fun <V> MutableMap<in String, in V>.setValue(thisRef: Any?, property: KProperty<*>, value: V): Unit
e: file:///Users/HONGBGU/Documents/seadroid/app/src/main/java/com/seafile/seadroid2/ui/repo/RepoViewModel.kt:338:30 None of the following candidates is applicable:
@SinceKotlin(...) @InlineOnly() fun <V> KMutableProperty0<V>.setValue(thisRef: Any?, property: KProperty<*>, value: V): Unit
@SinceKotlin(...) @InlineOnly() fun <T, V> KMutableProperty1<T, V>.setValue(thisRef: T, property: KProperty<*>, value: V): Unit
@InlineOnly() fun <V> MutableMap<in String, in V>.setValue(thisRef: Any?, property: KProperty<*>, value: V): Unit
e: file:///Users/HONGBGU/Documents/seadroid/app/src/main/java/com/seafile/seadroid2/ui/repo/RepoViewModel.kt:341:58 Argument type mismatch: actual type is 'com.seafile.seadroid2.account.Account?', but 'com.seafile.seadroid2.account.Account' was expected.
e: file:///Users/HONGBGU/Documents/seadroid/app/src/main/java/com/seafile/seadroid2/ui/repo/RepoViewModel.kt:350:42 None of the following candidates is applicable:
@SinceKotlin(...) @InlineOnly() fun <V> KMutableProperty0<V>.setValue(thisRef: Any?, property: KProperty<*>, value: V): Unit
@SinceKotlin(...) @InlineOnly() fun <T, V> KMutableProperty1<T, V>.setValue(thisRef: T, property: KProperty<*>, value: V): Unit
@InlineOnly() fun <V> MutableMap<in String, in V>.setValue(thisRef: Any?, property: KProperty<*>, value: V): Unit
e: file:///Users/HONGBGU/Documents/seadroid/app/src/main/java/com/seafile/seadroid2/ui/repo/RepoViewModel.kt:356:42 None of the following candidates is applicable:
@SinceKotlin(...) @InlineOnly() fun <V> KMutableProperty0<V>.setValue(thisRef: Any?, property: KProperty<*>, value: V): Unit
@SinceKotlin(...) @InlineOnly() fun <T, V> KMutableProperty1<T, V>.setValue(thisRef: T, property: KProperty<*>, value: V): Unit
@InlineOnly() fun <V> MutableMap<in String, in V>.setValue(thisRef: Any?, property: KProperty<*>, value: V): Unit
e: file:///Users/HONGBGU/Documents/seadroid/app/src/main/java/com/seafile/seadroid2/ui/repo/RepoViewModel.kt:365:48 None of the following candidates is applicable:
@SinceKotlin(...) @InlineOnly() fun <V> KMutableProperty0<V>.setValue(thisRef: Any?, property: KProperty<*>, value: V): Unit
@SinceKotlin(...) @InlineOnly() fun <T, V> KMutableProperty1<T, V>.setValue(thisRef: T, property: KProperty<*>, value: V): Unit
@InlineOnly() fun <V> MutableMap<in String, in V>.setValue(thisRef: Any?, property: KProperty<*>, value: V): Unit
e: file:///Users/HONGBGU/Documents/seadroid/app/src/main/java/com/seafile/seadroid2/ui/repo/RepoViewModel.kt:389:63 Class '<anonymous>' is not abstract and does not implement abstract member 'test'.
e: file:///Users/HONGBGU/Documents/seadroid/app/src/main/java/com/seafile/seadroid2/ui/repo/RepoViewModel.kt:390:29 'test' overrides nothing.
e: file:///Users/HONGBGU/Documents/seadroid/app/src/main/java/com/seafile/seadroid2/ui/repo/RepoViewModel.kt:391:62 Argument type mismatch: actual type is 'kotlin.String?', but 'kotlin.String' was expected.
e: file:///Users/HONGBGU/Documents/seadroid/app/src/main/java/com/seafile/seadroid2/ui/repo/RepoViewModel.kt:402:50 Unresolved reference 'item_position'.
e: file:///Users/HONGBGU/Documents/seadroid/app/src/main/java/com/seafile/seadroid2/ui/repo/RepoViewModel.kt:404:50 Unresolved reference 'item_position'.
e: file:///Users/HONGBGU/Documents/seadroid/app/src/main/java/com/seafile/seadroid2/ui/repo/RepoViewModel.kt:405:50 Unresolved reference 'item_position'.
e: file:///Users/HONGBGU/Documents/seadroid/app/src/main/java/com/seafile/seadroid2/ui/repo/RepoViewModel.kt:407:50 Unresolved reference 'item_position'.
e: file:///Users/HONGBGU/Documents/seadroid/app/src/main/java/com/seafile/seadroid2/ui/repo/RepoViewModel.kt:408:65 Unresolved reference 'item_position'.
e: file:///Users/HONGBGU/Documents/seadroid/app/src/main/java/com/seafile/seadroid2/ui/repo/RepoViewModel.kt:443:23 Only safe (?.) or non-null asserted (!!.) calls are allowed on a nullable receiver of type 'kotlin.String?'.
e: file:///Users/HONGBGU/Documents/seadroid/app/src/main/java/com/seafile/seadroid2/ui/repo/RepoViewModel.kt:448:13 Initializer type mismatch: expected 'io.reactivex.Single<kotlin.collections.MutableList<com.seafile.seadroid2.framework.model.dirents.CachedDirentModel?>?>', actual 'io.reactivex.Single<kotlin.collections.MutableList<com.seafile.seadroid2.framework.model.dirents.CachedDirentModel?>?>?'.
e: file:///Users/HONGBGU/Documents/seadroid/app/src/main/java/com/seafile/seadroid2/ui/repo/RepoViewModel.kt:448:48 Only safe (?.) or non-null asserted (!!.) calls are allowed on a nullable receiver of type 'com.seafile.seadroid2.framework.db.AppDatabase?'.
e: file:///Users/HONGBGU/Documents/seadroid/app/src/main/java/com/seafile/seadroid2/ui/repo/RepoViewModel.kt:449:17 Only safe (?.) or non-null asserted (!!.) calls are allowed on a nullable receiver of type 'com.seafile.seadroid2.framework.db.dao.DirentDAO?'.
e: file:///Users/HONGBGU/Documents/seadroid/app/src/main/java/com/seafile/seadroid2/ui/repo/RepoViewModel.kt:450:67 Class '<anonymous>' is not abstract and does not implement abstract member 'apply'.
e: file:///Users/HONGBGU/Documents/seadroid/app/src/main/java/com/seafile/seadroid2/ui/repo/RepoViewModel.kt:453:13 'apply' overrides nothing.
e: file:///Users/HONGBGU/Documents/seadroid/app/src/main/java/com/seafile/seadroid2/ui/repo/RepoViewModel.kt:458:84 Class '<anonymous>' is not abstract and does not implement abstract member 'apply'.
e: file:///Users/HONGBGU/Documents/seadroid/app/src/main/java/com/seafile/seadroid2/ui/repo/RepoViewModel.kt:460:21 'apply' overrides nothing.
e: file:///Users/HONGBGU/Documents/seadroid/app/src/main/java/com/seafile/seadroid2/ui/repo/RepoViewModel.kt:473:34 None of the following candidates is applicable:
@SinceKotlin(...) @InlineOnly() fun <V> KMutableProperty0<V>.setValue(thisRef: Any?, property: KProperty<*>, value: V): Unit
@SinceKotlin(...) @InlineOnly() fun <T, V> KMutableProperty1<T, V>.setValue(thisRef: T, property: KProperty<*>, value: V): Unit
@InlineOnly() fun <V> MutableMap<in String, in V>.setValue(thisRef: Any?, property: KProperty<*>, value: V): Unit
e: file:///Users/HONGBGU/Documents/seadroid/app/src/main/java/com/seafile/seadroid2/ui/repo/RepoViewModel.kt:477:30 None of the following candidates is applicable:
@SinceKotlin(...) @InlineOnly() fun <V> KMutableProperty0<V>.setValue(thisRef: Any?, property: KProperty<*>, value: V): Unit
@SinceKotlin(...) @InlineOnly() fun <T, V> KMutableProperty1<T, V>.setValue(thisRef: T, property: KProperty<*>, value: V): Unit
@InlineOnly() fun <V> MutableMap<in String, in V>.setValue(thisRef: Any?, property: KProperty<*>, value: V): Unit
e: file:///Users/HONGBGU/Documents/seadroid/app/src/main/java/com/seafile/seadroid2/ui/repo/RepoViewModel.kt:484:23 Only safe (?.) or non-null asserted (!!.) calls are allowed on a nullable receiver of type 'kotlin.String?'.
e: file:///Users/HONGBGU/Documents/seadroid/app/src/main/java/com/seafile/seadroid2/ui/repo/RepoViewModel.kt:485:13 'val' cannot be reassigned.
e: file:///Users/HONGBGU/Documents/seadroid/app/src/main/java/com/seafile/seadroid2/ui/repo/RepoViewModel.kt:488:60 Argument type mismatch: actual type is 'com.seafile.seadroid2.account.Account?', but 'com.seafile.seadroid2.account.Account' was expected.
e: file:///Users/HONGBGU/Documents/seadroid/app/src/main/java/com/seafile/seadroid2/ui/repo/RepoViewModel.kt:491:13 Class '<anonymous>' is not abstract and does not implement abstract member 'accept'.
e: file:///Users/HONGBGU/Documents/seadroid/app/src/main/java/com/seafile/seadroid2/ui/repo/RepoViewModel.kt:493:17 'accept' overrides nothing.
e: file:///Users/HONGBGU/Documents/seadroid/app/src/main/java/com/seafile/seadroid2/ui/repo/RepoViewModel.kt:500:63 Class '<anonymous>' is not abstract and does not implement abstract member 'test'.
e: file:///Users/HONGBGU/Documents/seadroid/app/src/main/java/com/seafile/seadroid2/ui/repo/RepoViewModel.kt:501:29 'test' overrides nothing.
e: file:///Users/HONGBGU/Documents/seadroid/app/src/main/java/com/seafile/seadroid2/ui/repo/RepoViewModel.kt:502:62 Argument type mismatch: actual type is 'kotlin.String?', but 'kotlin.String' was expected.
e: file:///Users/HONGBGU/Documents/seadroid/app/src/main/java/com/seafile/seadroid2/ui/repo/RepoViewModel.kt:515:42 None of the following candidates is applicable:
@SinceKotlin(...) @InlineOnly() fun <V> KMutableProperty0<V>.setValue(thisRef: Any?, property: KProperty<*>, value: V): Unit
@SinceKotlin(...) @InlineOnly() fun <T, V> KMutableProperty1<T, V>.setValue(thisRef: T, property: KProperty<*>, value: V): Unit
@InlineOnly() fun <V> MutableMap<in String, in V>.setValue(thisRef: Any?, property: KProperty<*>, value: V): Unit
e: file:///Users/HONGBGU/Documents/seadroid/app/src/main/java/com/seafile/seadroid2/ui/repo/RepoViewModel.kt:521:42 None of the following candidates is applicable:
@SinceKotlin(...) @InlineOnly() fun <V> KMutableProperty0<V>.setValue(thisRef: Any?, property: KProperty<*>, value: V): Unit
@SinceKotlin(...) @InlineOnly() fun <T, V> KMutableProperty1<T, V>.setValue(thisRef: T, property: KProperty<*>, value: V): Unit
@InlineOnly() fun <V> MutableMap<in String, in V>.setValue(thisRef: Any?, property: KProperty<*>, value: V): Unit
e: file:///Users/HONGBGU/Documents/seadroid/app/src/main/java/com/seafile/seadroid2/ui/repo/RepoViewModel.kt:530:48 None of the following candidates is applicable:
@SinceKotlin(...) @InlineOnly() fun <V> KMutableProperty0<V>.setValue(thisRef: Any?, property: KProperty<*>, value: V): Unit
@SinceKotlin(...) @InlineOnly() fun <T, V> KMutableProperty1<T, V>.setValue(thisRef: T, property: KProperty<*>, value: V): Unit
@InlineOnly() fun <V> MutableMap<in String, in V>.setValue(thisRef: Any?, property: KProperty<*>, value: V): Unit
e: file:///Users/HONGBGU/Documents/seadroid/app/src/main/java/com/seafile/seadroid2/ui/repo/RepoViewModel.kt:537:13 Initializer type mismatch: expected 'io.reactivex.Single<kotlin.collections.MutableList<com.seafile.seadroid2.framework.db.entities.EncKeyCacheEntity?>?>', actual 'io.reactivex.Single<kotlin.collections.MutableList<com.seafile.seadroid2.framework.db.entities.EncKeyCacheEntity?>?>?'.
e: file:///Users/HONGBGU/Documents/seadroid/app/src/main/java/com/seafile/seadroid2/ui/repo/RepoViewModel.kt:537:48 Only safe (?.) or non-null asserted (!!.) calls are allowed on a nullable receiver of type 'com.seafile.seadroid2.framework.db.AppDatabase?'.
e: file:///Users/HONGBGU/Documents/seadroid/app/src/main/java/com/seafile/seadroid2/ui/repo/RepoViewModel.kt:537:65 Only safe (?.) or non-null asserted (!!.) calls are allowed on a nullable receiver of type 'com.seafile.seadroid2.framework.db.dao.EncKeyCacheDAO?'.
e: file:///Users/HONGBGU/Documents/seadroid/app/src/main/java/com/seafile/seadroid2/ui/repo/RepoViewModel.kt:554:13 Initializer type mismatch: expected 'io.reactivex.Single<kotlin.collections.MutableList<com.seafile.seadroid2.framework.db.entities.RepoModel?>?>', actual 'io.reactivex.Single<kotlin.collections.MutableList<com.seafile.seadroid2.framework.db.entities.RepoModel?>?>?'.
e: file:///Users/HONGBGU/Documents/seadroid/app/src/main/java/com/seafile/seadroid2/ui/repo/RepoViewModel.kt:554:48 Only safe (?.) or non-null asserted (!!.) calls are allowed on a nullable receiver of type 'com.seafile.seadroid2.framework.db.AppDatabase?'.
e: file:///Users/HONGBGU/Documents/seadroid/app/src/main/java/com/seafile/seadroid2/ui/repo/RepoViewModel.kt:554:58 Only safe (?.) or non-null asserted (!!.) calls are allowed on a nullable receiver of type 'com.seafile.seadroid2.framework.db.dao.RepoDAO?'.
e: file:///Users/HONGBGU/Documents/seadroid/app/src/main/java/com/seafile/seadroid2/ui/repo/RepoViewModel.kt:593:13 Initializer type mismatch: expected 'io.reactivex.Single<kotlin.collections.MutableList<com.seafile.seadroid2.framework.db.entities.RepoModel?>?>', actual 'io.reactivex.Single<kotlin.collections.MutableList<com.seafile.seadroid2.framework.db.entities.RepoModel?>?>?'.
e: file:///Users/HONGBGU/Documents/seadroid/app/src/main/java/com/seafile/seadroid2/ui/repo/RepoViewModel.kt:593:48 Only safe (?.) or non-null asserted (!!.) calls are allowed on a nullable receiver of type 'com.seafile.seadroid2.framework.db.AppDatabase?'.
e: file:///Users/HONGBGU/Documents/seadroid/app/src/main/java/com/seafile/seadroid2/ui/repo/RepoViewModel.kt:593:58 Only safe (?.) or non-null asserted (!!.) calls are allowed on a nullable receiver of type 'com.seafile.seadroid2.framework.db.dao.RepoDAO?'.
e: file:///Users/HONGBGU/Documents/seadroid/app/src/main/java/com/seafile/seadroid2/ui/repo/RepoViewModel.kt:594:73 Class '<anonymous>' is not abstract and does not implement abstract member 'apply'.
e: file:///Users/HONGBGU/Documents/seadroid/app/src/main/java/com/seafile/seadroid2/ui/repo/RepoViewModel.kt:597:13 'apply' overrides nothing.
e: file:///Users/HONGBGU/Documents/seadroid/app/src/main/java/com/seafile/seadroid2/ui/repo/RepoViewModel.kt:620:25 None of the following candidates is applicable:
constructor(repoId: String, p: PermissionParentModel): PermissionEntity
constructor(repoId: String, permission: String): PermissionEntity
e: file:///Users/HONGBGU/Documents/seadroid/app/src/main/java/com/seafile/seadroid2/ui/repo/RepoViewModel.kt:624:58 Class '<anonymous>' is not abstract and does not implement abstract member 'apply'.
e: file:///Users/HONGBGU/Documents/seadroid/app/src/main/java/com/seafile/seadroid2/ui/repo/RepoViewModel.kt:627:13 'apply' overrides nothing.
e: file:///Users/HONGBGU/Documents/seadroid/app/src/main/java/com/seafile/seadroid2/ui/repo/RepoViewModel.kt:633:78 Argument type mismatch: actual type is 'android.util.Pair<com.seafile.seadroid2.framework.db.entities.RepoModel, com.seafile.seadroid2.framework.db.entities.PermissionEntity?>', but 'T!' was expected.
e: file:///Users/HONGBGU/Documents/seadroid/app/src/main/java/com/seafile/seadroid2/ui/repo/RepoViewModel.kt:638:21 Initializer type mismatch: expected 'io.reactivex.Single<kotlin.collections.MutableList<com.seafile.seadroid2.framework.db.entities.PermissionEntity?>?>', actual 'io.reactivex.Single<kotlin.collections.MutableList<com.seafile.seadroid2.framework.db.entities.PermissionEntity?>?>?'.
e: file:///Users/HONGBGU/Documents/seadroid/app/src/main/java/com/seafile/seadroid2/ui/repo/RepoViewModel.kt:638:56 Only safe (?.) or non-null asserted (!!.) calls are allowed on a nullable receiver of type 'com.seafile.seadroid2.framework.db.AppDatabase?'.
e: file:///Users/HONGBGU/Documents/seadroid/app/src/main/java/com/seafile/seadroid2/ui/repo/RepoViewModel.kt:639:25 Only safe (?.) or non-null asserted (!!.) calls are allowed on a nullable receiver of type 'com.seafile.seadroid2.framework.db.dao.PermissionDAO?'.
e: file:///Users/HONGBGU/Documents/seadroid/app/src/main/java/com/seafile/seadroid2/ui/repo/RepoViewModel.kt:667:40 None of the following candidates is applicable:
@SinceKotlin(...) @InlineOnly() fun <V> KMutableProperty0<V>.setValue(thisRef: Any?, property: KProperty<*>, value: V): Unit
@SinceKotlin(...) @InlineOnly() fun <T, V> KMutableProperty1<T, V>.setValue(thisRef: T, property: KProperty<*>, value: V): Unit
@InlineOnly() fun <V> MutableMap<in String, in V>.setValue(thisRef: Any?, property: KProperty<*>, value: V): Unit
e: file:///Users/HONGBGU/Documents/seadroid/app/src/main/java/com/seafile/seadroid2/ui/repo/RepoViewModel.kt:687:44 None of the following candidates is applicable:
@SinceKotlin(...) @InlineOnly() fun <V> KMutableProperty0<V>.setValue(thisRef: Any?, property: KProperty<*>, value: V): Unit
@SinceKotlin(...) @InlineOnly() fun <T, V> KMutableProperty1<T, V>.setValue(thisRef: T, property: KProperty<*>, value: V): Unit
@InlineOnly() fun <V> MutableMap<in String, in V>.setValue(thisRef: Any?, property: KProperty<*>, value: V): Unit
e: file:///Users/HONGBGU/Documents/seadroid/app/src/main/java/com/seafile/seadroid2/ui/repo/RepoViewModel.kt:704:48 None of the following candidates is applicable:
@SinceKotlin(...) @InlineOnly() fun <V> KMutableProperty0<V>.setValue(thisRef: Any?, property: KProperty<*>, value: V): Unit
@SinceKotlin(...) @InlineOnly() fun <T, V> KMutableProperty1<T, V>.setValue(thisRef: T, property: KProperty<*>, value: V): Unit
@InlineOnly() fun <V> MutableMap<in String, in V>.setValue(thisRef: Any?, property: KProperty<*>, value: V): Unit
e: file:///Users/HONGBGU/Documents/seadroid/app/src/main/java/com/seafile/seadroid2/ui/repo/RepoViewModel.kt:712:48 None of the following candidates is applicable:
@SinceKotlin(...) @InlineOnly() fun <V> KMutableProperty0<V>.setValue(thisRef: Any?, property: KProperty<*>, value: V): Unit
@SinceKotlin(...) @InlineOnly() fun <T, V> KMutableProperty1<T, V>.setValue(thisRef: T, property: KProperty<*>, value: V): Unit
@InlineOnly() fun <V> MutableMap<in String, in V>.setValue(thisRef: Any?, property: KProperty<*>, value: V): Unit
e: file:///Users/HONGBGU/Documents/seadroid/app/src/main/java/com/seafile/seadroid2/ui/repo/RepoViewModel.kt:725:49 Initializer type mismatch: expected 'io.reactivex.Single<com.seafile.seadroid2.framework.model.repo.Dirent2Model?>', actual 'io.reactivex.Single<com.seafile.seadroid2.framework.model.repo.Dirent2Model?>?'.
e: file:///Users/HONGBGU/Documents/seadroid/app/src/main/java/com/seafile/seadroid2/ui/repo/RepoViewModel.kt:726:17 Only safe (?.) or non-null asserted (!!.) calls are allowed on a nullable receiver of type 'com.seafile.seadroid2.framework.http.HttpIO?'.
e: file:///Users/HONGBGU/Documents/seadroid/app/src/main/java/com/seafile/seadroid2/ui/repo/RepoViewModel.kt:726:43 Argument type mismatch: actual type is 'java.lang.Class<com.seafile.seadroid2.ui.star.StarredService>', but 'java.lang.Class<T?>' was expected.
e: file:///Users/HONGBGU/Documents/seadroid/app/src/main/java/com/seafile/seadroid2/ui/repo/RepoViewModel.kt:726:70 Only safe (?.) or non-null asserted (!!.) calls are allowed on a nullable receiver of type 'com.seafile.seadroid2.ui.star.StarredService?'.
e: file:///Users/HONGBGU/Documents/seadroid/app/src/main/java/com/seafile/seadroid2/ui/repo/RepoViewModel.kt:730:49 Initializer type mismatch: expected 'io.reactivex.Single<com.seafile.seadroid2.framework.model.ResultModel?>', actual 'io.reactivex.Single<com.seafile.seadroid2.framework.model.ResultModel?>?'.
e: file:///Users/HONGBGU/Documents/seadroid/app/src/main/java/com/seafile/seadroid2/ui/repo/RepoViewModel.kt:731:17 Only safe (?.) or non-null asserted (!!.) calls are allowed on a nullable receiver of type 'com.seafile.seadroid2.framework.http.HttpIO?'.
e: file:///Users/HONGBGU/Documents/seadroid/app/src/main/java/com/seafile/seadroid2/ui/repo/RepoViewModel.kt:731:43 Argument type mismatch: actual type is 'java.lang.Class<com.seafile.seadroid2.ui.star.StarredService>', but 'java.lang.Class<T?>' was expected.
e: file:///Users/HONGBGU/Documents/seadroid/app/src/main/java/com/seafile/seadroid2/ui/repo/RepoViewModel.kt:731:70 Only safe (?.) or non-null asserted (!!.) calls are allowed on a nullable receiver of type 'com.seafile.seadroid2.ui.star.StarredService?'.
e: file:///Users/HONGBGU/Documents/seadroid/app/src/main/java/com/seafile/seadroid2/ui/repo/RepoViewModel.kt:749:30 None of the following candidates is applicable:
@SinceKotlin(...) @InlineOnly() fun <V> KMutableProperty0<V>.setValue(thisRef: Any?, property: KProperty<*>, value: V): Unit
@SinceKotlin(...) @InlineOnly() fun <T, V> KMutableProperty1<T, V>.setValue(thisRef: T, property: KProperty<*>, value: V): Unit
@InlineOnly() fun <V> MutableMap<in String, in V>.setValue(thisRef: Any?, property: KProperty<*>, value: V): Unit
e: file:///Users/HONGBGU/Documents/seadroid/app/src/main/java/com/seafile/seadroid2/ui/repo/RepoViewModel.kt:751:78 Only safe (?.) or non-null asserted (!!.) calls are allowed on a nullable receiver of type 'com.seafile.seadroid2.account.SupportAccountManager?'.
e: file:///Users/HONGBGU/Documents/seadroid/app/src/main/java/com/seafile/seadroid2/ui/repo/RepoViewModel.kt:754:13 Initializer type mismatch: expected 'io.reactivex.Single<com.seafile.seadroid2.framework.model.search.SearchWrapperModel?>', actual 'io.reactivex.Single<com.seafile.seadroid2.framework.model.search.SearchWrapperModel?>?'.
e: file:///Users/HONGBGU/Documents/seadroid/app/src/main/java/com/seafile/seadroid2/ui/repo/RepoViewModel.kt:754:50 Only safe (?.) or non-null asserted (!!.) calls are allowed on a nullable receiver of type 'com.seafile.seadroid2.framework.http.HttpIO?'.
e: file:///Users/HONGBGU/Documents/seadroid/app/src/main/java/com/seafile/seadroid2/ui/repo/RepoViewModel.kt:754:75 Argument type mismatch: actual type is 'java.lang.Class<com.seafile.seadroid2.ui.search.SearchService>', but 'java.lang.Class<T?>' was expected.
e: file:///Users/HONGBGU/Documents/seadroid/app/src/main/java/com/seafile/seadroid2/ui/repo/RepoViewModel.kt:755:17 Only safe (?.) or non-null asserted (!!.) calls are allowed on a nullable receiver of type 'com.seafile.seadroid2.ui.search.SearchService?'.
e: file:///Users/HONGBGU/Documents/seadroid/app/src/main/java/com/seafile/seadroid2/ui/repo/RepoViewModel.kt:761:42 None of the following candidates is applicable:
@SinceKotlin(...) @InlineOnly() fun <V> KMutableProperty0<V>.setValue(thisRef: Any?, property: KProperty<*>, value: V): Unit
@SinceKotlin(...) @InlineOnly() fun <T, V> KMutableProperty1<T, V>.setValue(thisRef: T, property: KProperty<*>, value: V): Unit
@InlineOnly() fun <V> MutableMap<in String, in V>.setValue(thisRef: Any?, property: KProperty<*>, value: V): Unit
e: file:///Users/HONGBGU/Documents/seadroid/app/src/main/java/com/seafile/seadroid2/ui/repo/RepoViewModel.kt:780:50 Argument type mismatch: actual type is 'kotlin.collections.MutableList<com.seafile.seadroid2.framework.model.search.SearchModel>', but 'kotlin.collections.MutableList<com.seafile.seadroid2.framework.model.search.SearchModel?>?' was expected.
e: file:///Users/HONGBGU/Documents/seadroid/app/src/main/java/com/seafile/seadroid2/ui/repo/RepoViewModel.kt:781:38 None of the following candidates is applicable:
@SinceKotlin(...) @InlineOnly() fun <V> KMutableProperty0<V>.setValue(thisRef: Any?, property: KProperty<*>, value: V): Unit
@SinceKotlin(...) @InlineOnly() fun <T, V> KMutableProperty1<T, V>.setValue(thisRef: T, property: KProperty<*>, value: V): Unit
@InlineOnly() fun <V> MutableMap<in String, in V>.setValue(thisRef: Any?, property: KProperty<*>, value: V): Unit
e: file:///Users/HONGBGU/Documents/seadroid/app/src/main/java/com/seafile/seadroid2/ui/repo/RepoViewModel.kt:786:44 None of the following candidates is applicable:
@SinceKotlin(...) @InlineOnly() fun <V> KMutableProperty0<V>.setValue(thisRef: Any?, property: KProperty<*>, value: V): Unit
@SinceKotlin(...) @InlineOnly() fun <T, V> KMutableProperty1<T, V>.setValue(thisRef: T, property: KProperty<*>, value: V): Unit
@InlineOnly() fun <V> MutableMap<in String, in V>.setValue(thisRef: Any?, property: KProperty<*>, value: V): Unit
e: file:///Users/HONGBGU/Documents/seadroid/app/src/main/java/com/seafile/seadroid2/ui/repo/RepoViewModel.kt:788:38 None of the following candidates is applicable:
@SinceKotlin(...) @InlineOnly() fun <V> KMutableProperty0<V>.setValue(thisRef: Any?, property: KProperty<*>, value: V): Unit
@SinceKotlin(...) @InlineOnly() fun <T, V> KMutableProperty1<T, V>.setValue(thisRef: T, property: KProperty<*>, value: V): Unit
@InlineOnly() fun <V> MutableMap<in String, in V>.setValue(thisRef: Any?, property: KProperty<*>, value: V): Unit
e: file:///Users/HONGBGU/Documents/seadroid/app/src/main/java/com/seafile/seadroid2/ui/repo/RepoViewModel.kt:796:36 None of the following candidates is applicable:
@SinceKotlin(...) @InlineOnly() fun <V> KMutableProperty0<V>.setValue(thisRef: Any?, property: KProperty<*>, value: V): Unit
@SinceKotlin(...) @InlineOnly() fun <T, V> KMutableProperty1<T, V>.setValue(thisRef: T, property: KProperty<*>, value: V): Unit
@InlineOnly() fun <V> MutableMap<in String, in V>.setValue(thisRef: Any?, property: KProperty<*>, value: V): Unit
e: file:///Users/HONGBGU/Documents/seadroid/app/src/main/java/com/seafile/seadroid2/ui/repo/RepoViewModel.kt:806:21 Initializer type mismatch: expected 'kotlin.collections.MutableList<com.seafile.seadroid2.framework.db.entities.DirentModel>?', actual 'kotlin.collections.MutableList<com.seafile.seadroid2.framework.db.entities.DirentModel?>?'.
e: file:///Users/HONGBGU/Documents/seadroid/app/src/main/java/com/seafile/seadroid2/ui/repo/RepoViewModel.kt:806:56 Only safe (?.) or non-null asserted (!!.) calls are allowed on a nullable receiver of type 'com.seafile.seadroid2.framework.db.AppDatabase?'.
e: file:///Users/HONGBGU/Documents/seadroid/app/src/main/java/com/seafile/seadroid2/ui/repo/RepoViewModel.kt:806:68 Only safe (?.) or non-null asserted (!!.) calls are allowed on a nullable receiver of type 'com.seafile.seadroid2.framework.db.dao.DirentDAO?'.
e: file:///Users/HONGBGU/Documents/seadroid/app/src/main/java/com/seafile/seadroid2/ui/repo/RepoViewModel.kt:819:33 Argument type mismatch: actual type is 'kotlin.collections.MutableList<com.seafile.seadroid2.framework.model.dirents.DirentRecursiveFileModel?>?', but 'kotlin.collections.MutableList<com.seafile.seadroid2.framework.model.dirents.DirentRecursiveFileModel>?' was expected.
e: file:///Users/HONGBGU/Documents/seadroid/app/src/main/java/com/seafile/seadroid2/ui/repo/RepoViewModel.kt:836:44 None of the following candidates is applicable:
@SinceKotlin(...) @InlineOnly() fun <V> KMutableProperty0<V>.setValue(thisRef: Any?, property: KProperty<*>, value: V): Unit
@SinceKotlin(...) @InlineOnly() fun <T, V> KMutableProperty1<T, V>.setValue(thisRef: T, property: KProperty<*>, value: V): Unit
@InlineOnly() fun <V> MutableMap<in String, in V>.setValue(thisRef: Any?, property: KProperty<*>, value: V): Unit
e: file:///Users/HONGBGU/Documents/seadroid/app/src/main/java/com/seafile/seadroid2/ui/repo/RepoViewModel.kt:839:61 Only safe (?.) or non-null asserted (!!.) calls are allowed on a nullable receiver of type 'com.seafile.seadroid2.framework.service.BackupThreadExecutor?'.
e: file:///Users/HONGBGU/Documents/seadroid/app/src/main/java/com/seafile/seadroid2/ui/repo/sheetaction/BottomSheetActionView.kt:61:42 Argument type mismatch: actual type is 'com.chad.library.adapter4.BaseQuickAdapter.OnItemClickListener<T>', but 'com.chad.library.adapter4.BaseQuickAdapter.OnItemClickListener<android.view.MenuItem?>?' was expected.
e: file:///Users/HONGBGU/Documents/seadroid/app/src/main/java/com/seafile/seadroid2/ui/repo/sheetaction/BottomSheetActionView.kt:61:79 Argument type mismatch: actual type is 'kotlin.Function3<com.chad.library.adapter4.BaseQuickAdapter<android.view.MenuItem?, *>?, android.view.View?, kotlin.Int, kotlin.Unit>', but 'kotlin.Function3<com.chad.library.adapter4.BaseQuickAdapter<T, *>, android.view.View, kotlin.Int, kotlin.Unit>' was expected.
e: file:///Users/HONGBGU/Documents/seadroid/app/src/main/java/com/seafile/seadroid2/ui/repo/sheetaction/BottomSheetActionView.kt:61:116 Type argument is not within its bounds: should be subtype of 'kotlin.Any'.
e: file:///Users/HONGBGU/Documents/seadroid/app/src/main/java/com/seafile/seadroid2/ui/repo/sheetaction/BottomSheetActionView.kt:64:17 'return' is prohibited here.
e: file:///Users/HONGBGU/Documents/seadroid/app/src/main/java/com/seafile/seadroid2/ui/repo/sheetaction/BottomSheetActionView.kt:69:17 'return' is prohibited here.
e: file:///Users/HONGBGU/Documents/seadroid/app/src/main/java/com/seafile/seadroid2/ui/repo/sheetaction/BottomSheetActionViewPager.kt:117:25 Assignment type mismatch: actual type is 'kotlin.collections.MutableList<android.view.MenuItem?>', but 'kotlin.collections.MutableList<android.view.MenuItem>?' was expected.
e: file:///Users/HONGBGU/Documents/seadroid/app/src/main/java/com/seafile/seadroid2/ui/repo/sheetaction/BottomSheetActionViewPager.kt:119:25 Assignment type mismatch: actual type is 'kotlin.collections.MutableList<android.view.MenuItem?>', but 'kotlin.collections.MutableList<android.view.MenuItem>?' was expected.
e: file:///Users/HONGBGU/Documents/seadroid/app/src/main/java/com/seafile/seadroid2/ui/repo/sheetaction/BottomSheetMenuManager.kt:86:54 Argument type mismatch: actual type is 'android.app.Activity?', but 'android.app.Activity' was expected.
e: file:///Users/HONGBGU/Documents/seadroid/app/src/main/java/com/seafile/seadroid2/ui/repo/sheetaction/BottomSheetMenuManager.kt:118:21 Initializer type mismatch: expected 'io.reactivex.Single<kotlin.collections.MutableList<com.seafile.seadroid2.framework.db.entities.PermissionEntity?>?>', actual 'io.reactivex.Single<kotlin.collections.MutableList<com.seafile.seadroid2.framework.db.entities.PermissionEntity?>?>?'.
e: file:///Users/HONGBGU/Documents/seadroid/app/src/main/java/com/seafile/seadroid2/ui/repo/sheetaction/BottomSheetMenuManager.kt:118:56 Only safe (?.) or non-null asserted (!!.) calls are allowed on a nullable receiver of type 'com.seafile.seadroid2.framework.db.AppDatabase?'.
e: file:///Users/HONGBGU/Documents/seadroid/app/src/main/java/com/seafile/seadroid2/ui/repo/sheetaction/BottomSheetMenuManager.kt:119:25 Only safe (?.) or non-null asserted (!!.) calls are allowed on a nullable receiver of type 'com.seafile.seadroid2.framework.db.dao.PermissionDAO?'.
e: file:///Users/HONGBGU/Documents/seadroid/app/src/main/java/com/seafile/seadroid2/ui/repo/sheetaction/BottomSheetMenuManager.kt:153:25 None of the following candidates is applicable:
constructor(repoId: String, p: PermissionParentModel): PermissionEntity
constructor(repoId: String, permission: String): PermissionEntity
e: file:///Users/HONGBGU/Documents/seadroid/app/src/main/java/com/seafile/seadroid2/ui/repo/sheetaction/BottomSheetMenuManager.kt:187:29 One type argument expected for class 'Single'.
e: file:///Users/HONGBGU/Documents/seadroid/app/src/main/java/com/seafile/seadroid2/ui/repo/sheetaction/BottomSheetMenuManager.kt:190:17 Initializer type mismatch: expected 'io.reactivex.Single<kotlin.collections.MutableList<com.seafile.seadroid2.framework.db.entities.PermissionEntity?>?>', actual 'io.reactivex.Single<kotlin.collections.MutableList<com.seafile.seadroid2.framework.db.entities.PermissionEntity?>?>?'.
e: file:///Users/HONGBGU/Documents/seadroid/app/src/main/java/com/seafile/seadroid2/ui/repo/sheetaction/BottomSheetMenuManager.kt:190:52 Only safe (?.) or non-null asserted (!!.) calls are allowed on a nullable receiver of type 'com.seafile.seadroid2.framework.db.AppDatabase?'.
e: file:///Users/HONGBGU/Documents/seadroid/app/src/main/java/com/seafile/seadroid2/ui/repo/sheetaction/BottomSheetMenuManager.kt:191:21 Only safe (?.) or non-null asserted (!!.) calls are allowed on a nullable receiver of type 'com.seafile.seadroid2.framework.db.dao.PermissionDAO?'.
e: file:///Users/HONGBGU/Documents/seadroid/app/src/main/java/com/seafile/seadroid2/ui/repo/sheetaction/BottomSheetMenuManager.kt:192:74 Class '<anonymous>' is not abstract and does not implement abstract member 'apply'.
e: file:///Users/HONGBGU/Documents/seadroid/app/src/main/java/com/seafile/seadroid2/ui/repo/sheetaction/BottomSheetMenuManager.kt:195:17 'apply' overrides nothing.
e: file:///Users/HONGBGU/Documents/seadroid/app/src/main/java/com/seafile/seadroid2/ui/repo/sheetaction/BottomSheetMenuManager.kt:207:17 None of the following candidates is applicable:
constructor(repoId: String, p: PermissionParentModel): PermissionEntity
constructor(repoId: String, permission: String): PermissionEntity
e: file:///Users/HONGBGU/Documents/seadroid/app/src/main/java/com/seafile/seadroid2/ui/repo/sheetaction/BottomSheetMenuManager.kt:214:46 Class '<anonymous>' is not abstract and does not implement abstract member 'accept'.
e: file:///Users/HONGBGU/Documents/seadroid/app/src/main/java/com/seafile/seadroid2/ui/repo/sheetaction/BottomSheetMenuManager.kt:216:13 'accept' overrides nothing.
e: file:///Users/HONGBGU/Documents/seadroid/app/src/main/java/com/seafile/seadroid2/ui/repo/sheetaction/BottomSheetMenuManager.kt:238:33 None of the following candidates is applicable:
constructor(repoId: String, p: PermissionParentModel): PermissionEntity
constructor(repoId: String, permission: String): PermissionEntity
e: file:///Users/HONGBGU/Documents/seadroid/app/src/main/java/com/seafile/seadroid2/ui/repo/sheetaction/BottomSheetMenuManager.kt:253:48 None of the following candidates is applicable:
constructor(repoId: String, p: PermissionParentModel): PermissionEntity
constructor(repoId: String, permission: String): PermissionEntity
e: file:///Users/HONGBGU/Documents/seadroid/app/src/main/java/com/seafile/seadroid2/ui/repo/sheetaction/BottomSheetMenuManager.kt:256:33 None of the following candidates is applicable:
constructor(repoId: String, p: PermissionParentModel): PermissionEntity
constructor(repoId: String, permission: String): PermissionEntity
e: file:///Users/HONGBGU/Documents/seadroid/app/src/main/java/com/seafile/seadroid2/ui/repo/sheetaction/BottomSheetMenuManager.kt:279:30 Argument type mismatch: actual type is 'kotlin.collections.MutableList<android.view.MenuItem>', but 'kotlin.collections.MutableList<android.view.MenuItem?>?' was expected.
e: file:///Users/HONGBGU/Documents/seadroid/app/src/main/java/com/seafile/seadroid2/ui/repo/sheetaction/BottomSheetMenuManager.kt:289:30 Argument type mismatch: actual type is 'kotlin.collections.MutableList<android.view.MenuItem>', but 'kotlin.collections.MutableList<android.view.MenuItem?>?' was expected.
e: file:///Users/HONGBGU/Documents/seadroid/app/src/main/java/com/seafile/seadroid2/ui/repo/sheetaction/BottomSheetMenuManager.kt:386:31 Argument type mismatch: actual type is 'android.content.Context?', but 'android.content.Context' was expected.
e: file:///Users/HONGBGU/Documents/seadroid/app/src/main/java/com/seafile/seadroid2/ui/repo/sheetaction/BottomSheetMenuManager.kt:393:23 Argument type mismatch: actual type is 'android.view.MenuItem?', but 'android.view.MenuItem' was expected.
e: file:///Users/HONGBGU/Documents/seadroid/app/src/main/java/com/seafile/seadroid2/ui/sdoc/SDocViewModel.kt:46:36 None of the following candidates is applicable:
@SinceKotlin(...) @InlineOnly() fun <V> KMutableProperty0<V>.setValue(thisRef: Any?, property: KProperty<*>, value: V): Unit
@SinceKotlin(...) @InlineOnly() fun <T, V> KMutableProperty1<T, V>.setValue(thisRef: T, property: KProperty<*>, value: V): Unit
@InlineOnly() fun <V> MutableMap<in String, in V>.setValue(thisRef: Any?, property: KProperty<*>, value: V): Unit
e: file:///Users/HONGBGU/Documents/seadroid/app/src/main/java/com/seafile/seadroid2/ui/sdoc/SDocViewModel.kt:50:50 Only safe (?.) or non-null asserted (!!.) calls are allowed on a nullable receiver of type 'com.seafile.seadroid2.framework.http.HttpIO?'.
e: file:///Users/HONGBGU/Documents/seadroid/app/src/main/java/com/seafile/seadroid2/ui/sdoc/SDocViewModel.kt:50:73 Argument type mismatch: actual type is 'java.lang.Class<com.seafile.seadroid2.ui.sdoc.SDocService>', but 'java.lang.Class<T?>' was expected.
e: file:///Users/HONGBGU/Documents/seadroid/app/src/main/java/com/seafile/seadroid2/ui/sdoc/SDocViewModel.kt:51:17 Only safe (?.) or non-null asserted (!!.) calls are allowed on a nullable receiver of type 'com.seafile.seadroid2.ui.sdoc.SDocService?'.
e: file:///Users/HONGBGU/Documents/seadroid/app/src/main/java/com/seafile/seadroid2/ui/sdoc/SDocViewModel.kt:51:37 Only safe (?.) or non-null asserted (!!.) calls are allowed on a nullable receiver of type 'io.reactivex.Single<com.seafile.seadroid2.framework.model.sdoc.MetadataConfigModel?>?'.
e: file:///Users/HONGBGU/Documents/seadroid/app/src/main/java/com/seafile/seadroid2/ui/sdoc/SDocViewModel.kt:53:13 Initializer type mismatch: expected 'io.reactivex.Single<com.seafile.seadroid2.framework.model.sdoc.FileDetailModel?>', actual 'io.reactivex.Single<com.seafile.seadroid2.framework.model.sdoc.FileDetailModel?>?'.
e: file:///Users/HONGBGU/Documents/seadroid/app/src/main/java/com/seafile/seadroid2/ui/sdoc/SDocViewModel.kt:53:50 Only safe (?.) or non-null asserted (!!.) calls are allowed on a nullable receiver of type 'com.seafile.seadroid2.framework.http.HttpIO?'.
e: file:///Users/HONGBGU/Documents/seadroid/app/src/main/java/com/seafile/seadroid2/ui/sdoc/SDocViewModel.kt:53:73 Argument type mismatch: actual type is 'java.lang.Class<com.seafile.seadroid2.ui.sdoc.SDocService>', but 'java.lang.Class<T?>' was expected.
e: file:///Users/HONGBGU/Documents/seadroid/app/src/main/java/com/seafile/seadroid2/ui/sdoc/SDocViewModel.kt:54:17 Only safe (?.) or non-null asserted (!!.) calls are allowed on a nullable receiver of type 'com.seafile.seadroid2.ui.sdoc.SDocService?'.
e: file:///Users/HONGBGU/Documents/seadroid/app/src/main/java/com/seafile/seadroid2/ui/sdoc/SDocViewModel.kt:59:13 Class '<anonymous>' is not abstract and does not implement abstract member 'apply'.
e: file:///Users/HONGBGU/Documents/seadroid/app/src/main/java/com/seafile/seadroid2/ui/sdoc/SDocViewModel.kt:60:17 'apply' overrides nothing.
e: file:///Users/HONGBGU/Documents/seadroid/app/src/main/java/com/seafile/seadroid2/ui/sdoc/SDocViewModel.kt:97:29 Only safe (?.) or non-null asserted (!!.) calls are allowed on a nullable receiver of type 'com.seafile.seadroid2.framework.http.HttpIO?'.
e: file:///Users/HONGBGU/Documents/seadroid/app/src/main/java/com/seafile/seadroid2/ui/sdoc/SDocViewModel.kt:97:52 Argument type mismatch: actual type is 'java.lang.Class<com.seafile.seadroid2.ui.sdoc.SDocService>', but 'java.lang.Class<T?>' was expected.
e: file:///Users/HONGBGU/Documents/seadroid/app/src/main/java/com/seafile/seadroid2/ui/sdoc/SDocViewModel.kt:97:76 Only safe (?.) or non-null asserted (!!.) calls are allowed on a nullable receiver of type 'com.seafile.seadroid2.ui.sdoc.SDocService?'.
e: file:///Users/HONGBGU/Documents/seadroid/app/src/main/java/com/seafile/seadroid2/ui/sdoc/SDocViewModel.kt:102:29 Only safe (?.) or non-null asserted (!!.) calls are allowed on a nullable receiver of type 'com.seafile.seadroid2.framework.http.HttpIO?'.
e: file:///Users/HONGBGU/Documents/seadroid/app/src/main/java/com/seafile/seadroid2/ui/sdoc/SDocViewModel.kt:102:52 Argument type mismatch: actual type is 'java.lang.Class<com.seafile.seadroid2.ui.sdoc.SDocService>', but 'java.lang.Class<T?>' was expected.
e: file:///Users/HONGBGU/Documents/seadroid/app/src/main/java/com/seafile/seadroid2/ui/sdoc/SDocViewModel.kt:103:29 Only safe (?.) or non-null asserted (!!.) calls are allowed on a nullable receiver of type 'com.seafile.seadroid2.ui.sdoc.SDocService?'.
e: file:///Users/HONGBGU/Documents/seadroid/app/src/main/java/com/seafile/seadroid2/ui/sdoc/SDocViewModel.kt:110:29 Only safe (?.) or non-null asserted (!!.) calls are allowed on a nullable receiver of type 'com.seafile.seadroid2.framework.http.HttpIO?'.
e: file:///Users/HONGBGU/Documents/seadroid/app/src/main/java/com/seafile/seadroid2/ui/sdoc/SDocViewModel.kt:110:52 Argument type mismatch: actual type is 'java.lang.Class<com.seafile.seadroid2.ui.sdoc.SDocService>', but 'java.lang.Class<T?>' was expected.
e: file:///Users/HONGBGU/Documents/seadroid/app/src/main/java/com/seafile/seadroid2/ui/sdoc/SDocViewModel.kt:110:76 Only safe (?.) or non-null asserted (!!.) calls are allowed on a nullable receiver of type 'com.seafile.seadroid2.ui.sdoc.SDocService?'.
e: file:///Users/HONGBGU/Documents/seadroid/app/src/main/java/com/seafile/seadroid2/ui/sdoc/SDocViewModel.kt:156:44 None of the following candidates is applicable:
@SinceKotlin(...) @InlineOnly() fun <V> KMutableProperty0<V>.setValue(thisRef: Any?, property: KProperty<*>, value: V): Unit
@SinceKotlin(...) @InlineOnly() fun <T, V> KMutableProperty1<T, V>.setValue(thisRef: T, property: KProperty<*>, value: V): Unit
@InlineOnly() fun <V> MutableMap<in String, in V>.setValue(thisRef: Any?, property: KProperty<*>, value: V): Unit
e: file:///Users/HONGBGU/Documents/seadroid/app/src/main/java/com/seafile/seadroid2/ui/sdoc/SDocViewModel.kt:161:44 None of the following candidates is applicable:
@SinceKotlin(...) @InlineOnly() fun <V> KMutableProperty0<V>.setValue(thisRef: Any?, property: KProperty<*>, value: V): Unit
@SinceKotlin(...) @InlineOnly() fun <T, V> KMutableProperty1<T, V>.setValue(thisRef: T, property: KProperty<*>, value: V): Unit
@InlineOnly() fun <V> MutableMap<in String, in V>.setValue(thisRef: Any?, property: KProperty<*>, value: V): Unit
e: file:///Users/HONGBGU/Documents/seadroid/app/src/main/java/com/seafile/seadroid2/ui/sdoc/SDocViewModel.kt:162:52 Unresolved reference 'parseByThrowable'.
e: file:///Users/HONGBGU/Documents/seadroid/app/src/main/java/com/seafile/seadroid2/ui/sdoc/SDocViewModel.kt:172:30 None of the following candidates is applicable:
@SinceKotlin(...) @InlineOnly() fun <V> KMutableProperty0<V>.setValue(thisRef: Any?, property: KProperty<*>, value: V): Unit
@SinceKotlin(...) @InlineOnly() fun <T, V> KMutableProperty1<T, V>.setValue(thisRef: T, property: KProperty<*>, value: V): Unit
@InlineOnly() fun <V> MutableMap<in String, in V>.setValue(thisRef: Any?, property: KProperty<*>, value: V): Unit
e: file:///Users/HONGBGU/Documents/seadroid/app/src/main/java/com/seafile/seadroid2/ui/sdoc/SDocViewModel.kt:176:13 'val' cannot be reassigned.
e: file:///Users/HONGBGU/Documents/seadroid/app/src/main/java/com/seafile/seadroid2/ui/sdoc/SDocViewModel.kt:179:81 Only safe (?.) or non-null asserted (!!.) calls are allowed on a nullable receiver of type 'com.seafile.seadroid2.account.SupportAccountManager?'.
e: file:///Users/HONGBGU/Documents/seadroid/app/src/main/java/com/seafile/seadroid2/ui/sdoc/SDocViewModel.kt:185:13 Initializer type mismatch: expected 'io.reactivex.Single<com.seafile.seadroid2.framework.model.sdoc.SDocOutlineWrapperModel?>', actual 'io.reactivex.Single<com.seafile.seadroid2.framework.model.sdoc.SDocOutlineWrapperModel?>?'.
e: file:///Users/HONGBGU/Documents/seadroid/app/src/main/java/com/seafile/seadroid2/ui/sdoc/SDocViewModel.kt:186:17 Only safe (?.) or non-null asserted (!!.) calls are allowed on a nullable receiver of type 'com.seafile.seadroid2.framework.http.HttpIO?'.
e: file:///Users/HONGBGU/Documents/seadroid/app/src/main/java/com/seafile/seadroid2/ui/sdoc/SDocViewModel.kt:186:47 Argument type mismatch: actual type is 'java.lang.Class<com.seafile.seadroid2.ui.sdoc.DocsCommentService>', but 'java.lang.Class<T?>' was expected.
e: file:///Users/HONGBGU/Documents/seadroid/app/src/main/java/com/seafile/seadroid2/ui/sdoc/SDocViewModel.kt:187:17 Only safe (?.) or non-null asserted (!!.) calls are allowed on a nullable receiver of type 'com.seafile.seadroid2.ui.sdoc.DocsCommentService?'.
e: file:///Users/HONGBGU/Documents/seadroid/app/src/main/java/com/seafile/seadroid2/ui/sdoc/SDocViewModel.kt:197:61 Class '<anonymous>' is not abstract and does not implement abstract member 'test'.
e: file:///Users/HONGBGU/Documents/seadroid/app/src/main/java/com/seafile/seadroid2/ui/sdoc/SDocViewModel.kt:198:25 'test' overrides nothing.
e: file:///Users/HONGBGU/Documents/seadroid/app/src/main/java/com/seafile/seadroid2/ui/sdoc/SDocViewModel.kt:212:47 Class '<anonymous>' is not abstract and does not implement abstract member 'apply'.
e: file:///Users/HONGBGU/Documents/seadroid/app/src/main/java/com/seafile/seadroid2/ui/sdoc/SDocViewModel.kt:214:25 'apply' overrides nothing.
e: file:///Users/HONGBGU/Documents/seadroid/app/src/main/java/com/seafile/seadroid2/ui/sdoc/SDocViewModel.kt:226:80 Only safe (?.) or non-null asserted (!!.) calls are allowed on a nullable receiver of type 'kotlin.String?'.
e: file:///Users/HONGBGU/Documents/seadroid/app/src/main/java/com/seafile/seadroid2/ui/sdoc/SDocViewModel.kt:236:38 None of the following candidates is applicable:
@SinceKotlin(...) @InlineOnly() fun <V> KMutableProperty0<V>.setValue(thisRef: Any?, property: KProperty<*>, value: V): Unit
@SinceKotlin(...) @InlineOnly() fun <T, V> KMutableProperty1<T, V>.setValue(thisRef: T, property: KProperty<*>, value: V): Unit
@InlineOnly() fun <V> MutableMap<in String, in V>.setValue(thisRef: Any?, property: KProperty<*>, value: V): Unit
e: file:///Users/HONGBGU/Documents/seadroid/app/src/main/java/com/seafile/seadroid2/ui/sdoc/SDocViewModel.kt:242:38 None of the following candidates is applicable:
@SinceKotlin(...) @InlineOnly() fun <V> KMutableProperty0<V>.setValue(thisRef: Any?, property: KProperty<*>, value: V): Unit
@SinceKotlin(...) @InlineOnly() fun <T, V> KMutableProperty1<T, V>.setValue(thisRef: T, property: KProperty<*>, value: V): Unit
@InlineOnly() fun <V> MutableMap<in String, in V>.setValue(thisRef: Any?, property: KProperty<*>, value: V): Unit
e: file:///Users/HONGBGU/Documents/seadroid/app/src/main/java/com/seafile/seadroid2/ui/sdoc/SDocWebViewActivity.kt:159:78 Only safe (?.) or non-null asserted (!!.) calls are allowed on a nullable receiver of type 'com.seafile.seadroid2.account.SupportAccountManager?'.
e: file:///Users/HONGBGU/Documents/seadroid/app/src/main/java/com/seafile/seadroid2/ui/sdoc/SDocWebViewActivity.kt:169:16 Only safe (?.) or non-null asserted (!!.) calls are allowed on a nullable receiver of type 'androidx.appcompat.widget.Toolbar?'.
e: file:///Users/HONGBGU/Documents/seadroid/app/src/main/java/com/seafile/seadroid2/ui/sdoc/SDocWebViewActivity.kt:228:61 Argument type mismatch: actual type is 'kotlin.String?', but 'kotlin.String' was expected.
e: file:///Users/HONGBGU/Documents/seadroid/app/src/main/java/com/seafile/seadroid2/ui/sdoc/SDocWebViewActivity.kt:253:17 Class '<anonymous>' is not abstract and does not implement abstract base class member 'onProgress'.
e: file:///Users/HONGBGU/Documents/seadroid/app/src/main/java/com/seafile/seadroid2/ui/sdoc/SDocWebViewActivity.kt:264:21 'onProgress' overrides nothing.
e: file:///Users/HONGBGU/Documents/seadroid/app/src/main/java/com/seafile/seadroid2/ui/sdoc/SDocWebViewActivity.kt:266:44 One type argument expected for interface 'MutableList'.
e: file:///Users/HONGBGU/Documents/seadroid/app/src/main/java/com/seafile/seadroid2/ui/sdoc/SDocWebViewActivity.kt:308:53 Unresolved reference 'observe'.
e: file:///Users/HONGBGU/Documents/seadroid/app/src/main/java/com/seafile/seadroid2/ui/sdoc/SDocWebViewActivity.kt:308:67 Class '<anonymous>' is not abstract and does not implement abstract member 'onChanged'.
e: file:///Users/HONGBGU/Documents/seadroid/app/src/main/java/com/seafile/seadroid2/ui/sdoc/SDocWebViewActivity.kt:309:13 'onChanged' overrides nothing.
e: file:///Users/HONGBGU/Documents/seadroid/app/src/main/java/com/seafile/seadroid2/ui/sdoc/SDocWebViewActivity.kt:505:56 Only safe (?.) or non-null asserted (!!.) calls are allowed on a nullable receiver of type 'kotlin.String?'.
e: file:///Users/HONGBGU/Documents/seadroid/app/src/main/java/com/seafile/seadroid2/ui/sdoc/SDocWebViewActivity.kt:550:65 Only safe (?.) or non-null asserted (!!.) calls are allowed on a nullable receiver of type 'kotlin.String?'.
e: file:///Users/HONGBGU/Documents/seadroid/app/src/main/java/com/seafile/seadroid2/ui/sdoc/SDocWebViewActivity.kt:578:65 Only safe (?.) or non-null asserted (!!.) calls are allowed on a nullable receiver of type 'kotlin.String?'.
e: file:///Users/HONGBGU/Documents/seadroid/app/src/main/java/com/seafile/seadroid2/ui/sdoc/SDocWebViewActivity.kt:589:56 Class '<anonymous>' is not abstract and does not implement abstract member 'onReceivedError'.
e: file:///Users/HONGBGU/Documents/seadroid/app/src/main/java/com/seafile/seadroid2/ui/sdoc/SDocWebViewActivity.kt:627:9 'onReceivedError' overrides nothing.
e: file:///Users/HONGBGU/Documents/seadroid/app/src/main/java/com/seafile/seadroid2/ui/sdoc/SDocWebViewActivity.kt:645:9 'onReceivedHttpError' overrides nothing.
e: file:///Users/HONGBGU/Documents/seadroid/app/src/main/java/com/seafile/seadroid2/ui/sdoc/SDocWebViewActivity.kt:712:57 Argument type mismatch: actual type is 'kotlin.String?', but 'kotlin.String' was expected.
e: file:///Users/HONGBGU/Documents/seadroid/app/src/main/java/com/seafile/seadroid2/ui/sdoc/outline/SDocOutlineAdapter.kt:13:1 Class 'SDocOutlineAdapter' is not abstract and does not implement abstract base class member 'onBindViewHolder'.
e: file:///Users/HONGBGU/Documents/seadroid/app/src/main/java/com/seafile/seadroid2/ui/sdoc/outline/SDocOutlineAdapter.kt:25:5 'onBindViewHolder' overrides nothing.
e: file:///Users/HONGBGU/Documents/seadroid/app/src/main/java/com/seafile/seadroid2/ui/sdoc/outline/SDocOutlineDialog.kt:75:47 Type argument is not within its bounds: should be subtype of 'kotlin.Any'.
e: file:///Users/HONGBGU/Documents/seadroid/app/src/main/java/com/seafile/seadroid2/ui/sdoc/outline/SDocOutlineDialog.kt:77:56 Type argument is not within its bounds: should be subtype of 'kotlin.Any'.
e: file:///Users/HONGBGU/Documents/seadroid/app/src/main/java/com/seafile/seadroid2/ui/sdoc/outline/SDocOutlineDialog.kt:104:57 Class '<anonymous>' is not abstract and does not implement abstract member 'test'.
e: file:///Users/HONGBGU/Documents/seadroid/app/src/main/java/com/seafile/seadroid2/ui/sdoc/outline/SDocOutlineDialog.kt:105:13 'test' overrides nothing.
e: file:///Users/HONGBGU/Documents/seadroid/app/src/main/java/com/seafile/seadroid2/ui/sdoc/outline/SDocOutlineDialog.kt:116:35 Class '<anonymous>' is not abstract and does not implement abstract member 'apply'.
e: file:///Users/HONGBGU/Documents/seadroid/app/src/main/java/com/seafile/seadroid2/ui/sdoc/outline/SDocOutlineDialog.kt:117:13 'apply' overrides nothing.
e: file:///Users/HONGBGU/Documents/seadroid/app/src/main/java/com/seafile/seadroid2/ui/sdoc/outline/SDocOutlineDialog.kt:129:68 Only safe (?.) or non-null asserted (!!.) calls are allowed on a nullable receiver of type 'kotlin.String?'.
e: file:///Users/HONGBGU/Documents/seadroid/app/src/main/java/com/seafile/seadroid2/ui/sdoc/outline/SDocOutlineRemoteDialog.kt:35:45 None of the following candidates is applicable:
@MainThread() fun <T : ViewModel> get(modelClass: Class<T>): T
@MainThread() fun <T : ViewModel> get(modelClass: KClass<T>): T
e: file:///Users/HONGBGU/Documents/seadroid/app/src/main/java/com/seafile/seadroid2/ui/sdoc/outline/SDocOutlineRemoteDialog.kt:62:50 Type argument is not within its bounds: should be subtype of 'kotlin.Any'.
e: file:///Users/HONGBGU/Documents/seadroid/app/src/main/java/com/seafile/seadroid2/ui/sdoc/outline/SDocOutlineRemoteDialog.kt:64:52 Type argument is not within its bounds: should be subtype of 'kotlin.Any'.
e: file:///Users/HONGBGU/Documents/seadroid/app/src/main/java/com/seafile/seadroid2/ui/sdoc/outline/SDocOutlineRemoteDialog.kt:92:38 Argument type mismatch: actual type is 'com.seafile.seadroid2.framework.model.sdoc.SDocPageOptionsModel?', but 'com.seafile.seadroid2.framework.model.sdoc.SDocPageOptionsModel' was expected.
e: file:///Users/HONGBGU/Documents/seadroid/app/src/main/java/com/seafile/seadroid2/ui/selector/FolderSelectorActivity.kt:74:38 Only safe (?.) or non-null asserted (!!.) calls are allowed on a nullable receiver of type 'com.jeremyliao.liveeventbus.core.Observable<kotlin.String?>?'.
e: file:///Users/HONGBGU/Documents/seadroid/app/src/main/java/com/seafile/seadroid2/ui/selector/FolderSelectorActivity.kt:98:38 Only safe (?.) or non-null asserted (!!.) calls are allowed on a nullable receiver of type 'com.jeremyliao.liveeventbus.core.Observable<kotlin.String?>?'.
e: file:///Users/HONGBGU/Documents/seadroid/app/src/main/java/com/seafile/seadroid2/ui/selector/FolderSelectorActivity.kt:163:47 Unresolved reference 'observe'.
e: file:///Users/HONGBGU/Documents/seadroid/app/src/main/java/com/seafile/seadroid2/ui/selector/FolderSelectorActivity.kt:187:22 Assignment type mismatch: actual type is 'kotlin.collections.MutableList<com.seafile.seadroid2.framework.model.StorageInfo?>', but 'kotlin.collections.MutableList<com.seafile.seadroid2.framework.model.StorageInfo>?' was expected.
e: file:///Users/HONGBGU/Documents/seadroid/app/src/main/java/com/seafile/seadroid2/ui/selector/FolderSelectorActivity.kt:217:50 Interface 'interface OnItemClickListener<T> : Any' does not have constructors.
e: file:///Users/HONGBGU/Documents/seadroid/app/src/main/java/com/seafile/seadroid2/ui/selector/FolderSelectorActivity.kt:219:17 'return' is prohibited here.
e: file:///Users/HONGBGU/Documents/seadroid/app/src/main/java/com/seafile/seadroid2/ui/selector/FolderSelectorActivity.kt:238:56 Interface 'interface OnFileItemChangeListener : Any' does not have constructors.
e: file:///Users/HONGBGU/Documents/seadroid/app/src/main/java/com/seafile/seadroid2/ui/selector/FolderSelectorActivity.kt:246:51 Argument type mismatch: actual type is 'com.chad.library.adapter4.BaseQuickAdapter.OnItemClickListener<T>', but 'com.chad.library.adapter4.BaseQuickAdapter.OnItemClickListener<com.seafile.seadroid2.ui.selector.folder_selector.FileBean?>?' was expected.
e: file:///Users/HONGBGU/Documents/seadroid/app/src/main/java/com/seafile/seadroid2/ui/selector/FolderSelectorActivity.kt:246:88 Argument type mismatch: actual type is 'kotlin.Function3<com.chad.library.adapter4.BaseQuickAdapter<com.seafile.seadroid2.ui.selector.folder_selector.FileBean?, *>?, android.view.View?, kotlin.Int, kotlin.Unit>', but 'kotlin.Function3<com.chad.library.adapter4.BaseQuickAdapter<T, *>, android.view.View, kotlin.Int, kotlin.Unit>' was expected.
e: file:///Users/HONGBGU/Documents/seadroid/app/src/main/java/com/seafile/seadroid2/ui/selector/FolderSelectorActivity.kt:246:125 Type argument is not within its bounds: should be subtype of 'kotlin.Any'.
e: file:///Users/HONGBGU/Documents/seadroid/app/src/main/java/com/seafile/seadroid2/ui/selector/FolderSelectorActivity.kt:249:22 Only safe (?.) or non-null asserted (!!.) calls are allowed on a nullable receiver of type 'com.seafile.seadroid2.ui.selector.folder_selector.FileBean?'.
e: file:///Users/HONGBGU/Documents/seadroid/app/src/main/java/com/seafile/seadroid2/ui/selector/FolderSelectorActivity.kt:251:17 'return' is prohibited here.
e: file:///Users/HONGBGU/Documents/seadroid/app/src/main/java/com/seafile/seadroid2/ui/selector/FolderSelectorActivity.kt:254:32 Only safe (?.) or non-null asserted (!!.) calls are allowed on a nullable receiver of type 'com.seafile.seadroid2.ui.selector.folder_selector.FileBean?'.
e: file:///Users/HONGBGU/Documents/seadroid/app/src/main/java/com/seafile/seadroid2/ui/selector/FolderSelectorActivity.kt:256:50 Only safe (?.) or non-null asserted (!!.) calls are allowed on a nullable receiver of type 'com.seafile.seadroid2.ui.selector.folder_selector.FileBean?'.
e: file:///Users/HONGBGU/Documents/seadroid/app/src/main/java/com/seafile/seadroid2/ui/selector/FolderSelectorActivity.kt:256:70 Only safe (?.) or non-null asserted (!!.) calls are allowed on a nullable receiver of type 'com.seafile.seadroid2.ui.selector.folder_selector.FileBean?'.
e: file:///Users/HONGBGU/Documents/seadroid/app/src/main/java/com/seafile/seadroid2/ui/selector/FolderSelectorActivity.kt:330:20 Only safe (?.) or non-null asserted (!!.) calls are allowed on a nullable receiver of type 'android.widget.TextView?'.
e: file:///Users/HONGBGU/Documents/seadroid/app/src/main/java/com/seafile/seadroid2/ui/selector/FolderSelectorActivity.kt:339:58 Argument type mismatch: actual type is 'kotlin.collections.MutableList<kotlin.String?>?', but 'kotlin.collections.MutableList<kotlin.String>?' was expected.
e: file:///Users/HONGBGU/Documents/seadroid/app/src/main/java/com/seafile/seadroid2/ui/selector/FolderSelectorActivity.kt:397:44 Only safe (?.) or non-null asserted (!!.) calls are allowed on a nullable receiver of type 'kotlin.String?'.
e: file:///Users/HONGBGU/Documents/seadroid/app/src/main/java/com/seafile/seadroid2/ui/selector/FolderSelectorActivity.kt:397:73 Only safe (?.) or non-null asserted (!!.) calls are allowed on a nullable receiver of type 'kotlin.String?'.
e: file:///Users/HONGBGU/Documents/seadroid/app/src/main/java/com/seafile/seadroid2/ui/selector/FolderSelectorActivity.kt:403:33 Argument type mismatch: actual type is 'kotlin.collections.MutableList<com.seafile.seadroid2.ui.selector.folder_selector.TabVolumeBean?>', but 'kotlin.collections.Collection<com.seafile.seadroid2.ui.selector.folder_selector.TabVolumeBean>' was expected.
e: file:///Users/HONGBGU/Documents/seadroid/app/src/main/java/com/seafile/seadroid2/ui/selector/ObjSelectorActivity.kt:84:73 Only safe (?.) or non-null asserted (!!.) calls are allowed on a nullable receiver of type 'com.seafile.seadroid2.account.SupportAccountManager?'.
e: file:///Users/HONGBGU/Documents/seadroid/app/src/main/java/com/seafile/seadroid2/ui/selector/ObjSelectorActivity.kt:97:16 Only safe (?.) or non-null asserted (!!.) calls are allowed on a nullable receiver of type 'androidx.appcompat.widget.Toolbar?'.
e: file:///Users/HONGBGU/Documents/seadroid/app/src/main/java/com/seafile/seadroid2/ui/selector/ObjSelectorActivity.kt:168:77 Only safe (?.) or non-null asserted (!!.) calls are allowed on a nullable receiver of type 'com.seafile.seadroid2.account.SupportAccountManager?'.
e: file:///Users/HONGBGU/Documents/seadroid/app/src/main/java/com/seafile/seadroid2/ui/selector/ObjSelectorActivity.kt:226:47 Unresolved reference 'observe'.
e: file:///Users/HONGBGU/Documents/seadroid/app/src/main/java/com/seafile/seadroid2/ui/selector/ObjSelectorActivity.kt:226:61 Class '<anonymous>' is not abstract and does not implement abstract member 'onChanged'.
e: file:///Users/HONGBGU/Documents/seadroid/app/src/main/java/com/seafile/seadroid2/ui/selector/ObjSelectorActivity.kt:227:13 'onChanged' overrides nothing.
e: file:///Users/HONGBGU/Documents/seadroid/app/src/main/java/com/seafile/seadroid2/ui/selector/ObjSelectorActivity.kt:245:19 Unresolved reference 'setOnItemClickListener'.
e: file:///Users/HONGBGU/Documents/seadroid/app/src/main/java/com/seafile/seadroid2/ui/selector/ObjSelectorActivity.kt:245:79 Argument type mismatch: actual type is 'kotlin.Function3<com.chad.library.adapter4.BaseQuickAdapter<com.seafile.seadroid2.framework.model.BaseModel?, *>?, android.view.View?, kotlin.Int, kotlin.Unit>', but 'kotlin.Function3<com.chad.library.adapter4.BaseQuickAdapter<T, *>, android.view.View, kotlin.Int, kotlin.Unit>' was expected.
e: file:///Users/HONGBGU/Documents/seadroid/app/src/main/java/com/seafile/seadroid2/ui/selector/ObjSelectorActivity.kt:245:116 Type argument is not within its bounds: should be subtype of 'kotlin.Any'.
e: file:///Users/HONGBGU/Documents/seadroid/app/src/main/java/com/seafile/seadroid2/ui/selector/ObjSelectorActivity.kt:246:39 Unresolved reference 'items'.
e: file:///Users/HONGBGU/Documents/seadroid/app/src/main/java/com/seafile/seadroid2/ui/selector/ObjSelectorActivity.kt:250:49 Argument type mismatch: actual type is 'com.seafile.seadroid2.ui.repo.RepoQuickAdapter', but 'com.chad.library.adapter4.BaseQuickAdapter<*, *>' was expected.
e: file:///Users/HONGBGU/Documents/seadroid/app/src/main/java/com/seafile/seadroid2/ui/selector/ObjSelectorActivity.kt:277:44 Unresolved reference 'items'.
e: file:///Users/HONGBGU/Documents/seadroid/app/src/main/java/com/seafile/seadroid2/ui/selector/ObjSelectorActivity.kt:277:64 Unresolved reference 'is_checked'.
e: file:///Users/HONGBGU/Documents/seadroid/app/src/main/java/com/seafile/seadroid2/ui/selector/ObjSelectorActivity.kt:372:13 Argument type mismatch: actual type is 'kotlin.String?', but 'kotlin.String' was expected.
e: file:///Users/HONGBGU/Documents/seadroid/app/src/main/java/com/seafile/seadroid2/ui/selector/ObjSelectorActivity.kt:374:13 Class '<anonymous>' is not abstract and does not implement abstract member 'accept'.
e: file:///Users/HONGBGU/Documents/seadroid/app/src/main/java/com/seafile/seadroid2/ui/selector/ObjSelectorActivity.kt:376:17 'accept' overrides nothing.
e: file:///Users/HONGBGU/Documents/seadroid/app/src/main/java/com/seafile/seadroid2/ui/selector/ObjSelectorActivity.kt:450:47 Argument type mismatch: actual type is 'com.seafile.seadroid2.account.Account?', but 'com.seafile.seadroid2.account.Account' was expected.
e: file:///Users/HONGBGU/Documents/seadroid/app/src/main/java/com/seafile/seadroid2/ui/selector/ObjSelectorActivity.kt:455:49 Argument type mismatch: actual type is 'com.seafile.seadroid2.account.Account?', but 'com.seafile.seadroid2.account.Account' was expected.
e: file:///Users/HONGBGU/Documents/seadroid/app/src/main/java/com/seafile/seadroid2/ui/selector/ObjSelectorActivity.kt:470:19 Unresolved reference 'submitList'.
e: file:///Users/HONGBGU/Documents/seadroid/app/src/main/java/com/seafile/seadroid2/ui/selector/ObjSelectorActivity.kt:472:16 Only safe (?.) or non-null asserted (!!.) calls are allowed on a nullable receiver of type 'android.widget.TextView?'.
e: file:///Users/HONGBGU/Documents/seadroid/app/src/main/java/com/seafile/seadroid2/ui/selector/ObjSelectorActivity.kt:473:19 Unresolved reference 'stateView'.
e: file:///Users/HONGBGU/Documents/seadroid/app/src/main/java/com/seafile/seadroid2/ui/selector/ObjSelectorActivity.kt:474:19 Unresolved reference 'isStateViewEnable'.
e: file:///Users/HONGBGU/Documents/seadroid/app/src/main/java/com/seafile/seadroid2/ui/selector/ObjSelectorActivity.kt:478:9 'when' expression must be exhaustive. Add the 'NOT_SELECTABLE' branch or an 'else' branch.
e: file:///Users/HONGBGU/Documents/seadroid/app/src/main/java/com/seafile/seadroid2/ui/selector/ObjSelectorActivity.kt:515:62 Only safe (?.) or non-null asserted (!!.) calls are allowed on a nullable receiver of type 'com.seafile.seadroid2.account.SupportAccountManager?'.
e: file:///Users/HONGBGU/Documents/seadroid/app/src/main/java/com/seafile/seadroid2/ui/selector/ObjSelectorActivity.kt:529:62 Only safe (?.) or non-null asserted (!!.) calls are allowed on a nullable receiver of type 'com.seafile.seadroid2.account.SupportAccountManager?'.
e: file:///Users/HONGBGU/Documents/seadroid/app/src/main/java/com/seafile/seadroid2/ui/selector/ObjSelectorViewModel.kt:39:13 Initializer type mismatch: expected 'io.reactivex.Single<kotlin.collections.MutableList<com.seafile.seadroid2.framework.db.entities.EncKeyCacheEntity?>?>', actual 'io.reactivex.Single<kotlin.collections.MutableList<com.seafile.seadroid2.framework.db.entities.EncKeyCacheEntity?>?>?'.
e: file:///Users/HONGBGU/Documents/seadroid/app/src/main/java/com/seafile/seadroid2/ui/selector/ObjSelectorViewModel.kt:39:48 Only safe (?.) or non-null asserted (!!.) calls are allowed on a nullable receiver of type 'com.seafile.seadroid2.framework.db.AppDatabase?'.
e: file:///Users/HONGBGU/Documents/seadroid/app/src/main/java/com/seafile/seadroid2/ui/selector/ObjSelectorViewModel.kt:39:65 Only safe (?.) or non-null asserted (!!.) calls are allowed on a nullable receiver of type 'com.seafile.seadroid2.framework.db.dao.EncKeyCacheDAO?'.
e: file:///Users/HONGBGU/Documents/seadroid/app/src/main/java/com/seafile/seadroid2/ui/selector/ObjSelectorViewModel.kt:56:58 Only safe (?.) or non-null asserted (!!.) calls are allowed on a nullable receiver of type 'com.seafile.seadroid2.account.SupportAccountManager?'.
e: file:///Users/HONGBGU/Documents/seadroid/app/src/main/java/com/seafile/seadroid2/ui/selector/ObjSelectorViewModel.kt:67:30 None of the following candidates is applicable:
@SinceKotlin(...) @InlineOnly() fun <V> KMutableProperty0<V>.setValue(thisRef: Any?, property: KProperty<*>, value: V): Unit
@SinceKotlin(...) @InlineOnly() fun <T, V> KMutableProperty1<T, V>.setValue(thisRef: T, property: KProperty<*>, value: V): Unit
@InlineOnly() fun <V> MutableMap<in String, in V>.setValue(thisRef: Any?, property: KProperty<*>, value: V): Unit
e: file:///Users/HONGBGU/Documents/seadroid/app/src/main/java/com/seafile/seadroid2/ui/selector/ObjSelectorViewModel.kt:78:30 None of the following candidates is applicable:
@SinceKotlin(...) @InlineOnly() fun <V> KMutableProperty0<V>.setValue(thisRef: Any?, property: KProperty<*>, value: V): Unit
@SinceKotlin(...) @InlineOnly() fun <T, V> KMutableProperty1<T, V>.setValue(thisRef: T, property: KProperty<*>, value: V): Unit
@InlineOnly() fun <V> MutableMap<in String, in V>.setValue(thisRef: Any?, property: KProperty<*>, value: V): Unit
e: file:///Users/HONGBGU/Documents/seadroid/app/src/main/java/com/seafile/seadroid2/ui/selector/ObjSelectorViewModel.kt:80:49 Initializer type mismatch: expected 'io.reactivex.Single<com.seafile.seadroid2.framework.model.repo.RepoWrapperModel?>', actual 'io.reactivex.Single<com.seafile.seadroid2.framework.model.repo.RepoWrapperModel?>?'.
e: file:///Users/HONGBGU/Documents/seadroid/app/src/main/java/com/seafile/seadroid2/ui/selector/ObjSelectorViewModel.kt:81:13 Only safe (?.) or non-null asserted (!!.) calls are allowed on a nullable receiver of type 'com.seafile.seadroid2.framework.http.HttpIO?'.
e: file:///Users/HONGBGU/Documents/seadroid/app/src/main/java/com/seafile/seadroid2/ui/selector/ObjSelectorViewModel.kt:81:36 Argument type mismatch: actual type is 'java.lang.Class<com.seafile.seadroid2.ui.repo.RepoService>', but 'java.lang.Class<T?>' was expected.
e: file:///Users/HONGBGU/Documents/seadroid/app/src/main/java/com/seafile/seadroid2/ui/selector/ObjSelectorViewModel.kt:81:60 Only safe (?.) or non-null asserted (!!.) calls are allowed on a nullable receiver of type 'com.seafile.seadroid2.ui.repo.RepoService?'.
e: file:///Users/HONGBGU/Documents/seadroid/app/src/main/java/com/seafile/seadroid2/ui/selector/ObjSelectorViewModel.kt:87:42 None of the following candidates is applicable:
@SinceKotlin(...) @InlineOnly() fun <V> KMutableProperty0<V>.setValue(thisRef: Any?, property: KProperty<*>, value: V): Unit
@SinceKotlin(...) @InlineOnly() fun <T, V> KMutableProperty1<T, V>.setValue(thisRef: T, property: KProperty<*>, value: V): Unit
@InlineOnly() fun <V> MutableMap<in String, in V>.setValue(thisRef: Any?, property: KProperty<*>, value: V): Unit
e: file:///Users/HONGBGU/Documents/seadroid/app/src/main/java/com/seafile/seadroid2/ui/selector/ObjSelectorViewModel.kt:103:38 None of the following candidates is applicable:
@SinceKotlin(...) @InlineOnly() fun <V> KMutableProperty0<V>.setValue(thisRef: Any?, property: KProperty<*>, value: V): Unit
@SinceKotlin(...) @InlineOnly() fun <T, V> KMutableProperty1<T, V>.setValue(thisRef: T, property: KProperty<*>, value: V): Unit
@InlineOnly() fun <V> MutableMap<in String, in V>.setValue(thisRef: Any?, property: KProperty<*>, value: V): Unit
e: file:///Users/HONGBGU/Documents/seadroid/app/src/main/java/com/seafile/seadroid2/ui/selector/ObjSelectorViewModel.kt:105:12 Class '<anonymous>' is not abstract and does not implement abstract member 'accept'.
e: file:///Users/HONGBGU/Documents/seadroid/app/src/main/java/com/seafile/seadroid2/ui/selector/ObjSelectorViewModel.kt:107:13 'accept' overrides nothing.
e: file:///Users/HONGBGU/Documents/seadroid/app/src/main/java/com/seafile/seadroid2/ui/selector/ObjSelectorViewModel.kt:114:30 None of the following candidates is applicable:
@SinceKotlin(...) @InlineOnly() fun <V> KMutableProperty0<V>.setValue(thisRef: Any?, property: KProperty<*>, value: V): Unit
@SinceKotlin(...) @InlineOnly() fun <T, V> KMutableProperty1<T, V>.setValue(thisRef: T, property: KProperty<*>, value: V): Unit
@InlineOnly() fun <V> MutableMap<in String, in V>.setValue(thisRef: Any?, property: KProperty<*>, value: V): Unit
e: file:///Users/HONGBGU/Documents/seadroid/app/src/main/java/com/seafile/seadroid2/ui/selector/ObjSelectorViewModel.kt:119:54 Initializer type mismatch: expected 'io.reactivex.Single<com.seafile.seadroid2.framework.model.repo.DirentWrapperModel?>', actual 'io.reactivex.Single<com.seafile.seadroid2.framework.model.repo.DirentWrapperModel?>?'.
e: file:///Users/HONGBGU/Documents/seadroid/app/src/main/java/com/seafile/seadroid2/ui/selector/ObjSelectorViewModel.kt:120:13 Only safe (?.) or non-null asserted (!!.) calls are allowed on a nullable receiver of type 'com.seafile.seadroid2.framework.http.HttpIO?'.
e: file:///Users/HONGBGU/Documents/seadroid/app/src/main/java/com/seafile/seadroid2/ui/selector/ObjSelectorViewModel.kt:120:36 Argument type mismatch: actual type is 'java.lang.Class<com.seafile.seadroid2.ui.repo.RepoService>', but 'java.lang.Class<T?>' was expected.
e: file:///Users/HONGBGU/Documents/seadroid/app/src/main/java/com/seafile/seadroid2/ui/selector/ObjSelectorViewModel.kt:120:60 Only safe (?.) or non-null asserted (!!.) calls are allowed on a nullable receiver of type 'com.seafile.seadroid2.ui.repo.RepoService?'.
e: file:///Users/HONGBGU/Documents/seadroid/app/src/main/java/com/seafile/seadroid2/ui/selector/ObjSelectorViewModel.kt:121:41 Class '<anonymous>' is not abstract and does not implement abstract member 'accept'.
e: file:///Users/HONGBGU/Documents/seadroid/app/src/main/java/com/seafile/seadroid2/ui/selector/ObjSelectorViewModel.kt:123:13 'accept' overrides nothing.
e: file:///Users/HONGBGU/Documents/seadroid/app/src/main/java/com/seafile/seadroid2/ui/selector/ObjSelectorViewModel.kt:135:46 Unresolved reference 'item_position'.
e: file:///Users/HONGBGU/Documents/seadroid/app/src/main/java/com/seafile/seadroid2/ui/selector/ObjSelectorViewModel.kt:137:46 Unresolved reference 'item_position'.
e: file:///Users/HONGBGU/Documents/seadroid/app/src/main/java/com/seafile/seadroid2/ui/selector/ObjSelectorViewModel.kt:138:69 Unresolved reference 'item_position'.
e: file:///Users/HONGBGU/Documents/seadroid/app/src/main/java/com/seafile/seadroid2/ui/selector/ObjSelectorViewModel.kt:142:48 None of the following candidates is applicable:
constructor<E>(p0: Int): ArrayList<E>
constructor<E>(@RecentlyNonNull() p0: (MutableCollection<out E!>..Collection<out E!>?)): ArrayList<E>
e: file:///Users/HONGBGU/Documents/seadroid/app/src/main/java/com/seafile/seadroid2/ui/selector/ObjSelectorViewModel.kt:143:38 None of the following candidates is applicable:
@SinceKotlin(...) @InlineOnly() fun <V> KMutableProperty0<V>.setValue(thisRef: Any?, property: KProperty<*>, value: V): Unit
@SinceKotlin(...) @InlineOnly() fun <T, V> KMutableProperty1<T, V>.setValue(thisRef: T, property: KProperty<*>, value: V): Unit
@InlineOnly() fun <V> MutableMap<in String, in V>.setValue(thisRef: Any?, property: KProperty<*>, value: V): Unit
e: file:///Users/HONGBGU/Documents/seadroid/app/src/main/java/com/seafile/seadroid2/ui/selector/ObjSelectorViewModel.kt:147:38 None of the following candidates is applicable:
@SinceKotlin(...) @InlineOnly() fun <V> KMutableProperty0<V>.setValue(thisRef: Any?, property: KProperty<*>, value: V): Unit
@SinceKotlin(...) @InlineOnly() fun <T, V> KMutableProperty1<T, V>.setValue(thisRef: T, property: KProperty<*>, value: V): Unit
@InlineOnly() fun <V> MutableMap<in String, in V>.setValue(thisRef: Any?, property: KProperty<*>, value: V): Unit
e: file:///Users/HONGBGU/Documents/seadroid/app/src/main/java/com/seafile/seadroid2/ui/selector/ObjSelectorViewModel.kt:148:40 None of the following candidates is applicable:
@SinceKotlin(...) @InlineOnly() fun <V> KMutableProperty0<V>.setValue(thisRef: Any?, property: KProperty<*>, value: V): Unit
@SinceKotlin(...) @InlineOnly() fun <T, V> KMutableProperty1<T, V>.setValue(thisRef: T, property: KProperty<*>, value: V): Unit
@InlineOnly() fun <V> MutableMap<in String, in V>.setValue(thisRef: Any?, property: KProperty<*>, value: V): Unit
e: file:///Users/HONGBGU/Documents/seadroid/app/src/main/java/com/seafile/seadroid2/ui/selector/ObjSelectorViewModel.kt:163:13 Initializer type mismatch: expected 'io.reactivex.Single<kotlin.collections.MutableList<com.seafile.seadroid2.framework.db.entities.PermissionEntity?>?>', actual 'io.reactivex.Single<kotlin.collections.MutableList<com.seafile.seadroid2.framework.db.entities.PermissionEntity?>?>?'.
e: file:///Users/HONGBGU/Documents/seadroid/app/src/main/java/com/seafile/seadroid2/ui/selector/ObjSelectorViewModel.kt:163:48 Only safe (?.) or non-null asserted (!!.) calls are allowed on a nullable receiver of type 'com.seafile.seadroid2.framework.db.AppDatabase?'.
e: file:///Users/HONGBGU/Documents/seadroid/app/src/main/java/com/seafile/seadroid2/ui/selector/ObjSelectorViewModel.kt:163:64 Only safe (?.) or non-null asserted (!!.) calls are allowed on a nullable receiver of type 'com.seafile.seadroid2.framework.db.dao.PermissionDAO?'.
e: file:///Users/HONGBGU/Documents/seadroid/app/src/main/java/com/seafile/seadroid2/ui/selector/ObjSelectorViewModel.kt:164:52 Class '<anonymous>' is not abstract and does not implement abstract member 'apply'.
e: file:///Users/HONGBGU/Documents/seadroid/app/src/main/java/com/seafile/seadroid2/ui/selector/ObjSelectorViewModel.kt:167:13 'apply' overrides nothing.
e: file:///Users/HONGBGU/Documents/seadroid/app/src/main/java/com/seafile/seadroid2/ui/selector/ObjSelectorViewModel.kt:183:53 Class '<anonymous>' is not abstract and does not implement abstract member 'apply'.
e: file:///Users/HONGBGU/Documents/seadroid/app/src/main/java/com/seafile/seadroid2/ui/selector/ObjSelectorViewModel.kt:186:21 'apply' overrides nothing.
e: file:///Users/HONGBGU/Documents/seadroid/app/src/main/java/com/seafile/seadroid2/ui/selector/ObjSelectorViewModel.kt:213:13 Initializer type mismatch: expected 'io.reactivex.Single<com.seafile.seadroid2.framework.model.permission.PermissionWrapperModel?>', actual 'io.reactivex.Single<com.seafile.seadroid2.framework.model.permission.PermissionWrapperModel?>?'.
e: file:///Users/HONGBGU/Documents/seadroid/app/src/main/java/com/seafile/seadroid2/ui/selector/ObjSelectorViewModel.kt:213:50 Only safe (?.) or non-null asserted (!!.) calls are allowed on a nullable receiver of type 'com.seafile.seadroid2.framework.http.HttpIO?'.
e: file:///Users/HONGBGU/Documents/seadroid/app/src/main/java/com/seafile/seadroid2/ui/selector/ObjSelectorViewModel.kt:213:73 Argument type mismatch: actual type is 'java.lang.Class<com.seafile.seadroid2.ui.repo.RepoService>', but 'java.lang.Class<T?>' was expected.
e: file:///Users/HONGBGU/Documents/seadroid/app/src/main/java/com/seafile/seadroid2/ui/selector/ObjSelectorViewModel.kt:214:17 Only safe (?.) or non-null asserted (!!.) calls are allowed on a nullable receiver of type 'com.seafile.seadroid2.ui.repo.RepoService?'.
e: file:///Users/HONGBGU/Documents/seadroid/app/src/main/java/com/seafile/seadroid2/ui/selector/ObjSelectorViewModel.kt:215:50 Class '<anonymous>' is not abstract and does not implement abstract member 'apply'.
e: file:///Users/HONGBGU/Documents/seadroid/app/src/main/java/com/seafile/seadroid2/ui/selector/ObjSelectorViewModel.kt:218:13 'apply' overrides nothing.
e: file:///Users/HONGBGU/Documents/seadroid/app/src/main/java/com/seafile/seadroid2/ui/selector/ObjSelectorViewModel.kt:224:52 Only safe (?.) or non-null asserted (!!.) calls are allowed on a nullable receiver of type 'com.seafile.seadroid2.framework.db.AppDatabase?'.
e: file:///Users/HONGBGU/Documents/seadroid/app/src/main/java/com/seafile/seadroid2/ui/selector/ObjSelectorViewModel.kt:224:68 Only safe (?.) or non-null asserted (!!.) calls are allowed on a nullable receiver of type 'com.seafile.seadroid2.framework.db.dao.PermissionDAO?'.
e: file:///Users/HONGBGU/Documents/seadroid/app/src/main/java/com/seafile/seadroid2/ui/selector/RepoSelectorFragment.kt:40:65 Only safe (?.) or non-null asserted (!!.) calls are allowed on a nullable receiver of type 'com.seafile.seadroid2.account.SupportAccountManager?'.
e: file:///Users/HONGBGU/Documents/seadroid/app/src/main/java/com/seafile/seadroid2/ui/selector/RepoSelectorFragment.kt:72:14 Unresolved reference 'observe'.
e: file:///Users/HONGBGU/Documents/seadroid/app/src/main/java/com/seafile/seadroid2/ui/selector/RepoSelectorFragment.kt:72:47 Class '<anonymous>' is not abstract and does not implement abstract member 'onChanged'.
e: file:///Users/HONGBGU/Documents/seadroid/app/src/main/java/com/seafile/seadroid2/ui/selector/RepoSelectorFragment.kt:73:17 'onChanged' overrides nothing.
e: file:///Users/HONGBGU/Documents/seadroid/app/src/main/java/com/seafile/seadroid2/ui/selector/RepoSelectorFragment.kt:92:16 Only safe (?.) or non-null asserted (!!.) calls are allowed on a nullable receiver of type 'android.widget.TextView?'.
e: file:///Users/HONGBGU/Documents/seadroid/app/src/main/java/com/seafile/seadroid2/ui/selector/RepoSelectorFragment.kt:94:19 Unresolved reference 'stateView'.
e: file:///Users/HONGBGU/Documents/seadroid/app/src/main/java/com/seafile/seadroid2/ui/selector/RepoSelectorFragment.kt:95:19 Unresolved reference 'isStateViewEnable'.
e: file:///Users/HONGBGU/Documents/seadroid/app/src/main/java/com/seafile/seadroid2/ui/selector/RepoSelectorFragment.kt:97:19 Unresolved reference 'setOnItemClickListener'.
e: file:///Users/HONGBGU/Documents/seadroid/app/src/main/java/com/seafile/seadroid2/ui/selector/RepoSelectorFragment.kt:97:79 Argument type mismatch: actual type is 'kotlin.Function3<com.chad.library.adapter4.BaseQuickAdapter<com.seafile.seadroid2.framework.model.BaseModel?, *>?, android.view.View?, kotlin.Int, kotlin.Unit>', but 'kotlin.Function3<com.chad.library.adapter4.BaseQuickAdapter<T, *>, android.view.View, kotlin.Int, kotlin.Unit>' was expected.
e: file:///Users/HONGBGU/Documents/seadroid/app/src/main/java/com/seafile/seadroid2/ui/selector/RepoSelectorFragment.kt:97:116 Type argument is not within its bounds: should be subtype of 'kotlin.Any'.
e: file:///Users/HONGBGU/Documents/seadroid/app/src/main/java/com/seafile/seadroid2/ui/selector/RepoSelectorFragment.kt:98:39 Unresolved reference 'items'.
e: file:///Users/HONGBGU/Documents/seadroid/app/src/main/java/com/seafile/seadroid2/ui/selector/RepoSelectorFragment.kt:102:49 Argument type mismatch: actual type is 'com.seafile.seadroid2.ui.repo.RepoQuickAdapter', but 'com.chad.library.adapter4.BaseQuickAdapter<*, *>' was expected.
e: file:///Users/HONGBGU/Documents/seadroid/app/src/main/java/com/seafile/seadroid2/ui/selector/RepoSelectorFragment.kt:108:23 Unresolved reference 'isStateViewEnable'.
e: file:///Users/HONGBGU/Documents/seadroid/app/src/main/java/com/seafile/seadroid2/ui/selector/RepoSelectorFragment.kt:109:23 Unresolved reference 'submitList'.
e: file:///Users/HONGBGU/Documents/seadroid/app/src/main/java/com/seafile/seadroid2/ui/selector/RepoSelectorFragment.kt:124:43 Argument type mismatch: actual type is 'com.seafile.seadroid2.account.Account?', but 'com.seafile.seadroid2.account.Account' was expected.
e: file:///Users/HONGBGU/Documents/seadroid/app/src/main/java/com/seafile/seadroid2/ui/selector/folder_selector/FileBean.kt:35:26 Assignment type mismatch: actual type is 'kotlin.Long?', but 'kotlin.Long' was expected.
e: file:///Users/HONGBGU/Documents/seadroid/app/src/main/java/com/seafile/seadroid2/ui/selector/folder_selector/FileListAdapter.kt:15:1 Class 'FileListAdapter' is not abstract and does not implement abstract base class member 'onBindViewHolder'.
e: file:///Users/HONGBGU/Documents/seadroid/app/src/main/java/com/seafile/seadroid2/ui/selector/folder_selector/FileListAdapter.kt:44:5 'onBindViewHolder' overrides nothing.
e: file:///Users/HONGBGU/Documents/seadroid/app/src/main/java/com/seafile/seadroid2/ui/selector/folder_selector/FileListAdapter.kt:45:26 Only safe (?.) or non-null asserted (!!.) calls are allowed on a nullable receiver of type 'android.widget.TextView?'.
e: file:///Users/HONGBGU/Documents/seadroid/app/src/main/java/com/seafile/seadroid2/ui/selector/folder_selector/FileListAdapter.kt:46:28 Only safe (?.) or non-null asserted (!!.) calls are allowed on a nullable receiver of type 'android.widget.ImageView?'.
e: file:///Users/HONGBGU/Documents/seadroid/app/src/main/java/com/seafile/seadroid2/ui/selector/folder_selector/FileListAdapter.kt:54:32 Only safe (?.) or non-null asserted (!!.) calls are allowed on a nullable receiver of type 'android.widget.TextView?'.
e: file:///Users/HONGBGU/Documents/seadroid/app/src/main/java/com/seafile/seadroid2/ui/selector/folder_selector/FileListAdapter.kt:55:30 Only safe (?.) or non-null asserted (!!.) calls are allowed on a nullable receiver of type 'android.widget.TextView?'.
e: file:///Users/HONGBGU/Documents/seadroid/app/src/main/java/com/seafile/seadroid2/ui/selector/folder_selector/FileListAdapter.kt:62:32 Only safe (?.) or non-null asserted (!!.) calls are allowed on a nullable receiver of type 'android.widget.TextView?'.
e: file:///Users/HONGBGU/Documents/seadroid/app/src/main/java/com/seafile/seadroid2/ui/selector/folder_selector/FileListAdapter.kt:68:30 Only safe (?.) or non-null asserted (!!.) calls are allowed on a nullable receiver of type 'android.widget.TextView?'.
e: file:///Users/HONGBGU/Documents/seadroid/app/src/main/java/com/seafile/seadroid2/ui/selector/folder_selector/FileListAdapter.kt:76:28 Only safe (?.) or non-null asserted (!!.) calls are allowed on a nullable receiver of type 'com.google.android.material.checkbox.MaterialCheckBox?'.
e: file:///Users/HONGBGU/Documents/seadroid/app/src/main/java/com/seafile/seadroid2/ui/selector/folder_selector/FileListAdapter.kt:78:28 Only safe (?.) or non-null asserted (!!.) calls are allowed on a nullable receiver of type 'com.google.android.material.checkbox.MaterialCheckBox?'.
e: file:///Users/HONGBGU/Documents/seadroid/app/src/main/java/com/seafile/seadroid2/ui/selector/folder_selector/FileListAdapter.kt:80:32 Only safe (?.) or non-null asserted (!!.) calls are allowed on a nullable receiver of type 'com.google.android.material.checkbox.MaterialCheckBox?'.
e: file:///Users/HONGBGU/Documents/seadroid/app/src/main/java/com/seafile/seadroid2/ui/selector/folder_selector/FileListAdapter.kt:82:32 Only safe (?.) or non-null asserted (!!.) calls are allowed on a nullable receiver of type 'com.google.android.material.checkbox.MaterialCheckBox?'.
e: file:///Users/HONGBGU/Documents/seadroid/app/src/main/java/com/seafile/seadroid2/ui/selector/folder_selector/FileListAdapter.kt:86:28 Only safe (?.) or non-null asserted (!!.) calls are allowed on a nullable receiver of type 'com.google.android.material.checkbox.MaterialCheckBox?'.
e: file:///Users/HONGBGU/Documents/seadroid/app/src/main/java/com/seafile/seadroid2/ui/selector/folder_selector/FileListAdapter.kt:100:24 Only safe (?.) or non-null asserted (!!.) calls are allowed on a nullable receiver of type 'com.seafile.seadroid2.ui.selector.folder_selector.FileBean?'.
e: file:///Users/HONGBGU/Documents/seadroid/app/src/main/java/com/seafile/seadroid2/ui/selector/folder_selector/FileListAdapter.kt:112:42 Only safe (?.) or non-null asserted (!!.) calls are allowed on a nullable receiver of type 'com.seafile.seadroid2.ui.selector.folder_selector.FileBean?'.
e: file:///Users/HONGBGU/Documents/seadroid/app/src/main/java/com/seafile/seadroid2/ui/selector/folder_selector/FileListAdapter.kt:113:25 Only safe (?.) or non-null asserted (!!.) calls are allowed on a nullable receiver of type 'com.seafile.seadroid2.ui.selector.folder_selector.FileBean?'.
e: file:///Users/HONGBGU/Documents/seadroid/app/src/main/java/com/seafile/seadroid2/ui/selector/folder_selector/FileListAdapter.kt:121:24 Only safe (?.) or non-null asserted (!!.) calls are allowed on a nullable receiver of type 'com.seafile.seadroid2.ui.selector.folder_selector.FileBean?'.
e: file:///Users/HONGBGU/Documents/seadroid/app/src/main/java/com/seafile/seadroid2/ui/selector/folder_selector/FileListAdapter.kt:129:25 Only safe (?.) or non-null asserted (!!.) calls are allowed on a nullable receiver of type 'com.seafile.seadroid2.ui.selector.folder_selector.FileBean?'.
e: file:///Users/HONGBGU/Documents/seadroid/app/src/main/java/com/seafile/seadroid2/ui/selector/folder_selector/FileListAdapter.kt:135:62 Only safe (?.) or non-null asserted (!!.) calls are allowed on a nullable receiver of type 'com.seafile.seadroid2.ui.selector.folder_selector.FileBean?'.
e: file:///Users/HONGBGU/Documents/seadroid/app/src/main/java/com/seafile/seadroid2/ui/selector/folder_selector/FileListAdapter.kt:137:28 Only safe (?.) or non-null asserted (!!.) calls are allowed on a nullable receiver of type 'com.seafile.seadroid2.ui.selector.folder_selector.FileBean?'.
e: file:///Users/HONGBGU/Documents/seadroid/app/src/main/java/com/seafile/seadroid2/ui/selector/folder_selector/FileListAdapter.kt:143:24 Only safe (?.) or non-null asserted (!!.) calls are allowed on a nullable receiver of type 'com.seafile.seadroid2.ui.selector.folder_selector.FileBean?'.
e: file:///Users/HONGBGU/Documents/seadroid/app/src/main/java/com/seafile/seadroid2/ui/selector/folder_selector/FileListAdapter.kt:149:24 Only safe (?.) or non-null asserted (!!.) calls are allowed on a nullable receiver of type 'com.seafile.seadroid2.ui.selector.folder_selector.FileBean?'.
e: file:///Users/HONGBGU/Documents/seadroid/app/src/main/java/com/seafile/seadroid2/ui/selector/folder_selector/FolderSelectorFragment.kt:60:38 Only safe (?.) or non-null asserted (!!.) calls are allowed on a nullable receiver of type 'com.jeremyliao.liveeventbus.core.Observable<kotlin.String?>?'.
e: file:///Users/HONGBGU/Documents/seadroid/app/src/main/java/com/seafile/seadroid2/ui/selector/folder_selector/FolderSelectorFragment.kt:75:38 Only safe (?.) or non-null asserted (!!.) calls are allowed on a nullable receiver of type 'com.jeremyliao.liveeventbus.core.Observable<kotlin.String?>?'.
e: file:///Users/HONGBGU/Documents/seadroid/app/src/main/java/com/seafile/seadroid2/ui/selector/folder_selector/FolderSelectorFragment.kt:131:14 Unresolved reference 'observe'.
e: file:///Users/HONGBGU/Documents/seadroid/app/src/main/java/com/seafile/seadroid2/ui/selector/folder_selector/FolderSelectorFragment.kt:143:22 Assignment type mismatch: actual type is 'kotlin.collections.MutableList<com.seafile.seadroid2.framework.model.StorageInfo?>', but 'kotlin.collections.MutableList<com.seafile.seadroid2.framework.model.StorageInfo>?' was expected.
e: file:///Users/HONGBGU/Documents/seadroid/app/src/main/java/com/seafile/seadroid2/ui/selector/folder_selector/FolderSelectorFragment.kt:180:50 Interface 'interface OnItemClickListener<T> : Any' does not have constructors.
e: file:///Users/HONGBGU/Documents/seadroid/app/src/main/java/com/seafile/seadroid2/ui/selector/folder_selector/FolderSelectorFragment.kt:182:17 'return' is prohibited here.
e: file:///Users/HONGBGU/Documents/seadroid/app/src/main/java/com/seafile/seadroid2/ui/selector/folder_selector/FolderSelectorFragment.kt:200:56 Interface 'interface OnFileItemChangeListener : Any' does not have constructors.
e: file:///Users/HONGBGU/Documents/seadroid/app/src/main/java/com/seafile/seadroid2/ui/selector/folder_selector/FolderSelectorFragment.kt:208:51 Argument type mismatch: actual type is 'com.chad.library.adapter4.BaseQuickAdapter.OnItemClickListener<T>', but 'com.chad.library.adapter4.BaseQuickAdapter.OnItemClickListener<com.seafile.seadroid2.ui.selector.folder_selector.FileBean?>?' was expected.
e: file:///Users/HONGBGU/Documents/seadroid/app/src/main/java/com/seafile/seadroid2/ui/selector/folder_selector/FolderSelectorFragment.kt:208:88 Argument type mismatch: actual type is 'kotlin.Function3<com.chad.library.adapter4.BaseQuickAdapter<com.seafile.seadroid2.ui.selector.folder_selector.FileBean?, *>?, android.view.View?, kotlin.Int, kotlin.Unit>', but 'kotlin.Function3<com.chad.library.adapter4.BaseQuickAdapter<T, *>, android.view.View, kotlin.Int, kotlin.Unit>' was expected.
e: file:///Users/HONGBGU/Documents/seadroid/app/src/main/java/com/seafile/seadroid2/ui/selector/folder_selector/FolderSelectorFragment.kt:208:125 Type argument is not within its bounds: should be subtype of 'kotlin.Any'.
e: file:///Users/HONGBGU/Documents/seadroid/app/src/main/java/com/seafile/seadroid2/ui/selector/folder_selector/FolderSelectorFragment.kt:211:22 Only safe (?.) or non-null asserted (!!.) calls are allowed on a nullable receiver of type 'com.seafile.seadroid2.ui.selector.folder_selector.FileBean?'.
e: file:///Users/HONGBGU/Documents/seadroid/app/src/main/java/com/seafile/seadroid2/ui/selector/folder_selector/FolderSelectorFragment.kt:213:17 'return' is prohibited here.
e: file:///Users/HONGBGU/Documents/seadroid/app/src/main/java/com/seafile/seadroid2/ui/selector/folder_selector/FolderSelectorFragment.kt:216:32 Only safe (?.) or non-null asserted (!!.) calls are allowed on a nullable receiver of type 'com.seafile.seadroid2.ui.selector.folder_selector.FileBean?'.
e: file:///Users/HONGBGU/Documents/seadroid/app/src/main/java/com/seafile/seadroid2/ui/selector/folder_selector/FolderSelectorFragment.kt:218:50 Only safe (?.) or non-null asserted (!!.) calls are allowed on a nullable receiver of type 'com.seafile.seadroid2.ui.selector.folder_selector.FileBean?'.
e: file:///Users/HONGBGU/Documents/seadroid/app/src/main/java/com/seafile/seadroid2/ui/selector/folder_selector/FolderSelectorFragment.kt:218:70 Only safe (?.) or non-null asserted (!!.) calls are allowed on a nullable receiver of type 'com.seafile.seadroid2.ui.selector.folder_selector.FileBean?'.
e: file:///Users/HONGBGU/Documents/seadroid/app/src/main/java/com/seafile/seadroid2/ui/selector/folder_selector/FolderSelectorFragment.kt:292:20 Only safe (?.) or non-null asserted (!!.) calls are allowed on a nullable receiver of type 'android.widget.TextView?'.
e: file:///Users/HONGBGU/Documents/seadroid/app/src/main/java/com/seafile/seadroid2/ui/selector/folder_selector/FolderSelectorFragment.kt:359:44 Only safe (?.) or non-null asserted (!!.) calls are allowed on a nullable receiver of type 'kotlin.String?'.
e: file:///Users/HONGBGU/Documents/seadroid/app/src/main/java/com/seafile/seadroid2/ui/selector/folder_selector/FolderSelectorFragment.kt:359:73 Only safe (?.) or non-null asserted (!!.) calls are allowed on a nullable receiver of type 'kotlin.String?'.
e: file:///Users/HONGBGU/Documents/seadroid/app/src/main/java/com/seafile/seadroid2/ui/selector/folder_selector/FolderSelectorFragment.kt:365:33 Argument type mismatch: actual type is 'kotlin.collections.MutableList<com.seafile.seadroid2.ui.selector.folder_selector.TabVolumeBean?>', but 'kotlin.collections.Collection<com.seafile.seadroid2.ui.selector.folder_selector.TabVolumeBean>' was expected.
e: file:///Users/HONGBGU/Documents/seadroid/app/src/main/java/com/seafile/seadroid2/ui/selector/folder_selector/FolderSelectorViewModel.kt:9:61 Cannot import 'equals'. Functions and properties can only be imported from packages or objects.
e: file:///Users/HONGBGU/Documents/seadroid/app/src/main/java/com/seafile/seadroid2/ui/selector/folder_selector/FolderSelectorViewModel.kt:10:65 Cannot import 'equals'. Functions and properties can only be imported from packages or objects.
e: file:///Users/HONGBGU/Documents/seadroid/app/src/main/java/com/seafile/seadroid2/ui/selector/folder_selector/FolderSelectorViewModel.kt:46:45 Initializer type mismatch: expected 'kotlin.collections.MutableList<kotlin.String>?', actual 'kotlin.collections.MutableList<kotlin.String?>'.
e: file:///Users/HONGBGU/Documents/seadroid/app/src/main/java/com/seafile/seadroid2/ui/selector/folder_selector/FolderSelectorViewModel.kt:46:45 Type mismatch: inferred type is 'kotlin.String?', but 'kotlin.String' was expected.
e: file:///Users/HONGBGU/Documents/seadroid/app/src/main/java/com/seafile/seadroid2/ui/selector/folder_selector/FolderSelectorViewModel.kt:48:30 None of the following candidates is applicable:
@SinceKotlin(...) @InlineOnly() fun <V> KMutableProperty0<V>.setValue(thisRef: Any?, property: KProperty<*>, value: V): Unit
@SinceKotlin(...) @InlineOnly() fun <T, V> KMutableProperty1<T, V>.setValue(thisRef: T, property: KProperty<*>, value: V): Unit
@InlineOnly() fun <V> MutableMap<in String, in V>.setValue(thisRef: Any?, property: KProperty<*>, value: V): Unit
e: file:///Users/HONGBGU/Documents/seadroid/app/src/main/java/com/seafile/seadroid2/ui/selector/folder_selector/FolderSelectorViewModel.kt:110:42 None of the following candidates is applicable:
@SinceKotlin(...) @InlineOnly() fun <V> KMutableProperty0<V>.setValue(thisRef: Any?, property: KProperty<*>, value: V): Unit
@SinceKotlin(...) @InlineOnly() fun <T, V> KMutableProperty1<T, V>.setValue(thisRef: T, property: KProperty<*>, value: V): Unit
@InlineOnly() fun <V> MutableMap<in String, in V>.setValue(thisRef: Any?, property: KProperty<*>, value: V): Unit
e: file:///Users/HONGBGU/Documents/seadroid/app/src/main/java/com/seafile/seadroid2/ui/selector/folder_selector/FolderSelectorViewModel.kt:143:54 'return' is prohibited here.
e: file:///Users/HONGBGU/Documents/seadroid/app/src/main/java/com/seafile/seadroid2/ui/selector/folder_selector/FolderSelectorViewModel.kt:144:52 'return' is prohibited here.
e: file:///Users/HONGBGU/Documents/seadroid/app/src/main/java/com/seafile/seadroid2/ui/selector/folder_selector/FolderSelectorViewModel.kt:146:44 'return' is prohibited here.
e: file:///Users/HONGBGU/Documents/seadroid/app/src/main/java/com/seafile/seadroid2/ui/selector/folder_selector/FolderSelectorViewModel.kt:149:45 'return' is prohibited here.
e: file:///Users/HONGBGU/Documents/seadroid/app/src/main/java/com/seafile/seadroid2/ui/selector/folder_selector/FolderSelectorViewModel.kt:154:35 'return' is prohibited here.
e: file:///Users/HONGBGU/Documents/seadroid/app/src/main/java/com/seafile/seadroid2/ui/selector/folder_selector/FolderSelectorViewModel.kt:155:42 'return' is prohibited here.
e: file:///Users/HONGBGU/Documents/seadroid/app/src/main/java/com/seafile/seadroid2/ui/selector/folder_selector/FolderSelectorViewModel.kt:156:26 'return' is prohibited here.
e: file:///Users/HONGBGU/Documents/seadroid/app/src/main/java/com/seafile/seadroid2/ui/selector/folder_selector/FolderSelectorViewModel.kt:160:21 Unresolved reference 'diff'.
e: file:///Users/HONGBGU/Documents/seadroid/app/src/main/java/com/seafile/seadroid2/ui/selector/folder_selector/FolderSelectorViewModel.kt:161:25 Unresolved reference 'diff'.
e: file:///Users/HONGBGU/Documents/seadroid/app/src/main/java/com/seafile/seadroid2/ui/selector/folder_selector/FolderSelectorViewModel.kt:161:35 'return' is prohibited here.
e: file:///Users/HONGBGU/Documents/seadroid/app/src/main/java/com/seafile/seadroid2/ui/selector/folder_selector/FolderSelectorViewModel.kt:162:30 Unresolved reference 'diff'.
e: file:///Users/HONGBGU/Documents/seadroid/app/src/main/java/com/seafile/seadroid2/ui/selector/folder_selector/FolderSelectorViewModel.kt:162:42 'return' is prohibited here.
e: file:///Users/HONGBGU/Documents/seadroid/app/src/main/java/com/seafile/seadroid2/ui/selector/folder_selector/FolderSelectorViewModel.kt:163:26 'return' is prohibited here.
e: file:///Users/HONGBGU/Documents/seadroid/app/src/main/java/com/seafile/seadroid2/ui/selector/folder_selector/FolderSelectorViewModel.kt:167:21 Unresolved reference 'diff'.
e: file:///Users/HONGBGU/Documents/seadroid/app/src/main/java/com/seafile/seadroid2/ui/selector/folder_selector/FolderSelectorViewModel.kt:168:25 Unresolved reference 'diff'.
e: file:///Users/HONGBGU/Documents/seadroid/app/src/main/java/com/seafile/seadroid2/ui/selector/folder_selector/FolderSelectorViewModel.kt:168:35 'return' is prohibited here.
e: file:///Users/HONGBGU/Documents/seadroid/app/src/main/java/com/seafile/seadroid2/ui/selector/folder_selector/FolderSelectorViewModel.kt:169:30 Unresolved reference 'diff'.
e: file:///Users/HONGBGU/Documents/seadroid/app/src/main/java/com/seafile/seadroid2/ui/selector/folder_selector/FolderSelectorViewModel.kt:169:42 'return' is prohibited here.
e: file:///Users/HONGBGU/Documents/seadroid/app/src/main/java/com/seafile/seadroid2/ui/selector/folder_selector/FolderSelectorViewModel.kt:170:26 'return' is prohibited here.
e: file:///Users/HONGBGU/Documents/seadroid/app/src/main/java/com/seafile/seadroid2/ui/selector/folder_selector/FolderSelectorViewModel.kt:174:21 Unresolved reference 'diff'.
e: file:///Users/HONGBGU/Documents/seadroid/app/src/main/java/com/seafile/seadroid2/ui/selector/folder_selector/FolderSelectorViewModel.kt:175:25 Unresolved reference 'diff'.
e: file:///Users/HONGBGU/Documents/seadroid/app/src/main/java/com/seafile/seadroid2/ui/selector/folder_selector/FolderSelectorViewModel.kt:175:35 'return' is prohibited here.
e: file:///Users/HONGBGU/Documents/seadroid/app/src/main/java/com/seafile/seadroid2/ui/selector/folder_selector/FolderSelectorViewModel.kt:176:30 Unresolved reference 'diff'.
e: file:///Users/HONGBGU/Documents/seadroid/app/src/main/java/com/seafile/seadroid2/ui/selector/folder_selector/FolderSelectorViewModel.kt:176:42 'return' is prohibited here.
e: file:///Users/HONGBGU/Documents/seadroid/app/src/main/java/com/seafile/seadroid2/ui/selector/folder_selector/FolderSelectorViewModel.kt:177:26 'return' is prohibited here.
e: file:///Users/HONGBGU/Documents/seadroid/app/src/main/java/com/seafile/seadroid2/ui/selector/folder_selector/FolderSelectorViewModel.kt:180:25 'return' is prohibited here.
e: file:///Users/HONGBGU/Documents/seadroid/app/src/main/java/com/seafile/seadroid2/ui/selector/folder_selector/NavPathListAdapter.kt:34:44 Only safe (?.) or non-null asserted (!!.) calls are allowed on a nullable receiver of type 'kotlin.String?'.
e: file:///Users/HONGBGU/Documents/seadroid/app/src/main/java/com/seafile/seadroid2/ui/selector/folder_selector/NavPathListAdapter.kt:35:20 Only safe (?.) or non-null asserted (!!.) calls are allowed on a nullable receiver of type 'android.widget.TextView?'.
e: file:///Users/HONGBGU/Documents/seadroid/app/src/main/java/com/seafile/seadroid2/ui/selector/folder_selector/NavPathListAdapter.kt:37:24 Only safe (?.) or non-null asserted (!!.) calls are allowed on a nullable receiver of type 'android.widget.TextView?'.
e: file:///Users/HONGBGU/Documents/seadroid/app/src/main/java/com/seafile/seadroid2/ui/selector/folder_selector/NavPathListAdapter.kt:38:24 Only safe (?.) or non-null asserted (!!.) calls are allowed on a nullable receiver of type 'android.widget.ImageView?'.
e: file:///Users/HONGBGU/Documents/seadroid/app/src/main/java/com/seafile/seadroid2/ui/selector/folder_selector/NavPathListAdapter.kt:40:24 Only safe (?.) or non-null asserted (!!.) calls are allowed on a nullable receiver of type 'android.widget.TextView?'.
e: file:///Users/HONGBGU/Documents/seadroid/app/src/main/java/com/seafile/seadroid2/ui/selector/folder_selector/NavPathListAdapter.kt:41:24 Only safe (?.) or non-null asserted (!!.) calls are allowed on a nullable receiver of type 'android.widget.ImageView?'.
e: file:///Users/HONGBGU/Documents/seadroid/app/src/main/java/com/seafile/seadroid2/ui/selector/folder_selector/NavPathListAdapter.kt:44:22 Only safe (?.) or non-null asserted (!!.) calls are allowed on a nullable receiver of type 'android.widget.LinearLayout?'.
e: file:///Users/HONGBGU/Documents/seadroid/app/src/main/java/com/seafile/seadroid2/ui/settings/SettingsAlbumBackupAdvanced2Fragment.kt:30:54 Only safe (?.) or non-null asserted (!!.) calls are allowed on a nullable receiver of type 'com.seafile.seadroid2.account.SupportAccountManager?'.
e: file:///Users/HONGBGU/Documents/seadroid/app/src/main/java/com/seafile/seadroid2/ui/settings/SettingsAlbumBackupAdvanced2Fragment.kt:111:65 Only safe (?.) or non-null asserted (!!.) calls are allowed on a nullable receiver of type 'com.seafile.seadroid2.preferences.SettingsLiveData<kotlin.Boolean?>?'.
e: file:///Users/HONGBGU/Documents/seadroid/app/src/main/java/com/seafile/seadroid2/ui/settings/SettingsAlbumBackupAdvanced2Fragment.kt:119:67 Only safe (?.) or non-null asserted (!!.) calls are allowed on a nullable receiver of type 'com.seafile.seadroid2.preferences.SettingsLiveData<kotlin.Boolean?>?'.
e: file:///Users/HONGBGU/Documents/seadroid/app/src/main/java/com/seafile/seadroid2/ui/settings/SettingsAlbumBackupAdvanced2Fragment.kt:127:63 Only safe (?.) or non-null asserted (!!.) calls are allowed on a nullable receiver of type 'com.seafile.seadroid2.preferences.SettingsLiveData<kotlin.Boolean?>?'.
e: file:///Users/HONGBGU/Documents/seadroid/app/src/main/java/com/seafile/seadroid2/ui/settings/SettingsAlbumBackupAdvanced2Fragment.kt:129:13 Class '<anonymous>' is not abstract and does not implement abstract member 'onChanged'.
e: file:///Users/HONGBGU/Documents/seadroid/app/src/main/java/com/seafile/seadroid2/ui/settings/SettingsAlbumBackupAdvanced2Fragment.kt:130:17 'onChanged' overrides nothing.
e: file:///Users/HONGBGU/Documents/seadroid/app/src/main/java/com/seafile/seadroid2/ui/settings/SettingsAlbumBackupAdvanced2Fragment.kt:137:63 Only safe (?.) or non-null asserted (!!.) calls are allowed on a nullable receiver of type 'com.seafile.seadroid2.preferences.SettingsLiveData<kotlin.String?>?'.
e: file:///Users/HONGBGU/Documents/seadroid/app/src/main/java/com/seafile/seadroid2/ui/settings/SettingsAlbumBackupAdvanced2Fragment.kt:196:5 Function 'registerForActivityResult' without a body must be abstract.
e: file:///Users/HONGBGU/Documents/seadroid/app/src/main/java/com/seafile/seadroid2/ui/settings/SettingsAlbumBackupAdvanced2Fragment.kt:200:10 Unresolved reference 'ActivityResult'.
e: file:///Users/HONGBGU/Documents/seadroid/app/src/main/java/com/seafile/seadroid2/ui/settings/SettingsAlbumBackupAdvanced2Fragment.kt:201:9 Unresolved reference 'o'.
e: file:///Users/HONGBGU/Documents/seadroid/app/src/main/java/com/seafile/seadroid2/ui/settings/SettingsAlbumBackupAdvanced2Fragment.kt:203:17 Unresolved reference 'o'.
e: file:///Users/HONGBGU/Documents/seadroid/app/src/main/java/com/seafile/seadroid2/ui/settings/SettingsAlbumBackupAdvanced2Fragment.kt:204:17 'return' is prohibited here.
e: file:///Users/HONGBGU/Documents/seadroid/app/src/main/java/com/seafile/seadroid2/ui/settings/SettingsAlbumBackupAdvanced2Fragment.kt:223:27 Argument type mismatch: actual type is 'java.util.LinkedHashSet<com.seafile.seadroid2.ui.camera_upload.GalleryBucketUtils.Bucket?>', but 'kotlin.collections.Collection<com.seafile.seadroid2.ui.camera_upload.GalleryBucketUtils.Bucket>' was expected.
e: file:///Users/HONGBGU/Documents/seadroid/app/src/main/java/com/seafile/seadroid2/ui/settings/SettingsAlbumBackupAdvancedActivity.kt:21:26 Argument type mismatch: actual type is 'kotlin.reflect.KClass<androidx.core.os.BuildCompat.PrereleaseSdkCheck>', but 'kotlin.Array<out kotlin.reflect.KClass<out kotlin.Annotation>>' was expected.
e: file:///Users/HONGBGU/Documents/seadroid/app/src/main/java/com/seafile/seadroid2/ui/settings/SettingsAlbumBackupAdvancedActivity.kt:21:26 Assigning single elements to varargs in named form is prohibited.
e: file:///Users/HONGBGU/Documents/seadroid/app/src/main/java/com/seafile/seadroid2/ui/settings/SettingsAlbumBackupAdvancedActivity.kt:30:16 Only safe (?.) or non-null asserted (!!.) calls are allowed on a nullable receiver of type 'androidx.appcompat.widget.Toolbar?'.
e: file:///Users/HONGBGU/Documents/seadroid/app/src/main/java/com/seafile/seadroid2/ui/settings/SettingsFragmentViewModel.kt:38:30 None of the following candidates is applicable:
@SinceKotlin(...) @InlineOnly() fun <V> KMutableProperty0<V>.setValue(thisRef: Any?, property: KProperty<*>, value: V): Unit
@SinceKotlin(...) @InlineOnly() fun <T, V> KMutableProperty1<T, V>.setValue(thisRef: T, property: KProperty<*>, value: V): Unit
@InlineOnly() fun <V> MutableMap<in String, in V>.setValue(thisRef: Any?, property: KProperty<*>, value: V): Unit
e: file:///Users/HONGBGU/Documents/seadroid/app/src/main/java/com/seafile/seadroid2/ui/settings/SettingsFragmentViewModel.kt:41:13 Initializer type mismatch: expected 'io.reactivex.Single<com.seafile.seadroid2.framework.model.server.ServerInfoModel?>', actual 'io.reactivex.Single<com.seafile.seadroid2.framework.model.server.ServerInfoModel?>?'.
e: file:///Users/HONGBGU/Documents/seadroid/app/src/main/java/com/seafile/seadroid2/ui/settings/SettingsFragmentViewModel.kt:41:50 Only safe (?.) or non-null asserted (!!.) calls are allowed on a nullable receiver of type 'com.seafile.seadroid2.framework.http.HttpIO?'.
e: file:///Users/HONGBGU/Documents/seadroid/app/src/main/java/com/seafile/seadroid2/ui/settings/SettingsFragmentViewModel.kt:41:73 Argument type mismatch: actual type is 'java.lang.Class<com.seafile.seadroid2.ui.main.MainService>', but 'java.lang.Class<T?>' was expected.
e: file:///Users/HONGBGU/Documents/seadroid/app/src/main/java/com/seafile/seadroid2/ui/settings/SettingsFragmentViewModel.kt:42:17 Only safe (?.) or non-null asserted (!!.) calls are allowed on a nullable receiver of type 'com.seafile.seadroid2.ui.main.MainService?'.
e: file:///Users/HONGBGU/Documents/seadroid/app/src/main/java/com/seafile/seadroid2/ui/settings/SettingsFragmentViewModel.kt:43:45 Initializer type mismatch: expected 'io.reactivex.Single<com.seafile.seadroid2.account.AccountInfo?>', actual 'io.reactivex.Single<com.seafile.seadroid2.account.AccountInfo?>?'.
e: file:///Users/HONGBGU/Documents/seadroid/app/src/main/java/com/seafile/seadroid2/ui/settings/SettingsFragmentViewModel.kt:44:13 Only safe (?.) or non-null asserted (!!.) calls are allowed on a nullable receiver of type 'com.seafile.seadroid2.framework.http.HttpIO?'.
e: file:///Users/HONGBGU/Documents/seadroid/app/src/main/java/com/seafile/seadroid2/ui/settings/SettingsFragmentViewModel.kt:44:39 Argument type mismatch: actual type is 'java.lang.Class<com.seafile.seadroid2.ui.account.AccountService>', but 'java.lang.Class<T?>' was expected.
e: file:///Users/HONGBGU/Documents/seadroid/app/src/main/java/com/seafile/seadroid2/ui/settings/SettingsFragmentViewModel.kt:44:66 Only safe (?.) or non-null asserted (!!.) calls are allowed on a nullable receiver of type 'com.seafile.seadroid2.ui.account.AccountService?'.
e: file:///Users/HONGBGU/Documents/seadroid/app/src/main/java/com/seafile/seadroid2/ui/settings/SettingsFragmentViewModel.kt:56:70 Only safe (?.) or non-null asserted (!!.) calls are allowed on a nullable receiver of type 'com.seafile.seadroid2.account.SupportAccountManager?'.
e: file:///Users/HONGBGU/Documents/seadroid/app/src/main/java/com/seafile/seadroid2/ui/settings/SettingsFragmentViewModel.kt:61:43 Argument type mismatch: actual type is 'kotlin.String?', but 'kotlin.String' was expected.
e: file:///Users/HONGBGU/Documents/seadroid/app/src/main/java/com/seafile/seadroid2/ui/settings/SettingsFragmentViewModel.kt:61:80 Only safe (?.) or non-null asserted (!!.) calls are allowed on a nullable receiver of type 'com.seafile.seadroid2.framework.http.HttpIO?'.
e: file:///Users/HONGBGU/Documents/seadroid/app/src/main/java/com/seafile/seadroid2/ui/settings/SettingsFragmentViewModel.kt:70:25 Only safe (?.) or non-null asserted (!!.) calls are allowed on a nullable receiver of type 'com.seafile.seadroid2.account.SupportAccountManager?'.
e: file:///Users/HONGBGU/Documents/seadroid/app/src/main/java/com/seafile/seadroid2/ui/settings/SettingsFragmentViewModel.kt:76:38 Class '<anonymous>' is not abstract and does not implement abstract member 'accept'.
e: file:///Users/HONGBGU/Documents/seadroid/app/src/main/java/com/seafile/seadroid2/ui/settings/SettingsFragmentViewModel.kt:78:13 'accept' overrides nothing.
e: file:///Users/HONGBGU/Documents/seadroid/app/src/main/java/com/seafile/seadroid2/ui/settings/SettingsFragmentViewModel.kt:79:38 None of the following candidates is applicable:
@SinceKotlin(...) @InlineOnly() fun <V> KMutableProperty0<V>.setValue(thisRef: Any?, property: KProperty<*>, value: V): Unit
@SinceKotlin(...) @InlineOnly() fun <T, V> KMutableProperty1<T, V>.setValue(thisRef: T, property: KProperty<*>, value: V): Unit
@InlineOnly() fun <V> MutableMap<in String, in V>.setValue(thisRef: Any?, property: KProperty<*>, value: V): Unit
e: file:///Users/HONGBGU/Documents/seadroid/app/src/main/java/com/seafile/seadroid2/ui/settings/SettingsFragmentViewModel.kt:82:36 Unresolved reference 'USER_INFO'.
e: file:///Users/HONGBGU/Documents/seadroid/app/src/main/java/com/seafile/seadroid2/ui/settings/SettingsFragmentViewModel.kt:83:46 Only safe (?.) or non-null asserted (!!.) calls are allowed on a nullable receiver of type 'com.seafile.seadroid2.preferences.SettingsLiveData<kotlin.String?>?'.
e: file:///Users/HONGBGU/Documents/seadroid/app/src/main/java/com/seafile/seadroid2/ui/settings/SettingsFragmentViewModel.kt:84:52 Only safe (?.) or non-null asserted (!!.) calls are allowed on a nullable receiver of type 'com.seafile.seadroid2.preferences.SettingsLiveData<kotlin.String?>?'.
e: file:///Users/HONGBGU/Documents/seadroid/app/src/main/java/com/seafile/seadroid2/ui/settings/SettingsFragmentViewModel.kt:85:36 Unresolved reference 'USER_INFO'.
e: file:///Users/HONGBGU/Documents/seadroid/app/src/main/java/com/seafile/seadroid2/ui/settings/SettingsFragmentViewModel.kt:86:52 Only safe (?.) or non-null asserted (!!.) calls are allowed on a nullable receiver of type 'com.seafile.seadroid2.preferences.SettingsLiveData<kotlin.String?>?'.
e: file:///Users/HONGBGU/Documents/seadroid/app/src/main/java/com/seafile/seadroid2/ui/settings/SettingsFragmentViewModel.kt:87:46 Only safe (?.) or non-null asserted (!!.) calls are allowed on a nullable receiver of type 'com.seafile.seadroid2.preferences.SettingsLiveData<kotlin.String?>?'.
e: file:///Users/HONGBGU/Documents/seadroid/app/src/main/java/com/seafile/seadroid2/ui/settings/SettingsFragmentViewModel.kt:109:46 Only safe (?.) or non-null asserted (!!.) calls are allowed on a nullable receiver of type 'com.seafile.seadroid2.preferences.SettingsLiveData<kotlin.String?>?'.
e: file:///Users/HONGBGU/Documents/seadroid/app/src/main/java/com/seafile/seadroid2/ui/settings/SettingsFragmentViewModel.kt:110:46 Only safe (?.) or non-null asserted (!!.) calls are allowed on a nullable receiver of type 'com.seafile.seadroid2.preferences.SettingsLiveData<kotlin.String?>?'.
e: file:///Users/HONGBGU/Documents/seadroid/app/src/main/java/com/seafile/seadroid2/ui/settings/SettingsFragmentViewModel.kt:130:41 Only safe (?.) or non-null asserted (!!.) calls are allowed on a nullable receiver of type 'java.io.File?'.
e: file:///Users/HONGBGU/Documents/seadroid/app/src/main/java/com/seafile/seadroid2/ui/settings/SettingsFragmentViewModel.kt:131:9 'val' cannot be reassigned.
e: file:///Users/HONGBGU/Documents/seadroid/app/src/main/java/com/seafile/seadroid2/ui/settings/SettingsFragmentViewModel.kt:162:36 None of the following candidates is applicable:
@SinceKotlin(...) @InlineOnly() fun <V> KMutableProperty0<V>.setValue(thisRef: Any?, property: KProperty<*>, value: V): Unit
@SinceKotlin(...) @InlineOnly() fun <T, V> KMutableProperty1<T, V>.setValue(thisRef: T, property: KProperty<*>, value: V): Unit
@InlineOnly() fun <V> MutableMap<in String, in V>.setValue(thisRef: Any?, property: KProperty<*>, value: V): Unit
e: file:///Users/HONGBGU/Documents/seadroid/app/src/main/java/com/seafile/seadroid2/ui/settings/SettingsFragmentViewModel.kt:165:53 Only safe (?.) or non-null asserted (!!.) calls are allowed on a nullable receiver of type 'com.seafile.seadroid2.framework.service.BackupThreadExecutor?'.
e: file:///Users/HONGBGU/Documents/seadroid/app/src/main/java/com/seafile/seadroid2/ui/settings/SettingsFragmentViewModel.kt:177:30 Class '<anonymous>' is not abstract and does not implement abstract member 'apply'.
e: file:///Users/HONGBGU/Documents/seadroid/app/src/main/java/com/seafile/seadroid2/ui/settings/SettingsFragmentViewModel.kt:179:13 'apply' overrides nothing.
e: file:///Users/HONGBGU/Documents/seadroid/app/src/main/java/com/seafile/seadroid2/ui/settings/SettingsFragmentViewModel.kt:185:30 Class '<anonymous>' is not abstract and does not implement abstract member 'apply'.
e: file:///Users/HONGBGU/Documents/seadroid/app/src/main/java/com/seafile/seadroid2/ui/settings/SettingsFragmentViewModel.kt:187:13 'apply' overrides nothing.
e: file:///Users/HONGBGU/Documents/seadroid/app/src/main/java/com/seafile/seadroid2/ui/settings/SettingsFragmentViewModel.kt:190:30 Class '<anonymous>' is not abstract and does not implement abstract member 'apply'.
e: file:///Users/HONGBGU/Documents/seadroid/app/src/main/java/com/seafile/seadroid2/ui/settings/SettingsFragmentViewModel.kt:192:13 'apply' overrides nothing.
e: file:///Users/HONGBGU/Documents/seadroid/app/src/main/java/com/seafile/seadroid2/ui/settings/SettingsFragmentViewModel.kt:203:44 None of the following candidates is applicable:
@SinceKotlin(...) @InlineOnly() fun <V> KMutableProperty0<V>.setValue(thisRef: Any?, property: KProperty<*>, value: V): Unit
@SinceKotlin(...) @InlineOnly() fun <T, V> KMutableProperty1<T, V>.setValue(thisRef: T, property: KProperty<*>, value: V): Unit
@InlineOnly() fun <V> MutableMap<in String, in V>.setValue(thisRef: Any?, property: KProperty<*>, value: V): Unit
e: file:///Users/HONGBGU/Documents/seadroid/app/src/main/java/com/seafile/seadroid2/ui/settings/SettingsFragmentViewModel.kt:205:12 Class '<anonymous>' is not abstract and does not implement abstract member 'accept'.
e: file:///Users/HONGBGU/Documents/seadroid/app/src/main/java/com/seafile/seadroid2/ui/settings/SettingsFragmentViewModel.kt:206:13 'accept' overrides nothing.
e: file:///Users/HONGBGU/Documents/seadroid/app/src/main/java/com/seafile/seadroid2/ui/settings/SettingsFragmentViewModel.kt:207:44 None of the following candidates is applicable:
@SinceKotlin(...) @InlineOnly() fun <V> KMutableProperty0<V>.setValue(thisRef: Any?, property: KProperty<*>, value: V): Unit
@SinceKotlin(...) @InlineOnly() fun <T, V> KMutableProperty1<T, V>.setValue(thisRef: T, property: KProperty<*>, value: V): Unit
@InlineOnly() fun <V> MutableMap<in String, in V>.setValue(thisRef: Any?, property: KProperty<*>, value: V): Unit
e: file:///Users/HONGBGU/Documents/seadroid/app/src/main/java/com/seafile/seadroid2/ui/settings/SettingsFragmentViewModel.kt:223:28 Assignment type mismatch: actual type is 'kotlin.collections.MutableList<com.seafile.seadroid2.framework.db.entities.FileCacheStatusEntity?>?', but 'kotlin.collections.MutableList<com.seafile.seadroid2.framework.db.entities.FileCacheStatusEntity>' was expected.
e: file:///Users/HONGBGU/Documents/seadroid/app/src/main/java/com/seafile/seadroid2/ui/settings/SettingsFragmentViewModel.kt:223:63 Only safe (?.) or non-null asserted (!!.) calls are allowed on a nullable receiver of type 'com.seafile.seadroid2.framework.db.AppDatabase?'.
e: file:///Users/HONGBGU/Documents/seadroid/app/src/main/java/com/seafile/seadroid2/ui/settings/SettingsFragmentViewModel.kt:224:25 Only safe (?.) or non-null asserted (!!.) calls are allowed on a nullable receiver of type 'com.seafile.seadroid2.framework.db.dao.FileCacheStatusDAO?'.
e: file:///Users/HONGBGU/Documents/seadroid/app/src/main/java/com/seafile/seadroid2/ui/settings/SettingsFragmentViewModel.kt:229:47 Only safe (?.) or non-null asserted (!!.) calls are allowed on a nullable receiver of type 'kotlin.String?'.
e: file:///Users/HONGBGU/Documents/seadroid/app/src/main/java/com/seafile/seadroid2/ui/settings/SettingsFragmentViewModel.kt:230:57 Only safe (?.) or non-null asserted (!!.) calls are allowed on a nullable receiver of type 'kotlin.String?'.
e: file:///Users/HONGBGU/Documents/seadroid/app/src/main/java/com/seafile/seadroid2/ui/settings/SettingsFragmentViewModel.kt:237:60 Only safe (?.) or non-null asserted (!!.) calls are allowed on a nullable receiver of type 'com.seafile.seadroid2.framework.db.AppDatabase?'.
e: file:///Users/HONGBGU/Documents/seadroid/app/src/main/java/com/seafile/seadroid2/ui/settings/SettingsFragmentViewModel.kt:238:29 Only safe (?.) or non-null asserted (!!.) calls are allowed on a nullable receiver of type 'com.seafile.seadroid2.framework.db.dao.FileCacheStatusDAO?'.
e: file:///Users/HONGBGU/Documents/seadroid/app/src/main/java/com/seafile/seadroid2/ui/settings/SettingsFragmentViewModel.kt:238:40 Argument type mismatch: actual type is 'kotlin.collections.MutableList<com.seafile.seadroid2.framework.db.entities.FileCacheStatusEntity?>', but 'kotlin.collections.MutableList<com.seafile.seadroid2.framework.db.entities.FileCacheStatusEntity>' was expected.
e: file:///Users/HONGBGU/Documents/seadroid/app/src/main/java/com/seafile/seadroid2/ui/settings/TabSettings2Fragment.kt:32:18 Conflicting import: imported name 'Locale' is ambiguous.
e: file:///Users/HONGBGU/Documents/seadroid/app/src/main/java/com/seafile/seadroid2/ui/settings/TabSettings2Fragment.kt:35:18 Conflicting import: imported name 'Locale' is ambiguous.
e: file:///Users/HONGBGU/Documents/seadroid/app/src/main/java/com/seafile/seadroid2/ui/settings/TabSettings2Fragment.kt:37:30 Unresolved reference 'RenameSharePreferenceFragmentCompat'.
e: file:///Users/HONGBGU/Documents/seadroid/app/src/main/java/com/seafile/seadroid2/ui/settings/TabSettings2Fragment.kt:42:9 Unresolved reference 'SupportAccountManager'.
e: file:///Users/HONGBGU/Documents/seadroid/app/src/main/java/com/seafile/seadroid2/ui/settings/TabSettings2Fragment.kt:47:37 Unresolved reference 'TextSwitchPreference'.
e: file:///Users/HONGBGU/Documents/seadroid/app/src/main/java/com/seafile/seadroid2/ui/settings/TabSettings2Fragment.kt:49:53 Unresolved reference 'TextSwitchPreference'.
e: file:///Users/HONGBGU/Documents/seadroid/app/src/main/java/com/seafile/seadroid2/ui/settings/TabSettings2Fragment.kt:50:50 Unresolved reference 'TextSwitchPreference'.
e: file:///Users/HONGBGU/Documents/seadroid/app/src/main/java/com/seafile/seadroid2/ui/settings/TabSettings2Fragment.kt:51:53 Unresolved reference 'TextTitleSummaryPreference'.
e: file:///Users/HONGBGU/Documents/seadroid/app/src/main/java/com/seafile/seadroid2/ui/settings/TabSettings2Fragment.kt:54:38 Unresolved reference 'TextSwitchPreference'.
e: file:///Users/HONGBGU/Documents/seadroid/app/src/main/java/com/seafile/seadroid2/ui/settings/TabSettings2Fragment.kt:55:53 Unresolved reference 'TextSwitchPreference'.
e: file:///Users/HONGBGU/Documents/seadroid/app/src/main/java/com/seafile/seadroid2/ui/settings/TabSettings2Fragment.kt:64:5 'getSharePreferenceSuffix' overrides nothing.
e: file:///Users/HONGBGU/Documents/seadroid/app/src/main/java/com/seafile/seadroid2/ui/settings/TabSettings2Fragment.kt:71:5 'onDestroy' overrides nothing.
e: file:///Users/HONGBGU/Documents/seadroid/app/src/main/java/com/seafile/seadroid2/ui/settings/TabSettings2Fragment.kt:72:9 Unresolved reference 'RenameSharePreferenceFragmentCompat'.
e: file:///Users/HONGBGU/Documents/seadroid/app/src/main/java/com/seafile/seadroid2/ui/settings/TabSettings2Fragment.kt:72:15 Unresolved reference 'onDestroy'.
e: file:///Users/HONGBGU/Documents/seadroid/app/src/main/java/com/seafile/seadroid2/ui/settings/TabSettings2Fragment.kt:74:9 Unresolved reference 'BusHelper'.
e: file:///Users/HONGBGU/Documents/seadroid/app/src/main/java/com/seafile/seadroid2/ui/settings/TabSettings2Fragment.kt:77:5 'onDestroyView' overrides nothing.
e: file:///Users/HONGBGU/Documents/seadroid/app/src/main/java/com/seafile/seadroid2/ui/settings/TabSettings2Fragment.kt:78:9 Unresolved reference 'RenameSharePreferenceFragmentCompat'.
e: file:///Users/HONGBGU/Documents/seadroid/app/src/main/java/com/seafile/seadroid2/ui/settings/TabSettings2Fragment.kt:78:15 Unresolved reference 'onDestroyView'.
e: file:///Users/HONGBGU/Documents/seadroid/app/src/main/java/com/seafile/seadroid2/ui/settings/TabSettings2Fragment.kt:85:5 'onCreate' overrides nothing.
e: file:///Users/HONGBGU/Documents/seadroid/app/src/main/java/com/seafile/seadroid2/ui/settings/TabSettings2Fragment.kt:86:9 Unresolved reference 'RenameSharePreferenceFragmentCompat'.
e: file:///Users/HONGBGU/Documents/seadroid/app/src/main/java/com/seafile/seadroid2/ui/settings/TabSettings2Fragment.kt:86:15 Unresolved reference 'onCreate'.
e: file:///Users/HONGBGU/Documents/seadroid/app/src/main/java/com/seafile/seadroid2/ui/settings/TabSettings2Fragment.kt:89:13 Unresolved reference 'ViewModelProvider'.
e: file:///Users/HONGBGU/Documents/seadroid/app/src/main/java/com/seafile/seadroid2/ui/settings/TabSettings2Fragment.kt:89:13 Assignment type mismatch: actual type is 'kotlin.text.MatchGroup?', but 'com.seafile.seadroid2.ui.settings.SettingsFragmentViewModel?' was expected.
e: file:///Users/HONGBGU/Documents/seadroid/app/src/main/java/com/seafile/seadroid2/ui/settings/TabSettings2Fragment.kt:92:5 'onCreatePreferences' overrides nothing.
e: file:///Users/HONGBGU/Documents/seadroid/app/src/main/java/com/seafile/seadroid2/ui/settings/TabSettings2Fragment.kt:94:9 Unresolved reference 'RenameSharePreferenceFragmentCompat'.
e: file:///Users/HONGBGU/Documents/seadroid/app/src/main/java/com/seafile/seadroid2/ui/settings/TabSettings2Fragment.kt:94:15 Unresolved reference 'onCreatePreferences'.
e: file:///Users/HONGBGU/Documents/seadroid/app/src/main/java/com/seafile/seadroid2/ui/settings/TabSettings2Fragment.kt:96:9 Unresolved reference 'setPreferencesFromResource'.
e: file:///Users/HONGBGU/Documents/seadroid/app/src/main/java/com/seafile/seadroid2/ui/settings/TabSettings2Fragment.kt:96:36 Unresolved reference 'R'.
e: file:///Users/HONGBGU/Documents/seadroid/app/src/main/java/com/seafile/seadroid2/ui/settings/TabSettings2Fragment.kt:98:9 Unresolved reference 'SimpleMenuPreference'.
e: file:///Users/HONGBGU/Documents/seadroid/app/src/main/java/com/seafile/seadroid2/ui/settings/TabSettings2Fragment.kt:101:5 'onViewCreated' overrides nothing.
e: file:///Users/HONGBGU/Documents/seadroid/app/src/main/java/com/seafile/seadroid2/ui/settings/TabSettings2Fragment.kt:102:9 Unresolved reference 'RenameSharePreferenceFragmentCompat'.
e: file:///Users/HONGBGU/Documents/seadroid/app/src/main/java/com/seafile/seadroid2/ui/settings/TabSettings2Fragment.kt:102:15 Unresolved reference 'onViewCreated'.
e: file:///Users/HONGBGU/Documents/seadroid/app/src/main/java/com/seafile/seadroid2/ui/settings/TabSettings2Fragment.kt:104:23 Overload resolution ambiguity between candidates:
@Deprecated(...) constructor(@Nullable() p0: Handler.Callback?): Handler
constructor(@NonNull() p0: Looper): Handler
e: file:///Users/HONGBGU/Documents/seadroid/app/src/main/java/com/seafile/seadroid2/ui/settings/TabSettings2Fragment.kt:104:31 Unresolved reference 'Looper'.
e: file:///Users/HONGBGU/Documents/seadroid/app/src/main/java/com/seafile/seadroid2/ui/settings/TabSettings2Fragment.kt:108:9 Unresolved reference 'BusHelper'.
e: file:///Users/HONGBGU/Documents/seadroid/app/src/main/java/com/seafile/seadroid2/ui/settings/TabSettings2Fragment.kt:108:47 Unresolved reference 'getViewLifecycleOwner'.
e: file:///Users/HONGBGU/Documents/seadroid/app/src/main/java/com/seafile/seadroid2/ui/settings/TabSettings2Fragment.kt:111:9 Unresolved reference 'getListView'.
e: file:///Users/HONGBGU/Documents/seadroid/app/src/main/java/com/seafile/seadroid2/ui/settings/TabSettings2Fragment.kt:111:43 Unresolved reference 'DP'.
e: file:///Users/HONGBGU/Documents/seadroid/app/src/main/java/com/seafile/seadroid2/ui/settings/TabSettings2Fragment.kt:112:9 Unresolved reference 'getListView'.
e: file:///Users/HONGBGU/Documents/seadroid/app/src/main/java/com/seafile/seadroid2/ui/settings/TabSettings2Fragment.kt:113:13 Unresolved reference 'ContextCompat'.
e: file:///Users/HONGBGU/Documents/seadroid/app/src/main/java/com/seafile/seadroid2/ui/settings/TabSettings2Fragment.kt:114:17 Unresolved reference 'requireContext'.
e: file:///Users/HONGBGU/Documents/seadroid/app/src/main/java/com/seafile/seadroid2/ui/settings/TabSettings2Fragment.kt:115:17 Unresolved reference 'R'.
e: file:///Users/HONGBGU/Documents/seadroid/app/src/main/java/com/seafile/seadroid2/ui/settings/TabSettings2Fragment.kt:122:14 Unresolved reference 'observe'.
e: file:///Users/HONGBGU/Documents/seadroid/app/src/main/java/com/seafile/seadroid2/ui/settings/TabSettings2Fragment.kt:122:22 Unresolved reference 'getViewLifecycleOwner'.
e: file:///Users/HONGBGU/Documents/seadroid/app/src/main/java/com/seafile/seadroid2/ui/settings/TabSettings2Fragment.kt:122:47 Class '<anonymous>' is not abstract and does not implement abstract member 'onChanged'.
e: file:///Users/HONGBGU/Documents/seadroid/app/src/main/java/com/seafile/seadroid2/ui/settings/TabSettings2Fragment.kt:123:17 'onChanged' overrides nothing.
e: file:///Users/HONGBGU/Documents/seadroid/app/src/main/java/com/seafile/seadroid2/ui/settings/TabSettings2Fragment.kt:124:52 Argument type mismatch: actual type is 'java.lang.Boolean', but 'kotlin.Boolean' was expected.
e: file:///Users/HONGBGU/Documents/seadroid/app/src/main/java/com/seafile/seadroid2/ui/settings/TabSettings2Fragment.kt:129:22 Unresolved reference 'getViewLifecycleOwner'.
e: file:///Users/HONGBGU/Documents/seadroid/app/src/main/java/com/seafile/seadroid2/ui/settings/TabSettings2Fragment.kt:129:47 Argument type mismatch: actual type is 'com.seafile.seadroid2.ui.settings.<anonymous>', but 'androidx.lifecycle.Observer<in kotlin.Boolean?>' was expected.
e: file:///Users/HONGBGU/Documents/seadroid/app/src/main/java/com/seafile/seadroid2/ui/settings/TabSettings2Fragment.kt:138:5 'onResume' overrides nothing.
e: file:///Users/HONGBGU/Documents/seadroid/app/src/main/java/com/seafile/seadroid2/ui/settings/TabSettings2Fragment.kt:139:9 Unresolved reference 'RenameSharePreferenceFragmentCompat'.
e: file:///Users/HONGBGU/Documents/seadroid/app/src/main/java/com/seafile/seadroid2/ui/settings/TabSettings2Fragment.kt:139:15 Unresolved reference 'onResume'.
e: file:///Users/HONGBGU/Documents/seadroid/app/src/main/java/com/seafile/seadroid2/ui/settings/TabSettings2Fragment.kt:146:13 Condition type mismatch: inferred type is 'java.lang.Boolean' but 'Boolean' was expected.
e: file:///Users/HONGBGU/Documents/seadroid/app/src/main/java/com/seafile/seadroid2/ui/settings/TabSettings2Fragment.kt:146:13 Type mismatch: inferred type is 'java.lang.Boolean', but 'kotlin.Boolean' was expected.
e: file:///Users/HONGBGU/Documents/seadroid/app/src/main/java/com/seafile/seadroid2/ui/settings/TabSettings2Fragment.kt:160:55 Unresolved reference 'isChecked'.
e: file:///Users/HONGBGU/Documents/seadroid/app/src/main/java/com/seafile/seadroid2/ui/settings/TabSettings2Fragment.kt:161:57 Unresolved reference 'isChecked'.
e: file:///Users/HONGBGU/Documents/seadroid/app/src/main/java/com/seafile/seadroid2/ui/settings/TabSettings2Fragment.kt:172:20 Return type mismatch: expected 'java.lang.Boolean', actual 'kotlin.Boolean'.
e: file:///Users/HONGBGU/Documents/seadroid/app/src/main/java/com/seafile/seadroid2/ui/settings/TabSettings2Fragment.kt:174:16 Return type mismatch: expected 'java.lang.Boolean', actual 'kotlin.Boolean'.
e: file:///Users/HONGBGU/Documents/seadroid/app/src/main/java/com/seafile/seadroid2/ui/settings/TabSettings2Fragment.kt:199:37 Unresolved reference 'findPreference'.
e: file:///Users/HONGBGU/Documents/seadroid/app/src/main/java/com/seafile/seadroid2/ui/settings/TabSettings2Fragment.kt:199:52 Unresolved reference 'getString'.
e: file:///Users/HONGBGU/Documents/seadroid/app/src/main/java/com/seafile/seadroid2/ui/settings/TabSettings2Fragment.kt:200:13 Unresolved reference 'R'.
e: file:///Users/HONGBGU/Documents/seadroid/app/src/main/java/com/seafile/seadroid2/ui/settings/TabSettings2Fragment.kt:204:41 None of the following candidates is applicable:
constructor(p0: String!, p1: Uri!): Intent
constructor(p0: Context!, p1: Class<*>!): Intent
e: file:///Users/HONGBGU/Documents/seadroid/app/src/main/java/com/seafile/seadroid2/ui/settings/TabSettings2Fragment.kt:204:48 Unresolved reference 'requireActivity'.
e: file:///Users/HONGBGU/Documents/seadroid/app/src/main/java/com/seafile/seadroid2/ui/settings/TabSettings2Fragment.kt:204:67 Unresolved reference 'AccountsActivity'.
e: file:///Users/HONGBGU/Documents/seadroid/app/src/main/java/com/seafile/seadroid2/ui/settings/TabSettings2Fragment.kt:204:91 Unresolved reference. None of the following candidates is applicable because of a receiver type mismatch:
val <T> KClass<T>.java: Class<T>
e: file:///Users/HONGBGU/Documents/seadroid/app/src/main/java/com/seafile/seadroid2/ui/settings/TabSettings2Fragment.kt:206:17 Unresolved reference 'startActivity'.
e: file:///Users/HONGBGU/Documents/seadroid/app/src/main/java/com/seafile/seadroid2/ui/settings/TabSettings2Fragment.kt:213:9 Unresolved reference 'findPreference'.
e: file:///Users/HONGBGU/Documents/seadroid/app/src/main/java/com/seafile/seadroid2/ui/settings/TabSettings2Fragment.kt:213:36 Unresolved reference 'getString'.
e: file:///Users/HONGBGU/Documents/seadroid/app/src/main/java/com/seafile/seadroid2/ui/settings/TabSettings2Fragment.kt:214:13 Unresolved reference 'R'.
e: file:///Users/HONGBGU/Documents/seadroid/app/src/main/java/com/seafile/seadroid2/ui/settings/TabSettings2Fragment.kt:220:9 Unresolved reference 'findPreference'.
e: file:///Users/HONGBGU/Documents/seadroid/app/src/main/java/com/seafile/seadroid2/ui/settings/TabSettings2Fragment.kt:220:36 Unresolved reference 'getString'.
e: file:///Users/HONGBGU/Documents/seadroid/app/src/main/java/com/seafile/seadroid2/ui/settings/TabSettings2Fragment.kt:221:13 Unresolved reference 'R'.
e: file:///Users/HONGBGU/Documents/seadroid/app/src/main/java/com/seafile/seadroid2/ui/settings/TabSettings2Fragment.kt:231:30 Unresolved reference 'findPreference'.
e: file:///Users/HONGBGU/Documents/seadroid/app/src/main/java/com/seafile/seadroid2/ui/settings/TabSettings2Fragment.kt:231:45 Unresolved reference 'TextSwitchPreference'.
e: file:///Users/HONGBGU/Documents/seadroid/app/src/main/java/com/seafile/seadroid2/ui/settings/TabSettings2Fragment.kt:231:67 Unresolved reference 'getString'.
e: file:///Users/HONGBGU/Documents/seadroid/app/src/main/java/com/seafile/seadroid2/ui/settings/TabSettings2Fragment.kt:232:13 Unresolved reference 'R'.
e: file:///Users/HONGBGU/Documents/seadroid/app/src/main/java/com/seafile/seadroid2/ui/settings/TabSettings2Fragment.kt:234:28 Unresolved reference 'findPreference'.
e: file:///Users/HONGBGU/Documents/seadroid/app/src/main/java/com/seafile/seadroid2/ui/settings/TabSettings2Fragment.kt:234:55 Unresolved reference 'getString'.
e: file:///Users/HONGBGU/Documents/seadroid/app/src/main/java/com/seafile/seadroid2/ui/settings/TabSettings2Fragment.kt:235:13 Unresolved reference 'R'.
e: file:///Users/HONGBGU/Documents/seadroid/app/src/main/java/com/seafile/seadroid2/ui/settings/TabSettings2Fragment.kt:240:46 Unresolved reference 'findPreference'.
e: file:///Users/HONGBGU/Documents/seadroid/app/src/main/java/com/seafile/seadroid2/ui/settings/TabSettings2Fragment.kt:240:61 Unresolved reference 'TextSwitchPreference'.
e: file:///Users/HONGBGU/Documents/seadroid/app/src/main/java/com/seafile/seadroid2/ui/settings/TabSettings2Fragment.kt:240:83 Unresolved reference 'getString'.
e: file:///Users/HONGBGU/Documents/seadroid/app/src/main/java/com/seafile/seadroid2/ui/settings/TabSettings2Fragment.kt:241:13 Unresolved reference 'R'.
e: file:///Users/HONGBGU/Documents/seadroid/app/src/main/java/com/seafile/seadroid2/ui/settings/TabSettings2Fragment.kt:243:43 Unresolved reference 'findPreference'.
e: file:///Users/HONGBGU/Documents/seadroid/app/src/main/java/com/seafile/seadroid2/ui/settings/TabSettings2Fragment.kt:243:58 Unresolved reference 'TextSwitchPreference'.
e: file:///Users/HONGBGU/Documents/seadroid/app/src/main/java/com/seafile/seadroid2/ui/settings/TabSettings2Fragment.kt:243:80 Unresolved reference 'getString'.
e: file:///Users/HONGBGU/Documents/seadroid/app/src/main/java/com/seafile/seadroid2/ui/settings/TabSettings2Fragment.kt:244:13 Unresolved reference 'R'.
e: file:///Users/HONGBGU/Documents/seadroid/app/src/main/java/com/seafile/seadroid2/ui/settings/TabSettings2Fragment.kt:247:46 Unresolved reference 'findPreference'.
e: file:///Users/HONGBGU/Documents/seadroid/app/src/main/java/com/seafile/seadroid2/ui/settings/TabSettings2Fragment.kt:247:61 Unresolved reference 'TextTitleSummaryPreference'.
e: file:///Users/HONGBGU/Documents/seadroid/app/src/main/java/com/seafile/seadroid2/ui/settings/TabSettings2Fragment.kt:247:89 Unresolved reference 'getString'.
e: file:///Users/HONGBGU/Documents/seadroid/app/src/main/java/com/seafile/seadroid2/ui/settings/TabSettings2Fragment.kt:248:13 Unresolved reference 'R'.
e: file:///Users/HONGBGU/Documents/seadroid/app/src/main/java/com/seafile/seadroid2/ui/settings/TabSettings2Fragment.kt:251:48 Unresolved reference 'setOnPreferenceClickListener'.
e: file:///Users/HONGBGU/Documents/seadroid/app/src/main/java/com/seafile/seadroid2/ui/settings/TabSettings2Fragment.kt:253:73 Return type of 'onPreferenceClick' is not a subtype of the return type of the overridden member 'fun onPreferenceClick(@NonNull() p0: Preference): Boolean'.
e: file:///Users/HONGBGU/Documents/seadroid/app/src/main/java/com/seafile/seadroid2/ui/settings/TabSettings2Fragment.kt:255:25 None of the following candidates is applicable:
constructor(p0: String!, p1: Uri!): Intent
constructor(p0: Context!, p1: Class<*>!): Intent
e: file:///Users/HONGBGU/Documents/seadroid/app/src/main/java/com/seafile/seadroid2/ui/settings/TabSettings2Fragment.kt:255:32 Unresolved reference 'requireActivity'.
e: file:///Users/HONGBGU/Documents/seadroid/app/src/main/java/com/seafile/seadroid2/ui/settings/TabSettings2Fragment.kt:255:51 Unresolved reference 'CameraUploadConfigActivity'.
e: file:///Users/HONGBGU/Documents/seadroid/app/src/main/java/com/seafile/seadroid2/ui/settings/TabSettings2Fragment.kt:255:85 Unresolved reference. None of the following candidates is applicable because of a receiver type mismatch:
val <T> KClass<T>.java: Class<T>
e: file:///Users/HONGBGU/Documents/seadroid/app/src/main/java/com/seafile/seadroid2/ui/settings/TabSettings2Fragment.kt:257:25 Unresolved reference 'CameraUploadConfigActivity'.
e: file:///Users/HONGBGU/Documents/seadroid/app/src/main/java/com/seafile/seadroid2/ui/settings/TabSettings2Fragment.kt:260:57 Only safe (?.) or non-null asserted (!!.) calls are allowed on a nullable receiver of type 'androidx.activity.result.ActivityResultLauncher<android.content.Intent?>?'.
e: file:///Users/HONGBGU/Documents/seadroid/app/src/main/java/com/seafile/seadroid2/ui/settings/TabSettings2Fragment.kt:261:28 Return type mismatch: expected 'java.lang.Boolean', actual 'kotlin.Boolean'.
e: file:///Users/HONGBGU/Documents/seadroid/app/src/main/java/com/seafile/seadroid2/ui/settings/TabSettings2Fragment.kt:269:73 Return type of 'onPreferenceClick' is not a subtype of the return type of the overridden member 'fun onPreferenceClick(@NonNull() p0: Preference): Boolean'.
e: file:///Users/HONGBGU/Documents/seadroid/app/src/main/java/com/seafile/seadroid2/ui/settings/TabSettings2Fragment.kt:272:25 None of the following candidates is applicable:
constructor(p0: String!, p1: Uri!): Intent
constructor(p0: Context!, p1: Class<*>!): Intent
e: file:///Users/HONGBGU/Documents/seadroid/app/src/main/java/com/seafile/seadroid2/ui/settings/TabSettings2Fragment.kt:272:32 Unresolved reference 'requireActivity'.
e: file:///Users/HONGBGU/Documents/seadroid/app/src/main/java/com/seafile/seadroid2/ui/settings/TabSettings2Fragment.kt:272:51 Unresolved reference 'CameraUploadConfigActivity'.
e: file:///Users/HONGBGU/Documents/seadroid/app/src/main/java/com/seafile/seadroid2/ui/settings/TabSettings2Fragment.kt:272:85 Unresolved reference. None of the following candidates is applicable because of a receiver type mismatch:
val <T> KClass<T>.java: Class<T>
e: file:///Users/HONGBGU/Documents/seadroid/app/src/main/java/com/seafile/seadroid2/ui/settings/TabSettings2Fragment.kt:274:25 Unresolved reference 'CameraUploadConfigActivity'.
e: file:///Users/HONGBGU/Documents/seadroid/app/src/main/java/com/seafile/seadroid2/ui/settings/TabSettings2Fragment.kt:277:50 Only safe (?.) or non-null asserted (!!.) calls are allowed on a nullable receiver of type 'androidx.activity.result.ActivityResultLauncher<android.content.Intent?>?'.
e: file:///Users/HONGBGU/Documents/seadroid/app/src/main/java/com/seafile/seadroid2/ui/settings/TabSettings2Fragment.kt:278:28 Return type mismatch: expected 'java.lang.Boolean', actual 'kotlin.Boolean'.
e: file:///Users/HONGBGU/Documents/seadroid/app/src/main/java/com/seafile/seadroid2/ui/settings/TabSettings2Fragment.kt:286:31 Unresolved reference 'findPreference'.
e: file:///Users/HONGBGU/Documents/seadroid/app/src/main/java/com/seafile/seadroid2/ui/settings/TabSettings2Fragment.kt:286:46 Unresolved reference 'TextSwitchPreference'.
e: file:///Users/HONGBGU/Documents/seadroid/app/src/main/java/com/seafile/seadroid2/ui/settings/TabSettings2Fragment.kt:286:68 Unresolved reference 'getString'.
e: file:///Users/HONGBGU/Documents/seadroid/app/src/main/java/com/seafile/seadroid2/ui/settings/TabSettings2Fragment.kt:287:13 Unresolved reference 'R'.
e: file:///Users/HONGBGU/Documents/seadroid/app/src/main/java/com/seafile/seadroid2/ui/settings/TabSettings2Fragment.kt:289:35 Unresolved reference 'findPreference'.
e: file:///Users/HONGBGU/Documents/seadroid/app/src/main/java/com/seafile/seadroid2/ui/settings/TabSettings2Fragment.kt:289:62 Unresolved reference 'getString'.
e: file:///Users/HONGBGU/Documents/seadroid/app/src/main/java/com/seafile/seadroid2/ui/settings/TabSettings2Fragment.kt:290:13 Unresolved reference 'R'.
e: file:///Users/HONGBGU/Documents/seadroid/app/src/main/java/com/seafile/seadroid2/ui/settings/TabSettings2Fragment.kt:292:37 Unresolved reference 'findPreference'.
e: file:///Users/HONGBGU/Documents/seadroid/app/src/main/java/com/seafile/seadroid2/ui/settings/TabSettings2Fragment.kt:292:64 Unresolved reference 'getString'.
e: file:///Users/HONGBGU/Documents/seadroid/app/src/main/java/com/seafile/seadroid2/ui/settings/TabSettings2Fragment.kt:293:13 Unresolved reference 'R'.
e: file:///Users/HONGBGU/Documents/seadroid/app/src/main/java/com/seafile/seadroid2/ui/settings/TabSettings2Fragment.kt:296:36 Unresolved reference 'findPreference'.
e: file:///Users/HONGBGU/Documents/seadroid/app/src/main/java/com/seafile/seadroid2/ui/settings/TabSettings2Fragment.kt:296:67 Unresolved reference 'getString'.
e: file:///Users/HONGBGU/Documents/seadroid/app/src/main/java/com/seafile/seadroid2/ui/settings/TabSettings2Fragment.kt:297:13 Unresolved reference 'R'.
e: file:///Users/HONGBGU/Documents/seadroid/app/src/main/java/com/seafile/seadroid2/ui/settings/TabSettings2Fragment.kt:299:46 Unresolved reference 'findPreference'.
e: file:///Users/HONGBGU/Documents/seadroid/app/src/main/java/com/seafile/seadroid2/ui/settings/TabSettings2Fragment.kt:299:61 Unresolved reference 'TextSwitchPreference'.
e: file:///Users/HONGBGU/Documents/seadroid/app/src/main/java/com/seafile/seadroid2/ui/settings/TabSettings2Fragment.kt:299:83 Unresolved reference 'getString'.
e: file:///Users/HONGBGU/Documents/seadroid/app/src/main/java/com/seafile/seadroid2/ui/settings/TabSettings2Fragment.kt:300:13 Unresolved reference 'R'.
e: file:///Users/HONGBGU/Documents/seadroid/app/src/main/java/com/seafile/seadroid2/ui/settings/TabSettings2Fragment.kt:309:38 Unresolved reference 'ObjSelectorActivity'.
e: file:///Users/HONGBGU/Documents/seadroid/app/src/main/java/com/seafile/seadroid2/ui/settings/TabSettings2Fragment.kt:310:21 Unresolved reference 'requireContext'.
e: file:///Users/HONGBGU/Documents/seadroid/app/src/main/java/com/seafile/seadroid2/ui/settings/TabSettings2Fragment.kt:311:21 Unresolved reference 'ObjSelectType'.
e: file:///Users/HONGBGU/Documents/seadroid/app/src/main/java/com/seafile/seadroid2/ui/settings/TabSettings2Fragment.kt:312:21 Unresolved reference 'ObjSelectType'.
e: file:///Users/HONGBGU/Documents/seadroid/app/src/main/java/com/seafile/seadroid2/ui/settings/TabSettings2Fragment.kt:315:43 Only safe (?.) or non-null asserted (!!.) calls are allowed on a nullable receiver of type 'androidx.activity.result.ActivityResultLauncher<android.content.Intent?>?'.
e: file:///Users/HONGBGU/Documents/seadroid/app/src/main/java/com/seafile/seadroid2/ui/settings/TabSettings2Fragment.kt:324:21 Unresolved reference 'FolderBackupSharePreferenceHelper'.
e: file:///Users/HONGBGU/Documents/seadroid/app/src/main/java/com/seafile/seadroid2/ui/settings/TabSettings2Fragment.kt:327:30 None of the following candidates is applicable:
constructor(p0: String!, p1: Uri!): Intent
constructor(p0: Context!, p1: Class<*>!): Intent
e: file:///Users/HONGBGU/Documents/seadroid/app/src/main/java/com/seafile/seadroid2/ui/settings/TabSettings2Fragment.kt:327:37 Unresolved reference 'requireActivity'.
e: file:///Users/HONGBGU/Documents/seadroid/app/src/main/java/com/seafile/seadroid2/ui/settings/TabSettings2Fragment.kt:327:56 Unresolved reference 'FolderBackupConfigActivity'.
e: file:///Users/HONGBGU/Documents/seadroid/app/src/main/java/com/seafile/seadroid2/ui/settings/TabSettings2Fragment.kt:327:90 Unresolved reference. None of the following candidates is applicable because of a receiver type mismatch:
val <T> KClass<T>.java: Class<T>
e: file:///Users/HONGBGU/Documents/seadroid/app/src/main/java/com/seafile/seadroid2/ui/settings/TabSettings2Fragment.kt:329:30 None of the following candidates is applicable:
constructor(p0: String!, p1: Uri!): Intent
constructor(p0: Context!, p1: Class<*>!): Intent
e: file:///Users/HONGBGU/Documents/seadroid/app/src/main/java/com/seafile/seadroid2/ui/settings/TabSettings2Fragment.kt:329:37 Unresolved reference 'requireActivity'.
e: file:///Users/HONGBGU/Documents/seadroid/app/src/main/java/com/seafile/seadroid2/ui/settings/TabSettings2Fragment.kt:329:56 Unresolved reference 'FolderBackupSelectedPathActivity'.
e: file:///Users/HONGBGU/Documents/seadroid/app/src/main/java/com/seafile/seadroid2/ui/settings/TabSettings2Fragment.kt:329:96 Unresolved reference. None of the following candidates is applicable because of a receiver type mismatch:
val <T> KClass<T>.java: Class<T>
e: file:///Users/HONGBGU/Documents/seadroid/app/src/main/java/com/seafile/seadroid2/ui/settings/TabSettings2Fragment.kt:331:23 Only safe (?.) or non-null asserted (!!.) calls are allowed on a nullable receiver of type 'android.content.Intent?'.
e: file:///Users/HONGBGU/Documents/seadroid/app/src/main/java/com/seafile/seadroid2/ui/settings/TabSettings2Fragment.kt:332:43 Only safe (?.) or non-null asserted (!!.) calls are allowed on a nullable receiver of type 'androidx.activity.result.ActivityResultLauncher<android.content.Intent?>?'.
e: file:///Users/HONGBGU/Documents/seadroid/app/src/main/java/com/seafile/seadroid2/ui/settings/TabSettings2Fragment.kt:339:34 Unresolved reference 'findPreference'.
e: file:///Users/HONGBGU/Documents/seadroid/app/src/main/java/com/seafile/seadroid2/ui/settings/TabSettings2Fragment.kt:339:61 Unresolved reference 'getString'.
e: file:///Users/HONGBGU/Documents/seadroid/app/src/main/java/com/seafile/seadroid2/ui/settings/TabSettings2Fragment.kt:340:13 Unresolved reference 'R'.
e: file:///Users/HONGBGU/Documents/seadroid/app/src/main/java/com/seafile/seadroid2/ui/settings/TabSettings2Fragment.kt:342:32 Unresolved reference 'findPreference'.
e: file:///Users/HONGBGU/Documents/seadroid/app/src/main/java/com/seafile/seadroid2/ui/settings/TabSettings2Fragment.kt:342:59 Unresolved reference 'getString'.
e: file:///Users/HONGBGU/Documents/seadroid/app/src/main/java/com/seafile/seadroid2/ui/settings/TabSettings2Fragment.kt:343:13 Unresolved reference 'R'.
e: file:///Users/HONGBGU/Documents/seadroid/app/src/main/java/com/seafile/seadroid2/ui/settings/TabSettings2Fragment.kt:347:38 None of the following candidates is applicable:
constructor(p0: String!, p1: Uri!): Intent
constructor(p0: Context!, p1: Class<*>!): Intent
e: file:///Users/HONGBGU/Documents/seadroid/app/src/main/java/com/seafile/seadroid2/ui/settings/TabSettings2Fragment.kt:347:45 Unresolved reference 'requireActivity'.
e: file:///Users/HONGBGU/Documents/seadroid/app/src/main/java/com/seafile/seadroid2/ui/settings/TabSettings2Fragment.kt:347:64 Unresolved reference 'TransferActivity'.
e: file:///Users/HONGBGU/Documents/seadroid/app/src/main/java/com/seafile/seadroid2/ui/settings/TabSettings2Fragment.kt:347:88 Unresolved reference. None of the following candidates is applicable because of a receiver type mismatch:
val <T> KClass<T>.java: Class<T>
e: file:///Users/HONGBGU/Documents/seadroid/app/src/main/java/com/seafile/seadroid2/ui/settings/TabSettings2Fragment.kt:353:17 Unresolved reference 'startActivity'.
e: file:///Users/HONGBGU/Documents/seadroid/app/src/main/java/com/seafile/seadroid2/ui/settings/TabSettings2Fragment.kt:359:38 None of the following candidates is applicable:
constructor(p0: String!, p1: Uri!): Intent
constructor(p0: Context!, p1: Class<*>!): Intent
e: file:///Users/HONGBGU/Documents/seadroid/app/src/main/java/com/seafile/seadroid2/ui/settings/TabSettings2Fragment.kt:359:45 Unresolved reference 'requireActivity'.
e: file:///Users/HONGBGU/Documents/seadroid/app/src/main/java/com/seafile/seadroid2/ui/settings/TabSettings2Fragment.kt:359:64 Unresolved reference 'TransferActivity'.
e: file:///Users/HONGBGU/Documents/seadroid/app/src/main/java/com/seafile/seadroid2/ui/settings/TabSettings2Fragment.kt:359:88 Unresolved reference. None of the following candidates is applicable because of a receiver type mismatch:
val <T> KClass<T>.java: Class<T>
e: file:///Users/HONGBGU/Documents/seadroid/app/src/main/java/com/seafile/seadroid2/ui/settings/TabSettings2Fragment.kt:365:17 Unresolved reference 'startActivity'.
e: file:///Users/HONGBGU/Documents/seadroid/app/src/main/java/com/seafile/seadroid2/ui/settings/TabSettings2Fragment.kt:371:33 Unresolved reference 'SwitchStorageDialogFragment'.
e: file:///Users/HONGBGU/Documents/seadroid/app/src/main/java/com/seafile/seadroid2/ui/settings/TabSettings2Fragment.kt:375:38 Unresolved reference 'findPreference'.
e: file:///Users/HONGBGU/Documents/seadroid/app/src/main/java/com/seafile/seadroid2/ui/settings/TabSettings2Fragment.kt:375:53 Unresolved reference 'getString'.
e: file:///Users/HONGBGU/Documents/seadroid/app/src/main/java/com/seafile/seadroid2/ui/settings/TabSettings2Fragment.kt:376:13 Unresolved reference 'R'.
e: file:///Users/HONGBGU/Documents/seadroid/app/src/main/java/com/seafile/seadroid2/ui/settings/TabSettings2Fragment.kt:380:73 Return type of 'onPreferenceClick' is not a subtype of the return type of the overridden member 'fun onPreferenceClick(@NonNull() p0: Preference): Boolean'.
e: file:///Users/HONGBGU/Documents/seadroid/app/src/main/java/com/seafile/seadroid2/ui/settings/TabSettings2Fragment.kt:382:28 Return type mismatch: expected 'java.lang.Boolean', actual 'kotlin.Boolean'.
e: file:///Users/HONGBGU/Documents/seadroid/app/src/main/java/com/seafile/seadroid2/ui/settings/TabSettings2Fragment.kt:387:29 Unresolved reference 'findPreference'.
e: file:///Users/HONGBGU/Documents/seadroid/app/src/main/java/com/seafile/seadroid2/ui/settings/TabSettings2Fragment.kt:387:56 Unresolved reference 'getString'.
e: file:///Users/HONGBGU/Documents/seadroid/app/src/main/java/com/seafile/seadroid2/ui/settings/TabSettings2Fragment.kt:388:13 Unresolved reference 'R'.
e: file:///Users/HONGBGU/Documents/seadroid/app/src/main/java/com/seafile/seadroid2/ui/settings/TabSettings2Fragment.kt:396:77 Return type of 'onPreferenceClick' is not a subtype of the return type of the overridden member 'fun onPreferenceClick(@NonNull() p0: Preference): Boolean'.
e: file:///Users/HONGBGU/Documents/seadroid/app/src/main/java/com/seafile/seadroid2/ui/settings/TabSettings2Fragment.kt:397:70 Unresolved reference 'isVisible'.
e: file:///Users/HONGBGU/Documents/seadroid/app/src/main/java/com/seafile/seadroid2/ui/settings/TabSettings2Fragment.kt:398:36 Return type mismatch: expected 'java.lang.Boolean', actual 'kotlin.Boolean'.
e: file:///Users/HONGBGU/Documents/seadroid/app/src/main/java/com/seafile/seadroid2/ui/settings/TabSettings2Fragment.kt:401:42 Unresolved reference 'SwitchStorageDialogFragment'.
e: file:///Users/HONGBGU/Documents/seadroid/app/src/main/java/com/seafile/seadroid2/ui/settings/TabSettings2Fragment.kt:402:40 Unresolved reference 'show'.
e: file:///Users/HONGBGU/Documents/seadroid/app/src/main/java/com/seafile/seadroid2/ui/settings/TabSettings2Fragment.kt:403:29 Unresolved reference 'getChildFragmentManager'.
e: file:///Users/HONGBGU/Documents/seadroid/app/src/main/java/com/seafile/seadroid2/ui/settings/TabSettings2Fragment.kt:404:29 Unresolved reference 'SwitchStorageDialogFragment'.
e: file:///Users/HONGBGU/Documents/seadroid/app/src/main/java/com/seafile/seadroid2/ui/settings/TabSettings2Fragment.kt:404:64 Unresolved reference. None of the following candidates is applicable because of a receiver type mismatch:
val <T> KClass<T>.java: Class<T>
e: file:///Users/HONGBGU/Documents/seadroid/app/src/main/java/com/seafile/seadroid2/ui/settings/TabSettings2Fragment.kt:406:32 Return type mismatch: expected 'java.lang.Boolean', actual 'kotlin.Boolean'.
e: file:///Users/HONGBGU/Documents/seadroid/app/src/main/java/com/seafile/seadroid2/ui/settings/TabSettings2Fragment.kt:419:39 Unresolved reference 'findPreference'.
e: file:///Users/HONGBGU/Documents/seadroid/app/src/main/java/com/seafile/seadroid2/ui/settings/TabSettings2Fragment.kt:419:54 Unresolved reference 'getString'.
e: file:///Users/HONGBGU/Documents/seadroid/app/src/main/java/com/seafile/seadroid2/ui/settings/TabSettings2Fragment.kt:420:13 Unresolved reference 'R'.
e: file:///Users/HONGBGU/Documents/seadroid/app/src/main/java/com/seafile/seadroid2/ui/settings/TabSettings2Fragment.kt:422:20 Unresolved reference 'TextUtils'.
e: file:///Users/HONGBGU/Documents/seadroid/app/src/main/java/com/seafile/seadroid2/ui/settings/TabSettings2Fragment.kt:422:55 Unresolved reference 'TextUtils'.
e: file:///Users/HONGBGU/Documents/seadroid/app/src/main/java/com/seafile/seadroid2/ui/settings/TabSettings2Fragment.kt:427:77 Return type of 'onPreferenceClick' is not a subtype of the return type of the overridden member 'fun onPreferenceClick(@NonNull() p0: Preference): Boolean'.
e: file:///Users/HONGBGU/Documents/seadroid/app/src/main/java/com/seafile/seadroid2/ui/settings/TabSettings2Fragment.kt:428:25 Unresolved reference 'SeaWebViewActivity'.
e: file:///Users/HONGBGU/Documents/seadroid/app/src/main/java/com/seafile/seadroid2/ui/settings/TabSettings2Fragment.kt:429:29 Unresolved reference 'requireContext'.
e: file:///Users/HONGBGU/Documents/seadroid/app/src/main/java/com/seafile/seadroid2/ui/settings/TabSettings2Fragment.kt:432:32 Return type mismatch: expected 'java.lang.Boolean', actual 'kotlin.Boolean'.
e: file:///Users/HONGBGU/Documents/seadroid/app/src/main/java/com/seafile/seadroid2/ui/settings/TabSettings2Fragment.kt:443:26 Unresolved reference 'TextTitleSummaryPreference'.
e: file:///Users/HONGBGU/Documents/seadroid/app/src/main/java/com/seafile/seadroid2/ui/settings/TabSettings2Fragment.kt:443:56 Unresolved reference 'findPreference'.
e: file:///Users/HONGBGU/Documents/seadroid/app/src/main/java/com/seafile/seadroid2/ui/settings/TabSettings2Fragment.kt:443:71 Unresolved reference 'getString'.
e: file:///Users/HONGBGU/Documents/seadroid/app/src/main/java/com/seafile/seadroid2/ui/settings/TabSettings2Fragment.kt:444:13 Unresolved reference 'R'.
e: file:///Users/HONGBGU/Documents/seadroid/app/src/main/java/com/seafile/seadroid2/ui/settings/TabSettings2Fragment.kt:449:29 Unresolved reference 'setRadiusPosition'.
e: file:///Users/HONGBGU/Documents/seadroid/app/src/main/java/com/seafile/seadroid2/ui/settings/TabSettings2Fragment.kt:449:47 Unresolved reference 'RadiusPositionEnum'.
e: file:///Users/HONGBGU/Documents/seadroid/app/src/main/java/com/seafile/seadroid2/ui/settings/TabSettings2Fragment.kt:450:29 Unresolved reference 'setDividerPosition'.
e: file:///Users/HONGBGU/Documents/seadroid/app/src/main/java/com/seafile/seadroid2/ui/settings/TabSettings2Fragment.kt:450:48 Unresolved reference 'DividerPositionEnum'.
e: file:///Users/HONGBGU/Documents/seadroid/app/src/main/java/com/seafile/seadroid2/ui/settings/TabSettings2Fragment.kt:452:25 Unresolved reference 'setSummary'.
e: file:///Users/HONGBGU/Documents/seadroid/app/src/main/java/com/seafile/seadroid2/ui/settings/TabSettings2Fragment.kt:456:39 Unresolved reference 'findPreference'.
e: file:///Users/HONGBGU/Documents/seadroid/app/src/main/java/com/seafile/seadroid2/ui/settings/TabSettings2Fragment.kt:456:54 Unresolved reference 'getString'.
e: file:///Users/HONGBGU/Documents/seadroid/app/src/main/java/com/seafile/seadroid2/ui/settings/TabSettings2Fragment.kt:457:13 Unresolved reference 'R'.
e: file:///Users/HONGBGU/Documents/seadroid/app/src/main/java/com/seafile/seadroid2/ui/settings/TabSettings2Fragment.kt:461:30 Unresolved reference 'MaterialAlertDialogBuilder'.
e: file:///Users/HONGBGU/Documents/seadroid/app/src/main/java/com/seafile/seadroid2/ui/settings/TabSettings2Fragment.kt:462:21 Unresolved reference 'MaterialAlertDialogBuilder'.
e: file:///Users/HONGBGU/Documents/seadroid/app/src/main/java/com/seafile/seadroid2/ui/settings/TabSettings2Fragment.kt:462:48 Unresolved reference 'requireActivity'.
e: file:///Users/HONGBGU/Documents/seadroid/app/src/main/java/com/seafile/seadroid2/ui/settings/TabSettings2Fragment.kt:463:27 Unresolved reference 'Spanned'.
e: file:///Users/HONGBGU/Documents/seadroid/app/src/main/java/com/seafile/seadroid2/ui/settings/TabSettings2Fragment.kt:463:37 Unresolved reference 'HtmlCompat'.
e: file:///Users/HONGBGU/Documents/seadroid/app/src/main/java/com/seafile/seadroid2/ui/settings/TabSettings2Fragment.kt:464:21 Unresolved reference 'getString'.
e: file:///Users/HONGBGU/Documents/seadroid/app/src/main/java/com/seafile/seadroid2/ui/settings/TabSettings2Fragment.kt:464:31 Unresolved reference 'R'.
e: file:///Users/HONGBGU/Documents/seadroid/app/src/main/java/com/seafile/seadroid2/ui/settings/TabSettings2Fragment.kt:465:21 Unresolved reference 'HtmlCompat'.
e: file:///Users/HONGBGU/Documents/seadroid/app/src/main/java/com/seafile/seadroid2/ui/settings/TabSettings2Fragment.kt:467:25 Unresolved reference 'setMessage'.
e: file:///Users/HONGBGU/Documents/seadroid/app/src/main/java/com/seafile/seadroid2/ui/settings/TabSettings2Fragment.kt:468:25 Unresolved reference 'show'.
e: file:///Users/HONGBGU/Documents/seadroid/app/src/main/java/com/seafile/seadroid2/ui/settings/TabSettings2Fragment.kt:473:43 Unresolved reference 'findPreference'.
e: file:///Users/HONGBGU/Documents/seadroid/app/src/main/java/com/seafile/seadroid2/ui/settings/TabSettings2Fragment.kt:473:58 Unresolved reference 'getString'.
e: file:///Users/HONGBGU/Documents/seadroid/app/src/main/java/com/seafile/seadroid2/ui/settings/TabSettings2Fragment.kt:474:13 Unresolved reference 'R'.
e: file:///Users/HONGBGU/Documents/seadroid/app/src/main/java/com/seafile/seadroid2/ui/settings/TabSettings2Fragment.kt:479:73 Return type of 'onPreferenceClick' is not a subtype of the return type of the overridden member 'fun onPreferenceClick(@NonNull() p0: Preference): Boolean'.
e: file:///Users/HONGBGU/Documents/seadroid/app/src/main/java/com/seafile/seadroid2/ui/settings/TabSettings2Fragment.kt:481:28 Return type mismatch: expected 'java.lang.Boolean', actual 'kotlin.Boolean'.
e: file:///Users/HONGBGU/Documents/seadroid/app/src/main/java/com/seafile/seadroid2/ui/settings/TabSettings2Fragment.kt:488:31 Unresolved reference 'Logs'.
e: file:///Users/HONGBGU/Documents/seadroid/app/src/main/java/com/seafile/seadroid2/ui/settings/TabSettings2Fragment.kt:490:13 Unresolved reference 'Toasts'.
e: file:///Users/HONGBGU/Documents/seadroid/app/src/main/java/com/seafile/seadroid2/ui/settings/TabSettings2Fragment.kt:490:25 Unresolved reference 'R'.
e: file:///Users/HONGBGU/Documents/seadroid/app/src/main/java/com/seafile/seadroid2/ui/settings/TabSettings2Fragment.kt:494:58 Class '<anonymous>' is not abstract and does not implement abstract member 'compare'.
e: file:///Users/HONGBGU/Documents/seadroid/app/src/main/java/com/seafile/seadroid2/ui/settings/TabSettings2Fragment.kt:495:13 'compare' overrides nothing.
e: file:///Users/HONGBGU/Documents/seadroid/app/src/main/java/com/seafile/seadroid2/ui/settings/TabSettings2Fragment.kt:501:13 Unresolved reference 'Toasts'.
e: file:///Users/HONGBGU/Documents/seadroid/app/src/main/java/com/seafile/seadroid2/ui/settings/TabSettings2Fragment.kt:501:25 Unresolved reference 'R'.
e: file:///Users/HONGBGU/Documents/seadroid/app/src/main/java/com/seafile/seadroid2/ui/settings/TabSettings2Fragment.kt:507:13 Unresolved reference 'Toasts'.
e: file:///Users/HONGBGU/Documents/seadroid/app/src/main/java/com/seafile/seadroid2/ui/settings/TabSettings2Fragment.kt:507:25 Unresolved reference 'R'.
e: file:///Users/HONGBGU/Documents/seadroid/app/src/main/java/com/seafile/seadroid2/ui/settings/TabSettings2Fragment.kt:513:25 Unresolved reference 'FileProvider'.
e: file:///Users/HONGBGU/Documents/seadroid/app/src/main/java/com/seafile/seadroid2/ui/settings/TabSettings2Fragment.kt:514:13 Unresolved reference 'requireContext'.
e: file:///Users/HONGBGU/Documents/seadroid/app/src/main/java/com/seafile/seadroid2/ui/settings/TabSettings2Fragment.kt:520:36 Unresolved reference 'WidgetUtils'.
e: file:///Users/HONGBGU/Documents/seadroid/app/src/main/java/com/seafile/seadroid2/ui/settings/TabSettings2Fragment.kt:520:66 Unresolved reference 'requireContext'.
e: file:///Users/HONGBGU/Documents/seadroid/app/src/main/java/com/seafile/seadroid2/ui/settings/TabSettings2Fragment.kt:521:13 Condition type mismatch: inferred type is 'java.lang.Boolean' but 'Boolean' was expected.
e: file:///Users/HONGBGU/Documents/seadroid/app/src/main/java/com/seafile/seadroid2/ui/settings/TabSettings2Fragment.kt:522:13 Unresolved reference 'startActivity'.
e: file:///Users/HONGBGU/Documents/seadroid/app/src/main/java/com/seafile/seadroid2/ui/settings/TabSettings2Fragment.kt:524:27 Unresolved reference 'format'.
e: file:///Users/HONGBGU/Documents/seadroid/app/src/main/java/com/seafile/seadroid2/ui/settings/TabSettings2Fragment.kt:525:17 Unresolved reference 'requireContext'.
e: file:///Users/HONGBGU/Documents/seadroid/app/src/main/java/com/seafile/seadroid2/ui/settings/TabSettings2Fragment.kt:525:44 Unresolved reference 'R'.
e: file:///Users/HONGBGU/Documents/seadroid/app/src/main/java/com/seafile/seadroid2/ui/settings/TabSettings2Fragment.kt:528:13 Unresolved reference 'Toasts'.
e: file:///Users/HONGBGU/Documents/seadroid/app/src/main/java/com/seafile/seadroid2/ui/settings/TabSettings2Fragment.kt:534:29 Unresolved reference 'SignOutDialogFragment'.
e: file:///Users/HONGBGU/Documents/seadroid/app/src/main/java/com/seafile/seadroid2/ui/settings/TabSettings2Fragment.kt:534:53 Unresolved reference 'SignOutDialogFragment'.
e: file:///Users/HONGBGU/Documents/seadroid/app/src/main/java/com/seafile/seadroid2/ui/settings/TabSettings2Fragment.kt:535:24 Unresolved reference 'setRefreshListener'.
e: file:///Users/HONGBGU/Documents/seadroid/app/src/main/java/com/seafile/seadroid2/ui/settings/TabSettings2Fragment.kt:535:43 Unresolved reference 'OnRefreshDataListener'.
e: file:///Users/HONGBGU/Documents/seadroid/app/src/main/java/com/seafile/seadroid2/ui/settings/TabSettings2Fragment.kt:536:17 Condition type mismatch: inferred type is 'java.lang.Boolean' but 'Boolean' was expected.
e: file:///Users/HONGBGU/Documents/seadroid/app/src/main/java/com/seafile/seadroid2/ui/settings/TabSettings2Fragment.kt:537:38 None of the following candidates is applicable:
constructor(p0: String!, p1: Uri!): Intent
constructor(p0: Context!, p1: Class<*>!): Intent
e: file:///Users/HONGBGU/Documents/seadroid/app/src/main/java/com/seafile/seadroid2/ui/settings/TabSettings2Fragment.kt:537:45 Unresolved reference 'requireActivity'.
e: file:///Users/HONGBGU/Documents/seadroid/app/src/main/java/com/seafile/seadroid2/ui/settings/TabSettings2Fragment.kt:537:64 Unresolved reference 'SplashActivity'.
e: file:///Users/HONGBGU/Documents/seadroid/app/src/main/java/com/seafile/seadroid2/ui/settings/TabSettings2Fragment.kt:537:86 Unresolved reference. None of the following candidates is applicable because of a receiver type mismatch:
val <T> KClass<T>.java: Class<T>
e: file:///Users/HONGBGU/Documents/seadroid/app/src/main/java/com/seafile/seadroid2/ui/settings/TabSettings2Fragment.kt:539:17 Unresolved reference 'startActivity'.
e: file:///Users/HONGBGU/Documents/seadroid/app/src/main/java/com/seafile/seadroid2/ui/settings/TabSettings2Fragment.kt:540:17 Unresolved reference 'requireActivity'.
e: file:///Users/HONGBGU/Documents/seadroid/app/src/main/java/com/seafile/seadroid2/ui/settings/TabSettings2Fragment.kt:543:24 Unresolved reference 'show'.
e: file:///Users/HONGBGU/Documents/seadroid/app/src/main/java/com/seafile/seadroid2/ui/settings/TabSettings2Fragment.kt:544:13 Unresolved reference 'getChildFragmentManager'.
e: file:///Users/HONGBGU/Documents/seadroid/app/src/main/java/com/seafile/seadroid2/ui/settings/TabSettings2Fragment.kt:545:13 Unresolved reference 'SignOutDialogFragment'.
e: file:///Users/HONGBGU/Documents/seadroid/app/src/main/java/com/seafile/seadroid2/ui/settings/TabSettings2Fragment.kt:545:42 Unresolved reference. None of the following candidates is applicable because of a receiver type mismatch:
val <T> KClass<T>.java: Class<T>
e: file:///Users/HONGBGU/Documents/seadroid/app/src/main/java/com/seafile/seadroid2/ui/settings/TabSettings2Fragment.kt:551:28 Unresolved reference 'USER_INFO'.
e: file:///Users/HONGBGU/Documents/seadroid/app/src/main/java/com/seafile/seadroid2/ui/settings/TabSettings2Fragment.kt:551:46 Unresolved reference 'getViewLifecycleOwner'.
e: file:///Users/HONGBGU/Documents/seadroid/app/src/main/java/com/seafile/seadroid2/ui/settings/TabSettings2Fragment.kt:553:17 Unresolved reference 'findPreference'.
e: file:///Users/HONGBGU/Documents/seadroid/app/src/main/java/com/seafile/seadroid2/ui/settings/TabSettings2Fragment.kt:553:44 Unresolved reference 'getString'.
e: file:///Users/HONGBGU/Documents/seadroid/app/src/main/java/com/seafile/seadroid2/ui/settings/TabSettings2Fragment.kt:554:21 Unresolved reference 'R'.
e: file:///Users/HONGBGU/Documents/seadroid/app/src/main/java/com/seafile/seadroid2/ui/settings/TabSettings2Fragment.kt:559:44 Only safe (?.) or non-null asserted (!!.) calls are allowed on a nullable receiver of type 'com.seafile.seadroid2.preferences.SettingsLiveData<kotlin.String?>?'.
e: file:///Users/HONGBGU/Documents/seadroid/app/src/main/java/com/seafile/seadroid2/ui/settings/TabSettings2Fragment.kt:560:13 Unresolved reference 'getViewLifecycleOwner'.
e: file:///Users/HONGBGU/Documents/seadroid/app/src/main/java/com/seafile/seadroid2/ui/settings/TabSettings2Fragment.kt:563:21 Unresolved reference 'findPreference'.
e: file:///Users/HONGBGU/Documents/seadroid/app/src/main/java/com/seafile/seadroid2/ui/settings/TabSettings2Fragment.kt:563:48 Unresolved reference 'getString'.
e: file:///Users/HONGBGU/Documents/seadroid/app/src/main/java/com/seafile/seadroid2/ui/settings/TabSettings2Fragment.kt:564:25 Unresolved reference 'R'.
e: file:///Users/HONGBGU/Documents/seadroid/app/src/main/java/com/seafile/seadroid2/ui/settings/TabSettings2Fragment.kt:569:38 Only safe (?.) or non-null asserted (!!.) calls are allowed on a nullable receiver of type 'com.seafile.seadroid2.preferences.SettingsLiveData<kotlin.String?>?'.
e: file:///Users/HONGBGU/Documents/seadroid/app/src/main/java/com/seafile/seadroid2/ui/settings/TabSettings2Fragment.kt:569:47 Unresolved reference 'getViewLifecycleOwner'.
e: file:///Users/HONGBGU/Documents/seadroid/app/src/main/java/com/seafile/seadroid2/ui/settings/TabSettings2Fragment.kt:571:17 Unresolved reference 'findPreference'.
e: file:///Users/HONGBGU/Documents/seadroid/app/src/main/java/com/seafile/seadroid2/ui/settings/TabSettings2Fragment.kt:571:32 Unresolved reference 'getString'.
e: file:///Users/HONGBGU/Documents/seadroid/app/src/main/java/com/seafile/seadroid2/ui/settings/TabSettings2Fragment.kt:572:21 Unresolved reference 'R'.
e: file:///Users/HONGBGU/Documents/seadroid/app/src/main/java/com/seafile/seadroid2/ui/settings/TabSettings2Fragment.kt:578:47 Only safe (?.) or non-null asserted (!!.) calls are allowed on a nullable receiver of type 'com.seafile.seadroid2.preferences.SettingsLiveData<kotlin.Boolean?>?'.
e: file:///Users/HONGBGU/Documents/seadroid/app/src/main/java/com/seafile/seadroid2/ui/settings/TabSettings2Fragment.kt:579:13 Unresolved reference 'getViewLifecycleOwner'.
e: file:///Users/HONGBGU/Documents/seadroid/app/src/main/java/com/seafile/seadroid2/ui/settings/TabSettings2Fragment.kt:580:13 Class '<anonymous>' is not abstract and does not implement abstract member 'onChanged'.
e: file:///Users/HONGBGU/Documents/seadroid/app/src/main/java/com/seafile/seadroid2/ui/settings/TabSettings2Fragment.kt:580:13 Argument type mismatch: actual type is 'com.seafile.seadroid2.ui.settings.<anonymous>', but 'androidx.lifecycle.Observer<in kotlin.Boolean?>' was expected.
e: file:///Users/HONGBGU/Documents/seadroid/app/src/main/java/com/seafile/seadroid2/ui/settings/TabSettings2Fragment.kt:581:17 'onChanged' overrides nothing.
e: file:///Users/HONGBGU/Documents/seadroid/app/src/main/java/com/seafile/seadroid2/ui/settings/TabSettings2Fragment.kt:582:21 Unresolved reference 'Logs'.
e: file:///Users/HONGBGU/Documents/seadroid/app/src/main/java/com/seafile/seadroid2/ui/settings/TabSettings2Fragment.kt:584:25 Condition type mismatch: inferred type is 'java.lang.Boolean' but 'Boolean' was expected.
e: file:///Users/HONGBGU/Documents/seadroid/app/src/main/java/com/seafile/seadroid2/ui/settings/TabSettings2Fragment.kt:587:25 Unresolved reference 'AlbumBackupSharePreferenceHelper'.
e: file:///Users/HONGBGU/Documents/seadroid/app/src/main/java/com/seafile/seadroid2/ui/settings/TabSettings2Fragment.kt:594:65 Only safe (?.) or non-null asserted (!!.) calls are allowed on a nullable receiver of type 'com.seafile.seadroid2.preferences.SettingsLiveData<kotlin.Boolean?>?'.
e: file:///Users/HONGBGU/Documents/seadroid/app/src/main/java/com/seafile/seadroid2/ui/settings/TabSettings2Fragment.kt:595:13 Unresolved reference 'getViewLifecycleOwner'.
e: file:///Users/HONGBGU/Documents/seadroid/app/src/main/java/com/seafile/seadroid2/ui/settings/TabSettings2Fragment.kt:596:13 Argument type mismatch: actual type is 'com.seafile.seadroid2.ui.settings.<anonymous>', but 'androidx.lifecycle.Observer<in kotlin.Boolean?>' was expected.
e: file:///Users/HONGBGU/Documents/seadroid/app/src/main/java/com/seafile/seadroid2/ui/settings/TabSettings2Fragment.kt:598:21 Unresolved reference 'Logs'.
e: file:///Users/HONGBGU/Documents/seadroid/app/src/main/java/com/seafile/seadroid2/ui/settings/TabSettings2Fragment.kt:603:67 Only safe (?.) or non-null asserted (!!.) calls are allowed on a nullable receiver of type 'com.seafile.seadroid2.preferences.SettingsLiveData<kotlin.Boolean?>?'.
e: file:///Users/HONGBGU/Documents/seadroid/app/src/main/java/com/seafile/seadroid2/ui/settings/TabSettings2Fragment.kt:604:13 Unresolved reference 'getViewLifecycleOwner'.
e: file:///Users/HONGBGU/Documents/seadroid/app/src/main/java/com/seafile/seadroid2/ui/settings/TabSettings2Fragment.kt:605:13 Argument type mismatch: actual type is 'com.seafile.seadroid2.ui.settings.<anonymous>', but 'androidx.lifecycle.Observer<in kotlin.Boolean?>' was expected.
e: file:///Users/HONGBGU/Documents/seadroid/app/src/main/java/com/seafile/seadroid2/ui/settings/TabSettings2Fragment.kt:607:21 Unresolved reference 'Logs'.
e: file:///Users/HONGBGU/Documents/seadroid/app/src/main/java/com/seafile/seadroid2/ui/settings/TabSettings2Fragment.kt:636:48 Only safe (?.) or non-null asserted (!!.) calls are allowed on a nullable receiver of type 'com.seafile.seadroid2.preferences.SettingsLiveData<kotlin.Boolean?>?'.
e: file:///Users/HONGBGU/Documents/seadroid/app/src/main/java/com/seafile/seadroid2/ui/settings/TabSettings2Fragment.kt:637:13 Unresolved reference 'getViewLifecycleOwner'.
e: file:///Users/HONGBGU/Documents/seadroid/app/src/main/java/com/seafile/seadroid2/ui/settings/TabSettings2Fragment.kt:638:13 Argument type mismatch: actual type is 'com.seafile.seadroid2.ui.settings.<anonymous>', but 'androidx.lifecycle.Observer<in kotlin.Boolean?>' was expected.
e: file:///Users/HONGBGU/Documents/seadroid/app/src/main/java/com/seafile/seadroid2/ui/settings/TabSettings2Fragment.kt:640:21 Unresolved reference 'Logs'.
e: file:///Users/HONGBGU/Documents/seadroid/app/src/main/java/com/seafile/seadroid2/ui/settings/TabSettings2Fragment.kt:646:25 Unresolved reference 'FolderBackupSharePreferenceHelper'.
e: file:///Users/HONGBGU/Documents/seadroid/app/src/main/java/com/seafile/seadroid2/ui/settings/TabSettings2Fragment.kt:647:25 Unresolved reference 'FolderBackupSharePreferenceHelper'.
e: file:///Users/HONGBGU/Documents/seadroid/app/src/main/java/com/seafile/seadroid2/ui/settings/TabSettings2Fragment.kt:648:25 Unresolved reference 'FolderBackupSharePreferenceHelper'.
e: file:///Users/HONGBGU/Documents/seadroid/app/src/main/java/com/seafile/seadroid2/ui/settings/TabSettings2Fragment.kt:657:59 Only safe (?.) or non-null asserted (!!.) calls are allowed on a nullable receiver of type 'com.seafile.seadroid2.preferences.SettingsLiveData<kotlin.Boolean?>?'.
e: file:///Users/HONGBGU/Documents/seadroid/app/src/main/java/com/seafile/seadroid2/ui/settings/TabSettings2Fragment.kt:658:13 Unresolved reference 'getViewLifecycleOwner'.
e: file:///Users/HONGBGU/Documents/seadroid/app/src/main/java/com/seafile/seadroid2/ui/settings/TabSettings2Fragment.kt:659:13 Class '<anonymous>' is not abstract and does not implement abstract member 'onChanged'.
e: file:///Users/HONGBGU/Documents/seadroid/app/src/main/java/com/seafile/seadroid2/ui/settings/TabSettings2Fragment.kt:660:17 'onChanged' overrides nothing.
e: file:///Users/HONGBGU/Documents/seadroid/app/src/main/java/com/seafile/seadroid2/ui/settings/TabSettings2Fragment.kt:661:21 Unresolved reference 'Logs'.
e: file:///Users/HONGBGU/Documents/seadroid/app/src/main/java/com/seafile/seadroid2/ui/settings/TabSettings2Fragment.kt:663:21 Unresolved reference 'FolderBackupSharePreferenceHelper'.
e: file:///Users/HONGBGU/Documents/seadroid/app/src/main/java/com/seafile/seadroid2/ui/settings/TabSettings2Fragment.kt:669:54 Only safe (?.) or non-null asserted (!!.) calls are allowed on a nullable receiver of type 'com.seafile.seadroid2.preferences.SettingsLiveData<com.seafile.seadroid2.enums.NetworkMode?>?'.
e: file:///Users/HONGBGU/Documents/seadroid/app/src/main/java/com/seafile/seadroid2/ui/settings/TabSettings2Fragment.kt:670:13 Unresolved reference 'getViewLifecycleOwner'.
e: file:///Users/HONGBGU/Documents/seadroid/app/src/main/java/com/seafile/seadroid2/ui/settings/TabSettings2Fragment.kt:671:13 Class '<anonymous>' is not abstract and does not implement abstract member 'onChanged'.
e: file:///Users/HONGBGU/Documents/seadroid/app/src/main/java/com/seafile/seadroid2/ui/settings/TabSettings2Fragment.kt:671:31 Unresolved reference 'NetworkMode'.
e: file:///Users/HONGBGU/Documents/seadroid/app/src/main/java/com/seafile/seadroid2/ui/settings/TabSettings2Fragment.kt:672:17 'onChanged' overrides nothing.
e: file:///Users/HONGBGU/Documents/seadroid/app/src/main/java/com/seafile/seadroid2/ui/settings/TabSettings2Fragment.kt:672:53 Unresolved reference 'NetworkMode'.
e: file:///Users/HONGBGU/Documents/seadroid/app/src/main/java/com/seafile/seadroid2/ui/settings/TabSettings2Fragment.kt:673:21 Unresolved reference 'Logs'.
e: file:///Users/HONGBGU/Documents/seadroid/app/src/main/java/com/seafile/seadroid2/ui/settings/TabSettings2Fragment.kt:673:75 Unresolved reference 'name'.
e: file:///Users/HONGBGU/Documents/seadroid/app/src/main/java/com/seafile/seadroid2/ui/settings/TabSettings2Fragment.kt:690:51 Only safe (?.) or non-null asserted (!!.) calls are allowed on a nullable receiver of type 'com.seafile.seadroid2.preferences.SettingsLiveData<kotlin.String?>?'.
e: file:///Users/HONGBGU/Documents/seadroid/app/src/main/java/com/seafile/seadroid2/ui/settings/TabSettings2Fragment.kt:691:13 Unresolved reference 'getViewLifecycleOwner'.
e: file:///Users/HONGBGU/Documents/seadroid/app/src/main/java/com/seafile/seadroid2/ui/settings/TabSettings2Fragment.kt:694:21 Unresolved reference 'Logs'.
e: file:///Users/HONGBGU/Documents/seadroid/app/src/main/java/com/seafile/seadroid2/ui/settings/TabSettings2Fragment.kt:700:49 Only safe (?.) or non-null asserted (!!.) calls are allowed on a nullable receiver of type 'com.seafile.seadroid2.preferences.SettingsLiveData<kotlin.String?>?'.
e: file:///Users/HONGBGU/Documents/seadroid/app/src/main/java/com/seafile/seadroid2/ui/settings/TabSettings2Fragment.kt:701:13 Unresolved reference 'getViewLifecycleOwner'.
e: file:///Users/HONGBGU/Documents/seadroid/app/src/main/java/com/seafile/seadroid2/ui/settings/TabSettings2Fragment.kt:704:21 Unresolved reference 'Logs'.
e: file:///Users/HONGBGU/Documents/seadroid/app/src/main/java/com/seafile/seadroid2/ui/settings/TabSettings2Fragment.kt:712:38 Only safe (?.) or non-null asserted (!!.) calls are allowed on a nullable receiver of type 'com.seafile.seadroid2.preferences.SettingsLiveData<kotlin.String?>?'.
e: file:///Users/HONGBGU/Documents/seadroid/app/src/main/java/com/seafile/seadroid2/ui/settings/TabSettings2Fragment.kt:712:47 Unresolved reference 'getViewLifecycleOwner'.
e: file:///Users/HONGBGU/Documents/seadroid/app/src/main/java/com/seafile/seadroid2/ui/settings/TabSettings2Fragment.kt:714:17 Unresolved reference 'Logs'.
e: file:///Users/HONGBGU/Documents/seadroid/app/src/main/java/com/seafile/seadroid2/ui/settings/TabSettings2Fragment.kt:715:17 Unresolved reference 'findPreference'.
e: file:///Users/HONGBGU/Documents/seadroid/app/src/main/java/com/seafile/seadroid2/ui/settings/TabSettings2Fragment.kt:715:32 Unresolved reference 'getString'.
e: file:///Users/HONGBGU/Documents/seadroid/app/src/main/java/com/seafile/seadroid2/ui/settings/TabSettings2Fragment.kt:716:21 Unresolved reference 'R'.
e: file:///Users/HONGBGU/Documents/seadroid/app/src/main/java/com/seafile/seadroid2/ui/settings/TabSettings2Fragment.kt:723:9 Unresolved reference 'BusHelper'.
e: file:///Users/HONGBGU/Documents/seadroid/app/src/main/java/com/seafile/seadroid2/ui/settings/TabSettings2Fragment.kt:724:22 Unresolved reference 'getViewLifecycleOwner'.
e: file:///Users/HONGBGU/Documents/seadroid/app/src/main/java/com/seafile/seadroid2/ui/settings/TabSettings2Fragment.kt:724:47 Class '<anonymous>' is not abstract and does not implement abstract member 'onChanged'.
e: file:///Users/HONGBGU/Documents/seadroid/app/src/main/java/com/seafile/seadroid2/ui/settings/TabSettings2Fragment.kt:725:17 'onChanged' overrides nothing.
e: file:///Users/HONGBGU/Documents/seadroid/app/src/main/java/com/seafile/seadroid2/ui/settings/TabSettings2Fragment.kt:732:49 Unresolved reference 'TransferWorker'.
e: file:///Users/HONGBGU/Documents/seadroid/app/src/main/java/com/seafile/seadroid2/ui/settings/TabSettings2Fragment.kt:733:50 Unresolved reference 'TransferWorker'.
e: file:///Users/HONGBGU/Documents/seadroid/app/src/main/java/com/seafile/seadroid2/ui/settings/TabSettings2Fragment.kt:734:45 Unresolved reference 'TransferWorker'.
e: file:///Users/HONGBGU/Documents/seadroid/app/src/main/java/com/seafile/seadroid2/ui/settings/TabSettings2Fragment.kt:735:49 Unresolved reference 'TransferWorker'.
e: file:///Users/HONGBGU/Documents/seadroid/app/src/main/java/com/seafile/seadroid2/ui/settings/TabSettings2Fragment.kt:736:45 Unresolved reference 'TransferWorker'.
e: file:///Users/HONGBGU/Documents/seadroid/app/src/main/java/com/seafile/seadroid2/ui/settings/TabSettings2Fragment.kt:738:9 Unresolved reference 'Logs'.
e: file:///Users/HONGBGU/Documents/seadroid/app/src/main/java/com/seafile/seadroid2/ui/settings/TabSettings2Fragment.kt:745:13 Unresolved reference 'TextUtils'.
e: file:///Users/HONGBGU/Documents/seadroid/app/src/main/java/com/seafile/seadroid2/ui/settings/TabSettings2Fragment.kt:745:43 Unresolved reference 'TransferEvent'.
e: file:///Users/HONGBGU/Documents/seadroid/app/src/main/java/com/seafile/seadroid2/ui/settings/TabSettings2Fragment.kt:747:20 Unresolved reference 'TextUtils'.
e: file:///Users/HONGBGU/Documents/seadroid/app/src/main/java/com/seafile/seadroid2/ui/settings/TabSettings2Fragment.kt:747:50 Unresolved reference 'TransferEvent'.
e: file:///Users/HONGBGU/Documents/seadroid/app/src/main/java/com/seafile/seadroid2/ui/settings/TabSettings2Fragment.kt:749:20 Unresolved reference 'TextUtils'.
e: file:///Users/HONGBGU/Documents/seadroid/app/src/main/java/com/seafile/seadroid2/ui/settings/TabSettings2Fragment.kt:749:50 Unresolved reference 'TransferEvent'.
e: file:///Users/HONGBGU/Documents/seadroid/app/src/main/java/com/seafile/seadroid2/ui/settings/TabSettings2Fragment.kt:751:20 Unresolved reference 'TextUtils'.
e: file:///Users/HONGBGU/Documents/seadroid/app/src/main/java/com/seafile/seadroid2/ui/settings/TabSettings2Fragment.kt:751:50 Unresolved reference 'TransferEvent'.
e: file:///Users/HONGBGU/Documents/seadroid/app/src/main/java/com/seafile/seadroid2/ui/settings/TabSettings2Fragment.kt:753:20 Unresolved reference 'TextUtils'.
e: file:///Users/HONGBGU/Documents/seadroid/app/src/main/java/com/seafile/seadroid2/ui/settings/TabSettings2Fragment.kt:753:50 Unresolved reference 'TransferEvent'.
e: file:///Users/HONGBGU/Documents/seadroid/app/src/main/java/com/seafile/seadroid2/ui/settings/TabSettings2Fragment.kt:755:20 Unresolved reference 'TextUtils'.
e: file:///Users/HONGBGU/Documents/seadroid/app/src/main/java/com/seafile/seadroid2/ui/settings/TabSettings2Fragment.kt:755:50 Unresolved reference 'TransferEvent'.
e: file:///Users/HONGBGU/Documents/seadroid/app/src/main/java/com/seafile/seadroid2/ui/settings/TabSettings2Fragment.kt:757:20 Unresolved reference 'TextUtils'.
e: file:///Users/HONGBGU/Documents/seadroid/app/src/main/java/com/seafile/seadroid2/ui/settings/TabSettings2Fragment.kt:757:50 Unresolved reference 'TransferEvent'.
e: file:///Users/HONGBGU/Documents/seadroid/app/src/main/java/com/seafile/seadroid2/ui/settings/TabSettings2Fragment.kt:768:13 Unresolved reference 'not' for operator '!'.
e: file:///Users/HONGBGU/Documents/seadroid/app/src/main/java/com/seafile/seadroid2/ui/settings/TabSettings2Fragment.kt:768:14 Unresolved reference 'TextUtils'.
e: file:///Users/HONGBGU/Documents/seadroid/app/src/main/java/com/seafile/seadroid2/ui/settings/TabSettings2Fragment.kt:773:13 Unresolved reference 'TextUtils'.
e: file:///Users/HONGBGU/Documents/seadroid/app/src/main/java/com/seafile/seadroid2/ui/settings/TabSettings2Fragment.kt:773:43 Unresolved reference 'TransferEvent'.
e: file:///Users/HONGBGU/Documents/seadroid/app/src/main/java/com/seafile/seadroid2/ui/settings/TabSettings2Fragment.kt:774:33 Only safe (?.) or non-null asserted (!!.) calls are allowed on a nullable receiver of type 'androidx.preference.Preference?'.
e: file:///Users/HONGBGU/Documents/seadroid/app/src/main/java/com/seafile/seadroid2/ui/settings/TabSettings2Fragment.kt:774:45 Unresolved reference 'R'.
e: file:///Users/HONGBGU/Documents/seadroid/app/src/main/java/com/seafile/seadroid2/ui/settings/TabSettings2Fragment.kt:778:13 Unresolved reference 'FeatureDataSource'.
e: file:///Users/HONGBGU/Documents/seadroid/app/src/main/java/com/seafile/seadroid2/ui/settings/TabSettings2Fragment.kt:779:16 Unresolved reference 'FeatureDataSource'.
e: file:///Users/HONGBGU/Documents/seadroid/app/src/main/java/com/seafile/seadroid2/ui/settings/TabSettings2Fragment.kt:780:16 Unresolved reference 'FeatureDataSource'.
e: file:///Users/HONGBGU/Documents/seadroid/app/src/main/java/com/seafile/seadroid2/ui/settings/TabSettings2Fragment.kt:782:42 Unresolved reference 'GlobalTransferCacheList'.
e: file:///Users/HONGBGU/Documents/seadroid/app/src/main/java/com/seafile/seadroid2/ui/settings/TabSettings2Fragment.kt:788:20 Unresolved reference 'FeatureDataSource'.
e: file:///Users/HONGBGU/Documents/seadroid/app/src/main/java/com/seafile/seadroid2/ui/settings/TabSettings2Fragment.kt:789:42 Unresolved reference 'GlobalTransferCacheList'.
e: file:///Users/HONGBGU/Documents/seadroid/app/src/main/java/com/seafile/seadroid2/ui/settings/TabSettings2Fragment.kt:810:13 Unresolved reference 'PermissionUtil'.
e: file:///Users/HONGBGU/Documents/seadroid/app/src/main/java/com/seafile/seadroid2/ui/settings/TabSettings2Fragment.kt:810:49 Unresolved reference 'requireContext'.
e: file:///Users/HONGBGU/Documents/seadroid/app/src/main/java/com/seafile/seadroid2/ui/settings/TabSettings2Fragment.kt:811:34 None of the following candidates is applicable:
constructor(p0: String!, p1: Uri!): Intent
constructor(p0: Context!, p1: Class<*>!): Intent
e: file:///Users/HONGBGU/Documents/seadroid/app/src/main/java/com/seafile/seadroid2/ui/settings/TabSettings2Fragment.kt:811:41 Unresolved reference 'requireActivity'.
e: file:///Users/HONGBGU/Documents/seadroid/app/src/main/java/com/seafile/seadroid2/ui/settings/TabSettings2Fragment.kt:811:60 Unresolved reference 'CameraUploadConfigActivity'.
e: file:///Users/HONGBGU/Documents/seadroid/app/src/main/java/com/seafile/seadroid2/ui/settings/TabSettings2Fragment.kt:811:94 Unresolved reference. None of the following candidates is applicable because of a receiver type mismatch:
val <T> KClass<T>.java: Class<T>
e: file:///Users/HONGBGU/Documents/seadroid/app/src/main/java/com/seafile/seadroid2/ui/settings/TabSettings2Fragment.kt:812:38 Only safe (?.) or non-null asserted (!!.) calls are allowed on a nullable receiver of type 'androidx.activity.result.ActivityResultLauncher<android.content.Intent?>?'.
e: file:///Users/HONGBGU/Documents/seadroid/app/src/main/java/com/seafile/seadroid2/ui/settings/TabSettings2Fragment.kt:822:13 Unresolved reference 'PermissionUtil'.
e: file:///Users/HONGBGU/Documents/seadroid/app/src/main/java/com/seafile/seadroid2/ui/settings/TabSettings2Fragment.kt:822:49 Unresolved reference 'requireContext'.
e: file:///Users/HONGBGU/Documents/seadroid/app/src/main/java/com/seafile/seadroid2/ui/settings/TabSettings2Fragment.kt:831:13 Unresolved reference 'PermissionUtil'.
e: file:///Users/HONGBGU/Documents/seadroid/app/src/main/java/com/seafile/seadroid2/ui/settings/TabSettings2Fragment.kt:831:49 Unresolved reference 'requireContext'.
e: file:///Users/HONGBGU/Documents/seadroid/app/src/main/java/com/seafile/seadroid2/ui/settings/TabSettings2Fragment.kt:835:25 Unresolved reference 'requireContext'.
e: file:///Users/HONGBGU/Documents/seadroid/app/src/main/java/com/seafile/seadroid2/ui/settings/TabSettings2Fragment.kt:837:30 For-loop range must have an 'iterator()' method.
e: file:///Users/HONGBGU/Documents/seadroid/app/src/main/java/com/seafile/seadroid2/ui/settings/TabSettings2Fragment.kt:844:34 None of the following candidates is applicable:
constructor(p0: String!, p1: Uri!): Intent
constructor(p0: Context!, p1: Class<*>!): Intent
e: file:///Users/HONGBGU/Documents/seadroid/app/src/main/java/com/seafile/seadroid2/ui/settings/TabSettings2Fragment.kt:844:41 Unresolved reference 'requireContext'.
e: file:///Users/HONGBGU/Documents/seadroid/app/src/main/java/com/seafile/seadroid2/ui/settings/TabSettings2Fragment.kt:844:59 Unresolved reference 'FolderSelectorActivity'.
e: file:///Users/HONGBGU/Documents/seadroid/app/src/main/java/com/seafile/seadroid2/ui/settings/TabSettings2Fragment.kt:844:89 Unresolved reference. None of the following candidates is applicable because of a receiver type mismatch:
val <T> KClass<T>.java: Class<T>
e: file:///Users/HONGBGU/Documents/seadroid/app/src/main/java/com/seafile/seadroid2/ui/settings/TabSettings2Fragment.kt:845:29 Unresolved reference 'FolderSelectorActivity'.
e: file:///Users/HONGBGU/Documents/seadroid/app/src/main/java/com/seafile/seadroid2/ui/settings/TabSettings2Fragment.kt:847:17 Unresolved reference 'FolderSelectorActivity'.
e: file:///Users/HONGBGU/Documents/seadroid/app/src/main/java/com/seafile/seadroid2/ui/settings/TabSettings2Fragment.kt:850:35 Only safe (?.) or non-null asserted (!!.) calls are allowed on a nullable receiver of type 'androidx.activity.result.ActivityResultLauncher<android.content.Intent?>?'.
e: file:///Users/HONGBGU/Documents/seadroid/app/src/main/java/com/seafile/seadroid2/ui/settings/TabSettings2Fragment.kt:859:13 Unresolved reference 'Build'.
e: file:///Users/HONGBGU/Documents/seadroid/app/src/main/java/com/seafile/seadroid2/ui/settings/TabSettings2Fragment.kt:859:37 Unresolved reference 'Build'.
e: file:///Users/HONGBGU/Documents/seadroid/app/src/main/java/com/seafile/seadroid2/ui/settings/TabSettings2Fragment.kt:860:19 Unresolved reference 'R'.
e: file:///Users/HONGBGU/Documents/seadroid/app/src/main/java/com/seafile/seadroid2/ui/settings/TabSettings2Fragment.kt:862:19 Unresolved reference 'R'.
e: file:///Users/HONGBGU/Documents/seadroid/app/src/main/java/com/seafile/seadroid2/ui/settings/TabSettings2Fragment.kt:865:9 Unresolved reference 'MaterialAlertDialogBuilder'.
e: file:///Users/HONGBGU/Documents/seadroid/app/src/main/java/com/seafile/seadroid2/ui/settings/TabSettings2Fragment.kt:865:36 Unresolved reference 'requireContext'.
e: file:///Users/HONGBGU/Documents/seadroid/app/src/main/java/com/seafile/seadroid2/ui/settings/TabSettings2Fragment.kt:869:17 Unresolved reference 'R'.
e: file:///Users/HONGBGU/Documents/seadroid/app/src/main/java/com/seafile/seadroid2/ui/settings/TabSettings2Fragment.kt:870:17 Unresolved reference 'DialogInterface'.
e: file:///Users/HONGBGU/Documents/seadroid/app/src/main/java/com/seafile/seadroid2/ui/settings/TabSettings2Fragment.kt:870:59 Unresolved reference 'DialogInterface'.
e: file:///Users/HONGBGU/Documents/seadroid/app/src/main/java/com/seafile/seadroid2/ui/settings/TabSettings2Fragment.kt:871:28 Unresolved reference 'dismiss'.
e: file:///Users/HONGBGU/Documents/seadroid/app/src/main/java/com/seafile/seadroid2/ui/settings/TabSettings2Fragment.kt:872:21 Unresolved reference 'Toasts'.
e: file:///Users/HONGBGU/Documents/seadroid/app/src/main/java/com/seafile/seadroid2/ui/settings/TabSettings2Fragment.kt:880:17 Unresolved reference 'R'.
e: file:///Users/HONGBGU/Documents/seadroid/app/src/main/java/com/seafile/seadroid2/ui/settings/TabSettings2Fragment.kt:881:17 Unresolved reference 'DialogInterface'.
e: file:///Users/HONGBGU/Documents/seadroid/app/src/main/java/com/seafile/seadroid2/ui/settings/TabSettings2Fragment.kt:881:59 Unresolved reference 'DialogInterface'.
e: file:///Users/HONGBGU/Documents/seadroid/app/src/main/java/com/seafile/seadroid2/ui/settings/TabSettings2Fragment.kt:882:28 Unresolved reference 'dismiss'.
e: file:///Users/HONGBGU/Documents/seadroid/app/src/main/java/com/seafile/seadroid2/ui/settings/TabSettings2Fragment.kt:883:25 Unresolved reference 'Build'.
e: file:///Users/HONGBGU/Documents/seadroid/app/src/main/java/com/seafile/seadroid2/ui/settings/TabSettings2Fragment.kt:883:50 Unresolved reference 'Build'.
e: file:///Users/HONGBGU/Documents/seadroid/app/src/main/java/com/seafile/seadroid2/ui/settings/TabSettings2Fragment.kt:884:57 Only safe (?.) or non-null asserted (!!.) calls are allowed on a nullable receiver of type 'androidx.activity.result.ActivityResultLauncher<android.content.Intent?>?'.
e: file:///Users/HONGBGU/Documents/seadroid/app/src/main/java/com/seafile/seadroid2/ui/settings/TabSettings2Fragment.kt:885:29 Unresolved reference 'PermissionUtil'.
e: file:///Users/HONGBGU/Documents/seadroid/app/src/main/java/com/seafile/seadroid2/ui/settings/TabSettings2Fragment.kt:886:33 Unresolved reference 'requireContext'.
e: file:///Users/HONGBGU/Documents/seadroid/app/src/main/java/com/seafile/seadroid2/ui/settings/TabSettings2Fragment.kt:890:52 Only safe (?.) or non-null asserted (!!.) calls are allowed on a nullable receiver of type 'androidx.activity.result.ActivityResultLauncher<kotlin.Array<kotlin.String?>?>?'.
e: file:///Users/HONGBGU/Documents/seadroid/app/src/main/java/com/seafile/seadroid2/ui/settings/TabSettings2Fragment.kt:891:29 Argument type mismatch: actual type is 'kotlin.Array<kotlin.String>', but 'kotlin.Array<kotlin.String?>?' was expected.
e: file:///Users/HONGBGU/Documents/seadroid/app/src/main/java/com/seafile/seadroid2/ui/settings/TabSettings2Fragment.kt:892:33 Unresolved reference 'Manifest'.
e: file:///Users/HONGBGU/Documents/seadroid/app/src/main/java/com/seafile/seadroid2/ui/settings/TabSettings2Fragment.kt:893:33 Unresolved reference 'Manifest'.
e: file:///Users/HONGBGU/Documents/seadroid/app/src/main/java/com/seafile/seadroid2/ui/settings/TabSettings2Fragment.kt:902:28 Unresolved reference 'setChecked'.
e: file:///Users/HONGBGU/Documents/seadroid/app/src/main/java/com/seafile/seadroid2/ui/settings/TabSettings2Fragment.kt:906:32 Unresolved reference 'setRadiusPosition'.
e: file:///Users/HONGBGU/Documents/seadroid/app/src/main/java/com/seafile/seadroid2/ui/settings/TabSettings2Fragment.kt:906:50 Unresolved reference 'RadiusPositionEnum'.
e: file:///Users/HONGBGU/Documents/seadroid/app/src/main/java/com/seafile/seadroid2/ui/settings/TabSettings2Fragment.kt:907:32 Unresolved reference 'setDividerPosition'.
e: file:///Users/HONGBGU/Documents/seadroid/app/src/main/java/com/seafile/seadroid2/ui/settings/TabSettings2Fragment.kt:907:51 Unresolved reference 'DividerPositionEnum'.
e: file:///Users/HONGBGU/Documents/seadroid/app/src/main/java/com/seafile/seadroid2/ui/settings/TabSettings2Fragment.kt:909:32 Unresolved reference 'setRadiusPosition'.
e: file:///Users/HONGBGU/Documents/seadroid/app/src/main/java/com/seafile/seadroid2/ui/settings/TabSettings2Fragment.kt:909:50 Unresolved reference 'RadiusPositionEnum'.
e: file:///Users/HONGBGU/Documents/seadroid/app/src/main/java/com/seafile/seadroid2/ui/settings/TabSettings2Fragment.kt:910:32 Unresolved reference 'setDividerPosition'.
e: file:///Users/HONGBGU/Documents/seadroid/app/src/main/java/com/seafile/seadroid2/ui/settings/TabSettings2Fragment.kt:910:51 Unresolved reference 'DividerPositionEnum'.
e: file:///Users/HONGBGU/Documents/seadroid/app/src/main/java/com/seafile/seadroid2/ui/settings/TabSettings2Fragment.kt:915:44 Unresolved reference 'setVisible'.
e: file:///Users/HONGBGU/Documents/seadroid/app/src/main/java/com/seafile/seadroid2/ui/settings/TabSettings2Fragment.kt:916:41 Unresolved reference 'setVisible'.
e: file:///Users/HONGBGU/Documents/seadroid/app/src/main/java/com/seafile/seadroid2/ui/settings/TabSettings2Fragment.kt:918:44 Unresolved reference 'setVisible'.
e: file:///Users/HONGBGU/Documents/seadroid/app/src/main/java/com/seafile/seadroid2/ui/settings/TabSettings2Fragment.kt:924:21 Unresolved reference 'isAdded'.
e: file:///Users/HONGBGU/Documents/seadroid/app/src/main/java/com/seafile/seadroid2/ui/settings/TabSettings2Fragment.kt:932:14 Unresolved reference 'isAdded'.
e: file:///Users/HONGBGU/Documents/seadroid/app/src/main/java/com/seafile/seadroid2/ui/settings/TabSettings2Fragment.kt:932:27 Unresolved reference 'getView'.
e: file:///Users/HONGBGU/Documents/seadroid/app/src/main/java/com/seafile/seadroid2/ui/settings/TabSettings2Fragment.kt:936:25 Unresolved reference 'RepoConfig'.
e: file:///Users/HONGBGU/Documents/seadroid/app/src/main/java/com/seafile/seadroid2/ui/settings/TabSettings2Fragment.kt:936:39 Unresolved reference 'AlbumBackupSharePreferenceHelper'.
e: file:///Users/HONGBGU/Documents/seadroid/app/src/main/java/com/seafile/seadroid2/ui/settings/TabSettings2Fragment.kt:938:29 Only safe (?.) or non-null asserted (!!.) calls are allowed on a nullable receiver of type 'androidx.preference.Preference?'.
e: file:///Users/HONGBGU/Documents/seadroid/app/src/main/java/com/seafile/seadroid2/ui/settings/TabSettings2Fragment.kt:938:52 Unresolved reference 'getRepoName'.
e: file:///Users/HONGBGU/Documents/seadroid/app/src/main/java/com/seafile/seadroid2/ui/settings/TabSettings2Fragment.kt:940:29 Only safe (?.) or non-null asserted (!!.) calls are allowed on a nullable receiver of type 'androidx.preference.Preference?'.
e: file:///Users/HONGBGU/Documents/seadroid/app/src/main/java/com/seafile/seadroid2/ui/settings/TabSettings2Fragment.kt:940:41 Unresolved reference 'getString'.
e: file:///Users/HONGBGU/Documents/seadroid/app/src/main/java/com/seafile/seadroid2/ui/settings/TabSettings2Fragment.kt:940:51 Unresolved reference 'R'.
e: file:///Users/HONGBGU/Documents/seadroid/app/src/main/java/com/seafile/seadroid2/ui/settings/TabSettings2Fragment.kt:944:13 Initializer type mismatch: expected 'kotlin.Boolean', actual 'kotlin.Boolean?'.
e: file:///Users/HONGBGU/Documents/seadroid/app/src/main/java/com/seafile/seadroid2/ui/settings/TabSettings2Fragment.kt:944:69 Only safe (?.) or non-null asserted (!!.) calls are allowed on a nullable receiver of type 'com.seafile.seadroid2.preferences.SettingsLiveData<kotlin.Boolean?>?'.
e: file:///Users/HONGBGU/Documents/seadroid/app/src/main/java/com/seafile/seadroid2/ui/settings/TabSettings2Fragment.kt:946:48 Unresolved reference 'setChecked'.
e: file:///Users/HONGBGU/Documents/seadroid/app/src/main/java/com/seafile/seadroid2/ui/settings/TabSettings2Fragment.kt:950:13 Initializer type mismatch: expected 'kotlin.Boolean', actual 'kotlin.Boolean?'.
e: file:///Users/HONGBGU/Documents/seadroid/app/src/main/java/com/seafile/seadroid2/ui/settings/TabSettings2Fragment.kt:950:71 Only safe (?.) or non-null asserted (!!.) calls are allowed on a nullable receiver of type 'com.seafile.seadroid2.preferences.SettingsLiveData<kotlin.Boolean?>?'.
e: file:///Users/HONGBGU/Documents/seadroid/app/src/main/java/com/seafile/seadroid2/ui/settings/TabSettings2Fragment.kt:952:45 Unresolved reference 'setChecked'.
e: file:///Users/HONGBGU/Documents/seadroid/app/src/main/java/com/seafile/seadroid2/ui/settings/TabSettings2Fragment.kt:960:51 Unresolved reference 'AlbumBackupSharePreferenceHelper'.
e: file:///Users/HONGBGU/Documents/seadroid/app/src/main/java/com/seafile/seadroid2/ui/settings/TabSettings2Fragment.kt:962:52 Unresolved reference 'setSummary'.
e: file:///Users/HONGBGU/Documents/seadroid/app/src/main/java/com/seafile/seadroid2/ui/settings/TabSettings2Fragment.kt:962:63 Unresolved reference 'R'.
e: file:///Users/HONGBGU/Documents/seadroid/app/src/main/java/com/seafile/seadroid2/ui/settings/TabSettings2Fragment.kt:963:34 Unresolved reference 'ContextCompat'.
e: file:///Users/HONGBGU/Documents/seadroid/app/src/main/java/com/seafile/seadroid2/ui/settings/TabSettings2Fragment.kt:963:57 Unresolved reference 'requireContext'.
e: file:///Users/HONGBGU/Documents/seadroid/app/src/main/java/com/seafile/seadroid2/ui/settings/TabSettings2Fragment.kt:963:75 Unresolved reference 'R'.
e: file:///Users/HONGBGU/Documents/seadroid/app/src/main/java/com/seafile/seadroid2/ui/settings/TabSettings2Fragment.kt:964:52 Unresolved reference 'setSummaryTextColor'.
e: file:///Users/HONGBGU/Documents/seadroid/app/src/main/java/com/seafile/seadroid2/ui/settings/TabSettings2Fragment.kt:967:46 Unresolved reference 'GalleryBucketUtils'.
e: file:///Users/HONGBGU/Documents/seadroid/app/src/main/java/com/seafile/seadroid2/ui/settings/TabSettings2Fragment.kt:968:21 Unresolved reference 'GalleryBucketUtils'.
e: file:///Users/HONGBGU/Documents/seadroid/app/src/main/java/com/seafile/seadroid2/ui/settings/TabSettings2Fragment.kt:968:56 Unresolved reference 'SeadroidApplication'.
e: file:///Users/HONGBGU/Documents/seadroid/app/src/main/java/com/seafile/seadroid2/ui/settings/TabSettings2Fragment.kt:974:51 Unresolved reference 'bucketId'.
e: file:///Users/HONGBGU/Documents/seadroid/app/src/main/java/com/seafile/seadroid2/ui/settings/TabSettings2Fragment.kt:975:48 Unresolved reference 'bucketName'.
e: file:///Users/HONGBGU/Documents/seadroid/app/src/main/java/com/seafile/seadroid2/ui/settings/TabSettings2Fragment.kt:978:52 Unresolved reference 'setSummary'.
e: file:///Users/HONGBGU/Documents/seadroid/app/src/main/java/com/seafile/seadroid2/ui/settings/TabSettings2Fragment.kt:978:63 Unresolved reference 'TextUtils'.
e: file:///Users/HONGBGU/Documents/seadroid/app/src/main/java/com/seafile/seadroid2/ui/settings/TabSettings2Fragment.kt:979:34 Unresolved reference 'ContextCompat'.
e: file:///Users/HONGBGU/Documents/seadroid/app/src/main/java/com/seafile/seadroid2/ui/settings/TabSettings2Fragment.kt:979:57 Unresolved reference 'requireContext'.
e: file:///Users/HONGBGU/Documents/seadroid/app/src/main/java/com/seafile/seadroid2/ui/settings/TabSettings2Fragment.kt:979:75 Unresolved reference 'R'.
e: file:///Users/HONGBGU/Documents/seadroid/app/src/main/java/com/seafile/seadroid2/ui/settings/TabSettings2Fragment.kt:980:52 Unresolved reference 'setSummaryTextColor'.
e: file:///Users/HONGBGU/Documents/seadroid/app/src/main/java/com/seafile/seadroid2/ui/settings/TabSettings2Fragment.kt:991:13 Unresolved reference 'AlbumBackupSharePreferenceHelper'.
e: file:///Users/HONGBGU/Documents/seadroid/app/src/main/java/com/seafile/seadroid2/ui/settings/TabSettings2Fragment.kt:994:9 Unresolved reference 'GlobalTransferCacheList'.
e: file:///Users/HONGBGU/Documents/seadroid/app/src/main/java/com/seafile/seadroid2/ui/settings/TabSettings2Fragment.kt:996:13 Unresolved reference 'AlbumBackupSharePreferenceHelper'.
e: file:///Users/HONGBGU/Documents/seadroid/app/src/main/java/com/seafile/seadroid2/ui/settings/TabSettings2Fragment.kt:997:13 Unresolved reference 'CameraUploadManager'.
e: file:///Users/HONGBGU/Documents/seadroid/app/src/main/java/com/seafile/seadroid2/ui/settings/TabSettings2Fragment.kt:998:13 Unresolved reference 'CameraUploadManager'.
e: file:///Users/HONGBGU/Documents/seadroid/app/src/main/java/com/seafile/seadroid2/ui/settings/TabSettings2Fragment.kt:1001:13 Unresolved reference 'BackgroundJobManagerImpl'.
e: file:///Users/HONGBGU/Documents/seadroid/app/src/main/java/com/seafile/seadroid2/ui/settings/TabSettings2Fragment.kt:1002:50 Unresolved reference 'requireContext'.
e: file:///Users/HONGBGU/Documents/seadroid/app/src/main/java/com/seafile/seadroid2/ui/settings/TabSettings2Fragment.kt:1006:13 Unresolved reference 'BackgroundJobManagerImpl'.
e: file:///Users/HONGBGU/Documents/seadroid/app/src/main/java/com/seafile/seadroid2/ui/settings/TabSettings2Fragment.kt:1007:46 Unresolved reference 'requireContext'.
e: file:///Users/HONGBGU/Documents/seadroid/app/src/main/java/com/seafile/seadroid2/ui/settings/TabSettings2Fragment.kt:1009:13 Unresolved reference 'BackupThreadExecutor'.
e: file:///Users/HONGBGU/Documents/seadroid/app/src/main/java/com/seafile/seadroid2/ui/settings/TabSettings2Fragment.kt:1011:13 Unresolved reference 'CameraUploadManager'.
e: file:///Users/HONGBGU/Documents/seadroid/app/src/main/java/com/seafile/seadroid2/ui/settings/TabSettings2Fragment.kt:1016:29 Unresolved reference 'setChecked'.
e: file:///Users/HONGBGU/Documents/seadroid/app/src/main/java/com/seafile/seadroid2/ui/settings/TabSettings2Fragment.kt:1020:33 Unresolved reference 'setRadiusPosition'.
e: file:///Users/HONGBGU/Documents/seadroid/app/src/main/java/com/seafile/seadroid2/ui/settings/TabSettings2Fragment.kt:1020:51 Unresolved reference 'RadiusPositionEnum'.
e: file:///Users/HONGBGU/Documents/seadroid/app/src/main/java/com/seafile/seadroid2/ui/settings/TabSettings2Fragment.kt:1021:33 Unresolved reference 'setDividerPosition'.
e: file:///Users/HONGBGU/Documents/seadroid/app/src/main/java/com/seafile/seadroid2/ui/settings/TabSettings2Fragment.kt:1021:52 Unresolved reference 'DividerPositionEnum'.
e: file:///Users/HONGBGU/Documents/seadroid/app/src/main/java/com/seafile/seadroid2/ui/settings/TabSettings2Fragment.kt:1023:33 Unresolved reference 'setRadiusPosition'.
e: file:///Users/HONGBGU/Documents/seadroid/app/src/main/java/com/seafile/seadroid2/ui/settings/TabSettings2Fragment.kt:1023:51 Unresolved reference 'RadiusPositionEnum'.
e: file:///Users/HONGBGU/Documents/seadroid/app/src/main/java/com/seafile/seadroid2/ui/settings/TabSettings2Fragment.kt:1024:33 Unresolved reference 'setDividerPosition'.
e: file:///Users/HONGBGU/Documents/seadroid/app/src/main/java/com/seafile/seadroid2/ui/settings/TabSettings2Fragment.kt:1024:52 Unresolved reference 'DividerPositionEnum'.
e: file:///Users/HONGBGU/Documents/seadroid/app/src/main/java/com/seafile/seadroid2/ui/settings/TabSettings2Fragment.kt:1025:48 Unresolved reference 'setChecked'.
e: file:///Users/HONGBGU/Documents/seadroid/app/src/main/java/com/seafile/seadroid2/ui/settings/TabSettings2Fragment.kt:1032:44 Unresolved reference 'setVisible'.
e: file:///Users/HONGBGU/Documents/seadroid/app/src/main/java/com/seafile/seadroid2/ui/settings/TabSettings2Fragment.kt:1037:21 Unresolved reference 'isAdded'.
e: file:///Users/HONGBGU/Documents/seadroid/app/src/main/java/com/seafile/seadroid2/ui/settings/TabSettings2Fragment.kt:1045:14 Unresolved reference 'isAdded'.
e: file:///Users/HONGBGU/Documents/seadroid/app/src/main/java/com/seafile/seadroid2/ui/settings/TabSettings2Fragment.kt:1045:27 Unresolved reference 'getView'.
e: file:///Users/HONGBGU/Documents/seadroid/app/src/main/java/com/seafile/seadroid2/ui/settings/TabSettings2Fragment.kt:1050:13 Initializer type mismatch: expected 'kotlin.Boolean', actual 'kotlin.Boolean?'.
e: file:///Users/HONGBGU/Documents/seadroid/app/src/main/java/com/seafile/seadroid2/ui/settings/TabSettings2Fragment.kt:1050:63 Only safe (?.) or non-null asserted (!!.) calls are allowed on a nullable receiver of type 'com.seafile.seadroid2.preferences.SettingsLiveData<kotlin.Boolean?>?'.
e: file:///Users/HONGBGU/Documents/seadroid/app/src/main/java/com/seafile/seadroid2/ui/settings/TabSettings2Fragment.kt:1052:48 Unresolved reference 'setChecked'.
e: file:///Users/HONGBGU/Documents/seadroid/app/src/main/java/com/seafile/seadroid2/ui/settings/TabSettings2Fragment.kt:1056:25 Unresolved reference 'RepoConfig'.
e: file:///Users/HONGBGU/Documents/seadroid/app/src/main/java/com/seafile/seadroid2/ui/settings/TabSettings2Fragment.kt:1056:39 Unresolved reference 'FolderBackupSharePreferenceHelper'.
e: file:///Users/HONGBGU/Documents/seadroid/app/src/main/java/com/seafile/seadroid2/ui/settings/TabSettings2Fragment.kt:1057:35 Unresolved reference 'not' for operator '!'.
e: file:///Users/HONGBGU/Documents/seadroid/app/src/main/java/com/seafile/seadroid2/ui/settings/TabSettings2Fragment.kt:1057:36 Unresolved reference 'TextUtils'.
e: file:///Users/HONGBGU/Documents/seadroid/app/src/main/java/com/seafile/seadroid2/ui/settings/TabSettings2Fragment.kt:1057:65 Unresolved reference 'getRepoName'.
e: file:///Users/HONGBGU/Documents/seadroid/app/src/main/java/com/seafile/seadroid2/ui/settings/TabSettings2Fragment.kt:1058:36 Only safe (?.) or non-null asserted (!!.) calls are allowed on a nullable receiver of type 'androidx.preference.Preference?'.
e: file:///Users/HONGBGU/Documents/seadroid/app/src/main/java/com/seafile/seadroid2/ui/settings/TabSettings2Fragment.kt:1058:59 Unresolved reference 'getRepoName'.
e: file:///Users/HONGBGU/Documents/seadroid/app/src/main/java/com/seafile/seadroid2/ui/settings/TabSettings2Fragment.kt:1060:36 Only safe (?.) or non-null asserted (!!.) calls are allowed on a nullable receiver of type 'androidx.preference.Preference?'.
e: file:///Users/HONGBGU/Documents/seadroid/app/src/main/java/com/seafile/seadroid2/ui/settings/TabSettings2Fragment.kt:1060:48 Unresolved reference 'getString'.
e: file:///Users/HONGBGU/Documents/seadroid/app/src/main/java/com/seafile/seadroid2/ui/settings/TabSettings2Fragment.kt:1060:58 Unresolved reference 'R'.
e: file:///Users/HONGBGU/Documents/seadroid/app/src/main/java/com/seafile/seadroid2/ui/settings/TabSettings2Fragment.kt:1064:13 Unresolved reference 'FolderBackupSharePreferenceHelper'.
e: file:///Users/HONGBGU/Documents/seadroid/app/src/main/java/com/seafile/seadroid2/ui/settings/TabSettings2Fragment.kt:1074:13 Unresolved reference 'FolderBackupSharePreferenceHelper'.
e: file:///Users/HONGBGU/Documents/seadroid/app/src/main/java/com/seafile/seadroid2/ui/settings/TabSettings2Fragment.kt:1077:9 Unresolved reference 'GlobalTransferCacheList'.
e: file:///Users/HONGBGU/Documents/seadroid/app/src/main/java/com/seafile/seadroid2/ui/settings/TabSettings2Fragment.kt:1080:9 Unresolved reference 'BusHelper'.
e: file:///Users/HONGBGU/Documents/seadroid/app/src/main/java/com/seafile/seadroid2/ui/settings/TabSettings2Fragment.kt:1080:44 Unresolved reference 'BusAction'.
e: file:///Users/HONGBGU/Documents/seadroid/app/src/main/java/com/seafile/seadroid2/ui/settings/TabSettings2Fragment.kt:1082:13 Unresolved reference 'FolderBackupSharePreferenceHelper'.
e: file:///Users/HONGBGU/Documents/seadroid/app/src/main/java/com/seafile/seadroid2/ui/settings/TabSettings2Fragment.kt:1085:13 Unresolved reference 'BackgroundJobManagerImpl'.
e: file:///Users/HONGBGU/Documents/seadroid/app/src/main/java/com/seafile/seadroid2/ui/settings/TabSettings2Fragment.kt:1086:51 Unresolved reference 'requireContext'.
e: file:///Users/HONGBGU/Documents/seadroid/app/src/main/java/com/seafile/seadroid2/ui/settings/TabSettings2Fragment.kt:1088:13 Unresolved reference 'BackupThreadExecutor'.
e: file:///Users/HONGBGU/Documents/seadroid/app/src/main/java/com/seafile/seadroid2/ui/settings/TabSettings2Fragment.kt:1092:13 Unresolved reference 'BackgroundJobManagerImpl'.
e: file:///Users/HONGBGU/Documents/seadroid/app/src/main/java/com/seafile/seadroid2/ui/settings/TabSettings2Fragment.kt:1093:47 Unresolved reference 'requireContext'.
e: file:///Users/HONGBGU/Documents/seadroid/app/src/main/java/com/seafile/seadroid2/ui/settings/TabSettings2Fragment.kt:1095:13 Unresolved reference 'BackupThreadExecutor'.
e: file:///Users/HONGBGU/Documents/seadroid/app/src/main/java/com/seafile/seadroid2/ui/settings/TabSettings2Fragment.kt:1107:29 Unresolved reference 'ClearPasswordDialogFragment'.
e: file:///Users/HONGBGU/Documents/seadroid/app/src/main/java/com/seafile/seadroid2/ui/settings/TabSettings2Fragment.kt:1108:13 Unresolved reference 'ClearPasswordDialogFragment'.
e: file:///Users/HONGBGU/Documents/seadroid/app/src/main/java/com/seafile/seadroid2/ui/settings/TabSettings2Fragment.kt:1109:24 Unresolved reference 'setRefreshListener'.
e: file:///Users/HONGBGU/Documents/seadroid/app/src/main/java/com/seafile/seadroid2/ui/settings/TabSettings2Fragment.kt:1109:52 Unresolved reference 'OnRefreshDataListener'.
e: file:///Users/HONGBGU/Documents/seadroid/app/src/main/java/com/seafile/seadroid2/ui/settings/TabSettings2Fragment.kt:1110:13 'onActionStatus' overrides nothing.
e: file:///Users/HONGBGU/Documents/seadroid/app/src/main/java/com/seafile/seadroid2/ui/settings/TabSettings2Fragment.kt:1112:21 Unresolved reference 'Toasts'.
e: file:///Users/HONGBGU/Documents/seadroid/app/src/main/java/com/seafile/seadroid2/ui/settings/TabSettings2Fragment.kt:1112:33 Unresolved reference 'R'.
e: file:///Users/HONGBGU/Documents/seadroid/app/src/main/java/com/seafile/seadroid2/ui/settings/TabSettings2Fragment.kt:1114:21 Unresolved reference 'Toasts'.
e: file:///Users/HONGBGU/Documents/seadroid/app/src/main/java/com/seafile/seadroid2/ui/settings/TabSettings2Fragment.kt:1114:33 Unresolved reference 'R'.
e: file:///Users/HONGBGU/Documents/seadroid/app/src/main/java/com/seafile/seadroid2/ui/settings/TabSettings2Fragment.kt:1118:24 Unresolved reference 'show'.
e: file:///Users/HONGBGU/Documents/seadroid/app/src/main/java/com/seafile/seadroid2/ui/settings/TabSettings2Fragment.kt:1119:13 Unresolved reference 'getChildFragmentManager'.
e: file:///Users/HONGBGU/Documents/seadroid/app/src/main/java/com/seafile/seadroid2/ui/settings/TabSettings2Fragment.kt:1120:13 Unresolved reference 'ClearPasswordDialogFragment'.
e: file:///Users/HONGBGU/Documents/seadroid/app/src/main/java/com/seafile/seadroid2/ui/settings/TabSettings2Fragment.kt:1120:48 Unresolved reference. None of the following candidates is applicable because of a receiver type mismatch:
val <T> KClass<T>.java: Class<T>
e: file:///Users/HONGBGU/Documents/seadroid/app/src/main/java/com/seafile/seadroid2/ui/settings/TabSettings2Fragment.kt:1125:29 Unresolved reference 'ClearCacheDialogFragment'.
e: file:///Users/HONGBGU/Documents/seadroid/app/src/main/java/com/seafile/seadroid2/ui/settings/TabSettings2Fragment.kt:1126:13 Unresolved reference 'ClearCacheDialogFragment'.
e: file:///Users/HONGBGU/Documents/seadroid/app/src/main/java/com/seafile/seadroid2/ui/settings/TabSettings2Fragment.kt:1127:24 Unresolved reference 'setRefreshListener'.
e: file:///Users/HONGBGU/Documents/seadroid/app/src/main/java/com/seafile/seadroid2/ui/settings/TabSettings2Fragment.kt:1127:52 Unresolved reference 'OnRefreshDataListener'.
e: file:///Users/HONGBGU/Documents/seadroid/app/src/main/java/com/seafile/seadroid2/ui/settings/TabSettings2Fragment.kt:1128:13 'onActionStatus' overrides nothing.
e: file:///Users/HONGBGU/Documents/seadroid/app/src/main/java/com/seafile/seadroid2/ui/settings/TabSettings2Fragment.kt:1131:21 Unresolved reference 'Toasts'.
e: file:///Users/HONGBGU/Documents/seadroid/app/src/main/java/com/seafile/seadroid2/ui/settings/TabSettings2Fragment.kt:1131:33 Unresolved reference 'R'.
e: file:///Users/HONGBGU/Documents/seadroid/app/src/main/java/com/seafile/seadroid2/ui/settings/TabSettings2Fragment.kt:1133:21 Unresolved reference 'Toasts'.
e: file:///Users/HONGBGU/Documents/seadroid/app/src/main/java/com/seafile/seadroid2/ui/settings/TabSettings2Fragment.kt:1133:33 Unresolved reference 'R'.
e: file:///Users/HONGBGU/Documents/seadroid/app/src/main/java/com/seafile/seadroid2/ui/settings/TabSettings2Fragment.kt:1137:24 Unresolved reference 'show'.
e: file:///Users/HONGBGU/Documents/seadroid/app/src/main/java/com/seafile/seadroid2/ui/settings/TabSettings2Fragment.kt:1138:13 Unresolved reference 'getChildFragmentManager'.
e: file:///Users/HONGBGU/Documents/seadroid/app/src/main/java/com/seafile/seadroid2/ui/settings/TabSettings2Fragment.kt:1139:13 Unresolved reference 'ClearCacheDialogFragment'.
e: file:///Users/HONGBGU/Documents/seadroid/app/src/main/java/com/seafile/seadroid2/ui/settings/TabSettings2Fragment.kt:1139:45 Unresolved reference. None of the following candidates is applicable because of a receiver type mismatch:
val <T> KClass<T>.java: Class<T>
e: file:///Users/HONGBGU/Documents/seadroid/app/src/main/java/com/seafile/seadroid2/ui/settings/TabSettings2Fragment.kt:1157:34 Unresolved reference 'registerForActivityResult'.
e: file:///Users/HONGBGU/Documents/seadroid/app/src/main/java/com/seafile/seadroid2/ui/settings/TabSettings2Fragment.kt:1159:13 Cannot infer type for this parameter. Please specify it explicitly.
e: file:///Users/HONGBGU/Documents/seadroid/app/src/main/java/com/seafile/seadroid2/ui/settings/TabSettings2Fragment.kt:1160:24 Unresolved reference 'resultCode'.
e: file:///Users/HONGBGU/Documents/seadroid/app/src/main/java/com/seafile/seadroid2/ui/settings/TabSettings2Fragment.kt:1161:17 Return type mismatch: expected 'ERROR CLASS: Cannot infer type variable TypeVariable(_L)', actual 'kotlin.Unit'.
e: file:///Users/HONGBGU/Documents/seadroid/app/src/main/java/com/seafile/seadroid2/ui/settings/TabSettings2Fragment.kt:1164:31 Unresolved reference 'data'.
e: file:///Users/HONGBGU/Documents/seadroid/app/src/main/java/com/seafile/seadroid2/ui/settings/TabSettings2Fragment.kt:1164:39 Return type mismatch: expected 'ERROR CLASS: Cannot infer type variable TypeVariable(_L)', actual 'kotlin.Unit'.
e: file:///Users/HONGBGU/Documents/seadroid/app/src/main/java/com/seafile/seadroid2/ui/settings/TabSettings2Fragment.kt:1170:48 Unresolved reference 'registerForActivityResult'.
e: file:///Users/HONGBGU/Documents/seadroid/app/src/main/java/com/seafile/seadroid2/ui/settings/TabSettings2Fragment.kt:1172:13 Cannot infer type for this parameter. Please specify it explicitly.
e: file:///Users/HONGBGU/Documents/seadroid/app/src/main/java/com/seafile/seadroid2/ui/settings/TabSettings2Fragment.kt:1173:24 Unresolved reference 'resultCode'.
e: file:///Users/HONGBGU/Documents/seadroid/app/src/main/java/com/seafile/seadroid2/ui/settings/TabSettings2Fragment.kt:1179:41 Unresolved reference 'registerForActivityResult'.
e: file:///Users/HONGBGU/Documents/seadroid/app/src/main/java/com/seafile/seadroid2/ui/settings/TabSettings2Fragment.kt:1181:13 Cannot infer type for this parameter. Please specify it explicitly.
e: file:///Users/HONGBGU/Documents/seadroid/app/src/main/java/com/seafile/seadroid2/ui/settings/TabSettings2Fragment.kt:1182:24 Unresolved reference 'resultCode'.
e: file:///Users/HONGBGU/Documents/seadroid/app/src/main/java/com/seafile/seadroid2/ui/settings/TabSettings2Fragment.kt:1188:37 Unresolved reference 'registerForActivityResult'.
e: file:///Users/HONGBGU/Documents/seadroid/app/src/main/java/com/seafile/seadroid2/ui/settings/TabSettings2Fragment.kt:1190:13 Cannot infer type for this parameter. Please specify it explicitly.
e: file:///Users/HONGBGU/Documents/seadroid/app/src/main/java/com/seafile/seadroid2/ui/settings/TabSettings2Fragment.kt:1192:24 Unresolved reference 'resultCode'.
e: file:///Users/HONGBGU/Documents/seadroid/app/src/main/java/com/seafile/seadroid2/ui/settings/TabSettings2Fragment.kt:1194:17 Return type mismatch: expected 'ERROR CLASS: Cannot infer type variable TypeVariable(_L)', actual 'kotlin.Unit'.
e: file:///Users/HONGBGU/Documents/seadroid/app/src/main/java/com/seafile/seadroid2/ui/settings/TabSettings2Fragment.kt:1202:38 Unresolved reference 'registerForActivityResult'.
e: file:///Users/HONGBGU/Documents/seadroid/app/src/main/java/com/seafile/seadroid2/ui/settings/TabSettings2Fragment.kt:1204:13 Cannot infer type for this parameter. Please specify it explicitly.
e: file:///Users/HONGBGU/Documents/seadroid/app/src/main/java/com/seafile/seadroid2/ui/settings/TabSettings2Fragment.kt:1205:24 Unresolved reference 'resultCode'.
e: file:///Users/HONGBGU/Documents/seadroid/app/src/main/java/com/seafile/seadroid2/ui/settings/TabSettings2Fragment.kt:1206:17 Return type mismatch: expected 'ERROR CLASS: Cannot infer type variable TypeVariable(_L)', actual 'kotlin.Unit'.
e: file:///Users/HONGBGU/Documents/seadroid/app/src/main/java/com/seafile/seadroid2/ui/settings/TabSettings2Fragment.kt:1209:31 Unresolved reference 'data'.
e: file:///Users/HONGBGU/Documents/seadroid/app/src/main/java/com/seafile/seadroid2/ui/settings/TabSettings2Fragment.kt:1209:39 Return type mismatch: expected 'ERROR CLASS: Cannot infer type variable TypeVariable(_L)', actual 'kotlin.Unit'.
e: file:///Users/HONGBGU/Documents/seadroid/app/src/main/java/com/seafile/seadroid2/ui/settings/TabSettings2Fragment.kt:1214:33 Unresolved reference 'RepoConfig'.
e: file:///Users/HONGBGU/Documents/seadroid/app/src/main/java/com/seafile/seadroid2/ui/settings/TabSettings2Fragment.kt:1215:35 Unresolved reference 'ObjKey'.
e: file:///Users/HONGBGU/Documents/seadroid/app/src/main/java/com/seafile/seadroid2/ui/settings/TabSettings2Fragment.kt:1216:68 Unresolved reference 'ObjKey'.
e: file:///Users/HONGBGU/Documents/seadroid/app/src/main/java/com/seafile/seadroid2/ui/settings/TabSettings2Fragment.kt:1217:54 Unresolved reference 'ObjKey'.
e: file:///Users/HONGBGU/Documents/seadroid/app/src/main/java/com/seafile/seadroid2/ui/settings/TabSettings2Fragment.kt:1218:56 Unresolved reference 'ObjKey'.
e: file:///Users/HONGBGU/Documents/seadroid/app/src/main/java/com/seafile/seadroid2/ui/settings/TabSettings2Fragment.kt:1221:38 Unresolved reference 'RepoConfig'.
e: file:///Users/HONGBGU/Documents/seadroid/app/src/main/java/com/seafile/seadroid2/ui/settings/TabSettings2Fragment.kt:1221:75 Unresolved reference 'getEmail'.
e: file:///Users/HONGBGU/Documents/seadroid/app/src/main/java/com/seafile/seadroid2/ui/settings/TabSettings2Fragment.kt:1221:95 Unresolved reference 'getSignature'.
e: file:///Users/HONGBGU/Documents/seadroid/app/src/main/java/com/seafile/seadroid2/ui/settings/TabSettings2Fragment.kt:1225:17 Unresolved reference 'FolderBackupSharePreferenceHelper'.
e: file:///Users/HONGBGU/Documents/seadroid/app/src/main/java/com/seafile/seadroid2/ui/settings/TabSettings2Fragment.kt:1229:72 Unresolved reference 'FolderBackupConfigActivity'.
e: file:///Users/HONGBGU/Documents/seadroid/app/src/main/java/com/seafile/seadroid2/ui/settings/TabSettings2Fragment.kt:1230:17 Unresolved reference 'FolderBackupSharePreferenceHelper'.
e: file:///Users/HONGBGU/Documents/seadroid/app/src/main/java/com/seafile/seadroid2/ui/settings/TabSettings2Fragment.kt:1238:39 Unresolved reference 'registerForActivityResult'.
e: file:///Users/HONGBGU/Documents/seadroid/app/src/main/java/com/seafile/seadroid2/ui/settings/TabSettings2Fragment.kt:1239:13 Unresolved reference 'RequestMultiplePermissions'.
e: file:///Users/HONGBGU/Documents/seadroid/app/src/main/java/com/seafile/seadroid2/ui/settings/TabSettings2Fragment.kt:1240:13 Class '<anonymous>' is not abstract and does not implement abstract member 'onActivityResult'.
e: file:///Users/HONGBGU/Documents/seadroid/app/src/main/java/com/seafile/seadroid2/ui/settings/TabSettings2Fragment.kt:1241:17 'onActivityResult' overrides nothing.
e: file:///Users/HONGBGU/Documents/seadroid/app/src/main/java/com/seafile/seadroid2/ui/settings/TabSettings2Fragment.kt:1248:29 Unresolved reference 'Toasts'.
e: file:///Users/HONGBGU/Documents/seadroid/app/src/main/java/com/seafile/seadroid2/ui/settings/TabSettings2Fragment.kt:1248:41 Unresolved reference 'R'.
e: file:///Users/HONGBGU/Documents/seadroid/app/src/main/java/com/seafile/seadroid2/ui/settings/TabSettings2Fragment.kt:1261:29 None of the following candidates is applicable:
constructor(p0: String!, p1: Uri!): Intent
constructor(p0: Context!, p1: Class<*>!): Intent
e: file:///Users/HONGBGU/Documents/seadroid/app/src/main/java/com/seafile/seadroid2/ui/settings/TabSettings2Fragment.kt:1261:36 Unresolved reference 'requireActivity'.
e: file:///Users/HONGBGU/Documents/seadroid/app/src/main/java/com/seafile/seadroid2/ui/settings/TabSettings2Fragment.kt:1261:55 Unresolved reference 'CameraUploadConfigActivity'.
e: file:///Users/HONGBGU/Documents/seadroid/app/src/main/java/com/seafile/seadroid2/ui/settings/TabSettings2Fragment.kt:1261:89 Unresolved reference. None of the following candidates is applicable because of a receiver type mismatch:
val <T> KClass<T>.java: Class<T>
e: file:///Users/HONGBGU/Documents/seadroid/app/src/main/java/com/seafile/seadroid2/ui/settings/TabSettings2Fragment.kt:1262:50 Only safe (?.) or non-null asserted (!!.) calls are allowed on a nullable receiver of type 'androidx.activity.result.ActivityResultLauncher<android.content.Intent?>?'.
e: file:///Users/HONGBGU/Documents/seadroid/app/src/main/java/com/seafile/seadroid2/ui/settings/TabSettings2Fragment.kt:1269:44 Unresolved reference 'registerForActivityResult'.
e: file:///Users/HONGBGU/Documents/seadroid/app/src/main/java/com/seafile/seadroid2/ui/settings/TabSettings2Fragment.kt:1271:13 Cannot infer type for this parameter. Please specify it explicitly.
e: file:///Users/HONGBGU/Documents/seadroid/app/src/main/java/com/seafile/seadroid2/ui/settings/TabSettings2Fragment.kt:1272:17 Unresolved reference 'PermissionUtil'.
e: file:///Users/HONGBGU/Documents/seadroid/app/src/main/java/com/seafile/seadroid2/ui/settings/TabSettings2Fragment.kt:1272:53 Unresolved reference 'requireContext'.
e: file:///Users/HONGBGU/Documents/seadroid/app/src/main/java/com/seafile/seadroid2/ui/settings/TabSettings2Fragment.kt:1275:34 None of the following candidates is applicable:
constructor(p0: String!, p1: Uri!): Intent
constructor(p0: Context!, p1: Class<*>!): Intent
e: file:///Users/HONGBGU/Documents/seadroid/app/src/main/java/com/seafile/seadroid2/ui/settings/TabSettings2Fragment.kt:1275:41 Unresolved reference 'requireActivity'.
e: file:///Users/HONGBGU/Documents/seadroid/app/src/main/java/com/seafile/seadroid2/ui/settings/TabSettings2Fragment.kt:1275:60 Unresolved reference 'CameraUploadConfigActivity'.
e: file:///Users/HONGBGU/Documents/seadroid/app/src/main/java/com/seafile/seadroid2/ui/settings/TabSettings2Fragment.kt:1275:94 Unresolved reference. None of the following candidates is applicable because of a receiver type mismatch:
val <T> KClass<T>.java: Class<T>
e: file:///Users/HONGBGU/Documents/seadroid/app/src/main/java/com/seafile/seadroid2/ui/settings/TabSettings2Fragment.kt:1276:46 Only safe (?.) or non-null asserted (!!.) calls are allowed on a nullable receiver of type 'androidx.activity.result.ActivityResultLauncher<android.content.Intent?>?'.
e: file:///Users/HONGBGU/Documents/seadroid/app/src/main/java/com/seafile/seadroid2/ui/settings/TabSettings2Fragment.kt:1283:17 Unresolved reference 'Toasts'.
e: file:///Users/HONGBGU/Documents/seadroid/app/src/main/java/com/seafile/seadroid2/ui/settings/TabSettings2Fragment.kt:1283:29 Unresolved reference 'R'.
e: file:///Users/HONGBGU/Documents/seadroid/app/src/main/java/com/seafile/seadroid2/ui/settings/TabSettings2Fragment.kt:1314:43 Unresolved reference 'requireContext'.
e: file:///Users/HONGBGU/Documents/seadroid/app/src/main/java/com/seafile/seadroid2/ui/settings/TabSettings2Fragment.kt:1314:61 Argument type mismatch: actual type is 'kotlin.String?', but 'kotlin.String' was expected.
e: file:///Users/HONGBGU/Documents/seadroid/app/src/main/java/com/seafile/seadroid2/ui/settings/TabSettings2Fragment.kt:1317:50 Class '<anonymous>' is not abstract and does not implement abstract member 'onChanged'.
e: file:///Users/HONGBGU/Documents/seadroid/app/src/main/java/com/seafile/seadroid2/ui/settings/TabSettings2Fragment.kt:1318:9 'onChanged' overrides nothing.
e: file:///Users/HONGBGU/Documents/seadroid/app/src/main/java/com/seafile/seadroid2/ui/settings/TabSettings2Fragment.kt:1319:17 Unresolved reference 'TextUtils'.
e: file:///Users/HONGBGU/Documents/seadroid/app/src/main/java/com/seafile/seadroid2/ui/settings/TabSettings2Fragment.kt:1345:54 Unresolved reference 'getDialog'.
e: file:///Users/HONGBGU/Documents/seadroid/app/src/main/java/com/seafile/seadroid2/ui/settings/TabSettings2Fragment.kt:1345:92 Unresolved reference 'getDialog'.
e: file:///Users/HONGBGU/Documents/seadroid/app/src/main/java/com/seafile/seadroid2/ui/settings/TabSettings2Fragment.kt:1347:31 Unresolved reference 'isAdded'.
e: file:///Users/HONGBGU/Documents/seadroid/app/src/main/java/com/seafile/seadroid2/ui/settings/TabSettings2Fragment.kt:1349:28 Unresolved reference 'dismiss'.
e: file:///Users/HONGBGU/Documents/seadroid/app/src/main/java/com/seafile/seadroid2/ui/settings/TabSettings2Fragment.kt:1353:9 Unresolved reference 'BusHelper'.
e: file:///Users/HONGBGU/Documents/seadroid/app/src/main/java/com/seafile/seadroid2/ui/settings/TabSettings2Fragment.kt:1353:44 Unresolved reference 'BusAction'.
e: file:///Users/HONGBGU/Documents/seadroid/app/src/main/java/com/seafile/seadroid2/ui/settings/TabSettings2Fragment.kt:1361:13 Unresolved reference 'BackupThreadExecutor'.
e: file:///Users/HONGBGU/Documents/seadroid/app/src/main/java/com/seafile/seadroid2/ui/settings/TabSettings2Fragment.kt:1363:13 Unresolved reference 'Toasts'.
e: file:///Users/HONGBGU/Documents/seadroid/app/src/main/java/com/seafile/seadroid2/ui/settings/TabSettings2Fragment.kt:1363:25 Unresolved reference 'R'.
e: file:///Users/HONGBGU/Documents/seadroid/app/src/main/java/com/seafile/seadroid2/ui/settings/TabSettings2Fragment.kt:1382:26 Unresolved reference 'MaterialAlertDialogBuilder'.
e: file:///Users/HONGBGU/Documents/seadroid/app/src/main/java/com/seafile/seadroid2/ui/settings/TabSettings2Fragment.kt:1382:55 Unresolved reference 'MaterialAlertDialogBuilder'.
e: file:///Users/HONGBGU/Documents/seadroid/app/src/main/java/com/seafile/seadroid2/ui/settings/TabSettings2Fragment.kt:1382:82 Unresolved reference 'requireContext'.
e: file:///Users/HONGBGU/Documents/seadroid/app/src/main/java/com/seafile/seadroid2/ui/settings/TabSettings2Fragment.kt:1383:21 Unresolved reference 'setView'.
e: file:///Users/HONGBGU/Documents/seadroid/app/src/main/java/com/seafile/seadroid2/ui/settings/TabSettings2Fragment.kt:1383:29 Unresolved reference 'R'.
e: file:///Users/HONGBGU/Documents/seadroid/app/src/main/java/com/seafile/seadroid2/ui/settings/TabSettings2Fragment.kt:1384:21 Unresolved reference 'setCancelable'.
e: file:///Users/HONGBGU/Documents/seadroid/app/src/main/java/com/seafile/seadroid2/ui/settings/TabSettings2Fragment.kt:1385:30 Unresolved reference 'create'.
e: file:///Users/HONGBGU/Documents/seadroid/app/src/main/java/com/seafile/seadroid2/ui/settings/TabSettings2Fragment.kt:1386:43 Argument type mismatch: actual type is 'com.seafile.seadroid2.ui.settings.<anonymous>', but 'android.content.DialogInterface.OnDismissListener?' was expected.
e: file:///Users/HONGBGU/Documents/seadroid/app/src/main/java/com/seafile/seadroid2/ui/settings/TabSettings2Fragment.kt:1386:52 Unresolved reference 'DialogInterface'.
e: file:///Users/HONGBGU/Documents/seadroid/app/src/main/java/com/seafile/seadroid2/ui/settings/TabSettings2Fragment.kt:1387:17 'onDismiss' overrides nothing.
e: file:///Users/HONGBGU/Documents/seadroid/app/src/main/java/com/seafile/seadroid2/ui/settings/TabSettings2Fragment.kt:1387:49 Unresolved reference 'DialogInterface'.
e: file:///Users/HONGBGU/Documents/seadroid/app/src/main/java/com/seafile/seadroid2/ui/share/ShareToSeafileActivity.kt:53:61 Only safe (?.) or non-null asserted (!!.) calls are allowed on a nullable receiver of type 'com.seafile.seadroid2.framework.service.BackupThreadExecutor?'.
e: file:///Users/HONGBGU/Documents/seadroid/app/src/main/java/com/seafile/seadroid2/ui/share/ShareToSeafileActivity.kt:116:48 Only safe (?.) or non-null asserted (!!.) calls are allowed on a nullable receiver of type 'com.jeremyliao.liveeventbus.core.Observable<android.os.Bundle?>?'.
e: file:///Users/HONGBGU/Documents/seadroid/app/src/main/java/com/seafile/seadroid2/ui/share/ShareToSeafileActivity.kt:116:63 Class '<anonymous>' is not abstract and does not implement abstract member 'onChanged'.
e: file:///Users/HONGBGU/Documents/seadroid/app/src/main/java/com/seafile/seadroid2/ui/share/ShareToSeafileActivity.kt:117:13 'onChanged' overrides nothing.
e: file:///Users/HONGBGU/Documents/seadroid/app/src/main/java/com/seafile/seadroid2/ui/share/ShareToSeafileActivity.kt:153:59 Unresolved reference 'times' for operator '*'.
e: file:///Users/HONGBGU/Documents/seadroid/app/src/main/java/com/seafile/seadroid2/ui/share/ShareToSeafileActivity.kt:171:76 Argument type mismatch: actual type is 'kotlin.String?', but 'kotlin.String' was expected.
e: file:///Users/HONGBGU/Documents/seadroid/app/src/main/java/com/seafile/seadroid2/ui/share/ShareToSeafileActivity.kt:214:13 Class '<anonymous>' is not abstract and does not implement abstract member 'accept'.
e: file:///Users/HONGBGU/Documents/seadroid/app/src/main/java/com/seafile/seadroid2/ui/share/ShareToSeafileActivity.kt:216:17 'accept' overrides nothing.
e: file:///Users/HONGBGU/Documents/seadroid/app/src/main/java/com/seafile/seadroid2/ui/share/ShareToSeafileActivity.kt:226:29 Argument type mismatch: actual type is 'com.seafile.seadroid2.account.Account?', but 'com.seafile.seadroid2.account.Account' was expected.
e: file:///Users/HONGBGU/Documents/seadroid/app/src/main/java/com/seafile/seadroid2/ui/share/ShareToSeafileActivity.kt:230:29 Argument type mismatch: actual type is 'java.util.ArrayList<android.net.Uri?>', but 'kotlin.collections.MutableList<android.net.Uri>?' was expected.
e: file:///Users/HONGBGU/Documents/seadroid/app/src/main/java/com/seafile/seadroid2/ui/share/ShareToSeafileActivity.kt:245:25 Argument type mismatch: actual type is 'android.content.Context?', but 'android.content.Context' was expected.
e: file:///Users/HONGBGU/Documents/seadroid/app/src/main/java/com/seafile/seadroid2/ui/share/ShareToSeafileActivity.kt:246:25 Argument type mismatch: actual type is 'com.seafile.seadroid2.account.Account?', but 'com.seafile.seadroid2.account.Account' was expected.
e: file:///Users/HONGBGU/Documents/seadroid/app/src/main/java/com/seafile/seadroid2/ui/share/ShareToSeafileActivity.kt:250:25 Argument type mismatch: actual type is 'kotlin.collections.MutableList<android.net.Uri?>?', but 'kotlin.collections.MutableList<android.net.Uri>?' was expected.
e: file:///Users/HONGBGU/Documents/seadroid/app/src/main/java/com/seafile/seadroid2/ui/share/ShareToSeafileActivity.kt:266:29 Argument type mismatch: actual type is 'android.content.Context?', but 'android.content.Context' was expected.
e: file:///Users/HONGBGU/Documents/seadroid/app/src/main/java/com/seafile/seadroid2/ui/share/ShareToSeafileActivity.kt:267:29 Argument type mismatch: actual type is 'com.seafile.seadroid2.account.Account?', but 'com.seafile.seadroid2.account.Account' was expected.
e: file:///Users/HONGBGU/Documents/seadroid/app/src/main/java/com/seafile/seadroid2/ui/share/ShareToSeafileActivity.kt:271:29 Argument type mismatch: actual type is 'kotlin.collections.MutableList<android.net.Uri?>?', but 'kotlin.collections.MutableList<android.net.Uri>?' was expected.
e: file:///Users/HONGBGU/Documents/seadroid/app/src/main/java/com/seafile/seadroid2/ui/share/ShareToSeafileViewModel.kt:45:19 One type argument expected for interface 'Consumer'.
e: file:///Users/HONGBGU/Documents/seadroid/app/src/main/java/com/seafile/seadroid2/ui/share/ShareToSeafileViewModel.kt:54:55 Initializer type mismatch: expected 'retrofit2.Call<com.seafile.seadroid2.framework.model.repo.DirentWrapperModel?>', actual 'retrofit2.Call<com.seafile.seadroid2.framework.model.repo.DirentWrapperModel?>?'.
e: file:///Users/HONGBGU/Documents/seadroid/app/src/main/java/com/seafile/seadroid2/ui/share/ShareToSeafileViewModel.kt:55:21 Only safe (?.) or non-null asserted (!!.) calls are allowed on a nullable receiver of type 'com.seafile.seadroid2.framework.http.HttpIO?'.
e: file:///Users/HONGBGU/Documents/seadroid/app/src/main/java/com/seafile/seadroid2/ui/share/ShareToSeafileViewModel.kt:55:44 Argument type mismatch: actual type is 'java.lang.Class<com.seafile.seadroid2.ui.repo.RepoService>', but 'java.lang.Class<T?>' was expected.
e: file:///Users/HONGBGU/Documents/seadroid/app/src/main/java/com/seafile/seadroid2/ui/share/ShareToSeafileViewModel.kt:56:21 Only safe (?.) or non-null asserted (!!.) calls are allowed on a nullable receiver of type 'com.seafile.seadroid2.ui.repo.RepoService?'.
e: file:///Users/HONGBGU/Documents/seadroid/app/src/main/java/com/seafile/seadroid2/ui/share/ShareToSeafileViewModel.kt:73:70 Argument type mismatch: actual type is 'android.net.Uri?', but 'android.net.Uri' was expected.
e: file:///Users/HONGBGU/Documents/seadroid/app/src/main/java/com/seafile/seadroid2/ui/share/ShareToSeafileViewModel.kt:93:26 Unresolved reference 'accept'.
e: file:///Users/HONGBGU/Documents/seadroid/app/src/main/java/com/seafile/seadroid2/ui/share/ShareToSeafileViewModel.kt:98:52 Unresolved reference 'parseByThrowable'.
e: file:///Users/HONGBGU/Documents/seadroid/app/src/main/java/com/seafile/seadroid2/ui/share/ShareToSeafileViewModel.kt:139:35 Assignment type mismatch: actual type is 'kotlin.Long', but 'java.lang.Long' was expected.
e: file:///Users/HONGBGU/Documents/seadroid/app/src/main/java/com/seafile/seadroid2/ui/share/ShareToSeafileViewModel.kt:154:36 Assignment type mismatch: actual type is 'kotlin.Long', but 'java.lang.Long' was expected.
e: file:///Users/HONGBGU/Documents/seadroid/app/src/main/java/com/seafile/seadroid2/ui/star/StarredAdapter.kt:17:46 Unresolved reference 'GlideLoadConfig'.
e: file:///Users/HONGBGU/Documents/seadroid/app/src/main/java/com/seafile/seadroid2/ui/star/StarredAdapter.kt:19:51 Unresolved reference 'StarredModel'.
e: file:///Users/HONGBGU/Documents/seadroid/app/src/main/java/com/seafile/seadroid2/ui/star/StarredAdapter.kt:22:1 Class 'StarredAdapter' is not abstract and does not implement abstract base class member 'onBindViewHolder'.
e: file:///Users/HONGBGU/Documents/seadroid/app/src/main/java/com/seafile/seadroid2/ui/star/StarredAdapter.kt:23:62 Unresolved reference 'serverUrl'.
e: file:///Users/HONGBGU/Documents/seadroid/app/src/main/java/com/seafile/seadroid2/ui/star/StarredAdapter.kt:34:5 'onBindViewHolder' overrides nothing.
e: file:///Users/HONGBGU/Documents/seadroid/app/src/main/java/com/seafile/seadroid2/ui/star/StarredAdapter.kt:39:23 Only safe (?.) or non-null asserted (!!.) calls are allowed on a nullable receiver of type 'com.seafile.seadroid2.databinding.ItemStarredBinding?'.
e: file:///Users/HONGBGU/Documents/seadroid/app/src/main/java/com/seafile/seadroid2/ui/star/StarredAdapter.kt:39:34 Overload resolution ambiguity between candidates:
fun setText(p0: CharSequence!): Unit
fun setText(p0: Int): Unit
e: file:///Users/HONGBGU/Documents/seadroid/app/src/main/java/com/seafile/seadroid2/ui/star/StarredAdapter.kt:39:48 Unresolved reference 'obj_name'.
e: file:///Users/HONGBGU/Documents/seadroid/app/src/main/java/com/seafile/seadroid2/ui/star/StarredAdapter.kt:40:19 Unresolved reference 'deleted'.
e: file:///Users/HONGBGU/Documents/seadroid/app/src/main/java/com/seafile/seadroid2/ui/star/StarredAdapter.kt:41:27 Only safe (?.) or non-null asserted (!!.) calls are allowed on a nullable receiver of type 'com.seafile.seadroid2.databinding.ItemStarredBinding?'.
e: file:///Users/HONGBGU/Documents/seadroid/app/src/main/java/com/seafile/seadroid2/ui/star/StarredAdapter.kt:42:27 Only safe (?.) or non-null asserted (!!.) calls are allowed on a nullable receiver of type 'com.seafile.seadroid2.databinding.ItemStarredBinding?'.
e: file:///Users/HONGBGU/Documents/seadroid/app/src/main/java/com/seafile/seadroid2/ui/star/StarredAdapter.kt:44:27 Only safe (?.) or non-null asserted (!!.) calls are allowed on a nullable receiver of type 'com.seafile.seadroid2.databinding.ItemStarredBinding?'.
e: file:///Users/HONGBGU/Documents/seadroid/app/src/main/java/com/seafile/seadroid2/ui/star/StarredAdapter.kt:50:27 Only safe (?.) or non-null asserted (!!.) calls are allowed on a nullable receiver of type 'com.seafile.seadroid2.databinding.ItemStarredBinding?'.
e: file:///Users/HONGBGU/Documents/seadroid/app/src/main/java/com/seafile/seadroid2/ui/star/StarredAdapter.kt:50:41 Overload resolution ambiguity between candidates:
fun setText(p0: CharSequence!): Unit
fun setText(p0: Int): Unit
e: file:///Users/HONGBGU/Documents/seadroid/app/src/main/java/com/seafile/seadroid2/ui/star/StarredAdapter.kt:50:55 Unresolved reference 'getSubtitle'.
e: file:///Users/HONGBGU/Documents/seadroid/app/src/main/java/com/seafile/seadroid2/ui/star/StarredAdapter.kt:54:19 Unresolved reference 'deleted'.
e: file:///Users/HONGBGU/Documents/seadroid/app/src/main/java/com/seafile/seadroid2/ui/star/StarredAdapter.kt:54:54 Unresolved reference 'encoded_thumbnail_src'.
e: file:///Users/HONGBGU/Documents/seadroid/app/src/main/java/com/seafile/seadroid2/ui/star/StarredAdapter.kt:55:23 Unresolved reference 'obj_name'.
e: file:///Users/HONGBGU/Documents/seadroid/app/src/main/java/com/seafile/seadroid2/ui/star/StarredAdapter.kt:56:24 Unresolved reference 'repo_encrypted'.
e: file:///Users/HONGBGU/Documents/seadroid/app/src/main/java/com/seafile/seadroid2/ui/star/StarredAdapter.kt:56:48 Unresolved reference 'is_dir'.
e: file:///Users/HONGBGU/Documents/seadroid/app/src/main/java/com/seafile/seadroid2/ui/star/StarredAdapter.kt:58:27 Only safe (?.) or non-null asserted (!!.) calls are allowed on a nullable receiver of type 'com.seafile.seadroid2.databinding.ItemStarredBinding?'.
e: file:///Users/HONGBGU/Documents/seadroid/app/src/main/java/com/seafile/seadroid2/ui/star/StarredAdapter.kt:58:60 Unresolved reference 'getIcon'.
e: file:///Users/HONGBGU/Documents/seadroid/app/src/main/java/com/seafile/seadroid2/ui/star/StarredAdapter.kt:61:49 Unresolved reference 'repo_id'.
e: file:///Users/HONGBGU/Documents/seadroid/app/src/main/java/com/seafile/seadroid2/ui/star/StarredAdapter.kt:61:64 Unresolved reference 'path'.
e: file:///Users/HONGBGU/Documents/seadroid/app/src/main/java/com/seafile/seadroid2/ui/star/StarredAdapter.kt:67:24 Unresolved reference 'GlideLoadConfig'.
e: file:///Users/HONGBGU/Documents/seadroid/app/src/main/java/com/seafile/seadroid2/ui/star/StarredAdapter.kt:67:71 Unresolved reference 'getIcon'.
e: file:///Users/HONGBGU/Documents/seadroid/app/src/main/java/com/seafile/seadroid2/ui/star/StarredAdapter.kt:68:37 Only safe (?.) or non-null asserted (!!.) calls are allowed on a nullable receiver of type 'com.seafile.seadroid2.databinding.ItemStarredBinding?'.
e: file:///Users/HONGBGU/Documents/seadroid/app/src/main/java/com/seafile/seadroid2/ui/star/StarredAdapter.kt:82:45 Unresolved reference 'StarredModel'.
e: file:///Users/HONGBGU/Documents/seadroid/app/src/main/java/com/seafile/seadroid2/ui/star/StarredAdapter.kt:103:31 Unresolved reference 'StarredModel'.
e: file:///Users/HONGBGU/Documents/seadroid/app/src/main/java/com/seafile/seadroid2/ui/star/StarredAdapter.kt:104:31 Unresolved reference 'StarredModel'.
e: file:///Users/HONGBGU/Documents/seadroid/app/src/main/java/com/seafile/seadroid2/ui/star/StarredAdapter.kt:105:52 Unresolved reference 'path'.
e: file:///Users/HONGBGU/Documents/seadroid/app/src/main/java/com/seafile/seadroid2/ui/star/StarredAdapter.kt:105:68 Unresolved reference 'obj_name'.
e: file:///Users/HONGBGU/Documents/seadroid/app/src/main/java/com/seafile/seadroid2/ui/star/StarredAdapter.kt:106:52 Unresolved reference 'path'.
e: file:///Users/HONGBGU/Documents/seadroid/app/src/main/java/com/seafile/seadroid2/ui/star/StarredAdapter.kt:106:68 Unresolved reference 'obj_name'.
e: file:///Users/HONGBGU/Documents/seadroid/app/src/main/java/com/seafile/seadroid2/ui/star/StarredAdapter.kt:112:31 Unresolved reference 'StarredModel'.
e: file:///Users/HONGBGU/Documents/seadroid/app/src/main/java/com/seafile/seadroid2/ui/star/StarredAdapter.kt:113:31 Unresolved reference 'StarredModel'.
e: file:///Users/HONGBGU/Documents/seadroid/app/src/main/java/com/seafile/seadroid2/ui/star/StarredAdapter.kt:116:50 Unresolved reference 'repo_id'.
e: file:///Users/HONGBGU/Documents/seadroid/app/src/main/java/com/seafile/seadroid2/ui/star/StarredAdapter.kt:116:68 Unresolved reference 'repo_id'.
e: file:///Users/HONGBGU/Documents/seadroid/app/src/main/java/com/seafile/seadroid2/ui/star/StarredAdapter.kt:117:54 Unresolved reference 'repo_name'.
e: file:///Users/HONGBGU/Documents/seadroid/app/src/main/java/com/seafile/seadroid2/ui/star/StarredAdapter.kt:117:74 Unresolved reference 'repo_name'.
e: file:///Users/HONGBGU/Documents/seadroid/app/src/main/java/com/seafile/seadroid2/ui/star/StarredAdapter.kt:118:54 Unresolved reference 'mtime'.
e: file:///Users/HONGBGU/Documents/seadroid/app/src/main/java/com/seafile/seadroid2/ui/star/StarredAdapter.kt:118:70 Unresolved reference 'mtime'.
e: file:///Users/HONGBGU/Documents/seadroid/app/src/main/java/com/seafile/seadroid2/ui/star/StarredAdapter.kt:119:54 Unresolved reference 'path'.
e: file:///Users/HONGBGU/Documents/seadroid/app/src/main/java/com/seafile/seadroid2/ui/star/StarredAdapter.kt:119:69 Unresolved reference 'path'.
e: file:///Users/HONGBGU/Documents/seadroid/app/src/main/java/com/seafile/seadroid2/ui/star/StarredAdapter.kt:120:54 Unresolved reference 'obj_name'.
e: file:///Users/HONGBGU/Documents/seadroid/app/src/main/java/com/seafile/seadroid2/ui/star/StarredAdapter.kt:120:73 Unresolved reference 'obj_name'.
e: file:///Users/HONGBGU/Documents/seadroid/app/src/main/java/com/seafile/seadroid2/ui/star/StarredAdapter.kt:121:54 Unresolved reference 'user_email'.
e: file:///Users/HONGBGU/Documents/seadroid/app/src/main/java/com/seafile/seadroid2/ui/star/StarredAdapter.kt:121:75 Unresolved reference 'user_email'.
e: file:///Users/HONGBGU/Documents/seadroid/app/src/main/java/com/seafile/seadroid2/ui/star/StarredAdapter.kt:122:54 Unresolved reference 'user_name'.
e: file:///Users/HONGBGU/Documents/seadroid/app/src/main/java/com/seafile/seadroid2/ui/star/StarredAdapter.kt:122:74 Unresolved reference 'user_name'.
e: file:///Users/HONGBGU/Documents/seadroid/app/src/main/java/com/seafile/seadroid2/ui/star/StarredAdapter.kt:124:30 Unresolved reference 'user_contact_email'.
e: file:///Users/HONGBGU/Documents/seadroid/app/src/main/java/com/seafile/seadroid2/ui/star/StarredAdapter.kt:125:30 Unresolved reference 'user_contact_email'.
e: file:///Users/HONGBGU/Documents/seadroid/app/src/main/java/com/seafile/seadroid2/ui/star/StarredAdapter.kt:127:37 Unresolved reference 'repo_encrypted'.
e: file:///Users/HONGBGU/Documents/seadroid/app/src/main/java/com/seafile/seadroid2/ui/star/StarredAdapter.kt:127:64 Unresolved reference 'repo_encrypted'.
e: file:///Users/HONGBGU/Documents/seadroid/app/src/main/java/com/seafile/seadroid2/ui/star/StarredAdapter.kt:127:91 Unresolved reference 'is_dir'.
e: file:///Users/HONGBGU/Documents/seadroid/app/src/main/java/com/seafile/seadroid2/ui/star/StarredAdapter.kt:127:110 Unresolved reference 'is_dir'.
e: file:///Users/HONGBGU/Documents/seadroid/app/src/main/java/com/seafile/seadroid2/ui/star/StarredAdapter.kt:131:17 Assignment type mismatch: actual type is 'kotlin.collections.MutableList<ERROR CLASS: Symbol not found for StarredModel>?', but 'kotlin.collections.List<com.seafile.seadroid2.framework.model.star.StarredWrapperModel?>' was expected.
e: file:///Users/HONGBGU/Documents/seadroid/app/src/main/java/com/seafile/seadroid2/ui/star/StarredQuickFragment.kt:61:50 None of the following candidates is applicable:
@MainThread() fun <T : ViewModel> get(modelClass: Class<T>): T
@MainThread() fun <T : ViewModel> get(modelClass: KClass<T>): T
e: file:///Users/HONGBGU/Documents/seadroid/app/src/main/java/com/seafile/seadroid2/ui/star/StarredQuickFragment.kt:100:16 Only safe (?.) or non-null asserted (!!.) calls are allowed on a nullable receiver of type 'android.widget.TextView?'.
e: file:///Users/HONGBGU/Documents/seadroid/app/src/main/java/com/seafile/seadroid2/ui/star/StarredQuickFragment.kt:101:16 Only safe (?.) or non-null asserted (!!.) calls are allowed on a nullable receiver of type 'android.widget.TextView?'.
e: file:///Users/HONGBGU/Documents/seadroid/app/src/main/java/com/seafile/seadroid2/ui/star/StarredQuickFragment.kt:105:42 Argument type mismatch: actual type is 'com.chad.library.adapter4.BaseQuickAdapter.OnItemClickListener<T>', but 'com.chad.library.adapter4.BaseQuickAdapter.OnItemClickListener<com.seafile.seadroid2.framework.model.star.StarredWrapperModel?>?' was expected.
e: file:///Users/HONGBGU/Documents/seadroid/app/src/main/java/com/seafile/seadroid2/ui/star/StarredQuickFragment.kt:105:79 Argument type mismatch: actual type is 'kotlin.Function3<com.chad.library.adapter4.BaseQuickAdapter<com.seafile.seadroid2.framework.db.entities.StarredModel?, *>?, android.view.View?, kotlin.Int, kotlin.Unit>', but 'kotlin.Function3<com.chad.library.adapter4.BaseQuickAdapter<T, *>, android.view.View, kotlin.Int, kotlin.Unit>' was expected.
e: file:///Users/HONGBGU/Documents/seadroid/app/src/main/java/com/seafile/seadroid2/ui/star/StarredQuickFragment.kt:105:116 Type argument is not within its bounds: should be subtype of 'kotlin.Any'.
e: file:///Users/HONGBGU/Documents/seadroid/app/src/main/java/com/seafile/seadroid2/ui/star/StarredQuickFragment.kt:107:19 Argument type mismatch: actual type is 'com.seafile.seadroid2.framework.model.star.StarredWrapperModel?', but 'com.seafile.seadroid2.framework.db.entities.StarredModel' was expected.
e: file:///Users/HONGBGU/Documents/seadroid/app/src/main/java/com/seafile/seadroid2/ui/star/StarredQuickFragment.kt:112:13 Argument type mismatch: actual type is 'com.seafile.seadroid2.ui.star.<anonymous>', but 'com.chad.library.adapter4.BaseQuickAdapter.OnItemChildClickListener<com.seafile.seadroid2.framework.model.star.StarredWrapperModel?>' was expected.
e: file:///Users/HONGBGU/Documents/seadroid/app/src/main/java/com/seafile/seadroid2/ui/star/StarredQuickFragment.kt:112:47 Type argument is not within its bounds: should be subtype of 'kotlin.Any'.
e: file:///Users/HONGBGU/Documents/seadroid/app/src/main/java/com/seafile/seadroid2/ui/star/StarredQuickFragment.kt:114:56 Type argument is not within its bounds: should be subtype of 'kotlin.Any'.
e: file:///Users/HONGBGU/Documents/seadroid/app/src/main/java/com/seafile/seadroid2/ui/star/StarredQuickFragment.kt:118:37 Argument type mismatch: actual type is 'com.seafile.seadroid2.framework.model.star.StarredWrapperModel?', but 'com.seafile.seadroid2.framework.db.entities.StarredModel' was expected.
e: file:///Users/HONGBGU/Documents/seadroid/app/src/main/java/com/seafile/seadroid2/ui/star/StarredQuickFragment.kt:122:53 Smart cast to 'com.seafile.seadroid2.ui.base.adapter.BaseAdapter<*, *>' is impossible, because 'adapter' is a mutable property that could be mutated concurrently.
e: file:///Users/HONGBGU/Documents/seadroid/app/src/main/java/com/seafile/seadroid2/ui/star/StarredQuickFragment.kt:130:16 Only safe (?.) or non-null asserted (!!.) calls are allowed on a nullable receiver of type 'android.widget.TextView?'.
e: file:///Users/HONGBGU/Documents/seadroid/app/src/main/java/com/seafile/seadroid2/ui/star/StarredQuickFragment.kt:138:14 Unresolved reference 'observe'.
e: file:///Users/HONGBGU/Documents/seadroid/app/src/main/java/com/seafile/seadroid2/ui/star/StarredQuickFragment.kt:138:47 Class '<anonymous>' is not abstract and does not implement abstract member 'onChanged'.
e: file:///Users/HONGBGU/Documents/seadroid/app/src/main/java/com/seafile/seadroid2/ui/star/StarredQuickFragment.kt:139:17 'onChanged' overrides nothing.
e: file:///Users/HONGBGU/Documents/seadroid/app/src/main/java/com/seafile/seadroid2/ui/star/StarredQuickFragment.kt:145:14 Unresolved reference 'observe'.
e: file:///Users/HONGBGU/Documents/seadroid/app/src/main/java/com/seafile/seadroid2/ui/star/StarredQuickFragment.kt:145:47 Class '<anonymous>' is not abstract and does not implement abstract member 'onChanged'.
e: file:///Users/HONGBGU/Documents/seadroid/app/src/main/java/com/seafile/seadroid2/ui/star/StarredQuickFragment.kt:146:17 'onChanged' overrides nothing.
e: file:///Users/HONGBGU/Documents/seadroid/app/src/main/java/com/seafile/seadroid2/ui/star/StarredQuickFragment.kt:152:14 Unresolved reference 'observe'.
e: file:///Users/HONGBGU/Documents/seadroid/app/src/main/java/com/seafile/seadroid2/ui/star/StarredQuickFragment.kt:152:47 Class '<anonymous>' is not abstract and does not implement abstract member 'onChanged'.
e: file:///Users/HONGBGU/Documents/seadroid/app/src/main/java/com/seafile/seadroid2/ui/star/StarredQuickFragment.kt:153:17 'onChanged' overrides nothing.
e: file:///Users/HONGBGU/Documents/seadroid/app/src/main/java/com/seafile/seadroid2/ui/star/StarredQuickFragment.kt:170:47 Class '<anonymous>' is not abstract and does not implement abstract member 'onChanged'.
e: file:///Users/HONGBGU/Documents/seadroid/app/src/main/java/com/seafile/seadroid2/ui/star/StarredQuickFragment.kt:170:47 Argument type mismatch: actual type is 'com.seafile.seadroid2.ui.star.<anonymous>', but 'androidx.lifecycle.Observer<in android.util.Pair<kotlin.String?, com.seafile.seadroid2.framework.model.ResultModel?>?>' was expected.
e: file:///Users/HONGBGU/Documents/seadroid/app/src/main/java/com/seafile/seadroid2/ui/star/StarredQuickFragment.kt:171:17 'onChanged' overrides nothing.
e: file:///Users/HONGBGU/Documents/seadroid/app/src/main/java/com/seafile/seadroid2/ui/star/StarredQuickFragment.kt:183:13 Only safe (?.) or non-null asserted (!!.) calls are allowed on a nullable receiver of type 'com.jeremyliao.liveeventbus.core.Observable<android.os.Bundle?>?'.
e: file:///Users/HONGBGU/Documents/seadroid/app/src/main/java/com/seafile/seadroid2/ui/star/StarredQuickFragment.kt:203:13 Class '<anonymous>' is not abstract and does not implement abstract member 'onMenuClick'.
e: file:///Users/HONGBGU/Documents/seadroid/app/src/main/java/com/seafile/seadroid2/ui/star/StarredQuickFragment.kt:204:17 'onMenuClick' overrides nothing.
e: file:///Users/HONGBGU/Documents/seadroid/app/src/main/java/com/seafile/seadroid2/ui/star/StarredQuickFragment.kt:211:35 Unresolved reference 'is_dir'.
e: file:///Users/HONGBGU/Documents/seadroid/app/src/main/java/com/seafile/seadroid2/ui/star/StarredQuickFragment.kt:220:20 Only safe (?.) or non-null asserted (!!.) calls are allowed on a nullable receiver of type 'com.seafile.seadroid2.ui.bottomsheetmenu.BottomSheetMenuFragment.Builder?'.
e: file:///Users/HONGBGU/Documents/seadroid/app/src/main/java/com/seafile/seadroid2/ui/star/StarredQuickFragment.kt:223:16 Only safe (?.) or non-null asserted (!!.) calls are allowed on a nullable receiver of type 'com.seafile.seadroid2.ui.bottomsheetmenu.BottomSheetMenuFragment.Builder?'.
e: file:///Users/HONGBGU/Documents/seadroid/app/src/main/java/com/seafile/seadroid2/ui/star/StarredQuickFragment.kt:231:33 Unresolved reference 'is_dir'.
e: file:///Users/HONGBGU/Documents/seadroid/app/src/main/java/com/seafile/seadroid2/ui/star/StarredQuickFragment.kt:272:29 Argument type mismatch: actual type is 'kotlin.String?', but 'kotlin.String' was expected.
e: file:///Users/HONGBGU/Documents/seadroid/app/src/main/java/com/seafile/seadroid2/ui/star/StarredQuickFragment.kt:274:29 Class '<anonymous>' is not abstract and does not implement abstract member 'accept'.
e: file:///Users/HONGBGU/Documents/seadroid/app/src/main/java/com/seafile/seadroid2/ui/star/StarredQuickFragment.kt:276:33 'accept' overrides nothing.
e: file:///Users/HONGBGU/Documents/seadroid/app/src/main/java/com/seafile/seadroid2/ui/star/StarredQuickFragment.kt:302:26 Argument type mismatch: actual type is 'kotlin.reflect.KClass<androidx.media3.common.util.UnstableApi>', but 'kotlin.Array<out kotlin.reflect.KClass<out kotlin.Annotation>>' was expected.
e: file:///Users/HONGBGU/Documents/seadroid/app/src/main/java/com/seafile/seadroid2/ui/star/StarredQuickFragment.kt:302:26 Assigning single elements to varargs in named form is prohibited.
e: file:///Users/HONGBGU/Documents/seadroid/app/src/main/java/com/seafile/seadroid2/ui/star/StarredQuickFragment.kt:304:19 Unresolved reference 'is_dir'.
e: file:///Users/HONGBGU/Documents/seadroid/app/src/main/java/com/seafile/seadroid2/ui/star/StarredQuickFragment.kt:310:23 Unresolved reference 'is_dir'.
e: file:///Users/HONGBGU/Documents/seadroid/app/src/main/java/com/seafile/seadroid2/ui/star/StarredQuickFragment.kt:312:42 Argument type mismatch: actual type is 'kotlin.String?', but 'kotlin.String' was expected.
e: file:///Users/HONGBGU/Documents/seadroid/app/src/main/java/com/seafile/seadroid2/ui/star/StarredQuickFragment.kt:316:34 Only safe (?.) or non-null asserted (!!.) calls are allowed on a nullable receiver of type 'kotlin.String?'.
e: file:///Users/HONGBGU/Documents/seadroid/app/src/main/java/com/seafile/seadroid2/ui/star/StarredQuickFragment.kt:324:34 Only safe (?.) or non-null asserted (!!.) calls are allowed on a nullable receiver of type 'kotlin.String?'.
e: file:///Users/HONGBGU/Documents/seadroid/app/src/main/java/com/seafile/seadroid2/ui/star/StarredQuickFragment.kt:324:98 Only safe (?.) or non-null asserted (!!.) calls are allowed on a nullable receiver of type 'kotlin.String?'.
e: file:///Users/HONGBGU/Documents/seadroid/app/src/main/java/com/seafile/seadroid2/ui/star/StarredQuickFragment.kt:341:29 Argument type mismatch: actual type is 'android.content.Context?', but 'android.content.Context' was expected.
e: file:///Users/HONGBGU/Documents/seadroid/app/src/main/java/com/seafile/seadroid2/ui/star/StarredQuickFragment.kt:353:41 Argument type mismatch: actual type is 'android.content.Context?', but 'android.content.Context' was expected.
e: file:///Users/HONGBGU/Documents/seadroid/app/src/main/java/com/seafile/seadroid2/ui/star/StarredQuickFragment.kt:370:41 Argument type mismatch: actual type is 'kotlin.String?', but 'kotlin.String' was expected.
e: file:///Users/HONGBGU/Documents/seadroid/app/src/main/java/com/seafile/seadroid2/ui/star/StarredQuickFragment.kt:431:78 Only safe (?.) or non-null asserted (!!.) calls are allowed on a nullable receiver of type 'com.seafile.seadroid2.account.SupportAccountManager?'.
e: file:///Users/HONGBGU/Documents/seadroid/app/src/main/java/com/seafile/seadroid2/ui/star/StarredViewModel.kt:47:13 Initializer type mismatch: expected 'io.reactivex.Single<kotlin.collections.MutableList<com.seafile.seadroid2.framework.db.entities.EncKeyCacheEntity?>?>', actual 'io.reactivex.Single<kotlin.collections.MutableList<com.seafile.seadroid2.framework.db.entities.EncKeyCacheEntity?>?>?'.
e: file:///Users/HONGBGU/Documents/seadroid/app/src/main/java/com/seafile/seadroid2/ui/star/StarredViewModel.kt:47:48 Only safe (?.) or non-null asserted (!!.) calls are allowed on a nullable receiver of type 'com.seafile.seadroid2.framework.db.AppDatabase?'.
e: file:///Users/HONGBGU/Documents/seadroid/app/src/main/java/com/seafile/seadroid2/ui/star/StarredViewModel.kt:47:65 Only safe (?.) or non-null asserted (!!.) calls are allowed on a nullable receiver of type 'com.seafile.seadroid2.framework.db.dao.EncKeyCacheDAO?'.
e: file:///Users/HONGBGU/Documents/seadroid/app/src/main/java/com/seafile/seadroid2/ui/star/StarredViewModel.kt:48:44 Class '<anonymous>' is not abstract and does not implement abstract member 'apply'.
e: file:///Users/HONGBGU/Documents/seadroid/app/src/main/java/com/seafile/seadroid2/ui/star/StarredViewModel.kt:51:13 'apply' overrides nothing.
e: file:///Users/HONGBGU/Documents/seadroid/app/src/main/java/com/seafile/seadroid2/ui/star/StarredViewModel.kt:90:30 None of the following candidates is applicable:
@SinceKotlin(...) @InlineOnly() fun <V> KMutableProperty0<V>.setValue(thisRef: Any?, property: KProperty<*>, value: V): Unit
@SinceKotlin(...) @InlineOnly() fun <T, V> KMutableProperty1<T, V>.setValue(thisRef: T, property: KProperty<*>, value: V): Unit
@InlineOnly() fun <V> MutableMap<in String, in V>.setValue(thisRef: Any?, property: KProperty<*>, value: V): Unit
e: file:///Users/HONGBGU/Documents/seadroid/app/src/main/java/com/seafile/seadroid2/ui/star/StarredViewModel.kt:97:13 Initializer type mismatch: expected 'io.reactivex.Single<com.seafile.seadroid2.framework.model.ResultModel?>', actual 'io.reactivex.Single<com.seafile.seadroid2.framework.model.ResultModel?>?'.
e: file:///Users/HONGBGU/Documents/seadroid/app/src/main/java/com/seafile/seadroid2/ui/star/StarredViewModel.kt:97:50 Only safe (?.) or non-null asserted (!!.) calls are allowed on a nullable receiver of type 'com.seafile.seadroid2.framework.http.HttpIO?'.
e: file:///Users/HONGBGU/Documents/seadroid/app/src/main/java/com/seafile/seadroid2/ui/star/StarredViewModel.kt:97:75 Argument type mismatch: actual type is 'java.lang.Class<com.seafile.seadroid2.ui.dialog_fragment.DialogService>', but 'java.lang.Class<T?>' was expected.
e: file:///Users/HONGBGU/Documents/seadroid/app/src/main/java/com/seafile/seadroid2/ui/star/StarredViewModel.kt:98:17 Only safe (?.) or non-null asserted (!!.) calls are allowed on a nullable receiver of type 'com.seafile.seadroid2.ui.dialog_fragment.DialogService?'.
e: file:///Users/HONGBGU/Documents/seadroid/app/src/main/java/com/seafile/seadroid2/ui/star/StarredViewModel.kt:108:63 Argument type mismatch: actual type is 'kotlin.String?', but 'kotlin.String' was expected.
e: file:///Users/HONGBGU/Documents/seadroid/app/src/main/java/com/seafile/seadroid2/ui/star/StarredViewModel.kt:116:56 Only safe (?.) or non-null asserted (!!.) calls are allowed on a nullable receiver of type 'com.seafile.seadroid2.framework.db.AppDatabase?'.
e: file:///Users/HONGBGU/Documents/seadroid/app/src/main/java/com/seafile/seadroid2/ui/star/StarredViewModel.kt:116:73 Only safe (?.) or non-null asserted (!!.) calls are allowed on a nullable receiver of type 'com.seafile.seadroid2.framework.db.dao.EncKeyCacheDAO?'.
e: file:///Users/HONGBGU/Documents/seadroid/app/src/main/java/com/seafile/seadroid2/ui/star/StarredViewModel.kt:124:34 None of the following candidates is applicable:
@SinceKotlin(...) @InlineOnly() fun <V> KMutableProperty0<V>.setValue(thisRef: Any?, property: KProperty<*>, value: V): Unit
@SinceKotlin(...) @InlineOnly() fun <T, V> KMutableProperty1<T, V>.setValue(thisRef: T, property: KProperty<*>, value: V): Unit
@InlineOnly() fun <V> MutableMap<in String, in V>.setValue(thisRef: Any?, property: KProperty<*>, value: V): Unit
e: file:///Users/HONGBGU/Documents/seadroid/app/src/main/java/com/seafile/seadroid2/ui/star/StarredViewModel.kt:127:34 None of the following candidates is applicable:
@SinceKotlin(...) @InlineOnly() fun <V> KMutableProperty0<V>.setValue(thisRef: Any?, property: KProperty<*>, value: V): Unit
@SinceKotlin(...) @InlineOnly() fun <T, V> KMutableProperty1<T, V>.setValue(thisRef: T, property: KProperty<*>, value: V): Unit
@InlineOnly() fun <V> MutableMap<in String, in V>.setValue(thisRef: Any?, property: KProperty<*>, value: V): Unit
e: file:///Users/HONGBGU/Documents/seadroid/app/src/main/java/com/seafile/seadroid2/ui/star/StarredViewModel.kt:135:36 None of the following candidates is applicable:
@SinceKotlin(...) @InlineOnly() fun <V> KMutableProperty0<V>.setValue(thisRef: Any?, property: KProperty<*>, value: V): Unit
@SinceKotlin(...) @InlineOnly() fun <T, V> KMutableProperty1<T, V>.setValue(thisRef: T, property: KProperty<*>, value: V): Unit
@InlineOnly() fun <V> MutableMap<in String, in V>.setValue(thisRef: Any?, property: KProperty<*>, value: V): Unit
e: file:///Users/HONGBGU/Documents/seadroid/app/src/main/java/com/seafile/seadroid2/ui/star/StarredViewModel.kt:137:13 Initializer type mismatch: expected 'io.reactivex.Single<com.seafile.seadroid2.framework.model.dirents.DirentFileModel?>', actual 'io.reactivex.Single<com.seafile.seadroid2.framework.model.dirents.DirentFileModel?>?'.
e: file:///Users/HONGBGU/Documents/seadroid/app/src/main/java/com/seafile/seadroid2/ui/star/StarredViewModel.kt:137:50 Only safe (?.) or non-null asserted (!!.) calls are allowed on a nullable receiver of type 'com.seafile.seadroid2.framework.http.HttpIO?'.
e: file:///Users/HONGBGU/Documents/seadroid/app/src/main/java/com/seafile/seadroid2/ui/star/StarredViewModel.kt:137:73 Argument type mismatch: actual type is 'java.lang.Class<com.seafile.seadroid2.ui.file.FileService>', but 'java.lang.Class<T?>' was expected.
e: file:///Users/HONGBGU/Documents/seadroid/app/src/main/java/com/seafile/seadroid2/ui/star/StarredViewModel.kt:138:17 Only safe (?.) or non-null asserted (!!.) calls are allowed on a nullable receiver of type 'com.seafile.seadroid2.ui.file.FileService?'.
e: file:///Users/HONGBGU/Documents/seadroid/app/src/main/java/com/seafile/seadroid2/ui/star/StarredViewModel.kt:141:13 Initializer type mismatch: expected 'io.reactivex.Single<kotlin.collections.MutableList<com.seafile.seadroid2.framework.db.entities.FileCacheStatusEntity?>?>', actual 'io.reactivex.Single<kotlin.collections.MutableList<com.seafile.seadroid2.framework.db.entities.FileCacheStatusEntity?>?>?'.
e: file:///Users/HONGBGU/Documents/seadroid/app/src/main/java/com/seafile/seadroid2/ui/star/StarredViewModel.kt:141:48 Only safe (?.) or non-null asserted (!!.) calls are allowed on a nullable receiver of type 'com.seafile.seadroid2.framework.db.AppDatabase?'.
e: file:///Users/HONGBGU/Documents/seadroid/app/src/main/java/com/seafile/seadroid2/ui/star/StarredViewModel.kt:141:69 Only safe (?.) or non-null asserted (!!.) calls are allowed on a nullable receiver of type 'com.seafile.seadroid2.framework.db.dao.FileCacheStatusDAO?'.
e: file:///Users/HONGBGU/Documents/seadroid/app/src/main/java/com/seafile/seadroid2/ui/star/StarredViewModel.kt:142:59 Class '<anonymous>' is not abstract and does not implement abstract member 'apply'.
e: file:///Users/HONGBGU/Documents/seadroid/app/src/main/java/com/seafile/seadroid2/ui/star/StarredViewModel.kt:144:13 'apply' overrides nothing.
e: file:///Users/HONGBGU/Documents/seadroid/app/src/main/java/com/seafile/seadroid2/ui/star/StarredViewModel.kt:155:29 Class '<anonymous>' is not abstract and does not implement abstract member 'apply'.
e: file:///Users/HONGBGU/Documents/seadroid/app/src/main/java/com/seafile/seadroid2/ui/star/StarredViewModel.kt:157:13 'apply' overrides nothing.
e: file:///Users/HONGBGU/Documents/seadroid/app/src/main/java/com/seafile/seadroid2/ui/star/StarredViewModel.kt:162:54 Class '<anonymous>' is not abstract and does not implement abstract member 'apply'.
e: file:///Users/HONGBGU/Documents/seadroid/app/src/main/java/com/seafile/seadroid2/ui/star/StarredViewModel.kt:165:21 'apply' overrides nothing.
e: file:///Users/HONGBGU/Documents/seadroid/app/src/main/java/com/seafile/seadroid2/ui/star/StarredViewModel.kt:185:44 None of the following candidates is applicable:
@SinceKotlin(...) @InlineOnly() fun <V> KMutableProperty0<V>.setValue(thisRef: Any?, property: KProperty<*>, value: V): Unit
@SinceKotlin(...) @InlineOnly() fun <T, V> KMutableProperty1<T, V>.setValue(thisRef: T, property: KProperty<*>, value: V): Unit
@InlineOnly() fun <V> MutableMap<in String, in V>.setValue(thisRef: Any?, property: KProperty<*>, value: V): Unit
e: file:///Users/HONGBGU/Documents/seadroid/app/src/main/java/com/seafile/seadroid2/ui/star/StarredViewModel.kt:193:44 None of the following candidates is applicable:
@SinceKotlin(...) @InlineOnly() fun <V> KMutableProperty0<V>.setValue(thisRef: Any?, property: KProperty<*>, value: V): Unit
@SinceKotlin(...) @InlineOnly() fun <T, V> KMutableProperty1<T, V>.setValue(thisRef: T, property: KProperty<*>, value: V): Unit
@InlineOnly() fun <V> MutableMap<in String, in V>.setValue(thisRef: Any?, property: KProperty<*>, value: V): Unit
e: file:///Users/HONGBGU/Documents/seadroid/app/src/main/java/com/seafile/seadroid2/ui/star/StarredViewModel.kt:199:30 None of the following candidates is applicable:
@SinceKotlin(...) @InlineOnly() fun <V> KMutableProperty0<V>.setValue(thisRef: Any?, property: KProperty<*>, value: V): Unit
@SinceKotlin(...) @InlineOnly() fun <T, V> KMutableProperty1<T, V>.setValue(thisRef: T, property: KProperty<*>, value: V): Unit
@InlineOnly() fun <V> MutableMap<in String, in V>.setValue(thisRef: Any?, property: KProperty<*>, value: V): Unit
e: file:///Users/HONGBGU/Documents/seadroid/app/src/main/java/com/seafile/seadroid2/ui/star/StarredViewModel.kt:201:78 Only safe (?.) or non-null asserted (!!.) calls are allowed on a nullable receiver of type 'com.seafile.seadroid2.account.SupportAccountManager?'.
e: file:///Users/HONGBGU/Documents/seadroid/app/src/main/java/com/seafile/seadroid2/ui/star/StarredViewModel.kt:203:58 Argument type mismatch: actual type is 'com.seafile.seadroid2.account.Account?', but 'com.seafile.seadroid2.account.Account' was expected.
e: file:///Users/HONGBGU/Documents/seadroid/app/src/main/java/com/seafile/seadroid2/ui/star/StarredViewModel.kt:209:42 None of the following candidates is applicable:
@SinceKotlin(...) @InlineOnly() fun <V> KMutableProperty0<V>.setValue(thisRef: Any?, property: KProperty<*>, value: V): Unit
@SinceKotlin(...) @InlineOnly() fun <T, V> KMutableProperty1<T, V>.setValue(thisRef: T, property: KProperty<*>, value: V): Unit
@InlineOnly() fun <V> MutableMap<in String, in V>.setValue(thisRef: Any?, property: KProperty<*>, value: V): Unit
e: file:///Users/HONGBGU/Documents/seadroid/app/src/main/java/com/seafile/seadroid2/ui/star/StarredViewModel.kt:216:42 None of the following candidates is applicable:
@SinceKotlin(...) @InlineOnly() fun <V> KMutableProperty0<V>.setValue(thisRef: Any?, property: KProperty<*>, value: V): Unit
@SinceKotlin(...) @InlineOnly() fun <T, V> KMutableProperty1<T, V>.setValue(thisRef: T, property: KProperty<*>, value: V): Unit
@InlineOnly() fun <V> MutableMap<in String, in V>.setValue(thisRef: Any?, property: KProperty<*>, value: V): Unit
e: file:///Users/HONGBGU/Documents/seadroid/app/src/main/java/com/seafile/seadroid2/ui/star/StarredViewModel.kt:224:48 None of the following candidates is applicable:
@SinceKotlin(...) @InlineOnly() fun <V> KMutableProperty0<V>.setValue(thisRef: Any?, property: KProperty<*>, value: V): Unit
@SinceKotlin(...) @InlineOnly() fun <T, V> KMutableProperty1<T, V>.setValue(thisRef: T, property: KProperty<*>, value: V): Unit
@InlineOnly() fun <V> MutableMap<in String, in V>.setValue(thisRef: Any?, property: KProperty<*>, value: V): Unit
e: file:///Users/HONGBGU/Documents/seadroid/app/src/main/java/com/seafile/seadroid2/ui/star/StarredViewModel.kt:230:46 Initializer type mismatch: expected 'io.reactivex.Single<com.seafile.seadroid2.framework.model.ResultModel?>', actual 'io.reactivex.Single<com.seafile.seadroid2.framework.model.ResultModel?>?'.
e: file:///Users/HONGBGU/Documents/seadroid/app/src/main/java/com/seafile/seadroid2/ui/star/StarredViewModel.kt:231:13 Only safe (?.) or non-null asserted (!!.) calls are allowed on a nullable receiver of type 'com.seafile.seadroid2.framework.http.HttpIO?'.
e: file:///Users/HONGBGU/Documents/seadroid/app/src/main/java/com/seafile/seadroid2/ui/star/StarredViewModel.kt:231:39 Argument type mismatch: actual type is 'java.lang.Class<com.seafile.seadroid2.ui.star.StarredService>', but 'java.lang.Class<T?>' was expected.
e: file:///Users/HONGBGU/Documents/seadroid/app/src/main/java/com/seafile/seadroid2/ui/star/StarredViewModel.kt:231:66 Only safe (?.) or non-null asserted (!!.) calls are allowed on a nullable receiver of type 'com.seafile.seadroid2.ui.star.StarredService?'.
e: file:///Users/HONGBGU/Documents/seadroid/app/src/main/java/com/seafile/seadroid2/ui/transfer_list/DownloadListFragment.kt:29:13 Only safe (?.) or non-null asserted (!!.) calls are allowed on a nullable receiver of type 'com.jeremyliao.liveeventbus.core.Observable<android.os.Bundle?>?'.
e: file:///Users/HONGBGU/Documents/seadroid/app/src/main/java/com/seafile/seadroid2/ui/transfer_list/DownloadListFragment.kt:29:47 Class '<anonymous>' is not abstract and does not implement abstract member 'onChanged'.
e: file:///Users/HONGBGU/Documents/seadroid/app/src/main/java/com/seafile/seadroid2/ui/transfer_list/DownloadListFragment.kt:30:17 'onChanged' overrides nothing.
e: file:///Users/HONGBGU/Documents/seadroid/app/src/main/java/com/seafile/seadroid2/ui/transfer_list/TransferActivity.kt:60:16 Only safe (?.) or non-null asserted (!!.) calls are allowed on a nullable receiver of type 'androidx.appcompat.widget.Toolbar?'.
e: file:///Users/HONGBGU/Documents/seadroid/app/src/main/java/com/seafile/seadroid2/ui/transfer_list/TransferListAdapter.kt:11:82 Cannot import 'onBind'. Functions and properties can only be imported from packages or objects.
e: file:///Users/HONGBGU/Documents/seadroid/app/src/main/java/com/seafile/seadroid2/ui/transfer_list/TransferListAdapter.kt:12:55 Cannot import 'addItemType'. Functions and properties can only be imported from packages or objects.
e: file:///Users/HONGBGU/Documents/seadroid/app/src/main/java/com/seafile/seadroid2/ui/transfer_list/TransferListAdapter.kt:40:51 Class '<anonymous>' is not abstract and does not implement abstract member 'onBind'.
e: file:///Users/HONGBGU/Documents/seadroid/app/src/main/java/com/seafile/seadroid2/ui/transfer_list/TransferListAdapter.kt:40:51 Argument type mismatch: actual type is 'com.seafile.seadroid2.ui.transfer_list.<anonymous>', but 'com.chad.library.adapter4.BaseMultiItemAdapter.OnMultiItemAdapterListener<kotlin.Any?, V>' was expected.
e: file:///Users/HONGBGU/Documents/seadroid/app/src/main/java/com/seafile/seadroid2/ui/transfer_list/TransferListAdapter.kt:40:72 Type argument is not within its bounds: should be subtype of 'kotlin.Any'.
e: file:///Users/HONGBGU/Documents/seadroid/app/src/main/java/com/seafile/seadroid2/ui/transfer_list/TransferListAdapter.kt:40:78 Type argument is not within its bounds: should be subtype of 'androidx.recyclerview.widget.RecyclerView.ViewHolder'.
e: file:///Users/HONGBGU/Documents/seadroid/app/src/main/java/com/seafile/seadroid2/ui/transfer_list/TransferListAdapter.kt:51:13 'onBind' overrides nothing.
e: file:///Users/HONGBGU/Documents/seadroid/app/src/main/java/com/seafile/seadroid2/ui/transfer_list/TransferListAdapter.kt:55:13 'onBind' overrides nothing.
e: file:///Users/HONGBGU/Documents/seadroid/app/src/main/java/com/seafile/seadroid2/ui/transfer_list/TransferListAdapter.kt:61:54 Argument type mismatch: actual type is 'kotlin.collections.MutableList<CapturedType(*)>', but 'kotlin.collections.List<kotlin.Any>' was expected.
e: file:///Users/HONGBGU/Documents/seadroid/app/src/main/java/com/seafile/seadroid2/ui/transfer_list/TransferListAdapter.kt:75:22 Type argument is not within its bounds: should be subtype of 'androidx.recyclerview.widget.RecyclerView.ViewHolder'.
e: file:///Users/HONGBGU/Documents/seadroid/app/src/main/java/com/seafile/seadroid2/ui/transfer_list/TransferListAdapter.kt:76:13 Argument type mismatch: actual type is 'kotlin.Int', but 'kotlin.Int' was expected.
e: file:///Users/HONGBGU/Documents/seadroid/app/src/main/java/com/seafile/seadroid2/ui/transfer_list/TransferListAdapter.kt:77:13 Class '<anonymous>' is not abstract and does not implement abstract member 'onBind'.
e: file:///Users/HONGBGU/Documents/seadroid/app/src/main/java/com/seafile/seadroid2/ui/transfer_list/TransferListAdapter.kt:77:13 Argument type mismatch: actual type is 'com.seafile.seadroid2.ui.transfer_list.<anonymous>', but 'com.chad.library.adapter4.BaseMultiItemAdapter.OnMultiItemAdapterListener<kotlin.Any?, V>' was expected.
e: file:///Users/HONGBGU/Documents/seadroid/app/src/main/java/com/seafile/seadroid2/ui/transfer_list/TransferListAdapter.kt:77:34 Type argument is not within its bounds: should be subtype of 'kotlin.Any'.
e: file:///Users/HONGBGU/Documents/seadroid/app/src/main/java/com/seafile/seadroid2/ui/transfer_list/TransferListAdapter.kt:77:40 Type argument is not within its bounds: should be subtype of 'androidx.recyclerview.widget.RecyclerView.ViewHolder'.
e: file:///Users/HONGBGU/Documents/seadroid/app/src/main/java/com/seafile/seadroid2/ui/transfer_list/TransferListAdapter.kt:91:17 'onBind' overrides nothing.
e: file:///Users/HONGBGU/Documents/seadroid/app/src/main/java/com/seafile/seadroid2/ui/transfer_list/TransferListAdapter.kt:95:26 Type argument is not within its bounds: should be subtype of 'androidx.recyclerview.widget.RecyclerView.ViewHolder'.
e: file:///Users/HONGBGU/Documents/seadroid/app/src/main/java/com/seafile/seadroid2/ui/transfer_list/TransferListAdapter.kt:96:17 Argument type mismatch: actual type is 'kotlin.Int', but 'kotlin.Int' was expected.
e: file:///Users/HONGBGU/Documents/seadroid/app/src/main/java/com/seafile/seadroid2/ui/transfer_list/TransferListAdapter.kt:97:17 Class '<anonymous>' is not abstract and does not implement abstract member 'onBind'.
e: file:///Users/HONGBGU/Documents/seadroid/app/src/main/java/com/seafile/seadroid2/ui/transfer_list/TransferListAdapter.kt:97:17 Argument type mismatch: actual type is 'com.seafile.seadroid2.ui.transfer_list.<anonymous>', but 'com.chad.library.adapter4.BaseMultiItemAdapter.OnMultiItemAdapterListener<kotlin.Any?, V>' was expected.
e: file:///Users/HONGBGU/Documents/seadroid/app/src/main/java/com/seafile/seadroid2/ui/transfer_list/TransferListAdapter.kt:97:38 Type argument is not within its bounds: should be subtype of 'kotlin.Any'.
e: file:///Users/HONGBGU/Documents/seadroid/app/src/main/java/com/seafile/seadroid2/ui/transfer_list/TransferListAdapter.kt:97:44 Type argument is not within its bounds: should be subtype of 'androidx.recyclerview.widget.RecyclerView.ViewHolder'.
e: file:///Users/HONGBGU/Documents/seadroid/app/src/main/java/com/seafile/seadroid2/ui/transfer_list/TransferListAdapter.kt:111:21 'onBind' overrides nothing.
e: file:///Users/HONGBGU/Documents/seadroid/app/src/main/java/com/seafile/seadroid2/ui/transfer_list/TransferListAdapter.kt:115:26 Type argument is not within its bounds: should be subtype of 'androidx.recyclerview.widget.RecyclerView.ViewHolder'.
e: file:///Users/HONGBGU/Documents/seadroid/app/src/main/java/com/seafile/seadroid2/ui/transfer_list/TransferListAdapter.kt:116:17 Argument type mismatch: actual type is 'kotlin.Int', but 'kotlin.Int' was expected.
e: file:///Users/HONGBGU/Documents/seadroid/app/src/main/java/com/seafile/seadroid2/ui/transfer_list/TransferListAdapter.kt:117:17 Class '<anonymous>' is not abstract and does not implement abstract member 'onBind'.
e: file:///Users/HONGBGU/Documents/seadroid/app/src/main/java/com/seafile/seadroid2/ui/transfer_list/TransferListAdapter.kt:117:17 Argument type mismatch: actual type is 'com.seafile.seadroid2.ui.transfer_list.<anonymous>', but 'com.chad.library.adapter4.BaseMultiItemAdapter.OnMultiItemAdapterListener<kotlin.Any?, V>' was expected.
e: file:///Users/HONGBGU/Documents/seadroid/app/src/main/java/com/seafile/seadroid2/ui/transfer_list/TransferListAdapter.kt:117:38 Type argument is not within its bounds: should be subtype of 'kotlin.Any'.
e: file:///Users/HONGBGU/Documents/seadroid/app/src/main/java/com/seafile/seadroid2/ui/transfer_list/TransferListAdapter.kt:117:44 Type argument is not within its bounds: should be subtype of 'androidx.recyclerview.widget.RecyclerView.ViewHolder'.
e: file:///Users/HONGBGU/Documents/seadroid/app/src/main/java/com/seafile/seadroid2/ui/transfer_list/TransferListAdapter.kt:131:21 'onBind' overrides nothing.
e: file:///Users/HONGBGU/Documents/seadroid/app/src/main/java/com/seafile/seadroid2/ui/transfer_list/TransferListAdapter.kt:138:29 Class '<anonymous>' is not abstract and does not implement abstract member 'onItemViewType'.
e: file:///Users/HONGBGU/Documents/seadroid/app/src/main/java/com/seafile/seadroid2/ui/transfer_list/TransferListAdapter.kt:139:17 'onItemViewType' overrides nothing.
e: file:///Users/HONGBGU/Documents/seadroid/app/src/main/java/com/seafile/seadroid2/ui/transfer_list/TransferListAdapter.kt:154:23 Only safe (?.) or non-null asserted (!!.) calls are allowed on a nullable receiver of type 'com.seafile.seadroid2.databinding.ItemGroupItemBinding?'.
e: file:///Users/HONGBGU/Documents/seadroid/app/src/main/java/com/seafile/seadroid2/ui/transfer_list/TransferListAdapter.kt:155:23 Only safe (?.) or non-null asserted (!!.) calls are allowed on a nullable receiver of type 'com.seafile.seadroid2.databinding.ItemGroupItemBinding?'.
e: file:///Users/HONGBGU/Documents/seadroid/app/src/main/java/com/seafile/seadroid2/ui/transfer_list/TransferListAdapter.kt:159:23 Only safe (?.) or non-null asserted (!!.) calls are allowed on a nullable receiver of type 'com.seafile.seadroid2.databinding.ItemTransferListBinding?'.
e: file:///Users/HONGBGU/Documents/seadroid/app/src/main/java/com/seafile/seadroid2/ui/transfer_list/TransferListAdapter.kt:160:23 Only safe (?.) or non-null asserted (!!.) calls are allowed on a nullable receiver of type 'com.seafile.seadroid2.databinding.ItemTransferListBinding?'.
e: file:///Users/HONGBGU/Documents/seadroid/app/src/main/java/com/seafile/seadroid2/ui/transfer_list/TransferListAdapter.kt:165:27 Only safe (?.) or non-null asserted (!!.) calls are allowed on a nullable receiver of type 'com.seafile.seadroid2.databinding.ItemTransferListBinding?'.
e: file:///Users/HONGBGU/Documents/seadroid/app/src/main/java/com/seafile/seadroid2/ui/transfer_list/TransferListAdapter.kt:167:27 Only safe (?.) or non-null asserted (!!.) calls are allowed on a nullable receiver of type 'com.seafile.seadroid2.databinding.ItemTransferListBinding?'.
e: file:///Users/HONGBGU/Documents/seadroid/app/src/main/java/com/seafile/seadroid2/ui/transfer_list/TransferListAdapter.kt:170:23 Only safe (?.) or non-null asserted (!!.) calls are allowed on a nullable receiver of type 'com.seafile.seadroid2.databinding.ItemTransferListBinding?'.
e: file:///Users/HONGBGU/Documents/seadroid/app/src/main/java/com/seafile/seadroid2/ui/transfer_list/TransferListAdapter.kt:173:23 Only safe (?.) or non-null asserted (!!.) calls are allowed on a nullable receiver of type 'com.seafile.seadroid2.databinding.ItemTransferListBinding?'.
e: file:///Users/HONGBGU/Documents/seadroid/app/src/main/java/com/seafile/seadroid2/ui/transfer_list/TransferListAdapter.kt:177:23 Only safe (?.) or non-null asserted (!!.) calls are allowed on a nullable receiver of type 'com.seafile.seadroid2.databinding.ItemTransferListBinding?'.
e: file:///Users/HONGBGU/Documents/seadroid/app/src/main/java/com/seafile/seadroid2/ui/transfer_list/TransferListAdapter.kt:179:23 Only safe (?.) or non-null asserted (!!.) calls are allowed on a nullable receiver of type 'com.seafile.seadroid2.databinding.ItemTransferListBinding?'.
e: file:///Users/HONGBGU/Documents/seadroid/app/src/main/java/com/seafile/seadroid2/ui/transfer_list/TransferListAdapter.kt:179:71 Argument type mismatch: actual type is 'java.lang.Long', but 'kotlin.Long' was expected.
e: file:///Users/HONGBGU/Documents/seadroid/app/src/main/java/com/seafile/seadroid2/ui/transfer_list/TransferListAdapter.kt:184:46 Argument type mismatch: actual type is 'java.lang.Long', but 'kotlin.Long' was expected.
e: file:///Users/HONGBGU/Documents/seadroid/app/src/main/java/com/seafile/seadroid2/ui/transfer_list/TransferListAdapter.kt:199:40 Argument type mismatch: actual type is 'java.lang.Long', but 'kotlin.Long' was expected.
e: file:///Users/HONGBGU/Documents/seadroid/app/src/main/java/com/seafile/seadroid2/ui/transfer_list/TransferListAdapter.kt:200:40 Argument type mismatch: actual type is 'java.lang.Long', but 'kotlin.Long' was expected.
e: file:///Users/HONGBGU/Documents/seadroid/app/src/main/java/com/seafile/seadroid2/ui/transfer_list/TransferListAdapter.kt:209:32 Argument type mismatch: actual type is 'java.lang.Long', but 'kotlin.Long' was expected.
e: file:///Users/HONGBGU/Documents/seadroid/app/src/main/java/com/seafile/seadroid2/ui/transfer_list/TransferListAdapter.kt:209:49 Argument type mismatch: actual type is 'java.lang.Long', but 'kotlin.Long' was expected.
e: file:///Users/HONGBGU/Documents/seadroid/app/src/main/java/com/seafile/seadroid2/ui/transfer_list/TransferListAdapter.kt:210:27 Only safe (?.) or non-null asserted (!!.) calls are allowed on a nullable receiver of type 'com.seafile.seadroid2.databinding.ItemTransferListBinding?'.
e: file:///Users/HONGBGU/Documents/seadroid/app/src/main/java/com/seafile/seadroid2/ui/transfer_list/TransferListAdapter.kt:236:27 Only safe (?.) or non-null asserted (!!.) calls are allowed on a nullable receiver of type 'com.seafile.seadroid2.databinding.ItemTransferListBinding?'.
e: file:///Users/HONGBGU/Documents/seadroid/app/src/main/java/com/seafile/seadroid2/ui/transfer_list/TransferListAdapter.kt:238:27 Only safe (?.) or non-null asserted (!!.) calls are allowed on a nullable receiver of type 'com.seafile.seadroid2.databinding.ItemTransferListBinding?'.
e: file:///Users/HONGBGU/Documents/seadroid/app/src/main/java/com/seafile/seadroid2/ui/transfer_list/TransferListAdapter.kt:242:27 Only safe (?.) or non-null asserted (!!.) calls are allowed on a nullable receiver of type 'com.seafile.seadroid2.databinding.ItemTransferListBinding?'.
e: file:///Users/HONGBGU/Documents/seadroid/app/src/main/java/com/seafile/seadroid2/ui/transfer_list/TransferListAdapter.kt:243:27 Only safe (?.) or non-null asserted (!!.) calls are allowed on a nullable receiver of type 'com.seafile.seadroid2.databinding.ItemTransferListBinding?'.
e: file:///Users/HONGBGU/Documents/seadroid/app/src/main/java/com/seafile/seadroid2/ui/transfer_list/TransferListAdapter.kt:245:27 Only safe (?.) or non-null asserted (!!.) calls are allowed on a nullable receiver of type 'com.seafile.seadroid2.databinding.ItemTransferListBinding?'.
e: file:///Users/HONGBGU/Documents/seadroid/app/src/main/java/com/seafile/seadroid2/ui/transfer_list/TransferListAdapter.kt:246:27 Only safe (?.) or non-null asserted (!!.) calls are allowed on a nullable receiver of type 'com.seafile.seadroid2.databinding.ItemTransferListBinding?'.
e: file:///Users/HONGBGU/Documents/seadroid/app/src/main/java/com/seafile/seadroid2/ui/transfer_list/TransferListAdapter.kt:248:27 Only safe (?.) or non-null asserted (!!.) calls are allowed on a nullable receiver of type 'com.seafile.seadroid2.databinding.ItemTransferListBinding?'.
e: file:///Users/HONGBGU/Documents/seadroid/app/src/main/java/com/seafile/seadroid2/ui/transfer_list/TransferListAdapter.kt:249:27 Only safe (?.) or non-null asserted (!!.) calls are allowed on a nullable receiver of type 'com.seafile.seadroid2.databinding.ItemTransferListBinding?'.
e: file:///Users/HONGBGU/Documents/seadroid/app/src/main/java/com/seafile/seadroid2/ui/transfer_list/TransferListAdapter.kt:253:27 Only safe (?.) or non-null asserted (!!.) calls are allowed on a nullable receiver of type 'com.seafile.seadroid2.databinding.ItemTransferListBinding?'.
e: file:///Users/HONGBGU/Documents/seadroid/app/src/main/java/com/seafile/seadroid2/ui/transfer_list/TransferListAdapter.kt:260:27 Only safe (?.) or non-null asserted (!!.) calls are allowed on a nullable receiver of type 'com.seafile.seadroid2.databinding.ItemTransferListBinding?'.
e: file:///Users/HONGBGU/Documents/seadroid/app/src/main/java/com/seafile/seadroid2/ui/transfer_list/TransferListAdapter.kt:268:23 Only safe (?.) or non-null asserted (!!.) calls are allowed on a nullable receiver of type 'com.seafile.seadroid2.databinding.ItemTransferListBinding?'.
e: file:///Users/HONGBGU/Documents/seadroid/app/src/main/java/com/seafile/seadroid2/ui/transfer_list/TransferListAdapter.kt:269:23 Only safe (?.) or non-null asserted (!!.) calls are allowed on a nullable receiver of type 'com.seafile.seadroid2.databinding.ItemTransferListBinding?'.
e: file:///Users/HONGBGU/Documents/seadroid/app/src/main/java/com/seafile/seadroid2/ui/transfer_list/TransferListAdapter.kt:285:27 Only safe (?.) or non-null asserted (!!.) calls are allowed on a nullable receiver of type 'com.seafile.seadroid2.databinding.ItemTransferListBinding?'.
e: file:///Users/HONGBGU/Documents/seadroid/app/src/main/java/com/seafile/seadroid2/ui/transfer_list/TransferListAdapter.kt:286:27 Only safe (?.) or non-null asserted (!!.) calls are allowed on a nullable receiver of type 'com.seafile.seadroid2.databinding.ItemTransferListBinding?'.
e: file:///Users/HONGBGU/Documents/seadroid/app/src/main/java/com/seafile/seadroid2/ui/transfer_list/TransferListAdapter.kt:292:23 Only safe (?.) or non-null asserted (!!.) calls are allowed on a nullable receiver of type 'com.seafile.seadroid2.databinding.ItemTransferListBinding?'.
e: file:///Users/HONGBGU/Documents/seadroid/app/src/main/java/com/seafile/seadroid2/ui/transfer_list/TransferListAdapter.kt:293:23 Only safe (?.) or non-null asserted (!!.) calls are allowed on a nullable receiver of type 'com.seafile.seadroid2.databinding.ItemTransferListBinding?'.
e: file:///Users/HONGBGU/Documents/seadroid/app/src/main/java/com/seafile/seadroid2/ui/transfer_list/TransferListAdapter.kt:294:23 Only safe (?.) or non-null asserted (!!.) calls are allowed on a nullable receiver of type 'com.seafile.seadroid2.databinding.ItemTransferListBinding?'.
e: file:///Users/HONGBGU/Documents/seadroid/app/src/main/java/com/seafile/seadroid2/ui/transfer_list/TransferListAdapter.kt:298:23 Only safe (?.) or non-null asserted (!!.) calls are allowed on a nullable receiver of type 'com.seafile.seadroid2.databinding.ItemTransferListBinding?'.
e: file:///Users/HONGBGU/Documents/seadroid/app/src/main/java/com/seafile/seadroid2/ui/transfer_list/TransferListAdapter.kt:301:23 Only safe (?.) or non-null asserted (!!.) calls are allowed on a nullable receiver of type 'com.seafile.seadroid2.databinding.ItemTransferListBinding?'.
e: file:///Users/HONGBGU/Documents/seadroid/app/src/main/java/com/seafile/seadroid2/ui/transfer_list/TransferListAdapter.kt:305:23 Only safe (?.) or non-null asserted (!!.) calls are allowed on a nullable receiver of type 'com.seafile.seadroid2.databinding.ItemTransferListBinding?'.
e: file:///Users/HONGBGU/Documents/seadroid/app/src/main/java/com/seafile/seadroid2/ui/transfer_list/TransferListAdapter.kt:307:23 Only safe (?.) or non-null asserted (!!.) calls are allowed on a nullable receiver of type 'com.seafile.seadroid2.databinding.ItemTransferListBinding?'.
e: file:///Users/HONGBGU/Documents/seadroid/app/src/main/java/com/seafile/seadroid2/ui/transfer_list/TransferListAdapter.kt:309:23 Only safe (?.) or non-null asserted (!!.) calls are allowed on a nullable receiver of type 'com.seafile.seadroid2.databinding.ItemTransferListBinding?'.
e: file:///Users/HONGBGU/Documents/seadroid/app/src/main/java/com/seafile/seadroid2/ui/transfer_list/TransferListAdapter.kt:310:23 Only safe (?.) or non-null asserted (!!.) calls are allowed on a nullable receiver of type 'com.seafile.seadroid2.databinding.ItemTransferListBinding?'.
e: file:///Users/HONGBGU/Documents/seadroid/app/src/main/java/com/seafile/seadroid2/ui/transfer_list/TransferListAdapter.kt:311:23 Only safe (?.) or non-null asserted (!!.) calls are allowed on a nullable receiver of type 'com.seafile.seadroid2.databinding.ItemTransferListBinding?'.
e: file:///Users/HONGBGU/Documents/seadroid/app/src/main/java/com/seafile/seadroid2/ui/transfer_list/TransferListAdapter.kt:312:23 Only safe (?.) or non-null asserted (!!.) calls are allowed on a nullable receiver of type 'com.seafile.seadroid2.databinding.ItemTransferListBinding?'.
e: file:///Users/HONGBGU/Documents/seadroid/app/src/main/java/com/seafile/seadroid2/ui/transfer_list/TransferListFragment.kt:20:51 Cannot import 'removeAt'. Functions and properties can only be imported from packages or objects.
e: file:///Users/HONGBGU/Documents/seadroid/app/src/main/java/com/seafile/seadroid2/ui/transfer_list/TransferListFragment.kt:21:51 Cannot import 'set'. Functions and properties can only be imported from packages or objects.
e: file:///Users/HONGBGU/Documents/seadroid/app/src/main/java/com/seafile/seadroid2/ui/transfer_list/TransferListFragment.kt:67:37 None of the following candidates is applicable:
@MainThread() fun <T : ViewModel> get(modelClass: Class<T>): T
@MainThread() fun <T : ViewModel> get(modelClass: KClass<T>): T
e: file:///Users/HONGBGU/Documents/seadroid/app/src/main/java/com/seafile/seadroid2/ui/transfer_list/TransferListFragment.kt:106:20 Only safe (?.) or non-null asserted (!!.) calls are allowed on a nullable receiver of type 'android.widget.TextView?'.
e: file:///Users/HONGBGU/Documents/seadroid/app/src/main/java/com/seafile/seadroid2/ui/transfer_list/TransferListFragment.kt:108:20 Only safe (?.) or non-null asserted (!!.) calls are allowed on a nullable receiver of type 'android.widget.TextView?'.
e: file:///Users/HONGBGU/Documents/seadroid/app/src/main/java/com/seafile/seadroid2/ui/transfer_list/TransferListFragment.kt:117:13 Argument type mismatch: actual type is 'com.chad.library.adapter4.BaseQuickAdapter.OnItemChildClickListener<T>', but 'com.chad.library.adapter4.BaseQuickAdapter.OnItemChildClickListener<kotlin.Any?>' was expected.
e: file:///Users/HONGBGU/Documents/seadroid/app/src/main/java/com/seafile/seadroid2/ui/transfer_list/TransferListFragment.kt:117:38 Argument type mismatch: actual type is 'kotlin.Function3<com.chad.library.adapter4.BaseQuickAdapter<kotlin.Any?, *>?, android.view.View?, kotlin.Int, kotlin.Unit>', but 'kotlin.Function3<com.chad.library.adapter4.BaseQuickAdapter<T, *>, android.view.View, kotlin.Int, kotlin.Unit>' was expected.
e: file:///Users/HONGBGU/Documents/seadroid/app/src/main/java/com/seafile/seadroid2/ui/transfer_list/TransferListFragment.kt:117:75 Type argument is not within its bounds: should be subtype of 'kotlin.Any'.
e: file:///Users/HONGBGU/Documents/seadroid/app/src/main/java/com/seafile/seadroid2/ui/transfer_list/TransferListFragment.kt:128:47 Unresolved reference 'observe'.
e: file:///Users/HONGBGU/Documents/seadroid/app/src/main/java/com/seafile/seadroid2/ui/transfer_list/TransferListFragment.kt:133:14 Unresolved reference 'observe'.
e: file:///Users/HONGBGU/Documents/seadroid/app/src/main/java/com/seafile/seadroid2/ui/transfer_list/TransferListFragment.kt:133:47 Class '<anonymous>' is not abstract and does not implement abstract member 'onChanged'.
e: file:///Users/HONGBGU/Documents/seadroid/app/src/main/java/com/seafile/seadroid2/ui/transfer_list/TransferListFragment.kt:134:17 'onChanged' overrides nothing.
e: file:///Users/HONGBGU/Documents/seadroid/app/src/main/java/com/seafile/seadroid2/ui/transfer_list/TransferListFragment.kt:158:13 Interface 'interface OnMenuClickListener : Any' does not have constructors.
e: file:///Users/HONGBGU/Documents/seadroid/app/src/main/java/com/seafile/seadroid2/ui/transfer_list/TransferListFragment.kt:165:16 Only safe (?.) or non-null asserted (!!.) calls are allowed on a nullable receiver of type 'com.seafile.seadroid2.ui.bottomsheetmenu.BottomSheetMenuFragment.Builder?'.
e: file:///Users/HONGBGU/Documents/seadroid/app/src/main/java/com/seafile/seadroid2/ui/transfer_list/TransferListFragment.kt:166:16 Only safe (?.) or non-null asserted (!!.) calls are allowed on a nullable receiver of type 'com.seafile.seadroid2.ui.bottomsheetmenu.BottomSheetMenuFragment.Builder?'.
e: file:///Users/HONGBGU/Documents/seadroid/app/src/main/java/com/seafile/seadroid2/ui/transfer_list/TransferListFragment.kt:168:16 Only safe (?.) or non-null asserted (!!.) calls are allowed on a nullable receiver of type 'com.seafile.seadroid2.ui.bottomsheetmenu.BottomSheetMenuFragment.Builder?'.
e: file:///Users/HONGBGU/Documents/seadroid/app/src/main/java/com/seafile/seadroid2/ui/transfer_list/TransferListFragment.kt:200:41 Argument type mismatch: actual type is 'kotlin.String?', but 'kotlin.String' was expected.
e: file:///Users/HONGBGU/Documents/seadroid/app/src/main/java/com/seafile/seadroid2/ui/transfer_list/TransferListFragment.kt:226:41 Argument type mismatch: actual type is 'kotlin.String?', but 'kotlin.String' was expected.
e: file:///Users/HONGBGU/Documents/seadroid/app/src/main/java/com/seafile/seadroid2/ui/transfer_list/TransferListFragment.kt:247:13 Only safe (?.) or non-null asserted (!!.) calls are allowed on a nullable receiver of type 'com.seafile.seadroid2.framework.service.BackupThreadExecutor?'.
e: file:///Users/HONGBGU/Documents/seadroid/app/src/main/java/com/seafile/seadroid2/ui/transfer_list/TransferListFragment.kt:266:25 Unresolved reference 'removeAt'.
e: file:///Users/HONGBGU/Documents/seadroid/app/src/main/java/com/seafile/seadroid2/ui/transfer_list/TransferListFragment.kt:268:16 Argument type mismatch: actual type is 'kotlin.collections.List<kotlin.Any?>', but 'kotlin.collections.MutableList<kotlin.Any?>?' was expected.
e: file:///Users/HONGBGU/Documents/seadroid/app/src/main/java/com/seafile/seadroid2/ui/transfer_list/TransferListFragment.kt:283:33 Argument type mismatch: actual type is 'kotlin.String?', but 'kotlin.String' was expected.
e: file:///Users/HONGBGU/Documents/seadroid/app/src/main/java/com/seafile/seadroid2/ui/transfer_list/TransferListFragment.kt:299:71 Argument type mismatch: actual type is 'kotlin.String?', but 'kotlin.String' was expected.
e: file:///Users/HONGBGU/Documents/seadroid/app/src/main/java/com/seafile/seadroid2/ui/transfer_list/TransferListFragment.kt:303:72 Argument type mismatch: actual type is 'kotlin.String?', but 'kotlin.String' was expected.
e: file:///Users/HONGBGU/Documents/seadroid/app/src/main/java/com/seafile/seadroid2/ui/transfer_list/TransferListFragment.kt:307:70 Argument type mismatch: actual type is 'kotlin.String?', but 'kotlin.String' was expected.
e: file:///Users/HONGBGU/Documents/seadroid/app/src/main/java/com/seafile/seadroid2/ui/transfer_list/TransferListFragment.kt:311:67 Argument type mismatch: actual type is 'kotlin.String?', but 'kotlin.String' was expected.
e: file:///Users/HONGBGU/Documents/seadroid/app/src/main/java/com/seafile/seadroid2/ui/transfer_list/TransferListFragment.kt:333:46 Assignment type mismatch: actual type is 'kotlin.Int', but 'java.lang.Long' was expected.
e: file:///Users/HONGBGU/Documents/seadroid/app/src/main/java/com/seafile/seadroid2/ui/transfer_list/TransferListFragment.kt:346:17 Argument type mismatch: actual type is 'java.lang.Long', but 'kotlin.Long' was expected.
e: file:///Users/HONGBGU/Documents/seadroid/app/src/main/java/com/seafile/seadroid2/ui/transfer_list/TransferListFragment.kt:350:17 Argument type mismatch: actual type is 'java.lang.Long', but 'kotlin.Long' was expected.
e: file:///Users/HONGBGU/Documents/seadroid/app/src/main/java/com/seafile/seadroid2/ui/transfer_list/TransferListFragment.kt:354:25 Unresolved reference 'set'.
e: file:///Users/HONGBGU/Documents/seadroid/app/src/main/java/com/seafile/seadroid2/ui/transfer_list/TransferListViewModel.kt:26:30 None of the following candidates is applicable:
@SinceKotlin(...) @InlineOnly() fun <V> KMutableProperty0<V>.setValue(thisRef: Any?, property: KProperty<*>, value: V): Unit
@SinceKotlin(...) @InlineOnly() fun <T, V> KMutableProperty1<T, V>.setValue(thisRef: T, property: KProperty<*>, value: V): Unit
@InlineOnly() fun <V> MutableMap<in String, in V>.setValue(thisRef: Any?, property: KProperty<*>, value: V): Unit
e: file:///Users/HONGBGU/Documents/seadroid/app/src/main/java/com/seafile/seadroid2/ui/transfer_list/TransferListViewModel.kt:52:68 Only safe (?.) or non-null asserted (!!.) calls are allowed on a nullable receiver of type 'com.seafile.seadroid2.account.SupportAccountManager?'.
e: file:///Users/HONGBGU/Documents/seadroid/app/src/main/java/com/seafile/seadroid2/ui/transfer_list/TransferListViewModel.kt:56:34 None of the following candidates is applicable:
@SinceKotlin(...) @InlineOnly() fun <V> KMutableProperty0<V>.setValue(thisRef: Any?, property: KProperty<*>, value: V): Unit
@SinceKotlin(...) @InlineOnly() fun <T, V> KMutableProperty1<T, V>.setValue(thisRef: T, property: KProperty<*>, value: V): Unit
@InlineOnly() fun <V> MutableMap<in String, in V>.setValue(thisRef: Any?, property: KProperty<*>, value: V): Unit
e: file:///Users/HONGBGU/Documents/seadroid/app/src/main/java/com/seafile/seadroid2/ui/transfer_list/TransferListViewModel.kt:62:34 None of the following candidates is applicable:
@SinceKotlin(...) @InlineOnly() fun <V> KMutableProperty0<V>.setValue(thisRef: Any?, property: KProperty<*>, value: V): Unit
@SinceKotlin(...) @InlineOnly() fun <T, V> KMutableProperty1<T, V>.setValue(thisRef: T, property: KProperty<*>, value: V): Unit
@InlineOnly() fun <V> MutableMap<in String, in V>.setValue(thisRef: Any?, property: KProperty<*>, value: V): Unit
e: file:///Users/HONGBGU/Documents/seadroid/app/src/main/java/com/seafile/seadroid2/ui/transfer_list/TransferListViewModel.kt:69:13 Initializer type mismatch: expected 'io.reactivex.Single<kotlin.collections.MutableList<com.seafile.seadroid2.framework.db.entities.FileBackupStatusEntity?>?>', actual 'io.reactivex.Single<kotlin.collections.MutableList<com.seafile.seadroid2.framework.db.entities.FileBackupStatusEntity?>?>?'.
e: file:///Users/HONGBGU/Documents/seadroid/app/src/main/java/com/seafile/seadroid2/ui/transfer_list/TransferListViewModel.kt:70:17 Only safe (?.) or non-null asserted (!!.) calls are allowed on a nullable receiver of type 'com.seafile.seadroid2.framework.db.AppDatabase?'.
e: file:///Users/HONGBGU/Documents/seadroid/app/src/main/java/com/seafile/seadroid2/ui/transfer_list/TransferListViewModel.kt:71:17 Only safe (?.) or non-null asserted (!!.) calls are allowed on a nullable receiver of type 'com.seafile.seadroid2.framework.db.dao.FileTransferDAO?'.
e: file:///Users/HONGBGU/Documents/seadroid/app/src/main/java/com/seafile/seadroid2/ui/transfer_list/TransferListViewModel.kt:84:38 None of the following candidates is applicable:
@SinceKotlin(...) @InlineOnly() fun <V> KMutableProperty0<V>.setValue(thisRef: Any?, property: KProperty<*>, value: V): Unit
@SinceKotlin(...) @InlineOnly() fun <T, V> KMutableProperty1<T, V>.setValue(thisRef: T, property: KProperty<*>, value: V): Unit
@InlineOnly() fun <V> MutableMap<in String, in V>.setValue(thisRef: Any?, property: KProperty<*>, value: V): Unit
e: file:///Users/HONGBGU/Documents/seadroid/app/src/main/java/com/seafile/seadroid2/ui/transfer_list/UploadListFragment.kt:29:13 Only safe (?.) or non-null asserted (!!.) calls are allowed on a nullable receiver of type 'com.jeremyliao.liveeventbus.core.Observable<android.os.Bundle?>?'.
e: file:///Users/HONGBGU/Documents/seadroid/app/src/main/java/com/seafile/seadroid2/ui/transfer_list/UploadListFragment.kt:29:47 Class '<anonymous>' is not abstract and does not implement abstract member 'onChanged'.
e: file:///Users/HONGBGU/Documents/seadroid/app/src/main/java/com/seafile/seadroid2/ui/transfer_list/UploadListFragment.kt:30:17 'onChanged' overrides nothing.
e: file:///Users/HONGBGU/Documents/seadroid/app/src/main/java/com/seafile/seadroid2/view/DocProfileView.kt:131:48 Initializer type mismatch: expected 'kotlin.collections.MutableMap<kotlin.String?, kotlin.Any?>', actual 'kotlin.collections.Map<kotlin.String, kotlin.Any?>'.
e: file:///Users/HONGBGU/Documents/seadroid/app/src/main/java/com/seafile/seadroid2/view/DocProfileView.kt:131:48 Type mismatch: inferred type is 'kotlin.collections.Map<kotlin.String, kotlin.Any?>', but 'kotlin.collections.MutableMap<kotlin.String?, kotlin.Any?>' was expected.
e: file:///Users/HONGBGU/Documents/seadroid/app/src/main/java/com/seafile/seadroid2/view/DocProfileView.kt:305:53 Unresolved reference 'value'.
e: file:///Users/HONGBGU/Documents/seadroid/app/src/main/java/com/seafile/seadroid2/view/DocProfileView.kt:307:34 Unresolved reference 'value'.
e: file:///Users/HONGBGU/Documents/seadroid/app/src/main/java/com/seafile/seadroid2/view/DocProfileView.kt:308:40 Unresolved reference 'value'.
e: file:///Users/HONGBGU/Documents/seadroid/app/src/main/java/com/seafile/seadroid2/view/DocProfileView.kt:308:70 Unresolved reference 'value'.
e: file:///Users/HONGBGU/Documents/seadroid/app/src/main/java/com/seafile/seadroid2/view/DocProfileView.kt:320:21 Unresolved reference 'value'.
e: file:///Users/HONGBGU/Documents/seadroid/app/src/main/java/com/seafile/seadroid2/view/DocProfileView.kt:327:47 Unresolved reference 'value'.
e: file:///Users/HONGBGU/Documents/seadroid/app/src/main/java/com/seafile/seadroid2/view/DocProfileView.kt:393:44 One type argument expected. Use typealias 'ArrayList' if you don't intend to pass type arguments.
e: file:///Users/HONGBGU/Documents/seadroid/app/src/main/java/com/seafile/seadroid2/view/DocProfileView.kt:394:31 Method 'iterator()' is ambiguous for this expression. Applicable candidates:
fun <T> Enumeration<T>.iterator(): Iterator<T>
@InlineOnly() fun <T> Iterator<T>.iterator(): Iterator<T>
@InlineOnly() fun <K, V> Map<out K, V>.iterator(): Iterator<Map.Entry<K, V>>
@JvmName(...) @InlineOnly() fun <K, V> MutableMap<K, V>.iterator(): MutableIterator<MutableMap.MutableEntry<K, V>>
fun CharSequence.iterator(): CharIterator
fun BufferedInputStream.iterator(): ByteIterator
e: file:///Users/HONGBGU/Documents/seadroid/app/src/main/java/com/seafile/seadroid2/view/DocProfileView.kt:434:62 Unresolved reference 'value'.
e: file:///Users/HONGBGU/Documents/seadroid/app/src/main/java/com/seafile/seadroid2/view/DocProfileView.kt:447:26 Overload resolution ambiguity between candidates:
fun setText(p0: CharSequence!): Unit
fun setText(p0: Int): Unit
e: file:///Users/HONGBGU/Documents/seadroid/app/src/main/java/com/seafile/seadroid2/view/DocProfileView.kt:447:34 Unresolved reference 'value'.
e: file:///Users/HONGBGU/Documents/seadroid/app/src/main/java/com/seafile/seadroid2/view/DocProfileView.kt:465:44 One type argument expected. Use typealias 'ArrayList' if you don't intend to pass type arguments.
e: file:///Users/HONGBGU/Documents/seadroid/app/src/main/java/com/seafile/seadroid2/view/DocProfileView.kt:466:25 Method 'iterator()' is ambiguous for this expression. Applicable candidates:
fun <T> Enumeration<T>.iterator(): Iterator<T>
@InlineOnly() fun <T> Iterator<T>.iterator(): Iterator<T>
@InlineOnly() fun <K, V> Map<out K, V>.iterator(): Iterator<Map.Entry<K, V>>
@JvmName(...) @InlineOnly() fun <K, V> MutableMap<K, V>.iterator(): MutableIterator<MutableMap.MutableEntry<K, V>>
fun CharSequence.iterator(): CharIterator
fun BufferedInputStream.iterator(): ByteIterator
e: file:///Users/HONGBGU/Documents/seadroid/app/src/main/java/com/seafile/seadroid2/view/DocProfileView.kt:480:30 Overload resolution ambiguity between candidates:
fun setText(p0: CharSequence!): Unit
fun setText(p0: Int): Unit
e: file:///Users/HONGBGU/Documents/seadroid/app/src/main/java/com/seafile/seadroid2/view/DocProfileView.kt:636:33 Unresolved reference 'value'.
e: file:///Users/HONGBGU/Documents/seadroid/app/src/main/java/com/seafile/seadroid2/view/ExoPlayerView.kt:27:70 Constructor of the inner class 'inner class ComponentListener : Player.Listener' can only be called with a receiver of the containing class.
e: file:///Users/HONGBGU/Documents/seadroid/app/src/main/java/com/seafile/seadroid2/view/ExoPlayerView.kt:95:26 Argument type mismatch: actual type is 'kotlin.reflect.KClass<androidx.media3.common.util.UnstableApi>', but 'kotlin.Array<out kotlin.reflect.KClass<out kotlin.Annotation>>' was expected.
e: file:///Users/HONGBGU/Documents/seadroid/app/src/main/java/com/seafile/seadroid2/view/ExoPlayerView.kt:95:26 Assigning single elements to varargs in named form is prohibited.
e: file:///Users/HONGBGU/Documents/seadroid/app/src/main/java/com/seafile/seadroid2/view/HideBottomBehavior.kt:14:5 'layoutDependsOn' overrides nothing.
e: file:///Users/HONGBGU/Documents/seadroid/app/src/main/java/com/seafile/seadroid2/view/ListPreferenceCompat.kt:14:5 Property must be initialized or be abstract.
e: file:///Users/HONGBGU/Documents/seadroid/app/src/main/java/com/seafile/seadroid2/view/ListPreferenceCompat.kt:15:5 Property must be initialized or be abstract.
e: file:///Users/HONGBGU/Documents/seadroid/app/src/main/java/com/seafile/seadroid2/view/NestedWebView.kt:66:21 'break' and 'continue' are only allowed inside loops.
e: file:///Users/HONGBGU/Documents/seadroid/app/src/main/java/com/seafile/seadroid2/view/NestedWebView.kt:75:21 'break' and 'continue' are only allowed inside loops.
e: file:///Users/HONGBGU/Documents/seadroid/app/src/main/java/com/seafile/seadroid2/view/NestedWebView.kt:159:21 'break' and 'continue' are only allowed inside loops.
e: file:///Users/HONGBGU/Documents/seadroid/app/src/main/java/com/seafile/seadroid2/view/NestedWebView.kt:169:21 'val' cannot be reassigned.
e: file:///Users/HONGBGU/Documents/seadroid/app/src/main/java/com/seafile/seadroid2/view/NestedWebView.kt:179:25 'val' cannot be reassigned.
e: file:///Users/HONGBGU/Documents/seadroid/app/src/main/java/com/seafile/seadroid2/view/NestedWebView.kt:181:25 'val' cannot be reassigned.
e: file:///Users/HONGBGU/Documents/seadroid/app/src/main/java/com/seafile/seadroid2/view/PerformEdit.kt:32:9 Property 'public' exposes its 'private-in-class' type 'Action'.
e: file:///Users/HONGBGU/Documents/seadroid/app/src/main/java/com/seafile/seadroid2/view/PerformEdit.kt:35:9 Property 'public' exposes its 'private-in-class' type 'Action'.
e: file:///Users/HONGBGU/Documents/seadroid/app/src/main/java/com/seafile/seadroid2/view/PerformEdit.kt:152:54 Constructor of the inner class 'inner class Action : Any' can only be called with a receiver of the containing class.
e: file:///Users/HONGBGU/Documents/seadroid/app/src/main/java/com/seafile/seadroid2/view/PerformEdit.kt:184:54 Constructor of the inner class 'inner class Action : Any' can only be called with a receiver of the containing class.
e: file:///Users/HONGBGU/Documents/seadroid/app/src/main/java/com/seafile/seadroid2/view/ViewSortPopupWindow.kt:196:30 Initializer type mismatch: expected 'java.lang.Boolean', actual 'kotlin.Boolean?'.
e: file:///Users/HONGBGU/Documents/seadroid/app/src/main/java/com/seafile/seadroid2/view/ViewSortPopupWindow.kt:196:30 Type mismatch: inferred type is 'kotlin.Boolean?', but 'java.lang.Boolean' was expected.
e: file:///Users/HONGBGU/Documents/seadroid/app/src/main/java/com/seafile/seadroid2/view/ViewSortPopupWindow.kt:197:17 Condition type mismatch: inferred type is 'java.lang.Boolean' but 'Boolean' was expected.
e: file:///Users/HONGBGU/Documents/seadroid/app/src/main/java/com/seafile/seadroid2/view/ViewSortPopupWindow.kt:234:40 Initializer type mismatch: expected 'java.lang.Boolean?', actual 'kotlin.Boolean?'.
e: file:///Users/HONGBGU/Documents/seadroid/app/src/main/java/com/seafile/seadroid2/view/ViewSortPopupWindow.kt:234:40 Type mismatch: inferred type is 'kotlin.Boolean?', but 'java.lang.Boolean?' was expected.
e: file:///Users/HONGBGU/Documents/seadroid/app/src/main/java/com/seafile/seadroid2/view/photoview/CustomGestureDetector.kt:26:61 Cannot import 'equals'. Functions and properties can only be imported from packages or objects.
e: file:///Users/HONGBGU/Documents/seadroid/app/src/main/java/com/seafile/seadroid2/view/photoview/CustomGestureDetector.kt:27:65 Cannot import 'equals'. Functions and properties can only be imported from packages or objects.
e: file:///Users/HONGBGU/Documents/seadroid/app/src/main/java/com/seafile/seadroid2/view/photoview/CustomGestureDetector.kt:55:28 Assignment type mismatch: actual type is 'kotlin.Float', but 'java.lang.Float' was expected.
e: file:///Users/HONGBGU/Documents/seadroid/app/src/main/java/com/seafile/seadroid2/view/photoview/CustomGestureDetector.kt:56:22 Assignment type mismatch: actual type is 'kotlin.Float', but 'java.lang.Float' was expected.
e: file:///Users/HONGBGU/Documents/seadroid/app/src/main/java/com/seafile/seadroid2/view/photoview/CustomGestureDetector.kt:59:54 Class '<anonymous>' is not abstract and does not implement abstract member 'onScaleEnd'.
e: file:///Users/HONGBGU/Documents/seadroid/app/src/main/java/com/seafile/seadroid2/view/photoview/CustomGestureDetector.kt:88:13 'onScaleEnd' overrides nothing.
e: file:///Users/HONGBGU/Documents/seadroid/app/src/main/java/com/seafile/seadroid2/view/photoview/CustomGestureDetector.kt:96:16 Return type mismatch: expected 'kotlin.Float', actual 'java.lang.Float'.
e: file:///Users/HONGBGU/Documents/seadroid/app/src/main/java/com/seafile/seadroid2/view/photoview/CustomGestureDetector.kt:166:76 None of the following candidates is applicable:
@IntrinsicConstEvaluation() fun compareTo(other: Byte): Int
@IntrinsicConstEvaluation() fun compareTo(other: Double): Int
@IntrinsicConstEvaluation() fun compareTo(other: Float): Int
@IntrinsicConstEvaluation() fun compareTo(other: Int): Int
@IntrinsicConstEvaluation() fun compareTo(other: Long): Int
@IntrinsicConstEvaluation() fun compareTo(other: Short): Int
e: file:///Users/HONGBGU/Documents/seadroid/app/src/main/java/com/seafile/seadroid2/view/photoview/CustomGestureDetector.kt:206:51 None of the following candidates is applicable:
@IntrinsicConstEvaluation() fun compareTo(other: Byte): Int
@IntrinsicConstEvaluation() fun compareTo(other: Double): Int
@IntrinsicConstEvaluation() fun compareTo(other: Float): Int
@IntrinsicConstEvaluation() fun compareTo(other: Int): Int
@IntrinsicConstEvaluation() fun compareTo(other: Long): Int
@IntrinsicConstEvaluation() fun compareTo(other: Short): Int
e: file:///Users/HONGBGU/Documents/seadroid/app/src/main/java/com/seafile/seadroid2/view/photoview/CustomSingleGestureDetector.kt:22:61 Cannot import 'equals'. Functions and properties can only be imported from packages or objects.
e: file:///Users/HONGBGU/Documents/seadroid/app/src/main/java/com/seafile/seadroid2/view/photoview/CustomSingleGestureDetector.kt:23:65 Cannot import 'equals'. Functions and properties can only be imported from packages or objects.
e: file:///Users/HONGBGU/Documents/seadroid/app/src/main/java/com/seafile/seadroid2/view/photoview/PhotoView.kt:87:37 Argument type mismatch: actual type is 'android.widget.ImageView.ScaleType?', but 'android.widget.ImageView.ScaleType' was expected.
e: file:///Users/HONGBGU/Documents/seadroid/app/src/main/java/com/seafile/seadroid2/view/photoview/PhotoView.kt:146:44 Argument type mismatch: actual type is 'android.graphics.Matrix?', but 'android.graphics.Matrix' was expected.
e: file:///Users/HONGBGU/Documents/seadroid/app/src/main/java/com/seafile/seadroid2/view/photoview/PhotoView.kt:154:44 Argument type mismatch: actual type is 'android.graphics.Matrix?', but 'android.graphics.Matrix' was expected.
e: file:///Users/HONGBGU/Documents/seadroid/app/src/main/java/com/seafile/seadroid2/view/photoview/PhotoViewAttacher.kt:182:55 Constructor of the inner class 'inner class FlingRunnable : Runnable' can only be called with a receiver of the containing class.
e: file:///Users/HONGBGU/Documents/seadroid/app/src/main/java/com/seafile/seadroid2/view/photoview/PhotoViewAttacher.kt:218:13 'return' is prohibited here.
e: file:///Users/HONGBGU/Documents/seadroid/app/src/main/java/com/seafile/seadroid2/view/photoview/PhotoViewAttacher.kt:226:17 'onLongPress' overrides nothing.
e: file:///Users/HONGBGU/Documents/seadroid/app/src/main/java/com/seafile/seadroid2/view/photoview/PhotoViewAttacher.kt:232:17 'onFling' overrides nothing.
e: file:///Users/HONGBGU/Documents/seadroid/app/src/main/java/com/seafile/seadroid2/view/photoview/PhotoViewAttacher.kt:250:49 Class '<anonymous>' is not abstract and does not implement abstract member 'onDoubleTapEvent'.
e: file:///Users/HONGBGU/Documents/seadroid/app/src/main/java/com/seafile/seadroid2/view/photoview/PhotoViewAttacher.kt:299:13 'onDoubleTapEvent' overrides nothing.
e: file:///Users/HONGBGU/Documents/seadroid/app/src/main/java/com/seafile/seadroid2/view/photoview/PhotoViewAttacher.kt:395:46 Argument type mismatch: actual type is 'android.widget.ImageView?', but 'android.widget.ImageView' was expected.
e: file:///Users/HONGBGU/Documents/seadroid/app/src/main/java/com/seafile/seadroid2/view/photoview/Util.kt:24:9 'when' expression must be exhaustive. Add the 'FIT_XY', 'FIT_START', 'FIT_CENTER', 'FIT_END', 'CENTER', 'CENTER_CROP', 'CENTER_INSIDE' branches or an 'else' branch.
e: file:///Users/HONGBGU/Documents/seadroid/app/src/main/java/com/seafile/seadroid2/view/rich_edittext/RichEditText.kt:20:61 Cannot import 'equals'. Functions and properties can only be imported from packages or objects.
e: file:///Users/HONGBGU/Documents/seadroid/app/src/main/java/com/seafile/seadroid2/view/rich_edittext/RichEditText.kt:21:65 Cannot import 'equals'. Functions and properties can only be imported from packages or objects.
e: file:///Users/HONGBGU/Documents/seadroid/app/src/main/java/com/seafile/seadroid2/view/rich_edittext/RichEditText.kt:51:66 Argument type mismatch: actual type is 'android.content.Context?', but 'android.content.Context' was expected.
e: file:///Users/HONGBGU/Documents/seadroid/app/src/main/java/com/seafile/seadroid2/view/rich_edittext/RichEditText.kt:56:9 Argument type mismatch: actual type is 'android.content.Context?', but 'android.content.Context' was expected.
e: file:///Users/HONGBGU/Documents/seadroid/app/src/main/java/com/seafile/seadroid2/view/webview/PreloadWebView.kt:57:27 Cannot access 'val INSTANCE: PreloadWebView': it is private in 'com/seafile/seadroid2/view/webview/PreloadWebView.Holder'.
e: file:///Users/HONGBGU/Documents/seadroid/app/src/main/java/com/seafile/seadroid2/view/webview/SeaWebView.kt:52:78 Only safe (?.) or non-null asserted (!!.) calls are allowed on a nullable receiver of type 'com.seafile.seadroid2.account.SupportAccountManager?'.
e: file:///Users/HONGBGU/Documents/seadroid/app/src/main/java/com/seafile/seadroid2/view/webview/SeaWebView.kt:104:27 Argument type mismatch: actual type is 'kotlin.String?', but 'kotlin.String' was expected.
e: file:///Users/HONGBGU/Documents/seadroid/app/src/main/java/com/seafile/seadroid2/view/webview/SeaWebView.kt:108:41 Argument type mismatch: actual type is 'kotlin.String?', but 'kotlin.String' was expected.
e: file:///Users/HONGBGU/Documents/seadroid/app/src/main/java/com/seafile/seadroid2/view/webview/SeaWebViewClient.kt:119:62 Only safe (?.) or non-null asserted (!!.) calls are allowed on a nullable receiver of type 'com.seafile.seadroid2.account.SupportAccountManager?'.
e: file:///Users/HONGBGU/Documents/seadroid/app/src/main/java/com/seafile/seadroid2/view/webview/SeaWebViewClient.kt:137:16 Return type mismatch: expected 'kotlin.String', actual 'kotlin.String?'.
e: file:///Users/HONGBGU/Documents/seadroid/app/src/main/java/com/seafile/seadroid2/view/webview/strategy/PageFinishStrategy.kt:13:17 Unresolved reference 'activity'.
e: file:///Users/HONGBGU/Documents/seadroid/app/src/main/java/com/seafile/seadroid2/widget/SimpleMarkdownParser.kt:25:58 Interface 'interface MatchHandler : Any' does not have constructors.
e: file:///Users/HONGBGU/Documents/seadroid/app/src/main/java/com/seafile/seadroid2/widget/SimpleMarkdownParser.kt:34:45 Interface 'interface MatchHandler : Any' does not have constructors.
e: file:///Users/HONGBGU/Documents/seadroid/app/src/main/java/com/seafile/seadroid2/widget/SimpleMarkdownParser.kt:43:46 Interface 'interface MatchHandler : Any' does not have constructors.
e: file:///Users/HONGBGU/Documents/seadroid/app/src/main/java/com/seafile/seadroid2/widget/SimpleMarkdownParser.kt:52:50 Interface 'interface MatchHandler : Any' does not have constructors.
e: file:///Users/HONGBGU/Documents/seadroid/app/src/main/java/com/seafile/seadroid2/widget/SimpleMarkdownParser.kt:61:57 Interface 'interface MatchHandler : Any' does not have constructors.
e: file:///Users/HONGBGU/Documents/seadroid/app/src/main/java/com/seafile/seadroid2/widget/SimpleMarkdownParser.kt:71:58 Interface 'interface MatchHandler : Any' does not have constructors.
e: file:///Users/HONGBGU/Documents/seadroid/app/src/main/java/com/seafile/seadroid2/widget/SimpleMarkdownParser.kt:78:48 Interface 'interface ImageLoaderCallback : Any' does not have constructors.
e: file:///Users/HONGBGU/Documents/seadroid/app/src/main/java/com/seafile/seadroid2/widget/prefs/SimpleMenuPreference.kt:9:61 Cannot import 'equals'. Functions and properties can only be imported from packages or objects.
e: file:///Users/HONGBGU/Documents/seadroid/app/src/main/java/com/seafile/seadroid2/widget/prefs/SimpleMenuPreference.kt:10:65 Cannot import 'equals'. Functions and properties can only be imported from packages or objects.
e: file:///Users/HONGBGU/Documents/seadroid/app/src/main/java/com/seafile/seadroid2/widget/prefs/SimpleMenuPreference.kt:68:67 Interface 'interface OnItemClickListener : Any' does not have constructors.
e: file:///Users/HONGBGU/Documents/seadroid/app/src/main/java/com/seafile/seadroid2/widget/prefs/SimpleMenuPreference.kt:79:50 Unresolved reference 'length'.
e: file:///Users/HONGBGU/Documents/seadroid/app/src/main/java/com/seafile/seadroid2/widget/prefs/SimpleMenuPreference.kt:93:27 Smart cast to 'android.view.View' is impossible, because 'mItemView' is a mutable property that could be mutated concurrently.
e: file:///Users/HONGBGU/Documents/seadroid/app/src/main/java/com/seafile/seadroid2/widget/prefs/simplemenu/CustomBoundsDrawable.kt:23:29 Only safe (?.) or non-null asserted (!!.) calls are allowed on a nullable receiver of type 'android.graphics.drawable.Drawable?'.
e: file:///Users/HONGBGU/Documents/seadroid/app/src/main/java/com/seafile/seadroid2/widget/prefs/simplemenu/RectEvaluator.kt:10:10 Class 'RectEvaluator' is not abstract and does not implement abstract member 'evaluate'.
e: file:///Users/HONGBGU/Documents/seadroid/app/src/main/java/com/seafile/seadroid2/widget/prefs/simplemenu/RectEvaluator.kt:14:5 'evaluate' overrides nothing.
e: file:///Users/HONGBGU/Documents/seadroid/app/src/main/java/com/seafile/seadroid2/widget/prefs/simplemenu/SimpleMenuAnimation.kt:89:16 Return type mismatch: expected 'kotlin.Array<android.graphics.Rect?>', actual 'kotlin.Array<android.graphics.Rect>'.
e: file:///Users/HONGBGU/Documents/seadroid/app/src/main/java/com/seafile/seadroid2/widget/prefs/simplemenu/SimpleMenuAnimation.kt:112:27 Argument type mismatch: actual type is 'android.graphics.Rect?', but 'android.graphics.Rect' was expected.
e: file:///Users/HONGBGU/Documents/seadroid/app/src/main/java/com/seafile/seadroid2/widget/prefs/simplemenu/SimpleMenuAnimation.kt:122:49 None of the following candidates is applicable:
static fun ofObject(p0: Any!, p1: String!, p2: (TypeEvaluator<Any!>..TypeEvaluator<*>?), vararg p3: Any!): ObjectAnimator!
@SafeVarargs() @NonNull() static fun <T : Any!, V : Any!> ofObject(p0: T!, p1: Property<T!, V!>!, p2: TypeEvaluator<V!>!, vararg p3: V!): ObjectAnimator
@SafeVarargs() @NonNull() static fun <T : Any!, V : Any!, P : Any!> ofObject(p0: T!, p1: Property<T!, P!>!, p2: TypeConverter<V!, P!>!, p3: TypeEvaluator<V!>!, vararg p4: V!): ObjectAnimator
static fun ofObject(p0: (TypeEvaluator<Any!>..TypeEvaluator<*>?), vararg p1: Any!): ValueAnimator!
e: file:///Users/HONGBGU/Documents/seadroid/app/src/main/java/com/seafile/seadroid2/widget/prefs/simplemenu/SimpleMenuBoundsProperty.kt:10:10 Class 'SimpleMenuBoundsProperty' is not abstract and does not implement abstract base class member 'get'.
e: file:///Users/HONGBGU/Documents/seadroid/app/src/main/java/com/seafile/seadroid2/widget/prefs/simplemenu/SimpleMenuBoundsProperty.kt:12:5 'get' overrides nothing.
e: file:///Users/HONGBGU/Documents/seadroid/app/src/main/java/com/seafile/seadroid2/widget/prefs/simplemenu/SimpleMenuBoundsProperty.kt:16:5 'set' overrides nothing.
e: file:///Users/HONGBGU/Documents/seadroid/app/src/main/java/com/seafile/seadroid2/widget/prefs/simplemenu/SimpleMenuBoundsProperty.kt:17:26 Argument type mismatch: actual type is 'android.graphics.Rect?', but 'android.graphics.Rect' was expected.
e: file:///Users/HONGBGU/Documents/seadroid/app/src/main/java/com/seafile/seadroid2/widget/prefs/simplemenu/SimpleMenuBoundsProperty.kt:20:36 Only safe (?.) or non-null asserted (!!.) calls are allowed on a nullable receiver of type 'android.view.View?'.
e: file:///Users/HONGBGU/Documents/seadroid/app/src/main/java/com/seafile/seadroid2/widget/prefs/simplemenu/SimpleMenuListAdapter.kt:45:17 Only safe (?.) or non-null asserted (!!.) calls are allowed on a nullable receiver of type 'kotlin.IntArray?'.
e: file:///Users/HONGBGU/Documents/seadroid/app/src/main/java/com/seafile/seadroid2/widget/prefs/simplemenu/SimpleMenuPopupWindow.kt:161:25 Function 'public' exposes its 'internal' return type 'CustomBoundsDrawable'.
e: file:///Users/HONGBGU/Documents/seadroid/app/src/main/java/com/seafile/seadroid2/widget/prefs/simplemenu/SimpleMenuPopupWindow.kt:413:19 Assignment type mismatch: actual type is 'kotlin.Array<kotlin.CharSequence?>', but 'kotlin.Array<kotlin.CharSequence>' was expected.

> Task :app:compileDebugKotlin FAILED

> Task :app:compileReleaseKotlin
e: file:///Users/HONGBGU/Documents/seadroid/app/src/main/java/com/seafile/seadroid2/account/Account.kt:15:1 Class 'Account' is not abstract and does not implement abstract member 'compareTo'.
e: file:///Users/HONGBGU/Documents/seadroid/app/src/main/java/com/seafile/seadroid2/account/Account.kt:252:40 Argument type mismatch: actual type is 'kotlin.String?', but 'kotlin.String' was expected.
e: file:///Users/HONGBGU/Documents/seadroid/app/src/main/java/com/seafile/seadroid2/account/Account.kt:284:5 'compareTo' overrides nothing.
e: file:///Users/HONGBGU/Documents/seadroid/app/src/main/java/com/seafile/seadroid2/account/Account.kt:335:28 Return type mismatch: expected 'com.seafile.seadroid2.account.Account', actual 'android.accounts.Account'.
e: file:///Users/HONGBGU/Documents/seadroid/app/src/main/java/com/seafile/seadroid2/account/AccountUtils.kt:29:53 Only safe (?.) or non-null asserted (!!.) calls are allowed on a nullable receiver of type 'com.seafile.seadroid2.framework.service.BackupThreadExecutor?'.
e: file:///Users/HONGBGU/Documents/seadroid/app/src/main/java/com/seafile/seadroid2/account/AccountUtils.kt:35:54 Only safe (?.) or non-null asserted (!!.) calls are allowed on a nullable receiver of type 'com.seafile.seadroid2.account.SupportAccountManager?'.
e: file:///Users/HONGBGU/Documents/seadroid/app/src/main/java/com/seafile/seadroid2/account/AccountUtils.kt:36:54 Only safe (?.) or non-null asserted (!!.) calls are allowed on a nullable receiver of type 'com.seafile.seadroid2.account.SupportAccountManager?'.
e: file:///Users/HONGBGU/Documents/seadroid/app/src/main/java/com/seafile/seadroid2/account/AccountUtils.kt:39:87 Argument type mismatch: actual type is 'com.seafile.seadroid2.account.Account?', but 'com.seafile.seadroid2.account.Account' was expected.
e: file:///Users/HONGBGU/Documents/seadroid/app/src/main/java/com/seafile/seadroid2/account/AccountUtils.kt:67:53 Only safe (?.) or non-null asserted (!!.) calls are allowed on a nullable receiver of type 'com.seafile.seadroid2.framework.service.BackupThreadExecutor?'.
e: file:///Users/HONGBGU/Documents/seadroid/app/src/main/java/com/seafile/seadroid2/account/Authenticator.kt:79:62 Only safe (?.) or non-null asserted (!!.) calls are allowed on a nullable receiver of type 'com.seafile.seadroid2.account.SupportAccountManager?'.
e: file:///Users/HONGBGU/Documents/seadroid/app/src/main/java/com/seafile/seadroid2/account/Authenticator.kt:80:44 Initializer type mismatch: expected 'retrofit2.Call<com.seafile.seadroid2.account.AccountInfo?>', actual 'retrofit2.Call<com.seafile.seadroid2.account.AccountInfo?>?'.
e: file:///Users/HONGBGU/Documents/seadroid/app/src/main/java/com/seafile/seadroid2/account/Authenticator.kt:81:17 Only safe (?.) or non-null asserted (!!.) calls are allowed on a nullable receiver of type 'com.seafile.seadroid2.framework.http.HttpIO?'.
e: file:///Users/HONGBGU/Documents/seadroid/app/src/main/java/com/seafile/seadroid2/account/Authenticator.kt:81:43 Argument type mismatch: actual type is 'java.lang.Class<com.seafile.seadroid2.ui.account.AccountService>', but 'java.lang.Class<T?>' was expected.
e: file:///Users/HONGBGU/Documents/seadroid/app/src/main/java/com/seafile/seadroid2/account/Authenticator.kt:81:70 Only safe (?.) or non-null asserted (!!.) calls are allowed on a nullable receiver of type 'com.seafile.seadroid2.ui.account.AccountService?'.
e: file:///Users/HONGBGU/Documents/seadroid/app/src/main/java/com/seafile/seadroid2/account/Authenticator.kt:182:58 Only safe (?.) or non-null asserted (!!.) calls are allowed on a nullable receiver of type 'com.seafile.seadroid2.account.SupportAccountManager?'.
e: file:///Users/HONGBGU/Documents/seadroid/app/src/main/java/com/seafile/seadroid2/account/SupportAccountManager.kt:14:62 Cannot import 'getSignature'. Functions and properties can only be imported from packages or objects.
e: file:///Users/HONGBGU/Documents/seadroid/app/src/main/java/com/seafile/seadroid2/account/SupportAccountManager.kt:15:61 Cannot import 'equals'. Functions and properties can only be imported from packages or objects.
e: file:///Users/HONGBGU/Documents/seadroid/app/src/main/java/com/seafile/seadroid2/account/SupportAccountManager.kt:17:65 Cannot import 'equals'. Functions and properties can only be imported from packages or objects.
e: file:///Users/HONGBGU/Documents/seadroid/app/src/main/java/com/seafile/seadroid2/account/SupportAccountManager.kt:43:22 Argument type mismatch: actual type is 'com.seafile.seadroid2.account.Account', but 'android.accounts.Account' was expected.
e: file:///Users/HONGBGU/Documents/seadroid/app/src/main/java/com/seafile/seadroid2/account/SupportAccountManager.kt:86:13 Only safe (?.) or non-null asserted (!!.) calls are allowed on a nullable receiver of type 'com.seafile.seadroid2.framework.datastore.DataStoreManager?'.
e: file:///Users/HONGBGU/Documents/seadroid/app/src/main/java/com/seafile/seadroid2/account/SupportAccountManager.kt:98:13 Only safe (?.) or non-null asserted (!!.) calls are allowed on a nullable receiver of type 'com.seafile.seadroid2.framework.datastore.DataStoreManager?'.
e: file:///Users/HONGBGU/Documents/seadroid/app/src/main/java/com/seafile/seadroid2/account/SupportAccountManager.kt:103:23 Unresolved reference 'hasValidToken'.
e: file:///Users/HONGBGU/Documents/seadroid/app/src/main/java/com/seafile/seadroid2/account/SupportAccountManager.kt:103:44 Unresolved reference 'getSignature'.
e: file:///Users/HONGBGU/Documents/seadroid/app/src/main/java/com/seafile/seadroid2/account/SupportAccountManager.kt:104:28 Return type mismatch: expected 'com.seafile.seadroid2.account.Account?', actual 'android.accounts.Account'.
e: file:///Users/HONGBGU/Documents/seadroid/app/src/main/java/com/seafile/seadroid2/account/SupportAccountManager.kt:114:13 Only safe (?.) or non-null asserted (!!.) calls are allowed on a nullable receiver of type 'com.seafile.seadroid2.framework.datastore.DataStoreManager?'.
e: file:///Users/HONGBGU/Documents/seadroid/app/src/main/java/com/seafile/seadroid2/baseviewmodel/BaseViewModel.kt:13:28 Unresolved reference 'ViewModel'.
e: file:///Users/HONGBGU/Documents/seadroid/app/src/main/java/com/seafile/seadroid2/baseviewmodel/BaseViewModel.kt:14:38 Unresolved reference 'CompositeDisposable'.
e: file:///Users/HONGBGU/Documents/seadroid/app/src/main/java/com/seafile/seadroid2/baseviewmodel/BaseViewModel.kt:14:60 Unresolved reference 'CompositeDisposable'.
e: file:///Users/HONGBGU/Documents/seadroid/app/src/main/java/com/seafile/seadroid2/baseviewmodel/BaseViewModel.kt:15:35 Unresolved reference 'MutableLiveData'.
e: file:///Users/HONGBGU/Documents/seadroid/app/src/main/java/com/seafile/seadroid2/baseviewmodel/BaseViewModel.kt:15:63 Unresolved reference 'MutableLiveData'.
e: file:///Users/HONGBGU/Documents/seadroid/app/src/main/java/com/seafile/seadroid2/baseviewmodel/BaseViewModel.kt:16:41 Unresolved reference 'MutableLiveData'.
e: file:///Users/HONGBGU/Documents/seadroid/app/src/main/java/com/seafile/seadroid2/baseviewmodel/BaseViewModel.kt:16:69 Unresolved reference 'MutableLiveData'.
e: file:///Users/HONGBGU/Documents/seadroid/app/src/main/java/com/seafile/seadroid2/baseviewmodel/BaseViewModel.kt:18:37 Unresolved reference 'MutableLiveData'.
e: file:///Users/HONGBGU/Documents/seadroid/app/src/main/java/com/seafile/seadroid2/baseviewmodel/BaseViewModel.kt:18:64 Unresolved reference 'SeafException'.
e: file:///Users/HONGBGU/Documents/seadroid/app/src/main/java/com/seafile/seadroid2/baseviewmodel/BaseViewModel.kt:19:9 Unresolved reference 'MutableLiveData'.
e: file:///Users/HONGBGU/Documents/seadroid/app/src/main/java/com/seafile/seadroid2/baseviewmodel/BaseViewModel.kt:19:36 Unresolved reference 'SeafException'.
e: file:///Users/HONGBGU/Documents/seadroid/app/src/main/java/com/seafile/seadroid2/baseviewmodel/BaseViewModel.kt:20:41 Unresolved reference 'MutableLiveData'.
e: file:///Users/HONGBGU/Documents/seadroid/app/src/main/java/com/seafile/seadroid2/baseviewmodel/BaseViewModel.kt:20:57 Unresolved reference 'SeafException'.
e: file:///Users/HONGBGU/Documents/seadroid/app/src/main/java/com/seafile/seadroid2/baseviewmodel/BaseViewModel.kt:21:9 Unresolved reference 'MutableLiveData'.
e: file:///Users/HONGBGU/Documents/seadroid/app/src/main/java/com/seafile/seadroid2/baseviewmodel/BaseViewModel.kt:21:25 Unresolved reference 'SeafException'.
e: file:///Users/HONGBGU/Documents/seadroid/app/src/main/java/com/seafile/seadroid2/baseviewmodel/BaseViewModel.kt:22:45 Unresolved reference 'MutableLiveData'.
e: file:///Users/HONGBGU/Documents/seadroid/app/src/main/java/com/seafile/seadroid2/baseviewmodel/BaseViewModel.kt:23:9 Unresolved reference 'MutableLiveData'.
e: file:///Users/HONGBGU/Documents/seadroid/app/src/main/java/com/seafile/seadroid2/baseviewmodel/BaseViewModel.kt:25:41 Unresolved reference 'MutableLiveData'.
e: file:///Users/HONGBGU/Documents/seadroid/app/src/main/java/com/seafile/seadroid2/baseviewmodel/BaseViewModel.kt:29:31 Unresolved reference 'MutableLiveData'.
e: file:///Users/HONGBGU/Documents/seadroid/app/src/main/java/com/seafile/seadroid2/baseviewmodel/BaseViewModel.kt:33:37 Unresolved reference 'MutableLiveData'.
e: file:///Users/HONGBGU/Documents/seadroid/app/src/main/java/com/seafile/seadroid2/baseviewmodel/BaseViewModel.kt:37:33 Unresolved reference 'MutableLiveData'.
e: file:///Users/HONGBGU/Documents/seadroid/app/src/main/java/com/seafile/seadroid2/baseviewmodel/BaseViewModel.kt:37:60 Unresolved reference 'SeafException'.
e: file:///Users/HONGBGU/Documents/seadroid/app/src/main/java/com/seafile/seadroid2/baseviewmodel/BaseViewModel.kt:41:37 Unresolved reference 'MutableLiveData'.
e: file:///Users/HONGBGU/Documents/seadroid/app/src/main/java/com/seafile/seadroid2/baseviewmodel/BaseViewModel.kt:41:53 Unresolved reference 'SeafException'.
e: file:///Users/HONGBGU/Documents/seadroid/app/src/main/java/com/seafile/seadroid2/baseviewmodel/BaseViewModel.kt:46:30 None of the following candidates is applicable:
@SinceKotlin(...) @InlineOnly() fun <V> KMutableProperty0<V>.setValue(thisRef: Any?, property: KProperty<*>, value: V): Unit
@SinceKotlin(...) @InlineOnly() fun <T, V> KMutableProperty1<T, V>.setValue(thisRef: T, property: KProperty<*>, value: V): Unit
@InlineOnly() fun <V> MutableMap<in String, in V>.setValue(thisRef: Any?, property: KProperty<*>, value: V): Unit
e: file:///Users/HONGBGU/Documents/seadroid/app/src/main/java/com/seafile/seadroid2/baseviewmodel/BaseViewModel.kt:50:30 None of the following candidates is applicable:
@SinceKotlin(...) @InlineOnly() fun <V> KMutableProperty0<V>.setValue(thisRef: Any?, property: KProperty<*>, value: V): Unit
@SinceKotlin(...) @InlineOnly() fun <T, V> KMutableProperty1<T, V>.setValue(thisRef: T, property: KProperty<*>, value: V): Unit
@InlineOnly() fun <V> MutableMap<in String, in V>.setValue(thisRef: Any?, property: KProperty<*>, value: V): Unit
e: file:///Users/HONGBGU/Documents/seadroid/app/src/main/java/com/seafile/seadroid2/baseviewmodel/BaseViewModel.kt:54:21 Unresolved reference 'Single'.
e: file:///Users/HONGBGU/Documents/seadroid/app/src/main/java/com/seafile/seadroid2/baseviewmodel/BaseViewModel.kt:54:36 Unresolved reference 'HttpIO'.
e: file:///Users/HONGBGU/Documents/seadroid/app/src/main/java/com/seafile/seadroid2/baseviewmodel/BaseViewModel.kt:55:22 Unresolved reference 'AccountService'.
e: file:///Users/HONGBGU/Documents/seadroid/app/src/main/java/com/seafile/seadroid2/baseviewmodel/BaseViewModel.kt:55:39 Unresolved reference 'AccountService'.
e: file:///Users/HONGBGU/Documents/seadroid/app/src/main/java/com/seafile/seadroid2/baseviewmodel/BaseViewModel.kt:55:61 Unresolved reference. None of the following candidates is applicable because of a receiver type mismatch:
val <T> KClass<T>.java: Class<T>
e: file:///Users/HONGBGU/Documents/seadroid/app/src/main/java/com/seafile/seadroid2/baseviewmodel/BaseViewModel.kt:59:17 Unresolved reference 'Logs'.
e: file:///Users/HONGBGU/Documents/seadroid/app/src/main/java/com/seafile/seadroid2/baseviewmodel/BaseViewModel.kt:65:9 Unresolved reference 'Logs'.
e: file:///Users/HONGBGU/Documents/seadroid/app/src/main/java/com/seafile/seadroid2/baseviewmodel/BaseViewModel.kt:69:13 Unresolved reference 'Toasts'.
e: file:///Users/HONGBGU/Documents/seadroid/app/src/main/java/com/seafile/seadroid2/baseviewmodel/BaseViewModel.kt:77:9 Unresolved reference 'Logs'.
e: file:///Users/HONGBGU/Documents/seadroid/app/src/main/java/com/seafile/seadroid2/baseviewmodel/BaseViewModel.kt:77:85 Unresolved reference 'size'.
e: file:///Users/HONGBGU/Documents/seadroid/app/src/main/java/com/seafile/seadroid2/baseviewmodel/BaseViewModel.kt:79:9 Unresolved reference 'Logs'.
e: file:///Users/HONGBGU/Documents/seadroid/app/src/main/java/com/seafile/seadroid2/baseviewmodel/BaseViewModel.kt:79:82 Unresolved reference 'size'.
e: file:///Users/HONGBGU/Documents/seadroid/app/src/main/java/com/seafile/seadroid2/baseviewmodel/BaseViewModel.kt:82:5 'onCleared' overrides nothing.
e: file:///Users/HONGBGU/Documents/seadroid/app/src/main/java/com/seafile/seadroid2/baseviewmodel/BaseViewModel.kt:83:9 Unresolved reference 'ViewModel'.
e: file:///Users/HONGBGU/Documents/seadroid/app/src/main/java/com/seafile/seadroid2/baseviewmodel/BaseViewModel.kt:83:15 Unresolved reference 'onCleared'.
e: file:///Users/HONGBGU/Documents/seadroid/app/src/main/java/com/seafile/seadroid2/baseviewmodel/BaseViewModel.kt:84:9 Unresolved reference 'Logs'.
e: file:///Users/HONGBGU/Documents/seadroid/app/src/main/java/com/seafile/seadroid2/baseviewmodel/BaseViewModel.kt:89:92 Unresolved reference 'RequestBody'.
e: file:///Users/HONGBGU/Documents/seadroid/app/src/main/java/com/seafile/seadroid2/baseviewmodel/BaseViewModel.kt:90:49 Unresolved reference 'RequestBody'.
e: file:///Users/HONGBGU/Documents/seadroid/app/src/main/java/com/seafile/seadroid2/baseviewmodel/BaseViewModel.kt:90:82 Unresolved reference 'RequestBody'.
e: file:///Users/HONGBGU/Documents/seadroid/app/src/main/java/com/seafile/seadroid2/baseviewmodel/BaseViewModel.kt:94:17 Unresolved reference 'RequestBody'.
e: file:///Users/HONGBGU/Documents/seadroid/app/src/main/java/com/seafile/seadroid2/baseviewmodel/BaseViewModel.kt:101:17 Unresolved reference 'not' for operator '!'.
e: file:///Users/HONGBGU/Documents/seadroid/app/src/main/java/com/seafile/seadroid2/baseviewmodel/BaseViewModel.kt:101:18 Unresolved reference 'TextUtils'.
e: file:///Users/HONGBGU/Documents/seadroid/app/src/main/java/com/seafile/seadroid2/baseviewmodel/BaseViewModel.kt:102:34 Unresolved reference 'RequestBody'.
e: file:///Users/HONGBGU/Documents/seadroid/app/src/main/java/com/seafile/seadroid2/baseviewmodel/BaseViewModel.kt:103:21 Unresolved reference 'RequestBody'.
e: file:///Users/HONGBGU/Documents/seadroid/app/src/main/java/com/seafile/seadroid2/baseviewmodel/BaseViewModel.kt:110:34 Unresolved reference 'Disposable'.
e: file:///Users/HONGBGU/Documents/seadroid/app/src/main/java/com/seafile/seadroid2/baseviewmodel/BaseViewModel.kt:111:29 Unresolved reference 'add'.
e: file:///Users/HONGBGU/Documents/seadroid/app/src/main/java/com/seafile/seadroid2/baseviewmodel/BaseViewModel.kt:115:41 Unresolved reference 'Single'.
e: file:///Users/HONGBGU/Documents/seadroid/app/src/main/java/com/seafile/seadroid2/baseviewmodel/BaseViewModel.kt:116:29 Unresolved reference 'add'.
e: file:///Users/HONGBGU/Documents/seadroid/app/src/main/java/com/seafile/seadroid2/baseviewmodel/BaseViewModel.kt:118:18 Unresolved reference 'subscribeOn'.
e: file:///Users/HONGBGU/Documents/seadroid/app/src/main/java/com/seafile/seadroid2/baseviewmodel/BaseViewModel.kt:119:28 Unresolved reference 'AndroidSchedulers'.
e: file:///Users/HONGBGU/Documents/seadroid/app/src/main/java/com/seafile/seadroid2/baseviewmodel/BaseViewModel.kt:125:17 Unresolved reference 'Single'.
e: file:///Users/HONGBGU/Documents/seadroid/app/src/main/java/com/seafile/seadroid2/baseviewmodel/BaseViewModel.kt:127:20 One type argument expected for interface 'Consumer'.
e: file:///Users/HONGBGU/Documents/seadroid/app/src/main/java/com/seafile/seadroid2/baseviewmodel/BaseViewModel.kt:129:29 Unresolved reference 'add'.
e: file:///Users/HONGBGU/Documents/seadroid/app/src/main/java/com/seafile/seadroid2/baseviewmodel/BaseViewModel.kt:131:18 Unresolved reference 'subscribeOn'.
e: file:///Users/HONGBGU/Documents/seadroid/app/src/main/java/com/seafile/seadroid2/baseviewmodel/BaseViewModel.kt:132:28 Unresolved reference 'AndroidSchedulers'.
e: file:///Users/HONGBGU/Documents/seadroid/app/src/main/java/com/seafile/seadroid2/baseviewmodel/BaseViewModel.kt:138:45 Unresolved reference 'Flowable'.
e: file:///Users/HONGBGU/Documents/seadroid/app/src/main/java/com/seafile/seadroid2/baseviewmodel/BaseViewModel.kt:139:29 Unresolved reference 'add'.
e: file:///Users/HONGBGU/Documents/seadroid/app/src/main/java/com/seafile/seadroid2/baseviewmodel/BaseViewModel.kt:141:18 Unresolved reference 'subscribeOn'.
e: file:///Users/HONGBGU/Documents/seadroid/app/src/main/java/com/seafile/seadroid2/baseviewmodel/BaseViewModel.kt:142:28 Unresolved reference 'AndroidSchedulers'.
e: file:///Users/HONGBGU/Documents/seadroid/app/src/main/java/com/seafile/seadroid2/baseviewmodel/BaseViewModel.kt:148:19 Unresolved reference 'Flowable'.
e: file:///Users/HONGBGU/Documents/seadroid/app/src/main/java/com/seafile/seadroid2/baseviewmodel/BaseViewModel.kt:152:29 Unresolved reference 'add'.
e: file:///Users/HONGBGU/Documents/seadroid/app/src/main/java/com/seafile/seadroid2/baseviewmodel/BaseViewModel.kt:154:18 Unresolved reference 'subscribeOn'.
e: file:///Users/HONGBGU/Documents/seadroid/app/src/main/java/com/seafile/seadroid2/baseviewmodel/BaseViewModel.kt:155:28 Unresolved reference 'AndroidSchedulers'.
e: file:///Users/HONGBGU/Documents/seadroid/app/src/main/java/com/seafile/seadroid2/baseviewmodel/BaseViewModel.kt:161:19 Unresolved reference 'Flowable'.
e: file:///Users/HONGBGU/Documents/seadroid/app/src/main/java/com/seafile/seadroid2/baseviewmodel/BaseViewModel.kt:163:20 One type argument expected for interface 'Consumer'.
e: file:///Users/HONGBGU/Documents/seadroid/app/src/main/java/com/seafile/seadroid2/baseviewmodel/BaseViewModel.kt:165:29 Unresolved reference 'add'.
e: file:///Users/HONGBGU/Documents/seadroid/app/src/main/java/com/seafile/seadroid2/baseviewmodel/BaseViewModel.kt:167:18 Unresolved reference 'subscribeOn'.
e: file:///Users/HONGBGU/Documents/seadroid/app/src/main/java/com/seafile/seadroid2/baseviewmodel/BaseViewModel.kt:168:28 Unresolved reference 'AndroidSchedulers'.
e: file:///Users/HONGBGU/Documents/seadroid/app/src/main/java/com/seafile/seadroid2/baseviewmodel/BaseViewModel.kt:174:19 Unresolved reference 'Flowable'.
e: file:///Users/HONGBGU/Documents/seadroid/app/src/main/java/com/seafile/seadroid2/baseviewmodel/BaseViewModel.kt:179:29 Unresolved reference 'add'.
e: file:///Users/HONGBGU/Documents/seadroid/app/src/main/java/com/seafile/seadroid2/baseviewmodel/BaseViewModel.kt:181:18 Unresolved reference 'subscribeOn'.
e: file:///Users/HONGBGU/Documents/seadroid/app/src/main/java/com/seafile/seadroid2/baseviewmodel/BaseViewModel.kt:182:28 Unresolved reference 'AndroidSchedulers'.
e: file:///Users/HONGBGU/Documents/seadroid/app/src/main/java/com/seafile/seadroid2/baseviewmodel/BaseViewModel.kt:188:47 Unresolved reference 'Completable'.
e: file:///Users/HONGBGU/Documents/seadroid/app/src/main/java/com/seafile/seadroid2/baseviewmodel/BaseViewModel.kt:189:29 Unresolved reference 'add'.
e: file:///Users/HONGBGU/Documents/seadroid/app/src/main/java/com/seafile/seadroid2/baseviewmodel/BaseViewModel.kt:191:18 Unresolved reference 'subscribeOn'.
e: file:///Users/HONGBGU/Documents/seadroid/app/src/main/java/com/seafile/seadroid2/baseviewmodel/BaseViewModel.kt:192:28 Unresolved reference 'AndroidSchedulers'.
e: file:///Users/HONGBGU/Documents/seadroid/app/src/main/java/com/seafile/seadroid2/baseviewmodel/BaseViewModel.kt:200:40 None of the following candidates is applicable:
@SinceKotlin(...) @InlineOnly() fun <V> KMutableProperty0<V>.setValue(thisRef: Any?, property: KProperty<*>, value: V): Unit
@SinceKotlin(...) @InlineOnly() fun <T, V> KMutableProperty1<T, V>.setValue(thisRef: T, property: KProperty<*>, value: V): Unit
@InlineOnly() fun <V> MutableMap<in String, in V>.setValue(thisRef: Any?, property: KProperty<*>, value: V): Unit
e: file:///Users/HONGBGU/Documents/seadroid/app/src/main/java/com/seafile/seadroid2/baseviewmodel/BaseViewModel.kt:201:32 Unresolved reference 'SeafException'.
e: file:///Users/HONGBGU/Documents/seadroid/app/src/main/java/com/seafile/seadroid2/baseviewmodel/BaseViewModel.kt:202:25 Argument type mismatch: actual type is 'kotlin.Int', but 'kotlin.Int?' was expected.
e: file:///Users/HONGBGU/Documents/seadroid/app/src/main/java/com/seafile/seadroid2/baseviewmodel/BaseViewModel.kt:203:25 Unresolved reference 'SeafException'.
e: file:///Users/HONGBGU/Documents/seadroid/app/src/main/java/com/seafile/seadroid2/baseviewmodel/BaseViewModel.kt:207:40 None of the following candidates is applicable:
@SinceKotlin(...) @InlineOnly() fun <V> KMutableProperty0<V>.setValue(thisRef: Any?, property: KProperty<*>, value: V): Unit
@SinceKotlin(...) @InlineOnly() fun <T, V> KMutableProperty1<T, V>.setValue(thisRef: T, property: KProperty<*>, value: V): Unit
@InlineOnly() fun <V> MutableMap<in String, in V>.setValue(thisRef: Any?, property: KProperty<*>, value: V): Unit
e: file:///Users/HONGBGU/Documents/seadroid/app/src/main/java/com/seafile/seadroid2/baseviewmodel/BaseViewModel.kt:208:32 Unresolved reference 'SeafException'.
e: file:///Users/HONGBGU/Documents/seadroid/app/src/main/java/com/seafile/seadroid2/baseviewmodel/BaseViewModel.kt:209:25 Argument type mismatch: actual type is 'kotlin.Int', but 'kotlin.Int?' was expected.
e: file:///Users/HONGBGU/Documents/seadroid/app/src/main/java/com/seafile/seadroid2/baseviewmodel/BaseViewModel.kt:210:25 Unresolved reference 'SeafException'.
e: file:///Users/HONGBGU/Documents/seadroid/app/src/main/java/com/seafile/seadroid2/baseviewmodel/BaseViewModel.kt:218:61 Unresolved reference 'SeafException'.
e: file:///Users/HONGBGU/Documents/seadroid/app/src/main/java/com/seafile/seadroid2/baseviewmodel/BaseViewModel.kt:219:16 Unresolved reference 'parseByThrowable'.
e: file:///Users/HONGBGU/Documents/seadroid/app/src/main/java/com/seafile/seadroid2/baseviewmodel/BaseViewModel.kt:223:28 Unresolved reference 'SeafException'.
e: file:///Users/HONGBGU/Documents/seadroid/app/src/main/java/com/seafile/seadroid2/baseviewmodel/BaseViewModel.kt:223:44 Unresolved reference 'parseByThrowable'.
e: file:///Users/HONGBGU/Documents/seadroid/app/src/main/java/com/seafile/seadroid2/baseviewmodel/BaseViewModel.kt:224:30 Unresolved reference 'message'.
e: file:///Users/HONGBGU/Documents/seadroid/app/src/main/java/com/seafile/seadroid2/baseviewmodel/ExceptionHandler.kt:17:18 One type argument expected for interface 'Consumer'.
e: file:///Users/HONGBGU/Documents/seadroid/app/src/main/java/com/seafile/seadroid2/baseviewmodel/ExceptionHandler.kt:21:25 Unresolved reference 'accept'.
e: file:///Users/HONGBGU/Documents/seadroid/app/src/main/java/com/seafile/seadroid2/baseviewmodel/RxTaskBuilder.kt:18:16 Return type mismatch: expected 'com.seafile.seadroid2.baseviewmodel.RxTaskBuilder<T?>', actual 'com.seafile.seadroid2.baseviewmodel.RxTaskBuilder<T>'.
e: file:///Users/HONGBGU/Documents/seadroid/app/src/main/java/com/seafile/seadroid2/baseviewmodel/RxTaskBuilder.kt:23:16 Return type mismatch: expected 'com.seafile.seadroid2.baseviewmodel.RxTaskBuilder<T?>', actual 'com.seafile.seadroid2.baseviewmodel.RxTaskBuilder<T>'.
e: file:///Users/HONGBGU/Documents/seadroid/app/src/main/java/com/seafile/seadroid2/baseviewmodel/RxTaskBuilder.kt:28:16 Return type mismatch: expected 'com.seafile.seadroid2.baseviewmodel.RxTaskBuilder<T?>', actual 'com.seafile.seadroid2.baseviewmodel.RxTaskBuilder<T>'.
e: file:///Users/HONGBGU/Documents/seadroid/app/src/main/java/com/seafile/seadroid2/baseviewmodel/RxTaskBuilder.kt:33:16 Return type mismatch: expected 'com.seafile.seadroid2.baseviewmodel.RxTaskBuilder<T?>', actual 'com.seafile.seadroid2.baseviewmodel.RxTaskBuilder<T>'.
e: file:///Users/HONGBGU/Documents/seadroid/app/src/main/java/com/seafile/seadroid2/baseviewmodel/RxTaskBuilder.kt:38:16 Return type mismatch: expected 'com.seafile.seadroid2.baseviewmodel.RxTaskBuilder<T?>', actual 'com.seafile.seadroid2.baseviewmodel.RxTaskBuilder<T>'.
e: file:///Users/HONGBGU/Documents/seadroid/app/src/main/java/com/seafile/seadroid2/baseviewmodel/RxTaskBuilder.kt:43:16 Return type mismatch: expected 'com.seafile.seadroid2.baseviewmodel.RxTaskBuilder<T?>', actual 'com.seafile.seadroid2.baseviewmodel.RxTaskBuilder<T>'.
e: file:///Users/HONGBGU/Documents/seadroid/app/src/main/java/com/seafile/seadroid2/baseviewmodel/WrapViewModel.kt:17:23 Unresolved reference 'ViewModel'.
e: file:///Users/HONGBGU/Documents/seadroid/app/src/main/java/com/seafile/seadroid2/baseviewmodel/WrapViewModel.kt:38:33 Unresolved reference 'MutableLiveData'.
e: file:///Users/HONGBGU/Documents/seadroid/app/src/main/java/com/seafile/seadroid2/baseviewmodel/WrapViewModel.kt:39:9 Unresolved reference 'MutableLiveData'.
e: file:///Users/HONGBGU/Documents/seadroid/app/src/main/java/com/seafile/seadroid2/baseviewmodel/WrapViewModel.kt:40:35 Unresolved reference 'MutableLiveData'.
e: file:///Users/HONGBGU/Documents/seadroid/app/src/main/java/com/seafile/seadroid2/baseviewmodel/WrapViewModel.kt:40:63 Unresolved reference 'MutableLiveData'.
e: file:///Users/HONGBGU/Documents/seadroid/app/src/main/java/com/seafile/seadroid2/baseviewmodel/WrapViewModel.kt:41:41 Unresolved reference 'MutableLiveData'.
e: file:///Users/HONGBGU/Documents/seadroid/app/src/main/java/com/seafile/seadroid2/baseviewmodel/WrapViewModel.kt:41:69 Unresolved reference 'MutableLiveData'.
e: file:///Users/HONGBGU/Documents/seadroid/app/src/main/java/com/seafile/seadroid2/baseviewmodel/WrapViewModel.kt:42:37 Unresolved reference 'MutableLiveData'.
e: file:///Users/HONGBGU/Documents/seadroid/app/src/main/java/com/seafile/seadroid2/baseviewmodel/WrapViewModel.kt:42:64 Unresolved reference 'SeafException'.
e: file:///Users/HONGBGU/Documents/seadroid/app/src/main/java/com/seafile/seadroid2/baseviewmodel/WrapViewModel.kt:43:9 Unresolved reference 'MutableLiveData'.
e: file:///Users/HONGBGU/Documents/seadroid/app/src/main/java/com/seafile/seadroid2/baseviewmodel/WrapViewModel.kt:43:36 Unresolved reference 'SeafException'.
e: file:///Users/HONGBGU/Documents/seadroid/app/src/main/java/com/seafile/seadroid2/baseviewmodel/WrapViewModel.kt:44:41 Unresolved reference 'MutableLiveData'.
e: file:///Users/HONGBGU/Documents/seadroid/app/src/main/java/com/seafile/seadroid2/baseviewmodel/WrapViewModel.kt:44:57 Unresolved reference 'SeafException'.
e: file:///Users/HONGBGU/Documents/seadroid/app/src/main/java/com/seafile/seadroid2/baseviewmodel/WrapViewModel.kt:45:9 Unresolved reference 'MutableLiveData'.
e: file:///Users/HONGBGU/Documents/seadroid/app/src/main/java/com/seafile/seadroid2/baseviewmodel/WrapViewModel.kt:45:25 Unresolved reference 'SeafException'.
e: file:///Users/HONGBGU/Documents/seadroid/app/src/main/java/com/seafile/seadroid2/baseviewmodel/WrapViewModel.kt:46:45 Unresolved reference 'MutableLiveData'.
e: file:///Users/HONGBGU/Documents/seadroid/app/src/main/java/com/seafile/seadroid2/baseviewmodel/WrapViewModel.kt:47:9 Unresolved reference 'MutableLiveData'.
e: file:///Users/HONGBGU/Documents/seadroid/app/src/main/java/com/seafile/seadroid2/baseviewmodel/WrapViewModel.kt:50:38 Unresolved reference 'CompositeDisposable'.
e: file:///Users/HONGBGU/Documents/seadroid/app/src/main/java/com/seafile/seadroid2/baseviewmodel/WrapViewModel.kt:50:60 Unresolved reference 'CompositeDisposable'.
e: file:///Users/HONGBGU/Documents/seadroid/app/src/main/java/com/seafile/seadroid2/baseviewmodel/WrapViewModel.kt:55:13 Unresolved reference 'Logs'.
e: file:///Users/HONGBGU/Documents/seadroid/app/src/main/java/com/seafile/seadroid2/baseviewmodel/WrapViewModel.kt:57:28 None of the following candidates is applicable:
@SinceKotlin(...) @InlineOnly() fun <V> KMutableProperty0<V>.setValue(thisRef: Any?, property: KProperty<*>, value: V): Unit
@SinceKotlin(...) @InlineOnly() fun <T, V> KMutableProperty1<T, V>.setValue(thisRef: T, property: KProperty<*>, value: V): Unit
@InlineOnly() fun <V> MutableMap<in String, in V>.setValue(thisRef: Any?, property: KProperty<*>, value: V): Unit
e: file:///Users/HONGBGU/Documents/seadroid/app/src/main/java/com/seafile/seadroid2/baseviewmodel/WrapViewModel.kt:59:17 Unresolved reference 'Toasts'.
e: file:///Users/HONGBGU/Documents/seadroid/app/src/main/java/com/seafile/seadroid2/baseviewmodel/WrapViewModel.kt:63:13 Argument type mismatch: actual type is 'java.lang.Class<retrofit2.HttpException>', but 'java.lang.Class<T?>?' was expected.
e: file:///Users/HONGBGU/Documents/seadroid/app/src/main/java/com/seafile/seadroid2/baseviewmodel/WrapViewModel.kt:66:13 Argument type mismatch: actual type is 'java.lang.Class<java.io.IOException>', but 'java.lang.Class<T?>?' was expected.
e: file:///Users/HONGBGU/Documents/seadroid/app/src/main/java/com/seafile/seadroid2/baseviewmodel/WrapViewModel.kt:84:22 One type argument expected for interface 'Consumer'.
e: file:///Users/HONGBGU/Documents/seadroid/app/src/main/java/com/seafile/seadroid2/baseviewmodel/WrapViewModel.kt:88:29 Unresolved reference 'accept'.
e: file:///Users/HONGBGU/Documents/seadroid/app/src/main/java/com/seafile/seadroid2/baseviewmodel/WrapViewModel.kt:90:21 Unresolved reference 'Logs'.
e: file:///Users/HONGBGU/Documents/seadroid/app/src/main/java/com/seafile/seadroid2/baseviewmodel/WrapViewModel.kt:102:21 Unresolved reference 'Logs'.
e: file:///Users/HONGBGU/Documents/seadroid/app/src/main/java/com/seafile/seadroid2/baseviewmodel/WrapViewModel.kt:108:21 Unresolved reference 'Logs'.
e: file:///Users/HONGBGU/Documents/seadroid/app/src/main/java/com/seafile/seadroid2/baseviewmodel/WrapViewModel.kt:127:20 Return type mismatch: expected 'com.seafile.seadroid2.baseviewmodel.WrapViewModel.RxTaskBuilder<T?>', actual 'com.seafile.seadroid2.baseviewmodel.WrapViewModel.RxTaskBuilder<T>'.
e: file:///Users/HONGBGU/Documents/seadroid/app/src/main/java/com/seafile/seadroid2/baseviewmodel/WrapViewModel.kt:130:28 Unresolved reference 'Single'.
e: file:///Users/HONGBGU/Documents/seadroid/app/src/main/java/com/seafile/seadroid2/baseviewmodel/WrapViewModel.kt:131:38 Unresolved reference 'toObservable'.
e: file:///Users/HONGBGU/Documents/seadroid/app/src/main/java/com/seafile/seadroid2/baseviewmodel/WrapViewModel.kt:132:20 Return type mismatch: expected 'com.seafile.seadroid2.baseviewmodel.WrapViewModel.RxTaskBuilder<T?>', actual 'com.seafile.seadroid2.baseviewmodel.WrapViewModel.RxTaskBuilder<T>'.
e: file:///Users/HONGBGU/Documents/seadroid/app/src/main/java/com/seafile/seadroid2/baseviewmodel/WrapViewModel.kt:135:30 Unresolved reference 'Flowable'.
e: file:///Users/HONGBGU/Documents/seadroid/app/src/main/java/com/seafile/seadroid2/baseviewmodel/WrapViewModel.kt:136:40 Unresolved reference 'toObservable'.
e: file:///Users/HONGBGU/Documents/seadroid/app/src/main/java/com/seafile/seadroid2/baseviewmodel/WrapViewModel.kt:137:20 Return type mismatch: expected 'com.seafile.seadroid2.baseviewmodel.WrapViewModel.RxTaskBuilder<T?>', actual 'com.seafile.seadroid2.baseviewmodel.WrapViewModel.RxTaskBuilder<T>'.
e: file:///Users/HONGBGU/Documents/seadroid/app/src/main/java/com/seafile/seadroid2/baseviewmodel/WrapViewModel.kt:142:20 Return type mismatch: expected 'com.seafile.seadroid2.baseviewmodel.WrapViewModel.RxTaskBuilder<T?>', actual 'com.seafile.seadroid2.baseviewmodel.WrapViewModel.RxTaskBuilder<T>'.
e: file:///Users/HONGBGU/Documents/seadroid/app/src/main/java/com/seafile/seadroid2/baseviewmodel/WrapViewModel.kt:147:20 Return type mismatch: expected 'com.seafile.seadroid2.baseviewmodel.WrapViewModel.RxTaskBuilder<T?>', actual 'com.seafile.seadroid2.baseviewmodel.WrapViewModel.RxTaskBuilder<T>'.
e: file:///Users/HONGBGU/Documents/seadroid/app/src/main/java/com/seafile/seadroid2/baseviewmodel/WrapViewModel.kt:152:20 Return type mismatch: expected 'com.seafile.seadroid2.baseviewmodel.WrapViewModel.RxTaskBuilder<T?>', actual 'com.seafile.seadroid2.baseviewmodel.WrapViewModel.RxTaskBuilder<T>'.
e: file:///Users/HONGBGU/Documents/seadroid/app/src/main/java/com/seafile/seadroid2/baseviewmodel/WrapViewModel.kt:157:20 Return type mismatch: expected 'com.seafile.seadroid2.baseviewmodel.WrapViewModel.RxTaskBuilder<T?>', actual 'com.seafile.seadroid2.baseviewmodel.WrapViewModel.RxTaskBuilder<T>'.
e: file:///Users/HONGBGU/Documents/seadroid/app/src/main/java/com/seafile/seadroid2/baseviewmodel/WrapViewModel.kt:162:20 Return type mismatch: expected 'com.seafile.seadroid2.baseviewmodel.WrapViewModel.RxTaskBuilder<T?>', actual 'com.seafile.seadroid2.baseviewmodel.WrapViewModel.RxTaskBuilder<T>'.
e: file:///Users/HONGBGU/Documents/seadroid/app/src/main/java/com/seafile/seadroid2/baseviewmodel/WrapViewModel.kt:165:24 Unresolved reference 'Disposable'.
e: file:///Users/HONGBGU/Documents/seadroid/app/src/main/java/com/seafile/seadroid2/baseviewmodel/WrapViewModel.kt:174:45 Argument type mismatch: actual type is 'kotlin.Throwable?', but 'kotlin.Throwable' was expected.
e: file:///Users/HONGBGU/Documents/seadroid/app/src/main/java/com/seafile/seadroid2/baseviewmodel/WrapViewModel.kt:178:44 None of the following candidates is applicable:
@SinceKotlin(...) @InlineOnly() fun <V> KMutableProperty0<V>.setValue(thisRef: Any?, property: KProperty<*>, value: V): Unit
@SinceKotlin(...) @InlineOnly() fun <T, V> KMutableProperty1<T, V>.setValue(thisRef: T, property: KProperty<*>, value: V): Unit
@InlineOnly() fun <V> MutableMap<in String, in V>.setValue(thisRef: Any?, property: KProperty<*>, value: V): Unit
e: file:///Users/HONGBGU/Documents/seadroid/app/src/main/java/com/seafile/seadroid2/baseviewmodel/WrapViewModel.kt:179:32 None of the following candidates is applicable:
@SinceKotlin(...) @InlineOnly() fun <V> KMutableProperty0<V>.setValue(thisRef: Any?, property: KProperty<*>, value: V): Unit
@SinceKotlin(...) @InlineOnly() fun <T, V> KMutableProperty1<T, V>.setValue(thisRef: T, property: KProperty<*>, value: V): Unit
@InlineOnly() fun <V> MutableMap<in String, in V>.setValue(thisRef: Any?, property: KProperty<*>, value: V): Unit
e: file:///Users/HONGBGU/Documents/seadroid/app/src/main/java/com/seafile/seadroid2/baseviewmodel/WrapViewModel.kt:188:28 Unresolved reference 'AndroidSchedulers'.
e: file:///Users/HONGBGU/Documents/seadroid/app/src/main/java/com/seafile/seadroid2/baseviewmodel/WrapViewModel.kt:189:41 Argument type mismatch: actual type is 'kotlin.Function1<ERROR CLASS: Symbol not found for Disposable?, kotlin.Unit>', but 'kotlin.Function1<T!, kotlin.Unit>' was expected.
e: file:///Users/HONGBGU/Documents/seadroid/app/src/main/java/com/seafile/seadroid2/baseviewmodel/WrapViewModel.kt:189:46 Unresolved reference 'Disposable'.
e: file:///Users/HONGBGU/Documents/seadroid/app/src/main/java/com/seafile/seadroid2/baseviewmodel/WrapViewModel.kt:191:52 None of the following candidates is applicable:
@SinceKotlin(...) @InlineOnly() fun <V> KMutableProperty0<V>.setValue(thisRef: Any?, property: KProperty<*>, value: V): Unit
@SinceKotlin(...) @InlineOnly() fun <T, V> KMutableProperty1<T, V>.setValue(thisRef: T, property: KProperty<*>, value: V): Unit
@InlineOnly() fun <V> MutableMap<in String, in V>.setValue(thisRef: Any?, property: KProperty<*>, value: V): Unit
e: file:///Users/HONGBGU/Documents/seadroid/app/src/main/java/com/seafile/seadroid2/baseviewmodel/WrapViewModel.kt:192:40 None of the following candidates is applicable:
@SinceKotlin(...) @InlineOnly() fun <V> KMutableProperty0<V>.setValue(thisRef: Any?, property: KProperty<*>, value: V): Unit
@SinceKotlin(...) @InlineOnly() fun <T, V> KMutableProperty1<T, V>.setValue(thisRef: T, property: KProperty<*>, value: V): Unit
@InlineOnly() fun <V> MutableMap<in String, in V>.setValue(thisRef: Any?, property: KProperty<*>, value: V): Unit
e: file:///Users/HONGBGU/Documents/seadroid/app/src/main/java/com/seafile/seadroid2/baseviewmodel/WrapViewModel.kt:197:52 None of the following candidates is applicable:
@SinceKotlin(...) @InlineOnly() fun <V> KMutableProperty0<V>.setValue(thisRef: Any?, property: KProperty<*>, value: V): Unit
@SinceKotlin(...) @InlineOnly() fun <T, V> KMutableProperty1<T, V>.setValue(thisRef: T, property: KProperty<*>, value: V): Unit
@InlineOnly() fun <V> MutableMap<in String, in V>.setValue(thisRef: Any?, property: KProperty<*>, value: V): Unit
e: file:///Users/HONGBGU/Documents/seadroid/app/src/main/java/com/seafile/seadroid2/baseviewmodel/WrapViewModel.kt:204:29 Unresolved reference 'Disposable'.
e: file:///Users/HONGBGU/Documents/seadroid/app/src/main/java/com/seafile/seadroid2/baseviewmodel/WrapViewModel.kt:211:33 Unresolved reference 'add'.
e: file:///Users/HONGBGU/Documents/seadroid/app/src/main/java/com/seafile/seadroid2/baseviewmodel/WrapViewModel.kt:220:30 Constructor of the inner class 'inner class RxTaskBuilder<T> : Any' can only be called with a receiver of the containing class.
e: file:///Users/HONGBGU/Documents/seadroid/app/src/main/java/com/seafile/seadroid2/baseviewmodel/WrapViewModel.kt:226:38 Unresolved reference 'Completable'.
e: file:///Users/HONGBGU/Documents/seadroid/app/src/main/java/com/seafile/seadroid2/baseviewmodel/WrapViewModel.kt:227:9 Return type mismatch: expected 'com.seafile.seadroid2.baseviewmodel.WrapViewModel.RxTaskBuilder<kotlin.Any?>', actual 'kotlin.Unit'.
e: file:///Users/HONGBGU/Documents/seadroid/app/src/main/java/com/seafile/seadroid2/baseviewmodel/WrapViewModel.kt:228:9 Not enough information to infer type argument for 'T'.
e: file:///Users/HONGBGU/Documents/seadroid/app/src/main/java/com/seafile/seadroid2/baseviewmodel/WrapViewModel.kt:228:17 Overload resolution ambiguity between candidates:
fun source(observable: Observable<ERROR CLASS: Cannot infer argument for type parameter T>): WrapViewModel.RxTaskBuilder<ERROR CLASS: Cannot infer argument for type parameter T>
fun source(single: <ERROR TYPE REF: Symbol not found for Single>): WrapViewModel.RxTaskBuilder<ERROR CLASS: Cannot infer argument for type parameter T>
fun source(flowable: <ERROR TYPE REF: Symbol not found for Flowable>): WrapViewModel.RxTaskBuilder<ERROR CLASS: Cannot infer argument for type parameter T>
e: file:///Users/HONGBGU/Documents/seadroid/app/src/main/java/com/seafile/seadroid2/baseviewmodel/WrapViewModel.kt:228:36 Unresolved reference 'toObservable'.
e: file:///Users/HONGBGU/Documents/seadroid/app/src/main/java/com/seafile/seadroid2/baseviewmodel/WrapViewModel.kt:235:16 Unresolved reference 'LifecycleOwner'.
e: file:///Users/HONGBGU/Documents/seadroid/app/src/main/java/com/seafile/seadroid2/baseviewmodel/WrapViewModel.kt:237:17 One type argument expected for interface 'Consumer'.
e: file:///Users/HONGBGU/Documents/seadroid/app/src/main/java/com/seafile/seadroid2/baseviewmodel/WrapViewModel.kt:239:25 Unresolved reference 'Disposable'.
e: file:///Users/HONGBGU/Documents/seadroid/app/src/main/java/com/seafile/seadroid2/baseviewmodel/WrapViewModel.kt:241:24 Unresolved reference 'AndroidSchedulers'.
e: file:///Users/HONGBGU/Documents/seadroid/app/src/main/java/com/seafile/seadroid2/baseviewmodel/WrapViewModel.kt:246:15 Unresolved reference 'lifecycle'.
e: file:///Users/HONGBGU/Documents/seadroid/app/src/main/java/com/seafile/seadroid2/baseviewmodel/WrapViewModel.kt:246:46 Unresolved reference 'LifecycleEventObserver'.
e: file:///Users/HONGBGU/Documents/seadroid/app/src/main/java/com/seafile/seadroid2/baseviewmodel/WrapViewModel.kt:247:13 'onStateChanged' overrides nothing.
e: file:///Users/HONGBGU/Documents/seadroid/app/src/main/java/com/seafile/seadroid2/baseviewmodel/WrapViewModel.kt:247:49 Unresolved reference 'LifecycleOwner'.
e: file:///Users/HONGBGU/Documents/seadroid/app/src/main/java/com/seafile/seadroid2/baseviewmodel/WrapViewModel.kt:249:37 Unresolved reference 'isDisposed'.
e: file:///Users/HONGBGU/Documents/seadroid/app/src/main/java/com/seafile/seadroid2/baseviewmodel/WrapViewModel.kt:250:36 Unresolved reference 'dispose'.
e: file:///Users/HONGBGU/Documents/seadroid/app/src/main/java/com/seafile/seadroid2/baseviewmodel/WrapViewModel.kt:252:27 Unresolved reference 'lifecycle'.
e: file:///Users/HONGBGU/Documents/seadroid/app/src/main/java/com/seafile/seadroid2/baseviewmodel/WrapViewModel.kt:257:29 Unresolved reference 'add'.
e: file:///Users/HONGBGU/Documents/seadroid/app/src/main/java/com/seafile/seadroid2/baseviewmodel/WrapViewModel.kt:263:35 Unresolved reference 'Disposable'.
e: file:///Users/HONGBGU/Documents/seadroid/app/src/main/java/com/seafile/seadroid2/baseviewmodel/WrapViewModel.kt:264:29 Unresolved reference 'add'.
e: file:///Users/HONGBGU/Documents/seadroid/app/src/main/java/com/seafile/seadroid2/baseviewmodel/WrapViewModel.kt:272:36 None of the following candidates is applicable:
@SinceKotlin(...) @InlineOnly() fun <V> KMutableProperty0<V>.setValue(thisRef: Any?, property: KProperty<*>, value: V): Unit
@SinceKotlin(...) @InlineOnly() fun <T, V> KMutableProperty1<T, V>.setValue(thisRef: T, property: KProperty<*>, value: V): Unit
@InlineOnly() fun <V> MutableMap<in String, in V>.setValue(thisRef: Any?, property: KProperty<*>, value: V): Unit
e: file:///Users/HONGBGU/Documents/seadroid/app/src/main/java/com/seafile/seadroid2/baseviewmodel/WrapViewModel.kt:273:28 Unresolved reference 'SeafException'.
e: file:///Users/HONGBGU/Documents/seadroid/app/src/main/java/com/seafile/seadroid2/baseviewmodel/WrapViewModel.kt:274:21 Argument type mismatch: actual type is 'kotlin.Int', but 'F!' was expected.
e: file:///Users/HONGBGU/Documents/seadroid/app/src/main/java/com/seafile/seadroid2/baseviewmodel/WrapViewModel.kt:275:21 Unresolved reference 'SeafException'.
e: file:///Users/HONGBGU/Documents/seadroid/app/src/main/java/com/seafile/seadroid2/baseviewmodel/WrapViewModel.kt:279:36 None of the following candidates is applicable:
@SinceKotlin(...) @InlineOnly() fun <V> KMutableProperty0<V>.setValue(thisRef: Any?, property: KProperty<*>, value: V): Unit
@SinceKotlin(...) @InlineOnly() fun <T, V> KMutableProperty1<T, V>.setValue(thisRef: T, property: KProperty<*>, value: V): Unit
@InlineOnly() fun <V> MutableMap<in String, in V>.setValue(thisRef: Any?, property: KProperty<*>, value: V): Unit
e: file:///Users/HONGBGU/Documents/seadroid/app/src/main/java/com/seafile/seadroid2/baseviewmodel/WrapViewModel.kt:280:28 Unresolved reference 'SeafException'.
e: file:///Users/HONGBGU/Documents/seadroid/app/src/main/java/com/seafile/seadroid2/baseviewmodel/WrapViewModel.kt:281:21 Argument type mismatch: actual type is 'kotlin.Int', but 'F!' was expected.
e: file:///Users/HONGBGU/Documents/seadroid/app/src/main/java/com/seafile/seadroid2/baseviewmodel/WrapViewModel.kt:282:21 Unresolved reference 'SeafException'.
e: file:///Users/HONGBGU/Documents/seadroid/app/src/main/java/com/seafile/seadroid2/baseviewmodel/WrapViewModel.kt:292:36 None of the following candidates is applicable:
@SinceKotlin(...) @InlineOnly() fun <V> KMutableProperty0<V>.setValue(thisRef: Any?, property: KProperty<*>, value: V): Unit
@SinceKotlin(...) @InlineOnly() fun <T, V> KMutableProperty1<T, V>.setValue(thisRef: T, property: KProperty<*>, value: V): Unit
@InlineOnly() fun <V> MutableMap<in String, in V>.setValue(thisRef: Any?, property: KProperty<*>, value: V): Unit
e: file:///Users/HONGBGU/Documents/seadroid/app/src/main/java/com/seafile/seadroid2/baseviewmodel/WrapViewModel.kt:293:13 Unresolved reference 'SeafException'.
e: file:///Users/HONGBGU/Documents/seadroid/app/src/main/java/com/seafile/seadroid2/baseviewmodel/WrapViewModel.kt:294:17 Unresolved reference 'SeafException'.
e: file:///Users/HONGBGU/Documents/seadroid/app/src/main/java/com/seafile/seadroid2/baseviewmodel/WrapViewModel.kt:303:92 Unresolved reference 'RequestBody'.
e: file:///Users/HONGBGU/Documents/seadroid/app/src/main/java/com/seafile/seadroid2/baseviewmodel/WrapViewModel.kt:304:49 Unresolved reference 'RequestBody'.
e: file:///Users/HONGBGU/Documents/seadroid/app/src/main/java/com/seafile/seadroid2/baseviewmodel/WrapViewModel.kt:304:82 Unresolved reference 'RequestBody'.
e: file:///Users/HONGBGU/Documents/seadroid/app/src/main/java/com/seafile/seadroid2/baseviewmodel/WrapViewModel.kt:308:17 Unresolved reference 'RequestBody'.
e: file:///Users/HONGBGU/Documents/seadroid/app/src/main/java/com/seafile/seadroid2/baseviewmodel/WrapViewModel.kt:315:17 Unresolved reference 'not' for operator '!'.
e: file:///Users/HONGBGU/Documents/seadroid/app/src/main/java/com/seafile/seadroid2/baseviewmodel/WrapViewModel.kt:315:18 Unresolved reference 'TextUtils'.
e: file:///Users/HONGBGU/Documents/seadroid/app/src/main/java/com/seafile/seadroid2/baseviewmodel/WrapViewModel.kt:316:34 Unresolved reference 'RequestBody'.
e: file:///Users/HONGBGU/Documents/seadroid/app/src/main/java/com/seafile/seadroid2/baseviewmodel/WrapViewModel.kt:317:21 Unresolved reference 'RequestBody'.
e: file:///Users/HONGBGU/Documents/seadroid/app/src/main/java/com/seafile/seadroid2/baseviewmodel/WrapViewModel.kt:328:30 None of the following candidates is applicable:
@SinceKotlin(...) @InlineOnly() fun <V> KMutableProperty0<V>.setValue(thisRef: Any?, property: KProperty<*>, value: V): Unit
@SinceKotlin(...) @InlineOnly() fun <T, V> KMutableProperty1<T, V>.setValue(thisRef: T, property: KProperty<*>, value: V): Unit
@InlineOnly() fun <V> MutableMap<in String, in V>.setValue(thisRef: Any?, property: KProperty<*>, value: V): Unit
e: file:///Users/HONGBGU/Documents/seadroid/app/src/main/java/com/seafile/seadroid2/baseviewmodel/WrapViewModel.kt:335:30 None of the following candidates is applicable:
@SinceKotlin(...) @InlineOnly() fun <V> KMutableProperty0<V>.setValue(thisRef: Any?, property: KProperty<*>, value: V): Unit
@SinceKotlin(...) @InlineOnly() fun <T, V> KMutableProperty1<T, V>.setValue(thisRef: T, property: KProperty<*>, value: V): Unit
@InlineOnly() fun <V> MutableMap<in String, in V>.setValue(thisRef: Any?, property: KProperty<*>, value: V): Unit
e: file:///Users/HONGBGU/Documents/seadroid/app/src/main/java/com/seafile/seadroid2/baseviewmodel/WrapViewModel.kt:342:9 Unresolved reference 'Logs'.
e: file:///Users/HONGBGU/Documents/seadroid/app/src/main/java/com/seafile/seadroid2/baseviewmodel/WrapViewModel.kt:342:85 Unresolved reference 'size'.
e: file:///Users/HONGBGU/Documents/seadroid/app/src/main/java/com/seafile/seadroid2/baseviewmodel/WrapViewModel.kt:344:9 Unresolved reference 'Logs'.
e: file:///Users/HONGBGU/Documents/seadroid/app/src/main/java/com/seafile/seadroid2/baseviewmodel/WrapViewModel.kt:344:82 Unresolved reference 'size'.
e: file:///Users/HONGBGU/Documents/seadroid/app/src/main/java/com/seafile/seadroid2/baseviewmodel/WrapViewModel.kt:347:5 'onCleared' overrides nothing.
e: file:///Users/HONGBGU/Documents/seadroid/app/src/main/java/com/seafile/seadroid2/baseviewmodel/WrapViewModel.kt:348:9 Unresolved reference 'ViewModel'.
e: file:///Users/HONGBGU/Documents/seadroid/app/src/main/java/com/seafile/seadroid2/baseviewmodel/WrapViewModel.kt:348:15 Unresolved reference 'onCleared'.
e: file:///Users/HONGBGU/Documents/seadroid/app/src/main/java/com/seafile/seadroid2/baseviewmodel/WrapViewModel.kt:349:9 Unresolved reference 'Logs'.
e: file:///Users/HONGBGU/Documents/seadroid/app/src/main/java/com/seafile/seadroid2/baseviewmodel/WrapViewModel.kt:354:29 Unresolved reference 'LiveData'.
e: file:///Users/HONGBGU/Documents/seadroid/app/src/main/java/com/seafile/seadroid2/baseviewmodel/WrapViewModel.kt:358:31 Unresolved reference 'MutableLiveData'.
e: file:///Users/HONGBGU/Documents/seadroid/app/src/main/java/com/seafile/seadroid2/baseviewmodel/WrapViewModel.kt:362:37 Unresolved reference 'MutableLiveData'.
e: file:///Users/HONGBGU/Documents/seadroid/app/src/main/java/com/seafile/seadroid2/baseviewmodel/WrapViewModel.kt:366:33 Unresolved reference 'MutableLiveData'.
e: file:///Users/HONGBGU/Documents/seadroid/app/src/main/java/com/seafile/seadroid2/baseviewmodel/WrapViewModel.kt:366:60 Unresolved reference 'SeafException'.
e: file:///Users/HONGBGU/Documents/seadroid/app/src/main/java/com/seafile/seadroid2/baseviewmodel/WrapViewModel.kt:370:37 Unresolved reference 'MutableLiveData'.
e: file:///Users/HONGBGU/Documents/seadroid/app/src/main/java/com/seafile/seadroid2/baseviewmodel/WrapViewModel.kt:370:53 Unresolved reference 'SeafException'.
e: file:///Users/HONGBGU/Documents/seadroid/app/src/main/java/com/seafile/seadroid2/baseviewmodel/WrapViewModel.kt:374:41 Unresolved reference 'MutableLiveData'.
e: file:///Users/HONGBGU/Documents/seadroid/app/src/main/java/com/seafile/seadroid2/config/Constants.kt:68:29 Unresolved reference 'SizeUtils'.
e: file:///Users/HONGBGU/Documents/seadroid/app/src/main/java/com/seafile/seadroid2/config/Constants.kt:69:29 Unresolved reference 'SizeUtils'.
e: file:///Users/HONGBGU/Documents/seadroid/app/src/main/java/com/seafile/seadroid2/config/Constants.kt:70:29 Unresolved reference 'SizeUtils'.
e: file:///Users/HONGBGU/Documents/seadroid/app/src/main/java/com/seafile/seadroid2/config/Constants.kt:71:30 Unresolved reference 'SizeUtils'.
e: file:///Users/HONGBGU/Documents/seadroid/app/src/main/java/com/seafile/seadroid2/config/Constants.kt:72:30 Unresolved reference 'SizeUtils'.
e: file:///Users/HONGBGU/Documents/seadroid/app/src/main/java/com/seafile/seadroid2/config/Constants.kt:73:31 Unresolved reference 'SizeUtils'.
e: file:///Users/HONGBGU/Documents/seadroid/app/src/main/java/com/seafile/seadroid2/config/Constants.kt:74:31 Unresolved reference 'SizeUtils'.
e: file:///Users/HONGBGU/Documents/seadroid/app/src/main/java/com/seafile/seadroid2/config/GlideLoadConfig.kt:16:78 Only safe (?.) or non-null asserted (!!.) calls are allowed on a nullable receiver of type 'com.seafile.seadroid2.account.SupportAccountManager?'.
e: file:///Users/HONGBGU/Documents/seadroid/app/src/main/java/com/seafile/seadroid2/context/ContextStackPreferenceHelper.kt:58:16 Return type mismatch: expected 'java.util.Stack<com.seafile.seadroid2.framework.model.ContextModel>?', actual 'java.util.Stack<com.seafile.seadroid2.framework.model.ContextModel?>!'.
e: file:///Users/HONGBGU/Documents/seadroid/app/src/main/java/com/seafile/seadroid2/context/GlobalNavContext.kt:33:45 Argument type mismatch: actual type is 'com.seafile.seadroid2.framework.db.entities.RepoModel?', but 'com.seafile.seadroid2.framework.db.entities.RepoModel' was expected.
e: file:///Users/HONGBGU/Documents/seadroid/app/src/main/java/com/seafile/seadroid2/context/GlobalNavContext.kt:38:42 Only safe (?.) or non-null asserted (!!.) calls are allowed on a nullable receiver of type 'com.jeremyliao.liveeventbus.core.Observable<com.seafile.seadroid2.context.NavContext?>?'.
e: file:///Users/HONGBGU/Documents/seadroid/app/src/main/java/com/seafile/seadroid2/context/NavContext.kt:220:45 Only safe (?.) or non-null asserted (!!.) calls are allowed on a nullable receiver of type 'kotlin.String?'.
e: file:///Users/HONGBGU/Documents/seadroid/app/src/main/java/com/seafile/seadroid2/framework/datastore/DataStoreManager.kt:6:61 Cannot import 'equals'. Functions and properties can only be imported from packages or objects.
e: file:///Users/HONGBGU/Documents/seadroid/app/src/main/java/com/seafile/seadroid2/framework/datastore/DataStoreManager.kt:7:65 Cannot import 'equals'. Functions and properties can only be imported from packages or objects.
e: file:///Users/HONGBGU/Documents/seadroid/app/src/main/java/com/seafile/seadroid2/framework/datastore/StorageManager.kt:89:47 Unresolved reference 'getAbsolutePath'.
e: file:///Users/HONGBGU/Documents/seadroid/app/src/main/java/com/seafile/seadroid2/framework/datastore/StorageManager.kt:92:29 Overload resolution ambiguity between candidates:
constructor(@RecentlyNonNull() p0: String!): File
constructor(@RecentlyNonNull() p0: URI!): File
e: file:///Users/HONGBGU/Documents/seadroid/app/src/main/java/com/seafile/seadroid2/framework/datastore/StorageManager.kt:96:51 Unresolved reference 'getAbsolutePath'.
e: file:///Users/HONGBGU/Documents/seadroid/app/src/main/java/com/seafile/seadroid2/framework/datastore/StorageManager.kt:97:29 Overload resolution ambiguity between candidates:
constructor(@RecentlyNonNull() p0: String!): File
constructor(@RecentlyNonNull() p0: URI!): File
e: file:///Users/HONGBGU/Documents/seadroid/app/src/main/java/com/seafile/seadroid2/framework/datastore/StorageManager.kt:193:56 One type argument expected for class 'Array'.
e: file:///Users/HONGBGU/Documents/seadroid/app/src/main/java/com/seafile/seadroid2/framework/datastore/StorageManager.kt:200:53 One type argument expected for class 'Array'.
e: file:///Users/HONGBGU/Documents/seadroid/app/src/main/java/com/seafile/seadroid2/framework/datastore/StorageManager.kt:240:29 Method 'iterator()' is ambiguous for this expression. Applicable candidates:
fun <T> Enumeration<T>.iterator(): Iterator<T>
@InlineOnly() fun <T> Iterator<T>.iterator(): Iterator<T>
@InlineOnly() fun <K, V> Map<out K, V>.iterator(): Iterator<Map.Entry<K, V>>
@JvmName(...) @InlineOnly() fun <K, V> MutableMap<K, V>.iterator(): MutableIterator<MutableMap.MutableEntry<K, V>>
fun CharSequence.iterator(): CharIterator
fun BufferedInputStream.iterator(): ByteIterator
e: file:///Users/HONGBGU/Documents/seadroid/app/src/main/java/com/seafile/seadroid2/framework/datastore/StorageManager.kt:240:29 Overload resolution ambiguity between candidates:
val <T> Array<out T>.indices: IntRange
val BooleanArray.indices: IntRange
val ByteArray.indices: IntRange
val CharArray.indices: IntRange
val DoubleArray.indices: IntRange
val FloatArray.indices: IntRange
val IntArray.indices: IntRange
val LongArray.indices: IntRange
val ShortArray.indices: IntRange
val Collection<*>.indices: IntRange
@property:SinceKotlin(...) @property:ExperimentalUnsignedTypes() val UByteArray.indices: IntRange
@property:SinceKotlin(...) @property:ExperimentalUnsignedTypes() val UIntArray.indices: IntRange
@property:SinceKotlin(...) @property:ExperimentalUnsignedTypes() val ULongArray.indices: IntRange
@property:SinceKotlin(...) @property:ExperimentalUnsignedTypes() val UShortArray.indices: IntRange
val CharSequence.indices: IntRange
e: file:///Users/HONGBGU/Documents/seadroid/app/src/main/java/com/seafile/seadroid2/framework/datastore/StorageManager.kt:246:34 Assignment type mismatch: actual type is 'kotlin.text.MatchGroup?', but 'java.io.File?' was expected.
e: file:///Users/HONGBGU/Documents/seadroid/app/src/main/java/com/seafile/seadroid2/framework/datastore/StorageManager.kt:247:34 Assignment type mismatch: actual type is 'kotlin.text.MatchGroup?', but 'java.io.File?' was expected.
e: file:///Users/HONGBGU/Documents/seadroid/app/src/main/java/com/seafile/seadroid2/framework/datastore/StorageManager.kt:253:67 Overload resolution ambiguity between candidates:
@IntrinsicConstEvaluation() fun compareTo(other: Byte): Int
@IntrinsicConstEvaluation() fun compareTo(other: Double): Int
@IntrinsicConstEvaluation() fun compareTo(other: Float): Int
@IntrinsicConstEvaluation() fun compareTo(other: Int): Int
@IntrinsicConstEvaluation() fun compareTo(other: Long): Int
@IntrinsicConstEvaluation() fun compareTo(other: Short): Int
e: file:///Users/HONGBGU/Documents/seadroid/app/src/main/java/com/seafile/seadroid2/framework/datastore/StorageManager.kt:253:80 Unresolved reference 'size'.
e: file:///Users/HONGBGU/Documents/seadroid/app/src/main/java/com/seafile/seadroid2/framework/datastore/StorageManager.kt:312:21 Initializer type mismatch: expected 'kotlin.collections.MutableList<com.seafile.seadroid2.account.Account?>', actual 'kotlin.collections.MutableList<android.accounts.Account>'.
e: file:///Users/HONGBGU/Documents/seadroid/app/src/main/java/com/seafile/seadroid2/framework/datastore/StorageManager.kt:312:66 Only safe (?.) or non-null asserted (!!.) calls are allowed on a nullable receiver of type 'com.seafile.seadroid2.account.SupportAccountManager?'.
e: file:///Users/HONGBGU/Documents/seadroid/app/src/main/java/com/seafile/seadroid2/framework/datastore/StorageManagerLollipop.kt:9:1 Class 'StorageManagerLollipop' is not abstract and does not implement abstract base class member 'getStorageSize'.
e: file:///Users/HONGBGU/Documents/seadroid/app/src/main/java/com/seafile/seadroid2/framework/datastore/StorageManagerLollipop.kt:10:46 Return type of 'getDefaultMediaCacheDirs' is not a subtype of the return type of the overridden member 'fun getDefaultMediaCacheDirs(): <ERROR TYPE REF: Wrong number of type arguments>'.
e: file:///Users/HONGBGU/Documents/seadroid/app/src/main/java/com/seafile/seadroid2/framework/datastore/StorageManagerLollipop.kt:18:43 Return type of 'getDefaultAppCacheDir' is not a subtype of the return type of the overridden member 'fun getDefaultAppCacheDir(): <ERROR TYPE REF: Wrong number of type arguments>'.
e: file:///Users/HONGBGU/Documents/seadroid/app/src/main/java/com/seafile/seadroid2/framework/datastore/StorageManagerLollipop.kt:22:5 'getStorageSize' overrides nothing.
e: file:///Users/HONGBGU/Documents/seadroid/app/src/main/java/com/seafile/seadroid2/framework/datastore/StorageManagerLollipop.kt:27:5 'getStorageFreeSpace' overrides nothing.
e: file:///Users/HONGBGU/Documents/seadroid/app/src/main/java/com/seafile/seadroid2/framework/datastore/sp/AlbumBackupManager.kt:41:62 Only safe (?.) or non-null asserted (!!.) calls are allowed on a nullable receiver of type 'com.seafile.seadroid2.account.SupportAccountManager?'.
e: file:///Users/HONGBGU/Documents/seadroid/app/src/main/java/com/seafile/seadroid2/framework/datastore/sp/AlbumBackupManager.kt:55:54 Argument type mismatch: actual type is 'kotlin.String?', but 'kotlin.String' was expected.
e: file:///Users/HONGBGU/Documents/seadroid/app/src/main/java/com/seafile/seadroid2/framework/datastore/sp/AlbumBackupManager.kt:56:13 Only safe (?.) or non-null asserted (!!.) calls are allowed on a nullable receiver of type 'com.seafile.seadroid2.framework.datastore.DataStoreManager?'.
e: file:///Users/HONGBGU/Documents/seadroid/app/src/main/java/com/seafile/seadroid2/framework/datastore/sp/AlbumBackupManager.kt:60:61 Argument type mismatch: actual type is 'kotlin.String?', but 'kotlin.String' was expected.
e: file:///Users/HONGBGU/Documents/seadroid/app/src/main/java/com/seafile/seadroid2/framework/datastore/sp/AlbumBackupManager.kt:61:13 Only safe (?.) or non-null asserted (!!.) calls are allowed on a nullable receiver of type 'com.seafile.seadroid2.framework.datastore.DataStoreManager?'.
e: file:///Users/HONGBGU/Documents/seadroid/app/src/main/java/com/seafile/seadroid2/framework/datastore/sp/AlbumBackupManager.kt:65:61 Argument type mismatch: actual type is 'kotlin.String?', but 'kotlin.String' was expected.
e: file:///Users/HONGBGU/Documents/seadroid/app/src/main/java/com/seafile/seadroid2/framework/datastore/sp/AlbumBackupManager.kt:66:13 Only safe (?.) or non-null asserted (!!.) calls are allowed on a nullable receiver of type 'com.seafile.seadroid2.framework.datastore.DataStoreManager?'.
e: file:///Users/HONGBGU/Documents/seadroid/app/src/main/java/com/seafile/seadroid2/framework/datastore/sp/AlbumBackupManager.kt:70:54 Argument type mismatch: actual type is 'kotlin.String?', but 'kotlin.String' was expected.
e: file:///Users/HONGBGU/Documents/seadroid/app/src/main/java/com/seafile/seadroid2/framework/datastore/sp/AlbumBackupManager.kt:71:13 Only safe (?.) or non-null asserted (!!.) calls are allowed on a nullable receiver of type 'com.seafile.seadroid2.framework.datastore.DataStoreManager?'.
e: file:///Users/HONGBGU/Documents/seadroid/app/src/main/java/com/seafile/seadroid2/framework/datastore/sp/AlbumBackupManager.kt:77:54 Argument type mismatch: actual type is 'kotlin.String?', but 'kotlin.String' was expected.
e: file:///Users/HONGBGU/Documents/seadroid/app/src/main/java/com/seafile/seadroid2/framework/datastore/sp/AlbumBackupManager.kt:78:13 Only safe (?.) or non-null asserted (!!.) calls are allowed on a nullable receiver of type 'com.seafile.seadroid2.framework.datastore.DataStoreManager?'.
e: file:///Users/HONGBGU/Documents/seadroid/app/src/main/java/com/seafile/seadroid2/framework/datastore/sp/AlbumBackupManager.kt:82:54 Argument type mismatch: actual type is 'kotlin.String?', but 'kotlin.String' was expected.
e: file:///Users/HONGBGU/Documents/seadroid/app/src/main/java/com/seafile/seadroid2/framework/datastore/sp/AlbumBackupManager.kt:83:13 Only safe (?.) or non-null asserted (!!.) calls are allowed on a nullable receiver of type 'com.seafile.seadroid2.framework.datastore.DataStoreManager?'.
e: file:///Users/HONGBGU/Documents/seadroid/app/src/main/java/com/seafile/seadroid2/framework/datastore/sp/AlbumBackupManager.kt:87:77 Argument type mismatch: actual type is 'kotlin.String?', but 'kotlin.String' was expected.
e: file:///Users/HONGBGU/Documents/seadroid/app/src/main/java/com/seafile/seadroid2/framework/datastore/sp/AlbumBackupManager.kt:88:13 Only safe (?.) or non-null asserted (!!.) calls are allowed on a nullable receiver of type 'com.seafile.seadroid2.framework.datastore.DataStoreManager?'.
e: file:///Users/HONGBGU/Documents/seadroid/app/src/main/java/com/seafile/seadroid2/framework/datastore/sp/AlbumBackupManager.kt:98:54 Argument type mismatch: actual type is 'kotlin.String?', but 'kotlin.String' was expected.
e: file:///Users/HONGBGU/Documents/seadroid/app/src/main/java/com/seafile/seadroid2/framework/datastore/sp/AlbumBackupManager.kt:99:13 Only safe (?.) or non-null asserted (!!.) calls are allowed on a nullable receiver of type 'com.seafile.seadroid2.framework.datastore.DataStoreManager?'.
e: file:///Users/HONGBGU/Documents/seadroid/app/src/main/java/com/seafile/seadroid2/framework/datastore/sp/AlbumBackupManager.kt:103:61 Argument type mismatch: actual type is 'kotlin.String?', but 'kotlin.String' was expected.
e: file:///Users/HONGBGU/Documents/seadroid/app/src/main/java/com/seafile/seadroid2/framework/datastore/sp/AlbumBackupManager.kt:104:13 Only safe (?.) or non-null asserted (!!.) calls are allowed on a nullable receiver of type 'com.seafile.seadroid2.framework.datastore.DataStoreManager?'.
e: file:///Users/HONGBGU/Documents/seadroid/app/src/main/java/com/seafile/seadroid2/framework/datastore/sp/AlbumBackupManager.kt:110:54 Argument type mismatch: actual type is 'kotlin.String?', but 'kotlin.String' was expected.
e: file:///Users/HONGBGU/Documents/seadroid/app/src/main/java/com/seafile/seadroid2/framework/datastore/sp/AlbumBackupManager.kt:111:13 Only safe (?.) or non-null asserted (!!.) calls are allowed on a nullable receiver of type 'com.seafile.seadroid2.framework.datastore.DataStoreManager?'.
e: file:///Users/HONGBGU/Documents/seadroid/app/src/main/java/com/seafile/seadroid2/framework/datastore/sp/AlbumBackupManager.kt:115:61 Argument type mismatch: actual type is 'kotlin.String?', but 'kotlin.String' was expected.
e: file:///Users/HONGBGU/Documents/seadroid/app/src/main/java/com/seafile/seadroid2/framework/datastore/sp/AlbumBackupManager.kt:116:13 Only safe (?.) or non-null asserted (!!.) calls are allowed on a nullable receiver of type 'com.seafile.seadroid2.framework.datastore.DataStoreManager?'.
e: file:///Users/HONGBGU/Documents/seadroid/app/src/main/java/com/seafile/seadroid2/framework/datastore/sp/AlbumBackupManager.kt:121:54 Argument type mismatch: actual type is 'kotlin.String?', but 'kotlin.String' was expected.
e: file:///Users/HONGBGU/Documents/seadroid/app/src/main/java/com/seafile/seadroid2/framework/datastore/sp/AlbumBackupManager.kt:122:13 Only safe (?.) or non-null asserted (!!.) calls are allowed on a nullable receiver of type 'com.seafile.seadroid2.framework.datastore.DataStoreManager?'.
e: file:///Users/HONGBGU/Documents/seadroid/app/src/main/java/com/seafile/seadroid2/framework/datastore/sp/AlbumBackupManager.kt:126:61 Argument type mismatch: actual type is 'kotlin.String?', but 'kotlin.String' was expected.
e: file:///Users/HONGBGU/Documents/seadroid/app/src/main/java/com/seafile/seadroid2/framework/datastore/sp/AlbumBackupManager.kt:127:13 Only safe (?.) or non-null asserted (!!.) calls are allowed on a nullable receiver of type 'com.seafile.seadroid2.framework.datastore.DataStoreManager?'.
e: file:///Users/HONGBGU/Documents/seadroid/app/src/main/java/com/seafile/seadroid2/framework/datastore/sp/AlbumBackupManager.kt:139:54 Argument type mismatch: actual type is 'kotlin.String?', but 'kotlin.String' was expected.
e: file:///Users/HONGBGU/Documents/seadroid/app/src/main/java/com/seafile/seadroid2/framework/datastore/sp/AlbumBackupManager.kt:140:13 Only safe (?.) or non-null asserted (!!.) calls are allowed on a nullable receiver of type 'com.seafile.seadroid2.framework.datastore.DataStoreManager?'.
e: file:///Users/HONGBGU/Documents/seadroid/app/src/main/java/com/seafile/seadroid2/framework/datastore/sp/AlbumBackupManager.kt:147:77 Argument type mismatch: actual type is 'kotlin.String?', but 'kotlin.String' was expected.
e: file:///Users/HONGBGU/Documents/seadroid/app/src/main/java/com/seafile/seadroid2/framework/datastore/sp/AlbumBackupManager.kt:148:13 Only safe (?.) or non-null asserted (!!.) calls are allowed on a nullable receiver of type 'com.seafile.seadroid2.framework.datastore.DataStoreManager?'.
e: file:///Users/HONGBGU/Documents/seadroid/app/src/main/java/com/seafile/seadroid2/framework/datastore/sp/AppDataManager.kt:13:13 Only safe (?.) or non-null asserted (!!.) calls are allowed on a nullable receiver of type 'com.seafile.seadroid2.framework.datastore.DataStoreManager?'.
e: file:///Users/HONGBGU/Documents/seadroid/app/src/main/java/com/seafile/seadroid2/framework/datastore/sp/AppDataManager.kt:23:13 Only safe (?.) or non-null asserted (!!.) calls are allowed on a nullable receiver of type 'com.seafile.seadroid2.framework.datastore.DataStoreManager?'.
e: file:///Users/HONGBGU/Documents/seadroid/app/src/main/java/com/seafile/seadroid2/framework/datastore/sp/AppDataManager.kt:29:13 Only safe (?.) or non-null asserted (!!.) calls are allowed on a nullable receiver of type 'com.seafile.seadroid2.framework.datastore.DataStoreManager?'.
e: file:///Users/HONGBGU/Documents/seadroid/app/src/main/java/com/seafile/seadroid2/framework/datastore/sp/AppDataManager.kt:34:13 Only safe (?.) or non-null asserted (!!.) calls are allowed on a nullable receiver of type 'com.seafile.seadroid2.framework.datastore.DataStoreManager?'.
e: file:///Users/HONGBGU/Documents/seadroid/app/src/main/java/com/seafile/seadroid2/framework/datastore/sp/AppDataManager.kt:39:13 Only safe (?.) or non-null asserted (!!.) calls are allowed on a nullable receiver of type 'com.seafile.seadroid2.framework.datastore.DataStoreManager?'.
e: file:///Users/HONGBGU/Documents/seadroid/app/src/main/java/com/seafile/seadroid2/framework/datastore/sp/AppDataManager.kt:44:13 Only safe (?.) or non-null asserted (!!.) calls are allowed on a nullable receiver of type 'com.seafile.seadroid2.framework.datastore.DataStoreManager?'.
e: file:///Users/HONGBGU/Documents/seadroid/app/src/main/java/com/seafile/seadroid2/framework/datastore/sp/AppDataManager.kt:54:13 Only safe (?.) or non-null asserted (!!.) calls are allowed on a nullable receiver of type 'com.seafile.seadroid2.framework.datastore.DataStoreManager?'.
e: file:///Users/HONGBGU/Documents/seadroid/app/src/main/java/com/seafile/seadroid2/framework/datastore/sp/AppDataManager.kt:60:13 Only safe (?.) or non-null asserted (!!.) calls are allowed on a nullable receiver of type 'com.seafile.seadroid2.framework.datastore.DataStoreManager?'.
e: file:///Users/HONGBGU/Documents/seadroid/app/src/main/java/com/seafile/seadroid2/framework/datastore/sp/AppDataManager.kt:65:13 Only safe (?.) or non-null asserted (!!.) calls are allowed on a nullable receiver of type 'com.seafile.seadroid2.framework.datastore.DataStoreManager?'.
e: file:///Users/HONGBGU/Documents/seadroid/app/src/main/java/com/seafile/seadroid2/framework/datastore/sp/AppDataManager.kt:70:13 Only safe (?.) or non-null asserted (!!.) calls are allowed on a nullable receiver of type 'com.seafile.seadroid2.framework.datastore.DataStoreManager?'.
e: file:///Users/HONGBGU/Documents/seadroid/app/src/main/java/com/seafile/seadroid2/framework/datastore/sp/AppDataManager.kt:75:13 Only safe (?.) or non-null asserted (!!.) calls are allowed on a nullable receiver of type 'com.seafile.seadroid2.framework.datastore.DataStoreManager?'.
e: file:///Users/HONGBGU/Documents/seadroid/app/src/main/java/com/seafile/seadroid2/framework/datastore/sp/AppDataManager.kt:80:13 Only safe (?.) or non-null asserted (!!.) calls are allowed on a nullable receiver of type 'com.seafile.seadroid2.framework.datastore.DataStoreManager?'.
e: file:///Users/HONGBGU/Documents/seadroid/app/src/main/java/com/seafile/seadroid2/framework/datastore/sp/FolderBackupManager.kt:38:62 Only safe (?.) or non-null asserted (!!.) calls are allowed on a nullable receiver of type 'com.seafile.seadroid2.account.SupportAccountManager?'.
e: file:///Users/HONGBGU/Documents/seadroid/app/src/main/java/com/seafile/seadroid2/framework/datastore/sp/FolderBackupManager.kt:51:54 Argument type mismatch: actual type is 'kotlin.String?', but 'kotlin.String' was expected.
e: file:///Users/HONGBGU/Documents/seadroid/app/src/main/java/com/seafile/seadroid2/framework/datastore/sp/FolderBackupManager.kt:52:13 Only safe (?.) or non-null asserted (!!.) calls are allowed on a nullable receiver of type 'com.seafile.seadroid2.framework.datastore.DataStoreManager?'.
e: file:///Users/HONGBGU/Documents/seadroid/app/src/main/java/com/seafile/seadroid2/framework/datastore/sp/FolderBackupManager.kt:56:61 Argument type mismatch: actual type is 'kotlin.String?', but 'kotlin.String' was expected.
e: file:///Users/HONGBGU/Documents/seadroid/app/src/main/java/com/seafile/seadroid2/framework/datastore/sp/FolderBackupManager.kt:57:13 Only safe (?.) or non-null asserted (!!.) calls are allowed on a nullable receiver of type 'com.seafile.seadroid2.framework.datastore.DataStoreManager?'.
e: file:///Users/HONGBGU/Documents/seadroid/app/src/main/java/com/seafile/seadroid2/framework/datastore/sp/FolderBackupManager.kt:61:61 Argument type mismatch: actual type is 'kotlin.String?', but 'kotlin.String' was expected.
e: file:///Users/HONGBGU/Documents/seadroid/app/src/main/java/com/seafile/seadroid2/framework/datastore/sp/FolderBackupManager.kt:62:13 Only safe (?.) or non-null asserted (!!.) calls are allowed on a nullable receiver of type 'com.seafile.seadroid2.framework.datastore.DataStoreManager?'.
e: file:///Users/HONGBGU/Documents/seadroid/app/src/main/java/com/seafile/seadroid2/framework/datastore/sp/FolderBackupManager.kt:66:54 Argument type mismatch: actual type is 'kotlin.String?', but 'kotlin.String' was expected.
e: file:///Users/HONGBGU/Documents/seadroid/app/src/main/java/com/seafile/seadroid2/framework/datastore/sp/FolderBackupManager.kt:67:13 Only safe (?.) or non-null asserted (!!.) calls are allowed on a nullable receiver of type 'com.seafile.seadroid2.framework.datastore.DataStoreManager?'.
e: file:///Users/HONGBGU/Documents/seadroid/app/src/main/java/com/seafile/seadroid2/framework/datastore/sp/FolderBackupManager.kt:72:54 Argument type mismatch: actual type is 'kotlin.String?', but 'kotlin.String' was expected.
e: file:///Users/HONGBGU/Documents/seadroid/app/src/main/java/com/seafile/seadroid2/framework/datastore/sp/FolderBackupManager.kt:73:13 Only safe (?.) or non-null asserted (!!.) calls are allowed on a nullable receiver of type 'com.seafile.seadroid2.framework.datastore.DataStoreManager?'.
e: file:///Users/HONGBGU/Documents/seadroid/app/src/main/java/com/seafile/seadroid2/framework/datastore/sp/FolderBackupManager.kt:77:61 Argument type mismatch: actual type is 'kotlin.String?', but 'kotlin.String' was expected.
e: file:///Users/HONGBGU/Documents/seadroid/app/src/main/java/com/seafile/seadroid2/framework/datastore/sp/FolderBackupManager.kt:78:13 Only safe (?.) or non-null asserted (!!.) calls are allowed on a nullable receiver of type 'com.seafile.seadroid2.framework.datastore.DataStoreManager?'.
e: file:///Users/HONGBGU/Documents/seadroid/app/src/main/java/com/seafile/seadroid2/framework/datastore/sp/FolderBackupManager.kt:89:54 Argument type mismatch: actual type is 'kotlin.String?', but 'kotlin.String' was expected.
e: file:///Users/HONGBGU/Documents/seadroid/app/src/main/java/com/seafile/seadroid2/framework/datastore/sp/FolderBackupManager.kt:90:13 Only safe (?.) or non-null asserted (!!.) calls are allowed on a nullable receiver of type 'com.seafile.seadroid2.framework.datastore.DataStoreManager?'.
e: file:///Users/HONGBGU/Documents/seadroid/app/src/main/java/com/seafile/seadroid2/framework/datastore/sp/FolderBackupManager.kt:95:77 Argument type mismatch: actual type is 'kotlin.String?', but 'kotlin.String' was expected.
e: file:///Users/HONGBGU/Documents/seadroid/app/src/main/java/com/seafile/seadroid2/framework/datastore/sp/FolderBackupManager.kt:96:13 Only safe (?.) or non-null asserted (!!.) calls are allowed on a nullable receiver of type 'com.seafile.seadroid2.framework.datastore.DataStoreManager?'.
e: file:///Users/HONGBGU/Documents/seadroid/app/src/main/java/com/seafile/seadroid2/framework/datastore/sp/FolderBackupManager.kt:112:54 Argument type mismatch: actual type is 'kotlin.String?', but 'kotlin.String' was expected.
e: file:///Users/HONGBGU/Documents/seadroid/app/src/main/java/com/seafile/seadroid2/framework/datastore/sp/FolderBackupManager.kt:113:13 Only safe (?.) or non-null asserted (!!.) calls are allowed on a nullable receiver of type 'com.seafile.seadroid2.framework.datastore.DataStoreManager?'.
e: file:///Users/HONGBGU/Documents/seadroid/app/src/main/java/com/seafile/seadroid2/framework/datastore/sp/FolderBackupManager.kt:117:61 Argument type mismatch: actual type is 'kotlin.String?', but 'kotlin.String' was expected.
e: file:///Users/HONGBGU/Documents/seadroid/app/src/main/java/com/seafile/seadroid2/framework/datastore/sp/FolderBackupManager.kt:118:13 Only safe (?.) or non-null asserted (!!.) calls are allowed on a nullable receiver of type 'com.seafile.seadroid2.framework.datastore.DataStoreManager?'.
e: file:///Users/HONGBGU/Documents/seadroid/app/src/main/java/com/seafile/seadroid2/framework/datastore/sp/FolderBackupManager.kt:122:77 Argument type mismatch: actual type is 'kotlin.String?', but 'kotlin.String' was expected.
e: file:///Users/HONGBGU/Documents/seadroid/app/src/main/java/com/seafile/seadroid2/framework/datastore/sp/FolderBackupManager.kt:123:13 Only safe (?.) or non-null asserted (!!.) calls are allowed on a nullable receiver of type 'com.seafile.seadroid2.framework.datastore.DataStoreManager?'.
e: file:///Users/HONGBGU/Documents/seadroid/app/src/main/java/com/seafile/seadroid2/framework/datastore/sp/FolderBackupManager.kt:138:61 Argument type mismatch: actual type is 'kotlin.String?', but 'kotlin.String' was expected.
e: file:///Users/HONGBGU/Documents/seadroid/app/src/main/java/com/seafile/seadroid2/framework/datastore/sp/FolderBackupManager.kt:139:13 Only safe (?.) or non-null asserted (!!.) calls are allowed on a nullable receiver of type 'com.seafile.seadroid2.framework.datastore.DataStoreManager?'.
e: file:///Users/HONGBGU/Documents/seadroid/app/src/main/java/com/seafile/seadroid2/framework/datastore/sp/FolderBackupManager.kt:146:54 Argument type mismatch: actual type is 'kotlin.String?', but 'kotlin.String' was expected.
e: file:///Users/HONGBGU/Documents/seadroid/app/src/main/java/com/seafile/seadroid2/framework/datastore/sp/FolderBackupManager.kt:147:13 Only safe (?.) or non-null asserted (!!.) calls are allowed on a nullable receiver of type 'com.seafile.seadroid2.framework.datastore.DataStoreManager?'.
e: file:///Users/HONGBGU/Documents/seadroid/app/src/main/java/com/seafile/seadroid2/framework/datastore/sp/FolderBackupManager.kt:154:54 Argument type mismatch: actual type is 'kotlin.String?', but 'kotlin.String' was expected.
e: file:///Users/HONGBGU/Documents/seadroid/app/src/main/java/com/seafile/seadroid2/framework/datastore/sp/FolderBackupManager.kt:155:13 Only safe (?.) or non-null asserted (!!.) calls are allowed on a nullable receiver of type 'com.seafile.seadroid2.framework.datastore.DataStoreManager?'.
e: file:///Users/HONGBGU/Documents/seadroid/app/src/main/java/com/seafile/seadroid2/framework/datastore/sp/FolderBackupManager.kt:159:54 Argument type mismatch: actual type is 'kotlin.String?', but 'kotlin.String' was expected.
e: file:///Users/HONGBGU/Documents/seadroid/app/src/main/java/com/seafile/seadroid2/framework/datastore/sp/FolderBackupManager.kt:160:13 Only safe (?.) or non-null asserted (!!.) calls are allowed on a nullable receiver of type 'com.seafile.seadroid2.framework.datastore.DataStoreManager?'.
e: file:///Users/HONGBGU/Documents/seadroid/app/src/main/java/com/seafile/seadroid2/framework/datastore/sp/FolderBackupManager.kt:167:61 Argument type mismatch: actual type is 'kotlin.String?', but 'kotlin.String' was expected.
e: file:///Users/HONGBGU/Documents/seadroid/app/src/main/java/com/seafile/seadroid2/framework/datastore/sp/FolderBackupManager.kt:168:13 Only safe (?.) or non-null asserted (!!.) calls are allowed on a nullable receiver of type 'com.seafile.seadroid2.framework.datastore.DataStoreManager?'.
e: file:///Users/HONGBGU/Documents/seadroid/app/src/main/java/com/seafile/seadroid2/framework/datastore/sp_livedata/AlbumBackupSharePreferenceHelper.kt:8:61 Cannot import 'equals'. Functions and properties can only be imported from packages or objects.
e: file:///Users/HONGBGU/Documents/seadroid/app/src/main/java/com/seafile/seadroid2/framework/datastore/sp_livedata/AlbumBackupSharePreferenceHelper.kt:9:65 Cannot import 'equals'. Functions and properties can only be imported from packages or objects.
e: file:///Users/HONGBGU/Documents/seadroid/app/src/main/java/com/seafile/seadroid2/framework/datastore/sp_livedata/AlbumBackupSharePreferenceHelper.kt:26:9 Smart cast to 'com.seafile.seadroid2.preferences.SettingsLiveData<kotlin.Boolean?>' is impossible, because 'ALBUM_BACKUP_SWITCH' is a mutable property that could be mutated concurrently.
e: file:///Users/HONGBGU/Documents/seadroid/app/src/main/java/com/seafile/seadroid2/framework/datastore/sp_livedata/AlbumBackupSharePreferenceHelper.kt:35:16 Smart cast to 'com.seafile.seadroid2.preferences.SettingsLiveData<kotlin.Boolean?>' is impossible, because 'ALBUM_BACKUP_SWITCH' is a mutable property that could be mutated concurrently.
e: file:///Users/HONGBGU/Documents/seadroid/app/src/main/java/com/seafile/seadroid2/framework/datastore/sp_livedata/AlbumBackupSharePreferenceHelper.kt:35:16 Return type mismatch: expected 'kotlin.Boolean', actual 'kotlin.Boolean?'.
e: file:///Users/HONGBGU/Documents/seadroid/app/src/main/java/com/seafile/seadroid2/framework/datastore/sp_livedata/AlbumBackupSharePreferenceHelper.kt:84:13 Smart cast to 'com.seafile.seadroid2.preferences.SettingsLiveData<kotlin.String?>' is impossible, because 'ALBUM_BACKUP_SELECTED_REPO' is a mutable property that could be mutated concurrently.
e: file:///Users/HONGBGU/Documents/seadroid/app/src/main/java/com/seafile/seadroid2/framework/datastore/sp_livedata/AlbumBackupSharePreferenceHelper.kt:87:13 Smart cast to 'com.seafile.seadroid2.preferences.SettingsLiveData<kotlin.String?>' is impossible, because 'ALBUM_BACKUP_SELECTED_REPO' is a mutable property that could be mutated concurrently.
e: file:///Users/HONGBGU/Documents/seadroid/app/src/main/java/com/seafile/seadroid2/framework/datastore/sp_livedata/AlbumBackupSharePreferenceHelper.kt:96:32 Smart cast to 'com.seafile.seadroid2.preferences.SettingsLiveData<kotlin.String?>' is impossible, because 'ALBUM_BACKUP_SELECTED_REPO' is a mutable property that could be mutated concurrently.
e: file:///Users/HONGBGU/Documents/seadroid/app/src/main/java/com/seafile/seadroid2/framework/datastore/sp_livedata/AlbumBackupSharePreferenceHelper.kt:111:9 Smart cast to 'com.seafile.seadroid2.preferences.SettingsLiveData<kotlin.Boolean?>' is impossible, because 'ALBUM_BACKUP_ADVANCE_DATA_PLAN_SWITCH' is a mutable property that could be mutated concurrently.
e: file:///Users/HONGBGU/Documents/seadroid/app/src/main/java/com/seafile/seadroid2/framework/datastore/sp_livedata/AlbumBackupSharePreferenceHelper.kt:119:16 Smart cast to 'com.seafile.seadroid2.preferences.SettingsLiveData<kotlin.Boolean?>' is impossible, because 'ALBUM_BACKUP_ADVANCE_DATA_PLAN_SWITCH' is a mutable property that could be mutated concurrently.
e: file:///Users/HONGBGU/Documents/seadroid/app/src/main/java/com/seafile/seadroid2/framework/datastore/sp_livedata/AlbumBackupSharePreferenceHelper.kt:119:16 Return type mismatch: expected 'kotlin.Boolean', actual 'kotlin.Boolean?'.
e: file:///Users/HONGBGU/Documents/seadroid/app/src/main/java/com/seafile/seadroid2/framework/datastore/sp_livedata/AlbumBackupSharePreferenceHelper.kt:128:9 Smart cast to 'com.seafile.seadroid2.preferences.SettingsLiveData<kotlin.Boolean?>' is impossible, because 'ALBUM_BACKUP_ADVANCE_ALLOW_VIDEO_SWITCH' is a mutable property that could be mutated concurrently.
e: file:///Users/HONGBGU/Documents/seadroid/app/src/main/java/com/seafile/seadroid2/framework/datastore/sp_livedata/AlbumBackupSharePreferenceHelper.kt:136:16 Smart cast to 'com.seafile.seadroid2.preferences.SettingsLiveData<kotlin.Boolean?>' is impossible, because 'ALBUM_BACKUP_ADVANCE_ALLOW_VIDEO_SWITCH' is a mutable property that could be mutated concurrently.
e: file:///Users/HONGBGU/Documents/seadroid/app/src/main/java/com/seafile/seadroid2/framework/datastore/sp_livedata/AlbumBackupSharePreferenceHelper.kt:136:16 Return type mismatch: expected 'kotlin.Boolean', actual 'kotlin.Boolean?'.
e: file:///Users/HONGBGU/Documents/seadroid/app/src/main/java/com/seafile/seadroid2/framework/datastore/sp_livedata/AlbumBackupSharePreferenceHelper.kt:145:9 Smart cast to 'com.seafile.seadroid2.preferences.SettingsLiveData<kotlin.Boolean?>' is impossible, because 'ALBUM_BACKUP_ADVANCE_BUCKETS_SWITCH' is a mutable property that could be mutated concurrently.
e: file:///Users/HONGBGU/Documents/seadroid/app/src/main/java/com/seafile/seadroid2/framework/datastore/sp_livedata/AlbumBackupSharePreferenceHelper.kt:153:16 Smart cast to 'com.seafile.seadroid2.preferences.SettingsLiveData<kotlin.Boolean?>' is impossible, because 'ALBUM_BACKUP_ADVANCE_BUCKETS_SWITCH' is a mutable property that could be mutated concurrently.
e: file:///Users/HONGBGU/Documents/seadroid/app/src/main/java/com/seafile/seadroid2/framework/datastore/sp_livedata/AlbumBackupSharePreferenceHelper.kt:153:16 Return type mismatch: expected 'kotlin.Boolean', actual 'kotlin.Boolean?'.
e: file:///Users/HONGBGU/Documents/seadroid/app/src/main/java/com/seafile/seadroid2/framework/datastore/sp_livedata/AlbumBackupSharePreferenceHelper.kt:162:13 Smart cast to 'com.seafile.seadroid2.preferences.SettingsLiveData<kotlin.String?>' is impossible, because 'ALBUM_BACKUP_ADVANCE_SELECTED_BUCKETS_STRING' is a mutable property that could be mutated concurrently.
e: file:///Users/HONGBGU/Documents/seadroid/app/src/main/java/com/seafile/seadroid2/framework/datastore/sp_livedata/AlbumBackupSharePreferenceHelper.kt:165:13 Smart cast to 'com.seafile.seadroid2.preferences.SettingsLiveData<kotlin.String?>' is impossible, because 'ALBUM_BACKUP_ADVANCE_SELECTED_BUCKETS_STRING' is a mutable property that could be mutated concurrently.
e: file:///Users/HONGBGU/Documents/seadroid/app/src/main/java/com/seafile/seadroid2/framework/datastore/sp_livedata/AlbumBackupSharePreferenceHelper.kt:178:13 Smart cast to 'com.seafile.seadroid2.preferences.SettingsLiveData<kotlin.String?>' is impossible, because 'ALBUM_BACKUP_ADVANCE_SELECTED_BUCKETS_STRING' is a mutable property that could be mutated concurrently.
e: file:///Users/HONGBGU/Documents/seadroid/app/src/main/java/com/seafile/seadroid2/framework/datastore/sp_livedata/ClientEncryptSharePreferenceHelper.kt:3:61 Cannot import 'equals'. Functions and properties can only be imported from packages or objects.
e: file:///Users/HONGBGU/Documents/seadroid/app/src/main/java/com/seafile/seadroid2/framework/datastore/sp_livedata/ClientEncryptSharePreferenceHelper.kt:4:65 Cannot import 'equals'. Functions and properties can only be imported from packages or objects.
e: file:///Users/HONGBGU/Documents/seadroid/app/src/main/java/com/seafile/seadroid2/framework/datastore/sp_livedata/ClientEncryptSharePreferenceHelper.kt:14:9 Smart cast to 'com.seafile.seadroid2.preferences.SettingsLiveData<kotlin.Boolean?>' is impossible, because 'CLIENT_ENCRYPT_SWITCH' is a mutable property that could be mutated concurrently.
e: file:///Users/HONGBGU/Documents/seadroid/app/src/main/java/com/seafile/seadroid2/framework/datastore/sp_livedata/FolderBackupSharePreferenceHelper.kt:11:61 Cannot import 'equals'. Functions and properties can only be imported from packages or objects.
e: file:///Users/HONGBGU/Documents/seadroid/app/src/main/java/com/seafile/seadroid2/framework/datastore/sp_livedata/FolderBackupSharePreferenceHelper.kt:12:65 Cannot import 'equals'. Functions and properties can only be imported from packages or objects.
e: file:///Users/HONGBGU/Documents/seadroid/app/src/main/java/com/seafile/seadroid2/framework/datastore/sp_livedata/FolderBackupSharePreferenceHelper.kt:30:9 Smart cast to 'com.seafile.seadroid2.preferences.SettingsLiveData<kotlin.Boolean?>' is impossible, because 'FOLDER_BACKUP_SWITCH' is a mutable property that could be mutated concurrently.
e: file:///Users/HONGBGU/Documents/seadroid/app/src/main/java/com/seafile/seadroid2/framework/datastore/sp_livedata/FolderBackupSharePreferenceHelper.kt:37:16 Smart cast to 'com.seafile.seadroid2.preferences.SettingsLiveData<kotlin.Boolean?>' is impossible, because 'FOLDER_BACKUP_SWITCH' is a mutable property that could be mutated concurrently.
e: file:///Users/HONGBGU/Documents/seadroid/app/src/main/java/com/seafile/seadroid2/framework/datastore/sp_livedata/FolderBackupSharePreferenceHelper.kt:37:16 Return type mismatch: expected 'kotlin.Boolean', actual 'kotlin.Boolean?'.
e: file:///Users/HONGBGU/Documents/seadroid/app/src/main/java/com/seafile/seadroid2/framework/datastore/sp_livedata/FolderBackupSharePreferenceHelper.kt:64:9 Smart cast to 'com.seafile.seadroid2.preferences.SettingsLiveData<com.seafile.seadroid2.enums.NetworkMode?>' is impossible, because 'FOLDER_BACKUP_NETWORK_MODE' is a mutable property that could be mutated concurrently.
e: file:///Users/HONGBGU/Documents/seadroid/app/src/main/java/com/seafile/seadroid2/framework/datastore/sp_livedata/FolderBackupSharePreferenceHelper.kt:72:31 Smart cast to 'com.seafile.seadroid2.preferences.SettingsLiveData<com.seafile.seadroid2.enums.NetworkMode?>' is impossible, because 'FOLDER_BACKUP_NETWORK_MODE' is a mutable property that could be mutated concurrently.
e: file:///Users/HONGBGU/Documents/seadroid/app/src/main/java/com/seafile/seadroid2/framework/datastore/sp_livedata/FolderBackupSharePreferenceHelper.kt:82:13 Smart cast to 'com.seafile.seadroid2.preferences.SettingsLiveData<kotlin.String?>' is impossible, because 'FOLDER_BACKUP_SELECTED_REPO' is a mutable property that could be mutated concurrently.
e: file:///Users/HONGBGU/Documents/seadroid/app/src/main/java/com/seafile/seadroid2/framework/datastore/sp_livedata/FolderBackupSharePreferenceHelper.kt:85:13 Smart cast to 'com.seafile.seadroid2.preferences.SettingsLiveData<kotlin.String?>' is impossible, because 'FOLDER_BACKUP_SELECTED_REPO' is a mutable property that could be mutated concurrently.
e: file:///Users/HONGBGU/Documents/seadroid/app/src/main/java/com/seafile/seadroid2/framework/datastore/sp_livedata/FolderBackupSharePreferenceHelper.kt:94:32 Smart cast to 'com.seafile.seadroid2.preferences.SettingsLiveData<kotlin.String?>' is impossible, because 'FOLDER_BACKUP_SELECTED_REPO' is a mutable property that could be mutated concurrently.
e: file:///Users/HONGBGU/Documents/seadroid/app/src/main/java/com/seafile/seadroid2/framework/datastore/sp_livedata/FolderBackupSharePreferenceHelper.kt:108:13 Smart cast to 'com.seafile.seadroid2.preferences.SettingsLiveData<kotlin.String?>' is impossible, because 'FOLDER_BACKUP_SELECTED_FOLDERS' is a mutable property that could be mutated concurrently.
e: file:///Users/HONGBGU/Documents/seadroid/app/src/main/java/com/seafile/seadroid2/framework/datastore/sp_livedata/FolderBackupSharePreferenceHelper.kt:111:13 Smart cast to 'com.seafile.seadroid2.preferences.SettingsLiveData<kotlin.String?>' is impossible, because 'FOLDER_BACKUP_SELECTED_FOLDERS' is a mutable property that could be mutated concurrently.
e: file:///Users/HONGBGU/Documents/seadroid/app/src/main/java/com/seafile/seadroid2/framework/datastore/sp_livedata/FolderBackupSharePreferenceHelper.kt:120:16 Smart cast to 'com.seafile.seadroid2.preferences.SettingsLiveData<kotlin.String?>' is impossible, because 'FOLDER_BACKUP_SELECTED_FOLDERS' is a mutable property that could be mutated concurrently.
e: file:///Users/HONGBGU/Documents/seadroid/app/src/main/java/com/seafile/seadroid2/framework/datastore/sp_livedata/FolderBackupSharePreferenceHelper.kt:128:32 Smart cast to 'com.seafile.seadroid2.preferences.SettingsLiveData<kotlin.String?>' is impossible, because 'FOLDER_BACKUP_SELECTED_FOLDERS' is a mutable property that could be mutated concurrently.
e: file:///Users/HONGBGU/Documents/seadroid/app/src/main/java/com/seafile/seadroid2/framework/datastore/sp_livedata/FolderBackupSharePreferenceHelper.kt:169:19 Class '<anonymous>' is not abstract and does not implement abstract member 'accept'.
e: file:///Users/HONGBGU/Documents/seadroid/app/src/main/java/com/seafile/seadroid2/framework/datastore/sp_livedata/FolderBackupSharePreferenceHelper.kt:170:13 'accept' overrides nothing.
e: file:///Users/HONGBGU/Documents/seadroid/app/src/main/java/com/seafile/seadroid2/framework/db/AppDatabase.kt:63:53 Type argument is not within its bounds: should be subtype of 'androidx.room.RoomDatabase'.
e: file:///Users/HONGBGU/Documents/seadroid/app/src/main/java/com/seafile/seadroid2/framework/db/AppDatabase.kt:64:29 Argument type mismatch: actual type is 'android.content.Context', but 'android.content.Context' was expected.
e: file:///Users/HONGBGU/Documents/seadroid/app/src/main/java/com/seafile/seadroid2/framework/db/AppDatabase.kt:65:29 Argument type mismatch: actual type is 'java.lang.Class<com.seafile.seadroid2.framework.db.AppDatabase>', but 'java.lang.Class<T>' was expected.
e: file:///Users/HONGBGU/Documents/seadroid/app/src/main/java/com/seafile/seadroid2/framework/db/AppDatabase.kt:66:29 Argument type mismatch: actual type is 'kotlin.String', but 'kotlin.String?' was expected.
e: file:///Users/HONGBGU/Documents/seadroid/app/src/main/java/com/seafile/seadroid2/framework/db/entities/DirentModel.kt:461:48 Function invocation 'isDir()' expected.
e: file:///Users/HONGBGU/Documents/seadroid/app/src/main/java/com/seafile/seadroid2/framework/db/entities/FileBackupStatusEntity.kt:219:66 Argument type mismatch: actual type is 'com.seafile.seadroid2.enums.FeatureDataSource?', but 'com.seafile.seadroid2.enums.FeatureDataSource' was expected.
e: file:///Users/HONGBGU/Documents/seadroid/app/src/main/java/com/seafile/seadroid2/framework/executor/TaskExecutor.kt:54:36 Cannot access 'val INSTANCE: TaskExecutor': it is private in 'com/seafile/seadroid2/framework/executor/TaskExecutor.SingletonHolder'.
e: file:///Users/HONGBGU/Documents/seadroid/app/src/main/java/com/seafile/seadroid2/framework/file_monitor/SupportFileAlterationMonitor.kt:48:14 Unresolved reference 'toArray'.
e: file:///Users/HONGBGU/Documents/seadroid/app/src/main/java/com/seafile/seadroid2/framework/helper/NightModeHelper.kt:11:38 Only safe (?.) or non-null asserted (!!.) calls are allowed on a nullable receiver of type 'com.seafile.seadroid2.preferences.SettingsLiveData<com.seafile.seadroid2.enums.NightMode?>?'.
e: file:///Users/HONGBGU/Documents/seadroid/app/src/main/java/com/seafile/seadroid2/framework/http/BaseOkHttpClient.kt:15:38 Unresolved reference 'SeadroidApplication'.
e: file:///Users/HONGBGU/Documents/seadroid/app/src/main/java/com/seafile/seadroid2/framework/http/BaseOkHttpClient.kt:22:32 Unresolved reference 'not' for operator '!'.
e: file:///Users/HONGBGU/Documents/seadroid/app/src/main/java/com/seafile/seadroid2/framework/http/BaseOkHttpClient.kt:22:33 Unresolved reference 'TextUtils'.
e: file:///Users/HONGBGU/Documents/seadroid/app/src/main/java/com/seafile/seadroid2/framework/http/BaseOkHttpClient.kt:23:30 Unresolved reference 'HeaderInterceptor'.
e: file:///Users/HONGBGU/Documents/seadroid/app/src/main/java/com/seafile/seadroid2/framework/http/BaseOkHttpClient.kt:33:33 Unresolved reference 'HttpLoggingInterceptor'.
e: file:///Users/HONGBGU/Documents/seadroid/app/src/main/java/com/seafile/seadroid2/framework/http/BaseOkHttpClient.kt:33:58 Unresolved reference 'HttpLoggingInterceptor'.
e: file:///Users/HONGBGU/Documents/seadroid/app/src/main/java/com/seafile/seadroid2/framework/http/BaseOkHttpClient.kt:34:28 Unresolved reference 'setLevel'.
e: file:///Users/HONGBGU/Documents/seadroid/app/src/main/java/com/seafile/seadroid2/framework/http/BaseOkHttpClient.kt:34:37 Unresolved reference 'HttpLoggingInterceptor'.
e: file:///Users/HONGBGU/Documents/seadroid/app/src/main/java/com/seafile/seadroid2/framework/http/BaseOkHttpClient.kt:45:40 Unresolved reference 'NetworkUtils'.
e: file:///Users/HONGBGU/Documents/seadroid/app/src/main/java/com/seafile/seadroid2/framework/http/BaseOkHttpClient.kt:48:61 Unresolved reference 'CacheControl'.
e: file:///Users/HONGBGU/Documents/seadroid/app/src/main/java/com/seafile/seadroid2/framework/http/BaseOkHttpClient.kt:50:61 Unresolved reference 'CacheControl'.
e: file:///Users/HONGBGU/Documents/seadroid/app/src/main/java/com/seafile/seadroid2/framework/http/HttpIO.kt:89:70 Only safe (?.) or non-null asserted (!!.) calls are allowed on a nullable receiver of type 'com.seafile.seadroid2.account.SupportAccountManager?'.
e: file:///Users/HONGBGU/Documents/seadroid/app/src/main/java/com/seafile/seadroid2/framework/http/SafeOkHttpClient.kt:83:20 Only safe (?.) or non-null asserted (!!.) calls are allowed on a nullable receiver of type 'com.seafile.seadroid2.account.Account?'.
e: file:///Users/HONGBGU/Documents/seadroid/app/src/main/java/com/seafile/seadroid2/framework/http/SafeOkHttpClient.kt:83:32 Only safe (?.) or non-null asserted (!!.) calls are allowed on a nullable receiver of type 'kotlin.String?'.
e: file:///Users/HONGBGU/Documents/seadroid/app/src/main/java/com/seafile/seadroid2/framework/http/SafeOkHttpClient.kt:86:17 Initializer type mismatch: expected 'javax.net.ssl.SSLSocketFactory', actual 'javax.net.ssl.SSLSocketFactory?'.
e: file:///Users/HONGBGU/Documents/seadroid/app/src/main/java/com/seafile/seadroid2/framework/http/SafeOkHttpClient.kt:86:53 Only safe (?.) or non-null asserted (!!.) calls are allowed on a nullable receiver of type 'com.seafile.seadroid2.ssl.SSLTrustManager?'.
e: file:///Users/HONGBGU/Documents/seadroid/app/src/main/java/com/seafile/seadroid2/framework/http/SafeOkHttpClient.kt:86:74 Argument type mismatch: actual type is 'com.seafile.seadroid2.account.Account?', but 'com.seafile.seadroid2.account.Account' was expected.
e: file:///Users/HONGBGU/Documents/seadroid/app/src/main/java/com/seafile/seadroid2/framework/http/SafeOkHttpClient.kt:88:53 Only safe (?.) or non-null asserted (!!.) calls are allowed on a nullable receiver of type 'com.seafile.seadroid2.ssl.SSLTrustManager?'.
e: file:///Users/HONGBGU/Documents/seadroid/app/src/main/java/com/seafile/seadroid2/framework/http/SafeOkHttpClient.kt:88:71 Argument type mismatch: actual type is 'com.seafile.seadroid2.account.Account?', but 'com.seafile.seadroid2.account.Account' was expected.
e: file:///Users/HONGBGU/Documents/seadroid/app/src/main/java/com/seafile/seadroid2/framework/http/UnsafeOkHttpClient.kt:24:9 Initializer type mismatch: expected 'kotlin.Array<javax.net.ssl.TrustManager?>', actual 'kotlin.Array<javax.net.ssl.TrustManager>'.
e: file:///Users/HONGBGU/Documents/seadroid/app/src/main/java/com/seafile/seadroid2/framework/http/UnsafeOkHttpClient.kt:24:9 Type mismatch: inferred type is 'javax.net.ssl.TrustManager?', but 'javax.net.ssl.TrustManager' was expected.
e: file:///Users/HONGBGU/Documents/seadroid/app/src/main/java/com/seafile/seadroid2/framework/http/converter/ConverterFactory.kt:56:53 Argument type mismatch: actual type is 'com.google.gson.TypeAdapter<CapturedType(*)>?', but 'com.google.gson.TypeAdapter<T?>' was expected.
e: file:///Users/HONGBGU/Documents/seadroid/app/src/main/java/com/seafile/seadroid2/framework/http/converter/ConverterFactory.kt:66:16 Return type mismatch: expected 'retrofit2.Converter<okhttp3.ResponseBody?, out com.seafile.seadroid2.framework.model.BaseModel?>', actual 'com.seafile.seadroid2.framework.http.converter.SupportResponseConverter<kotlin.Any?>'.
e: file:///Users/HONGBGU/Documents/seadroid/app/src/main/java/com/seafile/seadroid2/framework/http/converter/ConverterFactory.kt:66:53 Argument type mismatch: actual type is 'com.google.gson.TypeAdapter<CapturedType(*)>?', but 'com.google.gson.TypeAdapter<T?>' was expected.
e: file:///Users/HONGBGU/Documents/seadroid/app/src/main/java/com/seafile/seadroid2/framework/http/converter/SupportResponseConverter.kt:10:1 Class 'SupportResponseConverter' is not abstract and does not implement abstract member 'convert'.
e: file:///Users/HONGBGU/Documents/seadroid/app/src/main/java/com/seafile/seadroid2/framework/http/converter/SupportResponseConverter.kt:13:5 'convert' overrides nothing.
e: file:///Users/HONGBGU/Documents/seadroid/app/src/main/java/com/seafile/seadroid2/framework/model/DatabaseHelper.kt:90:54 Unresolved reference 'jsonCacheDir'.
e: file:///Users/HONGBGU/Documents/seadroid/app/src/main/java/com/seafile/seadroid2/framework/model/DatabaseHelper.kt:127:42 Unresolved reference 'signature'.
e: file:///Users/HONGBGU/Documents/seadroid/app/src/main/java/com/seafile/seadroid2/framework/model/DatabaseHelper.kt:140:34 Cannot infer type for this parameter. Please specify it explicitly.
e: file:///Users/HONGBGU/Documents/seadroid/app/src/main/java/com/seafile/seadroid2/framework/model/DatabaseHelper.kt:140:42 Unresolved reference 'signature'.
e: file:///Users/HONGBGU/Documents/seadroid/app/src/main/java/com/seafile/seadroid2/framework/model/DatabaseHelper.kt:157:42 Unresolved reference 'signature'.
e: file:///Users/HONGBGU/Documents/seadroid/app/src/main/java/com/seafile/seadroid2/framework/model/DatabaseHelper.kt:177:21 Unresolved reference 'serverNoProtocol'.
e: file:///Users/HONGBGU/Documents/seadroid/app/src/main/java/com/seafile/seadroid2/framework/model/DatabaseHelper.kt:184:13 Overload resolution ambiguity between candidates:
fun put(p0: String!, p1: String!): Unit
fun put(p0: String!, p1: Byte!): Unit
fun put(p0: String!, p1: Short!): Unit
fun put(p0: String!, p1: Int!): Unit
fun put(p0: String!, p1: Long!): Unit
fun put(p0: String!, p1: Float!): Unit
fun put(p0: String!, p1: Double!): Unit
fun put(p0: String!, p1: Boolean!): Unit
fun put(p0: String!, p1: ByteArray!): Unit
e: file:///Users/HONGBGU/Documents/seadroid/app/src/main/java/com/seafile/seadroid2/framework/model/DatabaseHelper.kt:184:49 Unresolved reference 'signature'.
e: file:///Users/HONGBGU/Documents/seadroid/app/src/main/java/com/seafile/seadroid2/framework/model/DatabaseHelper.kt:194:13 Overload resolution ambiguity between candidates:
fun put(p0: String!, p1: String!): Unit
fun put(p0: String!, p1: Byte!): Unit
fun put(p0: String!, p1: Short!): Unit
fun put(p0: String!, p1: Int!): Unit
fun put(p0: String!, p1: Long!): Unit
fun put(p0: String!, p1: Float!): Unit
fun put(p0: String!, p1: Double!): Unit
fun put(p0: String!, p1: Boolean!): Unit
fun put(p0: String!, p1: ByteArray!): Unit
e: file:///Users/HONGBGU/Documents/seadroid/app/src/main/java/com/seafile/seadroid2/framework/model/DatabaseHelper.kt:194:59 Unresolved reference 'signature'.
e: file:///Users/HONGBGU/Documents/seadroid/app/src/main/java/com/seafile/seadroid2/framework/model/DatabaseHelper.kt:227:29 Unresolved reference 'signature'.
e: file:///Users/HONGBGU/Documents/seadroid/app/src/main/java/com/seafile/seadroid2/framework/model/repo/RepoInfoModel.kt:171:49 Unresolved reference 'signature'.
e: file:///Users/HONGBGU/Documents/seadroid/app/src/main/java/com/seafile/seadroid2/framework/model/sdoc/FileProfileConfigModel.kt:87:15 Unresolved reference 'd'.
e: file:///Users/HONGBGU/Documents/seadroid/app/src/main/java/com/seafile/seadroid2/framework/monitor/AutoUpdateManager.kt:1:54 Cannot import 'endOfPaginationReached'. Functions and properties can only be imported from packages or objects.
e: file:///Users/HONGBGU/Documents/seadroid/app/src/main/java/com/seafile/seadroid2/framework/monitor/AutoUpdateManager.kt:2:78 Cannot import 'invokeFailRetry'. Functions and properties can only be imported from packages or objects.
e: file:///Users/HONGBGU/Documents/seadroid/app/src/main/java/com/seafile/seadroid2/framework/monitor/AutoUpdateManager.kt:3:61 Cannot import 'build'. Functions and properties can only be imported from packages or objects.
e: file:///Users/HONGBGU/Documents/seadroid/app/src/main/java/com/seafile/seadroid2/framework/monitor/AutoUpdateManager.kt:4:45 Cannot import 'get'. Functions and properties can only be imported from packages or objects.
e: file:///Users/HONGBGU/Documents/seadroid/app/src/main/java/com/seafile/seadroid2/framework/monitor/AutoUpdateManager.kt:5:56 Cannot import 'launch'. Functions and properties can only be imported from packages or objects.
e: file:///Users/HONGBGU/Documents/seadroid/app/src/main/java/com/seafile/seadroid2/framework/monitor/AutoUpdateManager.kt:6:64 Cannot import 'setMediaType'. Functions and properties can only be imported from packages or objects.
e: file:///Users/HONGBGU/Documents/seadroid/app/src/main/java/com/seafile/seadroid2/framework/monitor/AutoUpdateManager.kt:7:64 Cannot import 'build'. Functions and properties can only be imported from packages or objects.
e: file:///Users/HONGBGU/Documents/seadroid/app/src/main/java/com/seafile/seadroid2/framework/monitor/AutoUpdateManager.kt:8:44 Cannot import 'onBackPressedDispatcher'. Functions and properties can only be imported from packages or objects.
e: file:///Users/HONGBGU/Documents/seadroid/app/src/main/java/com/seafile/seadroid2/framework/monitor/AutoUpdateManager.kt:9:50 Cannot import 'addCallback'. Functions and properties can only be imported from packages or objects.
e: file:///Users/HONGBGU/Documents/seadroid/app/src/main/java/com/seafile/seadroid2/framework/monitor/AutoUpdateManager.kt:10:44 Cannot import 'onNewIntent'. Functions and properties can only be imported from packages or objects.
e: file:///Users/HONGBGU/Documents/seadroid/app/src/main/java/com/seafile/seadroid2/framework/monitor/AutoUpdateManager.kt:11:44 Cannot import 'invalidateMenu'. Functions and properties can only be imported from packages or objects.
e: file:///Users/HONGBGU/Documents/seadroid/app/src/main/java/com/seafile/seadroid2/framework/monitor/AutoUpdateManager.kt:12:57 Cannot import 'isProEdition'. Functions and properties can only be imported from packages or objects.
e: file:///Users/HONGBGU/Documents/seadroid/app/src/main/java/com/seafile/seadroid2/framework/monitor/AutoUpdateManager.kt:13:69 Cannot import 'getFeaturesString'. Functions and properties can only be imported from packages or objects.
e: file:///Users/HONGBGU/Documents/seadroid/app/src/main/java/com/seafile/seadroid2/framework/monitor/AutoUpdateManager.kt:14:51 Cannot import 'submitList'. Functions and properties can only be imported from packages or objects.
e: file:///Users/HONGBGU/Documents/seadroid/app/src/main/java/com/seafile/seadroid2/framework/monitor/AutoUpdateManager.kt:15:51 Cannot import 'setOnItemClickListener'. Functions and properties can only be imported from packages or objects.
e: file:///Users/HONGBGU/Documents/seadroid/app/src/main/java/com/seafile/seadroid2/framework/monitor/AutoUpdateManager.kt:16:51 Cannot import 'getItem'. Functions and properties can only be imported from packages or objects.
e: file:///Users/HONGBGU/Documents/seadroid/app/src/main/java/com/seafile/seadroid2/framework/monitor/AutoUpdateManager.kt:17:51 Cannot import 'getItemCount'. Functions and properties can only be imported from packages or objects.
e: file:///Users/HONGBGU/Documents/seadroid/app/src/main/java/com/seafile/seadroid2/framework/monitor/AutoUpdateManager.kt:18:55 Cannot import 'addItemType'. Functions and properties can only be imported from packages or objects.
e: file:///Users/HONGBGU/Documents/seadroid/app/src/main/java/com/seafile/seadroid2/framework/monitor/AutoUpdateManager.kt:19:82 Cannot import 'onBind'. Functions and properties can only be imported from packages or objects.
e: file:///Users/HONGBGU/Documents/seadroid/app/src/main/java/com/seafile/seadroid2/framework/monitor/AutoUpdateManager.kt:20:55 Cannot import 'onItemViewType'. Functions and properties can only be imported from packages or objects.
e: file:///Users/HONGBGU/Documents/seadroid/app/src/main/java/com/seafile/seadroid2/framework/monitor/AutoUpdateManager.kt:21:51 Cannot import 'onAttachedToRecyclerView'. Functions and properties can only be imported from packages or objects.
e: file:///Users/HONGBGU/Documents/seadroid/app/src/main/java/com/seafile/seadroid2/framework/monitor/AutoUpdateManager.kt:22:51 Cannot import 'context'. Functions and properties can only be imported from packages or objects.
e: file:///Users/HONGBGU/Documents/seadroid/app/src/main/java/com/seafile/seadroid2/framework/monitor/AutoUpdateManager.kt:23:65 Cannot import 'isDir'. Functions and properties can only be imported from packages or objects.
e: file:///Users/HONGBGU/Documents/seadroid/app/src/main/java/com/seafile/seadroid2/framework/monitor/AutoUpdateManager.kt:24:65 Cannot import 'getSubtitle'. Functions and properties can only be imported from packages or objects.
e: file:///Users/HONGBGU/Documents/seadroid/app/src/main/java/com/seafile/seadroid2/framework/monitor/AutoUpdateManager.kt:25:65 Cannot import 'getIcon'. Functions and properties can only be imported from packages or objects.
e: file:///Users/HONGBGU/Documents/seadroid/app/src/main/java/com/seafile/seadroid2/framework/monitor/AutoUpdateManager.kt:26:51 Cannot import 'items'. Functions and properties can only be imported from packages or objects.
e: file:///Users/HONGBGU/Documents/seadroid/app/src/main/java/com/seafile/seadroid2/framework/monitor/AutoUpdateManager.kt:27:61 Cannot import 'equals'. Functions and properties can only be imported from packages or objects.
e: file:///Users/HONGBGU/Documents/seadroid/app/src/main/java/com/seafile/seadroid2/framework/monitor/AutoUpdateManager.kt:28:65 Cannot import 'equals'. Functions and properties can only be imported from packages or objects.
e: file:///Users/HONGBGU/Documents/seadroid/app/src/main/java/com/seafile/seadroid2/framework/monitor/AutoUpdateManager.kt:29:70 Cannot import 'invisibleOriginItemWhenStickyItemShowing'. Functions and properties can only be imported from packages or objects.
e: file:///Users/HONGBGU/Documents/seadroid/app/src/main/java/com/seafile/seadroid2/framework/monitor/AutoUpdateManager.kt:30:70 Cannot import 'disabledScrollUpStickyItem'. Functions and properties can only be imported from packages or objects.
e: file:///Users/HONGBGU/Documents/seadroid/app/src/main/java/com/seafile/seadroid2/framework/monitor/AutoUpdateManager.kt:31:70 Cannot import 'showInContainer'. Functions and properties can only be imported from packages or objects.
e: file:///Users/HONGBGU/Documents/seadroid/app/src/main/java/com/seafile/seadroid2/framework/monitor/AutoUpdateManager.kt:32:70 Cannot import 'build'. Functions and properties can only be imported from packages or objects.
e: file:///Users/HONGBGU/Documents/seadroid/app/src/main/java/com/seafile/seadroid2/framework/monitor/AutoUpdateManager.kt:33:57 Cannot import 'isSearchEnabled'. Functions and properties can only be imported from packages or objects.
e: file:///Users/HONGBGU/Documents/seadroid/app/src/main/java/com/seafile/seadroid2/framework/monitor/AutoUpdateManager.kt:34:51 Cannot import 'set'. Functions and properties can only be imported from packages or objects.
e: file:///Users/HONGBGU/Documents/seadroid/app/src/main/java/com/seafile/seadroid2/framework/monitor/AutoUpdateManager.kt:35:51 Cannot import 'setOnItemLongClickListener'. Functions and properties can only be imported from packages or objects.
e: file:///Users/HONGBGU/Documents/seadroid/app/src/main/java/com/seafile/seadroid2/framework/monitor/AutoUpdateManager.kt:36:51 Cannot import 'addAll'. Functions and properties can only be imported from packages or objects.
e: file:///Users/HONGBGU/Documents/seadroid/app/src/main/java/com/seafile/seadroid2/framework/monitor/AutoUpdateManager.kt:37:61 Cannot import 'getRepoList'. Functions and properties can only be imported from packages or objects.
e: file:///Users/HONGBGU/Documents/seadroid/app/src/main/java/com/seafile/seadroid2/framework/monitor/AutoUpdateManager.kt:38:51 Cannot import 'removeAtRange'. Functions and properties can only be imported from packages or objects.
e: file:///Users/HONGBGU/Documents/seadroid/app/src/main/java/com/seafile/seadroid2/framework/monitor/AutoUpdateManager.kt:39:51 Cannot import 'stateView'. Functions and properties can only be imported from packages or objects.
e: file:///Users/HONGBGU/Documents/seadroid/app/src/main/java/com/seafile/seadroid2/framework/monitor/AutoUpdateManager.kt:40:51 Cannot import 'isStateViewEnable'. Functions and properties can only be imported from packages or objects.
e: file:///Users/HONGBGU/Documents/seadroid/app/src/main/java/com/seafile/seadroid2/framework/monitor/AutoUpdateManager.kt:42:51 Cannot import 'animationEnable'. Functions and properties can only be imported from packages or objects.
e: file:///Users/HONGBGU/Documents/seadroid/app/src/main/java/com/seafile/seadroid2/framework/monitor/AutoUpdateManager.kt:43:51 Cannot import 'setStateViewLayout'. Functions and properties can only be imported from packages or objects.
e: file:///Users/HONGBGU/Documents/seadroid/app/src/main/java/com/seafile/seadroid2/framework/monitor/AutoUpdateManager.kt:44:51 Cannot import 'addOnItemChildClickListener'. Functions and properties can only be imported from packages or objects.
e: file:///Users/HONGBGU/Documents/seadroid/app/src/main/java/com/seafile/seadroid2/framework/monitor/AutoUpdateManager.kt:45:53 Cannot import 'adapter'. Functions and properties can only be imported from packages or objects.
e: file:///Users/HONGBGU/Documents/seadroid/app/src/main/java/com/seafile/seadroid2/framework/monitor/AutoUpdateManager.kt:46:74 Cannot import 'setMetadataConfigModel'. Functions and properties can only be imported from packages or objects.
e: file:///Users/HONGBGU/Documents/seadroid/app/src/main/java/com/seafile/seadroid2/framework/monitor/AutoUpdateManager.kt:47:74 Cannot import 'setDetail'. Functions and properties can only be imported from packages or objects.
e: file:///Users/HONGBGU/Documents/seadroid/app/src/main/java/com/seafile/seadroid2/framework/monitor/AutoUpdateManager.kt:48:74 Cannot import 'getMetaEnabled'. Functions and properties can only be imported from packages or objects.
e: file:///Users/HONGBGU/Documents/seadroid/app/src/main/java/com/seafile/seadroid2/framework/monitor/AutoUpdateManager.kt:49:74 Cannot import 'getTagsEnabled'. Functions and properties can only be imported from packages or objects.
e: file:///Users/HONGBGU/Documents/seadroid/app/src/main/java/com/seafile/seadroid2/framework/monitor/AutoUpdateManager.kt:50:74 Cannot import 'initDefaultIfMetaNotEnable'. Functions and properties can only be imported from packages or objects.
e: file:///Users/HONGBGU/Documents/seadroid/app/src/main/java/com/seafile/seadroid2/framework/monitor/AutoUpdateManager.kt:51:74 Cannot import 'setRelatedUserWrapperModel'. Functions and properties can only be imported from packages or objects.
e: file:///Users/HONGBGU/Documents/seadroid/app/src/main/java/com/seafile/seadroid2/framework/monitor/AutoUpdateManager.kt:52:74 Cannot import 'addRecordWrapperModel'. Functions and properties can only be imported from packages or objects.
e: file:///Users/HONGBGU/Documents/seadroid/app/src/main/java/com/seafile/seadroid2/framework/monitor/AutoUpdateManager.kt:53:74 Cannot import 'setTagWrapperModel'. Functions and properties can only be imported from packages or objects.
e: file:///Users/HONGBGU/Documents/seadroid/app/src/main/java/com/seafile/seadroid2/framework/monitor/AutoUpdateManager.kt:54:44 Cannot import 'onSaveInstanceState'. Functions and properties can only be imported from packages or objects.
e: file:///Users/HONGBGU/Documents/seadroid/app/src/main/java/com/seafile/seadroid2/framework/monitor/AutoUpdateManager.kt:55:72 Cannot import 'canUse'. Functions and properties can only be imported from packages or objects.
e: file:///Users/HONGBGU/Documents/seadroid/app/src/main/java/com/seafile/seadroid2/framework/monitor/AutoUpdateManager.kt:56:36 Cannot import 'accept'. Functions and properties can only be imported from packages or objects.
e: file:///Users/HONGBGU/Documents/seadroid/app/src/main/java/com/seafile/seadroid2/framework/monitor/AutoUpdateManager.kt:57:20 Cannot import 'second'. Functions and properties can only be imported from packages or objects.
e: file:///Users/HONGBGU/Documents/seadroid/app/src/main/java/com/seafile/seadroid2/framework/monitor/AutoUpdateManager.kt:59:51 Cannot import 'removeAt'. Functions and properties can only be imported from packages or objects.
e: file:///Users/HONGBGU/Documents/seadroid/app/src/main/java/com/seafile/seadroid2/framework/monitor/AutoUpdateManager.kt:60:62 Cannot import 'getSubjectName'. Functions and properties can only be imported from packages or objects.
e: file:///Users/HONGBGU/Documents/seadroid/app/src/main/java/com/seafile/seadroid2/framework/monitor/AutoUpdateManager.kt:61:62 Cannot import 'getSignature'. Functions and properties can only be imported from packages or objects.
e: file:///Users/HONGBGU/Documents/seadroid/app/src/main/java/com/seafile/seadroid2/framework/monitor/AutoUpdateManager.kt:62:62 Cannot import 'getSerialNumber'. Functions and properties can only be imported from packages or objects.
e: file:///Users/HONGBGU/Documents/seadroid/app/src/main/java/com/seafile/seadroid2/framework/monitor/AutoUpdateManager.kt:63:62 Cannot import 'getNotBefore'. Functions and properties can only be imported from packages or objects.
e: file:///Users/HONGBGU/Documents/seadroid/app/src/main/java/com/seafile/seadroid2/framework/monitor/AutoUpdateManager.kt:64:62 Cannot import 'getNotAfter'. Functions and properties can only be imported from packages or objects.
e: file:///Users/HONGBGU/Documents/seadroid/app/src/main/java/com/seafile/seadroid2/framework/monitor/AutoUpdateManager.kt:65:50 Cannot import 'onBackPressed'. Functions and properties can only be imported from packages or objects.
e: file:///Users/HONGBGU/Documents/seadroid/app/src/main/java/com/seafile/seadroid2/framework/monitor/AutoUpdateManager.kt:67:44 Cannot import 'code'. Functions and properties can only be imported from packages or objects.
e: file:///Users/HONGBGU/Documents/seadroid/app/src/main/java/com/seafile/seadroid2/framework/monitor/AutoUpdateManager.kt:68:44 Cannot import 'indexOfKey'. Functions and properties can only be imported from packages or objects.
e: file:///Users/HONGBGU/Documents/seadroid/app/src/main/java/com/seafile/seadroid2/framework/monitor/AutoUpdateManager.kt:69:44 Cannot import 'valueAt'. Functions and properties can only be imported from packages or objects.
e: file:///Users/HONGBGU/Documents/seadroid/app/src/main/java/com/seafile/seadroid2/framework/monitor/AutoUpdateManager.kt:70:44 Cannot import 'put'. Functions and properties can only be imported from packages or objects.
e: file:///Users/HONGBGU/Documents/seadroid/app/src/main/java/com/seafile/seadroid2/framework/monitor/AutoUpdateManager.kt:71:71 Cannot import 'getTime'. Functions and properties can only be imported from packages or objects.
e: file:///Users/HONGBGU/Documents/seadroid/app/src/main/java/com/seafile/seadroid2/framework/monitor/AutoUpdateManager.kt:72:61 Cannot import 'setTrailingLoadStateAdapter'. Functions and properties can only be imported from packages or objects.
e: file:///Users/HONGBGU/Documents/seadroid/app/src/main/java/com/seafile/seadroid2/framework/monitor/AutoUpdateManager.kt:73:78 Cannot import 'setOnLoadMoreListener'. Functions and properties can only be imported from packages or objects.
e: file:///Users/HONGBGU/Documents/seadroid/app/src/main/java/com/seafile/seadroid2/framework/monitor/AutoUpdateManager.kt:74:53 Cannot import 'trailingLoadState'. Functions and properties can only be imported from packages or objects.
e: file:///Users/HONGBGU/Documents/seadroid/app/src/main/java/com/seafile/seadroid2/framework/monitor/AutoUpdateManager.kt:75:53 Cannot import 'trailingLoadStateAdapter'. Functions and properties can only be imported from packages or objects.
e: file:///Users/HONGBGU/Documents/seadroid/app/src/main/java/com/seafile/seadroid2/framework/monitor/AutoUpdateManager.kt:76:78 Cannot import 'checkDisableLoadMoreIfNotFullPage'. Functions and properties can only be imported from packages or objects.
e: file:///Users/HONGBGU/Documents/seadroid/app/src/main/java/com/seafile/seadroid2/framework/monitor/AutoUpdateManager.kt:78:76 Cannot import 'getCreatedAtFriendlyText'. Functions and properties can only be imported from packages or objects.
e: file:///Users/HONGBGU/Documents/seadroid/app/src/main/java/com/seafile/seadroid2/framework/monitor/AutoUpdateManager.kt:79:20 Cannot import 'first'. Functions and properties can only be imported from packages or objects.
e: file:///Users/HONGBGU/Documents/seadroid/app/src/main/java/com/seafile/seadroid2/framework/monitor/AutoUpdateManager.kt:80:61 Cannot import 'getAvatarUrl'. Functions and properties can only be imported from packages or objects.
e: file:///Users/HONGBGU/Documents/seadroid/app/src/main/java/com/seafile/seadroid2/framework/monitor/AutoUpdateManager.kt:81:74 Cannot import 'getRecordMetaDataList'. Functions and properties can only be imported from packages or objects.
e: file:///Users/HONGBGU/Documents/seadroid/app/src/main/java/com/seafile/seadroid2/framework/monitor/AutoUpdateManager.kt:82:74 Cannot import 'setRecordMetaDataList'. Functions and properties can only be imported from packages or objects.
e: file:///Users/HONGBGU/Documents/seadroid/app/src/main/java/com/seafile/seadroid2/framework/monitor/AutoUpdateManager.kt:83:74 Cannot import 'getRecordResultList'. Functions and properties can only be imported from packages or objects.
e: file:///Users/HONGBGU/Documents/seadroid/app/src/main/java/com/seafile/seadroid2/framework/monitor/AutoUpdateManager.kt:84:61 Cannot import 'name'. Functions and properties can only be imported from packages or objects.
e: file:///Users/HONGBGU/Documents/seadroid/app/src/main/java/com/seafile/seadroid2/framework/monitor/AutoUpdateManager.kt:85:74 Cannot import 'getRelatedUserList'. Functions and properties can only be imported from packages or objects.
e: file:///Users/HONGBGU/Documents/seadroid/app/src/main/java/com/seafile/seadroid2/framework/monitor/AutoUpdateManager.kt:86:61 Cannot import 'email'. Functions and properties can only be imported from packages or objects.
e: file:///Users/HONGBGU/Documents/seadroid/app/src/main/java/com/seafile/seadroid2/framework/monitor/AutoUpdateManager.kt:88:72 Cannot import 'toString'. Functions and properties can only be imported from packages or objects.
e: file:///Users/HONGBGU/Documents/seadroid/app/src/main/java/com/seafile/seadroid2/framework/monitor/AutoUpdateManager.kt:89:48 Cannot import 'setKeepOnScreenCondition'. Functions and properties can only be imported from packages or objects.
e: file:///Users/HONGBGU/Documents/seadroid/app/src/main/java/com/seafile/seadroid2/framework/monitor/AutoUpdateManager.kt:90:74 Cannot import 'getDetail'. Functions and properties can only be imported from packages or objects.
e: file:///Users/HONGBGU/Documents/seadroid/app/src/main/java/com/seafile/seadroid2/framework/monitor/AutoUpdateManager.kt:91:74 Cannot import 'getTagMap'. Functions and properties can only be imported from packages or objects.
e: file:///Users/HONGBGU/Documents/seadroid/app/src/main/java/com/seafile/seadroid2/framework/monitor/AutoUpdateManager.kt:92:57 Cannot import 'getUrl'. Functions and properties can only be imported from packages or objects.
e: file:///Users/HONGBGU/Documents/seadroid/app/src/main/java/com/seafile/seadroid2/framework/monitor/AutoUpdateManager.kt:93:57 Cannot import 'getVersion'. Functions and properties can only be imported from packages or objects.
e: file:///Users/HONGBGU/Documents/seadroid/app/src/main/java/com/seafile/seadroid2/framework/monitor/AutoUpdateManager.kt:94:57 Cannot import 'getEncrypted_library_version'. Functions and properties can only be imported from packages or objects.
e: file:///Users/HONGBGU/Documents/seadroid/app/src/main/java/com/seafile/seadroid2/framework/monitor/AutoUpdateManager.kt:95:57 Cannot import 'getFeatures'. Functions and properties can only be imported from packages or objects.
e: file:///Users/HONGBGU/Documents/seadroid/app/src/main/java/com/seafile/seadroid2/framework/monitor/AutoUpdateManager.kt:98:70 Cannot import 'getMtimeInMills'. Functions and properties can only be imported from packages or objects.
e: file:///Users/HONGBGU/Documents/seadroid/app/src/main/java/com/seafile/seadroid2/framework/monitor/AutoUpdateManager.kt:100:43 Cannot import 'addMigrations'. Functions and properties can only be imported from packages or objects.
e: file:///Users/HONGBGU/Documents/seadroid/app/src/main/java/com/seafile/seadroid2/framework/monitor/AutoUpdateManager.kt:101:43 Cannot import 'build'. Functions and properties can only be imported from packages or objects.
e: file:///Users/HONGBGU/Documents/seadroid/app/src/main/java/com/seafile/seadroid2/framework/monitor/AutoUpdateManager.kt:102:49 Cannot import 'execSQL'. Functions and properties can only be imported from packages or objects.
e: file:///Users/HONGBGU/Documents/seadroid/app/src/main/java/com/seafile/seadroid2/framework/monitor/AutoUpdateManager.kt:103:49 Cannot import 'query'. Functions and properties can only be imported from packages or objects.
e: file:///Users/HONGBGU/Documents/seadroid/app/src/main/java/com/seafile/seadroid2/framework/monitor/AutoUpdateManager.kt:104:61 Cannot import 'getTitle'. Functions and properties can only be imported from packages or objects.
e: file:///Users/HONGBGU/Documents/seadroid/app/src/main/java/com/seafile/seadroid2/framework/monitor/AutoUpdateManager.kt:105:61 Cannot import 'addAllRepoList'. Functions and properties can only be imported from packages or objects.
e: file:///Users/HONGBGU/Documents/seadroid/app/src/main/java/com/seafile/seadroid2/framework/monitor/AutoUpdateManager.kt:106:58 Cannot import 'setPath'. Functions and properties can only be imported from packages or objects.
e: file:///Users/HONGBGU/Documents/seadroid/app/src/main/java/com/seafile/seadroid2/framework/monitor/AutoUpdateManager.kt:107:58 Cannot import 'setLabel'. Functions and properties can only be imported from packages or objects.
e: file:///Users/HONGBGU/Documents/seadroid/app/src/main/java/com/seafile/seadroid2/framework/monitor/AutoUpdateManager.kt:108:58 Cannot import 'setRemovable'. Functions and properties can only be imported from packages or objects.
e: file:///Users/HONGBGU/Documents/seadroid/app/src/main/java/com/seafile/seadroid2/framework/monitor/AutoUpdateManager.kt:109:58 Cannot import 'setPrimary'. Functions and properties can only be imported from packages or objects.
e: file:///Users/HONGBGU/Documents/seadroid/app/src/main/java/com/seafile/seadroid2/framework/monitor/AutoUpdateManager.kt:110:58 Cannot import 'setAvailable'. Functions and properties can only be imported from packages or objects.
e: file:///Users/HONGBGU/Documents/seadroid/app/src/main/java/com/seafile/seadroid2/framework/monitor/AutoUpdateManager.kt:111:57 Cannot import 'getError'. Functions and properties can only be imported from packages or objects.
e: file:///Users/HONGBGU/Documents/seadroid/app/src/main/java/com/seafile/seadroid2/framework/monitor/AutoUpdateManager.kt:112:42 Cannot import 'setBackoffCriteria'. Functions and properties can only be imported from packages or objects.
e: file:///Users/HONGBGU/Documents/seadroid/app/src/main/java/com/seafile/seadroid2/framework/monitor/AutoUpdateManager.kt:113:42 Cannot import 'addTag'. Functions and properties can only be imported from packages or objects.
e: file:///Users/HONGBGU/Documents/seadroid/app/src/main/java/com/seafile/seadroid2/framework/monitor/AutoUpdateManager.kt:114:42 Cannot import 'setRequiredNetworkType'. Functions and properties can only be imported from packages or objects.
e: file:///Users/HONGBGU/Documents/seadroid/app/src/main/java/com/seafile/seadroid2/framework/monitor/AutoUpdateManager.kt:115:42 Cannot import 'build'. Functions and properties can only be imported from packages or objects.
e: file:///Users/HONGBGU/Documents/seadroid/app/src/main/java/com/seafile/seadroid2/framework/monitor/AutoUpdateManager.kt:116:42 Cannot import 'setId'. Functions and properties can only be imported from packages or objects.
e: file:///Users/HONGBGU/Documents/seadroid/app/src/main/java/com/seafile/seadroid2/framework/monitor/AutoUpdateManager.kt:117:42 Cannot import 'setConstraints'. Functions and properties can only be imported from packages or objects.
e: file:///Users/HONGBGU/Documents/seadroid/app/src/main/java/com/seafile/seadroid2/framework/monitor/AutoUpdateManager.kt:118:42 Cannot import 'build'. Functions and properties can only be imported from packages or objects.
e: file:///Users/HONGBGU/Documents/seadroid/app/src/main/java/com/seafile/seadroid2/framework/monitor/AutoUpdateManager.kt:119:42 Cannot import 'setInputData'. Functions and properties can only be imported from packages or objects.
e: file:///Users/HONGBGU/Documents/seadroid/app/src/main/java/com/seafile/seadroid2/framework/monitor/AutoUpdateManager.kt:120:79 Cannot import 'getParent_dir'. Functions and properties can only be imported from packages or objects.
e: file:///Users/HONGBGU/Documents/seadroid/app/src/main/java/com/seafile/seadroid2/framework/monitor/AutoUpdateManager.kt:123:37 Cannot import 'onCleared'. Functions and properties can only be imported from packages or objects.
e: file:///Users/HONGBGU/Documents/seadroid/app/src/main/java/com/seafile/seadroid2/framework/monitor/AutoUpdateManager.kt:124:42 Cannot import 'lifecycle'. Functions and properties can only be imported from packages or objects.
e: file:///Users/HONGBGU/Documents/seadroid/app/src/main/java/com/seafile/seadroid2/framework/monitor/AutoUpdateManager.kt:125:37 Cannot import 'addObserver'. Functions and properties can only be imported from packages or objects.
e: file:///Users/HONGBGU/Documents/seadroid/app/src/main/java/com/seafile/seadroid2/framework/monitor/AutoUpdateManager.kt:126:37 Cannot import 'removeObserver'. Functions and properties can only be imported from packages or objects.
e: file:///Users/HONGBGU/Documents/seadroid/app/src/main/java/com/seafile/seadroid2/framework/monitor/AutoUpdateManager.kt:243:69 Unresolved reference 'FileSyncBinder'.
e: file:///Users/HONGBGU/Documents/seadroid/app/src/main/java/com/seafile/seadroid2/framework/monitor/AutoUpdateManager.kt:711:73 Cannot access 'inner class AppsListAdapter : BaseAdapter': it is private in 'com/seafile/seadroid2/ui/dialog_fragment/AppChoiceDialogFragment'.
e: file:///Users/HONGBGU/Documents/seadroid/app/src/main/java/com/seafile/seadroid2/framework/monitor/AutoUpdateManager.kt:1055:69 Unresolved reference 'FolderStateChangedListener'.
e: file:///Users/HONGBGU/Documents/seadroid/app/src/main/java/com/seafile/seadroid2/framework/monitor/MonitorDBHelper.kt:49:28 Function 'public' exposes its 'internal' parameter type 'AutoUpdateInfo'.
e: file:///Users/HONGBGU/Documents/seadroid/app/src/main/java/com/seafile/seadroid2/framework/monitor/MonitorDBHelper.kt:53:65 Only safe (?.) or non-null asserted (!!.) calls are allowed on a nullable receiver of type 'com.seafile.seadroid2.account.Account?'.
e: file:///Users/HONGBGU/Documents/seadroid/app/src/main/java/com/seafile/seadroid2/framework/monitor/MonitorDBHelper.kt:62:30 Function 'public' exposes its 'internal' parameter type 'AutoUpdateInfo'.
e: file:///Users/HONGBGU/Documents/seadroid/app/src/main/java/com/seafile/seadroid2/framework/monitor/MonitorDBHelper.kt:73:25 Only safe (?.) or non-null asserted (!!.) calls are allowed on a nullable receiver of type 'com.seafile.seadroid2.account.Account?'.
e: file:///Users/HONGBGU/Documents/seadroid/app/src/main/java/com/seafile/seadroid2/framework/monitor/MonitorDBHelper.kt:79:9 Function 'public' exposes its 'internal' return type 'AutoUpdateInfo'.
e: file:///Users/HONGBGU/Documents/seadroid/app/src/main/java/com/seafile/seadroid2/framework/monitor/MonitorDBHelper.kt:81:57 Initializer type mismatch: expected 'kotlin.collections.MutableList<com.seafile.seadroid2.framework.monitor.AutoUpdateInfo>', actual 'java.util.LinkedList<com.seafile.seadroid2.framework.monitor.AutoUpdateInfo?>!'.
e: file:///Users/HONGBGU/Documents/seadroid/app/src/main/java/com/seafile/seadroid2/framework/monitor/MonitorDBHelper.kt:119:13 Initializer type mismatch: expected 'kotlin.collections.MutableList<com.seafile.seadroid2.account.Account>', actual 'kotlin.collections.MutableList<android.accounts.Account>'.
e: file:///Users/HONGBGU/Documents/seadroid/app/src/main/java/com/seafile/seadroid2/framework/monitor/MonitorDBHelper.kt:119:58 Only safe (?.) or non-null asserted (!!.) calls are allowed on a nullable receiver of type 'com.seafile.seadroid2.account.SupportAccountManager?'.
e: file:///Users/HONGBGU/Documents/seadroid/app/src/main/java/com/seafile/seadroid2/framework/monitor/MonitorDBHelper.kt:195:36 Cannot access 'val SINGLETON: MonitorDBHelper': it is private in 'com/seafile/seadroid2/framework/monitor/MonitorDBHelper.SingletonHolder'.
e: file:///Users/HONGBGU/Documents/seadroid/app/src/main/java/com/seafile/seadroid2/framework/notification/GeneralNotificationHelper.kt:9:71 Argument type mismatch: actual type is 'android.content.Context?', but 'android.content.Context' was expected.
e: file:///Users/HONGBGU/Documents/seadroid/app/src/main/java/com/seafile/seadroid2/framework/notification/base/BaseNotification.kt:17:61 Cannot import 'equals'. Functions and properties can only be imported from packages or objects.
e: file:///Users/HONGBGU/Documents/seadroid/app/src/main/java/com/seafile/seadroid2/framework/notification/base/BaseNotification.kt:18:65 Cannot import 'equals'. Functions and properties can only be imported from packages or objects.
e: file:///Users/HONGBGU/Documents/seadroid/app/src/main/java/com/seafile/seadroid2/framework/notification/base/BaseTransferNotificationHelper.kt:10:22 Argument type mismatch: actual type is 'android.content.Context?', but 'android.content.Context' was expected.
e: file:///Users/HONGBGU/Documents/seadroid/app/src/main/java/com/seafile/seadroid2/framework/service/BackupThreadExecutor.kt:103:32 Overload resolution ambiguity between candidates:
fun clearDelay(vararg source: FeatureDataSource): Unit
fun clearDelay(vararg source: FeatureDataSource?): Unit
e: file:///Users/HONGBGU/Documents/seadroid/app/src/main/java/com/seafile/seadroid2/framework/service/BackupThreadExecutor.kt:113:13 Not enough information to infer type argument for 'T'.
e: file:///Users/HONGBGU/Documents/seadroid/app/src/main/java/com/seafile/seadroid2/framework/service/BackupThreadExecutor.kt:114:13 Variable 'mediaBackupUploader' must be initialized.
e: file:///Users/HONGBGU/Documents/seadroid/app/src/main/java/com/seafile/seadroid2/framework/service/BackupThreadExecutor.kt:117:13 Not enough information to infer type argument for 'T'.
e: file:///Users/HONGBGU/Documents/seadroid/app/src/main/java/com/seafile/seadroid2/framework/service/BackupThreadExecutor.kt:118:13 Variable 'folderBackupUploader' must be initialized.
e: file:///Users/HONGBGU/Documents/seadroid/app/src/main/java/com/seafile/seadroid2/framework/service/BackupThreadExecutor.kt:121:13 Not enough information to infer type argument for 'T'.
e: file:///Users/HONGBGU/Documents/seadroid/app/src/main/java/com/seafile/seadroid2/framework/service/BackupThreadExecutor.kt:122:13 Variable 'fileUploader' must be initialized.
e: file:///Users/HONGBGU/Documents/seadroid/app/src/main/java/com/seafile/seadroid2/framework/service/BackupThreadExecutor.kt:125:13 Not enough information to infer type argument for 'T'.
e: file:///Users/HONGBGU/Documents/seadroid/app/src/main/java/com/seafile/seadroid2/framework/service/BackupThreadExecutor.kt:126:13 Variable 'fileDownloader' must be initialized.
e: file:///Users/HONGBGU/Documents/seadroid/app/src/main/java/com/seafile/seadroid2/framework/service/BackupThreadExecutor.kt:144:17 Not enough information to infer type argument for 'T'.
e: file:///Users/HONGBGU/Documents/seadroid/app/src/main/java/com/seafile/seadroid2/framework/service/BackupThreadExecutor.kt:145:37 Variable 'fileDownloader' must be initialized.
e: file:///Users/HONGBGU/Documents/seadroid/app/src/main/java/com/seafile/seadroid2/framework/service/BackupThreadExecutor.kt:175:17 Not enough information to infer type argument for 'T'.
e: file:///Users/HONGBGU/Documents/seadroid/app/src/main/java/com/seafile/seadroid2/framework/service/BackupThreadExecutor.kt:176:37 Variable 'fileUploader' must be initialized.
e: file:///Users/HONGBGU/Documents/seadroid/app/src/main/java/com/seafile/seadroid2/framework/service/BackupThreadExecutor.kt:239:17 Not enough information to infer type argument for 'T'.
e: file:///Users/HONGBGU/Documents/seadroid/app/src/main/java/com/seafile/seadroid2/framework/service/BackupThreadExecutor.kt:240:43 Variable 'mediaBackupUploader' must be initialized.
e: file:///Users/HONGBGU/Documents/seadroid/app/src/main/java/com/seafile/seadroid2/framework/service/BackupThreadExecutor.kt:303:17 Not enough information to infer type argument for 'T'.
e: file:///Users/HONGBGU/Documents/seadroid/app/src/main/java/com/seafile/seadroid2/framework/service/BackupThreadExecutor.kt:304:43 Variable 'folderBackupUploader' must be initialized.
e: file:///Users/HONGBGU/Documents/seadroid/app/src/main/java/com/seafile/seadroid2/framework/service/BackupThreadExecutor.kt:328:17 Not enough information to infer type argument for 'T'.
e: file:///Users/HONGBGU/Documents/seadroid/app/src/main/java/com/seafile/seadroid2/framework/service/BackupThreadExecutor.kt:329:37 Variable 'localFileUpdater' must be initialized.
e: file:///Users/HONGBGU/Documents/seadroid/app/src/main/java/com/seafile/seadroid2/framework/service/BackupThreadExecutor.kt:354:17 Not enough information to infer type argument for 'T'.
e: file:///Users/HONGBGU/Documents/seadroid/app/src/main/java/com/seafile/seadroid2/framework/service/BackupThreadExecutor.kt:355:37 Variable 'shareToSeafileUploader' must be initialized.
e: file:///Users/HONGBGU/Documents/seadroid/app/src/main/java/com/seafile/seadroid2/framework/service/BackupThreadNotificationDispatcher.kt:16:1 Class 'BackupThreadNotificationDispatcher' is not abstract and does not implement abstract member 'showTransferNotification'.
e: file:///Users/HONGBGU/Documents/seadroid/app/src/main/java/com/seafile/seadroid2/framework/service/BackupThreadNotificationDispatcher.kt:44:9 'when' expression must be exhaustive. Add the 'SHARE_FILE_TO_SEAFILE', 'AUTO_UPDATE_LOCAL_FILE' branches or an 'else' branch.
e: file:///Users/HONGBGU/Documents/seadroid/app/src/main/java/com/seafile/seadroid2/framework/service/BackupThreadNotificationDispatcher.kt:139:5 'showTransferNotification' overrides nothing.
e: file:///Users/HONGBGU/Documents/seadroid/app/src/main/java/com/seafile/seadroid2/framework/service/BackupThreadNotificationDispatcher.kt:163:5 'showProgress' overrides nothing.
e: file:///Users/HONGBGU/Documents/seadroid/app/src/main/java/com/seafile/seadroid2/framework/service/BackupThreadNotificationDispatcher.kt:209:5 'clearDelay' overrides nothing.
e: file:///Users/HONGBGU/Documents/seadroid/app/src/main/java/com/seafile/seadroid2/framework/service/EventService.kt:40:18 Argument type mismatch: actual type is 'com.seafile.seadroid2.enums.FeatureDataSource?', but 'com.seafile.seadroid2.enums.FeatureDataSource' was expected.
e: file:///Users/HONGBGU/Documents/seadroid/app/src/main/java/com/seafile/seadroid2/framework/service/EventService.kt:42:18 Argument type mismatch: actual type is 'com.seafile.seadroid2.enums.FeatureDataSource?', but 'com.seafile.seadroid2.enums.FeatureDataSource' was expected.
e: file:///Users/HONGBGU/Documents/seadroid/app/src/main/java/com/seafile/seadroid2/framework/service/EventService.kt:50:14 Argument type mismatch: actual type is 'com.seafile.seadroid2.enums.FeatureDataSource?', but 'com.seafile.seadroid2.enums.FeatureDataSource' was expected.
e: file:///Users/HONGBGU/Documents/seadroid/app/src/main/java/com/seafile/seadroid2/framework/service/EventService.kt:64:48 Only safe (?.) or non-null asserted (!!.) calls are allowed on a nullable receiver of type 'com.jeremyliao.liveeventbus.core.Observable<android.os.Bundle?>?'.
e: file:///Users/HONGBGU/Documents/seadroid/app/src/main/java/com/seafile/seadroid2/framework/service/ForegroundServiceNotificationDispatcher.kt:18:1 Class 'ForegroundServiceNotificationDispatcher' is not abstract and does not implement abstract member 'showTransferNotification'.
e: file:///Users/HONGBGU/Documents/seadroid/app/src/main/java/com/seafile/seadroid2/framework/service/ForegroundServiceNotificationDispatcher.kt:63:9 'when' expression must be exhaustive. Add the 'SHARE_FILE_TO_SEAFILE', 'AUTO_UPDATE_LOCAL_FILE' branches or an 'else' branch.
e: file:///Users/HONGBGU/Documents/seadroid/app/src/main/java/com/seafile/seadroid2/framework/service/ForegroundServiceNotificationDispatcher.kt:194:5 'showTransferNotification' overrides nothing.
e: file:///Users/HONGBGU/Documents/seadroid/app/src/main/java/com/seafile/seadroid2/framework/service/ForegroundServiceNotificationDispatcher.kt:223:5 'showProgress' overrides nothing.
e: file:///Users/HONGBGU/Documents/seadroid/app/src/main/java/com/seafile/seadroid2/framework/service/ForegroundServiceNotificationDispatcher.kt:271:5 'clearDelay' overrides nothing.
e: file:///Users/HONGBGU/Documents/seadroid/app/src/main/java/com/seafile/seadroid2/framework/service/ParentEventDownloader.kt:49:25 Argument type mismatch: actual type is 'android.content.Context?', but 'android.content.Context' was expected.
e: file:///Users/HONGBGU/Documents/seadroid/app/src/main/java/com/seafile/seadroid2/framework/service/ParentEventDownloader.kt:55:38 Interface 'interface TransferProgressListener : Any' does not have constructors.
e: file:///Users/HONGBGU/Documents/seadroid/app/src/main/java/com/seafile/seadroid2/framework/service/ParentEventDownloader.kt:61:46 Assignment type mismatch: actual type is 'kotlin.Long', but 'java.lang.Long' was expected.
e: file:///Users/HONGBGU/Documents/seadroid/app/src/main/java/com/seafile/seadroid2/framework/service/ParentEventDownloader.kt:67:31 Argument type mismatch: actual type is 'com.seafile.seadroid2.enums.FeatureDataSource?', but 'com.seafile.seadroid2.enums.FeatureDataSource' was expected.
e: file:///Users/HONGBGU/Documents/seadroid/app/src/main/java/com/seafile/seadroid2/framework/service/ParentEventDownloader.kt:72:48 Only safe (?.) or non-null asserted (!!.) calls are allowed on a nullable receiver of type 'com.seafile.seadroid2.framework.service.ITransferNotification?'.
e: file:///Users/HONGBGU/Documents/seadroid/app/src/main/java/com/seafile/seadroid2/framework/service/ParentEventDownloader.kt:90:63 Only safe (?.) or non-null asserted (!!.) calls are allowed on a nullable receiver of type 'com.seafile.seadroid2.framework.http.HttpIO?'.
e: file:///Users/HONGBGU/Documents/seadroid/app/src/main/java/com/seafile/seadroid2/framework/service/ParentEventDownloader.kt:98:63 Only safe (?.) or non-null asserted (!!.) calls are allowed on a nullable receiver of type 'com.seafile.seadroid2.framework.http.HttpIO?'.
e: file:///Users/HONGBGU/Documents/seadroid/app/src/main/java/com/seafile/seadroid2/framework/service/ParentEventDownloader.kt:146:39 Argument type mismatch: actual type is 'com.seafile.seadroid2.enums.FeatureDataSource?', but 'com.seafile.seadroid2.enums.FeatureDataSource' was expected.
e: file:///Users/HONGBGU/Documents/seadroid/app/src/main/java/com/seafile/seadroid2/framework/service/ParentEventDownloader.kt:146:63 Argument type mismatch: actual type is 'com.seafile.seadroid2.framework.worker.queue.TransferModel?', but 'com.seafile.seadroid2.framework.worker.queue.TransferModel' was expected.
e: file:///Users/HONGBGU/Documents/seadroid/app/src/main/java/com/seafile/seadroid2/framework/service/ParentEventDownloader.kt:159:48 Unresolved reference 'parseByThrowable'.
e: file:///Users/HONGBGU/Documents/seadroid/app/src/main/java/com/seafile/seadroid2/framework/service/ParentEventDownloader.kt:176:49 Argument type mismatch: actual type is 'kotlin.String?', but 'kotlin.String' was expected.
e: file:///Users/HONGBGU/Documents/seadroid/app/src/main/java/com/seafile/seadroid2/framework/service/ParentEventDownloader.kt:219:17 Only safe (?.) or non-null asserted (!!.) calls are allowed on a nullable receiver of type 'com.seafile.seadroid2.framework.http.HttpIO?'.
e: file:///Users/HONGBGU/Documents/seadroid/app/src/main/java/com/seafile/seadroid2/framework/service/ParentEventDownloader.kt:219:40 Argument type mismatch: actual type is 'java.lang.Class<com.seafile.seadroid2.ui.file.FileService>', but 'java.lang.Class<T?>' was expected.
e: file:///Users/HONGBGU/Documents/seadroid/app/src/main/java/com/seafile/seadroid2/framework/service/ParentEventDownloader.kt:220:17 Only safe (?.) or non-null asserted (!!.) calls are allowed on a nullable receiver of type 'com.seafile.seadroid2.ui.file.FileService?'.
e: file:///Users/HONGBGU/Documents/seadroid/app/src/main/java/com/seafile/seadroid2/framework/service/ParentEventDownloader.kt:225:17 Only safe (?.) or non-null asserted (!!.) calls are allowed on a nullable receiver of type 'retrofit2.Call<kotlin.String?>?'.
e: file:///Users/HONGBGU/Documents/seadroid/app/src/main/java/com/seafile/seadroid2/framework/service/ParentEventDownloader.kt:241:69 Null cannot be a value of a non-null type 'kotlin.String'.
e: file:///Users/HONGBGU/Documents/seadroid/app/src/main/java/com/seafile/seadroid2/framework/service/ParentEventDownloader.kt:257:20 Null cannot be a value of a non-null type 'android.util.Pair<kotlin.String, kotlin.String?>'.
e: file:///Users/HONGBGU/Documents/seadroid/app/src/main/java/com/seafile/seadroid2/framework/service/ParentEventDownloader.kt:280:27 Argument type mismatch: actual type is 'com.seafile.seadroid2.enums.FeatureDataSource?', but 'com.seafile.seadroid2.enums.FeatureDataSource' was expected.
e: file:///Users/HONGBGU/Documents/seadroid/app/src/main/java/com/seafile/seadroid2/framework/service/ParentEventDownloader.kt:280:51 Argument type mismatch: actual type is 'com.seafile.seadroid2.framework.worker.queue.TransferModel?', but 'com.seafile.seadroid2.framework.worker.queue.TransferModel' was expected.
e: file:///Users/HONGBGU/Documents/seadroid/app/src/main/java/com/seafile/seadroid2/framework/service/ParentEventDownloader.kt:286:51 Assignment type mismatch: actual type is 'kotlin.Int', but 'java.lang.Long' was expected.
e: file:///Users/HONGBGU/Documents/seadroid/app/src/main/java/com/seafile/seadroid2/framework/service/ParentEventDownloader.kt:380:59 Argument type mismatch: actual type is 'kotlin.String?', but 'kotlin.String' was expected.
e: file:///Users/HONGBGU/Documents/seadroid/app/src/main/java/com/seafile/seadroid2/framework/service/ParentEventDownloader.kt:410:28 Assignment type mismatch: actual type is 'java.lang.Long', but 'kotlin.Long' was expected.
e: file:///Users/HONGBGU/Documents/seadroid/app/src/main/java/com/seafile/seadroid2/framework/service/ParentEventDownloader.kt:471:51 Assignment type mismatch: actual type is 'kotlin.Long', but 'java.lang.Long' was expected.
e: file:///Users/HONGBGU/Documents/seadroid/app/src/main/java/com/seafile/seadroid2/framework/service/ParentEventDownloader.kt:486:48 Only safe (?.) or non-null asserted (!!.) calls are allowed on a nullable receiver of type 'com.seafile.seadroid2.framework.db.AppDatabase?'.
e: file:///Users/HONGBGU/Documents/seadroid/app/src/main/java/com/seafile/seadroid2/framework/service/ParentEventDownloader.kt:486:69 Only safe (?.) or non-null asserted (!!.) calls are allowed on a nullable receiver of type 'com.seafile.seadroid2.framework.db.dao.FileCacheStatusDAO?'.
e: file:///Users/HONGBGU/Documents/seadroid/app/src/main/java/com/seafile/seadroid2/framework/service/ParentEventDownloader.kt:486:77 Argument type mismatch: actual type is 'com.seafile.seadroid2.framework.db.entities.FileCacheStatusEntity?', but 'com.seafile.seadroid2.framework.db.entities.FileCacheStatusEntity' was expected.
e: file:///Users/HONGBGU/Documents/seadroid/app/src/main/java/com/seafile/seadroid2/framework/service/ParentEventDownloader.kt:523:13 Initializer type mismatch: expected 'kotlin.collections.MutableList<com.seafile.seadroid2.framework.db.entities.EncKeyCacheEntity>?', actual 'kotlin.collections.MutableList<com.seafile.seadroid2.framework.db.entities.EncKeyCacheEntity?>?'.
e: file:///Users/HONGBGU/Documents/seadroid/app/src/main/java/com/seafile/seadroid2/framework/service/ParentEventDownloader.kt:523:48 Only safe (?.) or non-null asserted (!!.) calls are allowed on a nullable receiver of type 'com.seafile.seadroid2.framework.db.AppDatabase?'.
e: file:///Users/HONGBGU/Documents/seadroid/app/src/main/java/com/seafile/seadroid2/framework/service/ParentEventDownloader.kt:523:65 Only safe (?.) or non-null asserted (!!.) calls are allowed on a nullable receiver of type 'com.seafile.seadroid2.framework.db.dao.EncKeyCacheDAO?'.
e: file:///Users/HONGBGU/Documents/seadroid/app/src/main/java/com/seafile/seadroid2/framework/service/ParentEventDownloader.kt:562:13 Initializer type mismatch: expected 'retrofit2.Call<com.seafile.seadroid2.framework.model.ResultModel?>', actual 'retrofit2.Call<com.seafile.seadroid2.framework.model.ResultModel?>?'.
e: file:///Users/HONGBGU/Documents/seadroid/app/src/main/java/com/seafile/seadroid2/framework/service/ParentEventDownloader.kt:562:50 Only safe (?.) or non-null asserted (!!.) calls are allowed on a nullable receiver of type 'com.seafile.seadroid2.framework.http.HttpIO?'.
e: file:///Users/HONGBGU/Documents/seadroid/app/src/main/java/com/seafile/seadroid2/framework/service/ParentEventDownloader.kt:562:75 Argument type mismatch: actual type is 'java.lang.Class<com.seafile.seadroid2.ui.dialog_fragment.DialogService>', but 'java.lang.Class<T?>' was expected.
e: file:///Users/HONGBGU/Documents/seadroid/app/src/main/java/com/seafile/seadroid2/framework/service/ParentEventDownloader.kt:563:17 Only safe (?.) or non-null asserted (!!.) calls are allowed on a nullable receiver of type 'com.seafile.seadroid2.ui.dialog_fragment.DialogService?'.
e: file:///Users/HONGBGU/Documents/seadroid/app/src/main/java/com/seafile/seadroid2/framework/service/ParentEventDownloader.kt:575:67 Null cannot be a value of a non-null type 'kotlin.String'.
e: file:///Users/HONGBGU/Documents/seadroid/app/src/main/java/com/seafile/seadroid2/framework/service/ParentEventDownloader.kt:586:55 Argument type mismatch: actual type is 'kotlin.String?', but 'kotlin.String' was expected.
e: file:///Users/HONGBGU/Documents/seadroid/app/src/main/java/com/seafile/seadroid2/framework/service/ParentEventDownloader.kt:594:48 Only safe (?.) or non-null asserted (!!.) calls are allowed on a nullable receiver of type 'com.seafile.seadroid2.framework.db.AppDatabase?'.
e: file:///Users/HONGBGU/Documents/seadroid/app/src/main/java/com/seafile/seadroid2/framework/service/ParentEventDownloader.kt:594:65 Only safe (?.) or non-null asserted (!!.) calls are allowed on a nullable receiver of type 'com.seafile.seadroid2.framework.db.dao.EncKeyCacheDAO?'.
e: file:///Users/HONGBGU/Documents/seadroid/app/src/main/java/com/seafile/seadroid2/framework/service/ParentEventTransfer.kt:83:48 Only safe (?.) or non-null asserted (!!.) calls are allowed on a nullable receiver of type 'com.jeremyliao.liveeventbus.core.Observable<android.os.Bundle?>?'.
e: file:///Users/HONGBGU/Documents/seadroid/app/src/main/java/com/seafile/seadroid2/framework/service/ParentEventUploader.kt:43:25 Argument type mismatch: actual type is 'android.content.Context?', but 'android.content.Context' was expected.
e: file:///Users/HONGBGU/Documents/seadroid/app/src/main/java/com/seafile/seadroid2/framework/service/ParentEventUploader.kt:56:62 Class '<anonymous>' is not abstract and does not implement abstract member 'onProgressNotify'.
e: file:///Users/HONGBGU/Documents/seadroid/app/src/main/java/com/seafile/seadroid2/framework/service/ParentEventUploader.kt:57:9 'onProgressNotify' overrides nothing.
e: file:///Users/HONGBGU/Documents/seadroid/app/src/main/java/com/seafile/seadroid2/framework/service/ParentEventUploader.kt:69:46 Assignment type mismatch: actual type is 'kotlin.Long', but 'java.lang.Long' was expected.
e: file:///Users/HONGBGU/Documents/seadroid/app/src/main/java/com/seafile/seadroid2/framework/service/ParentEventUploader.kt:74:31 Argument type mismatch: actual type is 'com.seafile.seadroid2.enums.FeatureDataSource?', but 'com.seafile.seadroid2.enums.FeatureDataSource' was expected.
e: file:///Users/HONGBGU/Documents/seadroid/app/src/main/java/com/seafile/seadroid2/framework/service/ParentEventUploader.kt:80:48 Only safe (?.) or non-null asserted (!!.) calls are allowed on a nullable receiver of type 'com.seafile.seadroid2.framework.service.ITransferNotification?'.
e: file:///Users/HONGBGU/Documents/seadroid/app/src/main/java/com/seafile/seadroid2/framework/service/ParentEventUploader.kt:90:66 Argument type mismatch: actual type is 'kotlin.Int', but 'kotlin.String?' was expected.
e: file:///Users/HONGBGU/Documents/seadroid/app/src/main/java/com/seafile/seadroid2/framework/service/ParentEventUploader.kt:92:66 Argument type mismatch: actual type is 'kotlin.Int', but 'kotlin.String?' was expected.
e: file:///Users/HONGBGU/Documents/seadroid/app/src/main/java/com/seafile/seadroid2/framework/service/ParentEventUploader.kt:94:66 Argument type mismatch: actual type is 'kotlin.Int', but 'kotlin.String?' was expected.
e: file:///Users/HONGBGU/Documents/seadroid/app/src/main/java/com/seafile/seadroid2/framework/service/ParentEventUploader.kt:127:63 Only safe (?.) or non-null asserted (!!.) calls are allowed on a nullable receiver of type 'com.seafile.seadroid2.framework.http.HttpIO?'.
e: file:///Users/HONGBGU/Documents/seadroid/app/src/main/java/com/seafile/seadroid2/framework/service/ParentEventUploader.kt:163:48 Only safe (?.) or non-null asserted (!!.) calls are allowed on a nullable receiver of type 'com.seafile.seadroid2.framework.service.ITransferNotification?'.
e: file:///Users/HONGBGU/Documents/seadroid/app/src/main/java/com/seafile/seadroid2/framework/service/ParentEventUploader.kt:181:39 Argument type mismatch: actual type is 'com.seafile.seadroid2.enums.FeatureDataSource?', but 'com.seafile.seadroid2.enums.FeatureDataSource' was expected.
e: file:///Users/HONGBGU/Documents/seadroid/app/src/main/java/com/seafile/seadroid2/framework/service/ParentEventUploader.kt:181:63 Argument type mismatch: actual type is 'com.seafile.seadroid2.framework.worker.queue.TransferModel?', but 'com.seafile.seadroid2.framework.worker.queue.TransferModel' was expected.
e: file:///Users/HONGBGU/Documents/seadroid/app/src/main/java/com/seafile/seadroid2/framework/service/ParentEventUploader.kt:187:39 Argument type mismatch: actual type is 'com.seafile.seadroid2.enums.FeatureDataSource?', but 'com.seafile.seadroid2.enums.FeatureDataSource' was expected.
e: file:///Users/HONGBGU/Documents/seadroid/app/src/main/java/com/seafile/seadroid2/framework/service/ParentEventUploader.kt:187:63 Argument type mismatch: actual type is 'com.seafile.seadroid2.framework.worker.queue.TransferModel?', but 'com.seafile.seadroid2.framework.worker.queue.TransferModel' was expected.
e: file:///Users/HONGBGU/Documents/seadroid/app/src/main/java/com/seafile/seadroid2/framework/service/ParentEventUploader.kt:233:27 Argument type mismatch: actual type is 'com.seafile.seadroid2.enums.FeatureDataSource?', but 'com.seafile.seadroid2.enums.FeatureDataSource' was expected.
e: file:///Users/HONGBGU/Documents/seadroid/app/src/main/java/com/seafile/seadroid2/framework/service/ParentEventUploader.kt:233:51 Smart cast to 'com.seafile.seadroid2.framework.worker.queue.TransferModel' is impossible, because 'currentTransferModel' is a mutable property that could be mutated concurrently.
e: file:///Users/HONGBGU/Documents/seadroid/app/src/main/java/com/seafile/seadroid2/framework/service/ParentEventUploader.kt:243:51 Assignment type mismatch: actual type is 'kotlin.Int', but 'java.lang.Long' was expected.
e: file:///Users/HONGBGU/Documents/seadroid/app/src/main/java/com/seafile/seadroid2/framework/service/ParentEventUploader.kt:249:45 Only safe (?.) or non-null asserted (!!.) calls are allowed on a nullable receiver of type 'kotlin.String?'.
e: file:///Users/HONGBGU/Documents/seadroid/app/src/main/java/com/seafile/seadroid2/framework/service/ParentEventUploader.kt:256:48 Assignment type mismatch: actual type is 'kotlin.Long', but 'java.lang.Long' was expected.
e: file:///Users/HONGBGU/Documents/seadroid/app/src/main/java/com/seafile/seadroid2/framework/service/ParentEventUploader.kt:264:17 Argument type mismatch: actual type is 'java.lang.Long', but 'kotlin.Long' was expected.
e: file:///Users/HONGBGU/Documents/seadroid/app/src/main/java/com/seafile/seadroid2/framework/service/ParentEventUploader.kt:325:19 Unresolved reference 'parseByThrowable'.
e: file:///Users/HONGBGU/Documents/seadroid/app/src/main/java/com/seafile/seadroid2/framework/service/ParentEventUploader.kt:325:19 Type mismatch: inferred type is 'ERROR CLASS: Unresolved name: parseByThrowable', but 'kotlin.Throwable' was expected.
e: file:///Users/HONGBGU/Documents/seadroid/app/src/main/java/com/seafile/seadroid2/framework/service/ParentEventUploader.kt:354:67 Null cannot be a value of a non-null type 'kotlin.String'.
e: file:///Users/HONGBGU/Documents/seadroid/app/src/main/java/com/seafile/seadroid2/framework/service/ParentEventUploader.kt:387:23 Assignment type mismatch: actual type is 'retrofit2.Response<kotlin.String?>!', but 'retrofit2.Response<kotlin.String>?' was expected.
e: file:///Users/HONGBGU/Documents/seadroid/app/src/main/java/com/seafile/seadroid2/framework/service/ParentEventUploader.kt:388:21 Only safe (?.) or non-null asserted (!!.) calls are allowed on a nullable receiver of type 'com.seafile.seadroid2.framework.http.HttpIO?'.
e: file:///Users/HONGBGU/Documents/seadroid/app/src/main/java/com/seafile/seadroid2/framework/service/ParentEventUploader.kt:388:44 Argument type mismatch: actual type is 'java.lang.Class<com.seafile.seadroid2.ui.file.FileService>', but 'java.lang.Class<T?>' was expected.
e: file:///Users/HONGBGU/Documents/seadroid/app/src/main/java/com/seafile/seadroid2/framework/service/ParentEventUploader.kt:389:21 Only safe (?.) or non-null asserted (!!.) calls are allowed on a nullable receiver of type 'com.seafile.seadroid2.ui.file.FileService?'.
e: file:///Users/HONGBGU/Documents/seadroid/app/src/main/java/com/seafile/seadroid2/framework/service/ParentEventUploader.kt:390:21 Only safe (?.) or non-null asserted (!!.) calls are allowed on a nullable receiver of type 'retrofit2.Call<kotlin.String?>?'.
e: file:///Users/HONGBGU/Documents/seadroid/app/src/main/java/com/seafile/seadroid2/framework/service/ParentEventUploader.kt:392:23 Assignment type mismatch: actual type is 'retrofit2.Response<kotlin.String?>!', but 'retrofit2.Response<kotlin.String>?' was expected.
e: file:///Users/HONGBGU/Documents/seadroid/app/src/main/java/com/seafile/seadroid2/framework/service/ParentEventUploader.kt:393:21 Only safe (?.) or non-null asserted (!!.) calls are allowed on a nullable receiver of type 'com.seafile.seadroid2.framework.http.HttpIO?'.
e: file:///Users/HONGBGU/Documents/seadroid/app/src/main/java/com/seafile/seadroid2/framework/service/ParentEventUploader.kt:393:44 Argument type mismatch: actual type is 'java.lang.Class<com.seafile.seadroid2.ui.file.FileService>', but 'java.lang.Class<T?>' was expected.
e: file:///Users/HONGBGU/Documents/seadroid/app/src/main/java/com/seafile/seadroid2/framework/service/ParentEventUploader.kt:394:21 Only safe (?.) or non-null asserted (!!.) calls are allowed on a nullable receiver of type 'com.seafile.seadroid2.ui.file.FileService?'.
e: file:///Users/HONGBGU/Documents/seadroid/app/src/main/java/com/seafile/seadroid2/framework/service/ParentEventUploader.kt:395:21 Only safe (?.) or non-null asserted (!!.) calls are allowed on a nullable receiver of type 'retrofit2.Call<kotlin.String?>?'.
e: file:///Users/HONGBGU/Documents/seadroid/app/src/main/java/com/seafile/seadroid2/framework/service/ParentEventUploader.kt:399:19 Unresolved reference 'parseByThrowable'.
e: file:///Users/HONGBGU/Documents/seadroid/app/src/main/java/com/seafile/seadroid2/framework/service/ParentEventUploader.kt:399:19 Type mismatch: inferred type is 'ERROR CLASS: Unresolved name: parseByThrowable', but 'kotlin.Throwable' was expected.
e: file:///Users/HONGBGU/Documents/seadroid/app/src/main/java/com/seafile/seadroid2/framework/service/ParentEventUploader.kt:412:69 Null cannot be a value of a non-null type 'kotlin.String'.
e: file:///Users/HONGBGU/Documents/seadroid/app/src/main/java/com/seafile/seadroid2/framework/service/ParentEventUploader.kt:428:51 Assignment type mismatch: actual type is 'kotlin.Long', but 'java.lang.Long' was expected.
e: file:///Users/HONGBGU/Documents/seadroid/app/src/main/java/com/seafile/seadroid2/framework/service/ParentEventUploader.kt:443:21 Initializer type mismatch: expected 'com.seafile.seadroid2.framework.db.entities.FileCacheStatusEntity', actual 'com.seafile.seadroid2.framework.db.entities.FileCacheStatusEntity?'.
e: file:///Users/HONGBGU/Documents/seadroid/app/src/main/java/com/seafile/seadroid2/framework/service/ParentEventUploader.kt:443:21 Type mismatch: inferred type is 'com.seafile.seadroid2.framework.db.entities.FileCacheStatusEntity?', but 'com.seafile.seadroid2.framework.db.entities.FileCacheStatusEntity' was expected.
e: file:///Users/HONGBGU/Documents/seadroid/app/src/main/java/com/seafile/seadroid2/framework/service/ParentEventUploader.kt:444:52 Only safe (?.) or non-null asserted (!!.) calls are allowed on a nullable receiver of type 'com.seafile.seadroid2.framework.db.AppDatabase?'.
e: file:///Users/HONGBGU/Documents/seadroid/app/src/main/java/com/seafile/seadroid2/framework/service/ParentEventUploader.kt:444:73 Only safe (?.) or non-null asserted (!!.) calls are allowed on a nullable receiver of type 'com.seafile.seadroid2.framework.db.dao.FileCacheStatusDAO?'.
e: file:///Users/HONGBGU/Documents/seadroid/app/src/main/java/com/seafile/seadroid2/framework/service/ParentEventUploader.kt:447:52 Only safe (?.) or non-null asserted (!!.) calls are allowed on a nullable receiver of type 'com.seafile.seadroid2.framework.db.AppDatabase?'.
e: file:///Users/HONGBGU/Documents/seadroid/app/src/main/java/com/seafile/seadroid2/framework/service/ParentEventUploader.kt:448:21 Only safe (?.) or non-null asserted (!!.) calls are allowed on a nullable receiver of type 'com.seafile.seadroid2.framework.db.dao.DirentDAO?'.
e: file:///Users/HONGBGU/Documents/seadroid/app/src/main/java/com/seafile/seadroid2/framework/service/ParentEventUploader.kt:455:52 Only safe (?.) or non-null asserted (!!.) calls are allowed on a nullable receiver of type 'com.seafile.seadroid2.framework.db.AppDatabase?'.
e: file:///Users/HONGBGU/Documents/seadroid/app/src/main/java/com/seafile/seadroid2/framework/service/ParentEventUploader.kt:455:70 Only safe (?.) or non-null asserted (!!.) calls are allowed on a nullable receiver of type 'com.seafile.seadroid2.framework.db.dao.FileTransferDAO?'.
e: file:///Users/HONGBGU/Documents/seadroid/app/src/main/java/com/seafile/seadroid2/framework/service/ParentEventUploader.kt:455:78 Argument type mismatch: actual type is 'com.seafile.seadroid2.framework.db.entities.FileBackupStatusEntity?', but 'com.seafile.seadroid2.framework.db.entities.FileBackupStatusEntity' was expected.
e: file:///Users/HONGBGU/Documents/seadroid/app/src/main/java/com/seafile/seadroid2/framework/service/PreDownloadHelper.kt:32:35 Assignment type mismatch: actual type is 'kotlin.Long', but 'java.lang.Long' was expected.
e: file:///Users/HONGBGU/Documents/seadroid/app/src/main/java/com/seafile/seadroid2/framework/service/PreDownloadHelper.kt:34:36 Only safe (?.) or non-null asserted (!!.) calls are allowed on a nullable receiver of type 'kotlin.String?'.
e: file:///Users/HONGBGU/Documents/seadroid/app/src/main/java/com/seafile/seadroid2/framework/service/PreDownloadHelper.kt:51:36 Assignment type mismatch: actual type is 'kotlin.Long', but 'java.lang.Long' was expected.
e: file:///Users/HONGBGU/Documents/seadroid/app/src/main/java/com/seafile/seadroid2/framework/service/PreDownloadHelper.kt:77:39 Assignment type mismatch: actual type is 'kotlin.Long', but 'java.lang.Long' was expected.
e: file:///Users/HONGBGU/Documents/seadroid/app/src/main/java/com/seafile/seadroid2/framework/service/PreDownloadHelper.kt:94:40 Assignment type mismatch: actual type is 'kotlin.Long', but 'java.lang.Long' was expected.
e: file:///Users/HONGBGU/Documents/seadroid/app/src/main/java/com/seafile/seadroid2/framework/service/PreDownloadHelper.kt:109:50 Only safe (?.) or non-null asserted (!!.) calls are allowed on a nullable receiver of type 'com.seafile.seadroid2.framework.http.HttpIO?'.
e: file:///Users/HONGBGU/Documents/seadroid/app/src/main/java/com/seafile/seadroid2/framework/service/PreDownloadHelper.kt:110:17 Argument type mismatch: actual type is 'java.lang.Class<com.seafile.seadroid2.ui.file.FileService>', but 'java.lang.Class<T?>' was expected.
e: file:///Users/HONGBGU/Documents/seadroid/app/src/main/java/com/seafile/seadroid2/framework/service/PreDownloadHelper.kt:111:14 Only safe (?.) or non-null asserted (!!.) calls are allowed on a nullable receiver of type 'com.seafile.seadroid2.ui.file.FileService?'.
e: file:///Users/HONGBGU/Documents/seadroid/app/src/main/java/com/seafile/seadroid2/framework/service/PreDownloadHelper.kt:111:82 Only safe (?.) or non-null asserted (!!.) calls are allowed on a nullable receiver of type 'retrofit2.Call<kotlin.collections.MutableList<com.seafile.seadroid2.framework.model.dirents.DirentRecursiveFileModel?>?>?'.
e: file:///Users/HONGBGU/Documents/seadroid/app/src/main/java/com/seafile/seadroid2/framework/service/TransferService.kt:54:33 One type argument expected for class 'WeakReference'.
e: file:///Users/HONGBGU/Documents/seadroid/app/src/main/java/com/seafile/seadroid2/framework/service/TransferService.kt:61:20 Return type mismatch: expected 'com.seafile.seadroid2.framework.service.TransferService?', actual 'kotlin.text.MatchGroup?'.
e: file:///Users/HONGBGU/Documents/seadroid/app/src/main/java/com/seafile/seadroid2/framework/service/TransferService.kt:61:34 No value passed for parameter 'name'.
e: file:///Users/HONGBGU/Documents/seadroid/app/src/main/java/com/seafile/seadroid2/framework/service/TransferService.kt:84:9 'when' expression must be exhaustive. Add the 'START_SHARE_TO_SEAFILE_UPLOAD' branch or an 'else' branch.
e: file:///Users/HONGBGU/Documents/seadroid/app/src/main/java/com/seafile/seadroid2/framework/service/TransferService.kt:122:91 Argument type mismatch: actual type is 'com.seafile.seadroid2.enums.FeatureDataSource?', but 'com.seafile.seadroid2.enums.FeatureDataSource' was expected.
e: file:///Users/HONGBGU/Documents/seadroid/app/src/main/java/com/seafile/seadroid2/framework/service/TransferService.kt:314:42 Overload resolution ambiguity between candidates:
fun clearDelay(vararg source: FeatureDataSource): Unit
fun clearDelay(vararg source: FeatureDataSource?): Unit
e: file:///Users/HONGBGU/Documents/seadroid/app/src/main/java/com/seafile/seadroid2/framework/service/download/FileDownloader.kt:60:78 Only safe (?.) or non-null asserted (!!.) calls are allowed on a nullable receiver of type 'com.seafile.seadroid2.account.SupportAccountManager?'.
e: file:///Users/HONGBGU/Documents/seadroid/app/src/main/java/com/seafile/seadroid2/framework/service/download/FileDownloader.kt:112:44 Only safe (?.) or non-null asserted (!!.) calls are allowed on a nullable receiver of type 'com.seafile.seadroid2.framework.service.ITransferNotification?'.
e: file:///Users/HONGBGU/Documents/seadroid/app/src/main/java/com/seafile/seadroid2/framework/service/scan/AlbumBackupScanJobService.kt:28:29 Class '<anonymous>' is not abstract and does not implement abstract member 'accept'.
e: file:///Users/HONGBGU/Documents/seadroid/app/src/main/java/com/seafile/seadroid2/framework/service/scan/AlbumBackupScanJobService.kt:29:13 'accept' overrides nothing.
e: file:///Users/HONGBGU/Documents/seadroid/app/src/main/java/com/seafile/seadroid2/framework/service/scan/AlbumBackupScanJobService.kt:58:78 Only safe (?.) or non-null asserted (!!.) calls are allowed on a nullable receiver of type 'com.seafile.seadroid2.account.SupportAccountManager?'.
e: file:///Users/HONGBGU/Documents/seadroid/app/src/main/java/com/seafile/seadroid2/framework/service/scan/AlbumBackupScanJobService.kt:143:61 Only safe (?.) or non-null asserted (!!.) calls are allowed on a nullable receiver of type 'com.seafile.seadroid2.framework.service.BackupThreadExecutor?'.
e: file:///Users/HONGBGU/Documents/seadroid/app/src/main/java/com/seafile/seadroid2/framework/service/scan/AlbumScanHelper.kt:58:78 Only safe (?.) or non-null asserted (!!.) calls are allowed on a nullable receiver of type 'com.seafile.seadroid2.framework.service.BackupThreadExecutor?'.
e: file:///Users/HONGBGU/Documents/seadroid/app/src/main/java/com/seafile/seadroid2/framework/service/scan/AlbumScanHelper.kt:80:27 Only safe (?.) or non-null asserted (!!.) calls are allowed on a nullable receiver of type 'com.seafile.seadroid2.ui.camera_upload.GalleryBucketUtils.Bucket?'.
e: file:///Users/HONGBGU/Documents/seadroid/app/src/main/java/com/seafile/seadroid2/framework/service/scan/AlbumScanHelper.kt:81:44 Only safe (?.) or non-null asserted (!!.) calls are allowed on a nullable receiver of type 'com.seafile.seadroid2.ui.camera_upload.GalleryBucketUtils.Bucket?'.
e: file:///Users/HONGBGU/Documents/seadroid/app/src/main/java/com/seafile/seadroid2/framework/service/scan/AlbumScanHelper.kt:124:27 Only safe (?.) or non-null asserted (!!.) calls are allowed on a nullable receiver of type 'com.seafile.seadroid2.ui.camera_upload.GalleryBucketUtils.Bucket?'.
e: file:///Users/HONGBGU/Documents/seadroid/app/src/main/java/com/seafile/seadroid2/framework/service/scan/AlbumScanHelper.kt:125:44 Only safe (?.) or non-null asserted (!!.) calls are allowed on a nullable receiver of type 'com.seafile.seadroid2.ui.camera_upload.GalleryBucketUtils.Bucket?'.
e: file:///Users/HONGBGU/Documents/seadroid/app/src/main/java/com/seafile/seadroid2/framework/service/scan/AlbumScanHelper.kt:187:58 Unresolved reference 'toArray'.
e: file:///Users/HONGBGU/Documents/seadroid/app/src/main/java/com/seafile/seadroid2/framework/service/scan/AlbumScanHelper.kt:251:58 Unresolved reference 'toArray'.
e: file:///Users/HONGBGU/Documents/seadroid/app/src/main/java/com/seafile/seadroid2/framework/service/scan/AlbumScanHelper.kt:353:21 Only safe (?.) or non-null asserted (!!.) calls are allowed on a nullable receiver of type 'com.seafile.seadroid2.framework.db.AppDatabase?'.
e: file:///Users/HONGBGU/Documents/seadroid/app/src/main/java/com/seafile/seadroid2/framework/service/scan/AlbumScanHelper.kt:354:21 Only safe (?.) or non-null asserted (!!.) calls are allowed on a nullable receiver of type 'com.seafile.seadroid2.framework.db.dao.FileTransferDAO?'.
e: file:///Users/HONGBGU/Documents/seadroid/app/src/main/java/com/seafile/seadroid2/framework/service/scan/AlbumScanHelper.kt:444:21 Only safe (?.) or non-null asserted (!!.) calls are allowed on a nullable receiver of type 'com.seafile.seadroid2.framework.db.AppDatabase?'.
e: file:///Users/HONGBGU/Documents/seadroid/app/src/main/java/com/seafile/seadroid2/framework/service/scan/AlbumScanHelper.kt:445:21 Only safe (?.) or non-null asserted (!!.) calls are allowed on a nullable receiver of type 'com.seafile.seadroid2.framework.db.dao.FileTransferDAO?'.
e: file:///Users/HONGBGU/Documents/seadroid/app/src/main/java/com/seafile/seadroid2/framework/service/scan/AlbumScanHelper.kt:538:17 Assignment type mismatch: actual type is 'kotlin.collections.MutableList<com.seafile.seadroid2.framework.worker.queue.TransferModel?>', but 'kotlin.collections.MutableList<com.seafile.seadroid2.framework.worker.queue.TransferModel>?' was expected.
e: file:///Users/HONGBGU/Documents/seadroid/app/src/main/java/com/seafile/seadroid2/framework/service/scan/AlbumScanHelper.kt:538:84 Argument type mismatch: actual type is 'kotlin.String?', but 'kotlin.String' was expected.
e: file:///Users/HONGBGU/Documents/seadroid/app/src/main/java/com/seafile/seadroid2/framework/service/scan/AlbumScanHelper.kt:556:25 Only safe (?.) or non-null asserted (!!.) calls are allowed on a nullable receiver of type 'kotlin.String?'.
e: file:///Users/HONGBGU/Documents/seadroid/app/src/main/java/com/seafile/seadroid2/framework/service/scan/AlbumScanHelper.kt:557:34 Only safe (?.) or non-null asserted (!!.) calls are allowed on a nullable receiver of type 'kotlin.String?'.
e: file:///Users/HONGBGU/Documents/seadroid/app/src/main/java/com/seafile/seadroid2/framework/service/scan/AlbumScanHelper.kt:557:56 Only safe (?.) or non-null asserted (!!.) calls are allowed on a nullable receiver of type 'kotlin.String?'.
e: file:///Users/HONGBGU/Documents/seadroid/app/src/main/java/com/seafile/seadroid2/framework/service/scan/AlbumScanHelper.kt:558:34 Only safe (?.) or non-null asserted (!!.) calls are allowed on a nullable receiver of type 'kotlin.String?'.
e: file:///Users/HONGBGU/Documents/seadroid/app/src/main/java/com/seafile/seadroid2/framework/service/scan/AlbumScanHelper.kt:558:53 Only safe (?.) or non-null asserted (!!.) calls are allowed on a nullable receiver of type 'kotlin.String?'.
e: file:///Users/HONGBGU/Documents/seadroid/app/src/main/java/com/seafile/seadroid2/framework/service/scan/AlbumScanHelper.kt:581:67 Argument type mismatch: actual type is 'kotlin.String?', but 'kotlin.String' was expected.
e: file:///Users/HONGBGU/Documents/seadroid/app/src/main/java/com/seafile/seadroid2/framework/service/scan/AlbumScanHelper.kt:591:51 Initializer type mismatch: expected 'retrofit2.Call<com.seafile.seadroid2.framework.model.repo.DirentWrapperModel?>', actual 'retrofit2.Call<com.seafile.seadroid2.framework.model.repo.DirentWrapperModel?>?'.
e: file:///Users/HONGBGU/Documents/seadroid/app/src/main/java/com/seafile/seadroid2/framework/service/scan/AlbumScanHelper.kt:592:17 Only safe (?.) or non-null asserted (!!.) calls are allowed on a nullable receiver of type 'com.seafile.seadroid2.framework.http.HttpIO?'.
e: file:///Users/HONGBGU/Documents/seadroid/app/src/main/java/com/seafile/seadroid2/framework/service/scan/AlbumScanHelper.kt:592:40 Argument type mismatch: actual type is 'java.lang.Class<com.seafile.seadroid2.ui.repo.RepoService>', but 'java.lang.Class<T?>' was expected.
e: file:///Users/HONGBGU/Documents/seadroid/app/src/main/java/com/seafile/seadroid2/framework/service/scan/AlbumScanHelper.kt:593:17 Only safe (?.) or non-null asserted (!!.) calls are allowed on a nullable receiver of type 'com.seafile.seadroid2.ui.repo.RepoService?'.
e: file:///Users/HONGBGU/Documents/seadroid/app/src/main/java/com/seafile/seadroid2/framework/service/scan/AlbumScanHelper.kt:630:39 Initializer type mismatch: expected 'retrofit2.Call<kotlin.String?>', actual 'retrofit2.Call<kotlin.String?>?'.
e: file:///Users/HONGBGU/Documents/seadroid/app/src/main/java/com/seafile/seadroid2/framework/service/scan/AlbumScanHelper.kt:631:17 Only safe (?.) or non-null asserted (!!.) calls are allowed on a nullable receiver of type 'com.seafile.seadroid2.framework.http.HttpIO?'.
e: file:///Users/HONGBGU/Documents/seadroid/app/src/main/java/com/seafile/seadroid2/framework/service/scan/AlbumScanHelper.kt:631:40 Argument type mismatch: actual type is 'java.lang.Class<com.seafile.seadroid2.ui.file.FileService>', but 'java.lang.Class<T?>' was expected.
e: file:///Users/HONGBGU/Documents/seadroid/app/src/main/java/com/seafile/seadroid2/framework/service/scan/AlbumScanHelper.kt:632:17 Only safe (?.) or non-null asserted (!!.) calls are allowed on a nullable receiver of type 'com.seafile.seadroid2.ui.file.FileService?'.
e: file:///Users/HONGBGU/Documents/seadroid/app/src/main/java/com/seafile/seadroid2/framework/service/scan/AlbumScanHelper.kt:664:39 Initializer type mismatch: expected 'retrofit2.Call<kotlin.String?>', actual 'retrofit2.Call<kotlin.String?>?'.
e: file:///Users/HONGBGU/Documents/seadroid/app/src/main/java/com/seafile/seadroid2/framework/service/scan/AlbumScanHelper.kt:665:17 Only safe (?.) or non-null asserted (!!.) calls are allowed on a nullable receiver of type 'com.seafile.seadroid2.framework.http.HttpIO?'.
e: file:///Users/HONGBGU/Documents/seadroid/app/src/main/java/com/seafile/seadroid2/framework/service/scan/AlbumScanHelper.kt:665:40 Argument type mismatch: actual type is 'java.lang.Class<com.seafile.seadroid2.ui.file.FileService>', but 'java.lang.Class<T?>' was expected.
e: file:///Users/HONGBGU/Documents/seadroid/app/src/main/java/com/seafile/seadroid2/framework/service/scan/AlbumScanHelper.kt:666:17 Only safe (?.) or non-null asserted (!!.) calls are allowed on a nullable receiver of type 'com.seafile.seadroid2.ui.file.FileService?'.
e: file:///Users/HONGBGU/Documents/seadroid/app/src/main/java/com/seafile/seadroid2/framework/service/scan/FolderBackupScanJobService.kt:28:29 Class '<anonymous>' is not abstract and does not implement abstract member 'accept'.
e: file:///Users/HONGBGU/Documents/seadroid/app/src/main/java/com/seafile/seadroid2/framework/service/scan/FolderBackupScanJobService.kt:29:13 'accept' overrides nothing.
e: file:///Users/HONGBGU/Documents/seadroid/app/src/main/java/com/seafile/seadroid2/framework/service/scan/FolderBackupScanJobService.kt:54:78 Only safe (?.) or non-null asserted (!!.) calls are allowed on a nullable receiver of type 'com.seafile.seadroid2.account.SupportAccountManager?'.
e: file:///Users/HONGBGU/Documents/seadroid/app/src/main/java/com/seafile/seadroid2/framework/service/scan/FolderBackupScanJobService.kt:130:61 Only safe (?.) or non-null asserted (!!.) calls are allowed on a nullable receiver of type 'com.seafile.seadroid2.framework.service.BackupThreadExecutor?'.
e: file:///Users/HONGBGU/Documents/seadroid/app/src/main/java/com/seafile/seadroid2/framework/service/scan/FolderScanHelper.kt:61:17 Initializer type mismatch: expected 'retrofit2.Call<kotlin.collections.MutableList<com.seafile.seadroid2.framework.model.dirents.DirentRecursiveFileModel?>?>', actual 'retrofit2.Call<kotlin.collections.MutableList<com.seafile.seadroid2.framework.model.dirents.DirentRecursiveFileModel?>?>?'.
e: file:///Users/HONGBGU/Documents/seadroid/app/src/main/java/com/seafile/seadroid2/framework/service/scan/FolderScanHelper.kt:61:54 Only safe (?.) or non-null asserted (!!.) calls are allowed on a nullable receiver of type 'com.seafile.seadroid2.framework.http.HttpIO?'.
e: file:///Users/HONGBGU/Documents/seadroid/app/src/main/java/com/seafile/seadroid2/framework/service/scan/FolderScanHelper.kt:61:77 Argument type mismatch: actual type is 'java.lang.Class<com.seafile.seadroid2.ui.repo.RepoService>', but 'java.lang.Class<T?>' was expected.
e: file:///Users/HONGBGU/Documents/seadroid/app/src/main/java/com/seafile/seadroid2/framework/service/scan/FolderScanHelper.kt:62:21 Only safe (?.) or non-null asserted (!!.) calls are allowed on a nullable receiver of type 'com.seafile.seadroid2.ui.repo.RepoService?'.
e: file:///Users/HONGBGU/Documents/seadroid/app/src/main/java/com/seafile/seadroid2/framework/service/scan/FolderScanHelper.kt:94:13 Initializer type mismatch: expected 'kotlin.collections.MutableList<com.seafile.seadroid2.framework.db.entities.RepoModel>?', actual 'kotlin.collections.MutableList<com.seafile.seadroid2.framework.db.entities.RepoModel?>?'.
e: file:///Users/HONGBGU/Documents/seadroid/app/src/main/java/com/seafile/seadroid2/framework/service/scan/FolderScanHelper.kt:94:48 Only safe (?.) or non-null asserted (!!.) calls are allowed on a nullable receiver of type 'com.seafile.seadroid2.framework.db.AppDatabase?'.
e: file:///Users/HONGBGU/Documents/seadroid/app/src/main/java/com/seafile/seadroid2/framework/service/scan/FolderScanHelper.kt:94:58 Only safe (?.) or non-null asserted (!!.) calls are allowed on a nullable receiver of type 'com.seafile.seadroid2.framework.db.dao.RepoDAO?'.
e: file:///Users/HONGBGU/Documents/seadroid/app/src/main/java/com/seafile/seadroid2/framework/service/scan/FolderScanHelper.kt:116:88 Argument type mismatch: actual type is 'kotlin.String?', but 'kotlin.String' was expected.
e: file:///Users/HONGBGU/Documents/seadroid/app/src/main/java/com/seafile/seadroid2/framework/service/scan/FolderScanHelper.kt:147:13 Initializer type mismatch: expected 'kotlin.collections.MutableList<com.seafile.seadroid2.framework.db.entities.RepoModel>?', actual 'kotlin.collections.MutableList<com.seafile.seadroid2.framework.db.entities.RepoModel?>?'.
e: file:///Users/HONGBGU/Documents/seadroid/app/src/main/java/com/seafile/seadroid2/framework/service/scan/FolderScanHelper.kt:147:48 Only safe (?.) or non-null asserted (!!.) calls are allowed on a nullable receiver of type 'com.seafile.seadroid2.framework.db.AppDatabase?'.
e: file:///Users/HONGBGU/Documents/seadroid/app/src/main/java/com/seafile/seadroid2/framework/service/scan/FolderScanHelper.kt:147:58 Only safe (?.) or non-null asserted (!!.) calls are allowed on a nullable receiver of type 'com.seafile.seadroid2.framework.db.dao.RepoDAO?'.
e: file:///Users/HONGBGU/Documents/seadroid/app/src/main/java/com/seafile/seadroid2/framework/service/scan/FolderScanHelper.kt:167:79 Argument type mismatch: actual type is 'kotlin.String?', but 'kotlin.String' was expected.
e: file:///Users/HONGBGU/Documents/seadroid/app/src/main/java/com/seafile/seadroid2/framework/service/scan/FolderScanHelper.kt:216:13 Only safe (?.) or non-null asserted (!!.) calls are allowed on a nullable receiver of type 'com.seafile.seadroid2.framework.db.AppDatabase?'.
e: file:///Users/HONGBGU/Documents/seadroid/app/src/main/java/com/seafile/seadroid2/framework/service/scan/FolderScanHelper.kt:217:13 Only safe (?.) or non-null asserted (!!.) calls are allowed on a nullable receiver of type 'com.seafile.seadroid2.framework.db.dao.FileTransferDAO?'.
e: file:///Users/HONGBGU/Documents/seadroid/app/src/main/java/com/seafile/seadroid2/framework/service/scan/FolderScanHelper.kt:339:13 Only safe (?.) or non-null asserted (!!.) calls are allowed on a nullable receiver of type 'com.seafile.seadroid2.framework.db.AppDatabase?'.
e: file:///Users/HONGBGU/Documents/seadroid/app/src/main/java/com/seafile/seadroid2/framework/service/scan/FolderScanHelper.kt:340:13 Only safe (?.) or non-null asserted (!!.) calls are allowed on a nullable receiver of type 'com.seafile.seadroid2.framework.db.dao.FileTransferDAO?'.
e: file:///Users/HONGBGU/Documents/seadroid/app/src/main/java/com/seafile/seadroid2/framework/service/upload/FileUploader.kt:66:21 Only safe (?.) or non-null asserted (!!.) calls are allowed on a nullable receiver of type 'com.seafile.seadroid2.account.SupportAccountManager?'.
e: file:///Users/HONGBGU/Documents/seadroid/app/src/main/java/com/seafile/seadroid2/framework/service/upload/FileUploader.kt:123:44 Only safe (?.) or non-null asserted (!!.) calls are allowed on a nullable receiver of type 'com.seafile.seadroid2.framework.service.ITransferNotification?'.
e: file:///Users/HONGBGU/Documents/seadroid/app/src/main/java/com/seafile/seadroid2/framework/service/upload/FolderBackupScanner.kt:23:25 Argument type mismatch: actual type is 'android.content.Context?', but 'android.content.Context' was expected.
e: file:///Users/HONGBGU/Documents/seadroid/app/src/main/java/com/seafile/seadroid2/framework/service/upload/FolderBackupScanner.kt:34:78 Only safe (?.) or non-null asserted (!!.) calls are allowed on a nullable receiver of type 'com.seafile.seadroid2.account.SupportAccountManager?'.
e: file:///Users/HONGBGU/Documents/seadroid/app/src/main/java/com/seafile/seadroid2/framework/service/upload/FolderBackupUploader.kt:62:78 Only safe (?.) or non-null asserted (!!.) calls are allowed on a nullable receiver of type 'com.seafile.seadroid2.account.SupportAccountManager?'.
e: file:///Users/HONGBGU/Documents/seadroid/app/src/main/java/com/seafile/seadroid2/framework/service/upload/FolderBackupUploader.kt:158:44 Only safe (?.) or non-null asserted (!!.) calls are allowed on a nullable receiver of type 'com.seafile.seadroid2.framework.service.ITransferNotification?'.
e: file:///Users/HONGBGU/Documents/seadroid/app/src/main/java/com/seafile/seadroid2/framework/service/upload/LocalFileUpdater.kt:57:78 Only safe (?.) or non-null asserted (!!.) calls are allowed on a nullable receiver of type 'com.seafile.seadroid2.account.SupportAccountManager?'.
e: file:///Users/HONGBGU/Documents/seadroid/app/src/main/java/com/seafile/seadroid2/framework/service/upload/LocalFileUpdater.kt:89:21 Only safe (?.) or non-null asserted (!!.) calls are allowed on a nullable receiver of type 'com.seafile.seadroid2.framework.db.AppDatabase?'.
e: file:///Users/HONGBGU/Documents/seadroid/app/src/main/java/com/seafile/seadroid2/framework/service/upload/LocalFileUpdater.kt:90:21 Only safe (?.) or non-null asserted (!!.) calls are allowed on a nullable receiver of type 'com.seafile.seadroid2.framework.db.dao.FileCacheStatusDAO?'.
e: file:///Users/HONGBGU/Documents/seadroid/app/src/main/java/com/seafile/seadroid2/framework/service/upload/LocalFileUpdater.kt:124:44 Only safe (?.) or non-null asserted (!!.) calls are allowed on a nullable receiver of type 'com.seafile.seadroid2.framework.service.ITransferNotification?'.
e: file:///Users/HONGBGU/Documents/seadroid/app/src/main/java/com/seafile/seadroid2/framework/service/upload/LocalFileUpdater.kt:184:36 Assignment type mismatch: actual type is 'kotlin.Long', but 'java.lang.Long' was expected.
e: file:///Users/HONGBGU/Documents/seadroid/app/src/main/java/com/seafile/seadroid2/framework/service/upload/LocalFileUpdater.kt:193:35 Assignment type mismatch: actual type is 'kotlin.Long', but 'java.lang.Long' was expected.
e: file:///Users/HONGBGU/Documents/seadroid/app/src/main/java/com/seafile/seadroid2/framework/service/upload/LocalFileUpdater.kt:208:17 Initializer type mismatch: expected 'retrofit2.Call<com.seafile.seadroid2.framework.model.dirents.DirentFileModel?>', actual 'retrofit2.Call<com.seafile.seadroid2.framework.model.dirents.DirentFileModel?>?'.
e: file:///Users/HONGBGU/Documents/seadroid/app/src/main/java/com/seafile/seadroid2/framework/service/upload/LocalFileUpdater.kt:208:54 Only safe (?.) or non-null asserted (!!.) calls are allowed on a nullable receiver of type 'com.seafile.seadroid2.framework.http.HttpIO?'.
e: file:///Users/HONGBGU/Documents/seadroid/app/src/main/java/com/seafile/seadroid2/framework/service/upload/LocalFileUpdater.kt:209:21 Argument type mismatch: actual type is 'java.lang.Class<com.seafile.seadroid2.ui.file.FileService>', but 'java.lang.Class<T?>' was expected.
e: file:///Users/HONGBGU/Documents/seadroid/app/src/main/java/com/seafile/seadroid2/framework/service/upload/LocalFileUpdater.kt:210:18 Only safe (?.) or non-null asserted (!!.) calls are allowed on a nullable receiver of type 'com.seafile.seadroid2.ui.file.FileService?'.
e: file:///Users/HONGBGU/Documents/seadroid/app/src/main/java/com/seafile/seadroid2/framework/service/upload/MediaBackupScanner.kt:21:25 Argument type mismatch: actual type is 'android.content.Context?', but 'android.content.Context' was expected.
e: file:///Users/HONGBGU/Documents/seadroid/app/src/main/java/com/seafile/seadroid2/framework/service/upload/MediaBackupScanner.kt:32:78 Only safe (?.) or non-null asserted (!!.) calls are allowed on a nullable receiver of type 'com.seafile.seadroid2.account.SupportAccountManager?'.
e: file:///Users/HONGBGU/Documents/seadroid/app/src/main/java/com/seafile/seadroid2/framework/service/upload/MediaBackupUploader.kt:61:78 Only safe (?.) or non-null asserted (!!.) calls are allowed on a nullable receiver of type 'com.seafile.seadroid2.account.SupportAccountManager?'.
e: file:///Users/HONGBGU/Documents/seadroid/app/src/main/java/com/seafile/seadroid2/framework/service/upload/MediaBackupUploader.kt:157:44 Only safe (?.) or non-null asserted (!!.) calls are allowed on a nullable receiver of type 'com.seafile.seadroid2.framework.service.ITransferNotification?'.
e: file:///Users/HONGBGU/Documents/seadroid/app/src/main/java/com/seafile/seadroid2/framework/service/upload/ShareToSeafileUploader.kt:68:21 Only safe (?.) or non-null asserted (!!.) calls are allowed on a nullable receiver of type 'com.seafile.seadroid2.account.SupportAccountManager?'.
e: file:///Users/HONGBGU/Documents/seadroid/app/src/main/java/com/seafile/seadroid2/framework/service/upload/ShareToSeafileUploader.kt:97:44 Only safe (?.) or non-null asserted (!!.) calls are allowed on a nullable receiver of type 'com.seafile.seadroid2.framework.service.ITransferNotification?'.
e: file:///Users/HONGBGU/Documents/seadroid/app/src/main/java/com/seafile/seadroid2/framework/util/ConcurrentAsyncTask.kt:72:68 Initializer type mismatch: expected 'java.util.concurrent.BlockingQueue<java.lang.Runnable?>', actual 'java.util.concurrent.LinkedBlockingQueue<kotlin.Any?>'.
e: file:///Users/HONGBGU/Documents/seadroid/app/src/main/java/com/seafile/seadroid2/framework/util/ConcurrentAsyncTask.kt:72:68 Type mismatch: inferred type is 'kotlin.Any?', but 'java.lang.Runnable?' was expected.
e: file:///Users/HONGBGU/Documents/seadroid/app/src/main/java/com/seafile/seadroid2/framework/util/DeviceIdManager.kt:8:61 Cannot import 'equals'. Functions and properties can only be imported from packages or objects.
e: file:///Users/HONGBGU/Documents/seadroid/app/src/main/java/com/seafile/seadroid2/framework/util/DeviceIdManager.kt:9:65 Cannot import 'equals'. Functions and properties can only be imported from packages or objects.
e: file:///Users/HONGBGU/Documents/seadroid/app/src/main/java/com/seafile/seadroid2/framework/util/DeviceIdManager.kt:10:61 Cannot import 'email'. Functions and properties can only be imported from packages or objects.
e: file:///Users/HONGBGU/Documents/seadroid/app/src/main/java/com/seafile/seadroid2/framework/util/DeviceIdManager.kt:27:58 Only safe (?.) or non-null asserted (!!.) calls are allowed on a nullable receiver of type 'com.seafile.seadroid2.account.SupportAccountManager?'.
e: file:///Users/HONGBGU/Documents/seadroid/app/src/main/java/com/seafile/seadroid2/framework/util/DeviceIdManager.kt:28:65 Only safe (?.) or non-null asserted (!!.) calls are allowed on a nullable receiver of type 'com.seafile.seadroid2.account.SupportAccountManager?'.
e: file:///Users/HONGBGU/Documents/seadroid/app/src/main/java/com/seafile/seadroid2/framework/util/DeviceIdManager.kt:28:85 Only safe (?.) or non-null asserted (!!.) calls are allowed on a nullable receiver of type 'com.seafile.seadroid2.account.Account?'.
e: file:///Users/HONGBGU/Documents/seadroid/app/src/main/java/com/seafile/seadroid2/framework/util/ExceptionUtils.kt:59:84 Null cannot be a value of a non-null type 'kotlin.String'.
e: file:///Users/HONGBGU/Documents/seadroid/app/src/main/java/com/seafile/seadroid2/framework/util/ExceptionUtils.kt:65:76 Null cannot be a value of a non-null type 'kotlin.String'.
e: file:///Users/HONGBGU/Documents/seadroid/app/src/main/java/com/seafile/seadroid2/framework/util/FileUtils.kt:149:54 Incompatible types 'kotlin.Char' and 'kotlin.Int'.
e: file:///Users/HONGBGU/Documents/seadroid/app/src/main/java/com/seafile/seadroid2/framework/util/Logs.kt:36:25 Unresolved reference 'LogConfiguration'.
e: file:///Users/HONGBGU/Documents/seadroid/app/src/main/java/com/seafile/seadroid2/framework/util/Logs.kt:36:44 Unresolved reference 'LogConfiguration'.
e: file:///Users/HONGBGU/Documents/seadroid/app/src/main/java/com/seafile/seadroid2/framework/util/Logs.kt:42:43 Unresolved reference 'AndroidPrinter'.
e: file:///Users/HONGBGU/Documents/seadroid/app/src/main/java/com/seafile/seadroid2/framework/util/Logs.kt:46:41 Unresolved reference 'FilePrinter'.
e: file:///Users/HONGBGU/Documents/seadroid/app/src/main/java/com/seafile/seadroid2/framework/util/Logs.kt:48:28 Unresolved reference 'ClassicFlattener'.
e: file:///Users/HONGBGU/Documents/seadroid/app/src/main/java/com/seafile/seadroid2/framework/util/Logs.kt:49:33 Unresolved reference 'FileSizeBackupStrategy2'.
e: file:///Users/HONGBGU/Documents/seadroid/app/src/main/java/com/seafile/seadroid2/framework/util/Logs.kt:50:32 Unresolved reference 'FileLastModifiedCleanStrategy'.
e: file:///Users/HONGBGU/Documents/seadroid/app/src/main/java/com/seafile/seadroid2/framework/util/Logs.kt:54:13 Unresolved reference 'XLog'.
e: file:///Users/HONGBGU/Documents/seadroid/app/src/main/java/com/seafile/seadroid2/framework/util/Logs.kt:64:13 Unresolved reference 'XLog'.
e: file:///Users/HONGBGU/Documents/seadroid/app/src/main/java/com/seafile/seadroid2/framework/util/Logs.kt:68:13 Unresolved reference 'XLog'.
e: file:///Users/HONGBGU/Documents/seadroid/app/src/main/java/com/seafile/seadroid2/framework/util/Logs.kt:73:13 Unresolved reference 'XLog'.
e: file:///Users/HONGBGU/Documents/seadroid/app/src/main/java/com/seafile/seadroid2/framework/util/Logs.kt:77:13 Unresolved reference 'XLog'.
e: file:///Users/HONGBGU/Documents/seadroid/app/src/main/java/com/seafile/seadroid2/framework/util/Logs.kt:81:13 Unresolved reference 'XLog'.
e: file:///Users/HONGBGU/Documents/seadroid/app/src/main/java/com/seafile/seadroid2/framework/util/Logs.kt:86:13 Unresolved reference 'XLog'.
e: file:///Users/HONGBGU/Documents/seadroid/app/src/main/java/com/seafile/seadroid2/framework/util/Logs.kt:112:13 Unresolved reference 'XLog'.
e: file:///Users/HONGBGU/Documents/seadroid/app/src/main/java/com/seafile/seadroid2/framework/util/Logs.kt:117:17 Unresolved reference 'XLog'.
e: file:///Users/HONGBGU/Documents/seadroid/app/src/main/java/com/seafile/seadroid2/framework/util/Logs.kt:123:13 Unresolved reference 'XLog'.
e: file:///Users/HONGBGU/Documents/seadroid/app/src/main/java/com/seafile/seadroid2/framework/util/Logs.kt:128:13 Unresolved reference 'XLog'.
e: file:///Users/HONGBGU/Documents/seadroid/app/src/main/java/com/seafile/seadroid2/framework/util/Logs.kt:132:13 Unresolved reference 'XLog'.
e: file:///Users/HONGBGU/Documents/seadroid/app/src/main/java/com/seafile/seadroid2/framework/util/Logs.kt:136:13 Unresolved reference 'XLog'.
e: file:///Users/HONGBGU/Documents/seadroid/app/src/main/java/com/seafile/seadroid2/framework/util/Logs.kt:140:13 Unresolved reference 'XLog'.
e: file:///Users/HONGBGU/Documents/seadroid/app/src/main/java/com/seafile/seadroid2/framework/util/Logs.kt:144:13 Unresolved reference 'XLog'.
e: file:///Users/HONGBGU/Documents/seadroid/app/src/main/java/com/seafile/seadroid2/framework/util/Logs.kt:150:13 Unresolved reference 'XLog'.
e: file:///Users/HONGBGU/Documents/seadroid/app/src/main/java/com/seafile/seadroid2/framework/util/Logs.kt:155:13 Unresolved reference 'XLog'.
e: file:///Users/HONGBGU/Documents/seadroid/app/src/main/java/com/seafile/seadroid2/framework/util/Logs.kt:160:13 Unresolved reference 'XLog'.
e: file:///Users/HONGBGU/Documents/seadroid/app/src/main/java/com/seafile/seadroid2/framework/util/Logs.kt:164:13 Unresolved reference 'XLog'.
e: file:///Users/HONGBGU/Documents/seadroid/app/src/main/java/com/seafile/seadroid2/framework/util/Logs.kt:168:13 Unresolved reference 'XLog'.
e: file:///Users/HONGBGU/Documents/seadroid/app/src/main/java/com/seafile/seadroid2/framework/util/Logs.kt:173:13 Unresolved reference 'XLog'.
e: file:///Users/HONGBGU/Documents/seadroid/app/src/main/java/com/seafile/seadroid2/framework/util/Logs.kt:177:13 Unresolved reference 'XLog'.
e: file:///Users/HONGBGU/Documents/seadroid/app/src/main/java/com/seafile/seadroid2/framework/util/Logs.kt:181:13 Unresolved reference 'XLog'.
e: file:///Users/HONGBGU/Documents/seadroid/app/src/main/java/com/seafile/seadroid2/framework/util/Logs.kt:207:13 Unresolved reference 'XLog'.
e: file:///Users/HONGBGU/Documents/seadroid/app/src/main/java/com/seafile/seadroid2/framework/util/Logs.kt:211:13 Unresolved reference 'XLog'.
e: file:///Users/HONGBGU/Documents/seadroid/app/src/main/java/com/seafile/seadroid2/framework/util/Logs.kt:216:17 Unresolved reference 'XLog'.
e: file:///Users/HONGBGU/Documents/seadroid/app/src/main/java/com/seafile/seadroid2/framework/util/Objs.kt:55:55 Unresolved reference 'Single'.
e: file:///Users/HONGBGU/Documents/seadroid/app/src/main/java/com/seafile/seadroid2/framework/util/Objs.kt:55:74 Unresolved reference 'StarredModel'.
e: file:///Users/HONGBGU/Documents/seadroid/app/src/main/java/com/seafile/seadroid2/framework/util/Objs.kt:56:24 Unresolved reference 'Single'.
e: file:///Users/HONGBGU/Documents/seadroid/app/src/main/java/com/seafile/seadroid2/framework/util/Objs.kt:56:31 Unresolved reference 'StarredWrapperModel'.
e: file:///Users/HONGBGU/Documents/seadroid/app/src/main/java/com/seafile/seadroid2/framework/util/Objs.kt:56:55 Unresolved reference 'HttpIO'.
e: file:///Users/HONGBGU/Documents/seadroid/app/src/main/java/com/seafile/seadroid2/framework/util/Objs.kt:57:22 Unresolved reference 'StarredService'.
e: file:///Users/HONGBGU/Documents/seadroid/app/src/main/java/com/seafile/seadroid2/framework/util/Objs.kt:57:39 Unresolved reference 'StarredService'.
e: file:///Users/HONGBGU/Documents/seadroid/app/src/main/java/com/seafile/seadroid2/framework/util/Objs.kt:57:61 Unresolved reference. None of the following candidates is applicable because of a receiver type mismatch:
val <T> KClass<T>.java: Class<T>
e: file:///Users/HONGBGU/Documents/seadroid/app/src/main/java/com/seafile/seadroid2/framework/util/Objs.kt:58:26 Unresolved reference 'Completable'.
e: file:///Users/HONGBGU/Documents/seadroid/app/src/main/java/com/seafile/seadroid2/framework/util/Objs.kt:58:40 Unresolved reference 'AppDatabase'.
e: file:///Users/HONGBGU/Documents/seadroid/app/src/main/java/com/seafile/seadroid2/framework/util/Objs.kt:60:27 Unresolved reference 'Single'.
e: file:///Users/HONGBGU/Documents/seadroid/app/src/main/java/com/seafile/seadroid2/framework/util/Objs.kt:60:54 Unresolved reference 'toSingleDefault'.
e: file:///Users/HONGBGU/Documents/seadroid/app/src/main/java/com/seafile/seadroid2/framework/util/Objs.kt:61:16 Unresolved reference 'Single'.
e: file:///Users/HONGBGU/Documents/seadroid/app/src/main/java/com/seafile/seadroid2/framework/util/Objs.kt:61:27 Unresolved reference 'StarredWrapperModel'.
e: file:///Users/HONGBGU/Documents/seadroid/app/src/main/java/com/seafile/seadroid2/framework/util/Objs.kt:61:67 Unresolved reference 'StarredModel'.
e: file:///Users/HONGBGU/Documents/seadroid/app/src/main/java/com/seafile/seadroid2/framework/util/Objs.kt:64:13 Class '<anonymous>' is not abstract and does not implement abstract member 'apply'.
e: file:///Users/HONGBGU/Documents/seadroid/app/src/main/java/com/seafile/seadroid2/framework/util/Objs.kt:64:33 Unresolved reference 'StarredWrapperModel'.
e: file:///Users/HONGBGU/Documents/seadroid/app/src/main/java/com/seafile/seadroid2/framework/util/Objs.kt:64:73 Unresolved reference 'StarredModel'.
e: file:///Users/HONGBGU/Documents/seadroid/app/src/main/java/com/seafile/seadroid2/framework/util/Objs.kt:66:17 'apply' overrides nothing.
e: file:///Users/HONGBGU/Documents/seadroid/app/src/main/java/com/seafile/seadroid2/framework/util/Objs.kt:67:42 Unresolved reference 'StarredWrapperModel'.
e: file:///Users/HONGBGU/Documents/seadroid/app/src/main/java/com/seafile/seadroid2/framework/util/Objs.kt:69:32 Unresolved reference 'StarredModel'.
e: file:///Users/HONGBGU/Documents/seadroid/app/src/main/java/com/seafile/seadroid2/framework/util/Objs.kt:70:62 Method 'iterator()' is ambiguous for this expression. Applicable candidates:
fun <T> Enumeration<T>.iterator(): Iterator<T>
@InlineOnly() fun <T> Iterator<T>.iterator(): Iterator<T>
@InlineOnly() fun <K, V> Map<out K, V>.iterator(): Iterator<Map.Entry<K, V>>
@JvmName(...) @InlineOnly() fun <K, V> MutableMap<K, V>.iterator(): MutableIterator<MutableMap.MutableEntry<K, V>>
fun CharSequence.iterator(): CharIterator
fun BufferedInputStream.iterator(): ByteIterator
e: file:///Users/HONGBGU/Documents/seadroid/app/src/main/java/com/seafile/seadroid2/framework/util/Objs.kt:70:62 Unresolved reference 'starred_item_list'.
e: file:///Users/HONGBGU/Documents/seadroid/app/src/main/java/com/seafile/seadroid2/framework/util/Objs.kt:72:29 Unresolved reference 'not' for operator '!'.
e: file:///Users/HONGBGU/Documents/seadroid/app/src/main/java/com/seafile/seadroid2/framework/util/Objs.kt:72:30 Unresolved reference 'TextUtils'.
e: file:///Users/HONGBGU/Documents/seadroid/app/src/main/java/com/seafile/seadroid2/framework/util/Objs.kt:77:48 Unresolved reference 'starred_item_list'.
e: file:///Users/HONGBGU/Documents/seadroid/app/src/main/java/com/seafile/seadroid2/framework/util/Objs.kt:79:16 None of the following candidates is applicable:
fun <T, R> Array<out T>.flatMap(transform: (T) -> Iterable<R>): List<R>
fun <R> BooleanArray.flatMap(transform: (Boolean) -> Iterable<R>): List<R>
fun <R> ByteArray.flatMap(transform: (Byte) -> Iterable<R>): List<R>
fun <R> CharArray.flatMap(transform: (Char) -> Iterable<R>): List<R>
fun <R> DoubleArray.flatMap(transform: (Double) -> Iterable<R>): List<R>
fun <R> FloatArray.flatMap(transform: (Float) -> Iterable<R>): List<R>
fun <R> IntArray.flatMap(transform: (Int) -> Iterable<R>): List<R>
fun <R> LongArray.flatMap(transform: (Long) -> Iterable<R>): List<R>
fun <R> ShortArray.flatMap(transform: (Short) -> Iterable<R>): List<R>
fun <T, R> Iterable<T>.flatMap(transform: (T) -> Iterable<R>): List<R>
fun <K, V, R> Map<out K, V>.flatMap(transform: (Map.Entry<K, V>) -> Iterable<R>): List<R>
@SinceKotlin(...) @ExperimentalUnsignedTypes() @InlineOnly() fun <R> UByteArray.flatMap(transform: (UByte) -> Iterable<R>): List<R>
@SinceKotlin(...) @ExperimentalUnsignedTypes() @InlineOnly() fun <R> UIntArray.flatMap(transform: (UInt) -> Iterable<R>): List<R>
@SinceKotlin(...) @ExperimentalUnsignedTypes() @InlineOnly() fun <R> ULongArray.flatMap(transform: (ULong) -> Iterable<R>): List<R>
@SinceKotlin(...) @ExperimentalUnsignedTypes() @InlineOnly() fun <R> UShortArray.flatMap(transform: (UShort) -> Iterable<R>): List<R>
fun <T, R> Sequence<T>.flatMap(transform: (T) -> Sequence<R>): Sequence<R>
fun <R> CharSequence.flatMap(transform: (Char) -> Iterable<R>): List<R>
e: file:///Users/HONGBGU/Documents/seadroid/app/src/main/java/com/seafile/seadroid2/framework/util/Objs.kt:79:36 Unresolved reference 'StarredModel'.
e: file:///Users/HONGBGU/Documents/seadroid/app/src/main/java/com/seafile/seadroid2/framework/util/Objs.kt:79:53 Class '<anonymous>' is not abstract and does not implement abstract member 'apply'.
e: file:///Users/HONGBGU/Documents/seadroid/app/src/main/java/com/seafile/seadroid2/framework/util/Objs.kt:80:34 Unresolved reference 'StarredModel'.
e: file:///Users/HONGBGU/Documents/seadroid/app/src/main/java/com/seafile/seadroid2/framework/util/Objs.kt:80:51 Unresolved reference 'SingleSource'.
e: file:///Users/HONGBGU/Documents/seadroid/app/src/main/java/com/seafile/seadroid2/framework/util/Objs.kt:80:76 Unresolved reference 'StarredModel'.
e: file:///Users/HONGBGU/Documents/seadroid/app/src/main/java/com/seafile/seadroid2/framework/util/Objs.kt:82:13 'apply' overrides nothing.
e: file:///Users/HONGBGU/Documents/seadroid/app/src/main/java/com/seafile/seadroid2/framework/util/Objs.kt:82:59 Unresolved reference 'StarredModel'.
e: file:///Users/HONGBGU/Documents/seadroid/app/src/main/java/com/seafile/seadroid2/framework/util/Objs.kt:82:76 Unresolved reference 'SingleSource'.
e: file:///Users/HONGBGU/Documents/seadroid/app/src/main/java/com/seafile/seadroid2/framework/util/Objs.kt:82:101 Unresolved reference 'StarredModel'.
e: file:///Users/HONGBGU/Documents/seadroid/app/src/main/java/com/seafile/seadroid2/framework/util/Objs.kt:83:17 Unresolved reference 'AppDatabase'.
e: file:///Users/HONGBGU/Documents/seadroid/app/src/main/java/com/seafile/seadroid2/framework/util/Objs.kt:84:24 Unresolved reference 'Single'.
e: file:///Users/HONGBGU/Documents/seadroid/app/src/main/java/com/seafile/seadroid2/framework/util/Objs.kt:84:48 Unresolved reference 'StarredModel'.
e: file:///Users/HONGBGU/Documents/seadroid/app/src/main/java/com/seafile/seadroid2/framework/util/Objs.kt:91:53 Unresolved reference 'Single'.
e: file:///Users/HONGBGU/Documents/seadroid/app/src/main/java/com/seafile/seadroid2/framework/util/Objs.kt:91:72 Unresolved reference 'BaseModel'.
e: file:///Users/HONGBGU/Documents/seadroid/app/src/main/java/com/seafile/seadroid2/framework/util/Objs.kt:92:24 Unresolved reference 'Single'.
e: file:///Users/HONGBGU/Documents/seadroid/app/src/main/java/com/seafile/seadroid2/framework/util/Objs.kt:92:31 Unresolved reference 'RepoWrapperModel'.
e: file:///Users/HONGBGU/Documents/seadroid/app/src/main/java/com/seafile/seadroid2/framework/util/Objs.kt:92:52 Unresolved reference 'HttpIO'.
e: file:///Users/HONGBGU/Documents/seadroid/app/src/main/java/com/seafile/seadroid2/framework/util/Objs.kt:93:22 Unresolved reference 'RepoService'.
e: file:///Users/HONGBGU/Documents/seadroid/app/src/main/java/com/seafile/seadroid2/framework/util/Objs.kt:93:36 Unresolved reference 'RepoService'.
e: file:///Users/HONGBGU/Documents/seadroid/app/src/main/java/com/seafile/seadroid2/framework/util/Objs.kt:93:55 Unresolved reference. None of the following candidates is applicable because of a receiver type mismatch:
val <T> KClass<T>.java: Class<T>
e: file:///Users/HONGBGU/Documents/seadroid/app/src/main/java/com/seafile/seadroid2/framework/util/Objs.kt:95:26 None of the following candidates is applicable:
fun <T, R> Array<out T>.flatMap(transform: (T) -> Iterable<R>): List<R>
fun <R> BooleanArray.flatMap(transform: (Boolean) -> Iterable<R>): List<R>
fun <R> ByteArray.flatMap(transform: (Byte) -> Iterable<R>): List<R>
fun <R> CharArray.flatMap(transform: (Char) -> Iterable<R>): List<R>
fun <R> DoubleArray.flatMap(transform: (Double) -> Iterable<R>): List<R>
fun <R> FloatArray.flatMap(transform: (Float) -> Iterable<R>): List<R>
fun <R> IntArray.flatMap(transform: (Int) -> Iterable<R>): List<R>
fun <R> LongArray.flatMap(transform: (Long) -> Iterable<R>): List<R>
fun <R> ShortArray.flatMap(transform: (Short) -> Iterable<R>): List<R>
fun <T, R> Iterable<T>.flatMap(transform: (T) -> Iterable<R>): List<R>
fun <K, V, R> Map<out K, V>.flatMap(transform: (Map.Entry<K, V>) -> Iterable<R>): List<R>
@SinceKotlin(...) @ExperimentalUnsignedTypes() @InlineOnly() fun <R> UByteArray.flatMap(transform: (UByte) -> Iterable<R>): List<R>
@SinceKotlin(...) @ExperimentalUnsignedTypes() @InlineOnly() fun <R> UIntArray.flatMap(transform: (UInt) -> Iterable<R>): List<R>
@SinceKotlin(...) @ExperimentalUnsignedTypes() @InlineOnly() fun <R> ULongArray.flatMap(transform: (ULong) -> Iterable<R>): List<R>
@SinceKotlin(...) @ExperimentalUnsignedTypes() @InlineOnly() fun <R> UShortArray.flatMap(transform: (UShort) -> Iterable<R>): List<R>
fun <T, R> Sequence<T>.flatMap(transform: (T) -> Sequence<R>): Sequence<R>
fun <R> CharSequence.flatMap(transform: (Char) -> Iterable<R>): List<R>
e: file:///Users/HONGBGU/Documents/seadroid/app/src/main/java/com/seafile/seadroid2/framework/util/Objs.kt:95:46 Unresolved reference 'RepoModel'.
e: file:///Users/HONGBGU/Documents/seadroid/app/src/main/java/com/seafile/seadroid2/framework/util/Objs.kt:95:60 Class '<anonymous>' is not abstract and does not implement abstract member 'apply'.
e: file:///Users/HONGBGU/Documents/seadroid/app/src/main/java/com/seafile/seadroid2/framework/util/Objs.kt:96:22 Unresolved reference 'RepoWrapperModel'.
e: file:///Users/HONGBGU/Documents/seadroid/app/src/main/java/com/seafile/seadroid2/framework/util/Objs.kt:96:41 Unresolved reference 'SingleSource'.
e: file:///Users/HONGBGU/Documents/seadroid/app/src/main/java/com/seafile/seadroid2/framework/util/Objs.kt:96:66 Unresolved reference 'RepoModel'.
e: file:///Users/HONGBGU/Documents/seadroid/app/src/main/java/com/seafile/seadroid2/framework/util/Objs.kt:98:13 'apply' overrides nothing.
e: file:///Users/HONGBGU/Documents/seadroid/app/src/main/java/com/seafile/seadroid2/framework/util/Objs.kt:98:50 Unresolved reference 'RepoWrapperModel'.
e: file:///Users/HONGBGU/Documents/seadroid/app/src/main/java/com/seafile/seadroid2/framework/util/Objs.kt:98:69 Unresolved reference 'SingleSource'.
e: file:///Users/HONGBGU/Documents/seadroid/app/src/main/java/com/seafile/seadroid2/framework/util/Objs.kt:98:94 Unresolved reference 'RepoModel'.
e: file:///Users/HONGBGU/Documents/seadroid/app/src/main/java/com/seafile/seadroid2/framework/util/Objs.kt:100:62 Unresolved reference 'repos'.
e: file:///Users/HONGBGU/Documents/seadroid/app/src/main/java/com/seafile/seadroid2/framework/util/Objs.kt:101:28 Unresolved reference 'Single'.
e: file:///Users/HONGBGU/Documents/seadroid/app/src/main/java/com/seafile/seadroid2/framework/util/Objs.kt:101:52 Unresolved reference 'RepoModel'.
e: file:///Users/HONGBGU/Documents/seadroid/app/src/main/java/com/seafile/seadroid2/framework/util/Objs.kt:101:80 Unresolved reference 'RepoModel'.
e: file:///Users/HONGBGU/Documents/seadroid/app/src/main/java/com/seafile/seadroid2/framework/util/Objs.kt:104:52 Method 'iterator()' is ambiguous for this expression. Applicable candidates:
fun <T> Enumeration<T>.iterator(): Iterator<T>
@InlineOnly() fun <T> Iterator<T>.iterator(): Iterator<T>
@InlineOnly() fun <K, V> Map<out K, V>.iterator(): Iterator<Map.Entry<K, V>>
@JvmName(...) @InlineOnly() fun <K, V> MutableMap<K, V>.iterator(): MutableIterator<MutableMap.MutableEntry<K, V>>
fun CharSequence.iterator(): CharIterator
fun BufferedInputStream.iterator(): ByteIterator
e: file:///Users/HONGBGU/Documents/seadroid/app/src/main/java/com/seafile/seadroid2/framework/util/Objs.kt:104:52 Unresolved reference 'repos'.
e: file:///Users/HONGBGU/Documents/seadroid/app/src/main/java/com/seafile/seadroid2/framework/util/Objs.kt:109:24 Unresolved reference 'Single'.
e: file:///Users/HONGBGU/Documents/seadroid/app/src/main/java/com/seafile/seadroid2/framework/util/Objs.kt:109:48 Unresolved reference 'RepoModel'.
e: file:///Users/HONGBGU/Documents/seadroid/app/src/main/java/com/seafile/seadroid2/framework/util/Objs.kt:109:79 Unresolved reference 'repos'.
e: file:///Users/HONGBGU/Documents/seadroid/app/src/main/java/com/seafile/seadroid2/framework/util/Objs.kt:111:12 None of the following candidates is applicable:
fun <T, R> Array<out T>.flatMap(transform: (T) -> Iterable<R>): List<R>
fun <R> BooleanArray.flatMap(transform: (Boolean) -> Iterable<R>): List<R>
fun <R> ByteArray.flatMap(transform: (Byte) -> Iterable<R>): List<R>
fun <R> CharArray.flatMap(transform: (Char) -> Iterable<R>): List<R>
fun <R> DoubleArray.flatMap(transform: (Double) -> Iterable<R>): List<R>
fun <R> FloatArray.flatMap(transform: (Float) -> Iterable<R>): List<R>
fun <R> IntArray.flatMap(transform: (Int) -> Iterable<R>): List<R>
fun <R> LongArray.flatMap(transform: (Long) -> Iterable<R>): List<R>
fun <R> ShortArray.flatMap(transform: (Short) -> Iterable<R>): List<R>
fun <T, R> Iterable<T>.flatMap(transform: (T) -> Iterable<R>): List<R>
fun <K, V, R> Map<out K, V>.flatMap(transform: (Map.Entry<K, V>) -> Iterable<R>): List<R>
@SinceKotlin(...) @ExperimentalUnsignedTypes() @InlineOnly() fun <R> UByteArray.flatMap(transform: (UByte) -> Iterable<R>): List<R>
@SinceKotlin(...) @ExperimentalUnsignedTypes() @InlineOnly() fun <R> UIntArray.flatMap(transform: (UInt) -> Iterable<R>): List<R>
@SinceKotlin(...) @ExperimentalUnsignedTypes() @InlineOnly() fun <R> ULongArray.flatMap(transform: (ULong) -> Iterable<R>): List<R>
@SinceKotlin(...) @ExperimentalUnsignedTypes() @InlineOnly() fun <R> UShortArray.flatMap(transform: (UShort) -> Iterable<R>): List<R>
fun <T, R> Sequence<T>.flatMap(transform: (T) -> Sequence<R>): Sequence<R>
fun <R> CharSequence.flatMap(transform: (Char) -> Iterable<R>): List<R>
e: file:///Users/HONGBGU/Documents/seadroid/app/src/main/java/com/seafile/seadroid2/framework/util/Objs.kt:111:32 Unresolved reference 'RepoModel'.
e: file:///Users/HONGBGU/Documents/seadroid/app/src/main/java/com/seafile/seadroid2/framework/util/Objs.kt:111:46 Class '<anonymous>' is not abstract and does not implement abstract member 'apply'.
e: file:///Users/HONGBGU/Documents/seadroid/app/src/main/java/com/seafile/seadroid2/framework/util/Objs.kt:112:34 Unresolved reference 'RepoModel'.
e: file:///Users/HONGBGU/Documents/seadroid/app/src/main/java/com/seafile/seadroid2/framework/util/Objs.kt:112:48 Unresolved reference 'SingleSource'.
e: file:///Users/HONGBGU/Documents/seadroid/app/src/main/java/com/seafile/seadroid2/framework/util/Objs.kt:112:73 Unresolved reference 'RepoModel'.
e: file:///Users/HONGBGU/Documents/seadroid/app/src/main/java/com/seafile/seadroid2/framework/util/Objs.kt:114:13 'apply' overrides nothing.
e: file:///Users/HONGBGU/Documents/seadroid/app/src/main/java/com/seafile/seadroid2/framework/util/Objs.kt:114:67 Unresolved reference 'RepoModel'.
e: file:///Users/HONGBGU/Documents/seadroid/app/src/main/java/com/seafile/seadroid2/framework/util/Objs.kt:114:81 Unresolved reference 'SingleSource'.
e: file:///Users/HONGBGU/Documents/seadroid/app/src/main/java/com/seafile/seadroid2/framework/util/Objs.kt:114:106 Unresolved reference 'RepoModel'.
e: file:///Users/HONGBGU/Documents/seadroid/app/src/main/java/com/seafile/seadroid2/framework/util/Objs.kt:116:40 Unresolved reference 'Completable'.
e: file:///Users/HONGBGU/Documents/seadroid/app/src/main/java/com/seafile/seadroid2/framework/util/Objs.kt:116:54 Unresolved reference 'AppDatabase'.
e: file:///Users/HONGBGU/Documents/seadroid/app/src/main/java/com/seafile/seadroid2/framework/util/Objs.kt:118:35 Unresolved reference 'Single'.
e: file:///Users/HONGBGU/Documents/seadroid/app/src/main/java/com/seafile/seadroid2/framework/util/Objs.kt:118:69 Unresolved reference 'toSingleDefault'.
e: file:///Users/HONGBGU/Documents/seadroid/app/src/main/java/com/seafile/seadroid2/framework/util/Objs.kt:120:37 None of the following candidates is applicable:
fun <T, R> Array<out T>.flatMap(transform: (T) -> Iterable<R>): List<R>
fun <R> BooleanArray.flatMap(transform: (Boolean) -> Iterable<R>): List<R>
fun <R> ByteArray.flatMap(transform: (Byte) -> Iterable<R>): List<R>
fun <R> CharArray.flatMap(transform: (Char) -> Iterable<R>): List<R>
fun <R> DoubleArray.flatMap(transform: (Double) -> Iterable<R>): List<R>
fun <R> FloatArray.flatMap(transform: (Float) -> Iterable<R>): List<R>
fun <R> IntArray.flatMap(transform: (Int) -> Iterable<R>): List<R>
fun <R> LongArray.flatMap(transform: (Long) -> Iterable<R>): List<R>
fun <R> ShortArray.flatMap(transform: (Short) -> Iterable<R>): List<R>
fun <T, R> Iterable<T>.flatMap(transform: (T) -> Iterable<R>): List<R>
fun <K, V, R> Map<out K, V>.flatMap(transform: (Map.Entry<K, V>) -> Iterable<R>): List<R>
@SinceKotlin(...) @ExperimentalUnsignedTypes() @InlineOnly() fun <R> UByteArray.flatMap(transform: (UByte) -> Iterable<R>): List<R>
@SinceKotlin(...) @ExperimentalUnsignedTypes() @InlineOnly() fun <R> UIntArray.flatMap(transform: (UInt) -> Iterable<R>): List<R>
@SinceKotlin(...) @ExperimentalUnsignedTypes() @InlineOnly() fun <R> ULongArray.flatMap(transform: (ULong) -> Iterable<R>): List<R>
@SinceKotlin(...) @ExperimentalUnsignedTypes() @InlineOnly() fun <R> UShortArray.flatMap(transform: (UShort) -> Iterable<R>): List<R>
fun <T, R> Sequence<T>.flatMap(transform: (T) -> Sequence<R>): Sequence<R>
fun <R> CharSequence.flatMap(transform: (Char) -> Iterable<R>): List<R>
e: file:///Users/HONGBGU/Documents/seadroid/app/src/main/java/com/seafile/seadroid2/framework/util/Objs.kt:120:57 Unresolved reference 'RepoModel'.
e: file:///Users/HONGBGU/Documents/seadroid/app/src/main/java/com/seafile/seadroid2/framework/util/Objs.kt:120:71 Class '<anonymous>' is not abstract and does not implement abstract member 'apply'.
e: file:///Users/HONGBGU/Documents/seadroid/app/src/main/java/com/seafile/seadroid2/framework/util/Objs.kt:121:37 Unresolved reference 'SingleSource'.
e: file:///Users/HONGBGU/Documents/seadroid/app/src/main/java/com/seafile/seadroid2/framework/util/Objs.kt:121:62 Unresolved reference 'RepoModel'.
e: file:///Users/HONGBGU/Documents/seadroid/app/src/main/java/com/seafile/seadroid2/framework/util/Objs.kt:123:21 'apply' overrides nothing.
e: file:///Users/HONGBGU/Documents/seadroid/app/src/main/java/com/seafile/seadroid2/framework/util/Objs.kt:123:55 Unresolved reference 'SingleSource'.
e: file:///Users/HONGBGU/Documents/seadroid/app/src/main/java/com/seafile/seadroid2/framework/util/Objs.kt:123:80 Unresolved reference 'RepoModel'.
e: file:///Users/HONGBGU/Documents/seadroid/app/src/main/java/com/seafile/seadroid2/framework/util/Objs.kt:124:32 Unresolved reference 'Single'.
e: file:///Users/HONGBGU/Documents/seadroid/app/src/main/java/com/seafile/seadroid2/framework/util/Objs.kt:124:56 Unresolved reference 'RepoModel'.
e: file:///Users/HONGBGU/Documents/seadroid/app/src/main/java/com/seafile/seadroid2/framework/util/Objs.kt:128:12 None of the following candidates is applicable:
fun <T, R> Array<out T>.flatMap(transform: (T) -> Iterable<R>): List<R>
fun <R> BooleanArray.flatMap(transform: (Boolean) -> Iterable<R>): List<R>
fun <R> ByteArray.flatMap(transform: (Byte) -> Iterable<R>): List<R>
fun <R> CharArray.flatMap(transform: (Char) -> Iterable<R>): List<R>
fun <R> DoubleArray.flatMap(transform: (Double) -> Iterable<R>): List<R>
fun <R> FloatArray.flatMap(transform: (Float) -> Iterable<R>): List<R>
fun <R> IntArray.flatMap(transform: (Int) -> Iterable<R>): List<R>
fun <R> LongArray.flatMap(transform: (Long) -> Iterable<R>): List<R>
fun <R> ShortArray.flatMap(transform: (Short) -> Iterable<R>): List<R>
fun <T, R> Iterable<T>.flatMap(transform: (T) -> Iterable<R>): List<R>
fun <K, V, R> Map<out K, V>.flatMap(transform: (Map.Entry<K, V>) -> Iterable<R>): List<R>
@SinceKotlin(...) @ExperimentalUnsignedTypes() @InlineOnly() fun <R> UByteArray.flatMap(transform: (UByte) -> Iterable<R>): List<R>
@SinceKotlin(...) @ExperimentalUnsignedTypes() @InlineOnly() fun <R> UIntArray.flatMap(transform: (UInt) -> Iterable<R>): List<R>
@SinceKotlin(...) @ExperimentalUnsignedTypes() @InlineOnly() fun <R> ULongArray.flatMap(transform: (ULong) -> Iterable<R>): List<R>
@SinceKotlin(...) @ExperimentalUnsignedTypes() @InlineOnly() fun <R> UShortArray.flatMap(transform: (UShort) -> Iterable<R>): List<R>
fun <T, R> Sequence<T>.flatMap(transform: (T) -> Sequence<R>): Sequence<R>
fun <R> CharSequence.flatMap(transform: (Char) -> Iterable<R>): List<R>
e: file:///Users/HONGBGU/Documents/seadroid/app/src/main/java/com/seafile/seadroid2/framework/util/Objs.kt:128:32 Unresolved reference 'RepoModel'.
e: file:///Users/HONGBGU/Documents/seadroid/app/src/main/java/com/seafile/seadroid2/framework/util/Objs.kt:128:46 Class '<anonymous>' is not abstract and does not implement abstract member 'apply'.
e: file:///Users/HONGBGU/Documents/seadroid/app/src/main/java/com/seafile/seadroid2/framework/util/Objs.kt:129:34 Unresolved reference 'RepoModel'.
e: file:///Users/HONGBGU/Documents/seadroid/app/src/main/java/com/seafile/seadroid2/framework/util/Objs.kt:129:48 Unresolved reference 'SingleSource'.
e: file:///Users/HONGBGU/Documents/seadroid/app/src/main/java/com/seafile/seadroid2/framework/util/Objs.kt:129:73 Unresolved reference 'RepoModel'.
e: file:///Users/HONGBGU/Documents/seadroid/app/src/main/java/com/seafile/seadroid2/framework/util/Objs.kt:131:13 'apply' overrides nothing.
e: file:///Users/HONGBGU/Documents/seadroid/app/src/main/java/com/seafile/seadroid2/framework/util/Objs.kt:131:67 Unresolved reference 'RepoModel'.
e: file:///Users/HONGBGU/Documents/seadroid/app/src/main/java/com/seafile/seadroid2/framework/util/Objs.kt:131:81 Unresolved reference 'SingleSource'.
e: file:///Users/HONGBGU/Documents/seadroid/app/src/main/java/com/seafile/seadroid2/framework/util/Objs.kt:131:106 Unresolved reference 'RepoModel'.
e: file:///Users/HONGBGU/Documents/seadroid/app/src/main/java/com/seafile/seadroid2/framework/util/Objs.kt:135:28 Unresolved reference 'Single'.
e: file:///Users/HONGBGU/Documents/seadroid/app/src/main/java/com/seafile/seadroid2/framework/util/Objs.kt:135:52 Unresolved reference 'RepoModel'.
e: file:///Users/HONGBGU/Documents/seadroid/app/src/main/java/com/seafile/seadroid2/framework/util/Objs.kt:138:40 Unresolved reference 'Completable'.
e: file:///Users/HONGBGU/Documents/seadroid/app/src/main/java/com/seafile/seadroid2/framework/util/Objs.kt:139:21 Unresolved reference 'AppDatabase'.
e: file:///Users/HONGBGU/Documents/seadroid/app/src/main/java/com/seafile/seadroid2/framework/util/Objs.kt:140:33 Unresolved reference 'Single'.
e: file:///Users/HONGBGU/Documents/seadroid/app/src/main/java/com/seafile/seadroid2/framework/util/Objs.kt:140:67 Unresolved reference 'toSingleDefault'.
e: file:///Users/HONGBGU/Documents/seadroid/app/src/main/java/com/seafile/seadroid2/framework/util/Objs.kt:141:35 None of the following candidates is applicable:
fun <T, R> Array<out T>.flatMap(transform: (T) -> Iterable<R>): List<R>
fun <R> BooleanArray.flatMap(transform: (Boolean) -> Iterable<R>): List<R>
fun <R> ByteArray.flatMap(transform: (Byte) -> Iterable<R>): List<R>
fun <R> CharArray.flatMap(transform: (Char) -> Iterable<R>): List<R>
fun <R> DoubleArray.flatMap(transform: (Double) -> Iterable<R>): List<R>
fun <R> FloatArray.flatMap(transform: (Float) -> Iterable<R>): List<R>
fun <R> IntArray.flatMap(transform: (Int) -> Iterable<R>): List<R>
fun <R> LongArray.flatMap(transform: (Long) -> Iterable<R>): List<R>
fun <R> ShortArray.flatMap(transform: (Short) -> Iterable<R>): List<R>
fun <T, R> Iterable<T>.flatMap(transform: (T) -> Iterable<R>): List<R>
fun <K, V, R> Map<out K, V>.flatMap(transform: (Map.Entry<K, V>) -> Iterable<R>): List<R>
@SinceKotlin(...) @ExperimentalUnsignedTypes() @InlineOnly() fun <R> UByteArray.flatMap(transform: (UByte) -> Iterable<R>): List<R>
@SinceKotlin(...) @ExperimentalUnsignedTypes() @InlineOnly() fun <R> UIntArray.flatMap(transform: (UInt) -> Iterable<R>): List<R>
@SinceKotlin(...) @ExperimentalUnsignedTypes() @InlineOnly() fun <R> ULongArray.flatMap(transform: (ULong) -> Iterable<R>): List<R>
@SinceKotlin(...) @ExperimentalUnsignedTypes() @InlineOnly() fun <R> UShortArray.flatMap(transform: (UShort) -> Iterable<R>): List<R>
fun <T, R> Sequence<T>.flatMap(transform: (T) -> Sequence<R>): Sequence<R>
fun <R> CharSequence.flatMap(transform: (Char) -> Iterable<R>): List<R>
e: file:///Users/HONGBGU/Documents/seadroid/app/src/main/java/com/seafile/seadroid2/framework/util/Objs.kt:141:55 Unresolved reference 'RepoModel'.
e: file:///Users/HONGBGU/Documents/seadroid/app/src/main/java/com/seafile/seadroid2/framework/util/Objs.kt:141:69 Class '<anonymous>' is not abstract and does not implement abstract member 'apply'.
e: file:///Users/HONGBGU/Documents/seadroid/app/src/main/java/com/seafile/seadroid2/framework/util/Objs.kt:142:37 Unresolved reference 'SingleSource'.
e: file:///Users/HONGBGU/Documents/seadroid/app/src/main/java/com/seafile/seadroid2/framework/util/Objs.kt:142:62 Unresolved reference 'RepoModel'.
e: file:///Users/HONGBGU/Documents/seadroid/app/src/main/java/com/seafile/seadroid2/framework/util/Objs.kt:144:21 'apply' overrides nothing.
e: file:///Users/HONGBGU/Documents/seadroid/app/src/main/java/com/seafile/seadroid2/framework/util/Objs.kt:144:55 Unresolved reference 'SingleSource'.
e: file:///Users/HONGBGU/Documents/seadroid/app/src/main/java/com/seafile/seadroid2/framework/util/Objs.kt:144:80 Unresolved reference 'RepoModel'.
e: file:///Users/HONGBGU/Documents/seadroid/app/src/main/java/com/seafile/seadroid2/framework/util/Objs.kt:145:32 Unresolved reference 'Single'.
e: file:///Users/HONGBGU/Documents/seadroid/app/src/main/java/com/seafile/seadroid2/framework/util/Objs.kt:145:56 Unresolved reference 'RepoModel'.
e: file:///Users/HONGBGU/Documents/seadroid/app/src/main/java/com/seafile/seadroid2/framework/util/Objs.kt:149:12 None of the following candidates is applicable:
fun <T, R> Array<out T>.flatMap(transform: (T) -> Iterable<R>): List<R>
fun <R> BooleanArray.flatMap(transform: (Boolean) -> Iterable<R>): List<R>
fun <R> ByteArray.flatMap(transform: (Byte) -> Iterable<R>): List<R>
fun <R> CharArray.flatMap(transform: (Char) -> Iterable<R>): List<R>
fun <R> DoubleArray.flatMap(transform: (Double) -> Iterable<R>): List<R>
fun <R> FloatArray.flatMap(transform: (Float) -> Iterable<R>): List<R>
fun <R> IntArray.flatMap(transform: (Int) -> Iterable<R>): List<R>
fun <R> LongArray.flatMap(transform: (Long) -> Iterable<R>): List<R>
fun <R> ShortArray.flatMap(transform: (Short) -> Iterable<R>): List<R>
fun <T, R> Iterable<T>.flatMap(transform: (T) -> Iterable<R>): List<R>
fun <K, V, R> Map<out K, V>.flatMap(transform: (Map.Entry<K, V>) -> Iterable<R>): List<R>
@SinceKotlin(...) @ExperimentalUnsignedTypes() @InlineOnly() fun <R> UByteArray.flatMap(transform: (UByte) -> Iterable<R>): List<R>
@SinceKotlin(...) @ExperimentalUnsignedTypes() @InlineOnly() fun <R> UIntArray.flatMap(transform: (UInt) -> Iterable<R>): List<R>
@SinceKotlin(...) @ExperimentalUnsignedTypes() @InlineOnly() fun <R> ULongArray.flatMap(transform: (ULong) -> Iterable<R>): List<R>
@SinceKotlin(...) @ExperimentalUnsignedTypes() @InlineOnly() fun <R> UShortArray.flatMap(transform: (UShort) -> Iterable<R>): List<R>
fun <T, R> Sequence<T>.flatMap(transform: (T) -> Sequence<R>): Sequence<R>
fun <R> CharSequence.flatMap(transform: (Char) -> Iterable<R>): List<R>
e: file:///Users/HONGBGU/Documents/seadroid/app/src/main/java/com/seafile/seadroid2/framework/util/Objs.kt:149:32 Unresolved reference 'RepoModel'.
e: file:///Users/HONGBGU/Documents/seadroid/app/src/main/java/com/seafile/seadroid2/framework/util/Objs.kt:149:46 Class '<anonymous>' is not abstract and does not implement abstract member 'apply'.
e: file:///Users/HONGBGU/Documents/seadroid/app/src/main/java/com/seafile/seadroid2/framework/util/Objs.kt:150:34 Unresolved reference 'RepoModel'.
e: file:///Users/HONGBGU/Documents/seadroid/app/src/main/java/com/seafile/seadroid2/framework/util/Objs.kt:150:48 Unresolved reference 'SingleSource'.
e: file:///Users/HONGBGU/Documents/seadroid/app/src/main/java/com/seafile/seadroid2/framework/util/Objs.kt:150:73 Unresolved reference 'RepoModel'.
e: file:///Users/HONGBGU/Documents/seadroid/app/src/main/java/com/seafile/seadroid2/framework/util/Objs.kt:152:13 'apply' overrides nothing.
e: file:///Users/HONGBGU/Documents/seadroid/app/src/main/java/com/seafile/seadroid2/framework/util/Objs.kt:152:50 Unresolved reference 'RepoModel'.
e: file:///Users/HONGBGU/Documents/seadroid/app/src/main/java/com/seafile/seadroid2/framework/util/Objs.kt:152:64 Unresolved reference 'SingleSource'.
e: file:///Users/HONGBGU/Documents/seadroid/app/src/main/java/com/seafile/seadroid2/framework/util/Objs.kt:152:89 Unresolved reference 'RepoModel'.
e: file:///Users/HONGBGU/Documents/seadroid/app/src/main/java/com/seafile/seadroid2/framework/util/Objs.kt:155:37 Unresolved reference 'RepoModel'.
e: file:///Users/HONGBGU/Documents/seadroid/app/src/main/java/com/seafile/seadroid2/framework/util/Objs.kt:156:49 Unresolved reference 'RepoModel'.
e: file:///Users/HONGBGU/Documents/seadroid/app/src/main/java/com/seafile/seadroid2/framework/util/Objs.kt:156:67 Unresolved reference 'isCustomPermission'.
e: file:///Users/HONGBGU/Documents/seadroid/app/src/main/java/com/seafile/seadroid2/framework/util/Objs.kt:157:25 Argument type mismatch: actual type is 'java.util.stream.Collector<T!, CapturedType(*), kotlin.collections.(Mutable)List<T!>!>!', but 'java.util.stream.Collector<in ERROR CLASS: Symbol not found for RepoModel?, A!, R!>!' was expected.
e: file:///Users/HONGBGU/Documents/seadroid/app/src/main/java/com/seafile/seadroid2/framework/util/Objs.kt:160:28 Unresolved reference 'Single'.
e: file:///Users/HONGBGU/Documents/seadroid/app/src/main/java/com/seafile/seadroid2/framework/util/Objs.kt:160:52 Unresolved reference 'RepoModel'.
e: file:///Users/HONGBGU/Documents/seadroid/app/src/main/java/com/seafile/seadroid2/framework/util/Objs.kt:163:45 Unresolved reference 'Single'.
e: file:///Users/HONGBGU/Documents/seadroid/app/src/main/java/com/seafile/seadroid2/framework/util/Objs.kt:163:52 Unresolved reference 'PermissionEntity'.
e: file:///Users/HONGBGU/Documents/seadroid/app/src/main/java/com/seafile/seadroid2/framework/util/Objs.kt:164:31 Unresolved reference 'Single'.
e: file:///Users/HONGBGU/Documents/seadroid/app/src/main/java/com/seafile/seadroid2/framework/util/Objs.kt:164:38 Unresolved reference 'PermissionEntity'.
e: file:///Users/HONGBGU/Documents/seadroid/app/src/main/java/com/seafile/seadroid2/framework/util/Objs.kt:166:28 Unresolved reference 'Single'.
e: file:///Users/HONGBGU/Documents/seadroid/app/src/main/java/com/seafile/seadroid2/framework/util/Objs.kt:166:35 Unresolved reference 'PermissionEntity'.
e: file:///Users/HONGBGU/Documents/seadroid/app/src/main/java/com/seafile/seadroid2/framework/util/Objs.kt:167:35 Unresolved reference 'repo_id'.
e: file:///Users/HONGBGU/Documents/seadroid/app/src/main/java/com/seafile/seadroid2/framework/util/Objs.kt:168:35 Unresolved reference 'getCustomPermissionNum'.
e: file:///Users/HONGBGU/Documents/seadroid/app/src/main/java/com/seafile/seadroid2/framework/util/Objs.kt:172:24 Unresolved reference 'Single'.
e: file:///Users/HONGBGU/Documents/seadroid/app/src/main/java/com/seafile/seadroid2/framework/util/Objs.kt:172:35 Unresolved reference 'PermissionEntity'.
e: file:///Users/HONGBGU/Documents/seadroid/app/src/main/java/com/seafile/seadroid2/framework/util/Objs.kt:172:66 Unresolved reference 'RepoModel'.
e: file:///Users/HONGBGU/Documents/seadroid/app/src/main/java/com/seafile/seadroid2/framework/util/Objs.kt:174:21 Class '<anonymous>' is not abstract and does not implement abstract member 'apply'.
e: file:///Users/HONGBGU/Documents/seadroid/app/src/main/java/com/seafile/seadroid2/framework/util/Objs.kt:174:65 Unresolved reference 'RepoModel'.
e: file:///Users/HONGBGU/Documents/seadroid/app/src/main/java/com/seafile/seadroid2/framework/util/Objs.kt:176:25 'apply' overrides nothing.
e: file:///Users/HONGBGU/Documents/seadroid/app/src/main/java/com/seafile/seadroid2/framework/util/Objs.kt:176:77 Unresolved reference 'RepoModel'.
e: file:///Users/HONGBGU/Documents/seadroid/app/src/main/java/com/seafile/seadroid2/framework/util/Objs.kt:181:12 None of the following candidates is applicable:
fun <T, R> Array<out T>.flatMap(transform: (T) -> Iterable<R>): List<R>
fun <R> BooleanArray.flatMap(transform: (Boolean) -> Iterable<R>): List<R>
fun <R> ByteArray.flatMap(transform: (Byte) -> Iterable<R>): List<R>
fun <R> CharArray.flatMap(transform: (Char) -> Iterable<R>): List<R>
fun <R> DoubleArray.flatMap(transform: (Double) -> Iterable<R>): List<R>
fun <R> FloatArray.flatMap(transform: (Float) -> Iterable<R>): List<R>
fun <R> IntArray.flatMap(transform: (Int) -> Iterable<R>): List<R>
fun <R> LongArray.flatMap(transform: (Long) -> Iterable<R>): List<R>
fun <R> ShortArray.flatMap(transform: (Short) -> Iterable<R>): List<R>
fun <T, R> Iterable<T>.flatMap(transform: (T) -> Iterable<R>): List<R>
fun <K, V, R> Map<out K, V>.flatMap(transform: (Map.Entry<K, V>) -> Iterable<R>): List<R>
@SinceKotlin(...) @ExperimentalUnsignedTypes() @InlineOnly() fun <R> UByteArray.flatMap(transform: (UByte) -> Iterable<R>): List<R>
@SinceKotlin(...) @ExperimentalUnsignedTypes() @InlineOnly() fun <R> UIntArray.flatMap(transform: (UInt) -> Iterable<R>): List<R>
@SinceKotlin(...) @ExperimentalUnsignedTypes() @InlineOnly() fun <R> ULongArray.flatMap(transform: (ULong) -> Iterable<R>): List<R>
@SinceKotlin(...) @ExperimentalUnsignedTypes() @InlineOnly() fun <R> UShortArray.flatMap(transform: (UShort) -> Iterable<R>): List<R>
fun <T, R> Sequence<T>.flatMap(transform: (T) -> Sequence<R>): Sequence<R>
fun <R> CharSequence.flatMap(transform: (Char) -> Iterable<R>): List<R>
e: file:///Users/HONGBGU/Documents/seadroid/app/src/main/java/com/seafile/seadroid2/framework/util/Objs.kt:181:32 Unresolved reference 'BaseModel'.
e: file:///Users/HONGBGU/Documents/seadroid/app/src/main/java/com/seafile/seadroid2/framework/util/Objs.kt:181:46 Class '<anonymous>' is not abstract and does not implement abstract member 'apply'.
e: file:///Users/HONGBGU/Documents/seadroid/app/src/main/java/com/seafile/seadroid2/framework/util/Objs.kt:182:34 Unresolved reference 'RepoModel'.
e: file:///Users/HONGBGU/Documents/seadroid/app/src/main/java/com/seafile/seadroid2/framework/util/Objs.kt:182:48 Unresolved reference 'SingleSource'.
e: file:///Users/HONGBGU/Documents/seadroid/app/src/main/java/com/seafile/seadroid2/framework/util/Objs.kt:182:73 Unresolved reference 'BaseModel'.
e: file:///Users/HONGBGU/Documents/seadroid/app/src/main/java/com/seafile/seadroid2/framework/util/Objs.kt:184:13 'apply' overrides nothing.
e: file:///Users/HONGBGU/Documents/seadroid/app/src/main/java/com/seafile/seadroid2/framework/util/Objs.kt:184:64 Unresolved reference 'RepoModel'.
e: file:///Users/HONGBGU/Documents/seadroid/app/src/main/java/com/seafile/seadroid2/framework/util/Objs.kt:184:78 Unresolved reference 'SingleSource'.
e: file:///Users/HONGBGU/Documents/seadroid/app/src/main/java/com/seafile/seadroid2/framework/util/Objs.kt:184:103 Unresolved reference 'BaseModel'.
e: file:///Users/HONGBGU/Documents/seadroid/app/src/main/java/com/seafile/seadroid2/framework/util/Objs.kt:187:41 Unresolved reference 'BaseModel'.
e: file:///Users/HONGBGU/Documents/seadroid/app/src/main/java/com/seafile/seadroid2/framework/util/Objs.kt:188:24 Unresolved reference 'Single'.
e: file:///Users/HONGBGU/Documents/seadroid/app/src/main/java/com/seafile/seadroid2/framework/util/Objs.kt:188:48 Unresolved reference 'BaseModel'.
e: file:///Users/HONGBGU/Documents/seadroid/app/src/main/java/com/seafile/seadroid2/framework/util/Objs.kt:196:8 Unresolved reference 'Single'.
e: file:///Users/HONGBGU/Documents/seadroid/app/src/main/java/com/seafile/seadroid2/framework/util/Objs.kt:196:15 Unresolved reference 'PermissionEntity'.
e: file:///Users/HONGBGU/Documents/seadroid/app/src/main/java/com/seafile/seadroid2/framework/util/Objs.kt:197:21 Unresolved reference 'Single'.
e: file:///Users/HONGBGU/Documents/seadroid/app/src/main/java/com/seafile/seadroid2/framework/util/Objs.kt:197:28 Unresolved reference 'PermissionWrapperModel'.
e: file:///Users/HONGBGU/Documents/seadroid/app/src/main/java/com/seafile/seadroid2/framework/util/Objs.kt:198:13 Unresolved reference 'HttpIO'.
e: file:///Users/HONGBGU/Documents/seadroid/app/src/main/java/com/seafile/seadroid2/framework/util/Objs.kt:198:59 Unresolved reference 'RepoService'.
e: file:///Users/HONGBGU/Documents/seadroid/app/src/main/java/com/seafile/seadroid2/framework/util/Objs.kt:198:73 Unresolved reference 'RepoService'.
e: file:///Users/HONGBGU/Documents/seadroid/app/src/main/java/com/seafile/seadroid2/framework/util/Objs.kt:198:92 Unresolved reference. None of the following candidates is applicable because of a receiver type mismatch:
val <T> KClass<T>.java: Class<T>
e: file:///Users/HONGBGU/Documents/seadroid/app/src/main/java/com/seafile/seadroid2/framework/util/Objs.kt:200:23 None of the following candidates is applicable:
fun <T, R> Array<out T>.flatMap(transform: (T) -> Iterable<R>): List<R>
fun <R> BooleanArray.flatMap(transform: (Boolean) -> Iterable<R>): List<R>
fun <R> ByteArray.flatMap(transform: (Byte) -> Iterable<R>): List<R>
fun <R> CharArray.flatMap(transform: (Char) -> Iterable<R>): List<R>
fun <R> DoubleArray.flatMap(transform: (Double) -> Iterable<R>): List<R>
fun <R> FloatArray.flatMap(transform: (Float) -> Iterable<R>): List<R>
fun <R> IntArray.flatMap(transform: (Int) -> Iterable<R>): List<R>
fun <R> LongArray.flatMap(transform: (Long) -> Iterable<R>): List<R>
fun <R> ShortArray.flatMap(transform: (Short) -> Iterable<R>): List<R>
fun <T, R> Iterable<T>.flatMap(transform: (T) -> Iterable<R>): List<R>
fun <K, V, R> Map<out K, V>.flatMap(transform: (Map.Entry<K, V>) -> Iterable<R>): List<R>
@SinceKotlin(...) @ExperimentalUnsignedTypes() @InlineOnly() fun <R> UByteArray.flatMap(transform: (UByte) -> Iterable<R>): List<R>
@SinceKotlin(...) @ExperimentalUnsignedTypes() @InlineOnly() fun <R> UIntArray.flatMap(transform: (UInt) -> Iterable<R>): List<R>
@SinceKotlin(...) @ExperimentalUnsignedTypes() @InlineOnly() fun <R> ULongArray.flatMap(transform: (ULong) -> Iterable<R>): List<R>
@SinceKotlin(...) @ExperimentalUnsignedTypes() @InlineOnly() fun <R> UShortArray.flatMap(transform: (UShort) -> Iterable<R>): List<R>
fun <T, R> Sequence<T>.flatMap(transform: (T) -> Sequence<R>): Sequence<R>
fun <R> CharSequence.flatMap(transform: (Char) -> Iterable<R>): List<R>
e: file:///Users/HONGBGU/Documents/seadroid/app/src/main/java/com/seafile/seadroid2/framework/util/Objs.kt:200:31 Unresolved reference 'PermissionEntity'.
e: file:///Users/HONGBGU/Documents/seadroid/app/src/main/java/com/seafile/seadroid2/framework/util/Objs.kt:200:50 Class '<anonymous>' is not abstract and does not implement abstract member 'apply'.
e: file:///Users/HONGBGU/Documents/seadroid/app/src/main/java/com/seafile/seadroid2/framework/util/Objs.kt:201:22 Unresolved reference 'PermissionWrapperModel'.
e: file:///Users/HONGBGU/Documents/seadroid/app/src/main/java/com/seafile/seadroid2/framework/util/Objs.kt:201:47 Unresolved reference 'SingleSource'.
e: file:///Users/HONGBGU/Documents/seadroid/app/src/main/java/com/seafile/seadroid2/framework/util/Objs.kt:201:60 Unresolved reference 'PermissionEntity'.
e: file:///Users/HONGBGU/Documents/seadroid/app/src/main/java/com/seafile/seadroid2/framework/util/Objs.kt:203:13 'apply' overrides nothing.
e: file:///Users/HONGBGU/Documents/seadroid/app/src/main/java/com/seafile/seadroid2/framework/util/Objs.kt:203:46 Unresolved reference 'PermissionWrapperModel'.
e: file:///Users/HONGBGU/Documents/seadroid/app/src/main/java/com/seafile/seadroid2/framework/util/Objs.kt:203:72 Unresolved reference 'SingleSource'.
e: file:///Users/HONGBGU/Documents/seadroid/app/src/main/java/com/seafile/seadroid2/framework/util/Objs.kt:203:85 Unresolved reference 'PermissionEntity'.
e: file:///Users/HONGBGU/Documents/seadroid/app/src/main/java/com/seafile/seadroid2/framework/util/Objs.kt:204:58 Unresolved reference 'permission'.
e: file:///Users/HONGBGU/Documents/seadroid/app/src/main/java/com/seafile/seadroid2/framework/util/Objs.kt:205:28 Unresolved reference 'Single'.
e: file:///Users/HONGBGU/Documents/seadroid/app/src/main/java/com/seafile/seadroid2/framework/util/Objs.kt:205:40 Unresolved reference 'PermissionEntity'.
e: file:///Users/HONGBGU/Documents/seadroid/app/src/main/java/com/seafile/seadroid2/framework/util/Objs.kt:205:59 Unresolved reference 'PermissionEntity'.
e: file:///Users/HONGBGU/Documents/seadroid/app/src/main/java/com/seafile/seadroid2/framework/util/Objs.kt:208:24 Unresolved reference 'Single'.
e: file:///Users/HONGBGU/Documents/seadroid/app/src/main/java/com/seafile/seadroid2/framework/util/Objs.kt:208:38 Unresolved reference 'PermissionEntity'.
e: file:///Users/HONGBGU/Documents/seadroid/app/src/main/java/com/seafile/seadroid2/framework/util/Objs.kt:209:21 Unresolved reference 'SingleOnSubscribe'.
e: file:///Users/HONGBGU/Documents/seadroid/app/src/main/java/com/seafile/seadroid2/framework/util/Objs.kt:209:39 Unresolved reference 'PermissionEntity'.
e: file:///Users/HONGBGU/Documents/seadroid/app/src/main/java/com/seafile/seadroid2/framework/util/Objs.kt:211:21 'subscribe' overrides nothing.
e: file:///Users/HONGBGU/Documents/seadroid/app/src/main/java/com/seafile/seadroid2/framework/util/Objs.kt:211:53 Unresolved reference 'SingleEmitter'.
e: file:///Users/HONGBGU/Documents/seadroid/app/src/main/java/com/seafile/seadroid2/framework/util/Objs.kt:211:67 Unresolved reference 'PermissionEntity'.
e: file:///Users/HONGBGU/Documents/seadroid/app/src/main/java/com/seafile/seadroid2/framework/util/Objs.kt:212:41 Unresolved reference 'PermissionEntity'.
e: file:///Users/HONGBGU/Documents/seadroid/app/src/main/java/com/seafile/seadroid2/framework/util/Objs.kt:213:29 Unresolved reference 'PermissionEntity'.
e: file:///Users/HONGBGU/Documents/seadroid/app/src/main/java/com/seafile/seadroid2/framework/util/Objs.kt:213:67 Unresolved reference 'permission'.
e: file:///Users/HONGBGU/Documents/seadroid/app/src/main/java/com/seafile/seadroid2/framework/util/Objs.kt:214:25 Unresolved reference 'AppDatabase'.
e: file:///Users/HONGBGU/Documents/seadroid/app/src/main/java/com/seafile/seadroid2/framework/util/Objs.kt:215:33 Not enough information to infer type argument for 'T'.
e: file:///Users/HONGBGU/Documents/seadroid/app/src/main/java/com/seafile/seadroid2/framework/util/Objs.kt:224:27 Unresolved reference 'RepoModel'.
e: file:///Users/HONGBGU/Documents/seadroid/app/src/main/java/com/seafile/seadroid2/framework/util/Objs.kt:227:20 Unresolved reference 'BaseModel'.
e: file:///Users/HONGBGU/Documents/seadroid/app/src/main/java/com/seafile/seadroid2/framework/util/Objs.kt:228:31 Unresolved reference 'RepoModel'.
e: file:///Users/HONGBGU/Documents/seadroid/app/src/main/java/com/seafile/seadroid2/framework/util/Objs.kt:230:34 Unresolved reference 'BaseModel'.
e: file:///Users/HONGBGU/Documents/seadroid/app/src/main/java/com/seafile/seadroid2/framework/util/Objs.kt:235:45 Unresolved reference 'RepoModel'.
e: file:///Users/HONGBGU/Documents/seadroid/app/src/main/java/com/seafile/seadroid2/framework/util/Objs.kt:235:62 Unresolved reference 'encrypted'.
e: file:///Users/HONGBGU/Documents/seadroid/app/src/main/java/com/seafile/seadroid2/framework/util/Objs.kt:235:77 Unresolved reference 'hasWritePermission'.
e: file:///Users/HONGBGU/Documents/seadroid/app/src/main/java/com/seafile/seadroid2/framework/util/Objs.kt:237:25 Argument type mismatch: actual type is 'java.util.stream.Collector<T!, CapturedType(*), kotlin.collections.(Mutable)List<T!>!>!', but 'java.util.stream.Collector<in ERROR CLASS: Symbol not found for RepoModel, A!, R!>!' was expected.
e: file:///Users/HONGBGU/Documents/seadroid/app/src/main/java/com/seafile/seadroid2/framework/util/Objs.kt:241:36 Unresolved reference 'BaseModel'.
e: file:///Users/HONGBGU/Documents/seadroid/app/src/main/java/com/seafile/seadroid2/framework/util/Objs.kt:241:79 Unresolved reference 'BaseModel'.
e: file:///Users/HONGBGU/Documents/seadroid/app/src/main/java/com/seafile/seadroid2/framework/util/Objs.kt:243:50 Unresolved reference 'RepoModel'.
e: file:///Users/HONGBGU/Documents/seadroid/app/src/main/java/com/seafile/seadroid2/framework/util/Objs.kt:243:80 Argument type mismatch: actual type is 'kotlin.collections.MutableList<ERROR CLASS: Symbol not found for RepoModel>?', but 'kotlin.collections.MutableList<ERROR CLASS: Symbol not found for RepoModel>' was expected.
e: file:///Users/HONGBGU/Documents/seadroid/app/src/main/java/com/seafile/seadroid2/framework/util/Objs.kt:247:42 Unresolved reference 'RepoModel'.
e: file:///Users/HONGBGU/Documents/seadroid/app/src/main/java/com/seafile/seadroid2/framework/util/Objs.kt:248:45 Unresolved reference 'RepoModel'.
e: file:///Users/HONGBGU/Documents/seadroid/app/src/main/java/com/seafile/seadroid2/framework/util/Objs.kt:248:61 Unresolved reference 'starred'.
e: file:///Users/HONGBGU/Documents/seadroid/app/src/main/java/com/seafile/seadroid2/framework/util/Objs.kt:249:21 Argument type mismatch: actual type is 'java.util.stream.Collector<T!, CapturedType(*), kotlin.collections.(Mutable)List<T!>!>!', but 'java.util.stream.Collector<in ERROR CLASS: Symbol not found for RepoModel, A!, R!>!' was expected.
e: file:///Users/HONGBGU/Documents/seadroid/app/src/main/java/com/seafile/seadroid2/framework/util/Objs.kt:252:46 Unresolved reference 'RepoModel'.
e: file:///Users/HONGBGU/Documents/seadroid/app/src/main/java/com/seafile/seadroid2/framework/util/Objs.kt:252:69 Unresolved reference 'RepoModel'.
e: file:///Users/HONGBGU/Documents/seadroid/app/src/main/java/com/seafile/seadroid2/framework/util/Objs.kt:254:28 Unresolved reference 'RepoModel'.
e: file:///Users/HONGBGU/Documents/seadroid/app/src/main/java/com/seafile/seadroid2/framework/util/Objs.kt:255:25 Unresolved reference 'CloneUtils'.
e: file:///Users/HONGBGU/Documents/seadroid/app/src/main/java/com/seafile/seadroid2/framework/util/Objs.kt:255:46 Unresolved reference 'RepoModel'.
e: file:///Users/HONGBGU/Documents/seadroid/app/src/main/java/com/seafile/seadroid2/framework/util/Objs.kt:255:69 Unresolved reference 'RepoModel'.
e: file:///Users/HONGBGU/Documents/seadroid/app/src/main/java/com/seafile/seadroid2/framework/util/Objs.kt:255:86 Unresolved reference. None of the following candidates is applicable because of a receiver type mismatch:
val <T> KClass<T>.java: Class<T>
e: file:///Users/HONGBGU/Documents/seadroid/app/src/main/java/com/seafile/seadroid2/framework/util/Objs.kt:259:40 Unresolved reference 'RepoModel'.
e: file:///Users/HONGBGU/Documents/seadroid/app/src/main/java/com/seafile/seadroid2/framework/util/Objs.kt:260:37 Unresolved reference 'GroupItemModel'.
e: file:///Users/HONGBGU/Documents/seadroid/app/src/main/java/com/seafile/seadroid2/framework/util/Objs.kt:260:54 Unresolved reference 'GroupItemModel'.
e: file:///Users/HONGBGU/Documents/seadroid/app/src/main/java/com/seafile/seadroid2/framework/util/Objs.kt:260:69 Unresolved reference 'R'.
e: file:///Users/HONGBGU/Documents/seadroid/app/src/main/java/com/seafile/seadroid2/framework/util/Objs.kt:263:23 Unresolved reference 'group_name'.
e: file:///Users/HONGBGU/Documents/seadroid/app/src/main/java/com/seafile/seadroid2/framework/util/Objs.kt:263:51 Unresolved reference 'getTitle'.
e: file:///Users/HONGBGU/Documents/seadroid/app/src/main/java/com/seafile/seadroid2/framework/util/Objs.kt:264:23 Unresolved reference 'group_id'.
e: file:///Users/HONGBGU/Documents/seadroid/app/src/main/java/com/seafile/seadroid2/framework/util/Objs.kt:267:32 Unresolved reference 'addAllRepoList'.
e: file:///Users/HONGBGU/Documents/seadroid/app/src/main/java/com/seafile/seadroid2/framework/util/Objs.kt:274:35 Unresolved reference 'RepoModel'.
e: file:///Users/HONGBGU/Documents/seadroid/app/src/main/java/com/seafile/seadroid2/framework/util/Objs.kt:274:61 Unresolved reference 'RepoType'.
e: file:///Users/HONGBGU/Documents/seadroid/app/src/main/java/com/seafile/seadroid2/framework/util/Objs.kt:276:41 Unresolved reference 'RepoModel'.
e: file:///Users/HONGBGU/Documents/seadroid/app/src/main/java/com/seafile/seadroid2/framework/util/Objs.kt:276:69 Argument type mismatch: actual type is 'kotlin.collections.MutableList<ERROR CLASS: Symbol not found for RepoModel>?', but 'kotlin.collections.MutableList<ERROR CLASS: Symbol not found for RepoModel>' was expected.
e: file:///Users/HONGBGU/Documents/seadroid/app/src/main/java/com/seafile/seadroid2/framework/util/Objs.kt:277:27 Unresolved reference 'GroupItemModel'.
e: file:///Users/HONGBGU/Documents/seadroid/app/src/main/java/com/seafile/seadroid2/framework/util/Objs.kt:277:42 Unresolved reference 'R'.
e: file:///Users/HONGBGU/Documents/seadroid/app/src/main/java/com/seafile/seadroid2/framework/util/Objs.kt:282:37 Unresolved reference 'RepoModel'.
e: file:///Users/HONGBGU/Documents/seadroid/app/src/main/java/com/seafile/seadroid2/framework/util/Objs.kt:282:63 Unresolved reference 'RepoType'.
e: file:///Users/HONGBGU/Documents/seadroid/app/src/main/java/com/seafile/seadroid2/framework/util/Objs.kt:284:41 Unresolved reference 'RepoModel'.
e: file:///Users/HONGBGU/Documents/seadroid/app/src/main/java/com/seafile/seadroid2/framework/util/Objs.kt:284:69 Argument type mismatch: actual type is 'kotlin.collections.MutableList<ERROR CLASS: Symbol not found for RepoModel>?', but 'kotlin.collections.MutableList<ERROR CLASS: Symbol not found for RepoModel>' was expected.
e: file:///Users/HONGBGU/Documents/seadroid/app/src/main/java/com/seafile/seadroid2/framework/util/Objs.kt:285:27 Unresolved reference 'GroupItemModel'.
e: file:///Users/HONGBGU/Documents/seadroid/app/src/main/java/com/seafile/seadroid2/framework/util/Objs.kt:285:42 Unresolved reference 'R'.
e: file:///Users/HONGBGU/Documents/seadroid/app/src/main/java/com/seafile/seadroid2/framework/util/Objs.kt:291:37 Unresolved reference 'RepoModel'.
e: file:///Users/HONGBGU/Documents/seadroid/app/src/main/java/com/seafile/seadroid2/framework/util/Objs.kt:291:63 Unresolved reference 'RepoType'.
e: file:///Users/HONGBGU/Documents/seadroid/app/src/main/java/com/seafile/seadroid2/framework/util/Objs.kt:293:41 Unresolved reference 'RepoModel'.
e: file:///Users/HONGBGU/Documents/seadroid/app/src/main/java/com/seafile/seadroid2/framework/util/Objs.kt:293:69 Argument type mismatch: actual type is 'kotlin.collections.MutableList<ERROR CLASS: Symbol not found for RepoModel>?', but 'kotlin.collections.MutableList<ERROR CLASS: Symbol not found for RepoModel>' was expected.
e: file:///Users/HONGBGU/Documents/seadroid/app/src/main/java/com/seafile/seadroid2/framework/util/Objs.kt:294:27 Unresolved reference 'GroupItemModel'.
e: file:///Users/HONGBGU/Documents/seadroid/app/src/main/java/com/seafile/seadroid2/framework/util/Objs.kt:294:42 Unresolved reference 'R'.
e: file:///Users/HONGBGU/Documents/seadroid/app/src/main/java/com/seafile/seadroid2/framework/util/Objs.kt:299:17 Unresolved reference 'TextUtils'.
e: file:///Users/HONGBGU/Documents/seadroid/app/src/main/java/com/seafile/seadroid2/framework/util/Objs.kt:299:39 Unresolved reference 'RepoType'.
e: file:///Users/HONGBGU/Documents/seadroid/app/src/main/java/com/seafile/seadroid2/framework/util/Objs.kt:300:24 Unresolved reference 'TextUtils'.
e: file:///Users/HONGBGU/Documents/seadroid/app/src/main/java/com/seafile/seadroid2/framework/util/Objs.kt:300:46 Unresolved reference 'RepoType'.
e: file:///Users/HONGBGU/Documents/seadroid/app/src/main/java/com/seafile/seadroid2/framework/util/Objs.kt:301:24 Unresolved reference 'TextUtils'.
e: file:///Users/HONGBGU/Documents/seadroid/app/src/main/java/com/seafile/seadroid2/framework/util/Objs.kt:301:46 Unresolved reference 'RepoType'.
e: file:///Users/HONGBGU/Documents/seadroid/app/src/main/java/com/seafile/seadroid2/framework/util/Objs.kt:303:44 Unresolved reference 'RepoModel'.
e: file:///Users/HONGBGU/Documents/seadroid/app/src/main/java/com/seafile/seadroid2/framework/util/Objs.kt:305:49 Unresolved reference 'RepoModel'.
e: file:///Users/HONGBGU/Documents/seadroid/app/src/main/java/com/seafile/seadroid2/framework/util/Objs.kt:305:77 Argument type mismatch: actual type is 'kotlin.collections.MutableList<ERROR CLASS: Symbol not found for RepoModel>?', but 'kotlin.collections.MutableList<ERROR CLASS: Symbol not found for RepoModel>' was expected.
e: file:///Users/HONGBGU/Documents/seadroid/app/src/main/java/com/seafile/seadroid2/framework/util/Objs.kt:306:35 Unresolved reference 'GroupItemModel'.
e: file:///Users/HONGBGU/Documents/seadroid/app/src/main/java/com/seafile/seadroid2/framework/util/Objs.kt:315:46 Unresolved reference 'RepoModel'.
e: file:///Users/HONGBGU/Documents/seadroid/app/src/main/java/com/seafile/seadroid2/framework/util/Objs.kt:315:71 Unresolved reference 'RepoModel'.
e: file:///Users/HONGBGU/Documents/seadroid/app/src/main/java/com/seafile/seadroid2/framework/util/Objs.kt:316:35 Unresolved reference 'RepoModel'.
e: file:///Users/HONGBGU/Documents/seadroid/app/src/main/java/com/seafile/seadroid2/framework/util/Objs.kt:316:58 Unresolved reference 'RepoModel'.
e: file:///Users/HONGBGU/Documents/seadroid/app/src/main/java/com/seafile/seadroid2/framework/util/Objs.kt:318:17 Unresolved reference 'SortBy'.
e: file:///Users/HONGBGU/Documents/seadroid/app/src/main/java/com/seafile/seadroid2/framework/util/Objs.kt:319:36 Initializer type mismatch: expected 'kotlin.Boolean', actual 'kotlin.Boolean?'.
e: file:///Users/HONGBGU/Documents/seadroid/app/src/main/java/com/seafile/seadroid2/framework/util/Objs.kt:319:36 Type mismatch: inferred type is 'kotlin.Boolean?', but 'kotlin.Boolean' was expected.
e: file:///Users/HONGBGU/Documents/seadroid/app/src/main/java/com/seafile/seadroid2/framework/util/Objs.kt:321:13 Unresolved reference 'SortBy'.
e: file:///Users/HONGBGU/Documents/seadroid/app/src/main/java/com/seafile/seadroid2/framework/util/Objs.kt:324:43 Unresolved reference 'RepoNaturalOrderComparator'.
e: file:///Users/HONGBGU/Documents/seadroid/app/src/main/java/com/seafile/seadroid2/framework/util/Objs.kt:324:81 Argument type mismatch: actual type is 'java.util.stream.Collector<T!, CapturedType(*), kotlin.collections.(Mutable)List<T!>!>!', but 'java.util.stream.Collector<in ERROR CLASS: Symbol not found for RepoModel, A!, R!>!' was expected.
e: file:///Users/HONGBGU/Documents/seadroid/app/src/main/java/com/seafile/seadroid2/framework/util/Objs.kt:326:50 Unresolved reference 'RepoNaturalOrderComparator'.
e: file:///Users/HONGBGU/Documents/seadroid/app/src/main/java/com/seafile/seadroid2/framework/util/Objs.kt:327:21 Argument type mismatch: actual type is 'java.util.stream.Collector<T!, CapturedType(*), kotlin.collections.(Mutable)List<T!>!>!', but 'java.util.stream.Collector<in ERROR CLASS: Symbol not found for RepoModel, A!, R!>!' was expected.
e: file:///Users/HONGBGU/Documents/seadroid/app/src/main/java/com/seafile/seadroid2/framework/util/Objs.kt:330:20 Unresolved reference 'SortBy'.
e: file:///Users/HONGBGU/Documents/seadroid/app/src/main/java/com/seafile/seadroid2/framework/util/Objs.kt:332:20 Unresolved reference 'SortBy'.
e: file:///Users/HONGBGU/Documents/seadroid/app/src/main/java/com/seafile/seadroid2/framework/util/Objs.kt:333:46 Class '<anonymous>' is not abstract and does not implement abstract member 'compare'.
e: file:///Users/HONGBGU/Documents/seadroid/app/src/main/java/com/seafile/seadroid2/framework/util/Objs.kt:333:66 Unresolved reference 'RepoModel'.
e: file:///Users/HONGBGU/Documents/seadroid/app/src/main/java/com/seafile/seadroid2/framework/util/Objs.kt:334:17 'compare' overrides nothing.
e: file:///Users/HONGBGU/Documents/seadroid/app/src/main/java/com/seafile/seadroid2/framework/util/Objs.kt:334:42 Unresolved reference 'RepoModel'.
e: file:///Users/HONGBGU/Documents/seadroid/app/src/main/java/com/seafile/seadroid2/framework/util/Objs.kt:334:57 Unresolved reference 'RepoModel'.
e: file:///Users/HONGBGU/Documents/seadroid/app/src/main/java/com/seafile/seadroid2/framework/util/Objs.kt:336:48 Unresolved reference 'size'.
e: file:///Users/HONGBGU/Documents/seadroid/app/src/main/java/com/seafile/seadroid2/framework/util/Objs.kt:336:57 Unresolved reference 'size'.
e: file:///Users/HONGBGU/Documents/seadroid/app/src/main/java/com/seafile/seadroid2/framework/util/Objs.kt:338:45 Unresolved reference 'size'.
e: file:///Users/HONGBGU/Documents/seadroid/app/src/main/java/com/seafile/seadroid2/framework/util/Objs.kt:338:54 Unresolved reference 'size'.
e: file:///Users/HONGBGU/Documents/seadroid/app/src/main/java/com/seafile/seadroid2/framework/util/Objs.kt:340:24 Argument type mismatch: actual type is 'java.util.stream.Collector<T!, CapturedType(*), kotlin.collections.(Mutable)List<T!>!>!', but 'java.util.stream.Collector<in ERROR CLASS: Symbol not found for RepoModel, A!, R!>!' was expected.
e: file:///Users/HONGBGU/Documents/seadroid/app/src/main/java/com/seafile/seadroid2/framework/util/Objs.kt:341:20 Unresolved reference 'SortBy'.
e: file:///Users/HONGBGU/Documents/seadroid/app/src/main/java/com/seafile/seadroid2/framework/util/Objs.kt:342:46 Class '<anonymous>' is not abstract and does not implement abstract member 'compare'.
e: file:///Users/HONGBGU/Documents/seadroid/app/src/main/java/com/seafile/seadroid2/framework/util/Objs.kt:342:66 Unresolved reference 'RepoModel'.
e: file:///Users/HONGBGU/Documents/seadroid/app/src/main/java/com/seafile/seadroid2/framework/util/Objs.kt:343:17 'compare' overrides nothing.
e: file:///Users/HONGBGU/Documents/seadroid/app/src/main/java/com/seafile/seadroid2/framework/util/Objs.kt:343:42 Unresolved reference 'RepoModel'.
e: file:///Users/HONGBGU/Documents/seadroid/app/src/main/java/com/seafile/seadroid2/framework/util/Objs.kt:343:57 Unresolved reference 'RepoModel'.
e: file:///Users/HONGBGU/Documents/seadroid/app/src/main/java/com/seafile/seadroid2/framework/util/Objs.kt:345:48 Unresolved reference 'last_modified_long'.
e: file:///Users/HONGBGU/Documents/seadroid/app/src/main/java/com/seafile/seadroid2/framework/util/Objs.kt:345:71 Unresolved reference 'last_modified_long'.
e: file:///Users/HONGBGU/Documents/seadroid/app/src/main/java/com/seafile/seadroid2/framework/util/Objs.kt:347:45 Unresolved reference 'last_modified_long'.
e: file:///Users/HONGBGU/Documents/seadroid/app/src/main/java/com/seafile/seadroid2/framework/util/Objs.kt:347:68 Unresolved reference 'last_modified_long'.
e: file:///Users/HONGBGU/Documents/seadroid/app/src/main/java/com/seafile/seadroid2/framework/util/Objs.kt:349:24 Argument type mismatch: actual type is 'java.util.stream.Collector<T!, CapturedType(*), kotlin.collections.(Mutable)List<T!>!>!', but 'java.util.stream.Collector<in ERROR CLASS: Symbol not found for RepoModel, A!, R!>!' was expected.
e: file:///Users/HONGBGU/Documents/seadroid/app/src/main/java/com/seafile/seadroid2/framework/util/Objs.kt:355:29 Unresolved reference 'item_position'.
e: file:///Users/HONGBGU/Documents/seadroid/app/src/main/java/com/seafile/seadroid2/framework/util/Objs.kt:355:45 Unresolved reference 'ItemPositionEnum'.
e: file:///Users/HONGBGU/Documents/seadroid/app/src/main/java/com/seafile/seadroid2/framework/util/Objs.kt:357:29 Unresolved reference 'item_position'.
e: file:///Users/HONGBGU/Documents/seadroid/app/src/main/java/com/seafile/seadroid2/framework/util/Objs.kt:357:45 Unresolved reference 'ItemPositionEnum'.
e: file:///Users/HONGBGU/Documents/seadroid/app/src/main/java/com/seafile/seadroid2/framework/util/Objs.kt:358:45 Unresolved reference 'item_position'.
e: file:///Users/HONGBGU/Documents/seadroid/app/src/main/java/com/seafile/seadroid2/framework/util/Objs.kt:358:61 Unresolved reference 'ItemPositionEnum'.
e: file:///Users/HONGBGU/Documents/seadroid/app/src/main/java/com/seafile/seadroid2/framework/util/Objs.kt:363:47 Unresolved reference 'RepoModel'.
e: file:///Users/HONGBGU/Documents/seadroid/app/src/main/java/com/seafile/seadroid2/framework/util/Objs.kt:363:88 Unresolved reference 'RepoModel'.
e: file:///Users/HONGBGU/Documents/seadroid/app/src/main/java/com/seafile/seadroid2/framework/util/Objs.kt:364:46 Unresolved reference 'RepoModel'.
e: file:///Users/HONGBGU/Documents/seadroid/app/src/main/java/com/seafile/seadroid2/framework/util/Objs.kt:364:88 Unresolved reference 'RepoModel'.
e: file:///Users/HONGBGU/Documents/seadroid/app/src/main/java/com/seafile/seadroid2/framework/util/Objs.kt:366:17 Unresolved reference 'TextUtils'.
e: file:///Users/HONGBGU/Documents/seadroid/app/src/main/java/com/seafile/seadroid2/framework/util/Objs.kt:366:39 Unresolved reference 'type'.
e: file:///Users/HONGBGU/Documents/seadroid/app/src/main/java/com/seafile/seadroid2/framework/util/Objs.kt:366:45 Unresolved reference 'RepoType'.
e: file:///Users/HONGBGU/Documents/seadroid/app/src/main/java/com/seafile/seadroid2/framework/util/Objs.kt:367:26 Unresolved reference 'group_name'.
e: file:///Users/HONGBGU/Documents/seadroid/app/src/main/java/com/seafile/seadroid2/framework/util/Objs.kt:368:26 Unresolved reference 'group_name'.
e: file:///Users/HONGBGU/Documents/seadroid/app/src/main/java/com/seafile/seadroid2/framework/util/Objs.kt:370:36 Unresolved reference 'RepoModel'.
e: file:///Users/HONGBGU/Documents/seadroid/app/src/main/java/com/seafile/seadroid2/framework/util/Objs.kt:371:46 Unresolved reference 'group_name'.
e: file:///Users/HONGBGU/Documents/seadroid/app/src/main/java/com/seafile/seadroid2/framework/util/Objs.kt:371:74 Unresolved reference 'Lists'.
e: file:///Users/HONGBGU/Documents/seadroid/app/src/main/java/com/seafile/seadroid2/framework/util/Objs.kt:371:93 Unresolved reference 'RepoModel'.
e: file:///Users/HONGBGU/Documents/seadroid/app/src/main/java/com/seafile/seadroid2/framework/util/Objs.kt:374:36 Unresolved reference 'RepoModel'.
e: file:///Users/HONGBGU/Documents/seadroid/app/src/main/java/com/seafile/seadroid2/framework/util/Objs.kt:375:46 Unresolved reference 'type'.
e: file:///Users/HONGBGU/Documents/seadroid/app/src/main/java/com/seafile/seadroid2/framework/util/Objs.kt:375:68 Unresolved reference 'Lists'.
e: file:///Users/HONGBGU/Documents/seadroid/app/src/main/java/com/seafile/seadroid2/framework/util/Objs.kt:375:87 Unresolved reference 'RepoModel'.
e: file:///Users/HONGBGU/Documents/seadroid/app/src/main/java/com/seafile/seadroid2/framework/util/Objs.kt:389:8 Unresolved reference 'Single'.
e: file:///Users/HONGBGU/Documents/seadroid/app/src/main/java/com/seafile/seadroid2/framework/util/Objs.kt:389:27 Unresolved reference 'DirentModel'.
e: file:///Users/HONGBGU/Documents/seadroid/app/src/main/java/com/seafile/seadroid2/framework/util/Objs.kt:390:24 Unresolved reference 'Single'.
e: file:///Users/HONGBGU/Documents/seadroid/app/src/main/java/com/seafile/seadroid2/framework/util/Objs.kt:390:31 Unresolved reference 'DirentWrapperModel'.
e: file:///Users/HONGBGU/Documents/seadroid/app/src/main/java/com/seafile/seadroid2/framework/util/Objs.kt:390:54 Unresolved reference 'HttpIO'.
e: file:///Users/HONGBGU/Documents/seadroid/app/src/main/java/com/seafile/seadroid2/framework/util/Objs.kt:391:22 Unresolved reference 'RepoService'.
e: file:///Users/HONGBGU/Documents/seadroid/app/src/main/java/com/seafile/seadroid2/framework/util/Objs.kt:391:36 Unresolved reference 'RepoService'.
e: file:///Users/HONGBGU/Documents/seadroid/app/src/main/java/com/seafile/seadroid2/framework/util/Objs.kt:391:55 Unresolved reference. None of the following candidates is applicable because of a receiver type mismatch:
val <T> KClass<T>.java: Class<T>
e: file:///Users/HONGBGU/Documents/seadroid/app/src/main/java/com/seafile/seadroid2/framework/util/Objs.kt:392:26 None of the following candidates is applicable:
fun <T, R> Array<out T>.flatMap(transform: (T) -> Iterable<R>): List<R>
fun <R> BooleanArray.flatMap(transform: (Boolean) -> Iterable<R>): List<R>
fun <R> ByteArray.flatMap(transform: (Byte) -> Iterable<R>): List<R>
fun <R> CharArray.flatMap(transform: (Char) -> Iterable<R>): List<R>
fun <R> DoubleArray.flatMap(transform: (Double) -> Iterable<R>): List<R>
fun <R> FloatArray.flatMap(transform: (Float) -> Iterable<R>): List<R>
fun <R> IntArray.flatMap(transform: (Int) -> Iterable<R>): List<R>
fun <R> LongArray.flatMap(transform: (Long) -> Iterable<R>): List<R>
fun <R> ShortArray.flatMap(transform: (Short) -> Iterable<R>): List<R>
fun <T, R> Iterable<T>.flatMap(transform: (T) -> Iterable<R>): List<R>
fun <K, V, R> Map<out K, V>.flatMap(transform: (Map.Entry<K, V>) -> Iterable<R>): List<R>
@SinceKotlin(...) @ExperimentalUnsignedTypes() @InlineOnly() fun <R> UByteArray.flatMap(transform: (UByte) -> Iterable<R>): List<R>
@SinceKotlin(...) @ExperimentalUnsignedTypes() @InlineOnly() fun <R> UIntArray.flatMap(transform: (UInt) -> Iterable<R>): List<R>
@SinceKotlin(...) @ExperimentalUnsignedTypes() @InlineOnly() fun <R> ULongArray.flatMap(transform: (ULong) -> Iterable<R>): List<R>
@SinceKotlin(...) @ExperimentalUnsignedTypes() @InlineOnly() fun <R> UShortArray.flatMap(transform: (UShort) -> Iterable<R>): List<R>
fun <T, R> Sequence<T>.flatMap(transform: (T) -> Sequence<R>): Sequence<R>
fun <R> CharSequence.flatMap(transform: (Char) -> Iterable<R>): List<R>
e: file:///Users/HONGBGU/Documents/seadroid/app/src/main/java/com/seafile/seadroid2/framework/util/Objs.kt:392:46 Unresolved reference 'DirentModel'.
e: file:///Users/HONGBGU/Documents/seadroid/app/src/main/java/com/seafile/seadroid2/framework/util/Objs.kt:392:62 Class '<anonymous>' is not abstract and does not implement abstract member 'apply'.
e: file:///Users/HONGBGU/Documents/seadroid/app/src/main/java/com/seafile/seadroid2/framework/util/Objs.kt:393:22 Unresolved reference 'DirentWrapperModel'.
e: file:///Users/HONGBGU/Documents/seadroid/app/src/main/java/com/seafile/seadroid2/framework/util/Objs.kt:393:43 Unresolved reference 'SingleSource'.
e: file:///Users/HONGBGU/Documents/seadroid/app/src/main/java/com/seafile/seadroid2/framework/util/Objs.kt:393:68 Unresolved reference 'DirentModel'.
e: file:///Users/HONGBGU/Documents/seadroid/app/src/main/java/com/seafile/seadroid2/framework/util/Objs.kt:395:13 'apply' overrides nothing.
e: file:///Users/HONGBGU/Documents/seadroid/app/src/main/java/com/seafile/seadroid2/framework/util/Objs.kt:395:52 Unresolved reference 'DirentWrapperModel'.
e: file:///Users/HONGBGU/Documents/seadroid/app/src/main/java/com/seafile/seadroid2/framework/util/Objs.kt:395:73 Unresolved reference 'SingleSource'.
e: file:///Users/HONGBGU/Documents/seadroid/app/src/main/java/com/seafile/seadroid2/framework/util/Objs.kt:395:98 Unresolved reference 'DirentModel'.
e: file:///Users/HONGBGU/Documents/seadroid/app/src/main/java/com/seafile/seadroid2/framework/util/Objs.kt:396:24 Unresolved reference 'Single'.
e: file:///Users/HONGBGU/Documents/seadroid/app/src/main/java/com/seafile/seadroid2/framework/util/Objs.kt:396:50 Unresolved reference 'DirentModel'.
e: file:///Users/HONGBGU/Documents/seadroid/app/src/main/java/com/seafile/seadroid2/framework/util/Objs.kt:397:21 Unresolved reference 'SingleOnSubscribe'.
e: file:///Users/HONGBGU/Documents/seadroid/app/src/main/java/com/seafile/seadroid2/framework/util/Objs.kt:397:51 Unresolved reference 'DirentModel'.
e: file:///Users/HONGBGU/Documents/seadroid/app/src/main/java/com/seafile/seadroid2/framework/util/Objs.kt:399:21 'subscribe' overrides nothing.
e: file:///Users/HONGBGU/Documents/seadroid/app/src/main/java/com/seafile/seadroid2/framework/util/Objs.kt:399:53 Unresolved reference 'SingleEmitter'.
e: file:///Users/HONGBGU/Documents/seadroid/app/src/main/java/com/seafile/seadroid2/framework/util/Objs.kt:399:79 Unresolved reference 'DirentModel'.
e: file:///Users/HONGBGU/Documents/seadroid/app/src/main/java/com/seafile/seadroid2/framework/util/Objs.kt:400:37 Unresolved reference 'isDisposed'.
e: file:///Users/HONGBGU/Documents/seadroid/app/src/main/java/com/seafile/seadroid2/framework/util/Objs.kt:403:47 Unresolved reference 'DirentModel'.
e: file:///Users/HONGBGU/Documents/seadroid/app/src/main/java/com/seafile/seadroid2/framework/util/Objs.kt:404:48 Unresolved reference 'dirent_list'.
e: file:///Users/HONGBGU/Documents/seadroid/app/src/main/java/com/seafile/seadroid2/framework/util/Objs.kt:405:48 Unresolved reference 'dir_id'.
e: file:///Users/HONGBGU/Documents/seadroid/app/src/main/java/com/seafile/seadroid2/framework/util/Objs.kt:410:43 Argument type mismatch: actual type is 'kotlin.collections.MutableList<ERROR CLASS: Symbol not found for DirentModel?>', but 'kotlin.Function1<@ParameterName(...) T, kotlin.Unit>' was expected.
e: file:///Users/HONGBGU/Documents/seadroid/app/src/main/java/com/seafile/seadroid2/framework/util/Objs.kt:414:12 None of the following candidates is applicable:
fun <T, R> Array<out T>.flatMap(transform: (T) -> Iterable<R>): List<R>
fun <R> BooleanArray.flatMap(transform: (Boolean) -> Iterable<R>): List<R>
fun <R> ByteArray.flatMap(transform: (Byte) -> Iterable<R>): List<R>
fun <R> CharArray.flatMap(transform: (Char) -> Iterable<R>): List<R>
fun <R> DoubleArray.flatMap(transform: (Double) -> Iterable<R>): List<R>
fun <R> FloatArray.flatMap(transform: (Float) -> Iterable<R>): List<R>
fun <R> IntArray.flatMap(transform: (Int) -> Iterable<R>): List<R>
fun <R> LongArray.flatMap(transform: (Long) -> Iterable<R>): List<R>
fun <R> ShortArray.flatMap(transform: (Short) -> Iterable<R>): List<R>
fun <T, R> Iterable<T>.flatMap(transform: (T) -> Iterable<R>): List<R>
fun <K, V, R> Map<out K, V>.flatMap(transform: (Map.Entry<K, V>) -> Iterable<R>): List<R>
@SinceKotlin(...) @ExperimentalUnsignedTypes() @InlineOnly() fun <R> UByteArray.flatMap(transform: (UByte) -> Iterable<R>): List<R>
@SinceKotlin(...) @ExperimentalUnsignedTypes() @InlineOnly() fun <R> UIntArray.flatMap(transform: (UInt) -> Iterable<R>): List<R>
@SinceKotlin(...) @ExperimentalUnsignedTypes() @InlineOnly() fun <R> ULongArray.flatMap(transform: (ULong) -> Iterable<R>): List<R>
@SinceKotlin(...) @ExperimentalUnsignedTypes() @InlineOnly() fun <R> UShortArray.flatMap(transform: (UShort) -> Iterable<R>): List<R>
fun <T, R> Sequence<T>.flatMap(transform: (T) -> Sequence<R>): Sequence<R>
fun <R> CharSequence.flatMap(transform: (Char) -> Iterable<R>): List<R>
e: file:///Users/HONGBGU/Documents/seadroid/app/src/main/java/com/seafile/seadroid2/framework/util/Objs.kt:414:32 Unresolved reference 'DirentModel'.
e: file:///Users/HONGBGU/Documents/seadroid/app/src/main/java/com/seafile/seadroid2/framework/util/Objs.kt:414:48 Class '<anonymous>' is not abstract and does not implement abstract member 'apply'.
e: file:///Users/HONGBGU/Documents/seadroid/app/src/main/java/com/seafile/seadroid2/framework/util/Objs.kt:415:34 Unresolved reference 'DirentModel'.
e: file:///Users/HONGBGU/Documents/seadroid/app/src/main/java/com/seafile/seadroid2/framework/util/Objs.kt:415:50 Unresolved reference 'SingleSource'.
e: file:///Users/HONGBGU/Documents/seadroid/app/src/main/java/com/seafile/seadroid2/framework/util/Objs.kt:415:75 Unresolved reference 'DirentModel'.
e: file:///Users/HONGBGU/Documents/seadroid/app/src/main/java/com/seafile/seadroid2/framework/util/Objs.kt:417:13 'apply' overrides nothing.
e: file:///Users/HONGBGU/Documents/seadroid/app/src/main/java/com/seafile/seadroid2/framework/util/Objs.kt:417:55 Unresolved reference 'DirentModel'.
e: file:///Users/HONGBGU/Documents/seadroid/app/src/main/java/com/seafile/seadroid2/framework/util/Objs.kt:417:71 Unresolved reference 'SingleSource'.
e: file:///Users/HONGBGU/Documents/seadroid/app/src/main/java/com/seafile/seadroid2/framework/util/Objs.kt:417:96 Unresolved reference 'DirentModel'.
e: file:///Users/HONGBGU/Documents/seadroid/app/src/main/java/com/seafile/seadroid2/framework/util/Objs.kt:418:30 Unresolved reference 'Completable'.
e: file:///Users/HONGBGU/Documents/seadroid/app/src/main/java/com/seafile/seadroid2/framework/util/Objs.kt:418:44 Unresolved reference 'AppDatabase'.
e: file:///Users/HONGBGU/Documents/seadroid/app/src/main/java/com/seafile/seadroid2/framework/util/Objs.kt:420:44 Unresolved reference 'Single'.
e: file:///Users/HONGBGU/Documents/seadroid/app/src/main/java/com/seafile/seadroid2/framework/util/Objs.kt:421:29 Unresolved reference 'toSingleDefault'.
e: file:///Users/HONGBGU/Documents/seadroid/app/src/main/java/com/seafile/seadroid2/framework/util/Objs.kt:422:46 None of the following candidates is applicable:
fun <T, R> Array<out T>.flatMap(transform: (T) -> Iterable<R>): List<R>
fun <R> BooleanArray.flatMap(transform: (Boolean) -> Iterable<R>): List<R>
fun <R> ByteArray.flatMap(transform: (Byte) -> Iterable<R>): List<R>
fun <R> CharArray.flatMap(transform: (Char) -> Iterable<R>): List<R>
fun <R> DoubleArray.flatMap(transform: (Double) -> Iterable<R>): List<R>
fun <R> FloatArray.flatMap(transform: (Float) -> Iterable<R>): List<R>
fun <R> IntArray.flatMap(transform: (Int) -> Iterable<R>): List<R>
fun <R> LongArray.flatMap(transform: (Long) -> Iterable<R>): List<R>
fun <R> ShortArray.flatMap(transform: (Short) -> Iterable<R>): List<R>
fun <T, R> Iterable<T>.flatMap(transform: (T) -> Iterable<R>): List<R>
fun <K, V, R> Map<out K, V>.flatMap(transform: (Map.Entry<K, V>) -> Iterable<R>): List<R>
@SinceKotlin(...) @ExperimentalUnsignedTypes() @InlineOnly() fun <R> UByteArray.flatMap(transform: (UByte) -> Iterable<R>): List<R>
@SinceKotlin(...) @ExperimentalUnsignedTypes() @InlineOnly() fun <R> UIntArray.flatMap(transform: (UInt) -> Iterable<R>): List<R>
@SinceKotlin(...) @ExperimentalUnsignedTypes() @InlineOnly() fun <R> ULongArray.flatMap(transform: (ULong) -> Iterable<R>): List<R>
@SinceKotlin(...) @ExperimentalUnsignedTypes() @InlineOnly() fun <R> UShortArray.flatMap(transform: (UShort) -> Iterable<R>): List<R>
fun <T, R> Sequence<T>.flatMap(transform: (T) -> Sequence<R>): Sequence<R>
fun <R> CharSequence.flatMap(transform: (Char) -> Iterable<R>): List<R>
e: file:///Users/HONGBGU/Documents/seadroid/app/src/main/java/com/seafile/seadroid2/framework/util/Objs.kt:422:66 Unresolved reference 'DirentModel'.
e: file:///Users/HONGBGU/Documents/seadroid/app/src/main/java/com/seafile/seadroid2/framework/util/Objs.kt:422:82 Class '<anonymous>' is not abstract and does not implement abstract member 'apply'.
e: file:///Users/HONGBGU/Documents/seadroid/app/src/main/java/com/seafile/seadroid2/framework/util/Objs.kt:423:44 Unresolved reference 'SingleSource'.
e: file:///Users/HONGBGU/Documents/seadroid/app/src/main/java/com/seafile/seadroid2/framework/util/Objs.kt:423:69 Unresolved reference 'DirentModel'.
e: file:///Users/HONGBGU/Documents/seadroid/app/src/main/java/com/seafile/seadroid2/framework/util/Objs.kt:425:21 'apply' overrides nothing.
e: file:///Users/HONGBGU/Documents/seadroid/app/src/main/java/com/seafile/seadroid2/framework/util/Objs.kt:425:62 Unresolved reference 'SingleSource'.
e: file:///Users/HONGBGU/Documents/seadroid/app/src/main/java/com/seafile/seadroid2/framework/util/Objs.kt:425:87 Unresolved reference 'DirentModel'.
e: file:///Users/HONGBGU/Documents/seadroid/app/src/main/java/com/seafile/seadroid2/framework/util/Objs.kt:426:32 Unresolved reference 'Single'.
e: file:///Users/HONGBGU/Documents/seadroid/app/src/main/java/com/seafile/seadroid2/framework/util/Objs.kt:426:56 Unresolved reference 'DirentModel'.
e: file:///Users/HONGBGU/Documents/seadroid/app/src/main/java/com/seafile/seadroid2/framework/util/Objs.kt:430:12 None of the following candidates is applicable:
fun <T, R> Array<out T>.flatMap(transform: (T) -> Iterable<R>): List<R>
fun <R> BooleanArray.flatMap(transform: (Boolean) -> Iterable<R>): List<R>
fun <R> ByteArray.flatMap(transform: (Byte) -> Iterable<R>): List<R>
fun <R> CharArray.flatMap(transform: (Char) -> Iterable<R>): List<R>
fun <R> DoubleArray.flatMap(transform: (Double) -> Iterable<R>): List<R>
fun <R> FloatArray.flatMap(transform: (Float) -> Iterable<R>): List<R>
fun <R> IntArray.flatMap(transform: (Int) -> Iterable<R>): List<R>
fun <R> LongArray.flatMap(transform: (Long) -> Iterable<R>): List<R>
fun <R> ShortArray.flatMap(transform: (Short) -> Iterable<R>): List<R>
fun <T, R> Iterable<T>.flatMap(transform: (T) -> Iterable<R>): List<R>
fun <K, V, R> Map<out K, V>.flatMap(transform: (Map.Entry<K, V>) -> Iterable<R>): List<R>
@SinceKotlin(...) @ExperimentalUnsignedTypes() @InlineOnly() fun <R> UByteArray.flatMap(transform: (UByte) -> Iterable<R>): List<R>
@SinceKotlin(...) @ExperimentalUnsignedTypes() @InlineOnly() fun <R> UIntArray.flatMap(transform: (UInt) -> Iterable<R>): List<R>
@SinceKotlin(...) @ExperimentalUnsignedTypes() @InlineOnly() fun <R> ULongArray.flatMap(transform: (ULong) -> Iterable<R>): List<R>
@SinceKotlin(...) @ExperimentalUnsignedTypes() @InlineOnly() fun <R> UShortArray.flatMap(transform: (UShort) -> Iterable<R>): List<R>
fun <T, R> Sequence<T>.flatMap(transform: (T) -> Sequence<R>): Sequence<R>
fun <R> CharSequence.flatMap(transform: (Char) -> Iterable<R>): List<R>
e: file:///Users/HONGBGU/Documents/seadroid/app/src/main/java/com/seafile/seadroid2/framework/util/Objs.kt:430:32 Unresolved reference 'DirentModel'.
e: file:///Users/HONGBGU/Documents/seadroid/app/src/main/java/com/seafile/seadroid2/framework/util/Objs.kt:430:48 Class '<anonymous>' is not abstract and does not implement abstract member 'apply'.
e: file:///Users/HONGBGU/Documents/seadroid/app/src/main/java/com/seafile/seadroid2/framework/util/Objs.kt:431:34 Unresolved reference 'DirentModel'.
e: file:///Users/HONGBGU/Documents/seadroid/app/src/main/java/com/seafile/seadroid2/framework/util/Objs.kt:431:50 Unresolved reference 'SingleSource'.
e: file:///Users/HONGBGU/Documents/seadroid/app/src/main/java/com/seafile/seadroid2/framework/util/Objs.kt:431:75 Unresolved reference 'DirentModel'.
e: file:///Users/HONGBGU/Documents/seadroid/app/src/main/java/com/seafile/seadroid2/framework/util/Objs.kt:433:13 'apply' overrides nothing.
e: file:///Users/HONGBGU/Documents/seadroid/app/src/main/java/com/seafile/seadroid2/framework/util/Objs.kt:433:58 Unresolved reference 'DirentModel'.
e: file:///Users/HONGBGU/Documents/seadroid/app/src/main/java/com/seafile/seadroid2/framework/util/Objs.kt:433:74 Unresolved reference 'SingleSource'.
e: file:///Users/HONGBGU/Documents/seadroid/app/src/main/java/com/seafile/seadroid2/framework/util/Objs.kt:433:99 Unresolved reference 'DirentModel'.
e: file:///Users/HONGBGU/Documents/seadroid/app/src/main/java/com/seafile/seadroid2/framework/util/Objs.kt:435:28 Unresolved reference 'Single'.
e: file:///Users/HONGBGU/Documents/seadroid/app/src/main/java/com/seafile/seadroid2/framework/util/Objs.kt:435:52 Unresolved reference 'DirentModel'.
e: file:///Users/HONGBGU/Documents/seadroid/app/src/main/java/com/seafile/seadroid2/framework/util/Objs.kt:438:40 Unresolved reference 'Completable'.
e: file:///Users/HONGBGU/Documents/seadroid/app/src/main/java/com/seafile/seadroid2/framework/util/Objs.kt:439:21 Unresolved reference 'AppDatabase'.
e: file:///Users/HONGBGU/Documents/seadroid/app/src/main/java/com/seafile/seadroid2/framework/util/Objs.kt:440:38 Unresolved reference 'Single'.
e: file:///Users/HONGBGU/Documents/seadroid/app/src/main/java/com/seafile/seadroid2/framework/util/Objs.kt:441:39 Unresolved reference 'toSingleDefault'.
e: file:///Users/HONGBGU/Documents/seadroid/app/src/main/java/com/seafile/seadroid2/framework/util/Objs.kt:442:40 None of the following candidates is applicable:
fun <T, R> Array<out T>.flatMap(transform: (T) -> Iterable<R>): List<R>
fun <R> BooleanArray.flatMap(transform: (Boolean) -> Iterable<R>): List<R>
fun <R> ByteArray.flatMap(transform: (Byte) -> Iterable<R>): List<R>
fun <R> CharArray.flatMap(transform: (Char) -> Iterable<R>): List<R>
fun <R> DoubleArray.flatMap(transform: (Double) -> Iterable<R>): List<R>
fun <R> FloatArray.flatMap(transform: (Float) -> Iterable<R>): List<R>
fun <R> IntArray.flatMap(transform: (Int) -> Iterable<R>): List<R>
fun <R> LongArray.flatMap(transform: (Long) -> Iterable<R>): List<R>
fun <R> ShortArray.flatMap(transform: (Short) -> Iterable<R>): List<R>
fun <T, R> Iterable<T>.flatMap(transform: (T) -> Iterable<R>): List<R>
fun <K, V, R> Map<out K, V>.flatMap(transform: (Map.Entry<K, V>) -> Iterable<R>): List<R>
@SinceKotlin(...) @ExperimentalUnsignedTypes() @InlineOnly() fun <R> UByteArray.flatMap(transform: (UByte) -> Iterable<R>): List<R>
@SinceKotlin(...) @ExperimentalUnsignedTypes() @InlineOnly() fun <R> UIntArray.flatMap(transform: (UInt) -> Iterable<R>): List<R>
@SinceKotlin(...) @ExperimentalUnsignedTypes() @InlineOnly() fun <R> ULongArray.flatMap(transform: (ULong) -> Iterable<R>): List<R>
@SinceKotlin(...) @ExperimentalUnsignedTypes() @InlineOnly() fun <R> UShortArray.flatMap(transform: (UShort) -> Iterable<R>): List<R>
fun <T, R> Sequence<T>.flatMap(transform: (T) -> Sequence<R>): Sequence<R>
fun <R> CharSequence.flatMap(transform: (Char) -> Iterable<R>): List<R>
e: file:///Users/HONGBGU/Documents/seadroid/app/src/main/java/com/seafile/seadroid2/framework/util/Objs.kt:442:60 Unresolved reference 'DirentModel'.
e: file:///Users/HONGBGU/Documents/seadroid/app/src/main/java/com/seafile/seadroid2/framework/util/Objs.kt:442:76 Class '<anonymous>' is not abstract and does not implement abstract member 'apply'.
e: file:///Users/HONGBGU/Documents/seadroid/app/src/main/java/com/seafile/seadroid2/framework/util/Objs.kt:443:44 Unresolved reference 'SingleSource'.
e: file:///Users/HONGBGU/Documents/seadroid/app/src/main/java/com/seafile/seadroid2/framework/util/Objs.kt:443:69 Unresolved reference 'DirentModel'.
e: file:///Users/HONGBGU/Documents/seadroid/app/src/main/java/com/seafile/seadroid2/framework/util/Objs.kt:445:21 'apply' overrides nothing.
e: file:///Users/HONGBGU/Documents/seadroid/app/src/main/java/com/seafile/seadroid2/framework/util/Objs.kt:445:62 Unresolved reference 'SingleSource'.
e: file:///Users/HONGBGU/Documents/seadroid/app/src/main/java/com/seafile/seadroid2/framework/util/Objs.kt:445:87 Unresolved reference 'DirentModel'.
e: file:///Users/HONGBGU/Documents/seadroid/app/src/main/java/com/seafile/seadroid2/framework/util/Objs.kt:450:32 Unresolved reference 'Single'.
e: file:///Users/HONGBGU/Documents/seadroid/app/src/main/java/com/seafile/seadroid2/framework/util/Objs.kt:450:56 Unresolved reference 'DirentModel'.
e: file:///Users/HONGBGU/Documents/seadroid/app/src/main/java/com/seafile/seadroid2/framework/util/Objs.kt:454:12 None of the following candidates is applicable:
fun <T, R> Array<out T>.flatMap(transform: (T) -> Iterable<R>): List<R>
fun <R> BooleanArray.flatMap(transform: (Boolean) -> Iterable<R>): List<R>
fun <R> ByteArray.flatMap(transform: (Byte) -> Iterable<R>): List<R>
fun <R> CharArray.flatMap(transform: (Char) -> Iterable<R>): List<R>
fun <R> DoubleArray.flatMap(transform: (Double) -> Iterable<R>): List<R>
fun <R> FloatArray.flatMap(transform: (Float) -> Iterable<R>): List<R>
fun <R> IntArray.flatMap(transform: (Int) -> Iterable<R>): List<R>
fun <R> LongArray.flatMap(transform: (Long) -> Iterable<R>): List<R>
fun <R> ShortArray.flatMap(transform: (Short) -> Iterable<R>): List<R>
fun <T, R> Iterable<T>.flatMap(transform: (T) -> Iterable<R>): List<R>
fun <K, V, R> Map<out K, V>.flatMap(transform: (Map.Entry<K, V>) -> Iterable<R>): List<R>
@SinceKotlin(...) @ExperimentalUnsignedTypes() @InlineOnly() fun <R> UByteArray.flatMap(transform: (UByte) -> Iterable<R>): List<R>
@SinceKotlin(...) @ExperimentalUnsignedTypes() @InlineOnly() fun <R> UIntArray.flatMap(transform: (UInt) -> Iterable<R>): List<R>
@SinceKotlin(...) @ExperimentalUnsignedTypes() @InlineOnly() fun <R> ULongArray.flatMap(transform: (ULong) -> Iterable<R>): List<R>
@SinceKotlin(...) @ExperimentalUnsignedTypes() @InlineOnly() fun <R> UShortArray.flatMap(transform: (UShort) -> Iterable<R>): List<R>
fun <T, R> Sequence<T>.flatMap(transform: (T) -> Sequence<R>): Sequence<R>
fun <R> CharSequence.flatMap(transform: (Char) -> Iterable<R>): List<R>
e: file:///Users/HONGBGU/Documents/seadroid/app/src/main/java/com/seafile/seadroid2/framework/util/Objs.kt:454:32 Unresolved reference 'DirentModel'.
e: file:///Users/HONGBGU/Documents/seadroid/app/src/main/java/com/seafile/seadroid2/framework/util/Objs.kt:454:48 Class '<anonymous>' is not abstract and does not implement abstract member 'apply'.
e: file:///Users/HONGBGU/Documents/seadroid/app/src/main/java/com/seafile/seadroid2/framework/util/Objs.kt:455:34 Unresolved reference 'DirentModel'.
e: file:///Users/HONGBGU/Documents/seadroid/app/src/main/java/com/seafile/seadroid2/framework/util/Objs.kt:455:50 Unresolved reference 'SingleSource'.
e: file:///Users/HONGBGU/Documents/seadroid/app/src/main/java/com/seafile/seadroid2/framework/util/Objs.kt:455:75 Unresolved reference 'DirentModel'.
e: file:///Users/HONGBGU/Documents/seadroid/app/src/main/java/com/seafile/seadroid2/framework/util/Objs.kt:457:13 'apply' overrides nothing.
e: file:///Users/HONGBGU/Documents/seadroid/app/src/main/java/com/seafile/seadroid2/framework/util/Objs.kt:457:58 Unresolved reference 'DirentModel'.
e: file:///Users/HONGBGU/Documents/seadroid/app/src/main/java/com/seafile/seadroid2/framework/util/Objs.kt:457:74 Unresolved reference 'SingleSource'.
e: file:///Users/HONGBGU/Documents/seadroid/app/src/main/java/com/seafile/seadroid2/framework/util/Objs.kt:457:99 Unresolved reference 'DirentModel'.
e: file:///Users/HONGBGU/Documents/seadroid/app/src/main/java/com/seafile/seadroid2/framework/util/Objs.kt:459:28 Unresolved reference 'Single'.
e: file:///Users/HONGBGU/Documents/seadroid/app/src/main/java/com/seafile/seadroid2/framework/util/Objs.kt:459:52 Unresolved reference 'DirentModel'.
e: file:///Users/HONGBGU/Documents/seadroid/app/src/main/java/com/seafile/seadroid2/framework/util/Objs.kt:462:51 Unresolved reference 'CachedDirentModel'.
e: file:///Users/HONGBGU/Documents/seadroid/app/src/main/java/com/seafile/seadroid2/framework/util/Objs.kt:463:21 Unresolved reference 'AppDatabase'.
e: file:///Users/HONGBGU/Documents/seadroid/app/src/main/java/com/seafile/seadroid2/framework/util/Objs.kt:466:50 Unresolved reference 'DirentModel'.
e: file:///Users/HONGBGU/Documents/seadroid/app/src/main/java/com/seafile/seadroid2/framework/util/Objs.kt:467:26 Unresolved reference 'DirentModel'.
e: file:///Users/HONGBGU/Documents/seadroid/app/src/main/java/com/seafile/seadroid2/framework/util/Objs.kt:467:40 Class '<anonymous>' is not abstract and does not implement abstract member 'apply'.
e: file:///Users/HONGBGU/Documents/seadroid/app/src/main/java/com/seafile/seadroid2/framework/util/Objs.kt:467:40 Argument type mismatch: actual type is 'com.seafile.seadroid2.framework.util.<anonymous>', but 'java.util.function.Function<in ERROR CLASS: Symbol not found for CachedDirentModel?, out R!>!' was expected.
e: file:///Users/HONGBGU/Documents/seadroid/app/src/main/java/com/seafile/seadroid2/framework/util/Objs.kt:468:53 Unresolved reference 'CachedDirentModel'.
e: file:///Users/HONGBGU/Documents/seadroid/app/src/main/java/com/seafile/seadroid2/framework/util/Objs.kt:468:73 Unresolved reference 'DirentModel'.
e: file:///Users/HONGBGU/Documents/seadroid/app/src/main/java/com/seafile/seadroid2/framework/util/Objs.kt:469:25 'apply' overrides nothing.
e: file:///Users/HONGBGU/Documents/seadroid/app/src/main/java/com/seafile/seadroid2/framework/util/Objs.kt:469:63 Unresolved reference 'CachedDirentModel'.
e: file:///Users/HONGBGU/Documents/seadroid/app/src/main/java/com/seafile/seadroid2/framework/util/Objs.kt:469:83 Unresolved reference 'DirentModel'.
e: file:///Users/HONGBGU/Documents/seadroid/app/src/main/java/com/seafile/seadroid2/framework/util/Objs.kt:470:47 Unresolved reference 'dirent'.
e: file:///Users/HONGBGU/Documents/seadroid/app/src/main/java/com/seafile/seadroid2/framework/util/Objs.kt:470:88 Unresolved reference 'local_file_id'.
e: file:///Users/HONGBGU/Documents/seadroid/app/src/main/java/com/seafile/seadroid2/framework/util/Objs.kt:471:54 Unresolved reference 'dirent'.
e: file:///Users/HONGBGU/Documents/seadroid/app/src/main/java/com/seafile/seadroid2/framework/util/Objs.kt:473:32 Argument type mismatch: actual type is 'java.util.stream.Collector<T!, CapturedType(*), kotlin.collections.(Mutable)List<T!>!>!', but 'java.util.stream.Collector<in ERROR CLASS: Symbol not found for DirentModel?, A!, R!>!' was expected.
e: file:///Users/HONGBGU/Documents/seadroid/app/src/main/java/com/seafile/seadroid2/framework/util/Objs.kt:478:44 Unresolved reference 'item_position'.
e: file:///Users/HONGBGU/Documents/seadroid/app/src/main/java/com/seafile/seadroid2/framework/util/Objs.kt:478:60 Unresolved reference 'ItemPositionEnum'.
e: file:///Users/HONGBGU/Documents/seadroid/app/src/main/java/com/seafile/seadroid2/framework/util/Objs.kt:480:44 Unresolved reference 'item_position'.
e: file:///Users/HONGBGU/Documents/seadroid/app/src/main/java/com/seafile/seadroid2/framework/util/Objs.kt:480:60 Unresolved reference 'ItemPositionEnum'.
e: file:///Users/HONGBGU/Documents/seadroid/app/src/main/java/com/seafile/seadroid2/framework/util/Objs.kt:481:44 Unresolved reference 'item_position'.
e: file:///Users/HONGBGU/Documents/seadroid/app/src/main/java/com/seafile/seadroid2/framework/util/Objs.kt:481:60 Unresolved reference 'ItemPositionEnum'.
e: file:///Users/HONGBGU/Documents/seadroid/app/src/main/java/com/seafile/seadroid2/framework/util/Objs.kt:483:44 Unresolved reference 'item_position'.
e: file:///Users/HONGBGU/Documents/seadroid/app/src/main/java/com/seafile/seadroid2/framework/util/Objs.kt:483:60 Unresolved reference 'ItemPositionEnum'.
e: file:///Users/HONGBGU/Documents/seadroid/app/src/main/java/com/seafile/seadroid2/framework/util/Objs.kt:484:67 Unresolved reference 'item_position'.
e: file:///Users/HONGBGU/Documents/seadroid/app/src/main/java/com/seafile/seadroid2/framework/util/Objs.kt:485:25 Unresolved reference 'ItemPositionEnum'.
e: file:///Users/HONGBGU/Documents/seadroid/app/src/main/java/com/seafile/seadroid2/framework/util/Objs.kt:488:24 Unresolved reference 'Single'.
e: file:///Users/HONGBGU/Documents/seadroid/app/src/main/java/com/seafile/seadroid2/framework/util/Objs.kt:488:48 Unresolved reference 'DirentModel'.
e: file:///Users/HONGBGU/Documents/seadroid/app/src/main/java/com/seafile/seadroid2/framework/util/Objs.kt:496:45 Unresolved reference 'DirentModel'.
e: file:///Users/HONGBGU/Documents/seadroid/app/src/main/java/com/seafile/seadroid2/framework/util/Objs.kt:496:73 Unresolved reference 'BaseModel'.
e: file:///Users/HONGBGU/Documents/seadroid/app/src/main/java/com/seafile/seadroid2/framework/util/Objs.kt:498:34 Unresolved reference 'BaseModel'.
e: file:///Users/HONGBGU/Documents/seadroid/app/src/main/java/com/seafile/seadroid2/framework/util/Objs.kt:501:51 Unresolved reference 'DirentModel'.
e: file:///Users/HONGBGU/Documents/seadroid/app/src/main/java/com/seafile/seadroid2/framework/util/Objs.kt:501:86 Argument type mismatch: actual type is 'kotlin.collections.MutableList<ERROR CLASS: Symbol not found for DirentModel>?', but 'kotlin.collections.MutableList<ERROR CLASS: Symbol not found for DirentModel>' was expected.
e: file:///Users/HONGBGU/Documents/seadroid/app/src/main/java/com/seafile/seadroid2/framework/util/Objs.kt:502:36 Unresolved reference 'DirentModel'.
e: file:///Users/HONGBGU/Documents/seadroid/app/src/main/java/com/seafile/seadroid2/framework/util/Objs.kt:503:37 Unresolved reference 'DirentModel'.
e: file:///Users/HONGBGU/Documents/seadroid/app/src/main/java/com/seafile/seadroid2/framework/util/Objs.kt:505:34 Unresolved reference 'DirentModel'.
e: file:///Users/HONGBGU/Documents/seadroid/app/src/main/java/com/seafile/seadroid2/framework/util/Objs.kt:505:60 Unresolved reference 'DirentModel'.
e: file:///Users/HONGBGU/Documents/seadroid/app/src/main/java/com/seafile/seadroid2/framework/util/Objs.kt:507:38 Initializer type mismatch: expected 'kotlin.Boolean', actual 'kotlin.Boolean?'.
e: file:///Users/HONGBGU/Documents/seadroid/app/src/main/java/com/seafile/seadroid2/framework/util/Objs.kt:507:38 Type mismatch: inferred type is 'kotlin.Boolean?', but 'kotlin.Boolean' was expected.
e: file:///Users/HONGBGU/Documents/seadroid/app/src/main/java/com/seafile/seadroid2/framework/util/Objs.kt:510:49 Argument type mismatch: actual type is 'kotlin.collections.MutableList<ERROR CLASS: Symbol not found for DirentModel?>?', but 'kotlin.collections.MutableList<ERROR CLASS: Symbol not found for DirentModel?>' was expected.
e: file:///Users/HONGBGU/Documents/seadroid/app/src/main/java/com/seafile/seadroid2/framework/util/Objs.kt:514:49 Argument type mismatch: actual type is 'kotlin.collections.MutableList<ERROR CLASS: Symbol not found for DirentModel?>?', but 'kotlin.collections.MutableList<ERROR CLASS: Symbol not found for DirentModel?>' was expected.
e: file:///Users/HONGBGU/Documents/seadroid/app/src/main/java/com/seafile/seadroid2/framework/util/Objs.kt:518:49 Argument type mismatch: actual type is 'kotlin.collections.MutableList<ERROR CLASS: Symbol not found for DirentModel?>?', but 'kotlin.collections.MutableList<ERROR CLASS: Symbol not found for DirentModel?>' was expected.
e: file:///Users/HONGBGU/Documents/seadroid/app/src/main/java/com/seafile/seadroid2/framework/util/Objs.kt:522:49 Argument type mismatch: actual type is 'kotlin.collections.MutableList<ERROR CLASS: Symbol not found for DirentModel?>?', but 'kotlin.collections.MutableList<ERROR CLASS: Symbol not found for DirentModel?>' was expected.
e: file:///Users/HONGBGU/Documents/seadroid/app/src/main/java/com/seafile/seadroid2/framework/util/Objs.kt:527:16 None of the following candidates is applicable:
constructor<E>(p0: Int): ArrayList<E>
constructor<E>(@RecentlyNonNull() p0: (MutableCollection<out E!>..Collection<out E!>?)): ArrayList<E>
e: file:///Users/HONGBGU/Documents/seadroid/app/src/main/java/com/seafile/seadroid2/framework/util/Objs.kt:527:26 Unresolved reference 'BaseModel'.
e: file:///Users/HONGBGU/Documents/seadroid/app/src/main/java/com/seafile/seadroid2/framework/util/Objs.kt:531:27 Unresolved reference 'DirentModel'.
e: file:///Users/HONGBGU/Documents/seadroid/app/src/main/java/com/seafile/seadroid2/framework/util/Objs.kt:536:20 Unresolved reference 'DirentModel'.
e: file:///Users/HONGBGU/Documents/seadroid/app/src/main/java/com/seafile/seadroid2/framework/util/Objs.kt:537:38 Initializer type mismatch: expected 'kotlin.Boolean', actual 'kotlin.Boolean?'.
e: file:///Users/HONGBGU/Documents/seadroid/app/src/main/java/com/seafile/seadroid2/framework/util/Objs.kt:537:38 Type mismatch: inferred type is 'kotlin.Boolean?', but 'kotlin.Boolean' was expected.
e: file:///Users/HONGBGU/Documents/seadroid/app/src/main/java/com/seafile/seadroid2/framework/util/Objs.kt:545:27 Unresolved reference 'DirentModel'.
e: file:///Users/HONGBGU/Documents/seadroid/app/src/main/java/com/seafile/seadroid2/framework/util/Objs.kt:551:20 Unresolved reference 'DirentModel'.
e: file:///Users/HONGBGU/Documents/seadroid/app/src/main/java/com/seafile/seadroid2/framework/util/Objs.kt:553:34 Unresolved reference 'DirentModel'.
e: file:///Users/HONGBGU/Documents/seadroid/app/src/main/java/com/seafile/seadroid2/framework/util/Objs.kt:556:51 Unresolved reference 'DirentModel'.
e: file:///Users/HONGBGU/Documents/seadroid/app/src/main/java/com/seafile/seadroid2/framework/util/Objs.kt:556:86 Argument type mismatch: actual type is 'kotlin.collections.MutableList<ERROR CLASS: Symbol not found for DirentModel>?', but 'kotlin.collections.MutableList<ERROR CLASS: Symbol not found for DirentModel>' was expected.
e: file:///Users/HONGBGU/Documents/seadroid/app/src/main/java/com/seafile/seadroid2/framework/util/Objs.kt:557:36 Unresolved reference 'DirentModel'.
e: file:///Users/HONGBGU/Documents/seadroid/app/src/main/java/com/seafile/seadroid2/framework/util/Objs.kt:558:37 Unresolved reference 'DirentModel'.
e: file:///Users/HONGBGU/Documents/seadroid/app/src/main/java/com/seafile/seadroid2/framework/util/Objs.kt:560:36 Unresolved reference 'DirentModel'.
e: file:///Users/HONGBGU/Documents/seadroid/app/src/main/java/com/seafile/seadroid2/framework/util/Objs.kt:560:62 Unresolved reference 'DirentModel'.
e: file:///Users/HONGBGU/Documents/seadroid/app/src/main/java/com/seafile/seadroid2/framework/util/Objs.kt:563:34 Unresolved reference 'DirentModel'.
e: file:///Users/HONGBGU/Documents/seadroid/app/src/main/java/com/seafile/seadroid2/framework/util/Objs.kt:564:35 Unresolved reference 'DirentModel'.
e: file:///Users/HONGBGU/Documents/seadroid/app/src/main/java/com/seafile/seadroid2/framework/util/Objs.kt:569:34 Unresolved reference 'last_modified_at'.
e: file:///Users/HONGBGU/Documents/seadroid/app/src/main/java/com/seafile/seadroid2/framework/util/Objs.kt:569:70 Unresolved reference 'mtime'.
e: file:///Users/HONGBGU/Documents/seadroid/app/src/main/java/com/seafile/seadroid2/framework/util/Objs.kt:570:34 Unresolved reference 'dir_id'.
e: file:///Users/HONGBGU/Documents/seadroid/app/src/main/java/com/seafile/seadroid2/framework/util/Objs.kt:571:34 Unresolved reference 'related_account'.
e: file:///Users/HONGBGU/Documents/seadroid/app/src/main/java/com/seafile/seadroid2/framework/util/Objs.kt:572:34 Unresolved reference 'repo_id'.
e: file:///Users/HONGBGU/Documents/seadroid/app/src/main/java/com/seafile/seadroid2/framework/util/Objs.kt:573:34 Unresolved reference 'repo_name'.
e: file:///Users/HONGBGU/Documents/seadroid/app/src/main/java/com/seafile/seadroid2/framework/util/Objs.kt:574:34 Unresolved reference 'full_path'.
e: file:///Users/HONGBGU/Documents/seadroid/app/src/main/java/com/seafile/seadroid2/framework/util/Objs.kt:575:38 Unresolved reference 'parent_dir'.
e: file:///Users/HONGBGU/Documents/seadroid/app/src/main/java/com/seafile/seadroid2/framework/util/Objs.kt:575:68 Unresolved reference 'name'.
e: file:///Users/HONGBGU/Documents/seadroid/app/src/main/java/com/seafile/seadroid2/framework/util/Objs.kt:576:34 Unresolved reference 'uid'.
e: file:///Users/HONGBGU/Documents/seadroid/app/src/main/java/com/seafile/seadroid2/framework/util/Objs.kt:576:57 Unresolved reference 'getUID'.
e: file:///Users/HONGBGU/Documents/seadroid/app/src/main/java/com/seafile/seadroid2/framework/util/Objs.kt:584:35 Unresolved reference 'repo_id'.
e: file:///Users/HONGBGU/Documents/seadroid/app/src/main/java/com/seafile/seadroid2/framework/util/Objs.kt:585:35 Unresolved reference 'repo_name'.
e: file:///Users/HONGBGU/Documents/seadroid/app/src/main/java/com/seafile/seadroid2/framework/util/Objs.kt:586:35 Unresolved reference 'last_modified_at'.
e: file:///Users/HONGBGU/Documents/seadroid/app/src/main/java/com/seafile/seadroid2/framework/util/Objs.kt:586:72 Unresolved reference 'mtime'.
e: file:///Users/HONGBGU/Documents/seadroid/app/src/main/java/com/seafile/seadroid2/framework/util/Objs.kt:587:35 Unresolved reference 'dir_id'.
e: file:///Users/HONGBGU/Documents/seadroid/app/src/main/java/com/seafile/seadroid2/framework/util/Objs.kt:588:35 Unresolved reference 'related_account'.
e: file:///Users/HONGBGU/Documents/seadroid/app/src/main/java/com/seafile/seadroid2/framework/util/Objs.kt:589:35 Unresolved reference 'full_path'.
e: file:///Users/HONGBGU/Documents/seadroid/app/src/main/java/com/seafile/seadroid2/framework/util/Objs.kt:590:39 Unresolved reference 'parent_dir'.
e: file:///Users/HONGBGU/Documents/seadroid/app/src/main/java/com/seafile/seadroid2/framework/util/Objs.kt:590:70 Unresolved reference 'name'.
e: file:///Users/HONGBGU/Documents/seadroid/app/src/main/java/com/seafile/seadroid2/framework/util/Objs.kt:591:35 Unresolved reference 'uid'.
e: file:///Users/HONGBGU/Documents/seadroid/app/src/main/java/com/seafile/seadroid2/framework/util/Objs.kt:591:59 Unresolved reference 'getUID'.
e: file:///Users/HONGBGU/Documents/seadroid/app/src/main/java/com/seafile/seadroid2/framework/util/Objs.kt:598:34 Argument type mismatch: actual type is 'kotlin.collections.MutableList<ERROR CLASS: Symbol not found for DirentModel>?', but 'kotlin.collections.Collection<ERROR CLASS: Symbol not found for DirentModel?>' was expected.
e: file:///Users/HONGBGU/Documents/seadroid/app/src/main/java/com/seafile/seadroid2/framework/util/Objs.kt:601:34 Argument type mismatch: actual type is 'kotlin.collections.MutableList<ERROR CLASS: Symbol not found for DirentModel>?', but 'kotlin.collections.Collection<ERROR CLASS: Symbol not found for DirentModel?>' was expected.
e: file:///Users/HONGBGU/Documents/seadroid/app/src/main/java/com/seafile/seadroid2/framework/util/Objs.kt:605:34 Argument type mismatch: actual type is 'kotlin.collections.MutableList<ERROR CLASS: Symbol not found for DirentModel>?', but 'kotlin.collections.Collection<ERROR CLASS: Symbol not found for DirentModel?>' was expected.
e: file:///Users/HONGBGU/Documents/seadroid/app/src/main/java/com/seafile/seadroid2/framework/util/Objs.kt:608:34 Argument type mismatch: actual type is 'kotlin.collections.MutableList<ERROR CLASS: Symbol not found for DirentModel>?', but 'kotlin.collections.Collection<ERROR CLASS: Symbol not found for DirentModel?>' was expected.
e: file:///Users/HONGBGU/Documents/seadroid/app/src/main/java/com/seafile/seadroid2/framework/util/Objs.kt:615:48 Unresolved reference 'DirentModel'.
e: file:///Users/HONGBGU/Documents/seadroid/app/src/main/java/com/seafile/seadroid2/framework/util/Objs.kt:615:92 Unresolved reference 'DirentModel'.
e: file:///Users/HONGBGU/Documents/seadroid/app/src/main/java/com/seafile/seadroid2/framework/util/Objs.kt:616:47 Unresolved reference 'DirentModel'.
e: file:///Users/HONGBGU/Documents/seadroid/app/src/main/java/com/seafile/seadroid2/framework/util/Objs.kt:617:42 Unresolved reference 'DirentModel'.
e: file:///Users/HONGBGU/Documents/seadroid/app/src/main/java/com/seafile/seadroid2/framework/util/Objs.kt:619:32 Unresolved reference 'DirentModel'.
e: file:///Users/HONGBGU/Documents/seadroid/app/src/main/java/com/seafile/seadroid2/framework/util/Objs.kt:620:42 Unresolved reference 'type'.
e: file:///Users/HONGBGU/Documents/seadroid/app/src/main/java/com/seafile/seadroid2/framework/util/Objs.kt:620:64 Unresolved reference 'Lists'.
e: file:///Users/HONGBGU/Documents/seadroid/app/src/main/java/com/seafile/seadroid2/framework/util/Objs.kt:620:83 Unresolved reference 'DirentModel'.
e: file:///Users/HONGBGU/Documents/seadroid/app/src/main/java/com/seafile/seadroid2/framework/util/Objs.kt:626:47 Unresolved reference 'DirentModel'.
e: file:///Users/HONGBGU/Documents/seadroid/app/src/main/java/com/seafile/seadroid2/framework/util/Objs.kt:626:75 Unresolved reference 'DirentModel'.
e: file:///Users/HONGBGU/Documents/seadroid/app/src/main/java/com/seafile/seadroid2/framework/util/Objs.kt:627:34 Unresolved reference 'DirentModel'.
e: file:///Users/HONGBGU/Documents/seadroid/app/src/main/java/com/seafile/seadroid2/framework/util/Objs.kt:627:59 Unresolved reference 'DirentModel'.
e: file:///Users/HONGBGU/Documents/seadroid/app/src/main/java/com/seafile/seadroid2/framework/util/Objs.kt:629:17 Unresolved reference 'SortBy'.
e: file:///Users/HONGBGU/Documents/seadroid/app/src/main/java/com/seafile/seadroid2/framework/util/Objs.kt:630:36 Initializer type mismatch: expected 'kotlin.Boolean', actual 'kotlin.Boolean?'.
e: file:///Users/HONGBGU/Documents/seadroid/app/src/main/java/com/seafile/seadroid2/framework/util/Objs.kt:630:36 Type mismatch: inferred type is 'kotlin.Boolean?', but 'kotlin.Boolean' was expected.
e: file:///Users/HONGBGU/Documents/seadroid/app/src/main/java/com/seafile/seadroid2/framework/util/Objs.kt:632:13 Unresolved reference 'SortBy'.
e: file:///Users/HONGBGU/Documents/seadroid/app/src/main/java/com/seafile/seadroid2/framework/util/Objs.kt:634:48 Unresolved reference 'DirentNaturalOrderComparator'.
e: file:///Users/HONGBGU/Documents/seadroid/app/src/main/java/com/seafile/seadroid2/framework/util/Objs.kt:635:30 Argument type mismatch: actual type is 'java.util.stream.Collector<T!, CapturedType(*), kotlin.collections.(Mutable)List<T!>!>!', but 'java.util.stream.Collector<in ERROR CLASS: Symbol not found for DirentModel?, A!, R!>!' was expected.
e: file:///Users/HONGBGU/Documents/seadroid/app/src/main/java/com/seafile/seadroid2/framework/util/Objs.kt:637:48 Unresolved reference 'DirentNaturalOrderComparator'.
e: file:///Users/HONGBGU/Documents/seadroid/app/src/main/java/com/seafile/seadroid2/framework/util/Objs.kt:638:21 Argument type mismatch: actual type is 'java.util.stream.Collector<T!, CapturedType(*), kotlin.collections.(Mutable)List<T!>!>!', but 'java.util.stream.Collector<in ERROR CLASS: Symbol not found for DirentModel?, A!, R!>!' was expected.
e: file:///Users/HONGBGU/Documents/seadroid/app/src/main/java/com/seafile/seadroid2/framework/util/Objs.kt:641:20 Unresolved reference 'SortBy'.
e: file:///Users/HONGBGU/Documents/seadroid/app/src/main/java/com/seafile/seadroid2/framework/util/Objs.kt:645:36 Unresolved reference 'DirentModel'.
e: file:///Users/HONGBGU/Documents/seadroid/app/src/main/java/com/seafile/seadroid2/framework/util/Objs.kt:645:59 Argument type mismatch: actual type is 'java.util.function.Function<T, R>', but 'java.util.function.Function<in T!, out U!>!' was expected.
e: file:///Users/HONGBGU/Documents/seadroid/app/src/main/java/com/seafile/seadroid2/framework/util/Objs.kt:645:87 Argument type mismatch: actual type is 'kotlin.Function1<ERROR CLASS: Symbol not found for DirentModel?, R>', but 'kotlin.Function1<T, R>' was expected.
e: file:///Users/HONGBGU/Documents/seadroid/app/src/main/java/com/seafile/seadroid2/framework/util/Objs.kt:645:92 Unresolved reference 'DirentModel'.
e: file:///Users/HONGBGU/Documents/seadroid/app/src/main/java/com/seafile/seadroid2/framework/util/Objs.kt:646:31 Unresolved reference 'getFileExt'.
e: file:///Users/HONGBGU/Documents/seadroid/app/src/main/java/com/seafile/seadroid2/framework/util/Objs.kt:650:49 Argument type mismatch: actual type is 'java.util.function.Function<T, R>', but 'java.util.Comparator<in ERROR CLASS: Symbol not found for DirentModel?>!' was expected.
e: file:///Users/HONGBGU/Documents/seadroid/app/src/main/java/com/seafile/seadroid2/framework/util/Objs.kt:650:77 Argument type mismatch: actual type is 'kotlin.Function1<ERROR CLASS: Symbol not found for DirentModel?, R>', but 'kotlin.Function1<T, R>' was expected.
e: file:///Users/HONGBGU/Documents/seadroid/app/src/main/java/com/seafile/seadroid2/framework/util/Objs.kt:650:82 Unresolved reference 'DirentModel'.
e: file:///Users/HONGBGU/Documents/seadroid/app/src/main/java/com/seafile/seadroid2/framework/util/Objs.kt:651:31 Unresolved reference 'name'.
e: file:///Users/HONGBGU/Documents/seadroid/app/src/main/java/com/seafile/seadroid2/framework/util/Objs.kt:656:30 Argument type mismatch: actual type is 'java.util.stream.Collector<T!, CapturedType(*), kotlin.collections.(Mutable)List<T!>!>!', but 'java.util.stream.Collector<in ERROR CLASS: Symbol not found for DirentModel?, A!, R!>!' was expected.
e: file:///Users/HONGBGU/Documents/seadroid/app/src/main/java/com/seafile/seadroid2/framework/util/Objs.kt:660:36 Unresolved reference 'DirentModel'.
e: file:///Users/HONGBGU/Documents/seadroid/app/src/main/java/com/seafile/seadroid2/framework/util/Objs.kt:660:59 Argument type mismatch: actual type is 'java.util.function.Function<T, R>', but 'java.util.function.Function<in T!, out U!>!' was expected.
e: file:///Users/HONGBGU/Documents/seadroid/app/src/main/java/com/seafile/seadroid2/framework/util/Objs.kt:660:87 Argument type mismatch: actual type is 'kotlin.Function1<ERROR CLASS: Symbol not found for DirentModel?, R>', but 'kotlin.Function1<T, R>' was expected.
e: file:///Users/HONGBGU/Documents/seadroid/app/src/main/java/com/seafile/seadroid2/framework/util/Objs.kt:660:92 Unresolved reference 'DirentModel'.
e: file:///Users/HONGBGU/Documents/seadroid/app/src/main/java/com/seafile/seadroid2/framework/util/Objs.kt:661:31 Unresolved reference 'getFileExt'.
e: file:///Users/HONGBGU/Documents/seadroid/app/src/main/java/com/seafile/seadroid2/framework/util/Objs.kt:665:49 Argument type mismatch: actual type is 'java.util.function.Function<T, R>', but 'java.util.function.Function<in ERROR CLASS: Symbol not found for DirentModel?, out U!>!' was expected.
e: file:///Users/HONGBGU/Documents/seadroid/app/src/main/java/com/seafile/seadroid2/framework/util/Objs.kt:665:77 Argument type mismatch: actual type is 'kotlin.Function1<ERROR CLASS: Symbol not found for DirentModel?, R>', but 'kotlin.Function1<T, R>' was expected.
e: file:///Users/HONGBGU/Documents/seadroid/app/src/main/java/com/seafile/seadroid2/framework/util/Objs.kt:665:82 Unresolved reference 'DirentModel'.
e: file:///Users/HONGBGU/Documents/seadroid/app/src/main/java/com/seafile/seadroid2/framework/util/Objs.kt:666:31 Unresolved reference 'name'.
e: file:///Users/HONGBGU/Documents/seadroid/app/src/main/java/com/seafile/seadroid2/framework/util/Objs.kt:671:30 Argument type mismatch: actual type is 'java.util.stream.Collector<T!, CapturedType(*), kotlin.collections.(Mutable)List<T!>!>!', but 'java.util.stream.Collector<in ERROR CLASS: Symbol not found for DirentModel?, A!, R!>!' was expected.
e: file:///Users/HONGBGU/Documents/seadroid/app/src/main/java/com/seafile/seadroid2/framework/util/Objs.kt:673:20 Unresolved reference 'SortBy'.
e: file:///Users/HONGBGU/Documents/seadroid/app/src/main/java/com/seafile/seadroid2/framework/util/Objs.kt:674:44 Class '<anonymous>' is not abstract and does not implement abstract member 'compare'.
e: file:///Users/HONGBGU/Documents/seadroid/app/src/main/java/com/seafile/seadroid2/framework/util/Objs.kt:674:64 Unresolved reference 'DirentModel'.
e: file:///Users/HONGBGU/Documents/seadroid/app/src/main/java/com/seafile/seadroid2/framework/util/Objs.kt:675:17 'compare' overrides nothing.
e: file:///Users/HONGBGU/Documents/seadroid/app/src/main/java/com/seafile/seadroid2/framework/util/Objs.kt:675:42 Unresolved reference 'DirentModel'.
e: file:///Users/HONGBGU/Documents/seadroid/app/src/main/java/com/seafile/seadroid2/framework/util/Objs.kt:675:59 Unresolved reference 'DirentModel'.
e: file:///Users/HONGBGU/Documents/seadroid/app/src/main/java/com/seafile/seadroid2/framework/util/Objs.kt:677:48 Unresolved reference 'size'.
e: file:///Users/HONGBGU/Documents/seadroid/app/src/main/java/com/seafile/seadroid2/framework/util/Objs.kt:677:57 Unresolved reference 'size'.
e: file:///Users/HONGBGU/Documents/seadroid/app/src/main/java/com/seafile/seadroid2/framework/util/Objs.kt:679:45 Unresolved reference 'size'.
e: file:///Users/HONGBGU/Documents/seadroid/app/src/main/java/com/seafile/seadroid2/framework/util/Objs.kt:679:54 Unresolved reference 'size'.
e: file:///Users/HONGBGU/Documents/seadroid/app/src/main/java/com/seafile/seadroid2/framework/util/Objs.kt:681:24 Argument type mismatch: actual type is 'java.util.stream.Collector<T!, CapturedType(*), kotlin.collections.(Mutable)List<T!>!>!', but 'java.util.stream.Collector<in ERROR CLASS: Symbol not found for DirentModel?, A!, R!>!' was expected.
e: file:///Users/HONGBGU/Documents/seadroid/app/src/main/java/com/seafile/seadroid2/framework/util/Objs.kt:682:20 Unresolved reference 'SortBy'.
e: file:///Users/HONGBGU/Documents/seadroid/app/src/main/java/com/seafile/seadroid2/framework/util/Objs.kt:683:44 Class '<anonymous>' is not abstract and does not implement abstract member 'compare'.
e: file:///Users/HONGBGU/Documents/seadroid/app/src/main/java/com/seafile/seadroid2/framework/util/Objs.kt:683:64 Unresolved reference 'DirentModel'.
e: file:///Users/HONGBGU/Documents/seadroid/app/src/main/java/com/seafile/seadroid2/framework/util/Objs.kt:684:17 'compare' overrides nothing.
e: file:///Users/HONGBGU/Documents/seadroid/app/src/main/java/com/seafile/seadroid2/framework/util/Objs.kt:684:42 Unresolved reference 'DirentModel'.
e: file:///Users/HONGBGU/Documents/seadroid/app/src/main/java/com/seafile/seadroid2/framework/util/Objs.kt:684:59 Unresolved reference 'DirentModel'.
e: file:///Users/HONGBGU/Documents/seadroid/app/src/main/java/com/seafile/seadroid2/framework/util/Objs.kt:686:48 Unresolved reference 'mtime'.
e: file:///Users/HONGBGU/Documents/seadroid/app/src/main/java/com/seafile/seadroid2/framework/util/Objs.kt:686:58 Unresolved reference 'mtime'.
e: file:///Users/HONGBGU/Documents/seadroid/app/src/main/java/com/seafile/seadroid2/framework/util/Objs.kt:688:45 Unresolved reference 'mtime'.
e: file:///Users/HONGBGU/Documents/seadroid/app/src/main/java/com/seafile/seadroid2/framework/util/Objs.kt:688:55 Unresolved reference 'mtime'.
e: file:///Users/HONGBGU/Documents/seadroid/app/src/main/java/com/seafile/seadroid2/framework/util/Objs.kt:690:24 Argument type mismatch: actual type is 'java.util.stream.Collector<T!, CapturedType(*), kotlin.collections.(Mutable)List<T!>!>!', but 'java.util.stream.Collector<in ERROR CLASS: Symbol not found for DirentModel?, A!, R!>!' was expected.
e: file:///Users/HONGBGU/Documents/seadroid/app/src/main/java/com/seafile/seadroid2/framework/util/Objs.kt:700:25 Unresolved reference 'DirentShareLinkModel'.
e: file:///Users/HONGBGU/Documents/seadroid/app/src/main/java/com/seafile/seadroid2/framework/util/Objs.kt:704:42 Unresolved reference 'R'.
e: file:///Users/HONGBGU/Documents/seadroid/app/src/main/java/com/seafile/seadroid2/framework/util/Objs.kt:704:71 Unresolved reference 'R'.
e: file:///Users/HONGBGU/Documents/seadroid/app/src/main/java/com/seafile/seadroid2/framework/util/Objs.kt:706:26 Unresolved reference 'Intent'.
e: file:///Users/HONGBGU/Documents/seadroid/app/src/main/java/com/seafile/seadroid2/framework/util/Objs.kt:706:35 Unresolved reference 'Intent'.
e: file:///Users/HONGBGU/Documents/seadroid/app/src/main/java/com/seafile/seadroid2/framework/util/Objs.kt:707:21 Unresolved reference 'setAction'.
e: file:///Users/HONGBGU/Documents/seadroid/app/src/main/java/com/seafile/seadroid2/framework/util/Objs.kt:707:31 Unresolved reference 'Intent'.
e: file:///Users/HONGBGU/Documents/seadroid/app/src/main/java/com/seafile/seadroid2/framework/util/Objs.kt:708:21 Unresolved reference 'setType'.
e: file:///Users/HONGBGU/Documents/seadroid/app/src/main/java/com/seafile/seadroid2/framework/util/Objs.kt:709:32 Unresolved reference 'ResolveInfo'.
e: file:///Users/HONGBGU/Documents/seadroid/app/src/main/java/com/seafile/seadroid2/framework/util/Objs.kt:709:48 Unresolved reference 'WidgetUtils'.
e: file:///Users/HONGBGU/Documents/seadroid/app/src/main/java/com/seafile/seadroid2/framework/util/Objs.kt:714:13 Unresolved reference 'ContextCompat'.
e: file:///Users/HONGBGU/Documents/seadroid/app/src/main/java/com/seafile/seadroid2/framework/util/Objs.kt:714:48 Unresolved reference 'R'.
e: file:///Users/HONGBGU/Documents/seadroid/app/src/main/java/com/seafile/seadroid2/framework/util/Objs.kt:715:31 Unresolved reference 'R'.
e: file:///Users/HONGBGU/Documents/seadroid/app/src/main/java/com/seafile/seadroid2/framework/util/Objs.kt:717:35 Class '<anonymous>' is not abstract and does not implement abstract member 'onAppSelected'.
e: file:///Users/HONGBGU/Documents/seadroid/app/src/main/java/com/seafile/seadroid2/framework/util/Objs.kt:718:13 'onAppSelected' overrides nothing.
e: file:///Users/HONGBGU/Documents/seadroid/app/src/main/java/com/seafile/seadroid2/framework/util/Objs.kt:718:49 Unresolved reference 'ResolveInfo'.
e: file:///Users/HONGBGU/Documents/seadroid/app/src/main/java/com/seafile/seadroid2/framework/util/Objs.kt:719:49 Unresolved reference 'activityInfo'.
e: file:///Users/HONGBGU/Documents/seadroid/app/src/main/java/com/seafile/seadroid2/framework/util/Objs.kt:720:51 Unresolved reference 'activityInfo'.
e: file:///Users/HONGBGU/Documents/seadroid/app/src/main/java/com/seafile/seadroid2/framework/util/Objs.kt:721:29 Unresolved reference 'setClassName'.
e: file:///Users/HONGBGU/Documents/seadroid/app/src/main/java/com/seafile/seadroid2/framework/util/Objs.kt:722:29 Unresolved reference 'putExtra'.
e: file:///Users/HONGBGU/Documents/seadroid/app/src/main/java/com/seafile/seadroid2/framework/util/Objs.kt:722:38 Unresolved reference 'Intent'.
e: file:///Users/HONGBGU/Documents/seadroid/app/src/main/java/com/seafile/seadroid2/framework/util/Objs.kt:722:72 Unresolved reference 'link'.
e: file:///Users/HONGBGU/Documents/seadroid/app/src/main/java/com/seafile/seadroid2/framework/util/Objs.kt:728:17 Unresolved reference 'ClipboardUtils'.
e: file:///Users/HONGBGU/Documents/seadroid/app/src/main/java/com/seafile/seadroid2/framework/util/Objs.kt:728:56 Unresolved reference 'link'.
e: file:///Users/HONGBGU/Documents/seadroid/app/src/main/java/com/seafile/seadroid2/framework/util/Objs.kt:729:24 Overload resolution ambiguity between candidates:
fun show(@StringRes() resId: Int): Unit
fun show(text: String?): Unit
e: file:///Users/HONGBGU/Documents/seadroid/app/src/main/java/com/seafile/seadroid2/framework/util/Objs.kt:729:29 Unresolved reference 'R'.
e: file:///Users/HONGBGU/Documents/seadroid/app/src/main/java/com/seafile/seadroid2/framework/util/Objs.kt:739:22 Unresolved reference 'DirentModel'.
e: file:///Users/HONGBGU/Documents/seadroid/app/src/main/java/com/seafile/seadroid2/framework/util/Objs.kt:742:14 Unresolved reference 'NetworkUtils'.
e: file:///Users/HONGBGU/Documents/seadroid/app/src/main/java/com/seafile/seadroid2/framework/util/Objs.kt:743:20 Overload resolution ambiguity between candidates:
fun show(@StringRes() resId: Int): Unit
fun show(text: String?): Unit
e: file:///Users/HONGBGU/Documents/seadroid/app/src/main/java/com/seafile/seadroid2/framework/util/Objs.kt:743:25 Unresolved reference 'R'.
e: file:///Users/HONGBGU/Documents/seadroid/app/src/main/java/com/seafile/seadroid2/framework/util/Objs.kt:747:29 Unresolved reference 'GetShareLinkPasswordDialogFragment'.
e: file:///Users/HONGBGU/Documents/seadroid/app/src/main/java/com/seafile/seadroid2/framework/util/Objs.kt:748:13 Unresolved reference 'GetShareLinkPasswordDialogFragment'.
e: file:///Users/HONGBGU/Documents/seadroid/app/src/main/java/com/seafile/seadroid2/framework/util/Objs.kt:749:24 Unresolved reference 'init'.
e: file:///Users/HONGBGU/Documents/seadroid/app/src/main/java/com/seafile/seadroid2/framework/util/Objs.kt:749:41 Unresolved reference 'repo_id'.
e: file:///Users/HONGBGU/Documents/seadroid/app/src/main/java/com/seafile/seadroid2/framework/util/Objs.kt:749:62 Unresolved reference 'full_path'.
e: file:///Users/HONGBGU/Documents/seadroid/app/src/main/java/com/seafile/seadroid2/framework/util/Objs.kt:750:24 Unresolved reference 'setOnCreateDirentShareLinkListener'.
e: file:///Users/HONGBGU/Documents/seadroid/app/src/main/java/com/seafile/seadroid2/framework/util/Objs.kt:750:68 Unresolved reference 'OnCreateDirentShareLinkListener'.
e: file:///Users/HONGBGU/Documents/seadroid/app/src/main/java/com/seafile/seadroid2/framework/util/Objs.kt:751:13 'onCreateDirentShareLink' overrides nothing.
e: file:///Users/HONGBGU/Documents/seadroid/app/src/main/java/com/seafile/seadroid2/framework/util/Objs.kt:751:61 Unresolved reference 'DirentShareLinkModel'.
e: file:///Users/HONGBGU/Documents/seadroid/app/src/main/java/com/seafile/seadroid2/framework/util/Objs.kt:753:36 Unresolved reference 'dismiss'.
e: file:///Users/HONGBGU/Documents/seadroid/app/src/main/java/com/seafile/seadroid2/framework/util/Objs.kt:756:86 Unresolved reference 'isDir'.
e: file:///Users/HONGBGU/Documents/seadroid/app/src/main/java/com/seafile/seadroid2/framework/util/Objs.kt:757:32 Unresolved reference 'dismiss'.
e: file:///Users/HONGBGU/Documents/seadroid/app/src/main/java/com/seafile/seadroid2/framework/util/Objs.kt:760:24 Unresolved reference 'show'.
e: file:///Users/HONGBGU/Documents/seadroid/app/src/main/java/com/seafile/seadroid2/framework/util/Objs.kt:762:13 Unresolved reference 'GetShareLinkPasswordDialogFragment'.
e: file:///Users/HONGBGU/Documents/seadroid/app/src/main/java/com/seafile/seadroid2/framework/util/Objs.kt:762:55 Unresolved reference. None of the following candidates is applicable because of a receiver type mismatch:
val <T> KClass<T>.java: Class<T>
e: file:///Users/HONGBGU/Documents/seadroid/app/src/main/java/com/seafile/seadroid2/framework/util/Objs.kt:766:41 Unresolved reference 'Intent'.
e: file:///Users/HONGBGU/Documents/seadroid/app/src/main/java/com/seafile/seadroid2/framework/util/Objs.kt:766:50 Unresolved reference 'ResolveInfo'.
e: file:///Users/HONGBGU/Documents/seadroid/app/src/main/java/com/seafile/seadroid2/framework/util/Objs.kt:767:17 Unresolved reference 'PackageManager'.
e: file:///Users/HONGBGU/Documents/seadroid/app/src/main/java/com/seafile/seadroid2/framework/util/Objs.kt:767:34 Unresolved reference 'SeadroidApplication'.
e: file:///Users/HONGBGU/Documents/seadroid/app/src/main/java/com/seafile/seadroid2/framework/util/Objs.kt:768:32 Unresolved reference 'ResolveInfo'.
e: file:///Users/HONGBGU/Documents/seadroid/app/src/main/java/com/seafile/seadroid2/framework/util/Objs.kt:768:50 Unresolved reference 'queryIntentActivities'.
e: file:///Users/HONGBGU/Documents/seadroid/app/src/main/java/com/seafile/seadroid2/framework/util/Objs.kt:770:22 Unresolved reference 'activityInfo'.
e: file:///Users/HONGBGU/Documents/seadroid/app/src/main/java/com/seafile/seadroid2/framework/util/Objs.kt:782:26 Unresolved reference 'Intent'.
e: file:///Users/HONGBGU/Documents/seadroid/app/src/main/java/com/seafile/seadroid2/framework/util/Objs.kt:782:35 Unresolved reference 'Intent'.
e: file:///Users/HONGBGU/Documents/seadroid/app/src/main/java/com/seafile/seadroid2/framework/util/Objs.kt:783:21 Unresolved reference 'setAction'.
e: file:///Users/HONGBGU/Documents/seadroid/app/src/main/java/com/seafile/seadroid2/framework/util/Objs.kt:783:31 Unresolved reference 'Intent'.
e: file:///Users/HONGBGU/Documents/seadroid/app/src/main/java/com/seafile/seadroid2/framework/util/Objs.kt:784:21 Unresolved reference 'setType'.
e: file:///Users/HONGBGU/Documents/seadroid/app/src/main/java/com/seafile/seadroid2/framework/util/Objs.kt:786:25 Unresolved reference 'ResolveInfo'.
e: file:///Users/HONGBGU/Documents/seadroid/app/src/main/java/com/seafile/seadroid2/framework/util/Objs.kt:788:20 Overload resolution ambiguity between candidates:
fun show(@StringRes() resId: Int): Unit
fun show(text: String?): Unit
e: file:///Users/HONGBGU/Documents/seadroid/app/src/main/java/com/seafile/seadroid2/framework/util/Objs.kt:788:25 Unresolved reference 'R'.
e: file:///Users/HONGBGU/Documents/seadroid/app/src/main/java/com/seafile/seadroid2/framework/util/Objs.kt:792:44 Unresolved reference 'activityInfo'.
e: file:///Users/HONGBGU/Documents/seadroid/app/src/main/java/com/seafile/seadroid2/framework/util/Objs.kt:793:46 Unresolved reference 'activityInfo'.
e: file:///Users/HONGBGU/Documents/seadroid/app/src/main/java/com/seafile/seadroid2/framework/util/Objs.kt:794:21 Unresolved reference 'setClassName'.
e: file:///Users/HONGBGU/Documents/seadroid/app/src/main/java/com/seafile/seadroid2/framework/util/Objs.kt:796:29 Unresolved reference 'GetShareLinkPasswordDialogFragment'.
e: file:///Users/HONGBGU/Documents/seadroid/app/src/main/java/com/seafile/seadroid2/framework/util/Objs.kt:797:13 Unresolved reference 'GetShareLinkPasswordDialogFragment'.
e: file:///Users/HONGBGU/Documents/seadroid/app/src/main/java/com/seafile/seadroid2/framework/util/Objs.kt:798:24 Unresolved reference 'init'.
e: file:///Users/HONGBGU/Documents/seadroid/app/src/main/java/com/seafile/seadroid2/framework/util/Objs.kt:799:24 Unresolved reference 'setOnCreateDirentShareLinkListener'.
e: file:///Users/HONGBGU/Documents/seadroid/app/src/main/java/com/seafile/seadroid2/framework/util/Objs.kt:799:68 Unresolved reference 'OnCreateDirentShareLinkListener'.
e: file:///Users/HONGBGU/Documents/seadroid/app/src/main/java/com/seafile/seadroid2/framework/util/Objs.kt:800:13 'onCreateDirentShareLink' overrides nothing.
e: file:///Users/HONGBGU/Documents/seadroid/app/src/main/java/com/seafile/seadroid2/framework/util/Objs.kt:800:61 Unresolved reference 'DirentShareLinkModel'.
e: file:///Users/HONGBGU/Documents/seadroid/app/src/main/java/com/seafile/seadroid2/framework/util/Objs.kt:802:36 Unresolved reference 'dismiss'.
e: file:///Users/HONGBGU/Documents/seadroid/app/src/main/java/com/seafile/seadroid2/framework/util/Objs.kt:806:29 Unresolved reference 'putExtra'.
e: file:///Users/HONGBGU/Documents/seadroid/app/src/main/java/com/seafile/seadroid2/framework/util/Objs.kt:806:38 Unresolved reference 'Intent'.
e: file:///Users/HONGBGU/Documents/seadroid/app/src/main/java/com/seafile/seadroid2/framework/util/Objs.kt:806:67 Unresolved reference 'link'.
e: file:///Users/HONGBGU/Documents/seadroid/app/src/main/java/com/seafile/seadroid2/framework/util/Objs.kt:808:32 Unresolved reference 'dismiss'.
e: file:///Users/HONGBGU/Documents/seadroid/app/src/main/java/com/seafile/seadroid2/framework/util/Objs.kt:811:24 Unresolved reference 'show'.
e: file:///Users/HONGBGU/Documents/seadroid/app/src/main/java/com/seafile/seadroid2/framework/util/Objs.kt:813:13 Unresolved reference 'GetShareLinkPasswordDialogFragment'.
e: file:///Users/HONGBGU/Documents/seadroid/app/src/main/java/com/seafile/seadroid2/framework/util/Objs.kt:813:55 Unresolved reference. None of the following candidates is applicable because of a receiver type mismatch:
val <T> KClass<T>.java: Class<T>
e: file:///Users/HONGBGU/Documents/seadroid/app/src/main/java/com/seafile/seadroid2/framework/util/Objs.kt:821:25 Unresolved reference 'FileProvider'.
e: file:///Users/HONGBGU/Documents/seadroid/app/src/main/java/com/seafile/seadroid2/framework/util/Objs.kt:827:25 Unresolved reference 'Intent'.
e: file:///Users/HONGBGU/Documents/seadroid/app/src/main/java/com/seafile/seadroid2/framework/util/Objs.kt:827:34 Unresolved reference 'Intent'.
e: file:///Users/HONGBGU/Documents/seadroid/app/src/main/java/com/seafile/seadroid2/framework/util/Objs.kt:828:20 Unresolved reference 'setAction'.
e: file:///Users/HONGBGU/Documents/seadroid/app/src/main/java/com/seafile/seadroid2/framework/util/Objs.kt:828:30 Unresolved reference 'Intent'.
e: file:///Users/HONGBGU/Documents/seadroid/app/src/main/java/com/seafile/seadroid2/framework/util/Objs.kt:829:20 Unresolved reference 'setType'.
e: file:///Users/HONGBGU/Documents/seadroid/app/src/main/java/com/seafile/seadroid2/framework/util/Objs.kt:830:20 Unresolved reference 'putExtra'.
e: file:///Users/HONGBGU/Documents/seadroid/app/src/main/java/com/seafile/seadroid2/framework/util/Objs.kt:830:29 Unresolved reference 'Intent'.
e: file:///Users/HONGBGU/Documents/seadroid/app/src/main/java/com/seafile/seadroid2/framework/util/Objs.kt:832:25 Unresolved reference 'ResolveInfo'.
e: file:///Users/HONGBGU/Documents/seadroid/app/src/main/java/com/seafile/seadroid2/framework/util/Objs.kt:834:20 Overload resolution ambiguity between candidates:
fun show(@StringRes() resId: Int): Unit
fun show(text: String?): Unit
e: file:///Users/HONGBGU/Documents/seadroid/app/src/main/java/com/seafile/seadroid2/framework/util/Objs.kt:834:25 Unresolved reference 'R'.
e: file:///Users/HONGBGU/Documents/seadroid/app/src/main/java/com/seafile/seadroid2/framework/util/Objs.kt:838:44 Unresolved reference 'activityInfo'.
e: file:///Users/HONGBGU/Documents/seadroid/app/src/main/java/com/seafile/seadroid2/framework/util/Objs.kt:839:46 Unresolved reference 'activityInfo'.
e: file:///Users/HONGBGU/Documents/seadroid/app/src/main/java/com/seafile/seadroid2/framework/util/Objs.kt:840:20 Unresolved reference 'setClassName'.
e: file:///Users/HONGBGU/Documents/seadroid/app/src/main/java/com/seafile/seadroid2/framework/util/Objs.kt:851:25 Unresolved reference 'FileProvider'.
e: file:///Users/HONGBGU/Documents/seadroid/app/src/main/java/com/seafile/seadroid2/framework/util/Objs.kt:857:25 Unresolved reference 'Intent'.
e: file:///Users/HONGBGU/Documents/seadroid/app/src/main/java/com/seafile/seadroid2/framework/util/Objs.kt:857:34 Unresolved reference 'Intent'.
e: file:///Users/HONGBGU/Documents/seadroid/app/src/main/java/com/seafile/seadroid2/framework/util/Objs.kt:858:20 Unresolved reference 'setAction'.
e: file:///Users/HONGBGU/Documents/seadroid/app/src/main/java/com/seafile/seadroid2/framework/util/Objs.kt:858:30 Unresolved reference 'Intent'.
e: file:///Users/HONGBGU/Documents/seadroid/app/src/main/java/com/seafile/seadroid2/framework/util/Objs.kt:859:20 Unresolved reference 'setType'.
e: file:///Users/HONGBGU/Documents/seadroid/app/src/main/java/com/seafile/seadroid2/framework/util/Objs.kt:860:20 Unresolved reference 'putExtra'.
e: file:///Users/HONGBGU/Documents/seadroid/app/src/main/java/com/seafile/seadroid2/framework/util/Objs.kt:860:29 Unresolved reference 'Intent'.
e: file:///Users/HONGBGU/Documents/seadroid/app/src/main/java/com/seafile/seadroid2/framework/util/Objs.kt:863:32 Unresolved reference 'ResolveInfo'.
e: file:///Users/HONGBGU/Documents/seadroid/app/src/main/java/com/seafile/seadroid2/framework/util/Objs.kt:863:48 Unresolved reference 'WidgetUtils'.
e: file:///Users/HONGBGU/Documents/seadroid/app/src/main/java/com/seafile/seadroid2/framework/util/Objs.kt:865:20 Overload resolution ambiguity between candidates:
fun show(@StringRes() resId: Int): Unit
fun show(text: String?): Unit
e: file:///Users/HONGBGU/Documents/seadroid/app/src/main/java/com/seafile/seadroid2/framework/util/Objs.kt:865:25 Unresolved reference 'R'.
e: file:///Users/HONGBGU/Documents/seadroid/app/src/main/java/com/seafile/seadroid2/framework/util/Objs.kt:871:31 Unresolved reference 'R'.
e: file:///Users/HONGBGU/Documents/seadroid/app/src/main/java/com/seafile/seadroid2/framework/util/Objs.kt:873:13 Class '<anonymous>' is not abstract and does not implement abstract member 'onAppSelected'.
e: file:///Users/HONGBGU/Documents/seadroid/app/src/main/java/com/seafile/seadroid2/framework/util/Objs.kt:877:17 'onAppSelected' overrides nothing.
e: file:///Users/HONGBGU/Documents/seadroid/app/src/main/java/com/seafile/seadroid2/framework/util/Objs.kt:877:53 Unresolved reference 'ResolveInfo'.
e: file:///Users/HONGBGU/Documents/seadroid/app/src/main/java/com/seafile/seadroid2/framework/util/Objs.kt:878:53 Unresolved reference 'activityInfo'.
e: file:///Users/HONGBGU/Documents/seadroid/app/src/main/java/com/seafile/seadroid2/framework/util/Objs.kt:879:55 Unresolved reference 'activityInfo'.
e: file:///Users/HONGBGU/Documents/seadroid/app/src/main/java/com/seafile/seadroid2/framework/util/Objs.kt:880:32 Unresolved reference 'setClassName'.
e: file:///Users/HONGBGU/Documents/seadroid/app/src/main/java/com/seafile/seadroid2/framework/util/PermissionUtil.kt:3:20 Conflicting import: imported name 'Activity' is ambiguous.
e: file:///Users/HONGBGU/Documents/seadroid/app/src/main/java/com/seafile/seadroid2/framework/util/PermissionUtil.kt:4:24 Conflicting import: imported name 'Context' is ambiguous.
e: file:///Users/HONGBGU/Documents/seadroid/app/src/main/java/com/seafile/seadroid2/framework/util/PermissionUtil.kt:5:24 Conflicting import: imported name 'Intent' is ambiguous.
e: file:///Users/HONGBGU/Documents/seadroid/app/src/main/java/com/seafile/seadroid2/framework/util/PermissionUtil.kt:6:27 Conflicting import: imported name 'PackageManager' is ambiguous.
e: file:///Users/HONGBGU/Documents/seadroid/app/src/main/java/com/seafile/seadroid2/framework/util/PermissionUtil.kt:7:20 Conflicting import: imported name 'Uri' is ambiguous.
e: file:///Users/HONGBGU/Documents/seadroid/app/src/main/java/com/seafile/seadroid2/framework/util/PermissionUtil.kt:8:25 Conflicting import: imported name 'VERSION' is ambiguous.
e: file:///Users/HONGBGU/Documents/seadroid/app/src/main/java/com/seafile/seadroid2/framework/util/PermissionUtil.kt:9:25 Conflicting import: imported name 'VERSION_CODES' is ambiguous.
e: file:///Users/HONGBGU/Documents/seadroid/app/src/main/java/com/seafile/seadroid2/framework/util/PermissionUtil.kt:10:19 Conflicting import: imported name 'Environment' is ambiguous.
e: file:///Users/HONGBGU/Documents/seadroid/app/src/main/java/com/seafile/seadroid2/framework/util/PermissionUtil.kt:11:25 Conflicting import: imported name 'Settings' is ambiguous.
e: file:///Users/HONGBGU/Documents/seadroid/app/src/main/java/com/seafile/seadroid2/framework/util/PermissionUtil.kt:12:28 Conflicting import: imported name 'RequiresApi' is ambiguous.
e: file:///Users/HONGBGU/Documents/seadroid/app/src/main/java/com/seafile/seadroid2/framework/util/PermissionUtil.kt:13:26 Conflicting import: imported name 'ActivityCompat' is ambiguous.
e: file:///Users/HONGBGU/Documents/seadroid/app/src/main/java/com/seafile/seadroid2/framework/util/PermissionUtil.kt:14:30 Conflicting import: imported name 'ContextCompat' is ambiguous.
e: file:///Users/HONGBGU/Documents/seadroid/app/src/main/java/com/seafile/seadroid2/framework/util/PermissionUtil.kt:15:33 Conflicting import: imported name 'CollectionUtils' is ambiguous.
e: file:///Users/HONGBGU/Documents/seadroid/app/src/main/java/com/seafile/seadroid2/framework/util/PermissionUtil.kt:16:18 Conflicting import: imported name 'Arrays' is ambiguous.
e: file:///Users/HONGBGU/Documents/seadroid/app/src/main/java/com/seafile/seadroid2/framework/util/PermissionUtil.kt:18:54 Cannot import 'endOfPaginationReached'. Functions and properties can only be imported from packages or objects.
e: file:///Users/HONGBGU/Documents/seadroid/app/src/main/java/com/seafile/seadroid2/framework/util/PermissionUtil.kt:19:78 Cannot import 'invokeFailRetry'. Functions and properties can only be imported from packages or objects.
e: file:///Users/HONGBGU/Documents/seadroid/app/src/main/java/com/seafile/seadroid2/framework/util/PermissionUtil.kt:20:61 Cannot import 'build'. Functions and properties can only be imported from packages or objects.
e: file:///Users/HONGBGU/Documents/seadroid/app/src/main/java/com/seafile/seadroid2/framework/util/PermissionUtil.kt:21:45 Cannot import 'get'. Functions and properties can only be imported from packages or objects.
e: file:///Users/HONGBGU/Documents/seadroid/app/src/main/java/com/seafile/seadroid2/framework/util/PermissionUtil.kt:22:56 Cannot import 'launch'. Functions and properties can only be imported from packages or objects.
e: file:///Users/HONGBGU/Documents/seadroid/app/src/main/java/com/seafile/seadroid2/framework/util/PermissionUtil.kt:23:64 Cannot import 'setMediaType'. Functions and properties can only be imported from packages or objects.
e: file:///Users/HONGBGU/Documents/seadroid/app/src/main/java/com/seafile/seadroid2/framework/util/PermissionUtil.kt:24:64 Cannot import 'build'. Functions and properties can only be imported from packages or objects.
e: file:///Users/HONGBGU/Documents/seadroid/app/src/main/java/com/seafile/seadroid2/framework/util/PermissionUtil.kt:25:44 Cannot import 'onBackPressedDispatcher'. Functions and properties can only be imported from packages or objects.
e: file:///Users/HONGBGU/Documents/seadroid/app/src/main/java/com/seafile/seadroid2/framework/util/PermissionUtil.kt:26:50 Cannot import 'addCallback'. Functions and properties can only be imported from packages or objects.
e: file:///Users/HONGBGU/Documents/seadroid/app/src/main/java/com/seafile/seadroid2/framework/util/PermissionUtil.kt:27:44 Cannot import 'onNewIntent'. Functions and properties can only be imported from packages or objects.
e: file:///Users/HONGBGU/Documents/seadroid/app/src/main/java/com/seafile/seadroid2/framework/util/PermissionUtil.kt:28:44 Cannot import 'invalidateMenu'. Functions and properties can only be imported from packages or objects.
e: file:///Users/HONGBGU/Documents/seadroid/app/src/main/java/com/seafile/seadroid2/framework/util/PermissionUtil.kt:29:57 Cannot import 'isProEdition'. Functions and properties can only be imported from packages or objects.
e: file:///Users/HONGBGU/Documents/seadroid/app/src/main/java/com/seafile/seadroid2/framework/util/PermissionUtil.kt:30:69 Cannot import 'getFeaturesString'. Functions and properties can only be imported from packages or objects.
e: file:///Users/HONGBGU/Documents/seadroid/app/src/main/java/com/seafile/seadroid2/framework/util/PermissionUtil.kt:31:51 Cannot import 'submitList'. Functions and properties can only be imported from packages or objects.
e: file:///Users/HONGBGU/Documents/seadroid/app/src/main/java/com/seafile/seadroid2/framework/util/PermissionUtil.kt:32:51 Cannot import 'setOnItemClickListener'. Functions and properties can only be imported from packages or objects.
e: file:///Users/HONGBGU/Documents/seadroid/app/src/main/java/com/seafile/seadroid2/framework/util/PermissionUtil.kt:33:51 Cannot import 'getItem'. Functions and properties can only be imported from packages or objects.
e: file:///Users/HONGBGU/Documents/seadroid/app/src/main/java/com/seafile/seadroid2/framework/util/PermissionUtil.kt:34:51 Cannot import 'getItemCount'. Functions and properties can only be imported from packages or objects.
e: file:///Users/HONGBGU/Documents/seadroid/app/src/main/java/com/seafile/seadroid2/framework/util/PermissionUtil.kt:35:55 Cannot import 'addItemType'. Functions and properties can only be imported from packages or objects.
e: file:///Users/HONGBGU/Documents/seadroid/app/src/main/java/com/seafile/seadroid2/framework/util/PermissionUtil.kt:36:82 Cannot import 'onBind'. Functions and properties can only be imported from packages or objects.
e: file:///Users/HONGBGU/Documents/seadroid/app/src/main/java/com/seafile/seadroid2/framework/util/PermissionUtil.kt:37:55 Cannot import 'onItemViewType'. Functions and properties can only be imported from packages or objects.
e: file:///Users/HONGBGU/Documents/seadroid/app/src/main/java/com/seafile/seadroid2/framework/util/PermissionUtil.kt:38:51 Cannot import 'onAttachedToRecyclerView'. Functions and properties can only be imported from packages or objects.
e: file:///Users/HONGBGU/Documents/seadroid/app/src/main/java/com/seafile/seadroid2/framework/util/PermissionUtil.kt:39:51 Cannot import 'context'. Functions and properties can only be imported from packages or objects.
e: file:///Users/HONGBGU/Documents/seadroid/app/src/main/java/com/seafile/seadroid2/framework/util/PermissionUtil.kt:40:65 Cannot import 'isDir'. Functions and properties can only be imported from packages or objects.
e: file:///Users/HONGBGU/Documents/seadroid/app/src/main/java/com/seafile/seadroid2/framework/util/PermissionUtil.kt:41:65 Cannot import 'getSubtitle'. Functions and properties can only be imported from packages or objects.
e: file:///Users/HONGBGU/Documents/seadroid/app/src/main/java/com/seafile/seadroid2/framework/util/PermissionUtil.kt:42:65 Cannot import 'getIcon'. Functions and properties can only be imported from packages or objects.
e: file:///Users/HONGBGU/Documents/seadroid/app/src/main/java/com/seafile/seadroid2/framework/util/PermissionUtil.kt:43:51 Cannot import 'items'. Functions and properties can only be imported from packages or objects.
e: file:///Users/HONGBGU/Documents/seadroid/app/src/main/java/com/seafile/seadroid2/framework/util/PermissionUtil.kt:44:61 Cannot import 'equals'. Functions and properties can only be imported from packages or objects.
e: file:///Users/HONGBGU/Documents/seadroid/app/src/main/java/com/seafile/seadroid2/framework/util/PermissionUtil.kt:45:65 Cannot import 'equals'. Functions and properties can only be imported from packages or objects.
e: file:///Users/HONGBGU/Documents/seadroid/app/src/main/java/com/seafile/seadroid2/framework/util/PermissionUtil.kt:46:70 Cannot import 'invisibleOriginItemWhenStickyItemShowing'. Functions and properties can only be imported from packages or objects.
e: file:///Users/HONGBGU/Documents/seadroid/app/src/main/java/com/seafile/seadroid2/framework/util/PermissionUtil.kt:47:70 Cannot import 'disabledScrollUpStickyItem'. Functions and properties can only be imported from packages or objects.
e: file:///Users/HONGBGU/Documents/seadroid/app/src/main/java/com/seafile/seadroid2/framework/util/PermissionUtil.kt:48:70 Cannot import 'showInContainer'. Functions and properties can only be imported from packages or objects.
e: file:///Users/HONGBGU/Documents/seadroid/app/src/main/java/com/seafile/seadroid2/framework/util/PermissionUtil.kt:49:70 Cannot import 'build'. Functions and properties can only be imported from packages or objects.
e: file:///Users/HONGBGU/Documents/seadroid/app/src/main/java/com/seafile/seadroid2/framework/util/PermissionUtil.kt:50:57 Cannot import 'isSearchEnabled'. Functions and properties can only be imported from packages or objects.
e: file:///Users/HONGBGU/Documents/seadroid/app/src/main/java/com/seafile/seadroid2/framework/util/PermissionUtil.kt:51:51 Cannot import 'set'. Functions and properties can only be imported from packages or objects.
e: file:///Users/HONGBGU/Documents/seadroid/app/src/main/java/com/seafile/seadroid2/framework/util/PermissionUtil.kt:52:51 Cannot import 'setOnItemLongClickListener'. Functions and properties can only be imported from packages or objects.
e: file:///Users/HONGBGU/Documents/seadroid/app/src/main/java/com/seafile/seadroid2/framework/util/PermissionUtil.kt:53:51 Cannot import 'addAll'. Functions and properties can only be imported from packages or objects.
e: file:///Users/HONGBGU/Documents/seadroid/app/src/main/java/com/seafile/seadroid2/framework/util/PermissionUtil.kt:54:61 Cannot import 'getRepoList'. Functions and properties can only be imported from packages or objects.
e: file:///Users/HONGBGU/Documents/seadroid/app/src/main/java/com/seafile/seadroid2/framework/util/PermissionUtil.kt:55:51 Cannot import 'removeAtRange'. Functions and properties can only be imported from packages or objects.
e: file:///Users/HONGBGU/Documents/seadroid/app/src/main/java/com/seafile/seadroid2/framework/util/PermissionUtil.kt:56:51 Cannot import 'stateView'. Functions and properties can only be imported from packages or objects.
e: file:///Users/HONGBGU/Documents/seadroid/app/src/main/java/com/seafile/seadroid2/framework/util/PermissionUtil.kt:57:51 Cannot import 'isStateViewEnable'. Functions and properties can only be imported from packages or objects.
e: file:///Users/HONGBGU/Documents/seadroid/app/src/main/java/com/seafile/seadroid2/framework/util/PermissionUtil.kt:59:51 Cannot import 'animationEnable'. Functions and properties can only be imported from packages or objects.
e: file:///Users/HONGBGU/Documents/seadroid/app/src/main/java/com/seafile/seadroid2/framework/util/PermissionUtil.kt:60:51 Cannot import 'setStateViewLayout'. Functions and properties can only be imported from packages or objects.
e: file:///Users/HONGBGU/Documents/seadroid/app/src/main/java/com/seafile/seadroid2/framework/util/PermissionUtil.kt:61:51 Cannot import 'addOnItemChildClickListener'. Functions and properties can only be imported from packages or objects.
e: file:///Users/HONGBGU/Documents/seadroid/app/src/main/java/com/seafile/seadroid2/framework/util/PermissionUtil.kt:62:53 Cannot import 'adapter'. Functions and properties can only be imported from packages or objects.
e: file:///Users/HONGBGU/Documents/seadroid/app/src/main/java/com/seafile/seadroid2/framework/util/PermissionUtil.kt:63:74 Cannot import 'setMetadataConfigModel'. Functions and properties can only be imported from packages or objects.
e: file:///Users/HONGBGU/Documents/seadroid/app/src/main/java/com/seafile/seadroid2/framework/util/PermissionUtil.kt:64:74 Cannot import 'setDetail'. Functions and properties can only be imported from packages or objects.
e: file:///Users/HONGBGU/Documents/seadroid/app/src/main/java/com/seafile/seadroid2/framework/util/PermissionUtil.kt:65:74 Cannot import 'getMetaEnabled'. Functions and properties can only be imported from packages or objects.
e: file:///Users/HONGBGU/Documents/seadroid/app/src/main/java/com/seafile/seadroid2/framework/util/PermissionUtil.kt:66:74 Cannot import 'getTagsEnabled'. Functions and properties can only be imported from packages or objects.
e: file:///Users/HONGBGU/Documents/seadroid/app/src/main/java/com/seafile/seadroid2/framework/util/PermissionUtil.kt:67:74 Cannot import 'initDefaultIfMetaNotEnable'. Functions and properties can only be imported from packages or objects.
e: file:///Users/HONGBGU/Documents/seadroid/app/src/main/java/com/seafile/seadroid2/framework/util/PermissionUtil.kt:68:74 Cannot import 'setRelatedUserWrapperModel'. Functions and properties can only be imported from packages or objects.
e: file:///Users/HONGBGU/Documents/seadroid/app/src/main/java/com/seafile/seadroid2/framework/util/PermissionUtil.kt:69:74 Cannot import 'addRecordWrapperModel'. Functions and properties can only be imported from packages or objects.
e: file:///Users/HONGBGU/Documents/seadroid/app/src/main/java/com/seafile/seadroid2/framework/util/PermissionUtil.kt:70:74 Cannot import 'setTagWrapperModel'. Functions and properties can only be imported from packages or objects.
e: file:///Users/HONGBGU/Documents/seadroid/app/src/main/java/com/seafile/seadroid2/framework/util/PermissionUtil.kt:71:44 Cannot import 'onSaveInstanceState'. Functions and properties can only be imported from packages or objects.
e: file:///Users/HONGBGU/Documents/seadroid/app/src/main/java/com/seafile/seadroid2/framework/util/PermissionUtil.kt:72:72 Cannot import 'canUse'. Functions and properties can only be imported from packages or objects.
e: file:///Users/HONGBGU/Documents/seadroid/app/src/main/java/com/seafile/seadroid2/framework/util/PermissionUtil.kt:73:36 Cannot import 'accept'. Functions and properties can only be imported from packages or objects.
e: file:///Users/HONGBGU/Documents/seadroid/app/src/main/java/com/seafile/seadroid2/framework/util/PermissionUtil.kt:74:20 Cannot import 'second'. Functions and properties can only be imported from packages or objects.
e: file:///Users/HONGBGU/Documents/seadroid/app/src/main/java/com/seafile/seadroid2/framework/util/PermissionUtil.kt:76:51 Cannot import 'removeAt'. Functions and properties can only be imported from packages or objects.
e: file:///Users/HONGBGU/Documents/seadroid/app/src/main/java/com/seafile/seadroid2/framework/util/PermissionUtil.kt:77:62 Cannot import 'getSubjectName'. Functions and properties can only be imported from packages or objects.
e: file:///Users/HONGBGU/Documents/seadroid/app/src/main/java/com/seafile/seadroid2/framework/util/PermissionUtil.kt:78:62 Cannot import 'getSignature'. Functions and properties can only be imported from packages or objects.
e: file:///Users/HONGBGU/Documents/seadroid/app/src/main/java/com/seafile/seadroid2/framework/util/PermissionUtil.kt:79:62 Cannot import 'getSerialNumber'. Functions and properties can only be imported from packages or objects.
e: file:///Users/HONGBGU/Documents/seadroid/app/src/main/java/com/seafile/seadroid2/framework/util/PermissionUtil.kt:80:62 Cannot import 'getNotBefore'. Functions and properties can only be imported from packages or objects.
e: file:///Users/HONGBGU/Documents/seadroid/app/src/main/java/com/seafile/seadroid2/framework/util/PermissionUtil.kt:81:62 Cannot import 'getNotAfter'. Functions and properties can only be imported from packages or objects.
e: file:///Users/HONGBGU/Documents/seadroid/app/src/main/java/com/seafile/seadroid2/framework/util/PermissionUtil.kt:82:50 Cannot import 'onBackPressed'. Functions and properties can only be imported from packages or objects.
e: file:///Users/HONGBGU/Documents/seadroid/app/src/main/java/com/seafile/seadroid2/framework/util/PermissionUtil.kt:84:44 Cannot import 'code'. Functions and properties can only be imported from packages or objects.
e: file:///Users/HONGBGU/Documents/seadroid/app/src/main/java/com/seafile/seadroid2/framework/util/PermissionUtil.kt:85:44 Cannot import 'indexOfKey'. Functions and properties can only be imported from packages or objects.
e: file:///Users/HONGBGU/Documents/seadroid/app/src/main/java/com/seafile/seadroid2/framework/util/PermissionUtil.kt:86:44 Cannot import 'valueAt'. Functions and properties can only be imported from packages or objects.
e: file:///Users/HONGBGU/Documents/seadroid/app/src/main/java/com/seafile/seadroid2/framework/util/PermissionUtil.kt:87:44 Cannot import 'put'. Functions and properties can only be imported from packages or objects.
e: file:///Users/HONGBGU/Documents/seadroid/app/src/main/java/com/seafile/seadroid2/framework/util/PermissionUtil.kt:88:71 Cannot import 'getTime'. Functions and properties can only be imported from packages or objects.
e: file:///Users/HONGBGU/Documents/seadroid/app/src/main/java/com/seafile/seadroid2/framework/util/PermissionUtil.kt:89:61 Cannot import 'setTrailingLoadStateAdapter'. Functions and properties can only be imported from packages or objects.
e: file:///Users/HONGBGU/Documents/seadroid/app/src/main/java/com/seafile/seadroid2/framework/util/PermissionUtil.kt:90:78 Cannot import 'setOnLoadMoreListener'. Functions and properties can only be imported from packages or objects.
e: file:///Users/HONGBGU/Documents/seadroid/app/src/main/java/com/seafile/seadroid2/framework/util/PermissionUtil.kt:91:53 Cannot import 'trailingLoadState'. Functions and properties can only be imported from packages or objects.
e: file:///Users/HONGBGU/Documents/seadroid/app/src/main/java/com/seafile/seadroid2/framework/util/PermissionUtil.kt:92:53 Cannot import 'trailingLoadStateAdapter'. Functions and properties can only be imported from packages or objects.
e: file:///Users/HONGBGU/Documents/seadroid/app/src/main/java/com/seafile/seadroid2/framework/util/PermissionUtil.kt:93:78 Cannot import 'checkDisableLoadMoreIfNotFullPage'. Functions and properties can only be imported from packages or objects.
e: file:///Users/HONGBGU/Documents/seadroid/app/src/main/java/com/seafile/seadroid2/framework/util/PermissionUtil.kt:95:76 Cannot import 'getCreatedAtFriendlyText'. Functions and properties can only be imported from packages or objects.
e: file:///Users/HONGBGU/Documents/seadroid/app/src/main/java/com/seafile/seadroid2/framework/util/PermissionUtil.kt:96:20 Cannot import 'first'. Functions and properties can only be imported from packages or objects.
e: file:///Users/HONGBGU/Documents/seadroid/app/src/main/java/com/seafile/seadroid2/framework/util/PermissionUtil.kt:97:61 Cannot import 'getAvatarUrl'. Functions and properties can only be imported from packages or objects.
e: file:///Users/HONGBGU/Documents/seadroid/app/src/main/java/com/seafile/seadroid2/framework/util/PermissionUtil.kt:98:74 Cannot import 'getRecordMetaDataList'. Functions and properties can only be imported from packages or objects.
e: file:///Users/HONGBGU/Documents/seadroid/app/src/main/java/com/seafile/seadroid2/framework/util/PermissionUtil.kt:99:74 Cannot import 'setRecordMetaDataList'. Functions and properties can only be imported from packages or objects.
e: file:///Users/HONGBGU/Documents/seadroid/app/src/main/java/com/seafile/seadroid2/framework/util/PermissionUtil.kt:100:74 Cannot import 'getRecordResultList'. Functions and properties can only be imported from packages or objects.
e: file:///Users/HONGBGU/Documents/seadroid/app/src/main/java/com/seafile/seadroid2/framework/util/PermissionUtil.kt:101:61 Cannot import 'name'. Functions and properties can only be imported from packages or objects.
e: file:///Users/HONGBGU/Documents/seadroid/app/src/main/java/com/seafile/seadroid2/framework/util/PermissionUtil.kt:102:74 Cannot import 'getRelatedUserList'. Functions and properties can only be imported from packages or objects.
e: file:///Users/HONGBGU/Documents/seadroid/app/src/main/java/com/seafile/seadroid2/framework/util/PermissionUtil.kt:103:61 Cannot import 'email'. Functions and properties can only be imported from packages or objects.
e: file:///Users/HONGBGU/Documents/seadroid/app/src/main/java/com/seafile/seadroid2/framework/util/PermissionUtil.kt:105:72 Cannot import 'toString'. Functions and properties can only be imported from packages or objects.
e: file:///Users/HONGBGU/Documents/seadroid/app/src/main/java/com/seafile/seadroid2/framework/util/PermissionUtil.kt:106:48 Cannot import 'setKeepOnScreenCondition'. Functions and properties can only be imported from packages or objects.
e: file:///Users/HONGBGU/Documents/seadroid/app/src/main/java/com/seafile/seadroid2/framework/util/PermissionUtil.kt:107:74 Cannot import 'getDetail'. Functions and properties can only be imported from packages or objects.
e: file:///Users/HONGBGU/Documents/seadroid/app/src/main/java/com/seafile/seadroid2/framework/util/PermissionUtil.kt:108:74 Cannot import 'getTagMap'. Functions and properties can only be imported from packages or objects.
e: file:///Users/HONGBGU/Documents/seadroid/app/src/main/java/com/seafile/seadroid2/framework/util/PermissionUtil.kt:109:57 Cannot import 'getUrl'. Functions and properties can only be imported from packages or objects.
e: file:///Users/HONGBGU/Documents/seadroid/app/src/main/java/com/seafile/seadroid2/framework/util/PermissionUtil.kt:110:57 Cannot import 'getVersion'. Functions and properties can only be imported from packages or objects.
e: file:///Users/HONGBGU/Documents/seadroid/app/src/main/java/com/seafile/seadroid2/framework/util/PermissionUtil.kt:111:57 Cannot import 'getEncrypted_library_version'. Functions and properties can only be imported from packages or objects.
e: file:///Users/HONGBGU/Documents/seadroid/app/src/main/java/com/seafile/seadroid2/framework/util/PermissionUtil.kt:112:57 Cannot import 'getFeatures'. Functions and properties can only be imported from packages or objects.
e: file:///Users/HONGBGU/Documents/seadroid/app/src/main/java/com/seafile/seadroid2/framework/util/PermissionUtil.kt:115:70 Cannot import 'getMtimeInMills'. Functions and properties can only be imported from packages or objects.
e: file:///Users/HONGBGU/Documents/seadroid/app/src/main/java/com/seafile/seadroid2/framework/util/PermissionUtil.kt:117:43 Cannot import 'addMigrations'. Functions and properties can only be imported from packages or objects.
e: file:///Users/HONGBGU/Documents/seadroid/app/src/main/java/com/seafile/seadroid2/framework/util/PermissionUtil.kt:118:43 Cannot import 'build'. Functions and properties can only be imported from packages or objects.
e: file:///Users/HONGBGU/Documents/seadroid/app/src/main/java/com/seafile/seadroid2/framework/util/PermissionUtil.kt:119:49 Cannot import 'execSQL'. Functions and properties can only be imported from packages or objects.
e: file:///Users/HONGBGU/Documents/seadroid/app/src/main/java/com/seafile/seadroid2/framework/util/PermissionUtil.kt:120:49 Cannot import 'query'. Functions and properties can only be imported from packages or objects.
e: file:///Users/HONGBGU/Documents/seadroid/app/src/main/java/com/seafile/seadroid2/framework/util/PermissionUtil.kt:121:61 Cannot import 'getTitle'. Functions and properties can only be imported from packages or objects.
e: file:///Users/HONGBGU/Documents/seadroid/app/src/main/java/com/seafile/seadroid2/framework/util/PermissionUtil.kt:122:61 Cannot import 'addAllRepoList'. Functions and properties can only be imported from packages or objects.
e: file:///Users/HONGBGU/Documents/seadroid/app/src/main/java/com/seafile/seadroid2/framework/util/PermissionUtil.kt:123:58 Cannot import 'setPath'. Functions and properties can only be imported from packages or objects.
e: file:///Users/HONGBGU/Documents/seadroid/app/src/main/java/com/seafile/seadroid2/framework/util/PermissionUtil.kt:124:58 Cannot import 'setLabel'. Functions and properties can only be imported from packages or objects.
e: file:///Users/HONGBGU/Documents/seadroid/app/src/main/java/com/seafile/seadroid2/framework/util/PermissionUtil.kt:125:58 Cannot import 'setRemovable'. Functions and properties can only be imported from packages or objects.
e: file:///Users/HONGBGU/Documents/seadroid/app/src/main/java/com/seafile/seadroid2/framework/util/PermissionUtil.kt:126:58 Cannot import 'setPrimary'. Functions and properties can only be imported from packages or objects.
e: file:///Users/HONGBGU/Documents/seadroid/app/src/main/java/com/seafile/seadroid2/framework/util/PermissionUtil.kt:127:58 Cannot import 'setAvailable'. Functions and properties can only be imported from packages or objects.
e: file:///Users/HONGBGU/Documents/seadroid/app/src/main/java/com/seafile/seadroid2/framework/util/PermissionUtil.kt:128:57 Cannot import 'getError'. Functions and properties can only be imported from packages or objects.
e: file:///Users/HONGBGU/Documents/seadroid/app/src/main/java/com/seafile/seadroid2/framework/util/PermissionUtil.kt:129:42 Cannot import 'setBackoffCriteria'. Functions and properties can only be imported from packages or objects.
e: file:///Users/HONGBGU/Documents/seadroid/app/src/main/java/com/seafile/seadroid2/framework/util/PermissionUtil.kt:130:42 Cannot import 'addTag'. Functions and properties can only be imported from packages or objects.
e: file:///Users/HONGBGU/Documents/seadroid/app/src/main/java/com/seafile/seadroid2/framework/util/PermissionUtil.kt:131:42 Cannot import 'setRequiredNetworkType'. Functions and properties can only be imported from packages or objects.
e: file:///Users/HONGBGU/Documents/seadroid/app/src/main/java/com/seafile/seadroid2/framework/util/PermissionUtil.kt:132:42 Cannot import 'build'. Functions and properties can only be imported from packages or objects.
e: file:///Users/HONGBGU/Documents/seadroid/app/src/main/java/com/seafile/seadroid2/framework/util/PermissionUtil.kt:133:42 Cannot import 'setId'. Functions and properties can only be imported from packages or objects.
e: file:///Users/HONGBGU/Documents/seadroid/app/src/main/java/com/seafile/seadroid2/framework/util/PermissionUtil.kt:134:42 Cannot import 'setConstraints'. Functions and properties can only be imported from packages or objects.
e: file:///Users/HONGBGU/Documents/seadroid/app/src/main/java/com/seafile/seadroid2/framework/util/PermissionUtil.kt:135:42 Cannot import 'build'. Functions and properties can only be imported from packages or objects.
e: file:///Users/HONGBGU/Documents/seadroid/app/src/main/java/com/seafile/seadroid2/framework/util/PermissionUtil.kt:136:42 Cannot import 'setInputData'. Functions and properties can only be imported from packages or objects.
e: file:///Users/HONGBGU/Documents/seadroid/app/src/main/java/com/seafile/seadroid2/framework/util/PermissionUtil.kt:137:79 Cannot import 'getParent_dir'. Functions and properties can only be imported from packages or objects.
e: file:///Users/HONGBGU/Documents/seadroid/app/src/main/java/com/seafile/seadroid2/framework/util/PermissionUtil.kt:140:37 Cannot import 'onCleared'. Functions and properties can only be imported from packages or objects.
e: file:///Users/HONGBGU/Documents/seadroid/app/src/main/java/com/seafile/seadroid2/framework/util/PermissionUtil.kt:141:42 Cannot import 'lifecycle'. Functions and properties can only be imported from packages or objects.
e: file:///Users/HONGBGU/Documents/seadroid/app/src/main/java/com/seafile/seadroid2/framework/util/PermissionUtil.kt:142:37 Cannot import 'addObserver'. Functions and properties can only be imported from packages or objects.
e: file:///Users/HONGBGU/Documents/seadroid/app/src/main/java/com/seafile/seadroid2/framework/util/PermissionUtil.kt:143:37 Cannot import 'removeObserver'. Functions and properties can only be imported from packages or objects.
e: file:///Users/HONGBGU/Documents/seadroid/app/src/main/java/com/seafile/seadroid2/framework/util/PermissionUtil.kt:210:24 Conflicting import: imported name 'Intent' is ambiguous.
e: file:///Users/HONGBGU/Documents/seadroid/app/src/main/java/com/seafile/seadroid2/framework/util/PermissionUtil.kt:216:20 Conflicting import: imported name 'Activity' is ambiguous.
e: file:///Users/HONGBGU/Documents/seadroid/app/src/main/java/com/seafile/seadroid2/framework/util/PermissionUtil.kt:251:27 Conflicting import: imported name 'PackageManager' is ambiguous.
e: file:///Users/HONGBGU/Documents/seadroid/app/src/main/java/com/seafile/seadroid2/framework/util/PermissionUtil.kt:260:69 Unresolved reference 'FileSyncBinder'.
e: file:///Users/HONGBGU/Documents/seadroid/app/src/main/java/com/seafile/seadroid2/framework/util/PermissionUtil.kt:296:30 Conflicting import: imported name 'ContextCompat' is ambiguous.
e: file:///Users/HONGBGU/Documents/seadroid/app/src/main/java/com/seafile/seadroid2/framework/util/PermissionUtil.kt:566:19 Conflicting import: imported name 'Environment' is ambiguous.
e: file:///Users/HONGBGU/Documents/seadroid/app/src/main/java/com/seafile/seadroid2/framework/util/PermissionUtil.kt:728:73 Cannot access 'inner class AppsListAdapter : BaseAdapter': it is private in 'com/seafile/seadroid2/ui/dialog_fragment/AppChoiceDialogFragment'.
e: file:///Users/HONGBGU/Documents/seadroid/app/src/main/java/com/seafile/seadroid2/framework/util/PermissionUtil.kt:780:25 Conflicting import: imported name 'VERSION' is ambiguous.
e: file:///Users/HONGBGU/Documents/seadroid/app/src/main/java/com/seafile/seadroid2/framework/util/PermissionUtil.kt:781:25 Conflicting import: imported name 'VERSION_CODES' is ambiguous.
e: file:///Users/HONGBGU/Documents/seadroid/app/src/main/java/com/seafile/seadroid2/framework/util/PermissionUtil.kt:840:28 Conflicting import: imported name 'RequiresApi' is ambiguous.
e: file:///Users/HONGBGU/Documents/seadroid/app/src/main/java/com/seafile/seadroid2/framework/util/PermissionUtil.kt:966:26 Conflicting import: imported name 'ActivityCompat' is ambiguous.
e: file:///Users/HONGBGU/Documents/seadroid/app/src/main/java/com/seafile/seadroid2/framework/util/PermissionUtil.kt:1041:24 Conflicting import: imported name 'Context' is ambiguous.
e: file:///Users/HONGBGU/Documents/seadroid/app/src/main/java/com/seafile/seadroid2/framework/util/PermissionUtil.kt:1073:69 Unresolved reference 'FolderStateChangedListener'.
e: file:///Users/HONGBGU/Documents/seadroid/app/src/main/java/com/seafile/seadroid2/framework/util/PermissionUtil.kt:1093:20 Conflicting import: imported name 'Uri' is ambiguous.
e: file:///Users/HONGBGU/Documents/seadroid/app/src/main/java/com/seafile/seadroid2/framework/util/PermissionUtil.kt:1094:25 Conflicting import: imported name 'Settings' is ambiguous.
e: file:///Users/HONGBGU/Documents/seadroid/app/src/main/java/com/seafile/seadroid2/framework/util/PermissionUtil.kt:1100:33 Conflicting import: imported name 'CollectionUtils' is ambiguous.
e: file:///Users/HONGBGU/Documents/seadroid/app/src/main/java/com/seafile/seadroid2/framework/util/PermissionUtil.kt:1102:18 Conflicting import: imported name 'Arrays' is ambiguous.
e: file:///Users/HONGBGU/Documents/seadroid/app/src/main/java/com/seafile/seadroid2/framework/util/PermissionUtil.kt:1130:17 Unresolved reference 'Manifest'.
e: file:///Users/HONGBGU/Documents/seadroid/app/src/main/java/com/seafile/seadroid2/framework/util/PermissionUtil.kt:1142:37 Unresolved reference 'Manifest'.
e: file:///Users/HONGBGU/Documents/seadroid/app/src/main/java/com/seafile/seadroid2/framework/util/PermissionUtil.kt:1157:17 Unresolved reference 'Manifest'.
e: file:///Users/HONGBGU/Documents/seadroid/app/src/main/java/com/seafile/seadroid2/framework/util/PermissionUtil.kt:1195:32 Unresolved reference 'Manifest'.
e: file:///Users/HONGBGU/Documents/seadroid/app/src/main/java/com/seafile/seadroid2/framework/util/PinyinSource.kt:19:61 Cannot import 'equals'. Functions and properties can only be imported from packages or objects.
e: file:///Users/HONGBGU/Documents/seadroid/app/src/main/java/com/seafile/seadroid2/framework/util/PinyinSource.kt:20:65 Cannot import 'equals'. Functions and properties can only be imported from packages or objects.
e: file:///Users/HONGBGU/Documents/seadroid/app/src/main/java/com/seafile/seadroid2/framework/util/PinyinUtils.kt:22:61 Cannot import 'equals'. Functions and properties can only be imported from packages or objects.
e: file:///Users/HONGBGU/Documents/seadroid/app/src/main/java/com/seafile/seadroid2/framework/util/PinyinUtils.kt:23:65 Cannot import 'equals'. Functions and properties can only be imported from packages or objects.
e: file:///Users/HONGBGU/Documents/seadroid/app/src/main/java/com/seafile/seadroid2/framework/util/SLogs.kt:7:21 Unresolved reference 'Build'.
e: file:///Users/HONGBGU/Documents/seadroid/app/src/main/java/com/seafile/seadroid2/framework/util/SLogs.kt:8:21 Unresolved reference 'Build'.
e: file:///Users/HONGBGU/Documents/seadroid/app/src/main/java/com/seafile/seadroid2/framework/util/SLogs.kt:9:23 Unresolved reference 'Build'.
e: file:///Users/HONGBGU/Documents/seadroid/app/src/main/java/com/seafile/seadroid2/framework/util/SLogs.kt:10:19 Unresolved reference 'Build'.
e: file:///Users/HONGBGU/Documents/seadroid/app/src/main/java/com/seafile/seadroid2/framework/util/SLogs.kt:22:16 Unresolved reference 'Build'.
e: file:///Users/HONGBGU/Documents/seadroid/app/src/main/java/com/seafile/seadroid2/framework/util/SLogs.kt:26:16 Unresolved reference 'Build'.
e: file:///Users/HONGBGU/Documents/seadroid/app/src/main/java/com/seafile/seadroid2/framework/util/SLogs.kt:30:16 Unresolved reference 'Build'.
e: file:///Users/HONGBGU/Documents/seadroid/app/src/main/java/com/seafile/seadroid2/framework/util/TUtil.kt:11:54 One type argument expected. Use class 'Class' if you don't intend to pass type arguments.
e: file:///Users/HONGBGU/Documents/seadroid/app/src/main/java/com/seafile/seadroid2/framework/util/TUtil.kt:13:18 Unresolved reference 'newInstance'.
e: file:///Users/HONGBGU/Documents/seadroid/app/src/main/java/com/seafile/seadroid2/framework/util/TakeCameras.kt:35:13 Unresolved reference 'FileProvider'.
e: file:///Users/HONGBGU/Documents/seadroid/app/src/main/java/com/seafile/seadroid2/framework/util/Token2SessionConverts.kt:8:78 Only safe (?.) or non-null asserted (!!.) calls are allowed on a nullable receiver of type 'com.seafile.seadroid2.account.SupportAccountManager?'.
e: file:///Users/HONGBGU/Documents/seadroid/app/src/main/java/com/seafile/seadroid2/framework/util/Utils.kt:43:41 Unresolved reference 'JSONObject'.
e: file:///Users/HONGBGU/Documents/seadroid/app/src/main/java/com/seafile/seadroid2/framework/util/Utils.kt:51:20 Unresolved reference 'JSONTokener'.
e: file:///Users/HONGBGU/Documents/seadroid/app/src/main/java/com/seafile/seadroid2/framework/util/Utils.kt:51:53 Unresolved reference 'JSONObject'.
e: file:///Users/HONGBGU/Documents/seadroid/app/src/main/java/com/seafile/seadroid2/framework/util/Utils.kt:135:34 Initializer type mismatch: expected 'kotlin.Array<kotlin.String?>', actual 'kotlin.Array<kotlin.String>'.
e: file:///Users/HONGBGU/Documents/seadroid/app/src/main/java/com/seafile/seadroid2/framework/util/Utils.kt:135:34 Type mismatch: inferred type is 'kotlin.String?', but 'kotlin.String' was expected.
e: file:///Users/HONGBGU/Documents/seadroid/app/src/main/java/com/seafile/seadroid2/framework/util/Utils.kt:149:45 Overload resolution ambiguity between candidates:
@IntrinsicConstEvaluation() fun div(other: Byte): Long
@IntrinsicConstEvaluation() fun div(other: Double): Double
@IntrinsicConstEvaluation() fun div(other: Float): Float
@IntrinsicConstEvaluation() fun div(other: Int): Long
@IntrinsicConstEvaluation() fun div(other: Long): Long
@IntrinsicConstEvaluation() fun div(other: Short): Long
e: file:///Users/HONGBGU/Documents/seadroid/app/src/main/java/com/seafile/seadroid2/framework/util/Utils.kt:149:54 Unresolved reference 'pow'.
e: file:///Users/HONGBGU/Documents/seadroid/app/src/main/java/com/seafile/seadroid2/framework/util/Utils.kt:153:31 Overload resolution ambiguity between candidates:
@RecentlyNonNull() fun format(p0: Double): String!
@RecentlyNonNull() fun format(p0: Long): String!
fun format(p0: Any!): String!
e: file:///Users/HONGBGU/Documents/seadroid/app/src/main/java/com/seafile/seadroid2/framework/util/Utils.kt:153:43 Overload resolution ambiguity between candidates:
@IntrinsicConstEvaluation() fun div(other: Byte): Long
@IntrinsicConstEvaluation() fun div(other: Double): Double
@IntrinsicConstEvaluation() fun div(other: Float): Float
@IntrinsicConstEvaluation() fun div(other: Int): Long
@IntrinsicConstEvaluation() fun div(other: Long): Long
@IntrinsicConstEvaluation() fun div(other: Short): Long
e: file:///Users/HONGBGU/Documents/seadroid/app/src/main/java/com/seafile/seadroid2/framework/util/Utils.kt:153:52 Unresolved reference 'pow'.
e: file:///Users/HONGBGU/Documents/seadroid/app/src/main/java/com/seafile/seadroid2/framework/util/Utils.kt:153:81 Overload resolution ambiguity between candidates:
fun String?.plus(other: Any?): String
fun <T> Array<T>.plus(element: T): Array<T>
fun <T> Collection<T>.plus(element: T): List<T>
fun <T> Iterable<T>.plus(element: T): List<T>
fun <T> Set<T>.plus(element: T): Set<T>
fun <T> Sequence<T>.plus(element: T): Sequence<T>
@InlineOnly() fun Char.plus(other: String): String
e: file:///Users/HONGBGU/Documents/seadroid/app/src/main/java/com/seafile/seadroid2/framework/util/Utils.kt:172:29 Unresolved reference 'MimeTypeMap'.
e: file:///Users/HONGBGU/Documents/seadroid/app/src/main/java/com/seafile/seadroid2/framework/util/Utils.kt:180:13 Unresolved reference 'TextUtils'.
e: file:///Users/HONGBGU/Documents/seadroid/app/src/main/java/com/seafile/seadroid2/framework/util/Utils.kt:184:29 Unresolved reference 'MimeTypeMap'.
e: file:///Users/HONGBGU/Documents/seadroid/app/src/main/java/com/seafile/seadroid2/framework/util/Utils.kt:192:17 Unresolved reference 'not' for operator '!'.
e: file:///Users/HONGBGU/Documents/seadroid/app/src/main/java/com/seafile/seadroid2/framework/util/Utils.kt:192:18 Unresolved reference 'TextUtils'.
e: file:///Users/HONGBGU/Documents/seadroid/app/src/main/java/com/seafile/seadroid2/framework/util/Utils.kt:195:21 Unresolved reference 'not' for operator '!'.
e: file:///Users/HONGBGU/Documents/seadroid/app/src/main/java/com/seafile/seadroid2/framework/util/Utils.kt:195:22 Unresolved reference 'TextUtils'.
e: file:///Users/HONGBGU/Documents/seadroid/app/src/main/java/com/seafile/seadroid2/framework/util/Utils.kt:196:41 Unresolved reference 'MimeTypeMap'.
e: file:///Users/HONGBGU/Documents/seadroid/app/src/main/java/com/seafile/seadroid2/framework/util/Utils.kt:197:25 Unresolved reference 'not' for operator '!'.
e: file:///Users/HONGBGU/Documents/seadroid/app/src/main/java/com/seafile/seadroid2/framework/util/Utils.kt:197:26 Unresolved reference 'TextUtils'.
e: file:///Users/HONGBGU/Documents/seadroid/app/src/main/java/com/seafile/seadroid2/framework/util/Utils.kt:219:17 Unresolved reference 'TextUtils'.
e: file:///Users/HONGBGU/Documents/seadroid/app/src/main/java/com/seafile/seadroid2/framework/util/Utils.kt:239:13 Unresolved reference 'TextUtils'.
e: file:///Users/HONGBGU/Documents/seadroid/app/src/main/java/com/seafile/seadroid2/framework/util/Utils.kt:264:20 Unresolved reference 'SeadroidApplication'.
e: file:///Users/HONGBGU/Documents/seadroid/app/src/main/java/com/seafile/seadroid2/framework/util/Utils.kt:264:53 Unresolved reference 'R'.
e: file:///Users/HONGBGU/Documents/seadroid/app/src/main/java/com/seafile/seadroid2/framework/util/Utils.kt:279:20 Unresolved reference 'SeadroidApplication'.
e: file:///Users/HONGBGU/Documents/seadroid/app/src/main/java/com/seafile/seadroid2/framework/util/Utils.kt:279:53 Unresolved reference 'R'.
e: file:///Users/HONGBGU/Documents/seadroid/app/src/main/java/com/seafile/seadroid2/framework/util/Utils.kt:282:20 Unresolved reference 'SeadroidApplication'.
e: file:///Users/HONGBGU/Documents/seadroid/app/src/main/java/com/seafile/seadroid2/framework/util/Utils.kt:282:53 Unresolved reference 'R'.
e: file:///Users/HONGBGU/Documents/seadroid/app/src/main/java/com/seafile/seadroid2/framework/util/Utils.kt:285:20 Unresolved reference 'SeadroidApplication'.
e: file:///Users/HONGBGU/Documents/seadroid/app/src/main/java/com/seafile/seadroid2/framework/util/Utils.kt:285:53 Unresolved reference 'R'.
e: file:///Users/HONGBGU/Documents/seadroid/app/src/main/java/com/seafile/seadroid2/framework/util/Utils.kt:287:20 Unresolved reference 'SeadroidApplication'.
e: file:///Users/HONGBGU/Documents/seadroid/app/src/main/java/com/seafile/seadroid2/framework/util/Utils.kt:287:53 Unresolved reference 'R'.
e: file:///Users/HONGBGU/Documents/seadroid/app/src/main/java/com/seafile/seadroid2/framework/util/Utils.kt:289:20 Unresolved reference 'SeadroidApplication'.
e: file:///Users/HONGBGU/Documents/seadroid/app/src/main/java/com/seafile/seadroid2/framework/util/Utils.kt:289:53 Unresolved reference 'R'.
e: file:///Users/HONGBGU/Documents/seadroid/app/src/main/java/com/seafile/seadroid2/framework/util/Utils.kt:303:33 Unresolved reference 'MimeTypeMap'.
e: file:///Users/HONGBGU/Documents/seadroid/app/src/main/java/com/seafile/seadroid2/framework/util/Utils.kt:317:23 Unresolved reference 'ContentResolver'.
e: file:///Users/HONGBGU/Documents/seadroid/app/src/main/java/com/seafile/seadroid2/framework/util/Utils.kt:318:40 Unresolved reference 'query'.
e: file:///Users/HONGBGU/Documents/seadroid/app/src/main/java/com/seafile/seadroid2/framework/util/Utils.kt:324:54 Unresolved reference 'OpenableColumns'.
e: file:///Users/HONGBGU/Documents/seadroid/app/src/main/java/com/seafile/seadroid2/framework/util/Utils.kt:346:58 Unresolved reference 'MediaStore'.
e: file:///Users/HONGBGU/Documents/seadroid/app/src/main/java/com/seafile/seadroid2/framework/util/Utils.kt:375:40 Unresolved reference 'BitmapFactory'.
e: file:///Users/HONGBGU/Documents/seadroid/app/src/main/java/com/seafile/seadroid2/framework/util/Utils.kt:377:35 Unresolved reference 'outHeight'.
e: file:///Users/HONGBGU/Documents/seadroid/app/src/main/java/com/seafile/seadroid2/framework/util/Utils.kt:378:34 Unresolved reference 'outWidth'.
e: file:///Users/HONGBGU/Documents/seadroid/app/src/main/java/com/seafile/seadroid2/framework/util/Utils.kt:402:13 Unresolved reference 'TextUtils'.
e: file:///Users/HONGBGU/Documents/seadroid/app/src/main/java/com/seafile/seadroid2/framework/util/Utils.kt:402:40 Unresolved reference 'TextUtils'.
e: file:///Users/HONGBGU/Documents/seadroid/app/src/main/java/com/seafile/seadroid2/framework/util/Utils.kt:402:68 Unresolved reference 'TextUtils'.
e: file:///Users/HONGBGU/Documents/seadroid/app/src/main/java/com/seafile/seadroid2/framework/util/Utils.kt:443:13 Unresolved reference 'Build'.
e: file:///Users/HONGBGU/Documents/seadroid/app/src/main/java/com/seafile/seadroid2/framework/util/Utils.kt:443:38 Unresolved reference 'Build'.
e: file:///Users/HONGBGU/Documents/seadroid/app/src/main/java/com/seafile/seadroid2/framework/util/Utils.kt:444:22 Unresolved reference 'LocaleList'.
e: file:///Users/HONGBGU/Documents/seadroid/app/src/main/java/com/seafile/seadroid2/framework/util/Utils.kt:449:16 Unresolved reference 'TextUtils'.
e: file:///Users/HONGBGU/Documents/seadroid/app/src/main/java/com/seafile/seadroid2/framework/util/Utils.kt:449:52 Unresolved reference 'TextUtils'.
e: file:///Users/HONGBGU/Documents/seadroid/app/src/main/java/com/seafile/seadroid2/framework/util/Utils.kt:454:16 Unresolved reference 'not' for operator '!'.
e: file:///Users/HONGBGU/Documents/seadroid/app/src/main/java/com/seafile/seadroid2/framework/util/Utils.kt:454:17 Unresolved reference 'TextUtils'.
e: file:///Users/HONGBGU/Documents/seadroid/app/src/main/java/com/seafile/seadroid2/framework/util/Utils.kt:464:13 Unresolved reference 'TextUtils'.
e: file:///Users/HONGBGU/Documents/seadroid/app/src/main/java/com/seafile/seadroid2/framework/util/Utils.kt:534:45 Unresolved reference 'SslCertificate'.
e: file:///Users/HONGBGU/Documents/seadroid/app/src/main/java/com/seafile/seadroid2/framework/util/Utils.kt:537:21 Unresolved reference 'Bundle'.
e: file:///Users/HONGBGU/Documents/seadroid/app/src/main/java/com/seafile/seadroid2/framework/util/Utils.kt:537:30 Unresolved reference 'SslCertificate'.
e: file:///Users/HONGBGU/Documents/seadroid/app/src/main/java/com/seafile/seadroid2/framework/util/Utils.kt:538:40 Unresolved reference 'getByteArray'.
e: file:///Users/HONGBGU/Documents/seadroid/app/src/main/java/com/seafile/seadroid2/framework/util/Utils.kt:555:29 Unresolved reference 'SslCertificate'.
e: file:///Users/HONGBGU/Documents/seadroid/app/src/main/java/com/seafile/seadroid2/framework/util/Utils.kt:568:17 Unresolved reference 'SslCertificate'.
e: file:///Users/HONGBGU/Documents/seadroid/app/src/main/java/com/seafile/seadroid2/framework/util/Utils.kt:573:43 Unresolved reference 'Activity'.
e: file:///Users/HONGBGU/Documents/seadroid/app/src/main/java/com/seafile/seadroid2/framework/util/Utils.kt:577:13 Unresolved reference 'Build'.
e: file:///Users/HONGBGU/Documents/seadroid/app/src/main/java/com/seafile/seadroid2/framework/util/Utils.kt:578:39 Unresolved reference 'getWindow'.
e: file:///Users/HONGBGU/Documents/seadroid/app/src/main/java/com/seafile/seadroid2/framework/util/Utils.kt:580:20 Unresolved reference 'Build'.
e: file:///Users/HONGBGU/Documents/seadroid/app/src/main/java/com/seafile/seadroid2/framework/util/Utils.kt:581:44 Unresolved reference 'getWindow'.
e: file:///Users/HONGBGU/Documents/seadroid/app/src/main/java/com/seafile/seadroid2/framework/util/Utils.kt:601:45 Unresolved reference 'MediaStore'.
e: file:///Users/HONGBGU/Documents/seadroid/app/src/main/java/com/seafile/seadroid2/framework/util/Utils.kt:603:67 Unresolved reference 'MediaStore'.
e: file:///Users/HONGBGU/Documents/seadroid/app/src/main/java/com/seafile/seadroid2/framework/util/Utils.kt:607:45 Unresolved reference 'MediaStore'.
e: file:///Users/HONGBGU/Documents/seadroid/app/src/main/java/com/seafile/seadroid2/framework/util/Utils.kt:609:67 Unresolved reference 'MediaStore'.
e: file:///Users/HONGBGU/Documents/seadroid/app/src/main/java/com/seafile/seadroid2/framework/util/Utils.kt:637:13 Unresolved reference 'TextUtils'.
e: file:///Users/HONGBGU/Documents/seadroid/app/src/main/java/com/seafile/seadroid2/framework/util/Utils.kt:655:13 Unresolved reference 'TextUtils'.
e: file:///Users/HONGBGU/Documents/seadroid/app/src/main/java/com/seafile/seadroid2/framework/util/Utils.kt:682:28 Unresolved reference 'SslCertificate'.
e: file:///Users/HONGBGU/Documents/seadroid/app/src/main/java/com/seafile/seadroid2/framework/util/Utils.kt:682:51 Unresolved reference 'SslCertificate'.
e: file:///Users/HONGBGU/Documents/seadroid/app/src/main/java/com/seafile/seadroid2/framework/util/Utils.kt:683:35 Unresolved reference 'getIssuedTo'.
e: file:///Users/HONGBGU/Documents/seadroid/app/src/main/java/com/seafile/seadroid2/framework/util/Utils.kt:683:56 Unresolved reference 'getIssuedTo'.
e: file:///Users/HONGBGU/Documents/seadroid/app/src/main/java/com/seafile/seadroid2/framework/util/Utils.kt:684:39 Unresolved reference 'getIssuedBy'.
e: file:///Users/HONGBGU/Documents/seadroid/app/src/main/java/com/seafile/seadroid2/framework/util/Utils.kt:684:60 Unresolved reference 'getIssuedBy'.
e: file:///Users/HONGBGU/Documents/seadroid/app/src/main/java/com/seafile/seadroid2/framework/util/Utils.kt:685:41 Unresolved reference 'getValidNotBeforeDate'.
e: file:///Users/HONGBGU/Documents/seadroid/app/src/main/java/com/seafile/seadroid2/framework/util/Utils.kt:685:72 Unresolved reference 'getValidNotBeforeDate'.
e: file:///Users/HONGBGU/Documents/seadroid/app/src/main/java/com/seafile/seadroid2/framework/util/Utils.kt:686:41 Unresolved reference 'getValidNotAfterDate'.
e: file:///Users/HONGBGU/Documents/seadroid/app/src/main/java/com/seafile/seadroid2/framework/util/Utils.kt:686:71 Unresolved reference 'getValidNotAfterDate'.
e: file:///Users/HONGBGU/Documents/seadroid/app/src/main/java/com/seafile/seadroid2/framework/util/Utils.kt:699:38 Unresolved reference 'DName'.
e: file:///Users/HONGBGU/Documents/seadroid/app/src/main/java/com/seafile/seadroid2/framework/util/Utils.kt:699:54 Unresolved reference 'DName'.
e: file:///Users/HONGBGU/Documents/seadroid/app/src/main/java/com/seafile/seadroid2/framework/util/Utils.kt:706:27 Unresolved reference 'getDName'.
e: file:///Users/HONGBGU/Documents/seadroid/app/src/main/java/com/seafile/seadroid2/framework/util/Utils.kt:706:48 Unresolved reference 'getDName'.
e: file:///Users/HONGBGU/Documents/seadroid/app/src/main/java/com/seafile/seadroid2/framework/worker/BackgroundJobManagerImpl.kt:9:64 Cannot import 'build'. Functions and properties can only be imported from packages or objects.
e: file:///Users/HONGBGU/Documents/seadroid/app/src/main/java/com/seafile/seadroid2/framework/worker/BackgroundJobManagerImpl.kt:10:43 Cannot import 'build'. Functions and properties can only be imported from packages or objects.
e: file:///Users/HONGBGU/Documents/seadroid/app/src/main/java/com/seafile/seadroid2/framework/worker/BackgroundJobManagerImpl.kt:13:42 Cannot import 'build'. Functions and properties can only be imported from packages or objects.
e: file:///Users/HONGBGU/Documents/seadroid/app/src/main/java/com/seafile/seadroid2/framework/worker/BackgroundJobManagerImpl.kt:22:42 Cannot import 'build'. Functions and properties can only be imported from packages or objects.
e: file:///Users/HONGBGU/Documents/seadroid/app/src/main/java/com/seafile/seadroid2/framework/worker/BackgroundJobManagerImpl.kt:23:42 Cannot import 'setConstraints'. Functions and properties can only be imported from packages or objects.
e: file:///Users/HONGBGU/Documents/seadroid/app/src/main/java/com/seafile/seadroid2/framework/worker/BackgroundJobManagerImpl.kt:24:42 Cannot import 'setId'. Functions and properties can only be imported from packages or objects.
e: file:///Users/HONGBGU/Documents/seadroid/app/src/main/java/com/seafile/seadroid2/framework/worker/BackgroundJobManagerImpl.kt:25:42 Cannot import 'setInputData'. Functions and properties can only be imported from packages or objects.
e: file:///Users/HONGBGU/Documents/seadroid/app/src/main/java/com/seafile/seadroid2/framework/worker/BackgroundJobManagerImpl.kt:26:61 Cannot import 'build'. Functions and properties can only be imported from packages or objects.
e: file:///Users/HONGBGU/Documents/seadroid/app/src/main/java/com/seafile/seadroid2/framework/worker/BackgroundJobManagerImpl.kt:27:70 Cannot import 'build'. Functions and properties can only be imported from packages or objects.
e: file:///Users/HONGBGU/Documents/seadroid/app/src/main/java/com/seafile/seadroid2/framework/worker/BackgroundJobManagerImpl.kt:56:43 Argument type mismatch: actual type is 'java.lang.Class<T?>', but 'java.lang.Class<out androidx.work.ListenableWorker>' was expected.
e: file:///Users/HONGBGU/Documents/seadroid/app/src/main/java/com/seafile/seadroid2/framework/worker/BackgroundJobManagerImpl.kt:117:9 Return type mismatch: expected 'androidx.work.PeriodicWorkRequest', actual 'kotlin.Unit'.
e: file:///Users/HONGBGU/Documents/seadroid/app/src/main/java/com/seafile/seadroid2/framework/worker/BackgroundJobManagerImpl.kt:118:33 Argument type mismatch: actual type is 'java.lang.Class<com.seafile.seadroid2.framework.worker.periodic.AlbumBackupPeriodicScanStarter>', but 'java.lang.Class<T?>' was expected.
e: file:///Users/HONGBGU/Documents/seadroid/app/src/main/java/com/seafile/seadroid2/framework/worker/BackgroundJobManagerImpl.kt:119:20 Argument type mismatch: actual type is 'java.util.UUID?', but 'java.util.UUID' was expected.
e: file:///Users/HONGBGU/Documents/seadroid/app/src/main/java/com/seafile/seadroid2/framework/worker/BackgroundJobManagerImpl.kt:164:9 Return type mismatch: expected 'androidx.work.PeriodicWorkRequest', actual 'kotlin.Unit'.
e: file:///Users/HONGBGU/Documents/seadroid/app/src/main/java/com/seafile/seadroid2/framework/worker/BackgroundJobManagerImpl.kt:165:33 Argument type mismatch: actual type is 'java.lang.Class<com.seafile.seadroid2.framework.worker.periodic.FolderBackupPeriodicScanStarter>', but 'java.lang.Class<T?>' was expected.
e: file:///Users/HONGBGU/Documents/seadroid/app/src/main/java/com/seafile/seadroid2/framework/worker/BackgroundJobManagerImpl.kt:166:20 Argument type mismatch: actual type is 'java.util.UUID?', but 'java.util.UUID' was expected.
e: file:///Users/HONGBGU/Documents/seadroid/app/src/main/java/com/seafile/seadroid2/framework/worker/BackgroundJobManagerImpl.kt:195:9 Return type mismatch: expected 'androidx.work.OneTimeWorkRequest', actual 'kotlin.Unit'.
e: file:///Users/HONGBGU/Documents/seadroid/app/src/main/java/com/seafile/seadroid2/framework/worker/BackgroundJobManagerImpl.kt:196:32 Argument type mismatch: actual type is 'java.lang.Class<com.seafile.seadroid2.framework.worker.upload.MediaBackupScanWorker>', but 'java.lang.Class<T?>' was expected.
e: file:///Users/HONGBGU/Documents/seadroid/app/src/main/java/com/seafile/seadroid2/framework/worker/BackgroundJobManagerImpl.kt:199:20 Argument type mismatch: actual type is 'java.util.UUID?', but 'java.util.UUID' was expected.
e: file:///Users/HONGBGU/Documents/seadroid/app/src/main/java/com/seafile/seadroid2/framework/worker/BackgroundJobManagerImpl.kt:207:13 'val' cannot be reassigned.
e: file:///Users/HONGBGU/Documents/seadroid/app/src/main/java/com/seafile/seadroid2/framework/worker/BackgroundJobManagerImpl.kt:214:9 Return type mismatch: expected 'androidx.work.OneTimeWorkRequest', actual 'kotlin.Unit'.
e: file:///Users/HONGBGU/Documents/seadroid/app/src/main/java/com/seafile/seadroid2/framework/worker/BackgroundJobManagerImpl.kt:215:32 Argument type mismatch: actual type is 'java.lang.Class<com.seafile.seadroid2.framework.worker.upload.MediaBackupUploadWorker>', but 'java.lang.Class<T?>' was expected.
e: file:///Users/HONGBGU/Documents/seadroid/app/src/main/java/com/seafile/seadroid2/framework/worker/BackgroundJobManagerImpl.kt:217:20 Argument type mismatch: actual type is 'java.util.UUID?', but 'java.util.UUID' was expected.
e: file:///Users/HONGBGU/Documents/seadroid/app/src/main/java/com/seafile/seadroid2/framework/worker/BackgroundJobManagerImpl.kt:246:9 Return type mismatch: expected 'androidx.work.OneTimeWorkRequest', actual 'kotlin.Unit'.
e: file:///Users/HONGBGU/Documents/seadroid/app/src/main/java/com/seafile/seadroid2/framework/worker/BackgroundJobManagerImpl.kt:247:32 Argument type mismatch: actual type is 'java.lang.Class<com.seafile.seadroid2.framework.worker.upload.FolderBackupScanWorker>', but 'java.lang.Class<T?>' was expected.
e: file:///Users/HONGBGU/Documents/seadroid/app/src/main/java/com/seafile/seadroid2/framework/worker/BackgroundJobManagerImpl.kt:249:20 Argument type mismatch: actual type is 'java.util.UUID?', but 'java.util.UUID' was expected.
e: file:///Users/HONGBGU/Documents/seadroid/app/src/main/java/com/seafile/seadroid2/framework/worker/BackgroundJobManagerImpl.kt:257:13 'val' cannot be reassigned.
e: file:///Users/HONGBGU/Documents/seadroid/app/src/main/java/com/seafile/seadroid2/framework/worker/BackgroundJobManagerImpl.kt:264:9 Return type mismatch: expected 'androidx.work.OneTimeWorkRequest', actual 'kotlin.Unit'.
e: file:///Users/HONGBGU/Documents/seadroid/app/src/main/java/com/seafile/seadroid2/framework/worker/BackgroundJobManagerImpl.kt:265:32 Argument type mismatch: actual type is 'java.lang.Class<com.seafile.seadroid2.framework.worker.upload.FolderBackupUploadWorker>', but 'java.lang.Class<T?>' was expected.
e: file:///Users/HONGBGU/Documents/seadroid/app/src/main/java/com/seafile/seadroid2/framework/worker/BackgroundJobManagerImpl.kt:267:20 Argument type mismatch: actual type is 'java.util.UUID?', but 'java.util.UUID' was expected.
e: file:///Users/HONGBGU/Documents/seadroid/app/src/main/java/com/seafile/seadroid2/framework/worker/BackgroundJobManagerImpl.kt:283:36 Cannot access 'val INSTANCE: BackgroundJobManagerImpl': it is private in 'com/seafile/seadroid2/framework/worker/BackgroundJobManagerImpl.SingletonHolder'.
e: file:///Users/HONGBGU/Documents/seadroid/app/src/main/java/com/seafile/seadroid2/framework/worker/BaseWorker.kt:14:71 Only safe (?.) or non-null asserted (!!.) calls are allowed on a nullable receiver of type 'com.seafile.seadroid2.account.SupportAccountManager?'.
e: file:///Users/HONGBGU/Documents/seadroid/app/src/main/java/com/seafile/seadroid2/framework/worker/TransferWorker.kt:49:13 Only safe (?.) or non-null asserted (!!.) calls are allowed on a nullable receiver of type 'com.seafile.seadroid2.framework.http.HttpIO?'.
e: file:///Users/HONGBGU/Documents/seadroid/app/src/main/java/com/seafile/seadroid2/framework/worker/TransferWorker.kt:49:36 Argument type mismatch: actual type is 'java.lang.Class<com.seafile.seadroid2.ui.file.FileService>', but 'java.lang.Class<T?>' was expected.
e: file:///Users/HONGBGU/Documents/seadroid/app/src/main/java/com/seafile/seadroid2/framework/worker/TransferWorker.kt:50:13 Only safe (?.) or non-null asserted (!!.) calls are allowed on a nullable receiver of type 'com.seafile.seadroid2.ui.file.FileService?'.
e: file:///Users/HONGBGU/Documents/seadroid/app/src/main/java/com/seafile/seadroid2/framework/worker/TransferWorker.kt:51:13 Only safe (?.) or non-null asserted (!!.) calls are allowed on a nullable receiver of type 'retrofit2.Call<kotlin.String?>?'.
e: file:///Users/HONGBGU/Documents/seadroid/app/src/main/java/com/seafile/seadroid2/framework/worker/TransferWorker.kt:146:48 Only safe (?.) or non-null asserted (!!.) calls are allowed on a nullable receiver of type 'com.jeremyliao.liveeventbus.core.Observable<android.os.Bundle?>?'.
e: file:///Users/HONGBGU/Documents/seadroid/app/src/main/java/com/seafile/seadroid2/framework/worker/download/DownloadFileScannerWorker.kt:44:78 Only safe (?.) or non-null asserted (!!.) calls are allowed on a nullable receiver of type 'com.seafile.seadroid2.account.SupportAccountManager?'.
e: file:///Users/HONGBGU/Documents/seadroid/app/src/main/java/com/seafile/seadroid2/framework/worker/download/DownloadFileScannerWorker.kt:67:13 Initializer type mismatch: expected 'kotlin.collections.MutableList<com.seafile.seadroid2.framework.db.entities.DirentModel>?', actual 'kotlin.collections.MutableList<com.seafile.seadroid2.framework.db.entities.DirentModel?>?'.
e: file:///Users/HONGBGU/Documents/seadroid/app/src/main/java/com/seafile/seadroid2/framework/worker/download/DownloadFileScannerWorker.kt:67:48 Only safe (?.) or non-null asserted (!!.) calls are allowed on a nullable receiver of type 'com.seafile.seadroid2.framework.db.AppDatabase?'.
e: file:///Users/HONGBGU/Documents/seadroid/app/src/main/java/com/seafile/seadroid2/framework/worker/download/DownloadFileScannerWorker.kt:67:60 Only safe (?.) or non-null asserted (!!.) calls are allowed on a nullable receiver of type 'com.seafile.seadroid2.framework.db.dao.DirentDAO?'.
e: file:///Users/HONGBGU/Documents/seadroid/app/src/main/java/com/seafile/seadroid2/framework/worker/download/DownloadFileScannerWorker.kt:107:35 Assignment type mismatch: actual type is 'kotlin.Long', but 'java.lang.Long' was expected.
e: file:///Users/HONGBGU/Documents/seadroid/app/src/main/java/com/seafile/seadroid2/framework/worker/download/DownloadFileScannerWorker.kt:109:36 Only safe (?.) or non-null asserted (!!.) calls are allowed on a nullable receiver of type 'kotlin.String?'.
e: file:///Users/HONGBGU/Documents/seadroid/app/src/main/java/com/seafile/seadroid2/framework/worker/download/DownloadFileScannerWorker.kt:126:36 Assignment type mismatch: actual type is 'kotlin.Long', but 'java.lang.Long' was expected.
e: file:///Users/HONGBGU/Documents/seadroid/app/src/main/java/com/seafile/seadroid2/framework/worker/download/DownloadFileScannerWorker.kt:152:39 Assignment type mismatch: actual type is 'kotlin.Long', but 'java.lang.Long' was expected.
e: file:///Users/HONGBGU/Documents/seadroid/app/src/main/java/com/seafile/seadroid2/framework/worker/download/DownloadFileScannerWorker.kt:169:40 Assignment type mismatch: actual type is 'kotlin.Long', but 'java.lang.Long' was expected.
e: file:///Users/HONGBGU/Documents/seadroid/app/src/main/java/com/seafile/seadroid2/framework/worker/download/DownloadFileScannerWorker.kt:184:50 Only safe (?.) or non-null asserted (!!.) calls are allowed on a nullable receiver of type 'com.seafile.seadroid2.framework.http.HttpIO?'.
e: file:///Users/HONGBGU/Documents/seadroid/app/src/main/java/com/seafile/seadroid2/framework/worker/download/DownloadFileScannerWorker.kt:185:17 Argument type mismatch: actual type is 'java.lang.Class<com.seafile.seadroid2.ui.file.FileService>', but 'java.lang.Class<T?>' was expected.
e: file:///Users/HONGBGU/Documents/seadroid/app/src/main/java/com/seafile/seadroid2/framework/worker/download/DownloadFileScannerWorker.kt:186:14 Only safe (?.) or non-null asserted (!!.) calls are allowed on a nullable receiver of type 'com.seafile.seadroid2.ui.file.FileService?'.
e: file:///Users/HONGBGU/Documents/seadroid/app/src/main/java/com/seafile/seadroid2/framework/worker/download/DownloadFileScannerWorker.kt:186:82 Only safe (?.) or non-null asserted (!!.) calls are allowed on a nullable receiver of type 'retrofit2.Call<kotlin.collections.MutableList<com.seafile.seadroid2.framework.model.dirents.DirentRecursiveFileModel?>?>?'.
e: file:///Users/HONGBGU/Documents/seadroid/app/src/main/java/com/seafile/seadroid2/framework/worker/download/DownloadFileScannerWorker.kt:188:20 Return type mismatch: expected 'kotlin.collections.MutableList<com.seafile.seadroid2.framework.model.dirents.DirentRecursiveFileModel>?', actual 'kotlin.collections.MutableList<com.seafile.seadroid2.framework.model.dirents.DirentRecursiveFileModel?>'.
e: file:///Users/HONGBGU/Documents/seadroid/app/src/main/java/com/seafile/seadroid2/framework/worker/download/DownloadFileScannerWorker.kt:191:16 Return type mismatch: expected 'kotlin.collections.MutableList<com.seafile.seadroid2.framework.model.dirents.DirentRecursiveFileModel>?', actual 'kotlin.collections.MutableList<com.seafile.seadroid2.framework.model.dirents.DirentRecursiveFileModel?>?'.
e: file:///Users/HONGBGU/Documents/seadroid/app/src/main/java/com/seafile/seadroid2/framework/worker/download/DownloadWorker.kt:132:52 Unresolved reference 'parseByThrowable'.
e: file:///Users/HONGBGU/Documents/seadroid/app/src/main/java/com/seafile/seadroid2/framework/worker/download/DownloadWorker.kt:177:59 Smart cast to 'com.seafile.seadroid2.framework.worker.queue.TransferModel' is impossible, because 'currentTransferModel' is a mutable property that could be mutated concurrently.
e: file:///Users/HONGBGU/Documents/seadroid/app/src/main/java/com/seafile/seadroid2/framework/worker/download/DownloadWorker.kt:190:48 Unresolved reference 'parseByThrowable'.
e: file:///Users/HONGBGU/Documents/seadroid/app/src/main/java/com/seafile/seadroid2/framework/worker/download/DownloadWorker.kt:208:49 Argument type mismatch: actual type is 'kotlin.String?', but 'kotlin.String' was expected.
e: file:///Users/HONGBGU/Documents/seadroid/app/src/main/java/com/seafile/seadroid2/framework/worker/download/DownloadWorker.kt:248:13 Only safe (?.) or non-null asserted (!!.) calls are allowed on a nullable receiver of type 'com.seafile.seadroid2.framework.http.HttpIO?'.
e: file:///Users/HONGBGU/Documents/seadroid/app/src/main/java/com/seafile/seadroid2/framework/worker/download/DownloadWorker.kt:248:36 Argument type mismatch: actual type is 'java.lang.Class<com.seafile.seadroid2.ui.file.FileService>', but 'java.lang.Class<T?>' was expected.
e: file:///Users/HONGBGU/Documents/seadroid/app/src/main/java/com/seafile/seadroid2/framework/worker/download/DownloadWorker.kt:249:13 Only safe (?.) or non-null asserted (!!.) calls are allowed on a nullable receiver of type 'com.seafile.seadroid2.ui.file.FileService?'.
e: file:///Users/HONGBGU/Documents/seadroid/app/src/main/java/com/seafile/seadroid2/framework/worker/download/DownloadWorker.kt:254:13 Only safe (?.) or non-null asserted (!!.) calls are allowed on a nullable receiver of type 'retrofit2.Call<kotlin.String?>?'.
e: file:///Users/HONGBGU/Documents/seadroid/app/src/main/java/com/seafile/seadroid2/framework/worker/download/DownloadWorker.kt:289:42 Interface 'interface TransferProgressListener : Any' does not have constructors.
e: file:///Users/HONGBGU/Documents/seadroid/app/src/main/java/com/seafile/seadroid2/framework/worker/download/DownloadWorker.kt:295:50 Assignment type mismatch: actual type is 'kotlin.Long', but 'java.lang.Long' was expected.
e: file:///Users/HONGBGU/Documents/seadroid/app/src/main/java/com/seafile/seadroid2/framework/worker/download/DownloadWorker.kt:322:65 Only safe (?.) or non-null asserted (!!.) calls are allowed on a nullable receiver of type 'com.seafile.seadroid2.framework.http.HttpIO?'.
e: file:///Users/HONGBGU/Documents/seadroid/app/src/main/java/com/seafile/seadroid2/framework/worker/download/DownloadWorker.kt:340:63 Argument type mismatch: actual type is 'kotlin.String?', but 'kotlin.String' was expected.
e: file:///Users/HONGBGU/Documents/seadroid/app/src/main/java/com/seafile/seadroid2/framework/worker/download/DownloadWorker.kt:370:32 Assignment type mismatch: actual type is 'java.lang.Long', but 'kotlin.Long' was expected.
e: file:///Users/HONGBGU/Documents/seadroid/app/src/main/java/com/seafile/seadroid2/framework/worker/download/DownloadWorker.kt:435:51 Assignment type mismatch: actual type is 'kotlin.Long', but 'java.lang.Long' was expected.
e: file:///Users/HONGBGU/Documents/seadroid/app/src/main/java/com/seafile/seadroid2/framework/worker/download/DownloadWorker.kt:450:48 Only safe (?.) or non-null asserted (!!.) calls are allowed on a nullable receiver of type 'com.seafile.seadroid2.framework.db.AppDatabase?'.
e: file:///Users/HONGBGU/Documents/seadroid/app/src/main/java/com/seafile/seadroid2/framework/worker/download/DownloadWorker.kt:450:69 Only safe (?.) or non-null asserted (!!.) calls are allowed on a nullable receiver of type 'com.seafile.seadroid2.framework.db.dao.FileCacheStatusDAO?'.
e: file:///Users/HONGBGU/Documents/seadroid/app/src/main/java/com/seafile/seadroid2/framework/worker/download/DownloadWorker.kt:450:77 Argument type mismatch: actual type is 'com.seafile.seadroid2.framework.db.entities.FileCacheStatusEntity?', but 'com.seafile.seadroid2.framework.db.entities.FileCacheStatusEntity' was expected.
e: file:///Users/HONGBGU/Documents/seadroid/app/src/main/java/com/seafile/seadroid2/framework/worker/download/DownloadWorker.kt:478:13 Initializer type mismatch: expected 'kotlin.collections.MutableList<com.seafile.seadroid2.framework.db.entities.EncKeyCacheEntity>?', actual 'kotlin.collections.MutableList<com.seafile.seadroid2.framework.db.entities.EncKeyCacheEntity?>?'.
e: file:///Users/HONGBGU/Documents/seadroid/app/src/main/java/com/seafile/seadroid2/framework/worker/download/DownloadWorker.kt:478:48 Only safe (?.) or non-null asserted (!!.) calls are allowed on a nullable receiver of type 'com.seafile.seadroid2.framework.db.AppDatabase?'.
e: file:///Users/HONGBGU/Documents/seadroid/app/src/main/java/com/seafile/seadroid2/framework/worker/download/DownloadWorker.kt:478:65 Only safe (?.) or non-null asserted (!!.) calls are allowed on a nullable receiver of type 'com.seafile.seadroid2.framework.db.dao.EncKeyCacheDAO?'.
e: file:///Users/HONGBGU/Documents/seadroid/app/src/main/java/com/seafile/seadroid2/framework/worker/download/DownloadWorker.kt:517:13 Initializer type mismatch: expected 'retrofit2.Call<com.seafile.seadroid2.framework.model.ResultModel?>', actual 'retrofit2.Call<com.seafile.seadroid2.framework.model.ResultModel?>?'.
e: file:///Users/HONGBGU/Documents/seadroid/app/src/main/java/com/seafile/seadroid2/framework/worker/download/DownloadWorker.kt:517:50 Only safe (?.) or non-null asserted (!!.) calls are allowed on a nullable receiver of type 'com.seafile.seadroid2.framework.http.HttpIO?'.
e: file:///Users/HONGBGU/Documents/seadroid/app/src/main/java/com/seafile/seadroid2/framework/worker/download/DownloadWorker.kt:517:75 Argument type mismatch: actual type is 'java.lang.Class<com.seafile.seadroid2.ui.dialog_fragment.DialogService>', but 'java.lang.Class<T?>' was expected.
e: file:///Users/HONGBGU/Documents/seadroid/app/src/main/java/com/seafile/seadroid2/framework/worker/download/DownloadWorker.kt:518:17 Only safe (?.) or non-null asserted (!!.) calls are allowed on a nullable receiver of type 'com.seafile.seadroid2.ui.dialog_fragment.DialogService?'.
e: file:///Users/HONGBGU/Documents/seadroid/app/src/main/java/com/seafile/seadroid2/framework/worker/download/DownloadWorker.kt:530:67 Null cannot be a value of a non-null type 'kotlin.String'.
e: file:///Users/HONGBGU/Documents/seadroid/app/src/main/java/com/seafile/seadroid2/framework/worker/download/DownloadWorker.kt:541:55 Argument type mismatch: actual type is 'kotlin.String?', but 'kotlin.String' was expected.
e: file:///Users/HONGBGU/Documents/seadroid/app/src/main/java/com/seafile/seadroid2/framework/worker/download/DownloadWorker.kt:549:48 Only safe (?.) or non-null asserted (!!.) calls are allowed on a nullable receiver of type 'com.seafile.seadroid2.framework.db.AppDatabase?'.
e: file:///Users/HONGBGU/Documents/seadroid/app/src/main/java/com/seafile/seadroid2/framework/worker/download/DownloadWorker.kt:549:65 Only safe (?.) or non-null asserted (!!.) calls are allowed on a nullable receiver of type 'com.seafile.seadroid2.framework.db.dao.EncKeyCacheDAO?'.
e: file:///Users/HONGBGU/Documents/seadroid/app/src/main/java/com/seafile/seadroid2/framework/worker/periodic/AlbumBackupPeriodicScanStarter.kt:32:78 Only safe (?.) or non-null asserted (!!.) calls are allowed on a nullable receiver of type 'com.seafile.seadroid2.account.SupportAccountManager?'.
e: file:///Users/HONGBGU/Documents/seadroid/app/src/main/java/com/seafile/seadroid2/framework/worker/periodic/AlbumBackupPeriodicScanStarter.kt:121:61 Only safe (?.) or non-null asserted (!!.) calls are allowed on a nullable receiver of type 'com.seafile.seadroid2.framework.service.BackupThreadExecutor?'.
e: file:///Users/HONGBGU/Documents/seadroid/app/src/main/java/com/seafile/seadroid2/framework/worker/periodic/FolderBackupPeriodicScanStarter.kt:33:78 Only safe (?.) or non-null asserted (!!.) calls are allowed on a nullable receiver of type 'com.seafile.seadroid2.account.SupportAccountManager?'.
e: file:///Users/HONGBGU/Documents/seadroid/app/src/main/java/com/seafile/seadroid2/framework/worker/periodic/FolderBackupPeriodicScanStarter.kt:131:61 Only safe (?.) or non-null asserted (!!.) calls are allowed on a nullable receiver of type 'com.seafile.seadroid2.framework.service.BackupThreadExecutor?'.
e: file:///Users/HONGBGU/Documents/seadroid/app/src/main/java/com/seafile/seadroid2/framework/worker/queue/TransferModel.kt:21:1 Class 'TransferModel' is not abstract and does not implement abstract member 'compareTo'.
e: file:///Users/HONGBGU/Documents/seadroid/app/src/main/java/com/seafile/seadroid2/framework/worker/queue/TransferModel.kt:50:28 Initializer type mismatch: expected 'java.lang.Long', actual 'kotlin.Int'.
e: file:///Users/HONGBGU/Documents/seadroid/app/src/main/java/com/seafile/seadroid2/framework/worker/queue/TransferModel.kt:57:27 Initializer type mismatch: expected 'java.lang.Long', actual 'kotlin.Int'.
e: file:///Users/HONGBGU/Documents/seadroid/app/src/main/java/com/seafile/seadroid2/framework/worker/queue/TransferModel.kt:58:34 Initializer type mismatch: expected 'java.lang.Long', actual 'kotlin.Int'.
e: file:///Users/HONGBGU/Documents/seadroid/app/src/main/java/com/seafile/seadroid2/framework/worker/queue/TransferModel.kt:101:5 'compareTo' overrides nothing.
e: file:///Users/HONGBGU/Documents/seadroid/app/src/main/java/com/seafile/seadroid2/framework/worker/queue/TransferModel.kt:109:29 Argument type mismatch: actual type is 'java.lang.Long', but 'kotlin.Long' was expected.
e: file:///Users/HONGBGU/Documents/seadroid/app/src/main/java/com/seafile/seadroid2/framework/worker/queue/TransferModel.kt:109:43 Argument type mismatch: actual type is 'java.lang.Long', but 'kotlin.Long' was expected.
e: file:///Users/HONGBGU/Documents/seadroid/app/src/main/java/com/seafile/seadroid2/framework/worker/queue/TransferModel.kt:120:33 Assignment type mismatch: actual type is 'kotlin.Long', but 'java.lang.Long' was expected.
e: file:///Users/HONGBGU/Documents/seadroid/app/src/main/java/com/seafile/seadroid2/framework/worker/queue/TransferModel.kt:127:32 Assignment type mismatch: actual type is 'kotlin.Long', but 'java.lang.Long' was expected.
e: file:///Users/HONGBGU/Documents/seadroid/app/src/main/java/com/seafile/seadroid2/framework/worker/queue/TransferModel.kt:128:39 Assignment type mismatch: actual type is 'kotlin.Int', but 'java.lang.Long' was expected.
e: file:///Users/HONGBGU/Documents/seadroid/app/src/main/java/com/seafile/seadroid2/framework/worker/queue/TransferModel.kt:138:33 Assignment type mismatch: actual type is 'kotlin.Long', but 'java.lang.Long' was expected.
e: file:///Users/HONGBGU/Documents/seadroid/app/src/main/java/com/seafile/seadroid2/framework/worker/queue/TransferModel.kt:146:32 Assignment type mismatch: actual type is 'kotlin.Long', but 'java.lang.Long' was expected.
e: file:///Users/HONGBGU/Documents/seadroid/app/src/main/java/com/seafile/seadroid2/framework/worker/queue/TransferModel.kt:147:39 Assignment type mismatch: actual type is 'kotlin.Int', but 'java.lang.Long' was expected.
e: file:///Users/HONGBGU/Documents/seadroid/app/src/main/java/com/seafile/seadroid2/framework/worker/queue/TransferQueue.kt:114:34 Class '<anonymous>' is not abstract and does not implement abstract member 'apply'.
e: file:///Users/HONGBGU/Documents/seadroid/app/src/main/java/com/seafile/seadroid2/framework/worker/queue/TransferQueue.kt:115:17 'apply' overrides nothing.
e: file:///Users/HONGBGU/Documents/seadroid/app/src/main/java/com/seafile/seadroid2/framework/worker/queue/TransferQueue.kt:140:30 Argument type mismatch: actual type is 'kotlin.String?', but 'kotlin.String' was expected.
e: file:///Users/HONGBGU/Documents/seadroid/app/src/main/java/com/seafile/seadroid2/framework/worker/queue/TransferQueue.kt:267:30 Argument type mismatch: actual type is 'kotlin.String?', but 'kotlin.String' was expected.
e: file:///Users/HONGBGU/Documents/seadroid/app/src/main/java/com/seafile/seadroid2/framework/worker/queue/TransferQueue.kt:305:30 Argument type mismatch: actual type is 'kotlin.String?', but 'kotlin.String' was expected.
e: file:///Users/HONGBGU/Documents/seadroid/app/src/main/java/com/seafile/seadroid2/framework/worker/reupoad/DownloadedFileMonitorWorker.kt:56:37 Return type of 'getNotification' is not a subtype of the return type of the overridden member 'fun getNotification(): BaseTransferNotificationHelper'.
e: file:///Users/HONGBGU/Documents/seadroid/app/src/main/java/com/seafile/seadroid2/framework/worker/reupoad/DownloadedFileMonitorWorker.kt:81:78 Only safe (?.) or non-null asserted (!!.) calls are allowed on a nullable receiver of type 'com.seafile.seadroid2.account.SupportAccountManager?'.
e: file:///Users/HONGBGU/Documents/seadroid/app/src/main/java/com/seafile/seadroid2/framework/worker/reupoad/DownloadedFileMonitorWorker.kt:117:21 Only safe (?.) or non-null asserted (!!.) calls are allowed on a nullable receiver of type 'com.seafile.seadroid2.framework.db.AppDatabase?'.
e: file:///Users/HONGBGU/Documents/seadroid/app/src/main/java/com/seafile/seadroid2/framework/worker/reupoad/DownloadedFileMonitorWorker.kt:118:21 Only safe (?.) or non-null asserted (!!.) calls are allowed on a nullable receiver of type 'com.seafile.seadroid2.framework.db.dao.FileCacheStatusDAO?'.
e: file:///Users/HONGBGU/Documents/seadroid/app/src/main/java/com/seafile/seadroid2/framework/worker/reupoad/DownloadedFileMonitorWorker.kt:139:56 Unresolved reference 'parseByThrowable'.
e: file:///Users/HONGBGU/Documents/seadroid/app/src/main/java/com/seafile/seadroid2/framework/worker/reupoad/DownloadedFileMonitorWorker.kt:221:36 Assignment type mismatch: actual type is 'kotlin.Long', but 'java.lang.Long' was expected.
e: file:///Users/HONGBGU/Documents/seadroid/app/src/main/java/com/seafile/seadroid2/framework/worker/reupoad/DownloadedFileMonitorWorker.kt:230:35 Assignment type mismatch: actual type is 'kotlin.Long', but 'java.lang.Long' was expected.
e: file:///Users/HONGBGU/Documents/seadroid/app/src/main/java/com/seafile/seadroid2/framework/worker/reupoad/DownloadedFileMonitorWorker.kt:244:13 Initializer type mismatch: expected 'retrofit2.Call<com.seafile.seadroid2.framework.model.dirents.DirentFileModel?>', actual 'retrofit2.Call<com.seafile.seadroid2.framework.model.dirents.DirentFileModel?>?'.
e: file:///Users/HONGBGU/Documents/seadroid/app/src/main/java/com/seafile/seadroid2/framework/worker/reupoad/DownloadedFileMonitorWorker.kt:244:50 Only safe (?.) or non-null asserted (!!.) calls are allowed on a nullable receiver of type 'com.seafile.seadroid2.framework.http.HttpIO?'.
e: file:///Users/HONGBGU/Documents/seadroid/app/src/main/java/com/seafile/seadroid2/framework/worker/reupoad/DownloadedFileMonitorWorker.kt:244:73 Argument type mismatch: actual type is 'java.lang.Class<com.seafile.seadroid2.ui.file.FileService>', but 'java.lang.Class<T?>' was expected.
e: file:///Users/HONGBGU/Documents/seadroid/app/src/main/java/com/seafile/seadroid2/framework/worker/reupoad/DownloadedFileMonitorWorker.kt:245:17 Only safe (?.) or non-null asserted (!!.) calls are allowed on a nullable receiver of type 'com.seafile.seadroid2.ui.file.FileService?'.
e: file:///Users/HONGBGU/Documents/seadroid/app/src/main/java/com/seafile/seadroid2/framework/worker/upload/BaseUploadWorker.kt:58:62 Class '<anonymous>' is not abstract and does not implement abstract member 'onProgressNotify'.
e: file:///Users/HONGBGU/Documents/seadroid/app/src/main/java/com/seafile/seadroid2/framework/worker/upload/BaseUploadWorker.kt:59:9 'onProgressNotify' overrides nothing.
e: file:///Users/HONGBGU/Documents/seadroid/app/src/main/java/com/seafile/seadroid2/framework/worker/upload/BaseUploadWorker.kt:71:46 Assignment type mismatch: actual type is 'kotlin.Long', but 'java.lang.Long' was expected.
e: file:///Users/HONGBGU/Documents/seadroid/app/src/main/java/com/seafile/seadroid2/framework/worker/upload/BaseUploadWorker.kt:76:31 Argument type mismatch: actual type is 'com.seafile.seadroid2.enums.FeatureDataSource?', but 'com.seafile.seadroid2.enums.FeatureDataSource' was expected.
e: file:///Users/HONGBGU/Documents/seadroid/app/src/main/java/com/seafile/seadroid2/framework/worker/upload/BaseUploadWorker.kt:94:63 Only safe (?.) or non-null asserted (!!.) calls are allowed on a nullable receiver of type 'com.seafile.seadroid2.framework.http.HttpIO?'.
e: file:///Users/HONGBGU/Documents/seadroid/app/src/main/java/com/seafile/seadroid2/framework/worker/upload/BaseUploadWorker.kt:102:63 Only safe (?.) or non-null asserted (!!.) calls are allowed on a nullable receiver of type 'com.seafile.seadroid2.framework.http.HttpIO?'.
e: file:///Users/HONGBGU/Documents/seadroid/app/src/main/java/com/seafile/seadroid2/framework/worker/upload/BaseUploadWorker.kt:146:63 Null cannot be a value of a non-null type 'com.seafile.seadroid2.listener.FileTransferProgressListener.TransferProgressListener'.
e: file:///Users/HONGBGU/Documents/seadroid/app/src/main/java/com/seafile/seadroid2/framework/worker/upload/BaseUploadWorker.kt:173:39 Argument type mismatch: actual type is 'com.seafile.seadroid2.enums.FeatureDataSource?', but 'com.seafile.seadroid2.enums.FeatureDataSource' was expected.
e: file:///Users/HONGBGU/Documents/seadroid/app/src/main/java/com/seafile/seadroid2/framework/worker/upload/BaseUploadWorker.kt:173:63 Argument type mismatch: actual type is 'com.seafile.seadroid2.framework.worker.queue.TransferModel?', but 'com.seafile.seadroid2.framework.worker.queue.TransferModel' was expected.
e: file:///Users/HONGBGU/Documents/seadroid/app/src/main/java/com/seafile/seadroid2/framework/worker/upload/BaseUploadWorker.kt:179:39 Argument type mismatch: actual type is 'com.seafile.seadroid2.enums.FeatureDataSource?', but 'com.seafile.seadroid2.enums.FeatureDataSource' was expected.
e: file:///Users/HONGBGU/Documents/seadroid/app/src/main/java/com/seafile/seadroid2/framework/worker/upload/BaseUploadWorker.kt:179:63 Argument type mismatch: actual type is 'com.seafile.seadroid2.framework.worker.queue.TransferModel?', but 'com.seafile.seadroid2.framework.worker.queue.TransferModel' was expected.
e: file:///Users/HONGBGU/Documents/seadroid/app/src/main/java/com/seafile/seadroid2/framework/worker/upload/BaseUploadWorker.kt:228:27 Argument type mismatch: actual type is 'com.seafile.seadroid2.enums.FeatureDataSource?', but 'com.seafile.seadroid2.enums.FeatureDataSource' was expected.
e: file:///Users/HONGBGU/Documents/seadroid/app/src/main/java/com/seafile/seadroid2/framework/worker/upload/BaseUploadWorker.kt:228:51 Smart cast to 'com.seafile.seadroid2.framework.worker.queue.TransferModel' is impossible, because 'currentTransferModel' is a mutable property that could be mutated concurrently.
e: file:///Users/HONGBGU/Documents/seadroid/app/src/main/java/com/seafile/seadroid2/framework/worker/upload/BaseUploadWorker.kt:238:51 Assignment type mismatch: actual type is 'kotlin.Int', but 'java.lang.Long' was expected.
e: file:///Users/HONGBGU/Documents/seadroid/app/src/main/java/com/seafile/seadroid2/framework/worker/upload/BaseUploadWorker.kt:244:45 Only safe (?.) or non-null asserted (!!.) calls are allowed on a nullable receiver of type 'kotlin.String?'.
e: file:///Users/HONGBGU/Documents/seadroid/app/src/main/java/com/seafile/seadroid2/framework/worker/upload/BaseUploadWorker.kt:251:48 Assignment type mismatch: actual type is 'kotlin.Long', but 'java.lang.Long' was expected.
e: file:///Users/HONGBGU/Documents/seadroid/app/src/main/java/com/seafile/seadroid2/framework/worker/upload/BaseUploadWorker.kt:259:17 Argument type mismatch: actual type is 'java.lang.Long', but 'kotlin.Long' was expected.
e: file:///Users/HONGBGU/Documents/seadroid/app/src/main/java/com/seafile/seadroid2/framework/worker/upload/BaseUploadWorker.kt:343:67 Null cannot be a value of a non-null type 'kotlin.String'.
e: file:///Users/HONGBGU/Documents/seadroid/app/src/main/java/com/seafile/seadroid2/framework/worker/upload/BaseUploadWorker.kt:376:23 Assignment type mismatch: actual type is 'retrofit2.Response<kotlin.String?>!', but 'retrofit2.Response<kotlin.String>?' was expected.
e: file:///Users/HONGBGU/Documents/seadroid/app/src/main/java/com/seafile/seadroid2/framework/worker/upload/BaseUploadWorker.kt:377:21 Only safe (?.) or non-null asserted (!!.) calls are allowed on a nullable receiver of type 'com.seafile.seadroid2.framework.http.HttpIO?'.
e: file:///Users/HONGBGU/Documents/seadroid/app/src/main/java/com/seafile/seadroid2/framework/worker/upload/BaseUploadWorker.kt:377:44 Argument type mismatch: actual type is 'java.lang.Class<com.seafile.seadroid2.ui.file.FileService>', but 'java.lang.Class<T?>' was expected.
e: file:///Users/HONGBGU/Documents/seadroid/app/src/main/java/com/seafile/seadroid2/framework/worker/upload/BaseUploadWorker.kt:378:21 Only safe (?.) or non-null asserted (!!.) calls are allowed on a nullable receiver of type 'com.seafile.seadroid2.ui.file.FileService?'.
e: file:///Users/HONGBGU/Documents/seadroid/app/src/main/java/com/seafile/seadroid2/framework/worker/upload/BaseUploadWorker.kt:379:21 Only safe (?.) or non-null asserted (!!.) calls are allowed on a nullable receiver of type 'retrofit2.Call<kotlin.String?>?'.
e: file:///Users/HONGBGU/Documents/seadroid/app/src/main/java/com/seafile/seadroid2/framework/worker/upload/BaseUploadWorker.kt:381:23 Assignment type mismatch: actual type is 'retrofit2.Response<kotlin.String?>!', but 'retrofit2.Response<kotlin.String>?' was expected.
e: file:///Users/HONGBGU/Documents/seadroid/app/src/main/java/com/seafile/seadroid2/framework/worker/upload/BaseUploadWorker.kt:382:21 Only safe (?.) or non-null asserted (!!.) calls are allowed on a nullable receiver of type 'com.seafile.seadroid2.framework.http.HttpIO?'.
e: file:///Users/HONGBGU/Documents/seadroid/app/src/main/java/com/seafile/seadroid2/framework/worker/upload/BaseUploadWorker.kt:382:44 Argument type mismatch: actual type is 'java.lang.Class<com.seafile.seadroid2.ui.file.FileService>', but 'java.lang.Class<T?>' was expected.
e: file:///Users/HONGBGU/Documents/seadroid/app/src/main/java/com/seafile/seadroid2/framework/worker/upload/BaseUploadWorker.kt:383:21 Only safe (?.) or non-null asserted (!!.) calls are allowed on a nullable receiver of type 'com.seafile.seadroid2.ui.file.FileService?'.
e: file:///Users/HONGBGU/Documents/seadroid/app/src/main/java/com/seafile/seadroid2/framework/worker/upload/BaseUploadWorker.kt:384:21 Only safe (?.) or non-null asserted (!!.) calls are allowed on a nullable receiver of type 'retrofit2.Call<kotlin.String?>?'.
e: file:///Users/HONGBGU/Documents/seadroid/app/src/main/java/com/seafile/seadroid2/framework/worker/upload/BaseUploadWorker.kt:401:69 Null cannot be a value of a non-null type 'kotlin.String'.
e: file:///Users/HONGBGU/Documents/seadroid/app/src/main/java/com/seafile/seadroid2/framework/worker/upload/BaseUploadWorker.kt:415:51 Assignment type mismatch: actual type is 'kotlin.Long', but 'java.lang.Long' was expected.
e: file:///Users/HONGBGU/Documents/seadroid/app/src/main/java/com/seafile/seadroid2/framework/worker/upload/BaseUploadWorker.kt:430:21 Initializer type mismatch: expected 'com.seafile.seadroid2.framework.db.entities.FileCacheStatusEntity', actual 'com.seafile.seadroid2.framework.db.entities.FileCacheStatusEntity?'.
e: file:///Users/HONGBGU/Documents/seadroid/app/src/main/java/com/seafile/seadroid2/framework/worker/upload/BaseUploadWorker.kt:430:21 Type mismatch: inferred type is 'com.seafile.seadroid2.framework.db.entities.FileCacheStatusEntity?', but 'com.seafile.seadroid2.framework.db.entities.FileCacheStatusEntity' was expected.
e: file:///Users/HONGBGU/Documents/seadroid/app/src/main/java/com/seafile/seadroid2/framework/worker/upload/BaseUploadWorker.kt:431:52 Only safe (?.) or non-null asserted (!!.) calls are allowed on a nullable receiver of type 'com.seafile.seadroid2.framework.db.AppDatabase?'.
e: file:///Users/HONGBGU/Documents/seadroid/app/src/main/java/com/seafile/seadroid2/framework/worker/upload/BaseUploadWorker.kt:431:73 Only safe (?.) or non-null asserted (!!.) calls are allowed on a nullable receiver of type 'com.seafile.seadroid2.framework.db.dao.FileCacheStatusDAO?'.
e: file:///Users/HONGBGU/Documents/seadroid/app/src/main/java/com/seafile/seadroid2/framework/worker/upload/BaseUploadWorker.kt:434:52 Only safe (?.) or non-null asserted (!!.) calls are allowed on a nullable receiver of type 'com.seafile.seadroid2.framework.db.AppDatabase?'.
e: file:///Users/HONGBGU/Documents/seadroid/app/src/main/java/com/seafile/seadroid2/framework/worker/upload/BaseUploadWorker.kt:435:21 Only safe (?.) or non-null asserted (!!.) calls are allowed on a nullable receiver of type 'com.seafile.seadroid2.framework.db.dao.DirentDAO?'.
e: file:///Users/HONGBGU/Documents/seadroid/app/src/main/java/com/seafile/seadroid2/framework/worker/upload/BaseUploadWorker.kt:442:52 Only safe (?.) or non-null asserted (!!.) calls are allowed on a nullable receiver of type 'com.seafile.seadroid2.framework.db.AppDatabase?'.
e: file:///Users/HONGBGU/Documents/seadroid/app/src/main/java/com/seafile/seadroid2/framework/worker/upload/BaseUploadWorker.kt:442:70 Only safe (?.) or non-null asserted (!!.) calls are allowed on a nullable receiver of type 'com.seafile.seadroid2.framework.db.dao.FileTransferDAO?'.
e: file:///Users/HONGBGU/Documents/seadroid/app/src/main/java/com/seafile/seadroid2/framework/worker/upload/BaseUploadWorker.kt:442:78 Argument type mismatch: actual type is 'com.seafile.seadroid2.framework.db.entities.FileBackupStatusEntity?', but 'com.seafile.seadroid2.framework.db.entities.FileBackupStatusEntity' was expected.
e: file:///Users/HONGBGU/Documents/seadroid/app/src/main/java/com/seafile/seadroid2/framework/worker/upload/FileUploadWorker.kt:93:25 Only safe (?.) or non-null asserted (!!.) calls are allowed on a nullable receiver of type 'com.seafile.seadroid2.account.SupportAccountManager?'.
e: file:///Users/HONGBGU/Documents/seadroid/app/src/main/java/com/seafile/seadroid2/framework/worker/upload/FileUploadWorker.kt:100:56 Unresolved reference 'parseByThrowable'.
e: file:///Users/HONGBGU/Documents/seadroid/app/src/main/java/com/seafile/seadroid2/framework/worker/upload/FolderBackupScanWorker.kt:64:78 Only safe (?.) or non-null asserted (!!.) calls are allowed on a nullable receiver of type 'com.seafile.seadroid2.account.SupportAccountManager?'.
e: file:///Users/HONGBGU/Documents/seadroid/app/src/main/java/com/seafile/seadroid2/framework/worker/upload/FolderBackupUploadWorker.kt:77:78 Only safe (?.) or non-null asserted (!!.) calls are allowed on a nullable receiver of type 'com.seafile.seadroid2.account.SupportAccountManager?'.
e: file:///Users/HONGBGU/Documents/seadroid/app/src/main/java/com/seafile/seadroid2/framework/worker/upload/MediaBackupScanWorker.kt:65:78 Only safe (?.) or non-null asserted (!!.) calls are allowed on a nullable receiver of type 'com.seafile.seadroid2.account.SupportAccountManager?'.
e: file:///Users/HONGBGU/Documents/seadroid/app/src/main/java/com/seafile/seadroid2/framework/worker/upload/MediaBackupUploadWorker.kt:66:78 Only safe (?.) or non-null asserted (!!.) calls are allowed on a nullable receiver of type 'com.seafile.seadroid2.account.SupportAccountManager?'.
e: file:///Users/HONGBGU/Documents/seadroid/app/src/main/java/com/seafile/seadroid2/listener/FileTransferProgressListener.kt:39:44 Assignment type mismatch: actual type is 'kotlin.Long', but 'java.lang.Long' was expected.
e: file:///Users/HONGBGU/Documents/seadroid/app/src/main/java/com/seafile/seadroid2/preferences/RenameSharePreferenceFragmentCompat.kt:11:13 Argument type mismatch: actual type is 'android.content.Context?', but 'android.content.Context' was expected.
e: file:///Users/HONGBGU/Documents/seadroid/app/src/main/java/com/seafile/seadroid2/preferences/Settings.kt:28:33 Type argument is not within its bounds: should be subtype of 'kotlin.Enum<com.seafile.seadroid2.enums.FileViewType?>?'.
e: file:///Users/HONGBGU/Documents/seadroid/app/src/main/java/com/seafile/seadroid2/preferences/Settings.kt:29:17 Argument type mismatch: actual type is 'java.lang.Class<com.seafile.seadroid2.enums.FileViewType>', but 'java.lang.Class<E?>' was expected.
e: file:///Users/HONGBGU/Documents/seadroid/app/src/main/java/com/seafile/seadroid2/preferences/Settings.kt:30:17 Argument type mismatch: actual type is 'kotlin.Int', but 'kotlin.Int' was expected.
e: file:///Users/HONGBGU/Documents/seadroid/app/src/main/java/com/seafile/seadroid2/preferences/Settings.kt:31:17 Argument type mismatch: actual type is 'kotlin.Int', but 'kotlin.Int' was expected.
e: file:///Users/HONGBGU/Documents/seadroid/app/src/main/java/com/seafile/seadroid2/preferences/Settings.kt:33:80 Type argument is not within its bounds: should be subtype of 'kotlin.Enum<com.seafile.seadroid2.enums.SortBy?>?'.
e: file:///Users/HONGBGU/Documents/seadroid/app/src/main/java/com/seafile/seadroid2/preferences/Settings.kt:34:13 Argument type mismatch: actual type is 'java.lang.Class<com.seafile.seadroid2.enums.SortBy>', but 'java.lang.Class<E?>' was expected.
e: file:///Users/HONGBGU/Documents/seadroid/app/src/main/java/com/seafile/seadroid2/preferences/Settings.kt:35:13 Argument type mismatch: actual type is 'kotlin.Int', but 'kotlin.Int' was expected.
e: file:///Users/HONGBGU/Documents/seadroid/app/src/main/java/com/seafile/seadroid2/preferences/Settings.kt:36:13 Argument type mismatch: actual type is 'kotlin.Int', but 'kotlin.Int' was expected.
e: file:///Users/HONGBGU/Documents/seadroid/app/src/main/java/com/seafile/seadroid2/preferences/Settings.kt:114:20 Return type mismatch: expected 'android.content.SharedPreferences', actual 'android.content.SharedPreferences?'.
e: file:///Users/HONGBGU/Documents/seadroid/app/src/main/java/com/seafile/seadroid2/preferences/Settings.kt:118:20 Return type mismatch: expected 'android.content.SharedPreferences', actual 'android.content.SharedPreferences?'.
e: file:///Users/HONGBGU/Documents/seadroid/app/src/main/java/com/seafile/seadroid2/preferences/Settings.kt:126:62 Only safe (?.) or non-null asserted (!!.) calls are allowed on a nullable receiver of type 'com.seafile.seadroid2.account.SupportAccountManager?'.
e: file:///Users/HONGBGU/Documents/seadroid/app/src/main/java/com/seafile/seadroid2/preferences/Settings.kt:150:13 Unresolved reference 'USER_INFO'.
e: file:///Users/HONGBGU/Documents/seadroid/app/src/main/java/com/seafile/seadroid2/preferences/Settings.kt:165:46 Type argument is not within its bounds: should be subtype of 'kotlin.Enum<com.seafile.seadroid2.enums.NightMode?>?'.
e: file:///Users/HONGBGU/Documents/seadroid/app/src/main/java/com/seafile/seadroid2/preferences/Settings.kt:166:17 Argument type mismatch: actual type is 'java.lang.Class<com.seafile.seadroid2.enums.NightMode>', but 'java.lang.Class<E?>' was expected.
e: file:///Users/HONGBGU/Documents/seadroid/app/src/main/java/com/seafile/seadroid2/preferences/Settings.kt:167:17 Argument type mismatch: actual type is 'kotlin.String', but 'kotlin.String?' was expected.
e: file:///Users/HONGBGU/Documents/seadroid/app/src/main/java/com/seafile/seadroid2/preferences/Settings.kt:168:17 Argument type mismatch: actual type is 'kotlin.Int', but 'kotlin.Int' was expected.
e: file:///Users/HONGBGU/Documents/seadroid/app/src/main/java/com/seafile/seadroid2/preferences/Settings.kt:169:17 Argument type mismatch: actual type is 'kotlin.Int', but 'kotlin.Int' was expected.
e: file:///Users/HONGBGU/Documents/seadroid/app/src/main/java/com/seafile/seadroid2/preferences/Settings.kt:242:62 Type argument is not within its bounds: should be subtype of 'kotlin.Enum<com.seafile.seadroid2.enums.NetworkMode?>?'.
e: file:///Users/HONGBGU/Documents/seadroid/app/src/main/java/com/seafile/seadroid2/preferences/Settings.kt:243:17 Argument type mismatch: actual type is 'java.lang.Class<com.seafile.seadroid2.enums.NetworkMode>', but 'java.lang.Class<E?>' was expected.
e: file:///Users/HONGBGU/Documents/seadroid/app/src/main/java/com/seafile/seadroid2/preferences/Settings.kt:244:17 Argument type mismatch: actual type is 'kotlin.String', but 'kotlin.String?' was expected.
e: file:///Users/HONGBGU/Documents/seadroid/app/src/main/java/com/seafile/seadroid2/preferences/Settings.kt:245:17 Argument type mismatch: actual type is 'kotlin.Int', but 'kotlin.Int' was expected.
e: file:///Users/HONGBGU/Documents/seadroid/app/src/main/java/com/seafile/seadroid2/preferences/Settings.kt:246:17 Argument type mismatch: actual type is 'kotlin.Int', but 'kotlin.Int' was expected.
e: file:///Users/HONGBGU/Documents/seadroid/app/src/main/java/com/seafile/seadroid2/preferences/Settings.kt:269:31 Unresolved reference 'USER_INFO'.
e: file:///Users/HONGBGU/Documents/seadroid/app/src/main/java/com/seafile/seadroid2/preferences/livedata/BooleanSettingLiveData.kt:10:1 Class 'BooleanSettingLiveData' is not abstract and does not implement abstract base class member 'getValue'.
e: file:///Users/HONGBGU/Documents/seadroid/app/src/main/java/com/seafile/seadroid2/preferences/livedata/BooleanSettingLiveData.kt:31:5 'getValue' overrides nothing.
e: file:///Users/HONGBGU/Documents/seadroid/app/src/main/java/com/seafile/seadroid2/preferences/livedata/BooleanSettingLiveData.kt:39:5 'putValue' overrides nothing.
e: file:///Users/HONGBGU/Documents/seadroid/app/src/main/java/com/seafile/seadroid2/preferences/livedata/EnumSettingLiveData.kt:9:1 Class 'EnumSettingLiveData' is not abstract and does not implement abstract base class member 'getValue'.
e: file:///Users/HONGBGU/Documents/seadroid/app/src/main/java/com/seafile/seadroid2/preferences/livedata/EnumSettingLiveData.kt:9:36 Type argument is not within its bounds: should be subtype of 'kotlin.Enum<E?>'.
e: file:///Users/HONGBGU/Documents/seadroid/app/src/main/java/com/seafile/seadroid2/preferences/livedata/EnumSettingLiveData.kt:38:5 'getValue' overrides nothing.
e: file:///Users/HONGBGU/Documents/seadroid/app/src/main/java/com/seafile/seadroid2/preferences/livedata/EnumSettingLiveData.kt:62:5 'putValue' overrides nothing.
e: file:///Users/HONGBGU/Documents/seadroid/app/src/main/java/com/seafile/seadroid2/preferences/livedata/FloatSettingLiveData.kt:10:1 Class 'FloatSettingLiveData' is not abstract and does not implement abstract base class member 'getValue'.
e: file:///Users/HONGBGU/Documents/seadroid/app/src/main/java/com/seafile/seadroid2/preferences/livedata/FloatSettingLiveData.kt:37:5 'getValue' overrides nothing.
e: file:///Users/HONGBGU/Documents/seadroid/app/src/main/java/com/seafile/seadroid2/preferences/livedata/FloatSettingLiveData.kt:45:5 'putValue' overrides nothing.
e: file:///Users/HONGBGU/Documents/seadroid/app/src/main/java/com/seafile/seadroid2/preferences/livedata/IntegerSettingLiveData.kt:9:1 Class 'IntegerSettingLiveData' is not abstract and does not implement abstract base class member 'getValue'.
e: file:///Users/HONGBGU/Documents/seadroid/app/src/main/java/com/seafile/seadroid2/preferences/livedata/IntegerSettingLiveData.kt:28:5 'getValue' overrides nothing.
e: file:///Users/HONGBGU/Documents/seadroid/app/src/main/java/com/seafile/seadroid2/preferences/livedata/IntegerSettingLiveData.kt:36:5 'putValue' overrides nothing.
e: file:///Users/HONGBGU/Documents/seadroid/app/src/main/java/com/seafile/seadroid2/preferences/livedata/LongSettingLiveData.kt:8:1 Class 'LongSettingLiveData' is not abstract and does not implement abstract base class member 'getValue'.
e: file:///Users/HONGBGU/Documents/seadroid/app/src/main/java/com/seafile/seadroid2/preferences/livedata/LongSettingLiveData.kt:35:5 'getValue' overrides nothing.
e: file:///Users/HONGBGU/Documents/seadroid/app/src/main/java/com/seafile/seadroid2/preferences/livedata/LongSettingLiveData.kt:43:5 'putValue' overrides nothing.
e: file:///Users/HONGBGU/Documents/seadroid/app/src/main/java/com/seafile/seadroid2/preferences/livedata/ParcelValueSettingLiveData.kt:12:1 Class 'ParcelValueSettingLiveData' is not abstract and does not implement abstract base class member 'getValue'.
e: file:///Users/HONGBGU/Documents/seadroid/app/src/main/java/com/seafile/seadroid2/preferences/livedata/ParcelValueSettingLiveData.kt:35:5 'getValue' overrides nothing.
e: file:///Users/HONGBGU/Documents/seadroid/app/src/main/java/com/seafile/seadroid2/preferences/livedata/ParcelValueSettingLiveData.kt:62:5 'putValue' overrides nothing.
e: file:///Users/HONGBGU/Documents/seadroid/app/src/main/java/com/seafile/seadroid2/preferences/livedata/ResourceIdSettingLiveData.kt:12:1 Class 'ResourceIdSettingLiveData' is not abstract and does not implement abstract base class member 'getValue'.
e: file:///Users/HONGBGU/Documents/seadroid/app/src/main/java/com/seafile/seadroid2/preferences/livedata/ResourceIdSettingLiveData.kt:39:5 'getValue' overrides nothing.
e: file:///Users/HONGBGU/Documents/seadroid/app/src/main/java/com/seafile/seadroid2/preferences/livedata/ResourceIdSettingLiveData.kt:57:5 'putValue' overrides nothing.
e: file:///Users/HONGBGU/Documents/seadroid/app/src/main/java/com/seafile/seadroid2/preferences/livedata/StringSetSettingLiveData.kt:12:1 Class 'StringSetSettingLiveData' is not abstract and does not implement abstract base class member 'getValue'.
e: file:///Users/HONGBGU/Documents/seadroid/app/src/main/java/com/seafile/seadroid2/preferences/livedata/StringSetSettingLiveData.kt:40:5 'getValue' overrides nothing.
e: file:///Users/HONGBGU/Documents/seadroid/app/src/main/java/com/seafile/seadroid2/preferences/livedata/StringSetSettingLiveData.kt:48:5 'putValue' overrides nothing.
e: file:///Users/HONGBGU/Documents/seadroid/app/src/main/java/com/seafile/seadroid2/preferences/livedata/StringSettingLiveData.kt:9:1 Class 'StringSettingLiveData' is not abstract and does not implement abstract base class member 'getValue'.
e: file:///Users/HONGBGU/Documents/seadroid/app/src/main/java/com/seafile/seadroid2/preferences/livedata/StringSettingLiveData.kt:31:5 'getValue' overrides nothing.
e: file:///Users/HONGBGU/Documents/seadroid/app/src/main/java/com/seafile/seadroid2/preferences/livedata/StringSettingLiveData.kt:39:5 'putValue' overrides nothing.
e: file:///Users/HONGBGU/Documents/seadroid/app/src/main/java/com/seafile/seadroid2/provider/DocumentIdParser.kt:55:17 Initializer type mismatch: expected 'kotlin.collections.MutableList<com.seafile.seadroid2.account.Account>', actual 'kotlin.collections.MutableList<android.accounts.Account>'.
e: file:///Users/HONGBGU/Documents/seadroid/app/src/main/java/com/seafile/seadroid2/provider/DocumentIdParser.kt:55:62 Only safe (?.) or non-null asserted (!!.) calls are allowed on a nullable receiver of type 'com.seafile.seadroid2.account.SupportAccountManager?'.
e: file:///Users/HONGBGU/Documents/seadroid/app/src/main/java/com/seafile/seadroid2/provider/OpenDocumentReader.kt:75:30 Initializer type mismatch: expected 'com.seafile.seadroid2.framework.http.HttpIO', actual 'com.seafile.seadroid2.framework.http.HttpIO?'.
e: file:///Users/HONGBGU/Documents/seadroid/app/src/main/java/com/seafile/seadroid2/provider/OpenDocumentReader.kt:75:30 Type mismatch: inferred type is 'com.seafile.seadroid2.framework.http.HttpIO?', but 'com.seafile.seadroid2.framework.http.HttpIO' was expected.
e: file:///Users/HONGBGU/Documents/seadroid/app/src/main/java/com/seafile/seadroid2/provider/OpenDocumentReader.kt:132:34 Initializer type mismatch: expected 'com.seafile.seadroid2.framework.http.HttpIO', actual 'com.seafile.seadroid2.framework.http.HttpIO?'.
e: file:///Users/HONGBGU/Documents/seadroid/app/src/main/java/com/seafile/seadroid2/provider/OpenDocumentReader.kt:132:34 Type mismatch: inferred type is 'com.seafile.seadroid2.framework.http.HttpIO?', but 'com.seafile.seadroid2.framework.http.HttpIO' was expected.
e: file:///Users/HONGBGU/Documents/seadroid/app/src/main/java/com/seafile/seadroid2/provider/OpenDocumentReader.kt:137:56 Argument type mismatch: actual type is 'java.lang.Class<com.seafile.seadroid2.ui.file.FileService>', but 'java.lang.Class<T?>' was expected.
e: file:///Users/HONGBGU/Documents/seadroid/app/src/main/java/com/seafile/seadroid2/provider/OpenDocumentReader.kt:138:17 Only safe (?.) or non-null asserted (!!.) calls are allowed on a nullable receiver of type 'com.seafile.seadroid2.ui.file.FileService?'.
e: file:///Users/HONGBGU/Documents/seadroid/app/src/main/java/com/seafile/seadroid2/provider/OpenDocumentReader.kt:140:53 Initializer type mismatch: expected 'retrofit2.Response<kotlin.String>', actual 'retrofit2.Response<kotlin.String?>!'.
e: file:///Users/HONGBGU/Documents/seadroid/app/src/main/java/com/seafile/seadroid2/provider/OpenDocumentReader.kt:140:60 Only safe (?.) or non-null asserted (!!.) calls are allowed on a nullable receiver of type 'retrofit2.Call<kotlin.String?>?'.
e: file:///Users/HONGBGU/Documents/seadroid/app/src/main/java/com/seafile/seadroid2/provider/OpenDocumentReader.kt:188:44 Only safe (?.) or non-null asserted (!!.) calls are allowed on a nullable receiver of type 'com.seafile.seadroid2.framework.db.AppDatabase?'.
e: file:///Users/HONGBGU/Documents/seadroid/app/src/main/java/com/seafile/seadroid2/provider/OpenDocumentReader.kt:188:65 Only safe (?.) or non-null asserted (!!.) calls are allowed on a nullable receiver of type 'com.seafile.seadroid2.framework.db.dao.FileCacheStatusDAO?'.
e: file:///Users/HONGBGU/Documents/seadroid/app/src/main/java/com/seafile/seadroid2/provider/OpenDocumentWriter.kt:50:54 Initializer type mismatch: expected 'retrofit2.Call<com.seafile.seadroid2.framework.model.dirents.DirentFileModel?>', actual 'retrofit2.Call<com.seafile.seadroid2.framework.model.dirents.DirentFileModel?>?'.
e: file:///Users/HONGBGU/Documents/seadroid/app/src/main/java/com/seafile/seadroid2/provider/OpenDocumentWriter.kt:51:17 Only safe (?.) or non-null asserted (!!.) calls are allowed on a nullable receiver of type 'com.seafile.seadroid2.framework.http.HttpIO?'.
e: file:///Users/HONGBGU/Documents/seadroid/app/src/main/java/com/seafile/seadroid2/provider/OpenDocumentWriter.kt:51:40 Argument type mismatch: actual type is 'java.lang.Class<com.seafile.seadroid2.ui.file.FileService>', but 'java.lang.Class<T?>' was expected.
e: file:///Users/HONGBGU/Documents/seadroid/app/src/main/java/com/seafile/seadroid2/provider/OpenDocumentWriter.kt:52:17 Only safe (?.) or non-null asserted (!!.) calls are allowed on a nullable receiver of type 'com.seafile.seadroid2.ui.file.FileService?'.
e: file:///Users/HONGBGU/Documents/seadroid/app/src/main/java/com/seafile/seadroid2/provider/OpenDocumentWriter.kt:72:17 Only safe (?.) or non-null asserted (!!.) calls are allowed on a nullable receiver of type 'com.seafile.seadroid2.framework.http.HttpIO?'.
e: file:///Users/HONGBGU/Documents/seadroid/app/src/main/java/com/seafile/seadroid2/provider/OpenDocumentWriter.kt:72:40 Argument type mismatch: actual type is 'java.lang.Class<com.seafile.seadroid2.ui.file.FileService>', but 'java.lang.Class<T?>' was expected.
e: file:///Users/HONGBGU/Documents/seadroid/app/src/main/java/com/seafile/seadroid2/provider/OpenDocumentWriter.kt:73:17 Only safe (?.) or non-null asserted (!!.) calls are allowed on a nullable receiver of type 'com.seafile.seadroid2.ui.file.FileService?'.
e: file:///Users/HONGBGU/Documents/seadroid/app/src/main/java/com/seafile/seadroid2/provider/OpenDocumentWriter.kt:74:17 Only safe (?.) or non-null asserted (!!.) calls are allowed on a nullable receiver of type 'retrofit2.Call<kotlin.String?>?'.
e: file:///Users/HONGBGU/Documents/seadroid/app/src/main/java/com/seafile/seadroid2/provider/OpenDocumentWriter.kt:151:25 Only safe (?.) or non-null asserted (!!.) calls are allowed on a nullable receiver of type 'com.seafile.seadroid2.framework.http.HttpIO?'.
e: file:///Users/HONGBGU/Documents/seadroid/app/src/main/java/com/seafile/seadroid2/provider/OpenDocumentWriter.kt:263:44 Only safe (?.) or non-null asserted (!!.) calls are allowed on a nullable receiver of type 'com.seafile.seadroid2.framework.db.AppDatabase?'.
e: file:///Users/HONGBGU/Documents/seadroid/app/src/main/java/com/seafile/seadroid2/provider/OpenDocumentWriter.kt:263:65 Only safe (?.) or non-null asserted (!!.) calls are allowed on a nullable receiver of type 'com.seafile.seadroid2.framework.db.dao.FileCacheStatusDAO?'.
e: file:///Users/HONGBGU/Documents/seadroid/app/src/main/java/com/seafile/seadroid2/provider/SeafileProvider.kt:58:25 Unresolved reference 'DocumentsProvider'.
e: file:///Users/HONGBGU/Documents/seadroid/app/src/main/java/com/seafile/seadroid2/provider/SeafileProvider.kt:63:34 Unresolved reference 'OnAccountsUpdateListener'.
e: file:///Users/HONGBGU/Documents/seadroid/app/src/main/java/com/seafile/seadroid2/provider/SeafileProvider.kt:63:70 Unresolved reference 'OnAccountsUpdateListener'.
e: file:///Users/HONGBGU/Documents/seadroid/app/src/main/java/com/seafile/seadroid2/provider/SeafileProvider.kt:64:9 'onAccountsUpdated' overrides nothing.
e: file:///Users/HONGBGU/Documents/seadroid/app/src/main/java/com/seafile/seadroid2/provider/SeafileProvider.kt:65:30 Unresolved reference 'SeadroidApplication'.
e: file:///Users/HONGBGU/Documents/seadroid/app/src/main/java/com/seafile/seadroid2/provider/SeafileProvider.kt:70:5 'onCreate' overrides nothing.
e: file:///Users/HONGBGU/Documents/seadroid/app/src/main/java/com/seafile/seadroid2/provider/SeafileProvider.kt:71:52 Unresolved reference 'getContext'.
e: file:///Users/HONGBGU/Documents/seadroid/app/src/main/java/com/seafile/seadroid2/provider/SeafileProvider.kt:73:30 Only safe (?.) or non-null asserted (!!.) calls are allowed on a nullable receiver of type 'android.accounts.AccountManager?'.
e: file:///Users/HONGBGU/Documents/seadroid/app/src/main/java/com/seafile/seadroid2/provider/SeafileProvider.kt:75:9 Unresolved reference 'Logs'.
e: file:///Users/HONGBGU/Documents/seadroid/app/src/main/java/com/seafile/seadroid2/provider/SeafileProvider.kt:81:5 'queryRoots' overrides nothing.
e: file:///Users/HONGBGU/Documents/seadroid/app/src/main/java/com/seafile/seadroid2/provider/SeafileProvider.kt:82:9 Unresolved reference 'Logs'.
e: file:///Users/HONGBGU/Documents/seadroid/app/src/main/java/com/seafile/seadroid2/provider/SeafileProvider.kt:85:21 Unresolved reference 'MatrixCursor'.
e: file:///Users/HONGBGU/Documents/seadroid/app/src/main/java/com/seafile/seadroid2/provider/SeafileProvider.kt:85:36 Unresolved reference 'MatrixCursor'.
e: file:///Users/HONGBGU/Documents/seadroid/app/src/main/java/com/seafile/seadroid2/provider/SeafileProvider.kt:88:19 Unresolved reference 'SupportAccountManager'.
e: file:///Users/HONGBGU/Documents/seadroid/app/src/main/java/com/seafile/seadroid2/provider/SeafileProvider.kt:88:65 Method 'iterator()' is ambiguous for this expression. Applicable candidates:
fun <T> Enumeration<T>.iterator(): Iterator<T>
@InlineOnly() fun <T> Iterator<T>.iterator(): Iterator<T>
@InlineOnly() fun <K, V> Map<out K, V>.iterator(): Iterator<Map.Entry<K, V>>
@JvmName(...) @InlineOnly() fun <K, V> MutableMap<K, V>.iterator(): MutableIterator<MutableMap.MutableEntry<K, V>>
fun CharSequence.iterator(): CharIterator
fun BufferedInputStream.iterator(): ByteIterator
e: file:///Users/HONGBGU/Documents/seadroid/app/src/main/java/com/seafile/seadroid2/provider/SeafileProvider.kt:95:16 Unresolved reference 'setNotificationUri'.
e: file:///Users/HONGBGU/Documents/seadroid/app/src/main/java/com/seafile/seadroid2/provider/SeafileProvider.kt:95:35 Unresolved reference 'getContext'.
e: file:///Users/HONGBGU/Documents/seadroid/app/src/main/java/com/seafile/seadroid2/provider/SeafileProvider.kt:101:16 Unresolved reference 'DocumentsContract'.
e: file:///Users/HONGBGU/Documents/seadroid/app/src/main/java/com/seafile/seadroid2/provider/SeafileProvider.kt:108:5 'queryChildDocuments' overrides nothing.
e: file:///Users/HONGBGU/Documents/seadroid/app/src/main/java/com/seafile/seadroid2/provider/SeafileProvider.kt:113:9 Unresolved reference 'Logs'.
e: file:///Users/HONGBGU/Documents/seadroid/app/src/main/java/com/seafile/seadroid2/provider/SeafileProvider.kt:115:13 Unresolved reference 'TextUtils'.
e: file:///Users/HONGBGU/Documents/seadroid/app/src/main/java/com/seafile/seadroid2/provider/SeafileProvider.kt:116:19 Overload resolution ambiguity between candidates:
fun throwFileNotFoundException(@StringRes() resId: Int): FileNotFoundException
fun throwFileNotFoundException(msg: String?): FileNotFoundException
e: file:///Users/HONGBGU/Documents/seadroid/app/src/main/java/com/seafile/seadroid2/provider/SeafileProvider.kt:116:19 Type mismatch: inferred type is 'ERROR CLASS: Ambiguity: throwFileNotFoundException, [com/seafile/seadroid2/provider/SeafileProvider.throwFileNotFoundException, com/seafile/seadroid2/provider/SeafileProvider.throwFileNotFoundException]', but 'kotlin.Throwable' was expected.
e: file:///Users/HONGBGU/Documents/seadroid/app/src/main/java/com/seafile/seadroid2/provider/SeafileProvider.kt:116:46 Unresolved reference 'R'.
e: file:///Users/HONGBGU/Documents/seadroid/app/src/main/java/com/seafile/seadroid2/provider/SeafileProvider.kt:119:57 Argument type mismatch: actual type is 'kotlin.String?', but 'kotlin.String' was expected.
e: file:///Users/HONGBGU/Documents/seadroid/app/src/main/java/com/seafile/seadroid2/provider/SeafileProvider.kt:121:19 Overload resolution ambiguity between candidates:
fun throwFileNotFoundException(@StringRes() resId: Int): FileNotFoundException
fun throwFileNotFoundException(msg: String?): FileNotFoundException
e: file:///Users/HONGBGU/Documents/seadroid/app/src/main/java/com/seafile/seadroid2/provider/SeafileProvider.kt:121:19 Type mismatch: inferred type is 'ERROR CLASS: Ambiguity: throwFileNotFoundException, [com/seafile/seadroid2/provider/SeafileProvider.throwFileNotFoundException, com/seafile/seadroid2/provider/SeafileProvider.throwFileNotFoundException]', but 'kotlin.Throwable' was expected.
e: file:///Users/HONGBGU/Documents/seadroid/app/src/main/java/com/seafile/seadroid2/provider/SeafileProvider.kt:121:46 Unresolved reference 'R'.
e: file:///Users/HONGBGU/Documents/seadroid/app/src/main/java/com/seafile/seadroid2/provider/SeafileProvider.kt:125:55 Argument type mismatch: actual type is 'kotlin.String?', but 'kotlin.String' was expected.
e: file:///Users/HONGBGU/Documents/seadroid/app/src/main/java/com/seafile/seadroid2/provider/SeafileProvider.kt:126:51 Argument type mismatch: actual type is 'kotlin.String?', but 'kotlin.String' was expected.
e: file:///Users/HONGBGU/Documents/seadroid/app/src/main/java/com/seafile/seadroid2/provider/SeafileProvider.kt:130:19 Only safe (?.) or non-null asserted (!!.) calls are allowed on a nullable receiver of type 'kotlin.String?'.
e: file:///Users/HONGBGU/Documents/seadroid/app/src/main/java/com/seafile/seadroid2/provider/SeafileProvider.kt:133:31 Unresolved reference 'MatrixCursor'.
e: file:///Users/HONGBGU/Documents/seadroid/app/src/main/java/com/seafile/seadroid2/provider/SeafileProvider.kt:137:17 Unresolved reference 'SeadroidApplication'.
e: file:///Users/HONGBGU/Documents/seadroid/app/src/main/java/com/seafile/seadroid2/provider/SeafileProvider.kt:138:13 Unresolved reference 'Logs'.
e: file:///Users/HONGBGU/Documents/seadroid/app/src/main/java/com/seafile/seadroid2/provider/SeafileProvider.kt:147:29 Unresolved reference 'Bundle'.
e: file:///Users/HONGBGU/Documents/seadroid/app/src/main/java/com/seafile/seadroid2/provider/SeafileProvider.kt:147:38 Unresolved reference 'Bundle'.
e: file:///Users/HONGBGU/Documents/seadroid/app/src/main/java/com/seafile/seadroid2/provider/SeafileProvider.kt:148:24 Unresolved reference 'putBoolean'.
e: file:///Users/HONGBGU/Documents/seadroid/app/src/main/java/com/seafile/seadroid2/provider/SeafileProvider.kt:148:35 Unresolved reference 'DocumentsContract'.
e: file:///Users/HONGBGU/Documents/seadroid/app/src/main/java/com/seafile/seadroid2/provider/SeafileProvider.kt:150:21 Unresolved reference 'SeadroidApplication'.
e: file:///Users/HONGBGU/Documents/seadroid/app/src/main/java/com/seafile/seadroid2/provider/SeafileProvider.kt:150:54 Unresolved reference 'R'.
e: file:///Users/HONGBGU/Documents/seadroid/app/src/main/java/com/seafile/seadroid2/provider/SeafileProvider.kt:151:24 Unresolved reference 'putString'.
e: file:///Users/HONGBGU/Documents/seadroid/app/src/main/java/com/seafile/seadroid2/provider/SeafileProvider.kt:151:34 Unresolved reference 'DocumentsContract'.
e: file:///Users/HONGBGU/Documents/seadroid/app/src/main/java/com/seafile/seadroid2/provider/SeafileProvider.kt:152:30 Unresolved reference 'setExtras'.
e: file:///Users/HONGBGU/Documents/seadroid/app/src/main/java/com/seafile/seadroid2/provider/SeafileProvider.kt:156:40 Unresolved reference 'RepoModel'.
e: file:///Users/HONGBGU/Documents/seadroid/app/src/main/java/com/seafile/seadroid2/provider/SeafileProvider.kt:165:50 Argument type mismatch: actual type is 'kotlin.String?', but 'kotlin.String' was expected.
e: file:///Users/HONGBGU/Documents/seadroid/app/src/main/java/com/seafile/seadroid2/provider/SeafileProvider.kt:168:31 Unresolved reference 'MatrixCursor'.
e: file:///Users/HONGBGU/Documents/seadroid/app/src/main/java/com/seafile/seadroid2/provider/SeafileProvider.kt:172:17 Unresolved reference 'SeadroidApplication'.
e: file:///Users/HONGBGU/Documents/seadroid/app/src/main/java/com/seafile/seadroid2/provider/SeafileProvider.kt:173:13 Unresolved reference 'Logs'.
e: file:///Users/HONGBGU/Documents/seadroid/app/src/main/java/com/seafile/seadroid2/provider/SeafileProvider.kt:182:29 Unresolved reference 'Bundle'.
e: file:///Users/HONGBGU/Documents/seadroid/app/src/main/java/com/seafile/seadroid2/provider/SeafileProvider.kt:182:38 Unresolved reference 'Bundle'.
e: file:///Users/HONGBGU/Documents/seadroid/app/src/main/java/com/seafile/seadroid2/provider/SeafileProvider.kt:183:24 Unresolved reference 'putBoolean'.
e: file:///Users/HONGBGU/Documents/seadroid/app/src/main/java/com/seafile/seadroid2/provider/SeafileProvider.kt:183:35 Unresolved reference 'DocumentsContract'.
e: file:///Users/HONGBGU/Documents/seadroid/app/src/main/java/com/seafile/seadroid2/provider/SeafileProvider.kt:185:21 Unresolved reference 'SeadroidApplication'.
e: file:///Users/HONGBGU/Documents/seadroid/app/src/main/java/com/seafile/seadroid2/provider/SeafileProvider.kt:185:54 Unresolved reference 'R'.
e: file:///Users/HONGBGU/Documents/seadroid/app/src/main/java/com/seafile/seadroid2/provider/SeafileProvider.kt:186:24 Unresolved reference 'putString'.
e: file:///Users/HONGBGU/Documents/seadroid/app/src/main/java/com/seafile/seadroid2/provider/SeafileProvider.kt:186:34 Unresolved reference 'DocumentsContract'.
e: file:///Users/HONGBGU/Documents/seadroid/app/src/main/java/com/seafile/seadroid2/provider/SeafileProvider.kt:187:30 Unresolved reference 'setExtras'.
e: file:///Users/HONGBGU/Documents/seadroid/app/src/main/java/com/seafile/seadroid2/provider/SeafileProvider.kt:191:46 Unresolved reference 'StarredModel'.
e: file:///Users/HONGBGU/Documents/seadroid/app/src/main/java/com/seafile/seadroid2/provider/SeafileProvider.kt:204:41 Unresolved reference 'RepoModel'.
e: file:///Users/HONGBGU/Documents/seadroid/app/src/main/java/com/seafile/seadroid2/provider/SeafileProvider.kt:206:23 Overload resolution ambiguity between candidates:
fun throwFileNotFoundException(@StringRes() resId: Int): FileNotFoundException
fun throwFileNotFoundException(msg: String?): FileNotFoundException
e: file:///Users/HONGBGU/Documents/seadroid/app/src/main/java/com/seafile/seadroid2/provider/SeafileProvider.kt:206:23 Type mismatch: inferred type is 'ERROR CLASS: Ambiguity: throwFileNotFoundException, [com/seafile/seadroid2/provider/SeafileProvider.throwFileNotFoundException, com/seafile/seadroid2/provider/SeafileProvider.throwFileNotFoundException]', but 'kotlin.Throwable' was expected.
e: file:///Users/HONGBGU/Documents/seadroid/app/src/main/java/com/seafile/seadroid2/provider/SeafileProvider.kt:206:50 Unresolved reference 'R'.
e: file:///Users/HONGBGU/Documents/seadroid/app/src/main/java/com/seafile/seadroid2/provider/SeafileProvider.kt:209:28 Unresolved reference 'RepoModel'.
e: file:///Users/HONGBGU/Documents/seadroid/app/src/main/java/com/seafile/seadroid2/provider/SeafileProvider.kt:211:23 Overload resolution ambiguity between candidates:
fun throwFileNotFoundException(@StringRes() resId: Int): FileNotFoundException
fun throwFileNotFoundException(msg: String?): FileNotFoundException
e: file:///Users/HONGBGU/Documents/seadroid/app/src/main/java/com/seafile/seadroid2/provider/SeafileProvider.kt:211:23 Type mismatch: inferred type is 'ERROR CLASS: Ambiguity: throwFileNotFoundException, [com/seafile/seadroid2/provider/SeafileProvider.throwFileNotFoundException, com/seafile/seadroid2/provider/SeafileProvider.throwFileNotFoundException]', but 'kotlin.Throwable' was expected.
e: file:///Users/HONGBGU/Documents/seadroid/app/src/main/java/com/seafile/seadroid2/provider/SeafileProvider.kt:211:50 Unresolved reference 'R'.
e: file:///Users/HONGBGU/Documents/seadroid/app/src/main/java/com/seafile/seadroid2/provider/SeafileProvider.kt:219:27 Unresolved reference 'encrypted'.
e: file:///Users/HONGBGU/Documents/seadroid/app/src/main/java/com/seafile/seadroid2/provider/SeafileProvider.kt:220:23 Overload resolution ambiguity between candidates:
fun throwFileNotFoundException(@StringRes() resId: Int): FileNotFoundException
fun throwFileNotFoundException(msg: String?): FileNotFoundException
e: file:///Users/HONGBGU/Documents/seadroid/app/src/main/java/com/seafile/seadroid2/provider/SeafileProvider.kt:220:23 Type mismatch: inferred type is 'ERROR CLASS: Ambiguity: throwFileNotFoundException, [com/seafile/seadroid2/provider/SeafileProvider.throwFileNotFoundException, com/seafile/seadroid2/provider/SeafileProvider.throwFileNotFoundException]', but 'kotlin.Throwable' was expected.
e: file:///Users/HONGBGU/Documents/seadroid/app/src/main/java/com/seafile/seadroid2/provider/SeafileProvider.kt:220:50 Unresolved reference 'R'.
e: file:///Users/HONGBGU/Documents/seadroid/app/src/main/java/com/seafile/seadroid2/provider/SeafileProvider.kt:223:31 Unresolved reference 'MatrixCursor'.
e: file:///Users/HONGBGU/Documents/seadroid/app/src/main/java/com/seafile/seadroid2/provider/SeafileProvider.kt:230:17 Unresolved reference 'SeadroidApplication'.
e: file:///Users/HONGBGU/Documents/seadroid/app/src/main/java/com/seafile/seadroid2/provider/SeafileProvider.kt:231:13 Unresolved reference 'Logs'.
e: file:///Users/HONGBGU/Documents/seadroid/app/src/main/java/com/seafile/seadroid2/provider/SeafileProvider.kt:240:29 Unresolved reference 'Bundle'.
e: file:///Users/HONGBGU/Documents/seadroid/app/src/main/java/com/seafile/seadroid2/provider/SeafileProvider.kt:240:38 Unresolved reference 'Bundle'.
e: file:///Users/HONGBGU/Documents/seadroid/app/src/main/java/com/seafile/seadroid2/provider/SeafileProvider.kt:241:24 Unresolved reference 'putBoolean'.
e: file:///Users/HONGBGU/Documents/seadroid/app/src/main/java/com/seafile/seadroid2/provider/SeafileProvider.kt:241:35 Unresolved reference 'DocumentsContract'.
e: file:///Users/HONGBGU/Documents/seadroid/app/src/main/java/com/seafile/seadroid2/provider/SeafileProvider.kt:243:21 Unresolved reference 'SeadroidApplication'.
e: file:///Users/HONGBGU/Documents/seadroid/app/src/main/java/com/seafile/seadroid2/provider/SeafileProvider.kt:243:54 Unresolved reference 'R'.
e: file:///Users/HONGBGU/Documents/seadroid/app/src/main/java/com/seafile/seadroid2/provider/SeafileProvider.kt:244:24 Unresolved reference 'putString'.
e: file:///Users/HONGBGU/Documents/seadroid/app/src/main/java/com/seafile/seadroid2/provider/SeafileProvider.kt:244:34 Unresolved reference 'DocumentsContract'.
e: file:///Users/HONGBGU/Documents/seadroid/app/src/main/java/com/seafile/seadroid2/provider/SeafileProvider.kt:245:30 Unresolved reference 'setExtras'.
e: file:///Users/HONGBGU/Documents/seadroid/app/src/main/java/com/seafile/seadroid2/provider/SeafileProvider.kt:249:47 Unresolved reference 'DirentModel'.
e: file:///Users/HONGBGU/Documents/seadroid/app/src/main/java/com/seafile/seadroid2/provider/SeafileProvider.kt:264:5 'queryDocument' overrides nothing.
e: file:///Users/HONGBGU/Documents/seadroid/app/src/main/java/com/seafile/seadroid2/provider/SeafileProvider.kt:265:9 Unresolved reference 'Logs'.
e: file:///Users/HONGBGU/Documents/seadroid/app/src/main/java/com/seafile/seadroid2/provider/SeafileProvider.kt:267:13 Unresolved reference 'TextUtils'.
e: file:///Users/HONGBGU/Documents/seadroid/app/src/main/java/com/seafile/seadroid2/provider/SeafileProvider.kt:268:19 Overload resolution ambiguity between candidates:
fun throwFileNotFoundException(@StringRes() resId: Int): FileNotFoundException
fun throwFileNotFoundException(msg: String?): FileNotFoundException
e: file:///Users/HONGBGU/Documents/seadroid/app/src/main/java/com/seafile/seadroid2/provider/SeafileProvider.kt:268:19 Type mismatch: inferred type is 'ERROR CLASS: Ambiguity: throwFileNotFoundException, [com/seafile/seadroid2/provider/SeafileProvider.throwFileNotFoundException, com/seafile/seadroid2/provider/SeafileProvider.throwFileNotFoundException]', but 'kotlin.Throwable' was expected.
e: file:///Users/HONGBGU/Documents/seadroid/app/src/main/java/com/seafile/seadroid2/provider/SeafileProvider.kt:268:46 Unresolved reference 'R'.
e: file:///Users/HONGBGU/Documents/seadroid/app/src/main/java/com/seafile/seadroid2/provider/SeafileProvider.kt:272:21 Unresolved reference 'MatrixCursor'.
e: file:///Users/HONGBGU/Documents/seadroid/app/src/main/java/com/seafile/seadroid2/provider/SeafileProvider.kt:272:36 Unresolved reference 'MatrixCursor'.
e: file:///Users/HONGBGU/Documents/seadroid/app/src/main/java/com/seafile/seadroid2/provider/SeafileProvider.kt:274:57 Argument type mismatch: actual type is 'kotlin.String?', but 'kotlin.String' was expected.
e: file:///Users/HONGBGU/Documents/seadroid/app/src/main/java/com/seafile/seadroid2/provider/SeafileProvider.kt:276:19 Overload resolution ambiguity between candidates:
fun throwFileNotFoundException(@StringRes() resId: Int): FileNotFoundException
fun throwFileNotFoundException(msg: String?): FileNotFoundException
e: file:///Users/HONGBGU/Documents/seadroid/app/src/main/java/com/seafile/seadroid2/provider/SeafileProvider.kt:276:19 Type mismatch: inferred type is 'ERROR CLASS: Ambiguity: throwFileNotFoundException, [com/seafile/seadroid2/provider/SeafileProvider.throwFileNotFoundException, com/seafile/seadroid2/provider/SeafileProvider.throwFileNotFoundException]', but 'kotlin.Throwable' was expected.
e: file:///Users/HONGBGU/Documents/seadroid/app/src/main/java/com/seafile/seadroid2/provider/SeafileProvider.kt:276:46 Unresolved reference 'R'.
e: file:///Users/HONGBGU/Documents/seadroid/app/src/main/java/com/seafile/seadroid2/provider/SeafileProvider.kt:279:55 Argument type mismatch: actual type is 'kotlin.String?', but 'kotlin.String' was expected.
e: file:///Users/HONGBGU/Documents/seadroid/app/src/main/java/com/seafile/seadroid2/provider/SeafileProvider.kt:280:51 Argument type mismatch: actual type is 'kotlin.String?', but 'kotlin.String' was expected.
e: file:///Users/HONGBGU/Documents/seadroid/app/src/main/java/com/seafile/seadroid2/provider/SeafileProvider.kt:282:19 Only safe (?.) or non-null asserted (!!.) calls are allowed on a nullable receiver of type 'kotlin.String?'.
e: file:///Users/HONGBGU/Documents/seadroid/app/src/main/java/com/seafile/seadroid2/provider/SeafileProvider.kt:290:37 Unresolved reference 'RepoModel'.
e: file:///Users/HONGBGU/Documents/seadroid/app/src/main/java/com/seafile/seadroid2/provider/SeafileProvider.kt:292:19 Overload resolution ambiguity between candidates:
fun throwFileNotFoundException(@StringRes() resId: Int): FileNotFoundException
fun throwFileNotFoundException(msg: String?): FileNotFoundException
e: file:///Users/HONGBGU/Documents/seadroid/app/src/main/java/com/seafile/seadroid2/provider/SeafileProvider.kt:292:19 Type mismatch: inferred type is 'ERROR CLASS: Ambiguity: throwFileNotFoundException, [com/seafile/seadroid2/provider/SeafileProvider.throwFileNotFoundException, com/seafile/seadroid2/provider/SeafileProvider.throwFileNotFoundException]', but 'kotlin.Throwable' was expected.
e: file:///Users/HONGBGU/Documents/seadroid/app/src/main/java/com/seafile/seadroid2/provider/SeafileProvider.kt:292:46 Unresolved reference 'R'.
e: file:///Users/HONGBGU/Documents/seadroid/app/src/main/java/com/seafile/seadroid2/provider/SeafileProvider.kt:295:24 Unresolved reference 'RepoModel'.
e: file:///Users/HONGBGU/Documents/seadroid/app/src/main/java/com/seafile/seadroid2/provider/SeafileProvider.kt:297:19 Overload resolution ambiguity between candidates:
fun throwFileNotFoundException(@StringRes() resId: Int): FileNotFoundException
fun throwFileNotFoundException(msg: String?): FileNotFoundException
e: file:///Users/HONGBGU/Documents/seadroid/app/src/main/java/com/seafile/seadroid2/provider/SeafileProvider.kt:297:19 Type mismatch: inferred type is 'ERROR CLASS: Ambiguity: throwFileNotFoundException, [com/seafile/seadroid2/provider/SeafileProvider.throwFileNotFoundException, com/seafile/seadroid2/provider/SeafileProvider.throwFileNotFoundException]', but 'kotlin.Throwable' was expected.
e: file:///Users/HONGBGU/Documents/seadroid/app/src/main/java/com/seafile/seadroid2/provider/SeafileProvider.kt:297:46 Unresolved reference 'R'.
e: file:///Users/HONGBGU/Documents/seadroid/app/src/main/java/com/seafile/seadroid2/provider/SeafileProvider.kt:300:43 Argument type mismatch: actual type is 'kotlin.String?', but 'kotlin.String' was expected.
e: file:///Users/HONGBGU/Documents/seadroid/app/src/main/java/com/seafile/seadroid2/provider/SeafileProvider.kt:312:43 Unresolved reference 'DirentModel'.
e: file:///Users/HONGBGU/Documents/seadroid/app/src/main/java/com/seafile/seadroid2/provider/SeafileProvider.kt:315:34 Unresolved reference 'DirentModel'.
e: file:///Users/HONGBGU/Documents/seadroid/app/src/main/java/com/seafile/seadroid2/provider/SeafileProvider.kt:323:5 'isChildDocument' overrides nothing.
e: file:///Users/HONGBGU/Documents/seadroid/app/src/main/java/com/seafile/seadroid2/provider/SeafileProvider.kt:328:5 'openDocument' overrides nothing.
e: file:///Users/HONGBGU/Documents/seadroid/app/src/main/java/com/seafile/seadroid2/provider/SeafileProvider.kt:332:8 Unresolved reference 'ParcelFileDescriptor'.
e: file:///Users/HONGBGU/Documents/seadroid/app/src/main/java/com/seafile/seadroid2/provider/SeafileProvider.kt:333:9 Unresolved reference 'Logs'.
e: file:///Users/HONGBGU/Documents/seadroid/app/src/main/java/com/seafile/seadroid2/provider/SeafileProvider.kt:334:13 Unresolved reference 'TextUtils'.
e: file:///Users/HONGBGU/Documents/seadroid/app/src/main/java/com/seafile/seadroid2/provider/SeafileProvider.kt:334:46 Unresolved reference 'TextUtils'.
e: file:///Users/HONGBGU/Documents/seadroid/app/src/main/java/com/seafile/seadroid2/provider/SeafileProvider.kt:335:19 Overload resolution ambiguity between candidates:
fun throwFileNotFoundException(@StringRes() resId: Int): FileNotFoundException
fun throwFileNotFoundException(msg: String?): FileNotFoundException
e: file:///Users/HONGBGU/Documents/seadroid/app/src/main/java/com/seafile/seadroid2/provider/SeafileProvider.kt:335:19 Type mismatch: inferred type is 'ERROR CLASS: Ambiguity: throwFileNotFoundException, [com/seafile/seadroid2/provider/SeafileProvider.throwFileNotFoundException, com/seafile/seadroid2/provider/SeafileProvider.throwFileNotFoundException]', but 'kotlin.Throwable' was expected.
e: file:///Users/HONGBGU/Documents/seadroid/app/src/main/java/com/seafile/seadroid2/provider/SeafileProvider.kt:335:46 Unresolved reference 'R'.
e: file:///Users/HONGBGU/Documents/seadroid/app/src/main/java/com/seafile/seadroid2/provider/SeafileProvider.kt:338:14 Unresolved reference 'NetworkUtils'.
e: file:///Users/HONGBGU/Documents/seadroid/app/src/main/java/com/seafile/seadroid2/provider/SeafileProvider.kt:338:48 Overload resolution ambiguity between candidates:
fun throwFileNotFoundException(@StringRes() resId: Int): FileNotFoundException
fun throwFileNotFoundException(msg: String?): FileNotFoundException
e: file:///Users/HONGBGU/Documents/seadroid/app/src/main/java/com/seafile/seadroid2/provider/SeafileProvider.kt:338:48 Type mismatch: inferred type is 'ERROR CLASS: Ambiguity: throwFileNotFoundException, [com/seafile/seadroid2/provider/SeafileProvider.throwFileNotFoundException, com/seafile/seadroid2/provider/SeafileProvider.throwFileNotFoundException]', but 'kotlin.Throwable' was expected.
e: file:///Users/HONGBGU/Documents/seadroid/app/src/main/java/com/seafile/seadroid2/provider/SeafileProvider.kt:338:75 Unresolved reference 'R'.
e: file:///Users/HONGBGU/Documents/seadroid/app/src/main/java/com/seafile/seadroid2/provider/SeafileProvider.kt:340:57 Argument type mismatch: actual type is 'kotlin.String?', but 'kotlin.String' was expected.
e: file:///Users/HONGBGU/Documents/seadroid/app/src/main/java/com/seafile/seadroid2/provider/SeafileProvider.kt:342:19 Overload resolution ambiguity between candidates:
fun throwFileNotFoundException(@StringRes() resId: Int): FileNotFoundException
fun throwFileNotFoundException(msg: String?): FileNotFoundException
e: file:///Users/HONGBGU/Documents/seadroid/app/src/main/java/com/seafile/seadroid2/provider/SeafileProvider.kt:342:19 Type mismatch: inferred type is 'ERROR CLASS: Ambiguity: throwFileNotFoundException, [com/seafile/seadroid2/provider/SeafileProvider.throwFileNotFoundException, com/seafile/seadroid2/provider/SeafileProvider.throwFileNotFoundException]', but 'kotlin.Throwable' was expected.
e: file:///Users/HONGBGU/Documents/seadroid/app/src/main/java/com/seafile/seadroid2/provider/SeafileProvider.kt:342:46 Unresolved reference 'R'.
e: file:///Users/HONGBGU/Documents/seadroid/app/src/main/java/com/seafile/seadroid2/provider/SeafileProvider.kt:345:51 Argument type mismatch: actual type is 'kotlin.String?', but 'kotlin.String' was expected.
e: file:///Users/HONGBGU/Documents/seadroid/app/src/main/java/com/seafile/seadroid2/provider/SeafileProvider.kt:346:13 Unresolved reference 'TextUtils'.
e: file:///Users/HONGBGU/Documents/seadroid/app/src/main/java/com/seafile/seadroid2/provider/SeafileProvider.kt:347:19 Overload resolution ambiguity between candidates:
fun throwFileNotFoundException(@StringRes() resId: Int): FileNotFoundException
fun throwFileNotFoundException(msg: String?): FileNotFoundException
e: file:///Users/HONGBGU/Documents/seadroid/app/src/main/java/com/seafile/seadroid2/provider/SeafileProvider.kt:347:19 Type mismatch: inferred type is 'ERROR CLASS: Ambiguity: throwFileNotFoundException, [com/seafile/seadroid2/provider/SeafileProvider.throwFileNotFoundException, com/seafile/seadroid2/provider/SeafileProvider.throwFileNotFoundException]', but 'kotlin.Throwable' was expected.
e: file:///Users/HONGBGU/Documents/seadroid/app/src/main/java/com/seafile/seadroid2/provider/SeafileProvider.kt:347:46 Unresolved reference 'R'.
e: file:///Users/HONGBGU/Documents/seadroid/app/src/main/java/com/seafile/seadroid2/provider/SeafileProvider.kt:350:55 Argument type mismatch: actual type is 'kotlin.String?', but 'kotlin.String' was expected.
e: file:///Users/HONGBGU/Documents/seadroid/app/src/main/java/com/seafile/seadroid2/provider/SeafileProvider.kt:353:37 Unresolved reference 'RepoModel'.
e: file:///Users/HONGBGU/Documents/seadroid/app/src/main/java/com/seafile/seadroid2/provider/SeafileProvider.kt:355:19 Overload resolution ambiguity between candidates:
fun throwFileNotFoundException(@StringRes() resId: Int): FileNotFoundException
fun throwFileNotFoundException(msg: String?): FileNotFoundException
e: file:///Users/HONGBGU/Documents/seadroid/app/src/main/java/com/seafile/seadroid2/provider/SeafileProvider.kt:355:19 Type mismatch: inferred type is 'ERROR CLASS: Ambiguity: throwFileNotFoundException, [com/seafile/seadroid2/provider/SeafileProvider.throwFileNotFoundException, com/seafile/seadroid2/provider/SeafileProvider.throwFileNotFoundException]', but 'kotlin.Throwable' was expected.
e: file:///Users/HONGBGU/Documents/seadroid/app/src/main/java/com/seafile/seadroid2/provider/SeafileProvider.kt:355:46 Unresolved reference 'R'.
e: file:///Users/HONGBGU/Documents/seadroid/app/src/main/java/com/seafile/seadroid2/provider/SeafileProvider.kt:358:24 Unresolved reference 'RepoModel'.
e: file:///Users/HONGBGU/Documents/seadroid/app/src/main/java/com/seafile/seadroid2/provider/SeafileProvider.kt:360:19 Overload resolution ambiguity between candidates:
fun throwFileNotFoundException(@StringRes() resId: Int): FileNotFoundException
fun throwFileNotFoundException(msg: String?): FileNotFoundException
e: file:///Users/HONGBGU/Documents/seadroid/app/src/main/java/com/seafile/seadroid2/provider/SeafileProvider.kt:360:19 Type mismatch: inferred type is 'ERROR CLASS: Ambiguity: throwFileNotFoundException, [com/seafile/seadroid2/provider/SeafileProvider.throwFileNotFoundException, com/seafile/seadroid2/provider/SeafileProvider.throwFileNotFoundException]', but 'kotlin.Throwable' was expected.
e: file:///Users/HONGBGU/Documents/seadroid/app/src/main/java/com/seafile/seadroid2/provider/SeafileProvider.kt:360:46 Unresolved reference 'R'.
e: file:///Users/HONGBGU/Documents/seadroid/app/src/main/java/com/seafile/seadroid2/provider/SeafileProvider.kt:378:20 Unresolved reference 'RepoModel'.
e: file:///Users/HONGBGU/Documents/seadroid/app/src/main/java/com/seafile/seadroid2/provider/SeafileProvider.kt:381:8 Unresolved reference 'ParcelFileDescriptor'.
e: file:///Users/HONGBGU/Documents/seadroid/app/src/main/java/com/seafile/seadroid2/provider/SeafileProvider.kt:384:20 Unresolved reference 'ParcelFileDescriptor'.
e: file:///Users/HONGBGU/Documents/seadroid/app/src/main/java/com/seafile/seadroid2/provider/SeafileProvider.kt:386:17 Unresolved reference 'ParcelFileDescriptor'.
e: file:///Users/HONGBGU/Documents/seadroid/app/src/main/java/com/seafile/seadroid2/provider/SeafileProvider.kt:390:24 Unresolved reference 'hasWritePermission'.
e: file:///Users/HONGBGU/Documents/seadroid/app/src/main/java/com/seafile/seadroid2/provider/SeafileProvider.kt:391:19 Overload resolution ambiguity between candidates:
fun throwFileNotFoundException(@StringRes() resId: Int): FileNotFoundException
fun throwFileNotFoundException(msg: String?): FileNotFoundException
e: file:///Users/HONGBGU/Documents/seadroid/app/src/main/java/com/seafile/seadroid2/provider/SeafileProvider.kt:391:19 Type mismatch: inferred type is 'ERROR CLASS: Ambiguity: throwFileNotFoundException, [com/seafile/seadroid2/provider/SeafileProvider.throwFileNotFoundException, com/seafile/seadroid2/provider/SeafileProvider.throwFileNotFoundException]', but 'kotlin.Throwable' was expected.
e: file:///Users/HONGBGU/Documents/seadroid/app/src/main/java/com/seafile/seadroid2/provider/SeafileProvider.kt:391:46 Unresolved reference 'R'.
e: file:///Users/HONGBGU/Documents/seadroid/app/src/main/java/com/seafile/seadroid2/provider/SeafileProvider.kt:396:29 Unresolved reference 'ParcelFileDescriptor'.
e: file:///Users/HONGBGU/Documents/seadroid/app/src/main/java/com/seafile/seadroid2/provider/SeafileProvider.kt:396:53 Unresolved reference 'ParcelFileDescriptor'.
e: file:///Users/HONGBGU/Documents/seadroid/app/src/main/java/com/seafile/seadroid2/provider/SeafileProvider.kt:397:25 Unresolved reference 'ParcelFileDescriptor'.
e: file:///Users/HONGBGU/Documents/seadroid/app/src/main/java/com/seafile/seadroid2/provider/SeafileProvider.kt:398:26 Unresolved reference 'ParcelFileDescriptor'.
e: file:///Users/HONGBGU/Documents/seadroid/app/src/main/java/com/seafile/seadroid2/provider/SeafileProvider.kt:402:21 Overload resolution ambiguity between candidates:
constructor(p0: String!): FileInputStream
constructor(p0: File!): FileInputStream
constructor(p0: FileDescriptor!): FileInputStream
e: file:///Users/HONGBGU/Documents/seadroid/app/src/main/java/com/seafile/seadroid2/provider/SeafileProvider.kt:402:21 Argument type mismatch: actual type is 'R', but 'K' was expected.
e: file:///Users/HONGBGU/Documents/seadroid/app/src/main/java/com/seafile/seadroid2/provider/SeafileProvider.kt:402:44 Unresolved reference 'getFileDescriptor'.
e: file:///Users/HONGBGU/Documents/seadroid/app/src/main/java/com/seafile/seadroid2/provider/SeafileProvider.kt:402:65 Unresolved reference. None of the following candidates is applicable because of a receiver type mismatch:
@InlineOnly() fun <T : Closeable?, R> T.use(block: (T) -> R): R
    [R|Contract description]
     <
        CallsInPlace(block, EXACTLY_ONCE)
    >
e: file:///Users/HONGBGU/Documents/seadroid/app/src/main/java/com/seafile/seadroid2/provider/SeafileProvider.kt:402:71 Cannot infer type for this parameter. Please specify it explicitly.
e: file:///Users/HONGBGU/Documents/seadroid/app/src/main/java/com/seafile/seadroid2/provider/SeafileProvider.kt:404:29 Argument type mismatch: actual type is 'com.seafile.seadroid2.account.Account?', but 'com.seafile.seadroid2.account.Account' was expected.
e: file:///Users/HONGBGU/Documents/seadroid/app/src/main/java/com/seafile/seadroid2/provider/SeafileProvider.kt:405:39 Unresolved reference 'repo_id'.
e: file:///Users/HONGBGU/Documents/seadroid/app/src/main/java/com/seafile/seadroid2/provider/SeafileProvider.kt:406:39 Unresolved reference 'repo_name'.
e: file:///Users/HONGBGU/Documents/seadroid/app/src/main/java/com/seafile/seadroid2/provider/SeafileProvider.kt:414:21 Unresolved reference 'Logs'.
e: file:///Users/HONGBGU/Documents/seadroid/app/src/main/java/com/seafile/seadroid2/provider/SeafileProvider.kt:417:32 Unresolved reference 'close'.
e: file:///Users/HONGBGU/Documents/seadroid/app/src/main/java/com/seafile/seadroid2/provider/SeafileProvider.kt:434:20 Unresolved reference 'RepoModel'.
e: file:///Users/HONGBGU/Documents/seadroid/app/src/main/java/com/seafile/seadroid2/provider/SeafileProvider.kt:437:8 Unresolved reference 'ParcelFileDescriptor'.
e: file:///Users/HONGBGU/Documents/seadroid/app/src/main/java/com/seafile/seadroid2/provider/SeafileProvider.kt:440:39 Unresolved reference 'DirentModel'.
e: file:///Users/HONGBGU/Documents/seadroid/app/src/main/java/com/seafile/seadroid2/provider/SeafileProvider.kt:441:48 Unresolved reference 'repo_id'.
e: file:///Users/HONGBGU/Documents/seadroid/app/src/main/java/com/seafile/seadroid2/provider/SeafileProvider.kt:446:26 Unresolved reference 'DirentModel'.
e: file:///Users/HONGBGU/Documents/seadroid/app/src/main/java/com/seafile/seadroid2/provider/SeafileProvider.kt:450:33 Unresolved reference 'FileCacheStatusEntity'.
e: file:///Users/HONGBGU/Documents/seadroid/app/src/main/java/com/seafile/seadroid2/provider/SeafileProvider.kt:451:52 Unresolved reference 'repo_id'.
e: file:///Users/HONGBGU/Documents/seadroid/app/src/main/java/com/seafile/seadroid2/provider/SeafileProvider.kt:453:36 Unresolved reference 'FileCacheStatusEntity'.
e: file:///Users/HONGBGU/Documents/seadroid/app/src/main/java/com/seafile/seadroid2/provider/SeafileProvider.kt:456:17 Unresolved reference 'TextUtils'.
e: file:///Users/HONGBGU/Documents/seadroid/app/src/main/java/com/seafile/seadroid2/provider/SeafileProvider.kt:456:46 Unresolved reference 'id'.
e: file:///Users/HONGBGU/Documents/seadroid/app/src/main/java/com/seafile/seadroid2/provider/SeafileProvider.kt:456:68 Unresolved reference 'file_id'.
e: file:///Users/HONGBGU/Documents/seadroid/app/src/main/java/com/seafile/seadroid2/provider/SeafileProvider.kt:458:34 Unresolved reference 'DataManager'.
e: file:///Users/HONGBGU/Documents/seadroid/app/src/main/java/com/seafile/seadroid2/provider/SeafileProvider.kt:460:31 Unresolved reference 'repo_id'.
e: file:///Users/HONGBGU/Documents/seadroid/app/src/main/java/com/seafile/seadroid2/provider/SeafileProvider.kt:461:31 Unresolved reference 'repo_name'.
e: file:///Users/HONGBGU/Documents/seadroid/app/src/main/java/com/seafile/seadroid2/provider/SeafileProvider.kt:468:25 Unresolved reference 'Logs'.
e: file:///Users/HONGBGU/Documents/seadroid/app/src/main/java/com/seafile/seadroid2/provider/SeafileProvider.kt:469:25 Unresolved reference 'Logs'.
e: file:///Users/HONGBGU/Documents/seadroid/app/src/main/java/com/seafile/seadroid2/provider/SeafileProvider.kt:478:14 Unresolved reference 'NetworkUtils'.
e: file:///Users/HONGBGU/Documents/seadroid/app/src/main/java/com/seafile/seadroid2/provider/SeafileProvider.kt:479:19 Overload resolution ambiguity between candidates:
fun throwFileNotFoundException(@StringRes() resId: Int): FileNotFoundException
fun throwFileNotFoundException(msg: String?): FileNotFoundException
e: file:///Users/HONGBGU/Documents/seadroid/app/src/main/java/com/seafile/seadroid2/provider/SeafileProvider.kt:479:19 Type mismatch: inferred type is 'ERROR CLASS: Ambiguity: throwFileNotFoundException, [com/seafile/seadroid2/provider/SeafileProvider.throwFileNotFoundException, com/seafile/seadroid2/provider/SeafileProvider.throwFileNotFoundException]', but 'kotlin.Throwable' was expected.
e: file:///Users/HONGBGU/Documents/seadroid/app/src/main/java/com/seafile/seadroid2/provider/SeafileProvider.kt:479:46 Unresolved reference 'R'.
e: file:///Users/HONGBGU/Documents/seadroid/app/src/main/java/com/seafile/seadroid2/provider/SeafileProvider.kt:483:29 Unresolved reference 'ParcelFileDescriptor'.
e: file:///Users/HONGBGU/Documents/seadroid/app/src/main/java/com/seafile/seadroid2/provider/SeafileProvider.kt:483:53 Unresolved reference 'ParcelFileDescriptor'.
e: file:///Users/HONGBGU/Documents/seadroid/app/src/main/java/com/seafile/seadroid2/provider/SeafileProvider.kt:484:29 Unresolved reference 'ParcelFileDescriptor'.
e: file:///Users/HONGBGU/Documents/seadroid/app/src/main/java/com/seafile/seadroid2/provider/SeafileProvider.kt:485:27 Unresolved reference 'ParcelFileDescriptor'.
e: file:///Users/HONGBGU/Documents/seadroid/app/src/main/java/com/seafile/seadroid2/provider/SeafileProvider.kt:488:45 Unresolved reference 'DataManager'.
e: file:///Users/HONGBGU/Documents/seadroid/app/src/main/java/com/seafile/seadroid2/provider/SeafileProvider.kt:490:31 Unresolved reference 'repo_id'.
e: file:///Users/HONGBGU/Documents/seadroid/app/src/main/java/com/seafile/seadroid2/provider/SeafileProvider.kt:491:31 Unresolved reference 'repo_name'.
e: file:///Users/HONGBGU/Documents/seadroid/app/src/main/java/com/seafile/seadroid2/provider/SeafileProvider.kt:495:21 Overload resolution ambiguity between candidates:
constructor(p0: String!): FileOutputStream
constructor(p0: File!): FileOutputStream
constructor(p0: FileDescriptor!): FileOutputStream
e: file:///Users/HONGBGU/Documents/seadroid/app/src/main/java/com/seafile/seadroid2/provider/SeafileProvider.kt:495:21 Argument type mismatch: actual type is 'R', but 'K' was expected.
e: file:///Users/HONGBGU/Documents/seadroid/app/src/main/java/com/seafile/seadroid2/provider/SeafileProvider.kt:495:47 Unresolved reference 'getFileDescriptor'.
e: file:///Users/HONGBGU/Documents/seadroid/app/src/main/java/com/seafile/seadroid2/provider/SeafileProvider.kt:495:68 Unresolved reference. None of the following candidates is applicable because of a receiver type mismatch:
@InlineOnly() fun <T : Closeable?, R> T.use(block: (T) -> R): R
    [R|Contract description]
     <
        CallsInPlace(block, EXACTLY_ONCE)
    >
e: file:///Users/HONGBGU/Documents/seadroid/app/src/main/java/com/seafile/seadroid2/provider/SeafileProvider.kt:495:74 Cannot infer type for this parameter. Please specify it explicitly.
e: file:///Users/HONGBGU/Documents/seadroid/app/src/main/java/com/seafile/seadroid2/provider/SeafileProvider.kt:499:37 Argument type mismatch: actual type is 'com.seafile.seadroid2.account.Account?', but 'com.seafile.seadroid2.account.Account' was expected.
e: file:///Users/HONGBGU/Documents/seadroid/app/src/main/java/com/seafile/seadroid2/provider/SeafileProvider.kt:500:47 Unresolved reference 'repo_id'.
e: file:///Users/HONGBGU/Documents/seadroid/app/src/main/java/com/seafile/seadroid2/provider/SeafileProvider.kt:501:47 Unresolved reference 'repo_name'.
e: file:///Users/HONGBGU/Documents/seadroid/app/src/main/java/com/seafile/seadroid2/provider/SeafileProvider.kt:503:49 Unresolved reference 'id'.
e: file:///Users/HONGBGU/Documents/seadroid/app/src/main/java/com/seafile/seadroid2/provider/SeafileProvider.kt:507:37 Class '<anonymous>' is not abstract and does not implement abstract member 'onError'.
e: file:///Users/HONGBGU/Documents/seadroid/app/src/main/java/com/seafile/seadroid2/provider/SeafileProvider.kt:509:45 Unresolved reference 'Logs'.
e: file:///Users/HONGBGU/Documents/seadroid/app/src/main/java/com/seafile/seadroid2/provider/SeafileProvider.kt:516:41 'onError' overrides nothing.
e: file:///Users/HONGBGU/Documents/seadroid/app/src/main/java/com/seafile/seadroid2/provider/SeafileProvider.kt:524:49 Unresolved reference 'Logs'.
e: file:///Users/HONGBGU/Documents/seadroid/app/src/main/java/com/seafile/seadroid2/provider/SeafileProvider.kt:529:49 Unresolved reference 'Logs'.
e: file:///Users/HONGBGU/Documents/seadroid/app/src/main/java/com/seafile/seadroid2/provider/SeafileProvider.kt:534:45 Unresolved reference 'Logs'.
e: file:///Users/HONGBGU/Documents/seadroid/app/src/main/java/com/seafile/seadroid2/provider/SeafileProvider.kt:541:21 Argument type mismatch: actual type is 'kotlin.Unit', but 'K' was expected.
e: file:///Users/HONGBGU/Documents/seadroid/app/src/main/java/com/seafile/seadroid2/provider/SeafileProvider.kt:542:25 Unresolved reference 'Logs'.
e: file:///Users/HONGBGU/Documents/seadroid/app/src/main/java/com/seafile/seadroid2/provider/SeafileProvider.kt:543:25 Unresolved reference 'Logs'.
e: file:///Users/HONGBGU/Documents/seadroid/app/src/main/java/com/seafile/seadroid2/provider/SeafileProvider.kt:549:34 Unresolved reference 'close'.
e: file:///Users/HONGBGU/Documents/seadroid/app/src/main/java/com/seafile/seadroid2/provider/SeafileProvider.kt:566:20 Unresolved reference 'RepoModel'.
e: file:///Users/HONGBGU/Documents/seadroid/app/src/main/java/com/seafile/seadroid2/provider/SeafileProvider.kt:569:8 Unresolved reference 'ParcelFileDescriptor'.
e: file:///Users/HONGBGU/Documents/seadroid/app/src/main/java/com/seafile/seadroid2/provider/SeafileProvider.kt:572:39 Unresolved reference 'DirentModel'.
e: file:///Users/HONGBGU/Documents/seadroid/app/src/main/java/com/seafile/seadroid2/provider/SeafileProvider.kt:573:48 Unresolved reference 'repo_id'.
e: file:///Users/HONGBGU/Documents/seadroid/app/src/main/java/com/seafile/seadroid2/provider/SeafileProvider.kt:578:26 Unresolved reference 'DirentModel'.
e: file:///Users/HONGBGU/Documents/seadroid/app/src/main/java/com/seafile/seadroid2/provider/SeafileProvider.kt:582:33 Unresolved reference 'FileCacheStatusEntity'.
e: file:///Users/HONGBGU/Documents/seadroid/app/src/main/java/com/seafile/seadroid2/provider/SeafileProvider.kt:583:52 Unresolved reference 'repo_id'.
e: file:///Users/HONGBGU/Documents/seadroid/app/src/main/java/com/seafile/seadroid2/provider/SeafileProvider.kt:585:36 Unresolved reference 'FileCacheStatusEntity'.
e: file:///Users/HONGBGU/Documents/seadroid/app/src/main/java/com/seafile/seadroid2/provider/SeafileProvider.kt:588:17 Unresolved reference 'TextUtils'.
e: file:///Users/HONGBGU/Documents/seadroid/app/src/main/java/com/seafile/seadroid2/provider/SeafileProvider.kt:588:46 Unresolved reference 'id'.
e: file:///Users/HONGBGU/Documents/seadroid/app/src/main/java/com/seafile/seadroid2/provider/SeafileProvider.kt:588:68 Unresolved reference 'file_id'.
e: file:///Users/HONGBGU/Documents/seadroid/app/src/main/java/com/seafile/seadroid2/provider/SeafileProvider.kt:590:34 Unresolved reference 'DataManager'.
e: file:///Users/HONGBGU/Documents/seadroid/app/src/main/java/com/seafile/seadroid2/provider/SeafileProvider.kt:592:31 Unresolved reference 'repo_id'.
e: file:///Users/HONGBGU/Documents/seadroid/app/src/main/java/com/seafile/seadroid2/provider/SeafileProvider.kt:593:31 Unresolved reference 'repo_name'.
e: file:///Users/HONGBGU/Documents/seadroid/app/src/main/java/com/seafile/seadroid2/provider/SeafileProvider.kt:600:25 Unresolved reference 'Logs'.
e: file:///Users/HONGBGU/Documents/seadroid/app/src/main/java/com/seafile/seadroid2/provider/SeafileProvider.kt:601:25 Unresolved reference 'Logs'.
e: file:///Users/HONGBGU/Documents/seadroid/app/src/main/java/com/seafile/seadroid2/provider/SeafileProvider.kt:610:14 Unresolved reference 'NetworkUtils'.
e: file:///Users/HONGBGU/Documents/seadroid/app/src/main/java/com/seafile/seadroid2/provider/SeafileProvider.kt:611:19 Overload resolution ambiguity between candidates:
fun throwFileNotFoundException(@StringRes() resId: Int): FileNotFoundException
fun throwFileNotFoundException(msg: String?): FileNotFoundException
e: file:///Users/HONGBGU/Documents/seadroid/app/src/main/java/com/seafile/seadroid2/provider/SeafileProvider.kt:611:19 Type mismatch: inferred type is 'ERROR CLASS: Ambiguity: throwFileNotFoundException, [com/seafile/seadroid2/provider/SeafileProvider.throwFileNotFoundException, com/seafile/seadroid2/provider/SeafileProvider.throwFileNotFoundException]', but 'kotlin.Throwable' was expected.
e: file:///Users/HONGBGU/Documents/seadroid/app/src/main/java/com/seafile/seadroid2/provider/SeafileProvider.kt:611:46 Unresolved reference 'R'.
e: file:///Users/HONGBGU/Documents/seadroid/app/src/main/java/com/seafile/seadroid2/provider/SeafileProvider.kt:616:13 Unresolved reference 'DataManager'.
e: file:///Users/HONGBGU/Documents/seadroid/app/src/main/java/com/seafile/seadroid2/provider/SeafileProvider.kt:616:66 Unresolved reference 'repo_id'.
e: file:///Users/HONGBGU/Documents/seadroid/app/src/main/java/com/seafile/seadroid2/provider/SeafileProvider.kt:616:85 Unresolved reference 'repo_name'.
e: file:///Users/HONGBGU/Documents/seadroid/app/src/main/java/com/seafile/seadroid2/provider/SeafileProvider.kt:622:25 Argument type mismatch: actual type is 'com.seafile.seadroid2.account.Account?', but 'com.seafile.seadroid2.account.Account' was expected.
e: file:///Users/HONGBGU/Documents/seadroid/app/src/main/java/com/seafile/seadroid2/provider/SeafileProvider.kt:623:35 Unresolved reference 'repo_id'.
e: file:///Users/HONGBGU/Documents/seadroid/app/src/main/java/com/seafile/seadroid2/provider/SeafileProvider.kt:624:35 Unresolved reference 'repo_name'.
e: file:///Users/HONGBGU/Documents/seadroid/app/src/main/java/com/seafile/seadroid2/provider/SeafileProvider.kt:626:37 Unresolved reference 'id'.
e: file:///Users/HONGBGU/Documents/seadroid/app/src/main/java/com/seafile/seadroid2/provider/SeafileProvider.kt:630:25 Class '<anonymous>' is not abstract and does not implement abstract member 'onError'.
e: file:///Users/HONGBGU/Documents/seadroid/app/src/main/java/com/seafile/seadroid2/provider/SeafileProvider.kt:633:33 Unresolved reference 'Logs'.
e: file:///Users/HONGBGU/Documents/seadroid/app/src/main/java/com/seafile/seadroid2/provider/SeafileProvider.kt:638:29 'onError' overrides nothing.
e: file:///Users/HONGBGU/Documents/seadroid/app/src/main/java/com/seafile/seadroid2/provider/SeafileProvider.kt:647:37 Unresolved reference 'Logs'.
e: file:///Users/HONGBGU/Documents/seadroid/app/src/main/java/com/seafile/seadroid2/provider/SeafileProvider.kt:652:37 Unresolved reference 'Logs'.
e: file:///Users/HONGBGU/Documents/seadroid/app/src/main/java/com/seafile/seadroid2/provider/SeafileProvider.kt:657:33 Unresolved reference 'Logs'.
e: file:///Users/HONGBGU/Documents/seadroid/app/src/main/java/com/seafile/seadroid2/provider/SeafileProvider.kt:662:17 Unresolved reference 'Logs'.
e: file:///Users/HONGBGU/Documents/seadroid/app/src/main/java/com/seafile/seadroid2/provider/SeafileProvider.kt:663:17 Unresolved reference 'Logs'.
e: file:///Users/HONGBGU/Documents/seadroid/app/src/main/java/com/seafile/seadroid2/provider/SeafileProvider.kt:675:13 Unresolved reference 'Logs'.
e: file:///Users/HONGBGU/Documents/seadroid/app/src/main/java/com/seafile/seadroid2/provider/SeafileProvider.kt:676:13 Unresolved reference 'Logs'.
e: file:///Users/HONGBGU/Documents/seadroid/app/src/main/java/com/seafile/seadroid2/provider/SeafileProvider.kt:690:71 Unresolved reference 'ParcelFileDescriptor'.
e: file:///Users/HONGBGU/Documents/seadroid/app/src/main/java/com/seafile/seadroid2/provider/SeafileProvider.kt:691:31 Unresolved reference 'ParcelFileDescriptor'.
e: file:///Users/HONGBGU/Documents/seadroid/app/src/main/java/com/seafile/seadroid2/provider/SeafileProvider.kt:692:16 Unresolved reference 'ParcelFileDescriptor'.
e: file:///Users/HONGBGU/Documents/seadroid/app/src/main/java/com/seafile/seadroid2/provider/SeafileProvider.kt:696:5 'openDocumentThumbnail' overrides nothing.
e: file:///Users/HONGBGU/Documents/seadroid/app/src/main/java/com/seafile/seadroid2/provider/SeafileProvider.kt:700:8 Unresolved reference 'AssetFileDescriptor'.
e: file:///Users/HONGBGU/Documents/seadroid/app/src/main/java/com/seafile/seadroid2/provider/SeafileProvider.kt:701:9 Unresolved reference 'Logs'.
e: file:///Users/HONGBGU/Documents/seadroid/app/src/main/java/com/seafile/seadroid2/provider/SeafileProvider.kt:703:13 Unresolved reference 'TextUtils'.
e: file:///Users/HONGBGU/Documents/seadroid/app/src/main/java/com/seafile/seadroid2/provider/SeafileProvider.kt:704:19 Overload resolution ambiguity between candidates:
fun throwFileNotFoundException(@StringRes() resId: Int): FileNotFoundException
fun throwFileNotFoundException(msg: String?): FileNotFoundException
e: file:///Users/HONGBGU/Documents/seadroid/app/src/main/java/com/seafile/seadroid2/provider/SeafileProvider.kt:704:19 Type mismatch: inferred type is 'ERROR CLASS: Ambiguity: throwFileNotFoundException, [com/seafile/seadroid2/provider/SeafileProvider.throwFileNotFoundException, com/seafile/seadroid2/provider/SeafileProvider.throwFileNotFoundException]', but 'kotlin.Throwable' was expected.
e: file:///Users/HONGBGU/Documents/seadroid/app/src/main/java/com/seafile/seadroid2/provider/SeafileProvider.kt:704:46 Unresolved reference 'R'.
e: file:///Users/HONGBGU/Documents/seadroid/app/src/main/java/com/seafile/seadroid2/provider/SeafileProvider.kt:707:57 Argument type mismatch: actual type is 'kotlin.String?', but 'kotlin.String' was expected.
e: file:///Users/HONGBGU/Documents/seadroid/app/src/main/java/com/seafile/seadroid2/provider/SeafileProvider.kt:709:19 Overload resolution ambiguity between candidates:
fun throwFileNotFoundException(@StringRes() resId: Int): FileNotFoundException
fun throwFileNotFoundException(msg: String?): FileNotFoundException
e: file:///Users/HONGBGU/Documents/seadroid/app/src/main/java/com/seafile/seadroid2/provider/SeafileProvider.kt:709:19 Type mismatch: inferred type is 'ERROR CLASS: Ambiguity: throwFileNotFoundException, [com/seafile/seadroid2/provider/SeafileProvider.throwFileNotFoundException, com/seafile/seadroid2/provider/SeafileProvider.throwFileNotFoundException]', but 'kotlin.Throwable' was expected.
e: file:///Users/HONGBGU/Documents/seadroid/app/src/main/java/com/seafile/seadroid2/provider/SeafileProvider.kt:709:46 Unresolved reference 'R'.
e: file:///Users/HONGBGU/Documents/seadroid/app/src/main/java/com/seafile/seadroid2/provider/SeafileProvider.kt:712:51 Argument type mismatch: actual type is 'kotlin.String?', but 'kotlin.String' was expected.
e: file:///Users/HONGBGU/Documents/seadroid/app/src/main/java/com/seafile/seadroid2/provider/SeafileProvider.kt:713:55 Argument type mismatch: actual type is 'kotlin.String?', but 'kotlin.String' was expected.
e: file:///Users/HONGBGU/Documents/seadroid/app/src/main/java/com/seafile/seadroid2/provider/SeafileProvider.kt:715:19 Only safe (?.) or non-null asserted (!!.) calls are allowed on a nullable receiver of type 'kotlin.String?'.
e: file:///Users/HONGBGU/Documents/seadroid/app/src/main/java/com/seafile/seadroid2/provider/SeafileProvider.kt:716:19 Overload resolution ambiguity between candidates:
fun throwFileNotFoundException(@StringRes() resId: Int): FileNotFoundException
fun throwFileNotFoundException(msg: String?): FileNotFoundException
e: file:///Users/HONGBGU/Documents/seadroid/app/src/main/java/com/seafile/seadroid2/provider/SeafileProvider.kt:716:19 Type mismatch: inferred type is 'ERROR CLASS: Ambiguity: throwFileNotFoundException, [com/seafile/seadroid2/provider/SeafileProvider.throwFileNotFoundException, com/seafile/seadroid2/provider/SeafileProvider.throwFileNotFoundException]', but 'kotlin.Throwable' was expected.
e: file:///Users/HONGBGU/Documents/seadroid/app/src/main/java/com/seafile/seadroid2/provider/SeafileProvider.kt:716:46 Unresolved reference 'R'.
e: file:///Users/HONGBGU/Documents/seadroid/app/src/main/java/com/seafile/seadroid2/provider/SeafileProvider.kt:719:37 Unresolved reference 'RepoModel'.
e: file:///Users/HONGBGU/Documents/seadroid/app/src/main/java/com/seafile/seadroid2/provider/SeafileProvider.kt:721:19 Overload resolution ambiguity between candidates:
fun throwFileNotFoundException(@StringRes() resId: Int): FileNotFoundException
fun throwFileNotFoundException(msg: String?): FileNotFoundException
e: file:///Users/HONGBGU/Documents/seadroid/app/src/main/java/com/seafile/seadroid2/provider/SeafileProvider.kt:721:19 Type mismatch: inferred type is 'ERROR CLASS: Ambiguity: throwFileNotFoundException, [com/seafile/seadroid2/provider/SeafileProvider.throwFileNotFoundException, com/seafile/seadroid2/provider/SeafileProvider.throwFileNotFoundException]', but 'kotlin.Throwable' was expected.
e: file:///Users/HONGBGU/Documents/seadroid/app/src/main/java/com/seafile/seadroid2/provider/SeafileProvider.kt:721:46 Unresolved reference 'R'.
e: file:///Users/HONGBGU/Documents/seadroid/app/src/main/java/com/seafile/seadroid2/provider/SeafileProvider.kt:724:24 Unresolved reference 'RepoModel'.
e: file:///Users/HONGBGU/Documents/seadroid/app/src/main/java/com/seafile/seadroid2/provider/SeafileProvider.kt:726:19 Overload resolution ambiguity between candidates:
fun throwFileNotFoundException(@StringRes() resId: Int): FileNotFoundException
fun throwFileNotFoundException(msg: String?): FileNotFoundException
e: file:///Users/HONGBGU/Documents/seadroid/app/src/main/java/com/seafile/seadroid2/provider/SeafileProvider.kt:726:19 Type mismatch: inferred type is 'ERROR CLASS: Ambiguity: throwFileNotFoundException, [com/seafile/seadroid2/provider/SeafileProvider.throwFileNotFoundException, com/seafile/seadroid2/provider/SeafileProvider.throwFileNotFoundException]', but 'kotlin.Throwable' was expected.
e: file:///Users/HONGBGU/Documents/seadroid/app/src/main/java/com/seafile/seadroid2/provider/SeafileProvider.kt:726:46 Unresolved reference 'R'.
e: file:///Users/HONGBGU/Documents/seadroid/app/src/main/java/com/seafile/seadroid2/provider/SeafileProvider.kt:740:13 Unresolved reference 'DataManager'.
e: file:///Users/HONGBGU/Documents/seadroid/app/src/main/java/com/seafile/seadroid2/provider/SeafileProvider.kt:740:66 Unresolved reference 'repo_id'.
e: file:///Users/HONGBGU/Documents/seadroid/app/src/main/java/com/seafile/seadroid2/provider/SeafileProvider.kt:740:85 Unresolved reference 'repo_name'.
e: file:///Users/HONGBGU/Documents/seadroid/app/src/main/java/com/seafile/seadroid2/provider/SeafileProvider.kt:742:22 Unresolved reference 'ParcelFileDescriptor'.
e: file:///Users/HONGBGU/Documents/seadroid/app/src/main/java/com/seafile/seadroid2/provider/SeafileProvider.kt:743:17 Unresolved reference 'ParcelFileDescriptor'.
e: file:///Users/HONGBGU/Documents/seadroid/app/src/main/java/com/seafile/seadroid2/provider/SeafileProvider.kt:743:49 Unresolved reference 'ParcelFileDescriptor'.
e: file:///Users/HONGBGU/Documents/seadroid/app/src/main/java/com/seafile/seadroid2/provider/SeafileProvider.kt:744:20 Unresolved reference 'AssetFileDescriptor'.
e: file:///Users/HONGBGU/Documents/seadroid/app/src/main/java/com/seafile/seadroid2/provider/SeafileProvider.kt:748:14 Unresolved reference 'NetworkUtils'.
e: file:///Users/HONGBGU/Documents/seadroid/app/src/main/java/com/seafile/seadroid2/provider/SeafileProvider.kt:749:19 Overload resolution ambiguity between candidates:
fun throwFileNotFoundException(@StringRes() resId: Int): FileNotFoundException
fun throwFileNotFoundException(msg: String?): FileNotFoundException
e: file:///Users/HONGBGU/Documents/seadroid/app/src/main/java/com/seafile/seadroid2/provider/SeafileProvider.kt:749:19 Type mismatch: inferred type is 'ERROR CLASS: Ambiguity: throwFileNotFoundException, [com/seafile/seadroid2/provider/SeafileProvider.throwFileNotFoundException, com/seafile/seadroid2/provider/SeafileProvider.throwFileNotFoundException]', but 'kotlin.Throwable' was expected.
e: file:///Users/HONGBGU/Documents/seadroid/app/src/main/java/com/seafile/seadroid2/provider/SeafileProvider.kt:749:46 Unresolved reference 'R'.
e: file:///Users/HONGBGU/Documents/seadroid/app/src/main/java/com/seafile/seadroid2/provider/SeafileProvider.kt:753:29 Unresolved reference 'ParcelFileDescriptor'.
e: file:///Users/HONGBGU/Documents/seadroid/app/src/main/java/com/seafile/seadroid2/provider/SeafileProvider.kt:753:53 Unresolved reference 'ParcelFileDescriptor'.
e: file:///Users/HONGBGU/Documents/seadroid/app/src/main/java/com/seafile/seadroid2/provider/SeafileProvider.kt:754:25 Unresolved reference 'ParcelFileDescriptor'.
e: file:///Users/HONGBGU/Documents/seadroid/app/src/main/java/com/seafile/seadroid2/provider/SeafileProvider.kt:755:26 Unresolved reference 'ParcelFileDescriptor'.
e: file:///Users/HONGBGU/Documents/seadroid/app/src/main/java/com/seafile/seadroid2/provider/SeafileProvider.kt:761:25 Overload resolution ambiguity between candidates:
constructor(p0: String!): FileOutputStream
constructor(p0: File!): FileOutputStream
constructor(p0: FileDescriptor!): FileOutputStream
e: file:///Users/HONGBGU/Documents/seadroid/app/src/main/java/com/seafile/seadroid2/provider/SeafileProvider.kt:761:25 Argument type mismatch: actual type is 'R', but 'K' was expected.
e: file:///Users/HONGBGU/Documents/seadroid/app/src/main/java/com/seafile/seadroid2/provider/SeafileProvider.kt:761:50 Unresolved reference 'getFileDescriptor'.
e: file:///Users/HONGBGU/Documents/seadroid/app/src/main/java/com/seafile/seadroid2/provider/SeafileProvider.kt:761:71 Unresolved reference. None of the following candidates is applicable because of a receiver type mismatch:
@InlineOnly() fun <T : Closeable?, R> T.use(block: (T) -> R): R
    [R|Contract description]
     <
        CallsInPlace(block, EXACTLY_ONCE)
    >
e: file:///Users/HONGBGU/Documents/seadroid/app/src/main/java/com/seafile/seadroid2/provider/SeafileProvider.kt:761:77 Cannot infer type for this parameter. Please specify it explicitly.
e: file:///Users/HONGBGU/Documents/seadroid/app/src/main/java/com/seafile/seadroid2/provider/SeafileProvider.kt:770:29 Unresolved reference 'Logs'.
e: file:///Users/HONGBGU/Documents/seadroid/app/src/main/java/com/seafile/seadroid2/provider/SeafileProvider.kt:772:45 Unresolved reference 'GlideImage'.
e: file:///Users/HONGBGU/Documents/seadroid/app/src/main/java/com/seafile/seadroid2/provider/SeafileProvider.kt:772:58 Unresolved reference 'GlideImage'.
e: file:///Users/HONGBGU/Documents/seadroid/app/src/main/java/com/seafile/seadroid2/provider/SeafileProvider.kt:774:42 Unresolved reference 'RequestOptions'.
e: file:///Users/HONGBGU/Documents/seadroid/app/src/main/java/com/seafile/seadroid2/provider/SeafileProvider.kt:775:33 Unresolved reference 'RequestOptions'.
e: file:///Users/HONGBGU/Documents/seadroid/app/src/main/java/com/seafile/seadroid2/provider/SeafileProvider.kt:775:68 Unresolved reference 'DiskCacheStrategy'.
e: file:///Users/HONGBGU/Documents/seadroid/app/src/main/java/com/seafile/seadroid2/provider/SeafileProvider.kt:777:51 Unresolved reference 'GlideApp'.
e: file:///Users/HONGBGU/Documents/seadroid/app/src/main/java/com/seafile/seadroid2/provider/SeafileProvider.kt:777:51 Initializer type mismatch: expected 'android.graphics.Bitmap?', actual 'kotlin.text.MatchGroup?'.
e: file:///Users/HONGBGU/Documents/seadroid/app/src/main/java/com/seafile/seadroid2/provider/SeafileProvider.kt:777:65 Unresolved reference 'getContext'.
e: file:///Users/HONGBGU/Documents/seadroid/app/src/main/java/com/seafile/seadroid2/provider/SeafileProvider.kt:781:34 Unresolved reference 'centerCrop'.
e: file:///Users/HONGBGU/Documents/seadroid/app/src/main/java/com/seafile/seadroid2/provider/SeafileProvider.kt:789:25 Unresolved reference 'Logs'.
e: file:///Users/HONGBGU/Documents/seadroid/app/src/main/java/com/seafile/seadroid2/provider/SeafileProvider.kt:791:33 Overload resolution ambiguity between candidates:
static fun closeQuietly(p0: Closeable!): Unit
static fun closeQuietly(vararg p0: Closeable!): Unit
static fun closeQuietly(p0: InputStream!): Unit
static fun closeQuietly(p0: (MutableIterable<Closeable!>..Iterable<Closeable!>?)): Unit
static fun closeQuietly(p0: OutputStream!): Unit
static fun closeQuietly(p0: Reader!): Unit
static fun closeQuietly(p0: Selector!): Unit
static fun closeQuietly(p0: ServerSocket!): Unit
static fun closeQuietly(p0: Socket!): Unit
static fun closeQuietly(p0: Stream<Closeable!>!): Unit
static fun closeQuietly(p0: Writer!): Unit
e: file:///Users/HONGBGU/Documents/seadroid/app/src/main/java/com/seafile/seadroid2/provider/SeafileProvider.kt:800:25 Unresolved reference 'Logs'.
e: file:///Users/HONGBGU/Documents/seadroid/app/src/main/java/com/seafile/seadroid2/provider/SeafileProvider.kt:802:33 Overload resolution ambiguity between candidates:
static fun closeQuietly(p0: Closeable!): Unit
static fun closeQuietly(vararg p0: Closeable!): Unit
static fun closeQuietly(p0: InputStream!): Unit
static fun closeQuietly(p0: (MutableIterable<Closeable!>..Iterable<Closeable!>?)): Unit
static fun closeQuietly(p0: OutputStream!): Unit
static fun closeQuietly(p0: Reader!): Unit
static fun closeQuietly(p0: Selector!): Unit
static fun closeQuietly(p0: ServerSocket!): Unit
static fun closeQuietly(p0: Socket!): Unit
static fun closeQuietly(p0: Stream<Closeable!>!): Unit
static fun closeQuietly(p0: Writer!): Unit
e: file:///Users/HONGBGU/Documents/seadroid/app/src/main/java/com/seafile/seadroid2/provider/SeafileProvider.kt:807:20 Unresolved reference 'AssetFileDescriptor'.
e: file:///Users/HONGBGU/Documents/seadroid/app/src/main/java/com/seafile/seadroid2/provider/SeafileProvider.kt:807:51 Unresolved reference 'AssetFileDescriptor'.
e: file:///Users/HONGBGU/Documents/seadroid/app/src/main/java/com/seafile/seadroid2/provider/SeafileProvider.kt:814:5 'createDocument' overrides nothing.
e: file:///Users/HONGBGU/Documents/seadroid/app/src/main/java/com/seafile/seadroid2/provider/SeafileProvider.kt:819:9 Unresolved reference 'Logs'.
e: file:///Users/HONGBGU/Documents/seadroid/app/src/main/java/com/seafile/seadroid2/provider/SeafileProvider.kt:827:13 Unresolved reference 'TextUtils'.
e: file:///Users/HONGBGU/Documents/seadroid/app/src/main/java/com/seafile/seadroid2/provider/SeafileProvider.kt:827:52 Unresolved reference 'TextUtils'.
e: file:///Users/HONGBGU/Documents/seadroid/app/src/main/java/com/seafile/seadroid2/provider/SeafileProvider.kt:827:83 Unresolved reference 'TextUtils'.
e: file:///Users/HONGBGU/Documents/seadroid/app/src/main/java/com/seafile/seadroid2/provider/SeafileProvider.kt:831:19 Overload resolution ambiguity between candidates:
fun throwFileNotFoundException(@StringRes() resId: Int): FileNotFoundException
fun throwFileNotFoundException(msg: String?): FileNotFoundException
e: file:///Users/HONGBGU/Documents/seadroid/app/src/main/java/com/seafile/seadroid2/provider/SeafileProvider.kt:831:19 Type mismatch: inferred type is 'ERROR CLASS: Ambiguity: throwFileNotFoundException, [com/seafile/seadroid2/provider/SeafileProvider.throwFileNotFoundException, com/seafile/seadroid2/provider/SeafileProvider.throwFileNotFoundException]', but 'kotlin.Throwable' was expected.
e: file:///Users/HONGBGU/Documents/seadroid/app/src/main/java/com/seafile/seadroid2/provider/SeafileProvider.kt:831:46 Unresolved reference 'R'.
e: file:///Users/HONGBGU/Documents/seadroid/app/src/main/java/com/seafile/seadroid2/provider/SeafileProvider.kt:834:14 Unresolved reference 'NetworkUtils'.
e: file:///Users/HONGBGU/Documents/seadroid/app/src/main/java/com/seafile/seadroid2/provider/SeafileProvider.kt:834:48 Overload resolution ambiguity between candidates:
fun throwFileNotFoundException(@StringRes() resId: Int): FileNotFoundException
fun throwFileNotFoundException(msg: String?): FileNotFoundException
e: file:///Users/HONGBGU/Documents/seadroid/app/src/main/java/com/seafile/seadroid2/provider/SeafileProvider.kt:834:48 Type mismatch: inferred type is 'ERROR CLASS: Ambiguity: throwFileNotFoundException, [com/seafile/seadroid2/provider/SeafileProvider.throwFileNotFoundException, com/seafile/seadroid2/provider/SeafileProvider.throwFileNotFoundException]', but 'kotlin.Throwable' was expected.
e: file:///Users/HONGBGU/Documents/seadroid/app/src/main/java/com/seafile/seadroid2/provider/SeafileProvider.kt:834:75 Unresolved reference 'R'.
e: file:///Users/HONGBGU/Documents/seadroid/app/src/main/java/com/seafile/seadroid2/provider/SeafileProvider.kt:836:57 Argument type mismatch: actual type is 'kotlin.String?', but 'kotlin.String' was expected.
e: file:///Users/HONGBGU/Documents/seadroid/app/src/main/java/com/seafile/seadroid2/provider/SeafileProvider.kt:838:19 Overload resolution ambiguity between candidates:
fun throwFileNotFoundException(@StringRes() resId: Int): FileNotFoundException
fun throwFileNotFoundException(msg: String?): FileNotFoundException
e: file:///Users/HONGBGU/Documents/seadroid/app/src/main/java/com/seafile/seadroid2/provider/SeafileProvider.kt:838:19 Type mismatch: inferred type is 'ERROR CLASS: Ambiguity: throwFileNotFoundException, [com/seafile/seadroid2/provider/SeafileProvider.throwFileNotFoundException, com/seafile/seadroid2/provider/SeafileProvider.throwFileNotFoundException]', but 'kotlin.Throwable' was expected.
e: file:///Users/HONGBGU/Documents/seadroid/app/src/main/java/com/seafile/seadroid2/provider/SeafileProvider.kt:838:46 Unresolved reference 'R'.
e: file:///Users/HONGBGU/Documents/seadroid/app/src/main/java/com/seafile/seadroid2/provider/SeafileProvider.kt:841:57 Argument type mismatch: actual type is 'kotlin.String?', but 'kotlin.String' was expected.
e: file:///Users/HONGBGU/Documents/seadroid/app/src/main/java/com/seafile/seadroid2/provider/SeafileProvider.kt:842:13 Unresolved reference 'TextUtils'.
e: file:///Users/HONGBGU/Documents/seadroid/app/src/main/java/com/seafile/seadroid2/provider/SeafileProvider.kt:843:19 Overload resolution ambiguity between candidates:
fun throwFileNotFoundException(@StringRes() resId: Int): FileNotFoundException
fun throwFileNotFoundException(msg: String?): FileNotFoundException
e: file:///Users/HONGBGU/Documents/seadroid/app/src/main/java/com/seafile/seadroid2/provider/SeafileProvider.kt:843:19 Type mismatch: inferred type is 'ERROR CLASS: Ambiguity: throwFileNotFoundException, [com/seafile/seadroid2/provider/SeafileProvider.throwFileNotFoundException, com/seafile/seadroid2/provider/SeafileProvider.throwFileNotFoundException]', but 'kotlin.Throwable' was expected.
e: file:///Users/HONGBGU/Documents/seadroid/app/src/main/java/com/seafile/seadroid2/provider/SeafileProvider.kt:843:46 Unresolved reference 'R'.
e: file:///Users/HONGBGU/Documents/seadroid/app/src/main/java/com/seafile/seadroid2/provider/SeafileProvider.kt:846:55 Argument type mismatch: actual type is 'kotlin.String?', but 'kotlin.String' was expected.
e: file:///Users/HONGBGU/Documents/seadroid/app/src/main/java/com/seafile/seadroid2/provider/SeafileProvider.kt:847:32 Unresolved reference 'RepoModel'.
e: file:///Users/HONGBGU/Documents/seadroid/app/src/main/java/com/seafile/seadroid2/provider/SeafileProvider.kt:849:19 Overload resolution ambiguity between candidates:
fun throwFileNotFoundException(@StringRes() resId: Int): FileNotFoundException
fun throwFileNotFoundException(msg: String?): FileNotFoundException
e: file:///Users/HONGBGU/Documents/seadroid/app/src/main/java/com/seafile/seadroid2/provider/SeafileProvider.kt:849:19 Type mismatch: inferred type is 'ERROR CLASS: Ambiguity: throwFileNotFoundException, [com/seafile/seadroid2/provider/SeafileProvider.throwFileNotFoundException, com/seafile/seadroid2/provider/SeafileProvider.throwFileNotFoundException]', but 'kotlin.Throwable' was expected.
e: file:///Users/HONGBGU/Documents/seadroid/app/src/main/java/com/seafile/seadroid2/provider/SeafileProvider.kt:849:46 Unresolved reference 'R'.
e: file:///Users/HONGBGU/Documents/seadroid/app/src/main/java/com/seafile/seadroid2/provider/SeafileProvider.kt:852:19 Unresolved reference 'RepoModel'.
e: file:///Users/HONGBGU/Documents/seadroid/app/src/main/java/com/seafile/seadroid2/provider/SeafileProvider.kt:853:35 Unresolved reference 'hasWritePermission'.
e: file:///Users/HONGBGU/Documents/seadroid/app/src/main/java/com/seafile/seadroid2/provider/SeafileProvider.kt:854:19 Overload resolution ambiguity between candidates:
fun throwFileNotFoundException(@StringRes() resId: Int): FileNotFoundException
fun throwFileNotFoundException(msg: String?): FileNotFoundException
e: file:///Users/HONGBGU/Documents/seadroid/app/src/main/java/com/seafile/seadroid2/provider/SeafileProvider.kt:854:19 Type mismatch: inferred type is 'ERROR CLASS: Ambiguity: throwFileNotFoundException, [com/seafile/seadroid2/provider/SeafileProvider.throwFileNotFoundException, com/seafile/seadroid2/provider/SeafileProvider.throwFileNotFoundException]', but 'kotlin.Throwable' was expected.
e: file:///Users/HONGBGU/Documents/seadroid/app/src/main/java/com/seafile/seadroid2/provider/SeafileProvider.kt:854:46 Unresolved reference 'R'.
e: file:///Users/HONGBGU/Documents/seadroid/app/src/main/java/com/seafile/seadroid2/provider/SeafileProvider.kt:857:25 Unresolved reference 'DocumentsContract'.
e: file:///Users/HONGBGU/Documents/seadroid/app/src/main/java/com/seafile/seadroid2/provider/SeafileProvider.kt:858:13 Unresolved reference 'Logs'.
e: file:///Users/HONGBGU/Documents/seadroid/app/src/main/java/com/seafile/seadroid2/provider/SeafileProvider.kt:866:35 Unresolved reference 'HttpIO'.
e: file:///Users/HONGBGU/Documents/seadroid/app/src/main/java/com/seafile/seadroid2/provider/SeafileProvider.kt:867:26 Unresolved reference 'DialogService'.
e: file:///Users/HONGBGU/Documents/seadroid/app/src/main/java/com/seafile/seadroid2/provider/SeafileProvider.kt:867:42 Unresolved reference 'DialogService'.
e: file:///Users/HONGBGU/Documents/seadroid/app/src/main/java/com/seafile/seadroid2/provider/SeafileProvider.kt:867:63 Unresolved reference. None of the following candidates is applicable because of a receiver type mismatch:
val <T> KClass<T>.java: Class<T>
e: file:///Users/HONGBGU/Documents/seadroid/app/src/main/java/com/seafile/seadroid2/provider/SeafileProvider.kt:869:17 Unresolved reference 'TextUtils'.
e: file:///Users/HONGBGU/Documents/seadroid/app/src/main/java/com/seafile/seadroid2/provider/SeafileProvider.kt:870:17 Unresolved reference 'Logs'.
e: file:///Users/HONGBGU/Documents/seadroid/app/src/main/java/com/seafile/seadroid2/provider/SeafileProvider.kt:873:30 Unresolved reference 'buildId'.
e: file:///Users/HONGBGU/Documents/seadroid/app/src/main/java/com/seafile/seadroid2/provider/SeafileProvider.kt:877:32 Unresolved reference 'buildId'.
e: file:///Users/HONGBGU/Documents/seadroid/app/src/main/java/com/seafile/seadroid2/provider/SeafileProvider.kt:878:9 Unresolved reference 'Logs'.
e: file:///Users/HONGBGU/Documents/seadroid/app/src/main/java/com/seafile/seadroid2/provider/SeafileProvider.kt:883:13 Unresolved reference 'getContext'.
e: file:///Users/HONGBGU/Documents/seadroid/app/src/main/java/com/seafile/seadroid2/provider/SeafileProvider.kt:884:13 Unresolved reference 'Logs'.
e: file:///Users/HONGBGU/Documents/seadroid/app/src/main/java/com/seafile/seadroid2/provider/SeafileProvider.kt:892:17 Unresolved reference 'getContext'.
e: file:///Users/HONGBGU/Documents/seadroid/app/src/main/java/com/seafile/seadroid2/provider/SeafileProvider.kt:893:16 Overload resolution ambiguity between candidates:
fun throwFileNotFoundException(@StringRes() resId: Int): FileNotFoundException
fun throwFileNotFoundException(msg: String?): FileNotFoundException
e: file:///Users/HONGBGU/Documents/seadroid/app/src/main/java/com/seafile/seadroid2/provider/SeafileProvider.kt:897:9 Unresolved reference 'Logs'.
e: file:///Users/HONGBGU/Documents/seadroid/app/src/main/java/com/seafile/seadroid2/provider/SeafileProvider.kt:910:37 Unresolved reference 'MatrixCursor'.
e: file:///Users/HONGBGU/Documents/seadroid/app/src/main/java/com/seafile/seadroid2/provider/SeafileProvider.kt:911:30 Unresolved reference 'buildId'.
e: file:///Users/HONGBGU/Documents/seadroid/app/src/main/java/com/seafile/seadroid2/provider/SeafileProvider.kt:914:9 Unresolved reference 'Logs'.
e: file:///Users/HONGBGU/Documents/seadroid/app/src/main/java/com/seafile/seadroid2/provider/SeafileProvider.kt:915:9 Unresolved reference 'Logs'.
e: file:///Users/HONGBGU/Documents/seadroid/app/src/main/java/com/seafile/seadroid2/provider/SeafileProvider.kt:917:18 Unresolved reference 'RowBuilder'.
e: file:///Users/HONGBGU/Documents/seadroid/app/src/main/java/com/seafile/seadroid2/provider/SeafileProvider.kt:917:38 Unresolved reference 'newRow'.
e: file:///Users/HONGBGU/Documents/seadroid/app/src/main/java/com/seafile/seadroid2/provider/SeafileProvider.kt:919:13 Unresolved reference 'add'.
e: file:///Users/HONGBGU/Documents/seadroid/app/src/main/java/com/seafile/seadroid2/provider/SeafileProvider.kt:919:17 Unresolved reference 'DocumentsContract'.
e: file:///Users/HONGBGU/Documents/seadroid/app/src/main/java/com/seafile/seadroid2/provider/SeafileProvider.kt:920:13 Unresolved reference 'add'.
e: file:///Users/HONGBGU/Documents/seadroid/app/src/main/java/com/seafile/seadroid2/provider/SeafileProvider.kt:920:17 Unresolved reference 'DocumentsContract'.
e: file:///Users/HONGBGU/Documents/seadroid/app/src/main/java/com/seafile/seadroid2/provider/SeafileProvider.kt:921:13 Unresolved reference 'add'.
e: file:///Users/HONGBGU/Documents/seadroid/app/src/main/java/com/seafile/seadroid2/provider/SeafileProvider.kt:921:17 Unresolved reference 'DocumentsContract'.
e: file:///Users/HONGBGU/Documents/seadroid/app/src/main/java/com/seafile/seadroid2/provider/SeafileProvider.kt:921:53 Unresolved reference 'R'.
e: file:///Users/HONGBGU/Documents/seadroid/app/src/main/java/com/seafile/seadroid2/provider/SeafileProvider.kt:922:13 Unresolved reference 'add'.
e: file:///Users/HONGBGU/Documents/seadroid/app/src/main/java/com/seafile/seadroid2/provider/SeafileProvider.kt:923:13 Unresolved reference 'DocumentsContract'.
e: file:///Users/HONGBGU/Documents/seadroid/app/src/main/java/com/seafile/seadroid2/provider/SeafileProvider.kt:924:13 Unresolved reference 'DocumentsContract'.
e: file:///Users/HONGBGU/Documents/seadroid/app/src/main/java/com/seafile/seadroid2/provider/SeafileProvider.kt:924:62 Unresolved reference 'DocumentsContract'.
e: file:///Users/HONGBGU/Documents/seadroid/app/src/main/java/com/seafile/seadroid2/provider/SeafileProvider.kt:926:13 Unresolved reference 'add'.
e: file:///Users/HONGBGU/Documents/seadroid/app/src/main/java/com/seafile/seadroid2/provider/SeafileProvider.kt:926:17 Unresolved reference 'DocumentsContract'.
e: file:///Users/HONGBGU/Documents/seadroid/app/src/main/java/com/seafile/seadroid2/provider/SeafileProvider.kt:927:13 Unresolved reference 'add'.
e: file:///Users/HONGBGU/Documents/seadroid/app/src/main/java/com/seafile/seadroid2/provider/SeafileProvider.kt:927:17 Unresolved reference 'DocumentsContract'.
e: file:///Users/HONGBGU/Documents/seadroid/app/src/main/java/com/seafile/seadroid2/provider/SeafileProvider.kt:937:17 Unresolved reference 'MatrixCursor'.
e: file:///Users/HONGBGU/Documents/seadroid/app/src/main/java/com/seafile/seadroid2/provider/SeafileProvider.kt:940:30 Unresolved reference 'buildId'.
e: file:///Users/HONGBGU/Documents/seadroid/app/src/main/java/com/seafile/seadroid2/provider/SeafileProvider.kt:942:18 Unresolved reference 'RowBuilder'.
e: file:///Users/HONGBGU/Documents/seadroid/app/src/main/java/com/seafile/seadroid2/provider/SeafileProvider.kt:942:38 Unresolved reference 'newRow'.
e: file:///Users/HONGBGU/Documents/seadroid/app/src/main/java/com/seafile/seadroid2/provider/SeafileProvider.kt:943:13 Unresolved reference 'add'.
e: file:///Users/HONGBGU/Documents/seadroid/app/src/main/java/com/seafile/seadroid2/provider/SeafileProvider.kt:943:17 Unresolved reference 'DocumentsContract'.
e: file:///Users/HONGBGU/Documents/seadroid/app/src/main/java/com/seafile/seadroid2/provider/SeafileProvider.kt:944:13 Unresolved reference 'add'.
e: file:///Users/HONGBGU/Documents/seadroid/app/src/main/java/com/seafile/seadroid2/provider/SeafileProvider.kt:944:17 Unresolved reference 'DocumentsContract'.
e: file:///Users/HONGBGU/Documents/seadroid/app/src/main/java/com/seafile/seadroid2/provider/SeafileProvider.kt:945:13 Unresolved reference 'add'.
e: file:///Users/HONGBGU/Documents/seadroid/app/src/main/java/com/seafile/seadroid2/provider/SeafileProvider.kt:945:17 Unresolved reference 'DocumentsContract'.
e: file:///Users/HONGBGU/Documents/seadroid/app/src/main/java/com/seafile/seadroid2/provider/SeafileProvider.kt:946:13 Unresolved reference 'add'.
e: file:///Users/HONGBGU/Documents/seadroid/app/src/main/java/com/seafile/seadroid2/provider/SeafileProvider.kt:946:17 Unresolved reference 'DocumentsContract'.
e: file:///Users/HONGBGU/Documents/seadroid/app/src/main/java/com/seafile/seadroid2/provider/SeafileProvider.kt:947:13 Unresolved reference 'add'.
e: file:///Users/HONGBGU/Documents/seadroid/app/src/main/java/com/seafile/seadroid2/provider/SeafileProvider.kt:947:17 Unresolved reference 'DocumentsContract'.
e: file:///Users/HONGBGU/Documents/seadroid/app/src/main/java/com/seafile/seadroid2/provider/SeafileProvider.kt:947:57 Unresolved reference 'R'.
e: file:///Users/HONGBGU/Documents/seadroid/app/src/main/java/com/seafile/seadroid2/provider/SeafileProvider.kt:948:13 Unresolved reference 'add'.
e: file:///Users/HONGBGU/Documents/seadroid/app/src/main/java/com/seafile/seadroid2/provider/SeafileProvider.kt:948:17 Unresolved reference 'DocumentsContract'.
e: file:///Users/HONGBGU/Documents/seadroid/app/src/main/java/com/seafile/seadroid2/provider/SeafileProvider.kt:949:13 Unresolved reference 'add'.
e: file:///Users/HONGBGU/Documents/seadroid/app/src/main/java/com/seafile/seadroid2/provider/SeafileProvider.kt:950:13 Unresolved reference 'DocumentsContract'.
e: file:///Users/HONGBGU/Documents/seadroid/app/src/main/java/com/seafile/seadroid2/provider/SeafileProvider.kt:951:13 Unresolved reference 'DocumentsContract'.
e: file:///Users/HONGBGU/Documents/seadroid/app/src/main/java/com/seafile/seadroid2/provider/SeafileProvider.kt:963:17 Unresolved reference 'MatrixCursor'.
e: file:///Users/HONGBGU/Documents/seadroid/app/src/main/java/com/seafile/seadroid2/provider/SeafileProvider.kt:965:20 Unresolved reference 'RepoModel'.
e: file:///Users/HONGBGU/Documents/seadroid/app/src/main/java/com/seafile/seadroid2/provider/SeafileProvider.kt:967:72 Unresolved reference 'repo_id'.
e: file:///Users/HONGBGU/Documents/seadroid/app/src/main/java/com/seafile/seadroid2/provider/SeafileProvider.kt:970:23 Unresolved reference 'hasWritePermission'.
e: file:///Users/HONGBGU/Documents/seadroid/app/src/main/java/com/seafile/seadroid2/provider/SeafileProvider.kt:971:30 Unresolved reference 'DocumentsContract'.
e: file:///Users/HONGBGU/Documents/seadroid/app/src/main/java/com/seafile/seadroid2/provider/SeafileProvider.kt:974:18 Unresolved reference 'RowBuilder'.
e: file:///Users/HONGBGU/Documents/seadroid/app/src/main/java/com/seafile/seadroid2/provider/SeafileProvider.kt:974:38 Unresolved reference 'newRow'.
e: file:///Users/HONGBGU/Documents/seadroid/app/src/main/java/com/seafile/seadroid2/provider/SeafileProvider.kt:975:13 Unresolved reference 'add'.
e: file:///Users/HONGBGU/Documents/seadroid/app/src/main/java/com/seafile/seadroid2/provider/SeafileProvider.kt:975:17 Unresolved reference 'DocumentsContract'.
e: file:///Users/HONGBGU/Documents/seadroid/app/src/main/java/com/seafile/seadroid2/provider/SeafileProvider.kt:976:13 Unresolved reference 'add'.
e: file:///Users/HONGBGU/Documents/seadroid/app/src/main/java/com/seafile/seadroid2/provider/SeafileProvider.kt:976:17 Unresolved reference 'DocumentsContract'.
e: file:///Users/HONGBGU/Documents/seadroid/app/src/main/java/com/seafile/seadroid2/provider/SeafileProvider.kt:976:75 Unresolved reference 'repo_name'.
e: file:///Users/HONGBGU/Documents/seadroid/app/src/main/java/com/seafile/seadroid2/provider/SeafileProvider.kt:977:13 Unresolved reference 'add'.
e: file:///Users/HONGBGU/Documents/seadroid/app/src/main/java/com/seafile/seadroid2/provider/SeafileProvider.kt:977:17 Unresolved reference 'DocumentsContract'.
e: file:///Users/HONGBGU/Documents/seadroid/app/src/main/java/com/seafile/seadroid2/provider/SeafileProvider.kt:977:76 Unresolved reference 'last_modified_long'.
e: file:///Users/HONGBGU/Documents/seadroid/app/src/main/java/com/seafile/seadroid2/provider/SeafileProvider.kt:978:13 Unresolved reference 'add'.
e: file:///Users/HONGBGU/Documents/seadroid/app/src/main/java/com/seafile/seadroid2/provider/SeafileProvider.kt:978:17 Unresolved reference 'DocumentsContract'.
e: file:///Users/HONGBGU/Documents/seadroid/app/src/main/java/com/seafile/seadroid2/provider/SeafileProvider.kt:979:13 Unresolved reference 'add'.
e: file:///Users/HONGBGU/Documents/seadroid/app/src/main/java/com/seafile/seadroid2/provider/SeafileProvider.kt:979:17 Unresolved reference 'DocumentsContract'.
e: file:///Users/HONGBGU/Documents/seadroid/app/src/main/java/com/seafile/seadroid2/provider/SeafileProvider.kt:979:67 Unresolved reference 'getIcon'.
e: file:///Users/HONGBGU/Documents/seadroid/app/src/main/java/com/seafile/seadroid2/provider/SeafileProvider.kt:980:13 Unresolved reference 'add'.
e: file:///Users/HONGBGU/Documents/seadroid/app/src/main/java/com/seafile/seadroid2/provider/SeafileProvider.kt:980:17 Unresolved reference 'DocumentsContract'.
e: file:///Users/HONGBGU/Documents/seadroid/app/src/main/java/com/seafile/seadroid2/provider/SeafileProvider.kt:980:67 Unresolved reference 'size'.
e: file:///Users/HONGBGU/Documents/seadroid/app/src/main/java/com/seafile/seadroid2/provider/SeafileProvider.kt:982:13 Unresolved reference 'RepoType'.
e: file:///Users/HONGBGU/Documents/seadroid/app/src/main/java/com/seafile/seadroid2/provider/SeafileProvider.kt:982:45 Unresolved reference 'type'.
e: file:///Users/HONGBGU/Documents/seadroid/app/src/main/java/com/seafile/seadroid2/provider/SeafileProvider.kt:983:17 Unresolved reference 'add'.
e: file:///Users/HONGBGU/Documents/seadroid/app/src/main/java/com/seafile/seadroid2/provider/SeafileProvider.kt:983:21 Unresolved reference 'DocumentsContract'.
e: file:///Users/HONGBGU/Documents/seadroid/app/src/main/java/com/seafile/seadroid2/provider/SeafileProvider.kt:983:64 Unresolved reference 'R'.
e: file:///Users/HONGBGU/Documents/seadroid/app/src/main/java/com/seafile/seadroid2/provider/SeafileProvider.kt:984:20 Unresolved reference 'RepoType'.
e: file:///Users/HONGBGU/Documents/seadroid/app/src/main/java/com/seafile/seadroid2/provider/SeafileProvider.kt:984:54 Unresolved reference 'type'.
e: file:///Users/HONGBGU/Documents/seadroid/app/src/main/java/com/seafile/seadroid2/provider/SeafileProvider.kt:985:17 Unresolved reference 'add'.
e: file:///Users/HONGBGU/Documents/seadroid/app/src/main/java/com/seafile/seadroid2/provider/SeafileProvider.kt:985:21 Unresolved reference 'DocumentsContract'.
e: file:///Users/HONGBGU/Documents/seadroid/app/src/main/java/com/seafile/seadroid2/provider/SeafileProvider.kt:985:64 Unresolved reference 'R'.
e: file:///Users/HONGBGU/Documents/seadroid/app/src/main/java/com/seafile/seadroid2/provider/SeafileProvider.kt:986:20 Unresolved reference 'RepoType'.
e: file:///Users/HONGBGU/Documents/seadroid/app/src/main/java/com/seafile/seadroid2/provider/SeafileProvider.kt:986:53 Unresolved reference 'type'.
e: file:///Users/HONGBGU/Documents/seadroid/app/src/main/java/com/seafile/seadroid2/provider/SeafileProvider.kt:987:17 Unresolved reference 'add'.
e: file:///Users/HONGBGU/Documents/seadroid/app/src/main/java/com/seafile/seadroid2/provider/SeafileProvider.kt:987:21 Unresolved reference 'DocumentsContract'.
e: file:///Users/HONGBGU/Documents/seadroid/app/src/main/java/com/seafile/seadroid2/provider/SeafileProvider.kt:987:74 Unresolved reference 'group_name'.
e: file:///Users/HONGBGU/Documents/seadroid/app/src/main/java/com/seafile/seadroid2/provider/SeafileProvider.kt:989:17 Unresolved reference 'add'.
e: file:///Users/HONGBGU/Documents/seadroid/app/src/main/java/com/seafile/seadroid2/provider/SeafileProvider.kt:989:21 Unresolved reference 'DocumentsContract'.
e: file:///Users/HONGBGU/Documents/seadroid/app/src/main/java/com/seafile/seadroid2/provider/SeafileProvider.kt:992:23 Unresolved reference 'encrypted'.
e: file:///Users/HONGBGU/Documents/seadroid/app/src/main/java/com/seafile/seadroid2/provider/SeafileProvider.kt:993:17 Unresolved reference 'add'.
e: file:///Users/HONGBGU/Documents/seadroid/app/src/main/java/com/seafile/seadroid2/provider/SeafileProvider.kt:994:17 Unresolved reference 'DocumentsContract'.
e: file:///Users/HONGBGU/Documents/seadroid/app/src/main/java/com/seafile/seadroid2/provider/SeafileProvider.kt:998:17 Unresolved reference 'add'.
e: file:///Users/HONGBGU/Documents/seadroid/app/src/main/java/com/seafile/seadroid2/provider/SeafileProvider.kt:999:17 Unresolved reference 'DocumentsContract'.
e: file:///Users/HONGBGU/Documents/seadroid/app/src/main/java/com/seafile/seadroid2/provider/SeafileProvider.kt:1000:17 Unresolved reference 'DocumentsContract'.
e: file:///Users/HONGBGU/Documents/seadroid/app/src/main/java/com/seafile/seadroid2/provider/SeafileProvider.kt:1006:17 Unresolved reference 'MatrixCursor'.
e: file:///Users/HONGBGU/Documents/seadroid/app/src/main/java/com/seafile/seadroid2/provider/SeafileProvider.kt:1011:18 Unresolved reference 'RowBuilder'.
e: file:///Users/HONGBGU/Documents/seadroid/app/src/main/java/com/seafile/seadroid2/provider/SeafileProvider.kt:1011:38 Unresolved reference 'newRow'.
e: file:///Users/HONGBGU/Documents/seadroid/app/src/main/java/com/seafile/seadroid2/provider/SeafileProvider.kt:1012:13 Unresolved reference 'add'.
e: file:///Users/HONGBGU/Documents/seadroid/app/src/main/java/com/seafile/seadroid2/provider/SeafileProvider.kt:1012:17 Unresolved reference 'DocumentsContract'.
e: file:///Users/HONGBGU/Documents/seadroid/app/src/main/java/com/seafile/seadroid2/provider/SeafileProvider.kt:1014:13 Unresolved reference 'add'.
e: file:///Users/HONGBGU/Documents/seadroid/app/src/main/java/com/seafile/seadroid2/provider/SeafileProvider.kt:1015:13 Unresolved reference 'DocumentsContract'.
e: file:///Users/HONGBGU/Documents/seadroid/app/src/main/java/com/seafile/seadroid2/provider/SeafileProvider.kt:1016:13 Unresolved reference 'SeadroidApplication'.
e: file:///Users/HONGBGU/Documents/seadroid/app/src/main/java/com/seafile/seadroid2/provider/SeafileProvider.kt:1016:46 Unresolved reference 'R'.
e: file:///Users/HONGBGU/Documents/seadroid/app/src/main/java/com/seafile/seadroid2/provider/SeafileProvider.kt:1018:13 Unresolved reference 'add'.
e: file:///Users/HONGBGU/Documents/seadroid/app/src/main/java/com/seafile/seadroid2/provider/SeafileProvider.kt:1018:17 Unresolved reference 'DocumentsContract'.
e: file:///Users/HONGBGU/Documents/seadroid/app/src/main/java/com/seafile/seadroid2/provider/SeafileProvider.kt:1018:57 Unresolved reference 'R'.
e: file:///Users/HONGBGU/Documents/seadroid/app/src/main/java/com/seafile/seadroid2/provider/SeafileProvider.kt:1019:13 Unresolved reference 'add'.
e: file:///Users/HONGBGU/Documents/seadroid/app/src/main/java/com/seafile/seadroid2/provider/SeafileProvider.kt:1019:17 Unresolved reference 'DocumentsContract'.
e: file:///Users/HONGBGU/Documents/seadroid/app/src/main/java/com/seafile/seadroid2/provider/SeafileProvider.kt:1021:13 Unresolved reference 'add'.
e: file:///Users/HONGBGU/Documents/seadroid/app/src/main/java/com/seafile/seadroid2/provider/SeafileProvider.kt:1022:13 Unresolved reference 'DocumentsContract'.
e: file:///Users/HONGBGU/Documents/seadroid/app/src/main/java/com/seafile/seadroid2/provider/SeafileProvider.kt:1023:13 Unresolved reference 'DocumentsContract'.
e: file:///Users/HONGBGU/Documents/seadroid/app/src/main/java/com/seafile/seadroid2/provider/SeafileProvider.kt:1034:17 Unresolved reference 'MatrixCursor'.
e: file:///Users/HONGBGU/Documents/seadroid/app/src/main/java/com/seafile/seadroid2/provider/SeafileProvider.kt:1036:20 Unresolved reference 'RepoModel'.
e: file:///Users/HONGBGU/Documents/seadroid/app/src/main/java/com/seafile/seadroid2/provider/SeafileProvider.kt:1037:16 Unresolved reference 'DirentModel'.
e: file:///Users/HONGBGU/Documents/seadroid/app/src/main/java/com/seafile/seadroid2/provider/SeafileProvider.kt:1040:38 Argument type mismatch: actual type is 'com.seafile.seadroid2.account.Account?', but 'com.seafile.seadroid2.account.Account' was expected.
e: file:///Users/HONGBGU/Documents/seadroid/app/src/main/java/com/seafile/seadroid2/provider/SeafileProvider.kt:1040:57 Unresolved reference 'repo_id'.
e: file:///Users/HONGBGU/Documents/seadroid/app/src/main/java/com/seafile/seadroid2/provider/SeafileProvider.kt:1040:72 Unresolved reference 'full_path'.
e: file:///Users/HONGBGU/Documents/seadroid/app/src/main/java/com/seafile/seadroid2/provider/SeafileProvider.kt:1040:89 Unresolved reference 'isDir'.
e: file:///Users/HONGBGU/Documents/seadroid/app/src/main/java/com/seafile/seadroid2/provider/SeafileProvider.kt:1042:18 Unresolved reference 'RowBuilder'.
e: file:///Users/HONGBGU/Documents/seadroid/app/src/main/java/com/seafile/seadroid2/provider/SeafileProvider.kt:1042:38 Unresolved reference 'newRow'.
e: file:///Users/HONGBGU/Documents/seadroid/app/src/main/java/com/seafile/seadroid2/provider/SeafileProvider.kt:1043:13 Unresolved reference 'add'.
e: file:///Users/HONGBGU/Documents/seadroid/app/src/main/java/com/seafile/seadroid2/provider/SeafileProvider.kt:1043:17 Unresolved reference 'DocumentsContract'.
e: file:///Users/HONGBGU/Documents/seadroid/app/src/main/java/com/seafile/seadroid2/provider/SeafileProvider.kt:1044:13 Unresolved reference 'add'.
e: file:///Users/HONGBGU/Documents/seadroid/app/src/main/java/com/seafile/seadroid2/provider/SeafileProvider.kt:1044:17 Unresolved reference 'DocumentsContract'.
e: file:///Users/HONGBGU/Documents/seadroid/app/src/main/java/com/seafile/seadroid2/provider/SeafileProvider.kt:1044:71 Unresolved reference 'name'.
e: file:///Users/HONGBGU/Documents/seadroid/app/src/main/java/com/seafile/seadroid2/provider/SeafileProvider.kt:1045:13 Unresolved reference 'add'.
e: file:///Users/HONGBGU/Documents/seadroid/app/src/main/java/com/seafile/seadroid2/provider/SeafileProvider.kt:1045:17 Unresolved reference 'DocumentsContract'.
e: file:///Users/HONGBGU/Documents/seadroid/app/src/main/java/com/seafile/seadroid2/provider/SeafileProvider.kt:1045:63 Unresolved reference 'size'.
e: file:///Users/HONGBGU/Documents/seadroid/app/src/main/java/com/seafile/seadroid2/provider/SeafileProvider.kt:1046:13 Unresolved reference 'add'.
e: file:///Users/HONGBGU/Documents/seadroid/app/src/main/java/com/seafile/seadroid2/provider/SeafileProvider.kt:1046:17 Unresolved reference 'DocumentsContract'.
e: file:///Users/HONGBGU/Documents/seadroid/app/src/main/java/com/seafile/seadroid2/provider/SeafileProvider.kt:1047:13 Unresolved reference 'add'.
e: file:///Users/HONGBGU/Documents/seadroid/app/src/main/java/com/seafile/seadroid2/provider/SeafileProvider.kt:1047:17 Unresolved reference 'DocumentsContract'.
e: file:///Users/HONGBGU/Documents/seadroid/app/src/main/java/com/seafile/seadroid2/provider/SeafileProvider.kt:1047:72 Unresolved reference 'mtime'.
e: file:///Users/HONGBGU/Documents/seadroid/app/src/main/java/com/seafile/seadroid2/provider/SeafileProvider.kt:1050:19 Unresolved reference 'isDir'.
e: file:///Users/HONGBGU/Documents/seadroid/app/src/main/java/com/seafile/seadroid2/provider/SeafileProvider.kt:1051:24 Unresolved reference 'DocumentsContract'.
e: file:///Users/HONGBGU/Documents/seadroid/app/src/main/java/com/seafile/seadroid2/provider/SeafileProvider.kt:1059:30 Unresolved reference 'DocumentsContract'.
e: file:///Users/HONGBGU/Documents/seadroid/app/src/main/java/com/seafile/seadroid2/provider/SeafileProvider.kt:1062:23 Unresolved reference 'hasWritePermission'.
e: file:///Users/HONGBGU/Documents/seadroid/app/src/main/java/com/seafile/seadroid2/provider/SeafileProvider.kt:1063:23 Unresolved reference 'isDir'.
e: file:///Users/HONGBGU/Documents/seadroid/app/src/main/java/com/seafile/seadroid2/provider/SeafileProvider.kt:1064:34 Unresolved reference 'DocumentsContract'.
e: file:///Users/HONGBGU/Documents/seadroid/app/src/main/java/com/seafile/seadroid2/provider/SeafileProvider.kt:1066:34 Unresolved reference 'DocumentsContract'.
e: file:///Users/HONGBGU/Documents/seadroid/app/src/main/java/com/seafile/seadroid2/provider/SeafileProvider.kt:1069:13 Unresolved reference 'add'.
e: file:///Users/HONGBGU/Documents/seadroid/app/src/main/java/com/seafile/seadroid2/provider/SeafileProvider.kt:1069:17 Unresolved reference 'DocumentsContract'.
e: file:///Users/HONGBGU/Documents/seadroid/app/src/main/java/com/seafile/seadroid2/provider/SeafileProvider.kt:1070:13 Unresolved reference 'add'.
e: file:///Users/HONGBGU/Documents/seadroid/app/src/main/java/com/seafile/seadroid2/provider/SeafileProvider.kt:1070:17 Unresolved reference 'DocumentsContract'.
e: file:///Users/HONGBGU/Documents/seadroid/app/src/main/java/com/seafile/seadroid2/provider/SeafileProvider.kt:1079:17 Unresolved reference 'MatrixCursor'.
e: file:///Users/HONGBGU/Documents/seadroid/app/src/main/java/com/seafile/seadroid2/provider/SeafileProvider.kt:1081:23 Unresolved reference 'StarredModel'.
e: file:///Users/HONGBGU/Documents/seadroid/app/src/main/java/com/seafile/seadroid2/provider/SeafileProvider.kt:1083:30 Unresolved reference 'buildId'.
e: file:///Users/HONGBGU/Documents/seadroid/app/src/main/java/com/seafile/seadroid2/provider/SeafileProvider.kt:1083:60 Unresolved reference 'repo_id'.
e: file:///Users/HONGBGU/Documents/seadroid/app/src/main/java/com/seafile/seadroid2/provider/SeafileProvider.kt:1083:82 Unresolved reference 'path'.
e: file:///Users/HONGBGU/Documents/seadroid/app/src/main/java/com/seafile/seadroid2/provider/SeafileProvider.kt:1086:18 Unresolved reference 'RowBuilder'.
e: file:///Users/HONGBGU/Documents/seadroid/app/src/main/java/com/seafile/seadroid2/provider/SeafileProvider.kt:1086:38 Unresolved reference 'newRow'.
e: file:///Users/HONGBGU/Documents/seadroid/app/src/main/java/com/seafile/seadroid2/provider/SeafileProvider.kt:1087:13 Unresolved reference 'add'.
e: file:///Users/HONGBGU/Documents/seadroid/app/src/main/java/com/seafile/seadroid2/provider/SeafileProvider.kt:1087:17 Unresolved reference 'DocumentsContract'.
e: file:///Users/HONGBGU/Documents/seadroid/app/src/main/java/com/seafile/seadroid2/provider/SeafileProvider.kt:1090:26 Unresolved reference 'isRepo'.
e: file:///Users/HONGBGU/Documents/seadroid/app/src/main/java/com/seafile/seadroid2/provider/SeafileProvider.kt:1091:40 Unresolved reference 'repo_name'.
e: file:///Users/HONGBGU/Documents/seadroid/app/src/main/java/com/seafile/seadroid2/provider/SeafileProvider.kt:1093:30 Unresolved reference 'repo_encrypted'.
e: file:///Users/HONGBGU/Documents/seadroid/app/src/main/java/com/seafile/seadroid2/provider/SeafileProvider.kt:1094:21 Unresolved reference 'add'.
e: file:///Users/HONGBGU/Documents/seadroid/app/src/main/java/com/seafile/seadroid2/provider/SeafileProvider.kt:1095:21 Unresolved reference 'DocumentsContract'.
e: file:///Users/HONGBGU/Documents/seadroid/app/src/main/java/com/seafile/seadroid2/provider/SeafileProvider.kt:1096:21 Unresolved reference 'R'.
e: file:///Users/HONGBGU/Documents/seadroid/app/src/main/java/com/seafile/seadroid2/provider/SeafileProvider.kt:1099:21 Unresolved reference 'add'.
e: file:///Users/HONGBGU/Documents/seadroid/app/src/main/java/com/seafile/seadroid2/provider/SeafileProvider.kt:1099:25 Unresolved reference 'DocumentsContract'.
e: file:///Users/HONGBGU/Documents/seadroid/app/src/main/java/com/seafile/seadroid2/provider/SeafileProvider.kt:1099:65 Unresolved reference 'R'.
e: file:///Users/HONGBGU/Documents/seadroid/app/src/main/java/com/seafile/seadroid2/provider/SeafileProvider.kt:1102:40 Unresolved reference 'obj_name'.
e: file:///Users/HONGBGU/Documents/seadroid/app/src/main/java/com/seafile/seadroid2/provider/SeafileProvider.kt:1105:26 Unresolved reference 'deleted'.
e: file:///Users/HONGBGU/Documents/seadroid/app/src/main/java/com/seafile/seadroid2/provider/SeafileProvider.kt:1106:35 Unresolved reference 'SeadroidApplication'.
e: file:///Users/HONGBGU/Documents/seadroid/app/src/main/java/com/seafile/seadroid2/provider/SeafileProvider.kt:1106:68 Unresolved reference 'R'.
e: file:///Users/HONGBGU/Documents/seadroid/app/src/main/java/com/seafile/seadroid2/provider/SeafileProvider.kt:1110:13 Unresolved reference 'add'.
e: file:///Users/HONGBGU/Documents/seadroid/app/src/main/java/com/seafile/seadroid2/provider/SeafileProvider.kt:1110:17 Unresolved reference 'DocumentsContract'.
e: file:///Users/HONGBGU/Documents/seadroid/app/src/main/java/com/seafile/seadroid2/provider/SeafileProvider.kt:1113:26 Unresolved reference 'is_dir'.
e: file:///Users/HONGBGU/Documents/seadroid/app/src/main/java/com/seafile/seadroid2/provider/SeafileProvider.kt:1114:24 Unresolved reference 'DocumentsContract'.
e: file:///Users/HONGBGU/Documents/seadroid/app/src/main/java/com/seafile/seadroid2/provider/SeafileProvider.kt:1121:27 Unresolved reference 'repo_encrypted'.
e: file:///Users/HONGBGU/Documents/seadroid/app/src/main/java/com/seafile/seadroid2/provider/SeafileProvider.kt:1122:30 Unresolved reference 'DocumentsContract'.
e: file:///Users/HONGBGU/Documents/seadroid/app/src/main/java/com/seafile/seadroid2/provider/SeafileProvider.kt:1124:13 Unresolved reference 'add'.
e: file:///Users/HONGBGU/Documents/seadroid/app/src/main/java/com/seafile/seadroid2/provider/SeafileProvider.kt:1124:17 Unresolved reference 'DocumentsContract'.
e: file:///Users/HONGBGU/Documents/seadroid/app/src/main/java/com/seafile/seadroid2/provider/SeafileProvider.kt:1126:26 Unresolved reference 'repo_encrypted'.
e: file:///Users/HONGBGU/Documents/seadroid/app/src/main/java/com/seafile/seadroid2/provider/SeafileProvider.kt:1126:57 Unresolved reference 'deleted'.
e: file:///Users/HONGBGU/Documents/seadroid/app/src/main/java/com/seafile/seadroid2/provider/SeafileProvider.kt:1126:68 Unresolved reference 'TextUtils'.
e: file:///Users/HONGBGU/Documents/seadroid/app/src/main/java/com/seafile/seadroid2/provider/SeafileProvider.kt:1126:99 Unresolved reference 'obj_name'.
e: file:///Users/HONGBGU/Documents/seadroid/app/src/main/java/com/seafile/seadroid2/provider/SeafileProvider.kt:1127:17 Unresolved reference 'add'.
e: file:///Users/HONGBGU/Documents/seadroid/app/src/main/java/com/seafile/seadroid2/provider/SeafileProvider.kt:1128:17 Unresolved reference 'DocumentsContract'.
e: file:///Users/HONGBGU/Documents/seadroid/app/src/main/java/com/seafile/seadroid2/provider/SeafileProvider.kt:1132:17 Unresolved reference 'add'.
e: file:///Users/HONGBGU/Documents/seadroid/app/src/main/java/com/seafile/seadroid2/provider/SeafileProvider.kt:1132:21 Unresolved reference 'DocumentsContract'.
e: file:///Users/HONGBGU/Documents/seadroid/app/src/main/java/com/seafile/seadroid2/provider/SeafileProvider.kt:1142:20 Unresolved reference 'DirentModel'.
e: file:///Users/HONGBGU/Documents/seadroid/app/src/main/java/com/seafile/seadroid2/provider/SeafileProvider.kt:1144:62 Unresolved reference 'DirentModel'.
e: file:///Users/HONGBGU/Documents/seadroid/app/src/main/java/com/seafile/seadroid2/provider/SeafileProvider.kt:1145:38 Unresolved reference 'DirentModel'.
e: file:///Users/HONGBGU/Documents/seadroid/app/src/main/java/com/seafile/seadroid2/provider/SeafileProvider.kt:1146:37 Return type of 'get' is not a subtype of the return type of the overridden member 'fun get(): MutableList<ERROR CLASS: Symbol not found for DirentModel?>?'.
e: file:///Users/HONGBGU/Documents/seadroid/app/src/main/java/com/seafile/seadroid2/provider/SeafileProvider.kt:1146:49 Unresolved reference 'DirentModel'.
e: file:///Users/HONGBGU/Documents/seadroid/app/src/main/java/com/seafile/seadroid2/provider/SeafileProvider.kt:1147:28 Unresolved reference 'AppDatabase'.
e: file:///Users/HONGBGU/Documents/seadroid/app/src/main/java/com/seafile/seadroid2/provider/SeafileProvider.kt:1152:13 Unresolved reference 'Logs'.
e: file:///Users/HONGBGU/Documents/seadroid/app/src/main/java/com/seafile/seadroid2/provider/SeafileProvider.kt:1153:13 Unresolved reference 'Logs'.
e: file:///Users/HONGBGU/Documents/seadroid/app/src/main/java/com/seafile/seadroid2/provider/SeafileProvider.kt:1156:13 Unresolved reference 'Logs'.
e: file:///Users/HONGBGU/Documents/seadroid/app/src/main/java/com/seafile/seadroid2/provider/SeafileProvider.kt:1157:13 Unresolved reference 'Logs'.
e: file:///Users/HONGBGU/Documents/seadroid/app/src/main/java/com/seafile/seadroid2/provider/SeafileProvider.kt:1167:20 Unresolved reference 'DirentModel'.
e: file:///Users/HONGBGU/Documents/seadroid/app/src/main/java/com/seafile/seadroid2/provider/SeafileProvider.kt:1169:62 Unresolved reference 'DirentModel'.
e: file:///Users/HONGBGU/Documents/seadroid/app/src/main/java/com/seafile/seadroid2/provider/SeafileProvider.kt:1170:38 Unresolved reference 'DirentModel'.
e: file:///Users/HONGBGU/Documents/seadroid/app/src/main/java/com/seafile/seadroid2/provider/SeafileProvider.kt:1171:37 Return type of 'get' is not a subtype of the return type of the overridden member 'fun get(): MutableList<ERROR CLASS: Symbol not found for DirentModel?>?'.
e: file:///Users/HONGBGU/Documents/seadroid/app/src/main/java/com/seafile/seadroid2/provider/SeafileProvider.kt:1171:49 Unresolved reference 'DirentModel'.
e: file:///Users/HONGBGU/Documents/seadroid/app/src/main/java/com/seafile/seadroid2/provider/SeafileProvider.kt:1172:28 Unresolved reference 'AppDatabase'.
e: file:///Users/HONGBGU/Documents/seadroid/app/src/main/java/com/seafile/seadroid2/provider/SeafileProvider.kt:1177:13 Unresolved reference 'Logs'.
e: file:///Users/HONGBGU/Documents/seadroid/app/src/main/java/com/seafile/seadroid2/provider/SeafileProvider.kt:1178:13 Unresolved reference 'Logs'.
e: file:///Users/HONGBGU/Documents/seadroid/app/src/main/java/com/seafile/seadroid2/provider/SeafileProvider.kt:1181:13 Unresolved reference 'Logs'.
e: file:///Users/HONGBGU/Documents/seadroid/app/src/main/java/com/seafile/seadroid2/provider/SeafileProvider.kt:1182:13 Unresolved reference 'Logs'.
e: file:///Users/HONGBGU/Documents/seadroid/app/src/main/java/com/seafile/seadroid2/provider/SeafileProvider.kt:1192:20 Unresolved reference 'FileCacheStatusEntity'.
e: file:///Users/HONGBGU/Documents/seadroid/app/src/main/java/com/seafile/seadroid2/provider/SeafileProvider.kt:1194:62 Unresolved reference 'FileCacheStatusEntity'.
e: file:///Users/HONGBGU/Documents/seadroid/app/src/main/java/com/seafile/seadroid2/provider/SeafileProvider.kt:1195:38 Unresolved reference 'FileCacheStatusEntity'.
e: file:///Users/HONGBGU/Documents/seadroid/app/src/main/java/com/seafile/seadroid2/provider/SeafileProvider.kt:1196:37 Return type of 'get' is not a subtype of the return type of the overridden member 'fun get(): MutableList<ERROR CLASS: Symbol not found for FileCacheStatusEntity?>?'.
e: file:///Users/HONGBGU/Documents/seadroid/app/src/main/java/com/seafile/seadroid2/provider/SeafileProvider.kt:1196:49 Unresolved reference 'FileCacheStatusEntity'.
e: file:///Users/HONGBGU/Documents/seadroid/app/src/main/java/com/seafile/seadroid2/provider/SeafileProvider.kt:1197:28 Unresolved reference 'AppDatabase'.
e: file:///Users/HONGBGU/Documents/seadroid/app/src/main/java/com/seafile/seadroid2/provider/SeafileProvider.kt:1202:13 Unresolved reference 'Logs'.
e: file:///Users/HONGBGU/Documents/seadroid/app/src/main/java/com/seafile/seadroid2/provider/SeafileProvider.kt:1203:13 Unresolved reference 'Logs'.
e: file:///Users/HONGBGU/Documents/seadroid/app/src/main/java/com/seafile/seadroid2/provider/SeafileProvider.kt:1206:13 Unresolved reference 'Logs'.
e: file:///Users/HONGBGU/Documents/seadroid/app/src/main/java/com/seafile/seadroid2/provider/SeafileProvider.kt:1207:13 Unresolved reference 'Logs'.
e: file:///Users/HONGBGU/Documents/seadroid/app/src/main/java/com/seafile/seadroid2/provider/SeafileProvider.kt:1227:20 Unresolved reference 'RepoModel'.
e: file:///Users/HONGBGU/Documents/seadroid/app/src/main/java/com/seafile/seadroid2/provider/SeafileProvider.kt:1229:17 Unresolved reference 'MatrixCursor'.
e: file:///Users/HONGBGU/Documents/seadroid/app/src/main/java/com/seafile/seadroid2/provider/SeafileProvider.kt:1232:16 Unresolved reference 'setNotificationUri'.
e: file:///Users/HONGBGU/Documents/seadroid/app/src/main/java/com/seafile/seadroid2/provider/SeafileProvider.kt:1232:35 Unresolved reference 'getContext'.
e: file:///Users/HONGBGU/Documents/seadroid/app/src/main/java/com/seafile/seadroid2/provider/SeafileProvider.kt:1233:30 Unresolved reference 'DocumentsContract'.
e: file:///Users/HONGBGU/Documents/seadroid/app/src/main/java/com/seafile/seadroid2/provider/SeafileProvider.kt:1235:9 Unresolved reference 'Logs'.
e: file:///Users/HONGBGU/Documents/seadroid/app/src/main/java/com/seafile/seadroid2/provider/SeafileProvider.kt:1241:27 Unresolved reference 'Single'.
e: file:///Users/HONGBGU/Documents/seadroid/app/src/main/java/com/seafile/seadroid2/provider/SeafileProvider.kt:1241:46 Unresolved reference 'DirentModel'.
e: file:///Users/HONGBGU/Documents/seadroid/app/src/main/java/com/seafile/seadroid2/provider/SeafileProvider.kt:1242:13 Unresolved reference 'Objs'.
e: file:///Users/HONGBGU/Documents/seadroid/app/src/main/java/com/seafile/seadroid2/provider/SeafileProvider.kt:1242:64 Unresolved reference 'repo_id'.
e: file:///Users/HONGBGU/Documents/seadroid/app/src/main/java/com/seafile/seadroid2/provider/SeafileProvider.kt:1242:83 Unresolved reference 'repo_name'.
e: file:///Users/HONGBGU/Documents/seadroid/app/src/main/java/com/seafile/seadroid2/provider/SeafileProvider.kt:1243:25 Unresolved reference 'Disposable'.
e: file:///Users/HONGBGU/Documents/seadroid/app/src/main/java/com/seafile/seadroid2/provider/SeafileProvider.kt:1243:51 Unresolved reference 'subscribeOn'.
e: file:///Users/HONGBGU/Documents/seadroid/app/src/main/java/com/seafile/seadroid2/provider/SeafileProvider.kt:1244:24 Unresolved reference 'AndroidSchedulers'.
e: file:///Users/HONGBGU/Documents/seadroid/app/src/main/java/com/seafile/seadroid2/provider/SeafileProvider.kt:1245:24 Class '<anonymous>' is not abstract and does not implement abstract member 'accept'.
e: file:///Users/HONGBGU/Documents/seadroid/app/src/main/java/com/seafile/seadroid2/provider/SeafileProvider.kt:1245:54 Unresolved reference 'DirentModel'.
e: file:///Users/HONGBGU/Documents/seadroid/app/src/main/java/com/seafile/seadroid2/provider/SeafileProvider.kt:1246:17 'accept' overrides nothing.
e: file:///Users/HONGBGU/Documents/seadroid/app/src/main/java/com/seafile/seadroid2/provider/SeafileProvider.kt:1246:63 Unresolved reference 'DirentModel'.
e: file:///Users/HONGBGU/Documents/seadroid/app/src/main/java/com/seafile/seadroid2/provider/SeafileProvider.kt:1247:21 Unresolved reference 'Logs'.
e: file:///Users/HONGBGU/Documents/seadroid/app/src/main/java/com/seafile/seadroid2/provider/SeafileProvider.kt:1249:21 Unresolved reference 'SeadroidApplication'.
e: file:///Users/HONGBGU/Documents/seadroid/app/src/main/java/com/seafile/seadroid2/provider/SeafileProvider.kt:1254:21 Unresolved reference 'Logs'.
e: file:///Users/HONGBGU/Documents/seadroid/app/src/main/java/com/seafile/seadroid2/provider/SeafileProvider.kt:1255:21 Unresolved reference 'Logs'.
e: file:///Users/HONGBGU/Documents/seadroid/app/src/main/java/com/seafile/seadroid2/provider/SeafileProvider.kt:1260:29 Unresolved reference 'add'.
e: file:///Users/HONGBGU/Documents/seadroid/app/src/main/java/com/seafile/seadroid2/provider/SeafileProvider.kt:1269:99 Unresolved reference 'StarredModel'.
e: file:///Users/HONGBGU/Documents/seadroid/app/src/main/java/com/seafile/seadroid2/provider/SeafileProvider.kt:1271:62 Unresolved reference 'StarredModel'.
e: file:///Users/HONGBGU/Documents/seadroid/app/src/main/java/com/seafile/seadroid2/provider/SeafileProvider.kt:1272:38 Unresolved reference 'StarredModel'.
e: file:///Users/HONGBGU/Documents/seadroid/app/src/main/java/com/seafile/seadroid2/provider/SeafileProvider.kt:1273:37 Return type of 'get' is not a subtype of the return type of the overridden member 'fun get(): MutableList<ERROR CLASS: Symbol not found for StarredModel?>?'.
e: file:///Users/HONGBGU/Documents/seadroid/app/src/main/java/com/seafile/seadroid2/provider/SeafileProvider.kt:1273:49 Unresolved reference 'StarredModel'.
e: file:///Users/HONGBGU/Documents/seadroid/app/src/main/java/com/seafile/seadroid2/provider/SeafileProvider.kt:1274:28 Unresolved reference 'AppDatabase'.
e: file:///Users/HONGBGU/Documents/seadroid/app/src/main/java/com/seafile/seadroid2/provider/SeafileProvider.kt:1279:13 Unresolved reference 'Logs'.
e: file:///Users/HONGBGU/Documents/seadroid/app/src/main/java/com/seafile/seadroid2/provider/SeafileProvider.kt:1280:13 Unresolved reference 'Logs'.
e: file:///Users/HONGBGU/Documents/seadroid/app/src/main/java/com/seafile/seadroid2/provider/SeafileProvider.kt:1283:13 Unresolved reference 'Logs'.
e: file:///Users/HONGBGU/Documents/seadroid/app/src/main/java/com/seafile/seadroid2/provider/SeafileProvider.kt:1284:13 Unresolved reference 'Logs'.
e: file:///Users/HONGBGU/Documents/seadroid/app/src/main/java/com/seafile/seadroid2/provider/SeafileProvider.kt:1302:17 Unresolved reference 'MatrixCursor'.
e: file:///Users/HONGBGU/Documents/seadroid/app/src/main/java/com/seafile/seadroid2/provider/SeafileProvider.kt:1304:16 Unresolved reference 'setNotificationUri'.
e: file:///Users/HONGBGU/Documents/seadroid/app/src/main/java/com/seafile/seadroid2/provider/SeafileProvider.kt:1304:35 Unresolved reference 'getContext'.
e: file:///Users/HONGBGU/Documents/seadroid/app/src/main/java/com/seafile/seadroid2/provider/SeafileProvider.kt:1305:30 Unresolved reference 'DocumentsContract'.
e: file:///Users/HONGBGU/Documents/seadroid/app/src/main/java/com/seafile/seadroid2/provider/SeafileProvider.kt:1306:9 Unresolved reference 'Logs'.
e: file:///Users/HONGBGU/Documents/seadroid/app/src/main/java/com/seafile/seadroid2/provider/SeafileProvider.kt:1308:25 Unresolved reference 'Single'.
e: file:///Users/HONGBGU/Documents/seadroid/app/src/main/java/com/seafile/seadroid2/provider/SeafileProvider.kt:1308:44 Unresolved reference 'StarredModel'.
e: file:///Users/HONGBGU/Documents/seadroid/app/src/main/java/com/seafile/seadroid2/provider/SeafileProvider.kt:1309:13 Unresolved reference 'Objs'.
e: file:///Users/HONGBGU/Documents/seadroid/app/src/main/java/com/seafile/seadroid2/provider/SeafileProvider.kt:1310:25 Unresolved reference 'Disposable'.
e: file:///Users/HONGBGU/Documents/seadroid/app/src/main/java/com/seafile/seadroid2/provider/SeafileProvider.kt:1310:49 Unresolved reference 'subscribeOn'.
e: file:///Users/HONGBGU/Documents/seadroid/app/src/main/java/com/seafile/seadroid2/provider/SeafileProvider.kt:1311:24 Unresolved reference 'AndroidSchedulers'.
e: file:///Users/HONGBGU/Documents/seadroid/app/src/main/java/com/seafile/seadroid2/provider/SeafileProvider.kt:1312:24 Class '<anonymous>' is not abstract and does not implement abstract member 'accept'.
e: file:///Users/HONGBGU/Documents/seadroid/app/src/main/java/com/seafile/seadroid2/provider/SeafileProvider.kt:1312:54 Unresolved reference 'StarredModel'.
e: file:///Users/HONGBGU/Documents/seadroid/app/src/main/java/com/seafile/seadroid2/provider/SeafileProvider.kt:1313:17 'accept' overrides nothing.
e: file:///Users/HONGBGU/Documents/seadroid/app/src/main/java/com/seafile/seadroid2/provider/SeafileProvider.kt:1313:64 Unresolved reference 'StarredModel'.
e: file:///Users/HONGBGU/Documents/seadroid/app/src/main/java/com/seafile/seadroid2/provider/SeafileProvider.kt:1314:21 Unresolved reference 'Logs'.
e: file:///Users/HONGBGU/Documents/seadroid/app/src/main/java/com/seafile/seadroid2/provider/SeafileProvider.kt:1315:21 Unresolved reference 'SeadroidApplication'.
e: file:///Users/HONGBGU/Documents/seadroid/app/src/main/java/com/seafile/seadroid2/provider/SeafileProvider.kt:1320:21 Unresolved reference 'Logs'.
e: file:///Users/HONGBGU/Documents/seadroid/app/src/main/java/com/seafile/seadroid2/provider/SeafileProvider.kt:1321:21 Unresolved reference 'Logs'.
e: file:///Users/HONGBGU/Documents/seadroid/app/src/main/java/com/seafile/seadroid2/provider/SeafileProvider.kt:1326:29 Unresolved reference 'add'.
e: file:///Users/HONGBGU/Documents/seadroid/app/src/main/java/com/seafile/seadroid2/provider/SeafileProvider.kt:1333:61 Unresolved reference 'RepoModel'.
e: file:///Users/HONGBGU/Documents/seadroid/app/src/main/java/com/seafile/seadroid2/provider/SeafileProvider.kt:1335:62 Unresolved reference 'RepoModel'.
e: file:///Users/HONGBGU/Documents/seadroid/app/src/main/java/com/seafile/seadroid2/provider/SeafileProvider.kt:1336:38 Unresolved reference 'RepoModel'.
e: file:///Users/HONGBGU/Documents/seadroid/app/src/main/java/com/seafile/seadroid2/provider/SeafileProvider.kt:1337:37 Return type of 'get' is not a subtype of the return type of the overridden member 'fun get(): MutableList<ERROR CLASS: Symbol not found for RepoModel?>?'.
e: file:///Users/HONGBGU/Documents/seadroid/app/src/main/java/com/seafile/seadroid2/provider/SeafileProvider.kt:1337:49 Unresolved reference 'RepoModel'.
e: file:///Users/HONGBGU/Documents/seadroid/app/src/main/java/com/seafile/seadroid2/provider/SeafileProvider.kt:1338:28 Unresolved reference 'AppDatabase'.
e: file:///Users/HONGBGU/Documents/seadroid/app/src/main/java/com/seafile/seadroid2/provider/SeafileProvider.kt:1342:13 Unresolved reference 'Logs'.
e: file:///Users/HONGBGU/Documents/seadroid/app/src/main/java/com/seafile/seadroid2/provider/SeafileProvider.kt:1343:13 Unresolved reference 'Logs'.
e: file:///Users/HONGBGU/Documents/seadroid/app/src/main/java/com/seafile/seadroid2/provider/SeafileProvider.kt:1346:13 Unresolved reference 'Logs'.
e: file:///Users/HONGBGU/Documents/seadroid/app/src/main/java/com/seafile/seadroid2/provider/SeafileProvider.kt:1347:13 Unresolved reference 'Logs'.
e: file:///Users/HONGBGU/Documents/seadroid/app/src/main/java/com/seafile/seadroid2/provider/SeafileProvider.kt:1358:93 Unresolved reference 'RepoModel'.
e: file:///Users/HONGBGU/Documents/seadroid/app/src/main/java/com/seafile/seadroid2/provider/SeafileProvider.kt:1360:62 Unresolved reference 'RepoModel'.
e: file:///Users/HONGBGU/Documents/seadroid/app/src/main/java/com/seafile/seadroid2/provider/SeafileProvider.kt:1361:38 Unresolved reference 'RepoModel'.
e: file:///Users/HONGBGU/Documents/seadroid/app/src/main/java/com/seafile/seadroid2/provider/SeafileProvider.kt:1362:37 Return type of 'get' is not a subtype of the return type of the overridden member 'fun get(): MutableList<ERROR CLASS: Symbol not found for RepoModel?>?'.
e: file:///Users/HONGBGU/Documents/seadroid/app/src/main/java/com/seafile/seadroid2/provider/SeafileProvider.kt:1362:49 Unresolved reference 'RepoModel'.
e: file:///Users/HONGBGU/Documents/seadroid/app/src/main/java/com/seafile/seadroid2/provider/SeafileProvider.kt:1363:28 Unresolved reference 'AppDatabase'.
e: file:///Users/HONGBGU/Documents/seadroid/app/src/main/java/com/seafile/seadroid2/provider/SeafileProvider.kt:1368:13 Unresolved reference 'Logs'.
e: file:///Users/HONGBGU/Documents/seadroid/app/src/main/java/com/seafile/seadroid2/provider/SeafileProvider.kt:1369:13 Unresolved reference 'Logs'.
e: file:///Users/HONGBGU/Documents/seadroid/app/src/main/java/com/seafile/seadroid2/provider/SeafileProvider.kt:1372:13 Unresolved reference 'Logs'.
e: file:///Users/HONGBGU/Documents/seadroid/app/src/main/java/com/seafile/seadroid2/provider/SeafileProvider.kt:1373:13 Unresolved reference 'Logs'.
e: file:///Users/HONGBGU/Documents/seadroid/app/src/main/java/com/seafile/seadroid2/provider/SeafileProvider.kt:1391:17 Unresolved reference 'MatrixCursor'.
e: file:///Users/HONGBGU/Documents/seadroid/app/src/main/java/com/seafile/seadroid2/provider/SeafileProvider.kt:1393:16 Unresolved reference 'setNotificationUri'.
e: file:///Users/HONGBGU/Documents/seadroid/app/src/main/java/com/seafile/seadroid2/provider/SeafileProvider.kt:1393:35 Unresolved reference 'getContext'.
e: file:///Users/HONGBGU/Documents/seadroid/app/src/main/java/com/seafile/seadroid2/provider/SeafileProvider.kt:1395:30 Unresolved reference 'DocumentsContract'.
e: file:///Users/HONGBGU/Documents/seadroid/app/src/main/java/com/seafile/seadroid2/provider/SeafileProvider.kt:1396:9 Unresolved reference 'Logs'.
e: file:///Users/HONGBGU/Documents/seadroid/app/src/main/java/com/seafile/seadroid2/provider/SeafileProvider.kt:1398:27 Unresolved reference 'Single'.
e: file:///Users/HONGBGU/Documents/seadroid/app/src/main/java/com/seafile/seadroid2/provider/SeafileProvider.kt:1398:46 Unresolved reference 'BaseModel'.
e: file:///Users/HONGBGU/Documents/seadroid/app/src/main/java/com/seafile/seadroid2/provider/SeafileProvider.kt:1398:62 Unresolved reference 'Objs'.
e: file:///Users/HONGBGU/Documents/seadroid/app/src/main/java/com/seafile/seadroid2/provider/SeafileProvider.kt:1399:25 Unresolved reference 'Disposable'.
e: file:///Users/HONGBGU/Documents/seadroid/app/src/main/java/com/seafile/seadroid2/provider/SeafileProvider.kt:1399:51 Unresolved reference 'subscribeOn'.
e: file:///Users/HONGBGU/Documents/seadroid/app/src/main/java/com/seafile/seadroid2/provider/SeafileProvider.kt:1400:24 Unresolved reference 'AndroidSchedulers'.
e: file:///Users/HONGBGU/Documents/seadroid/app/src/main/java/com/seafile/seadroid2/provider/SeafileProvider.kt:1401:24 Class '<anonymous>' is not abstract and does not implement abstract member 'accept'.
e: file:///Users/HONGBGU/Documents/seadroid/app/src/main/java/com/seafile/seadroid2/provider/SeafileProvider.kt:1401:54 Unresolved reference 'BaseModel'.
e: file:///Users/HONGBGU/Documents/seadroid/app/src/main/java/com/seafile/seadroid2/provider/SeafileProvider.kt:1402:17 'accept' overrides nothing.
e: file:///Users/HONGBGU/Documents/seadroid/app/src/main/java/com/seafile/seadroid2/provider/SeafileProvider.kt:1402:61 Unresolved reference 'BaseModel'.
e: file:///Users/HONGBGU/Documents/seadroid/app/src/main/java/com/seafile/seadroid2/provider/SeafileProvider.kt:1403:21 Unresolved reference 'Logs'.
e: file:///Users/HONGBGU/Documents/seadroid/app/src/main/java/com/seafile/seadroid2/provider/SeafileProvider.kt:1404:21 Unresolved reference 'SeadroidApplication'.
e: file:///Users/HONGBGU/Documents/seadroid/app/src/main/java/com/seafile/seadroid2/provider/SeafileProvider.kt:1409:21 Unresolved reference 'Logs'.
e: file:///Users/HONGBGU/Documents/seadroid/app/src/main/java/com/seafile/seadroid2/provider/SeafileProvider.kt:1410:21 Unresolved reference 'Logs'.
e: file:///Users/HONGBGU/Documents/seadroid/app/src/main/java/com/seafile/seadroid2/provider/SeafileProvider.kt:1414:29 Unresolved reference 'add'.
e: file:///Users/HONGBGU/Documents/seadroid/app/src/main/java/com/seafile/seadroid2/provider/SeafileProvider.kt:1419:9 Unresolved reference 'Logs'.
e: file:///Users/HONGBGU/Documents/seadroid/app/src/main/java/com/seafile/seadroid2/provider/SeafileProvider.kt:1420:9 Unresolved reference 'getContext'.
e: file:///Users/HONGBGU/Documents/seadroid/app/src/main/java/com/seafile/seadroid2/provider/SeafileProvider.kt:1423:38 Unresolved reference 'CompositeDisposable'.
e: file:///Users/HONGBGU/Documents/seadroid/app/src/main/java/com/seafile/seadroid2/provider/SeafileProvider.kt:1423:60 Unresolved reference 'CompositeDisposable'.
e: file:///Users/HONGBGU/Documents/seadroid/app/src/main/java/com/seafile/seadroid2/provider/SeafileProvider.kt:1425:5 'shutdown' overrides nothing.
e: file:///Users/HONGBGU/Documents/seadroid/app/src/main/java/com/seafile/seadroid2/provider/SeafileProvider.kt:1426:9 Unresolved reference 'DocumentsProvider'.
e: file:///Users/HONGBGU/Documents/seadroid/app/src/main/java/com/seafile/seadroid2/provider/SeafileProvider.kt:1426:15 Unresolved reference 'shutdown'.
e: file:///Users/HONGBGU/Documents/seadroid/app/src/main/java/com/seafile/seadroid2/provider/SeafileProvider.kt:1432:34 Unresolved reference 'isDisposed'.
e: file:///Users/HONGBGU/Documents/seadroid/app/src/main/java/com/seafile/seadroid2/provider/SeafileProvider.kt:1446:20 One type argument expected for class 'Array'.
e: file:///Users/HONGBGU/Documents/seadroid/app/src/main/java/com/seafile/seadroid2/provider/SeafileProvider.kt:1455:29 Method 'iterator()' is ambiguous for this expression. Applicable candidates:
fun <T> Enumeration<T>.iterator(): Iterator<T>
@InlineOnly() fun <T> Iterator<T>.iterator(): Iterator<T>
@InlineOnly() fun <K, V> Map<out K, V>.iterator(): Iterator<Map.Entry<K, V>>
@JvmName(...) @InlineOnly() fun <K, V> MutableMap<K, V>.iterator(): MutableIterator<MutableMap.MutableEntry<K, V>>
fun CharSequence.iterator(): CharIterator
fun BufferedInputStream.iterator(): ByteIterator
e: file:///Users/HONGBGU/Documents/seadroid/app/src/main/java/com/seafile/seadroid2/provider/SeafileProvider.kt:1470:37 Unresolved reference 'DocumentsContract'.
e: file:///Users/HONGBGU/Documents/seadroid/app/src/main/java/com/seafile/seadroid2/provider/SeafileProvider.kt:1472:65 Initializer type mismatch: expected 'kotlin.Array<kotlin.String?>', actual 'kotlin.Array<kotlin.String>'.
e: file:///Users/HONGBGU/Documents/seadroid/app/src/main/java/com/seafile/seadroid2/provider/SeafileProvider.kt:1473:13 Unresolved reference 'DocumentsContract'.
e: file:///Users/HONGBGU/Documents/seadroid/app/src/main/java/com/seafile/seadroid2/provider/SeafileProvider.kt:1474:13 Unresolved reference 'DocumentsContract'.
e: file:///Users/HONGBGU/Documents/seadroid/app/src/main/java/com/seafile/seadroid2/provider/SeafileProvider.kt:1475:13 Unresolved reference 'DocumentsContract'.
e: file:///Users/HONGBGU/Documents/seadroid/app/src/main/java/com/seafile/seadroid2/provider/SeafileProvider.kt:1476:13 Unresolved reference 'DocumentsContract'.
e: file:///Users/HONGBGU/Documents/seadroid/app/src/main/java/com/seafile/seadroid2/provider/SeafileProvider.kt:1477:13 Unresolved reference 'DocumentsContract'.
e: file:///Users/HONGBGU/Documents/seadroid/app/src/main/java/com/seafile/seadroid2/provider/SeafileProvider.kt:1478:13 Unresolved reference 'DocumentsContract'.
e: file:///Users/HONGBGU/Documents/seadroid/app/src/main/java/com/seafile/seadroid2/provider/SeafileProvider.kt:1481:69 Initializer type mismatch: expected 'kotlin.Array<kotlin.String?>', actual 'kotlin.Array<kotlin.String>'.
e: file:///Users/HONGBGU/Documents/seadroid/app/src/main/java/com/seafile/seadroid2/provider/SeafileProvider.kt:1482:13 Unresolved reference 'DocumentsContract'.
e: file:///Users/HONGBGU/Documents/seadroid/app/src/main/java/com/seafile/seadroid2/provider/SeafileProvider.kt:1483:13 Unresolved reference 'DocumentsContract'.
e: file:///Users/HONGBGU/Documents/seadroid/app/src/main/java/com/seafile/seadroid2/provider/SeafileProvider.kt:1484:13 Unresolved reference 'DocumentsContract'.
e: file:///Users/HONGBGU/Documents/seadroid/app/src/main/java/com/seafile/seadroid2/provider/SeafileProvider.kt:1485:13 Unresolved reference 'DocumentsContract'.
e: file:///Users/HONGBGU/Documents/seadroid/app/src/main/java/com/seafile/seadroid2/provider/SeafileProvider.kt:1486:13 Unresolved reference 'DocumentsContract'.
e: file:///Users/HONGBGU/Documents/seadroid/app/src/main/java/com/seafile/seadroid2/provider/SeafileProvider.kt:1487:13 Unresolved reference 'DocumentsContract'.
e: file:///Users/HONGBGU/Documents/seadroid/app/src/main/java/com/seafile/seadroid2/provider/SeafileProvider.kt:1488:13 Unresolved reference 'DocumentsContract'.
e: file:///Users/HONGBGU/Documents/seadroid/app/src/main/java/com/seafile/seadroid2/provider/SeafileProvider.kt:1489:13 Unresolved reference 'DocumentsContract'.
e: file:///Users/HONGBGU/Documents/seadroid/app/src/main/java/com/seafile/seadroid2/provider/SeafileProvider.kt:1497:67 Unresolved reference 'MatrixCursor'.
e: file:///Users/HONGBGU/Documents/seadroid/app/src/main/java/com/seafile/seadroid2/provider/SeafileProvider.kt:1498:20 Unresolved reference 'MatrixCursor'.
e: file:///Users/HONGBGU/Documents/seadroid/app/src/main/java/com/seafile/seadroid2/ssl/CertsManager.kt:20:49 Only safe (?.) or non-null asserted (!!.) calls are allowed on a nullable receiver of type 'com.seafile.seadroid2.ssl.SSLTrustManager?'.
e: file:///Users/HONGBGU/Documents/seadroid/app/src/main/java/com/seafile/seadroid2/ssl/SSLSeafileSocketFactory.kt:29:33 One type argument expected for class 'Array'.
e: file:///Users/HONGBGU/Documents/seadroid/app/src/main/java/com/seafile/seadroid2/ssl/SSLSeafileSocketFactory.kt:30:35 One type argument expected for class 'Array'.
e: file:///Users/HONGBGU/Documents/seadroid/app/src/main/java/com/seafile/seadroid2/ssl/SSLSeafileSocketFactory.kt:116:20 Return type mismatch: expected 'kotlin.Array<kotlin.String?>', actual 'kotlin.Array<kotlin.String>'.
e: file:///Users/HONGBGU/Documents/seadroid/app/src/main/java/com/seafile/seadroid2/ssl/SSLSeafileSocketFactory.kt:118:20 Return type mismatch: expected 'kotlin.Array<kotlin.String?>', actual 'kotlin.Array<kotlin.String>'.
e: file:///Users/HONGBGU/Documents/seadroid/app/src/main/java/com/seafile/seadroid2/ssl/SSLSeafileSocketFactory.kt:120:20 Return type mismatch: expected 'kotlin.Array<kotlin.String?>', actual 'kotlin.Array<kotlin.String>'.
e: file:///Users/HONGBGU/Documents/seadroid/app/src/main/java/com/seafile/seadroid2/ssl/SSLSeafileSocketFactory.kt:132:32 Assignment type mismatch: actual type is 'kotlin.Array<kotlin.String>', but 'kotlin.Array<kotlin.String?>?' was expected.
e: file:///Users/HONGBGU/Documents/seadroid/app/src/main/java/com/seafile/seadroid2/ssl/SSLSeafileSocketFactory.kt:141:32 Assignment type mismatch: actual type is 'kotlin.Array<kotlin.String>', but 'kotlin.Array<kotlin.String?>?' was expected.
e: file:///Users/HONGBGU/Documents/seadroid/app/src/main/java/com/seafile/seadroid2/ssl/SSLTrustManager.kt:68:16 Return type mismatch: expected 'kotlin.Array<javax.net.ssl.TrustManager?>', actual 'kotlin.Array<javax.net.ssl.TrustManager>'.
e: file:///Users/HONGBGU/Documents/seadroid/app/src/main/java/com/seafile/seadroid2/ssl/SSLTrustManager.kt:136:51 Initializer type mismatch: expected 'kotlin.collections.MutableList<java.security.cert.X509Certificate>', actual 'java.util.ArrayList<java.security.cert.X509Certificate?>!'.
e: file:///Users/HONGBGU/Documents/seadroid/app/src/main/java/com/seafile/seadroid2/ssl/SSLTrustManager.kt:140:54 Initializer type mismatch: expected 'java.util.LinkedList<java.security.cert.X509Certificate>', actual 'java.util.LinkedList<java.security.cert.X509Certificate?>!'.
e: file:///Users/HONGBGU/Documents/seadroid/app/src/main/java/com/seafile/seadroid2/ui/SplashActivity.kt:17:61 Cannot import 'equals'. Functions and properties can only be imported from packages or objects.
e: file:///Users/HONGBGU/Documents/seadroid/app/src/main/java/com/seafile/seadroid2/ui/SplashActivity.kt:18:65 Cannot import 'equals'. Functions and properties can only be imported from packages or objects.
e: file:///Users/HONGBGU/Documents/seadroid/app/src/main/java/com/seafile/seadroid2/ui/SplashActivity.kt:38:42 Unresolved reference 'installSplashScreen'.
e: file:///Users/HONGBGU/Documents/seadroid/app/src/main/java/com/seafile/seadroid2/ui/SplashActivity.kt:69:40 Smart cast to 'com.seafile.seadroid2.preferences.SettingsLiveData<com.seafile.seadroid2.enums.NightMode?>' is impossible, because 'NIGHT_MODE' is a mutable property that could be mutated concurrently.
e: file:///Users/HONGBGU/Documents/seadroid/app/src/main/java/com/seafile/seadroid2/ui/SplashActivity.kt:69:40 Initializer type mismatch: expected 'com.seafile.seadroid2.enums.NightMode', actual 'com.seafile.seadroid2.enums.NightMode?'.
e: file:///Users/HONGBGU/Documents/seadroid/app/src/main/java/com/seafile/seadroid2/ui/SplashActivity.kt:83:81 Only safe (?.) or non-null asserted (!!.) calls are allowed on a nullable receiver of type 'com.seafile.seadroid2.account.SupportAccountManager?'.
e: file:///Users/HONGBGU/Documents/seadroid/app/src/main/java/com/seafile/seadroid2/ui/WidgetUtils.kt:3:20 Conflicting import: imported name 'Uri' is ambiguous.
e: file:///Users/HONGBGU/Documents/seadroid/app/src/main/java/com/seafile/seadroid2/ui/WidgetUtils.kt:4:58 Conflicting import: imported name 'NotificationUtils' is ambiguous.
e: file:///Users/HONGBGU/Documents/seadroid/app/src/main/java/com/seafile/seadroid2/ui/WidgetUtils.kt:6:20 Conflicting import: imported name 'Uri' is ambiguous.
e: file:///Users/HONGBGU/Documents/seadroid/app/src/main/java/com/seafile/seadroid2/ui/WidgetUtils.kt:9:58 Conflicting import: imported name 'NotificationUtils' is ambiguous.
e: file:///Users/HONGBGU/Documents/seadroid/app/src/main/java/com/seafile/seadroid2/ui/WidgetUtils.kt:19:33 Unresolved reference 'Intent'.
e: file:///Users/HONGBGU/Documents/seadroid/app/src/main/java/com/seafile/seadroid2/ui/WidgetUtils.kt:19:54 Unresolved reference 'ResolveInfo'.
e: file:///Users/HONGBGU/Documents/seadroid/app/src/main/java/com/seafile/seadroid2/ui/WidgetUtils.kt:20:17 Unresolved reference 'PackageManager'.
e: file:///Users/HONGBGU/Documents/seadroid/app/src/main/java/com/seafile/seadroid2/ui/WidgetUtils.kt:20:34 Unresolved reference 'SeadroidApplication'.
e: file:///Users/HONGBGU/Documents/seadroid/app/src/main/java/com/seafile/seadroid2/ui/WidgetUtils.kt:21:32 Unresolved reference 'ResolveInfo'.
e: file:///Users/HONGBGU/Documents/seadroid/app/src/main/java/com/seafile/seadroid2/ui/WidgetUtils.kt:21:51 Unresolved reference 'queryIntentActivities'.
e: file:///Users/HONGBGU/Documents/seadroid/app/src/main/java/com/seafile/seadroid2/ui/WidgetUtils.kt:24:44 Unresolved reference 'SeadroidApplication'.
e: file:///Users/HONGBGU/Documents/seadroid/app/src/main/java/com/seafile/seadroid2/ui/WidgetUtils.kt:25:19 Unresolved reference 'ResolveInfo'.
e: file:///Users/HONGBGU/Documents/seadroid/app/src/main/java/com/seafile/seadroid2/ui/WidgetUtils.kt:26:35 Unresolved reference 'ResolveInfo'.
e: file:///Users/HONGBGU/Documents/seadroid/app/src/main/java/com/seafile/seadroid2/ui/WidgetUtils.kt:29:22 Unresolved reference 'activityInfo'.
e: file:///Users/HONGBGU/Documents/seadroid/app/src/main/java/com/seafile/seadroid2/ui/WidgetUtils.kt:39:28 Unresolved reference 'MimeTypeMap'.
e: file:///Users/HONGBGU/Documents/seadroid/app/src/main/java/com/seafile/seadroid2/ui/WidgetUtils.kt:41:13 Unresolved reference 'TextUtils'.
e: file:///Users/HONGBGU/Documents/seadroid/app/src/main/java/com/seafile/seadroid2/ui/WidgetUtils.kt:46:43 Unresolved reference 'BaseActivity'.
e: file:///Users/HONGBGU/Documents/seadroid/app/src/main/java/com/seafile/seadroid2/ui/WidgetUtils.kt:50:25 Unresolved reference 'Intent'.
e: file:///Users/HONGBGU/Documents/seadroid/app/src/main/java/com/seafile/seadroid2/ui/WidgetUtils.kt:50:34 Unresolved reference 'Intent'.
e: file:///Users/HONGBGU/Documents/seadroid/app/src/main/java/com/seafile/seadroid2/ui/WidgetUtils.kt:50:41 Unresolved reference 'Intent'.
e: file:///Users/HONGBGU/Documents/seadroid/app/src/main/java/com/seafile/seadroid2/ui/WidgetUtils.kt:51:20 Unresolved reference 'addFlags'.
e: file:///Users/HONGBGU/Documents/seadroid/app/src/main/java/com/seafile/seadroid2/ui/WidgetUtils.kt:51:29 Unresolved reference 'Intent'.
e: file:///Users/HONGBGU/Documents/seadroid/app/src/main/java/com/seafile/seadroid2/ui/WidgetUtils.kt:54:13 Unresolved reference 'FileProvider'.
e: file:///Users/HONGBGU/Documents/seadroid/app/src/main/java/com/seafile/seadroid2/ui/WidgetUtils.kt:55:20 Unresolved reference 'setDataAndType'.
e: file:///Users/HONGBGU/Documents/seadroid/app/src/main/java/com/seafile/seadroid2/ui/WidgetUtils.kt:56:20 Unresolved reference 'addFlags'.
e: file:///Users/HONGBGU/Documents/seadroid/app/src/main/java/com/seafile/seadroid2/ui/WidgetUtils.kt:56:29 Unresolved reference 'Intent'.
e: file:///Users/HONGBGU/Documents/seadroid/app/src/main/java/com/seafile/seadroid2/ui/WidgetUtils.kt:56:70 Unresolved reference 'Intent'.
e: file:///Users/HONGBGU/Documents/seadroid/app/src/main/java/com/seafile/seadroid2/ui/WidgetUtils.kt:56:112 Unresolved reference 'Intent'.
e: file:///Users/HONGBGU/Documents/seadroid/app/src/main/java/com/seafile/seadroid2/ui/WidgetUtils.kt:61:17 Unresolved reference 'TextUtils'.
e: file:///Users/HONGBGU/Documents/seadroid/app/src/main/java/com/seafile/seadroid2/ui/WidgetUtils.kt:65:35 Unresolved reference 'R'.
e: file:///Users/HONGBGU/Documents/seadroid/app/src/main/java/com/seafile/seadroid2/ui/WidgetUtils.kt:68:13 Unresolved reference 'Toasts'.
e: file:///Users/HONGBGU/Documents/seadroid/app/src/main/java/com/seafile/seadroid2/ui/WidgetUtils.kt:73:21 Unresolved reference 'Intent'.
e: file:///Users/HONGBGU/Documents/seadroid/app/src/main/java/com/seafile/seadroid2/ui/WidgetUtils.kt:73:30 Unresolved reference 'Intent'.
e: file:///Users/HONGBGU/Documents/seadroid/app/src/main/java/com/seafile/seadroid2/ui/WidgetUtils.kt:73:37 Unresolved reference 'Intent'.
e: file:///Users/HONGBGU/Documents/seadroid/app/src/main/java/com/seafile/seadroid2/ui/WidgetUtils.kt:74:16 Unresolved reference 'addFlags'.
e: file:///Users/HONGBGU/Documents/seadroid/app/src/main/java/com/seafile/seadroid2/ui/WidgetUtils.kt:74:25 Unresolved reference 'Intent'.
e: file:///Users/HONGBGU/Documents/seadroid/app/src/main/java/com/seafile/seadroid2/ui/WidgetUtils.kt:75:16 Unresolved reference 'setData'.
e: file:///Users/HONGBGU/Documents/seadroid/app/src/main/java/com/seafile/seadroid2/ui/WidgetUtils.kt:81:13 Unresolved reference 'Toasts'.
e: file:///Users/HONGBGU/Documents/seadroid/app/src/main/java/com/seafile/seadroid2/ui/WidgetUtils.kt:81:25 Unresolved reference 'R'.
e: file:///Users/HONGBGU/Documents/seadroid/app/src/main/java/com/seafile/seadroid2/ui/WidgetUtils.kt:85:53 Unresolved reference 'Intent'.
e: file:///Users/HONGBGU/Documents/seadroid/app/src/main/java/com/seafile/seadroid2/ui/WidgetUtils.kt:86:13 Unresolved reference 'Build'.
e: file:///Users/HONGBGU/Documents/seadroid/app/src/main/java/com/seafile/seadroid2/ui/WidgetUtils.kt:90:17 Unresolved reference 'PackageManager'.
e: file:///Users/HONGBGU/Documents/seadroid/app/src/main/java/com/seafile/seadroid2/ui/WidgetUtils.kt:91:31 Unresolved reference 'ResolveInfo'.
e: file:///Users/HONGBGU/Documents/seadroid/app/src/main/java/com/seafile/seadroid2/ui/WidgetUtils.kt:92:16 Unresolved reference 'queryIntentActivities'.
e: file:///Users/HONGBGU/Documents/seadroid/app/src/main/java/com/seafile/seadroid2/ui/WidgetUtils.kt:92:46 Unresolved reference 'PackageManager'.
e: file:///Users/HONGBGU/Documents/seadroid/app/src/main/java/com/seafile/seadroid2/ui/WidgetUtils.kt:96:46 Unresolved reference 'BaseActivity'.
e: file:///Users/HONGBGU/Documents/seadroid/app/src/main/java/com/seafile/seadroid2/ui/WidgetUtils.kt:97:22 Unresolved reference 'NotificationManager'.
e: file:///Users/HONGBGU/Documents/seadroid/app/src/main/java/com/seafile/seadroid2/ui/WidgetUtils.kt:98:22 Unresolved reference 'getSystemService'.
e: file:///Users/HONGBGU/Documents/seadroid/app/src/main/java/com/seafile/seadroid2/ui/WidgetUtils.kt:98:72 Unresolved reference 'NotificationManager'.
e: file:///Users/HONGBGU/Documents/seadroid/app/src/main/java/com/seafile/seadroid2/ui/WidgetUtils.kt:99:22 Unresolved reference 'NotificationChannel'.
e: file:///Users/HONGBGU/Documents/seadroid/app/src/main/java/com/seafile/seadroid2/ui/WidgetUtils.kt:99:44 Unresolved reference 'NotificationChannel'.
e: file:///Users/HONGBGU/Documents/seadroid/app/src/main/java/com/seafile/seadroid2/ui/WidgetUtils.kt:102:13 Unresolved reference 'NotificationManager'.
e: file:///Users/HONGBGU/Documents/seadroid/app/src/main/java/com/seafile/seadroid2/ui/WidgetUtils.kt:104:17 Unresolved reference 'createNotificationChannel'.
e: file:///Users/HONGBGU/Documents/seadroid/app/src/main/java/com/seafile/seadroid2/ui/WidgetUtils.kt:107:34 Unresolved reference 'NotificationCompat'.
e: file:///Users/HONGBGU/Documents/seadroid/app/src/main/java/com/seafile/seadroid2/ui/WidgetUtils.kt:108:13 Unresolved reference 'NotificationCompat'.
e: file:///Users/HONGBGU/Documents/seadroid/app/src/main/java/com/seafile/seadroid2/ui/WidgetUtils.kt:109:43 Unresolved reference 'getString'.
e: file:///Users/HONGBGU/Documents/seadroid/app/src/main/java/com/seafile/seadroid2/ui/WidgetUtils.kt:109:53 Unresolved reference 'R'.
e: file:///Users/HONGBGU/Documents/seadroid/app/src/main/java/com/seafile/seadroid2/ui/WidgetUtils.kt:110:31 Unresolved reference 'R'.
e: file:///Users/HONGBGU/Documents/seadroid/app/src/main/java/com/seafile/seadroid2/ui/WidgetUtils.kt:113:17 Unresolved reference 'notify'.
e: file:///Users/HONGBGU/Documents/seadroid/app/src/main/java/com/seafile/seadroid2/ui/WidgetUtils.kt:113:76 Unresolved reference 'build'.
e: file:///Users/HONGBGU/Documents/seadroid/app/src/main/java/com/seafile/seadroid2/ui/WidgetUtils.kt:116:17 Unresolved reference 'Build'.
e: file:///Users/HONGBGU/Documents/seadroid/app/src/main/java/com/seafile/seadroid2/ui/WidgetUtils.kt:116:42 Unresolved reference 'Build'.
e: file:///Users/HONGBGU/Documents/seadroid/app/src/main/java/com/seafile/seadroid2/ui/WidgetUtils.kt:117:38 Unresolved reference 'ContentResolver'.
e: file:///Users/HONGBGU/Documents/seadroid/app/src/main/java/com/seafile/seadroid2/ui/WidgetUtils.kt:117:65 Unresolved reference 'getContentResolver'.
e: file:///Users/HONGBGU/Documents/seadroid/app/src/main/java/com/seafile/seadroid2/ui/WidgetUtils.kt:118:17 Unresolved reference 'FileExports'.
e: file:///Users/HONGBGU/Documents/seadroid/app/src/main/java/com/seafile/seadroid2/ui/WidgetUtils.kt:129:21 Unresolved reference 'Intent'.
e: file:///Users/HONGBGU/Documents/seadroid/app/src/main/java/com/seafile/seadroid2/ui/WidgetUtils.kt:129:30 Unresolved reference 'Intent'.
e: file:///Users/HONGBGU/Documents/seadroid/app/src/main/java/com/seafile/seadroid2/ui/WidgetUtils.kt:129:37 Unresolved reference 'DownloadManager'.
e: file:///Users/HONGBGU/Documents/seadroid/app/src/main/java/com/seafile/seadroid2/ui/WidgetUtils.kt:130:16 Unresolved reference 'addFlags'.
e: file:///Users/HONGBGU/Documents/seadroid/app/src/main/java/com/seafile/seadroid2/ui/WidgetUtils.kt:130:25 Unresolved reference 'Intent'.
e: file:///Users/HONGBGU/Documents/seadroid/app/src/main/java/com/seafile/seadroid2/ui/WidgetUtils.kt:133:28 Unresolved reference 'PendingIntent'.
e: file:///Users/HONGBGU/Documents/seadroid/app/src/main/java/com/seafile/seadroid2/ui/WidgetUtils.kt:133:45 Unresolved reference 'PendingIntent'.
e: file:///Users/HONGBGU/Documents/seadroid/app/src/main/java/com/seafile/seadroid2/ui/WidgetUtils.kt:137:13 Unresolved reference 'PendingIntent'.
e: file:///Users/HONGBGU/Documents/seadroid/app/src/main/java/com/seafile/seadroid2/ui/WidgetUtils.kt:137:50 Unresolved reference 'PendingIntent'.
e: file:///Users/HONGBGU/Documents/seadroid/app/src/main/java/com/seafile/seadroid2/ui/WidgetUtils.kt:139:29 Unresolved reference 'setContentTitle'.
e: file:///Users/HONGBGU/Documents/seadroid/app/src/main/java/com/seafile/seadroid2/ui/WidgetUtils.kt:139:77 Unresolved reference 'getString'.
e: file:///Users/HONGBGU/Documents/seadroid/app/src/main/java/com/seafile/seadroid2/ui/WidgetUtils.kt:139:87 Unresolved reference 'R'.
e: file:///Users/HONGBGU/Documents/seadroid/app/src/main/java/com/seafile/seadroid2/ui/WidgetUtils.kt:141:24 Unresolved reference 'R'.
e: file:///Users/HONGBGU/Documents/seadroid/app/src/main/java/com/seafile/seadroid2/ui/WidgetUtils.kt:141:57 Unresolved reference 'getString'.
e: file:///Users/HONGBGU/Documents/seadroid/app/src/main/java/com/seafile/seadroid2/ui/WidgetUtils.kt:141:67 Unresolved reference 'R'.
e: file:///Users/HONGBGU/Documents/seadroid/app/src/main/java/com/seafile/seadroid2/ui/WidgetUtils.kt:143:17 Unresolved reference 'notify'.
e: file:///Users/HONGBGU/Documents/seadroid/app/src/main/java/com/seafile/seadroid2/ui/WidgetUtils.kt:143:76 Unresolved reference 'build'.
e: file:///Users/HONGBGU/Documents/seadroid/app/src/main/java/com/seafile/seadroid2/ui/WidgetUtils.kt:148:16 Unresolved reference 'SeadroidApplication'.
e: file:///Users/HONGBGU/Documents/seadroid/app/src/main/java/com/seafile/seadroid2/ui/WidgetUtils.kt:148:75 Unresolved reference 'R'.
e: file:///Users/HONGBGU/Documents/seadroid/app/src/main/java/com/seafile/seadroid2/ui/account/AccountDetailActivity.kt:115:16 Only safe (?.) or non-null asserted (!!.) calls are allowed on a nullable receiver of type 'androidx.appcompat.widget.Toolbar?'.
e: file:///Users/HONGBGU/Documents/seadroid/app/src/main/java/com/seafile/seadroid2/ui/account/AccountDetailActivity.kt:129:47 Unresolved reference 'observe'.
e: file:///Users/HONGBGU/Documents/seadroid/app/src/main/java/com/seafile/seadroid2/ui/account/AccountDetailActivity.kt:129:61 Class '<anonymous>' is not abstract and does not implement abstract member 'onChanged'.
e: file:///Users/HONGBGU/Documents/seadroid/app/src/main/java/com/seafile/seadroid2/ui/account/AccountDetailActivity.kt:130:13 'onChanged' overrides nothing.
e: file:///Users/HONGBGU/Documents/seadroid/app/src/main/java/com/seafile/seadroid2/ui/account/AccountDetailActivity.kt:141:13 Class '<anonymous>' is not abstract and does not implement abstract member 'onChanged'.
e: file:///Users/HONGBGU/Documents/seadroid/app/src/main/java/com/seafile/seadroid2/ui/account/AccountDetailActivity.kt:142:17 'onChanged' overrides nothing.
e: file:///Users/HONGBGU/Documents/seadroid/app/src/main/java/com/seafile/seadroid2/ui/account/AccountDetailActivity.kt:148:28 Class '<anonymous>' is not abstract and does not implement abstract member 'onChanged'.
e: file:///Users/HONGBGU/Documents/seadroid/app/src/main/java/com/seafile/seadroid2/ui/account/AccountDetailActivity.kt:149:17 'onChanged' overrides nothing.
e: file:///Users/HONGBGU/Documents/seadroid/app/src/main/java/com/seafile/seadroid2/ui/account/AccountDetailActivity.kt:204:17 Argument type mismatch: actual type is 'com.seafile.seadroid2.account.Account?', but 'com.seafile.seadroid2.account.Account' was expected.
e: file:///Users/HONGBGU/Documents/seadroid/app/src/main/java/com/seafile/seadroid2/ui/account/AccountDetailActivity.kt:208:49 Argument type mismatch: actual type is 'com.seafile.seadroid2.account.Account?', but 'com.seafile.seadroid2.account.Account' was expected.
e: file:///Users/HONGBGU/Documents/seadroid/app/src/main/java/com/seafile/seadroid2/ui/account/AccountViewModel.kt:53:30 None of the following candidates is applicable:
@SinceKotlin(...) @InlineOnly() fun <V> KMutableProperty0<V>.setValue(thisRef: Any?, property: KProperty<*>, value: V): Unit
@SinceKotlin(...) @InlineOnly() fun <T, V> KMutableProperty1<T, V>.setValue(thisRef: T, property: KProperty<*>, value: V): Unit
@InlineOnly() fun <V> MutableMap<in String, in V>.setValue(thisRef: Any?, property: KProperty<*>, value: V): Unit
e: file:///Users/HONGBGU/Documents/seadroid/app/src/main/java/com/seafile/seadroid2/ui/account/AccountViewModel.kt:56:44 Initializer type mismatch: expected 'io.reactivex.Single<com.seafile.seadroid2.account.AccountInfo?>', actual 'io.reactivex.Single<com.seafile.seadroid2.account.AccountInfo?>?'.
e: file:///Users/HONGBGU/Documents/seadroid/app/src/main/java/com/seafile/seadroid2/ui/account/AccountViewModel.kt:57:13 Only safe (?.) or non-null asserted (!!.) calls are allowed on a nullable receiver of type 'com.seafile.seadroid2.framework.http.HttpIO?'.
e: file:///Users/HONGBGU/Documents/seadroid/app/src/main/java/com/seafile/seadroid2/ui/account/AccountViewModel.kt:57:39 Argument type mismatch: actual type is 'java.lang.Class<com.seafile.seadroid2.ui.account.AccountService>', but 'java.lang.Class<T?>' was expected.
e: file:///Users/HONGBGU/Documents/seadroid/app/src/main/java/com/seafile/seadroid2/ui/account/AccountViewModel.kt:57:66 Only safe (?.) or non-null asserted (!!.) calls are allowed on a nullable receiver of type 'com.seafile.seadroid2.ui.account.AccountService?'.
e: file:///Users/HONGBGU/Documents/seadroid/app/src/main/java/com/seafile/seadroid2/ui/account/AccountViewModel.kt:58:38 Class '<anonymous>' is not abstract and does not implement abstract member 'accept'.
e: file:///Users/HONGBGU/Documents/seadroid/app/src/main/java/com/seafile/seadroid2/ui/account/AccountViewModel.kt:60:13 'accept' overrides nothing.
e: file:///Users/HONGBGU/Documents/seadroid/app/src/main/java/com/seafile/seadroid2/ui/account/AccountViewModel.kt:71:38 None of the following candidates is applicable:
@SinceKotlin(...) @InlineOnly() fun <V> KMutableProperty0<V>.setValue(thisRef: Any?, property: KProperty<*>, value: V): Unit
@SinceKotlin(...) @InlineOnly() fun <T, V> KMutableProperty1<T, V>.setValue(thisRef: T, property: KProperty<*>, value: V): Unit
@InlineOnly() fun <V> MutableMap<in String, in V>.setValue(thisRef: Any?, property: KProperty<*>, value: V): Unit
e: file:///Users/HONGBGU/Documents/seadroid/app/src/main/java/com/seafile/seadroid2/ui/account/AccountViewModel.kt:85:30 None of the following candidates is applicable:
@SinceKotlin(...) @InlineOnly() fun <V> KMutableProperty0<V>.setValue(thisRef: Any?, property: KProperty<*>, value: V): Unit
@SinceKotlin(...) @InlineOnly() fun <T, V> KMutableProperty1<T, V>.setValue(thisRef: T, property: KProperty<*>, value: V): Unit
@InlineOnly() fun <V> MutableMap<in String, in V>.setValue(thisRef: Any?, property: KProperty<*>, value: V): Unit
e: file:///Users/HONGBGU/Documents/seadroid/app/src/main/java/com/seafile/seadroid2/ui/account/AccountViewModel.kt:119:25 Only safe (?.) or non-null asserted (!!.) calls are allowed on a nullable receiver of type 'com.seafile.seadroid2.framework.http.HttpIO?'.
e: file:///Users/HONGBGU/Documents/seadroid/app/src/main/java/com/seafile/seadroid2/ui/account/AccountViewModel.kt:119:51 Argument type mismatch: actual type is 'java.lang.Class<com.seafile.seadroid2.ui.account.AccountService>', but 'java.lang.Class<T?>' was expected.
e: file:///Users/HONGBGU/Documents/seadroid/app/src/main/java/com/seafile/seadroid2/ui/account/AccountViewModel.kt:120:25 Only safe (?.) or non-null asserted (!!.) calls are allowed on a nullable receiver of type 'com.seafile.seadroid2.ui.account.AccountService?'.
e: file:///Users/HONGBGU/Documents/seadroid/app/src/main/java/com/seafile/seadroid2/ui/account/AccountViewModel.kt:121:25 Only safe (?.) or non-null asserted (!!.) calls are allowed on a nullable receiver of type 'retrofit2.Call<com.seafile.seadroid2.account.AccountInfo?>?'.
e: file:///Users/HONGBGU/Documents/seadroid/app/src/main/java/com/seafile/seadroid2/ui/account/AccountViewModel.kt:125:27 Type mismatch: inferred type is 'ERROR CLASS: Symbol not found for SeafException', but 'kotlin.Throwable' was expected.
e: file:///Users/HONGBGU/Documents/seadroid/app/src/main/java/com/seafile/seadroid2/ui/account/AccountViewModel.kt:147:38 None of the following candidates is applicable:
@SinceKotlin(...) @InlineOnly() fun <V> KMutableProperty0<V>.setValue(thisRef: Any?, property: KProperty<*>, value: V): Unit
@SinceKotlin(...) @InlineOnly() fun <T, V> KMutableProperty1<T, V>.setValue(thisRef: T, property: KProperty<*>, value: V): Unit
@InlineOnly() fun <V> MutableMap<in String, in V>.setValue(thisRef: Any?, property: KProperty<*>, value: V): Unit
e: file:///Users/HONGBGU/Documents/seadroid/app/src/main/java/com/seafile/seadroid2/ui/account/AccountViewModel.kt:153:38 None of the following candidates is applicable:
@SinceKotlin(...) @InlineOnly() fun <V> KMutableProperty0<V>.setValue(thisRef: Any?, property: KProperty<*>, value: V): Unit
@SinceKotlin(...) @InlineOnly() fun <T, V> KMutableProperty1<T, V>.setValue(thisRef: T, property: KProperty<*>, value: V): Unit
@InlineOnly() fun <V> MutableMap<in String, in V>.setValue(thisRef: Any?, property: KProperty<*>, value: V): Unit
e: file:///Users/HONGBGU/Documents/seadroid/app/src/main/java/com/seafile/seadroid2/ui/account/AccountViewModel.kt:190:72 Only safe (?.) or non-null asserted (!!.) calls are allowed on a nullable receiver of type 'com.seafile.seadroid2.framework.util.DeviceIdManager?'.
e: file:///Users/HONGBGU/Documents/seadroid/app/src/main/java/com/seafile/seadroid2/ui/account/AccountViewModel.kt:201:16 Return type mismatch: expected 'retrofit2.Call<com.seafile.seadroid2.framework.model.TokenModel?>', actual 'retrofit2.Call<com.seafile.seadroid2.framework.model.TokenModel?>?'.
e: file:///Users/HONGBGU/Documents/seadroid/app/src/main/java/com/seafile/seadroid2/ui/account/AccountViewModel.kt:202:13 Only safe (?.) or non-null asserted (!!.) calls are allowed on a nullable receiver of type 'com.seafile.seadroid2.framework.http.HttpIO?'.
e: file:///Users/HONGBGU/Documents/seadroid/app/src/main/java/com/seafile/seadroid2/ui/account/AccountViewModel.kt:202:39 Argument type mismatch: actual type is 'java.lang.Class<com.seafile.seadroid2.ui.account.AccountService>', but 'java.lang.Class<T?>' was expected.
e: file:///Users/HONGBGU/Documents/seadroid/app/src/main/java/com/seafile/seadroid2/ui/account/AccountViewModel.kt:202:66 Only safe (?.) or non-null asserted (!!.) calls are allowed on a nullable receiver of type 'com.seafile.seadroid2.ui.account.AccountService?'.
e: file:///Users/HONGBGU/Documents/seadroid/app/src/main/java/com/seafile/seadroid2/ui/account/AccountViewModel.kt:206:30 None of the following candidates is applicable:
@SinceKotlin(...) @InlineOnly() fun <V> KMutableProperty0<V>.setValue(thisRef: Any?, property: KProperty<*>, value: V): Unit
@SinceKotlin(...) @InlineOnly() fun <T, V> KMutableProperty1<T, V>.setValue(thisRef: T, property: KProperty<*>, value: V): Unit
@InlineOnly() fun <V> MutableMap<in String, in V>.setValue(thisRef: Any?, property: KProperty<*>, value: V): Unit
e: file:///Users/HONGBGU/Documents/seadroid/app/src/main/java/com/seafile/seadroid2/ui/account/AccountViewModel.kt:209:13 Initializer type mismatch: expected 'io.reactivex.Single<com.seafile.seadroid2.framework.model.server.ServerInfoModel?>', actual 'io.reactivex.Single<com.seafile.seadroid2.framework.model.server.ServerInfoModel?>?'.
e: file:///Users/HONGBGU/Documents/seadroid/app/src/main/java/com/seafile/seadroid2/ui/account/AccountViewModel.kt:209:50 Only safe (?.) or non-null asserted (!!.) calls are allowed on a nullable receiver of type 'com.seafile.seadroid2.framework.http.HttpIO?'.
e: file:///Users/HONGBGU/Documents/seadroid/app/src/main/java/com/seafile/seadroid2/ui/account/AccountViewModel.kt:209:73 Argument type mismatch: actual type is 'java.lang.Class<com.seafile.seadroid2.ui.main.MainService>', but 'java.lang.Class<T?>' was expected.
e: file:///Users/HONGBGU/Documents/seadroid/app/src/main/java/com/seafile/seadroid2/ui/account/AccountViewModel.kt:210:17 Only safe (?.) or non-null asserted (!!.) calls are allowed on a nullable receiver of type 'com.seafile.seadroid2.ui.main.MainService?'.
e: file:///Users/HONGBGU/Documents/seadroid/app/src/main/java/com/seafile/seadroid2/ui/account/AccountViewModel.kt:211:44 Class '<anonymous>' is not abstract and does not implement abstract member 'accept'.
e: file:///Users/HONGBGU/Documents/seadroid/app/src/main/java/com/seafile/seadroid2/ui/account/AccountViewModel.kt:212:13 'accept' overrides nothing.
e: file:///Users/HONGBGU/Documents/seadroid/app/src/main/java/com/seafile/seadroid2/ui/account/AccountViewModel.kt:214:66 Only safe (?.) or non-null asserted (!!.) calls are allowed on a nullable receiver of type 'com.seafile.seadroid2.account.SupportAccountManager?'.
e: file:///Users/HONGBGU/Documents/seadroid/app/src/main/java/com/seafile/seadroid2/ui/account/AccountViewModel.kt:225:62 Only safe (?.) or non-null asserted (!!.) calls are allowed on a nullable receiver of type 'com.seafile.seadroid2.account.SupportAccountManager?'.
e: file:///Users/HONGBGU/Documents/seadroid/app/src/main/java/com/seafile/seadroid2/ui/account/AccountViewModel.kt:227:38 None of the following candidates is applicable:
@SinceKotlin(...) @InlineOnly() fun <V> KMutableProperty0<V>.setValue(thisRef: Any?, property: KProperty<*>, value: V): Unit
@SinceKotlin(...) @InlineOnly() fun <T, V> KMutableProperty1<T, V>.setValue(thisRef: T, property: KProperty<*>, value: V): Unit
@InlineOnly() fun <V> MutableMap<in String, in V>.setValue(thisRef: Any?, property: KProperty<*>, value: V): Unit
e: file:///Users/HONGBGU/Documents/seadroid/app/src/main/java/com/seafile/seadroid2/ui/account/AccountViewModel.kt:233:38 None of the following candidates is applicable:
@SinceKotlin(...) @InlineOnly() fun <V> KMutableProperty0<V>.setValue(thisRef: Any?, property: KProperty<*>, value: V): Unit
@SinceKotlin(...) @InlineOnly() fun <T, V> KMutableProperty1<T, V>.setValue(thisRef: T, property: KProperty<*>, value: V): Unit
@InlineOnly() fun <V> MutableMap<in String, in V>.setValue(thisRef: Any?, property: KProperty<*>, value: V): Unit
e: file:///Users/HONGBGU/Documents/seadroid/app/src/main/java/com/seafile/seadroid2/ui/account/AccountViewModel.kt:240:81 Only safe (?.) or non-null asserted (!!.) calls are allowed on a nullable receiver of type 'com.seafile.seadroid2.account.SupportAccountManager?'.
e: file:///Users/HONGBGU/Documents/seadroid/app/src/main/java/com/seafile/seadroid2/ui/account/AccountViewModel.kt:253:13 Only safe (?.) or non-null asserted (!!.) calls are allowed on a nullable receiver of type 'com.seafile.seadroid2.account.SupportAccountManager?'.
e: file:///Users/HONGBGU/Documents/seadroid/app/src/main/java/com/seafile/seadroid2/ui/account/AccountsActivity.kt:55:9 Class '<anonymous>' is not abstract and does not implement abstract member 'run'.
e: file:///Users/HONGBGU/Documents/seadroid/app/src/main/java/com/seafile/seadroid2/ui/account/AccountsActivity.kt:56:13 'run' overrides nothing.
e: file:///Users/HONGBGU/Documents/seadroid/app/src/main/java/com/seafile/seadroid2/ui/account/AccountsActivity.kt:66:29 Only safe (?.) or non-null asserted (!!.) calls are allowed on a nullable receiver of type 'com.seafile.seadroid2.account.SupportAccountManager?'.
e: file:///Users/HONGBGU/Documents/seadroid/app/src/main/java/com/seafile/seadroid2/ui/account/AccountsActivity.kt:88:20 Assignment type mismatch: actual type is 'kotlin.collections.MutableList<android.accounts.Account>', but 'kotlin.collections.MutableList<com.seafile.seadroid2.account.Account>?' was expected.
e: file:///Users/HONGBGU/Documents/seadroid/app/src/main/java/com/seafile/seadroid2/ui/account/AccountsActivity.kt:88:65 Only safe (?.) or non-null asserted (!!.) calls are allowed on a nullable receiver of type 'com.seafile.seadroid2.account.SupportAccountManager?'.
e: file:///Users/HONGBGU/Documents/seadroid/app/src/main/java/com/seafile/seadroid2/ui/account/AccountsActivity.kt:89:78 Only safe (?.) or non-null asserted (!!.) calls are allowed on a nullable receiver of type 'com.seafile.seadroid2.account.SupportAccountManager?'.
e: file:///Users/HONGBGU/Documents/seadroid/app/src/main/java/com/seafile/seadroid2/ui/account/AccountsActivity.kt:142:16 Only safe (?.) or non-null asserted (!!.) calls are allowed on a nullable receiver of type 'androidx.appcompat.widget.Toolbar?'.
e: file:///Users/HONGBGU/Documents/seadroid/app/src/main/java/com/seafile/seadroid2/ui/account/AccountsActivity.kt:155:47 Unresolved reference 'observe'.
e: file:///Users/HONGBGU/Documents/seadroid/app/src/main/java/com/seafile/seadroid2/ui/account/AccountsActivity.kt:155:61 Class '<anonymous>' is not abstract and does not implement abstract member 'onChanged'.
e: file:///Users/HONGBGU/Documents/seadroid/app/src/main/java/com/seafile/seadroid2/ui/account/AccountsActivity.kt:156:13 'onChanged' overrides nothing.
e: file:///Users/HONGBGU/Documents/seadroid/app/src/main/java/com/seafile/seadroid2/ui/account/AccountsActivity.kt:182:58 Only safe (?.) or non-null asserted (!!.) calls are allowed on a nullable receiver of type 'com.seafile.seadroid2.account.SupportAccountManager?'.
e: file:///Users/HONGBGU/Documents/seadroid/app/src/main/java/com/seafile/seadroid2/ui/account/AccountsActivity.kt:196:17 Only safe (?.) or non-null asserted (!!.) calls are allowed on a nullable receiver of type 'com.seafile.seadroid2.account.SupportAccountManager?'.
e: file:///Users/HONGBGU/Documents/seadroid/app/src/main/java/com/seafile/seadroid2/ui/account/AccountsActivity.kt:238:20 Assignment type mismatch: actual type is 'kotlin.collections.MutableList<android.accounts.Account>', but 'kotlin.collections.MutableList<com.seafile.seadroid2.account.Account>?' was expected.
e: file:///Users/HONGBGU/Documents/seadroid/app/src/main/java/com/seafile/seadroid2/ui/account/AccountsActivity.kt:238:65 Only safe (?.) or non-null asserted (!!.) calls are allowed on a nullable receiver of type 'com.seafile.seadroid2.account.SupportAccountManager?'.
e: file:///Users/HONGBGU/Documents/seadroid/app/src/main/java/com/seafile/seadroid2/ui/account/AccountsActivity.kt:244:58 Only safe (?.) or non-null asserted (!!.) calls are allowed on a nullable receiver of type 'com.seafile.seadroid2.account.SupportAccountManager?'.
e: file:///Users/HONGBGU/Documents/seadroid/app/src/main/java/com/seafile/seadroid2/ui/account/SeafileAuthenticatorActivity.kt:51:56 Unresolved reference 'compareTo'.
e: file:///Users/HONGBGU/Documents/seadroid/app/src/main/java/com/seafile/seadroid2/ui/account/SeafileAuthenticatorActivity.kt:51:57 Unresolved reference 'ViewfindViewById'.
e: file:///Users/HONGBGU/Documents/seadroid/app/src/main/java/com/seafile/seadroid2/ui/account/SeafileAuthenticatorActivity.kt:92:13 Initializer type mismatch: expected 'android.widget.ListView', actual 'kotlin.Boolean'.
e: file:///Users/HONGBGU/Documents/seadroid/app/src/main/java/com/seafile/seadroid2/ui/account/SeafileAuthenticatorActivity.kt:92:23 Unresolved reference 'compareTo'.
e: file:///Users/HONGBGU/Documents/seadroid/app/src/main/java/com/seafile/seadroid2/ui/account/SeafileAuthenticatorActivity.kt:92:24 Unresolved reference 'ViewfindViewById'.
e: file:///Users/HONGBGU/Documents/seadroid/app/src/main/java/com/seafile/seadroid2/ui/account/SeafileAuthenticatorActivity.kt:134:17 Argument type mismatch: actual type is 'kotlin.String?', but 'kotlin.String' was expected.
e: file:///Users/HONGBGU/Documents/seadroid/app/src/main/java/com/seafile/seadroid2/ui/account/SeafileAuthenticatorActivity.kt:138:17 Only safe (?.) or non-null asserted (!!.) calls are allowed on a nullable receiver of type 'com.seafile.seadroid2.account.SupportAccountManager?'.
e: file:///Users/HONGBGU/Documents/seadroid/app/src/main/java/com/seafile/seadroid2/ui/account/SeafileAuthenticatorActivity.kt:156:16 Only safe (?.) or non-null asserted (!!.) calls are allowed on a nullable receiver of type 'androidx.appcompat.widget.Toolbar?'.
e: file:///Users/HONGBGU/Documents/seadroid/app/src/main/java/com/seafile/seadroid2/ui/account/SeafileAuthenticatorActivity.kt:257:54 Only safe (?.) or non-null asserted (!!.) calls are allowed on a nullable receiver of type 'com.seafile.seadroid2.account.SupportAccountManager?'.
e: file:///Users/HONGBGU/Documents/seadroid/app/src/main/java/com/seafile/seadroid2/ui/account/SeafileAuthenticatorActivity.kt:259:13 Only safe (?.) or non-null asserted (!!.) calls are allowed on a nullable receiver of type 'com.seafile.seadroid2.account.SupportAccountManager?'.
e: file:///Users/HONGBGU/Documents/seadroid/app/src/main/java/com/seafile/seadroid2/ui/account/SeafileAuthenticatorActivity.kt:262:17 Only safe (?.) or non-null asserted (!!.) calls are allowed on a nullable receiver of type 'com.seafile.seadroid2.account.SupportAccountManager?'.
e: file:///Users/HONGBGU/Documents/seadroid/app/src/main/java/com/seafile/seadroid2/ui/account/SeafileAuthenticatorActivity.kt:268:54 Only safe (?.) or non-null asserted (!!.) calls are allowed on a nullable receiver of type 'com.seafile.seadroid2.account.SupportAccountManager?'.
e: file:///Users/HONGBGU/Documents/seadroid/app/src/main/java/com/seafile/seadroid2/ui/account/adapter/AccountAdapter.kt:15:1 Class 'AccountAdapter' is not abstract and does not implement abstract member 'getView'.
e: file:///Users/HONGBGU/Documents/seadroid/app/src/main/java/com/seafile/seadroid2/ui/account/adapter/AccountAdapter.kt:16:34 Unresolved reference 'Account'.
e: file:///Users/HONGBGU/Documents/seadroid/app/src/main/java/com/seafile/seadroid2/ui/account/adapter/AccountAdapter.kt:26:20 Unresolved reference 'Account'.
e: file:///Users/HONGBGU/Documents/seadroid/app/src/main/java/com/seafile/seadroid2/ui/account/adapter/AccountAdapter.kt:34:42 Unresolved reference 'Account'.
e: file:///Users/HONGBGU/Documents/seadroid/app/src/main/java/com/seafile/seadroid2/ui/account/adapter/AccountAdapter.kt:38:37 Unresolved reference 'Account'.
e: file:///Users/HONGBGU/Documents/seadroid/app/src/main/java/com/seafile/seadroid2/ui/account/adapter/AccountAdapter.kt:39:41 Unresolved reference 'Account'.
e: file:///Users/HONGBGU/Documents/seadroid/app/src/main/java/com/seafile/seadroid2/ui/account/adapter/AccountAdapter.kt:54:17 Unresolved reference 'Lists'.
e: file:///Users/HONGBGU/Documents/seadroid/app/src/main/java/com/seafile/seadroid2/ui/account/adapter/AccountAdapter.kt:54:36 Unresolved reference 'Account'.
e: file:///Users/HONGBGU/Documents/seadroid/app/src/main/java/com/seafile/seadroid2/ui/account/adapter/AccountAdapter.kt:57:5 'getView' overrides nothing.
e: file:///Users/HONGBGU/Documents/seadroid/app/src/main/java/com/seafile/seadroid2/ui/account/adapter/AccountAdapter.kt:57:69 Unresolved reference 'ViewGroup'.
e: file:///Users/HONGBGU/Documents/seadroid/app/src/main/java/com/seafile/seadroid2/ui/account/adapter/AccountAdapter.kt:60:20 Unresolved reference 'LayoutInflater'.
e: file:///Users/HONGBGU/Documents/seadroid/app/src/main/java/com/seafile/seadroid2/ui/account/adapter/AccountAdapter.kt:61:24 Unresolved reference 'TextView'.
e: file:///Users/HONGBGU/Documents/seadroid/app/src/main/java/com/seafile/seadroid2/ui/account/adapter/AccountAdapter.kt:61:55 Unresolved reference 'TextView'.
e: file:///Users/HONGBGU/Documents/seadroid/app/src/main/java/com/seafile/seadroid2/ui/account/adapter/AccountAdapter.kt:62:27 Unresolved reference 'TextView'.
e: file:///Users/HONGBGU/Documents/seadroid/app/src/main/java/com/seafile/seadroid2/ui/account/adapter/AccountAdapter.kt:62:56 Unresolved reference 'TextView'.
e: file:///Users/HONGBGU/Documents/seadroid/app/src/main/java/com/seafile/seadroid2/ui/account/adapter/AccountAdapter.kt:72:59 Unresolved reference 'is_checked'.
e: file:///Users/HONGBGU/Documents/seadroid/app/src/main/java/com/seafile/seadroid2/ui/account/adapter/AccountAdapter.kt:74:28 Unresolved reference 'setText'.
e: file:///Users/HONGBGU/Documents/seadroid/app/src/main/java/com/seafile/seadroid2/ui/account/adapter/AccountAdapter.kt:74:44 Unresolved reference 'getName'.
e: file:///Users/HONGBGU/Documents/seadroid/app/src/main/java/com/seafile/seadroid2/ui/account/adapter/AccountAdapter.kt:75:31 Unresolved reference 'setText'.
e: file:///Users/HONGBGU/Documents/seadroid/app/src/main/java/com/seafile/seadroid2/ui/account/adapter/AccountAdapter.kt:75:47 Unresolved reference 'getServerHost'.
e: file:///Users/HONGBGU/Documents/seadroid/app/src/main/java/com/seafile/seadroid2/ui/account/adapter/AccountAdapter.kt:77:13 Unresolved reference 'TextUtils'.
e: file:///Users/HONGBGU/Documents/seadroid/app/src/main/java/com/seafile/seadroid2/ui/account/adapter/AccountAdapter.kt:77:39 Unresolved reference 'avatar_url'.
e: file:///Users/HONGBGU/Documents/seadroid/app/src/main/java/com/seafile/seadroid2/ui/account/adapter/AccountAdapter.kt:80:22 None of the following candidates is applicable:
@NonNull() static fun with(@NonNull() context: Context): GlideRequests
@Deprecated(...) @NonNull() static fun with(@NonNull() activity: Activity): GlideRequests
@NonNull() static fun with(@NonNull() activity: FragmentActivity): GlideRequests
@NonNull() static fun with(@NonNull() fragment: Fragment): GlideRequests
@Deprecated(...) @NonNull() static fun with(@NonNull() fragment: Fragment): GlideRequests
@NonNull() static fun with(@NonNull() view: View): GlideRequests
e: file:///Users/HONGBGU/Documents/seadroid/app/src/main/java/com/seafile/seadroid2/ui/account/adapter/AccountAdapter.kt:81:18 Unresolved reference 'load'.
e: file:///Users/HONGBGU/Documents/seadroid/app/src/main/java/com/seafile/seadroid2/ui/account/adapter/AccountAdapter.kt:81:31 Unresolved reference 'avatar_url'.
e: file:///Users/HONGBGU/Documents/seadroid/app/src/main/java/com/seafile/seadroid2/ui/account/adapter/AccountAdapter.kt:82:24 Unresolved reference 'GlideLoadConfig'.
e: file:///Users/HONGBGU/Documents/seadroid/app/src/main/java/com/seafile/seadroid2/ui/account/adapter/AccountAdapter.kt:83:18 Unresolved reference 'into'.
e: file:///Users/HONGBGU/Documents/seadroid/app/src/main/java/com/seafile/seadroid2/ui/account/adapter/AccountAdapter.kt:91:16 Unresolved reference 'TextView'.
e: file:///Users/HONGBGU/Documents/seadroid/app/src/main/java/com/seafile/seadroid2/ui/account/adapter/AccountAdapter.kt:92:19 Unresolved reference 'TextView'.
e: file:///Users/HONGBGU/Documents/seadroid/app/src/main/java/com/seafile/seadroid2/ui/account/adapter/AccountAdapter.kt:96:20 Unresolved reference 'TextView'.
e: file:///Users/HONGBGU/Documents/seadroid/app/src/main/java/com/seafile/seadroid2/ui/account/adapter/AccountAdapter.kt:97:23 Unresolved reference 'TextView'.
e: file:///Users/HONGBGU/Documents/seadroid/app/src/main/java/com/seafile/seadroid2/ui/account/sso/SingleSignOnActivity.kt:18:61 Cannot import 'equals'. Functions and properties can only be imported from packages or objects.
e: file:///Users/HONGBGU/Documents/seadroid/app/src/main/java/com/seafile/seadroid2/ui/account/sso/SingleSignOnActivity.kt:19:65 Cannot import 'equals'. Functions and properties can only be imported from packages or objects.
e: file:///Users/HONGBGU/Documents/seadroid/app/src/main/java/com/seafile/seadroid2/ui/account/sso/SingleSignOnActivity.kt:102:16 Only safe (?.) or non-null asserted (!!.) calls are allowed on a nullable receiver of type 'androidx.appcompat.widget.Toolbar?'.
e: file:///Users/HONGBGU/Documents/seadroid/app/src/main/java/com/seafile/seadroid2/ui/account/sso/SingleSignOnActivity.kt:125:47 Unresolved reference 'observe'.
e: file:///Users/HONGBGU/Documents/seadroid/app/src/main/java/com/seafile/seadroid2/ui/account/sso/SingleSignOnActivity.kt:125:61 Class '<anonymous>' is not abstract and does not implement abstract member 'onChanged'.
e: file:///Users/HONGBGU/Documents/seadroid/app/src/main/java/com/seafile/seadroid2/ui/account/sso/SingleSignOnActivity.kt:126:13 'onChanged' overrides nothing.
e: file:///Users/HONGBGU/Documents/seadroid/app/src/main/java/com/seafile/seadroid2/ui/account/sso/SingleSignOnActivity.kt:131:64 Class '<anonymous>' is not abstract and does not implement abstract member 'onChanged'.
e: file:///Users/HONGBGU/Documents/seadroid/app/src/main/java/com/seafile/seadroid2/ui/account/sso/SingleSignOnActivity.kt:132:13 'onChanged' overrides nothing.
e: file:///Users/HONGBGU/Documents/seadroid/app/src/main/java/com/seafile/seadroid2/ui/account/sso/SingleSignOnActivity.kt:163:61 Class '<anonymous>' is not abstract and does not implement abstract member 'onChanged'.
e: file:///Users/HONGBGU/Documents/seadroid/app/src/main/java/com/seafile/seadroid2/ui/account/sso/SingleSignOnActivity.kt:164:13 'onChanged' overrides nothing.
e: file:///Users/HONGBGU/Documents/seadroid/app/src/main/java/com/seafile/seadroid2/ui/account/sso/SingleSignOnActivity.kt:240:47 None of the following candidates is applicable:
@SinceKotlin(...) @InlineOnly() fun <V> KMutableProperty0<V>.setValue(thisRef: Any?, property: KProperty<*>, value: V): Unit
@SinceKotlin(...) @InlineOnly() fun <T, V> KMutableProperty1<T, V>.setValue(thisRef: T, property: KProperty<*>, value: V): Unit
@InlineOnly() fun <V> MutableMap<in String, in V>.setValue(thisRef: Any?, property: KProperty<*>, value: V): Unit
e: file:///Users/HONGBGU/Documents/seadroid/app/src/main/java/com/seafile/seadroid2/ui/account/sso/SingleSignOnActivity.kt:251:25 Only safe (?.) or non-null asserted (!!.) calls are allowed on a nullable receiver of type 'kotlin.String?'.
e: file:///Users/HONGBGU/Documents/seadroid/app/src/main/java/com/seafile/seadroid2/ui/account/sso/SingleSignOnActivity.kt:251:40 Only safe (?.) or non-null asserted (!!.) calls are allowed on a nullable receiver of type 'kotlin.String?'.
e: file:///Users/HONGBGU/Documents/seadroid/app/src/main/java/com/seafile/seadroid2/ui/account/sso/SingleSignOnAuthorizeActivity.kt:72:16 Only safe (?.) or non-null asserted (!!.) calls are allowed on a nullable receiver of type 'androidx.appcompat.widget.Toolbar?'.
e: file:///Users/HONGBGU/Documents/seadroid/app/src/main/java/com/seafile/seadroid2/ui/account/sso/SingleSignOnAuthorizeActivity.kt:113:72 Only safe (?.) or non-null asserted (!!.) calls are allowed on a nullable receiver of type 'com.seafile.seadroid2.framework.util.DeviceIdManager?'.
e: file:///Users/HONGBGU/Documents/seadroid/app/src/main/java/com/seafile/seadroid2/ui/account/sso/SingleSignOnAuthorizeActivity.kt:137:28 Class '<anonymous>' is not abstract and does not implement abstract member 'onChanged'.
e: file:///Users/HONGBGU/Documents/seadroid/app/src/main/java/com/seafile/seadroid2/ui/account/sso/SingleSignOnAuthorizeActivity.kt:138:17 'onChanged' overrides nothing.
e: file:///Users/HONGBGU/Documents/seadroid/app/src/main/java/com/seafile/seadroid2/ui/account/sso/SingleSignOnAuthorizeActivity.kt:142:61 Class '<anonymous>' is not abstract and does not implement abstract member 'onChanged'.
e: file:///Users/HONGBGU/Documents/seadroid/app/src/main/java/com/seafile/seadroid2/ui/account/sso/SingleSignOnAuthorizeActivity.kt:143:13 'onChanged' overrides nothing.
e: file:///Users/HONGBGU/Documents/seadroid/app/src/main/java/com/seafile/seadroid2/ui/account/sso/SingleSignOnAuthorizeActivity.kt:287:61 Argument type mismatch: actual type is 'kotlin.String?', but 'kotlin.String' was expected.
e: file:///Users/HONGBGU/Documents/seadroid/app/src/main/java/com/seafile/seadroid2/ui/account/sso/SingleSignOnViewModel.kt:41:30 None of the following candidates is applicable:
@SinceKotlin(...) @InlineOnly() fun <V> KMutableProperty0<V>.setValue(thisRef: Any?, property: KProperty<*>, value: V): Unit
@SinceKotlin(...) @InlineOnly() fun <T, V> KMutableProperty1<T, V>.setValue(thisRef: T, property: KProperty<*>, value: V): Unit
@InlineOnly() fun <V> MutableMap<in String, in V>.setValue(thisRef: Any?, property: KProperty<*>, value: V): Unit
e: file:///Users/HONGBGU/Documents/seadroid/app/src/main/java/com/seafile/seadroid2/ui/account/sso/SingleSignOnViewModel.kt:48:13 Initializer type mismatch: expected 'io.reactivex.Single<com.seafile.seadroid2.framework.model.server.ServerInfoModel?>', actual 'io.reactivex.Single<com.seafile.seadroid2.framework.model.server.ServerInfoModel?>?'.
e: file:///Users/HONGBGU/Documents/seadroid/app/src/main/java/com/seafile/seadroid2/ui/account/sso/SingleSignOnViewModel.kt:49:17 Only safe (?.) or non-null asserted (!!.) calls are allowed on a nullable receiver of type 'com.seafile.seadroid2.framework.http.HttpIO?'.
e: file:///Users/HONGBGU/Documents/seadroid/app/src/main/java/com/seafile/seadroid2/ui/account/sso/SingleSignOnViewModel.kt:49:40 Argument type mismatch: actual type is 'java.lang.Class<com.seafile.seadroid2.ui.main.MainService>', but 'java.lang.Class<T?>' was expected.
e: file:///Users/HONGBGU/Documents/seadroid/app/src/main/java/com/seafile/seadroid2/ui/account/sso/SingleSignOnViewModel.kt:49:64 Only safe (?.) or non-null asserted (!!.) calls are allowed on a nullable receiver of type 'com.seafile.seadroid2.ui.main.MainService?'.
e: file:///Users/HONGBGU/Documents/seadroid/app/src/main/java/com/seafile/seadroid2/ui/account/sso/SingleSignOnViewModel.kt:58:38 None of the following candidates is applicable:
@SinceKotlin(...) @InlineOnly() fun <V> KMutableProperty0<V>.setValue(thisRef: Any?, property: KProperty<*>, value: V): Unit
@SinceKotlin(...) @InlineOnly() fun <T, V> KMutableProperty1<T, V>.setValue(thisRef: T, property: KProperty<*>, value: V): Unit
@InlineOnly() fun <V> MutableMap<in String, in V>.setValue(thisRef: Any?, property: KProperty<*>, value: V): Unit
e: file:///Users/HONGBGU/Documents/seadroid/app/src/main/java/com/seafile/seadroid2/ui/account/sso/SingleSignOnViewModel.kt:66:30 None of the following candidates is applicable:
@SinceKotlin(...) @InlineOnly() fun <V> KMutableProperty0<V>.setValue(thisRef: Any?, property: KProperty<*>, value: V): Unit
@SinceKotlin(...) @InlineOnly() fun <T, V> KMutableProperty1<T, V>.setValue(thisRef: T, property: KProperty<*>, value: V): Unit
@InlineOnly() fun <V> MutableMap<in String, in V>.setValue(thisRef: Any?, property: KProperty<*>, value: V): Unit
e: file:///Users/HONGBGU/Documents/seadroid/app/src/main/java/com/seafile/seadroid2/ui/account/sso/SingleSignOnViewModel.kt:72:51 Initializer type mismatch: expected 'io.reactivex.Single<com.seafile.seadroid2.framework.model.sso.SSOLinkModel?>', actual 'io.reactivex.Single<com.seafile.seadroid2.framework.model.sso.SSOLinkModel?>?'.
e: file:///Users/HONGBGU/Documents/seadroid/app/src/main/java/com/seafile/seadroid2/ui/account/sso/SingleSignOnViewModel.kt:73:13 Only safe (?.) or non-null asserted (!!.) calls are allowed on a nullable receiver of type 'com.seafile.seadroid2.framework.http.HttpIO?'.
e: file:///Users/HONGBGU/Documents/seadroid/app/src/main/java/com/seafile/seadroid2/ui/account/sso/SingleSignOnViewModel.kt:73:39 Argument type mismatch: actual type is 'java.lang.Class<com.seafile.seadroid2.ui.account.AccountService>', but 'java.lang.Class<T?>' was expected.
e: file:///Users/HONGBGU/Documents/seadroid/app/src/main/java/com/seafile/seadroid2/ui/account/sso/SingleSignOnViewModel.kt:73:66 Only safe (?.) or non-null asserted (!!.) calls are allowed on a nullable receiver of type 'com.seafile.seadroid2.ui.account.AccountService?'.
e: file:///Users/HONGBGU/Documents/seadroid/app/src/main/java/com/seafile/seadroid2/ui/account/sso/SingleSignOnViewModel.kt:74:44 Class '<anonymous>' is not abstract and does not implement abstract member 'accept'.
e: file:///Users/HONGBGU/Documents/seadroid/app/src/main/java/com/seafile/seadroid2/ui/account/sso/SingleSignOnViewModel.kt:76:13 'accept' overrides nothing.
e: file:///Users/HONGBGU/Documents/seadroid/app/src/main/java/com/seafile/seadroid2/ui/account/sso/SingleSignOnViewModel.kt:77:38 None of the following candidates is applicable:
@SinceKotlin(...) @InlineOnly() fun <V> KMutableProperty0<V>.setValue(thisRef: Any?, property: KProperty<*>, value: V): Unit
@SinceKotlin(...) @InlineOnly() fun <T, V> KMutableProperty1<T, V>.setValue(thisRef: T, property: KProperty<*>, value: V): Unit
@InlineOnly() fun <V> MutableMap<in String, in V>.setValue(thisRef: Any?, property: KProperty<*>, value: V): Unit
e: file:///Users/HONGBGU/Documents/seadroid/app/src/main/java/com/seafile/seadroid2/ui/account/sso/SingleSignOnViewModel.kt:83:38 None of the following candidates is applicable:
@SinceKotlin(...) @InlineOnly() fun <V> KMutableProperty0<V>.setValue(thisRef: Any?, property: KProperty<*>, value: V): Unit
@SinceKotlin(...) @InlineOnly() fun <T, V> KMutableProperty1<T, V>.setValue(thisRef: T, property: KProperty<*>, value: V): Unit
@InlineOnly() fun <V> MutableMap<in String, in V>.setValue(thisRef: Any?, property: KProperty<*>, value: V): Unit
e: file:///Users/HONGBGU/Documents/seadroid/app/src/main/java/com/seafile/seadroid2/ui/account/sso/SingleSignOnViewModel.kt:89:30 None of the following candidates is applicable:
@SinceKotlin(...) @InlineOnly() fun <V> KMutableProperty0<V>.setValue(thisRef: Any?, property: KProperty<*>, value: V): Unit
@SinceKotlin(...) @InlineOnly() fun <T, V> KMutableProperty1<T, V>.setValue(thisRef: T, property: KProperty<*>, value: V): Unit
@InlineOnly() fun <V> MutableMap<in String, in V>.setValue(thisRef: Any?, property: KProperty<*>, value: V): Unit
e: file:///Users/HONGBGU/Documents/seadroid/app/src/main/java/com/seafile/seadroid2/ui/account/sso/SingleSignOnViewModel.kt:96:13 Initializer type mismatch: expected 'io.reactivex.Single<com.seafile.seadroid2.framework.model.sso.SSOStatusModel?>', actual 'io.reactivex.Single<com.seafile.seadroid2.framework.model.sso.SSOStatusModel?>?'.
e: file:///Users/HONGBGU/Documents/seadroid/app/src/main/java/com/seafile/seadroid2/ui/account/sso/SingleSignOnViewModel.kt:97:17 Only safe (?.) or non-null asserted (!!.) calls are allowed on a nullable receiver of type 'com.seafile.seadroid2.framework.http.HttpIO?'.
e: file:///Users/HONGBGU/Documents/seadroid/app/src/main/java/com/seafile/seadroid2/ui/account/sso/SingleSignOnViewModel.kt:97:43 Argument type mismatch: actual type is 'java.lang.Class<com.seafile.seadroid2.ui.account.AccountService>', but 'java.lang.Class<T?>' was expected.
e: file:///Users/HONGBGU/Documents/seadroid/app/src/main/java/com/seafile/seadroid2/ui/account/sso/SingleSignOnViewModel.kt:97:70 Only safe (?.) or non-null asserted (!!.) calls are allowed on a nullable receiver of type 'com.seafile.seadroid2.ui.account.AccountService?'.
e: file:///Users/HONGBGU/Documents/seadroid/app/src/main/java/com/seafile/seadroid2/ui/account/sso/SingleSignOnViewModel.kt:98:44 Class '<anonymous>' is not abstract and does not implement abstract member 'accept'.
e: file:///Users/HONGBGU/Documents/seadroid/app/src/main/java/com/seafile/seadroid2/ui/account/sso/SingleSignOnViewModel.kt:100:13 'accept' overrides nothing.
e: file:///Users/HONGBGU/Documents/seadroid/app/src/main/java/com/seafile/seadroid2/ui/account/sso/SingleSignOnViewModel.kt:112:38 None of the following candidates is applicable:
@SinceKotlin(...) @InlineOnly() fun <V> KMutableProperty0<V>.setValue(thisRef: Any?, property: KProperty<*>, value: V): Unit
@SinceKotlin(...) @InlineOnly() fun <T, V> KMutableProperty1<T, V>.setValue(thisRef: T, property: KProperty<*>, value: V): Unit
@InlineOnly() fun <V> MutableMap<in String, in V>.setValue(thisRef: Any?, property: KProperty<*>, value: V): Unit
e: file:///Users/HONGBGU/Documents/seadroid/app/src/main/java/com/seafile/seadroid2/ui/account/sso/SingleSignOnViewModel.kt:119:44 Initializer type mismatch: expected 'io.reactivex.Single<com.seafile.seadroid2.account.AccountInfo?>', actual 'io.reactivex.Single<com.seafile.seadroid2.account.AccountInfo?>?'.
e: file:///Users/HONGBGU/Documents/seadroid/app/src/main/java/com/seafile/seadroid2/ui/account/sso/SingleSignOnViewModel.kt:120:13 Only safe (?.) or non-null asserted (!!.) calls are allowed on a nullable receiver of type 'com.seafile.seadroid2.framework.http.HttpIO?'.
e: file:///Users/HONGBGU/Documents/seadroid/app/src/main/java/com/seafile/seadroid2/ui/account/sso/SingleSignOnViewModel.kt:120:39 Argument type mismatch: actual type is 'java.lang.Class<com.seafile.seadroid2.ui.account.AccountService>', but 'java.lang.Class<T?>' was expected.
e: file:///Users/HONGBGU/Documents/seadroid/app/src/main/java/com/seafile/seadroid2/ui/account/sso/SingleSignOnViewModel.kt:120:66 Only safe (?.) or non-null asserted (!!.) calls are allowed on a nullable receiver of type 'com.seafile.seadroid2.ui.account.AccountService?'.
e: file:///Users/HONGBGU/Documents/seadroid/app/src/main/java/com/seafile/seadroid2/ui/account/sso/SingleSignOnViewModel.kt:121:38 Class '<anonymous>' is not abstract and does not implement abstract member 'accept'.
e: file:///Users/HONGBGU/Documents/seadroid/app/src/main/java/com/seafile/seadroid2/ui/account/sso/SingleSignOnViewModel.kt:123:13 'accept' overrides nothing.
e: file:///Users/HONGBGU/Documents/seadroid/app/src/main/java/com/seafile/seadroid2/ui/account/sso/SingleSignOnViewModel.kt:133:38 None of the following candidates is applicable:
@SinceKotlin(...) @InlineOnly() fun <V> KMutableProperty0<V>.setValue(thisRef: Any?, property: KProperty<*>, value: V): Unit
@SinceKotlin(...) @InlineOnly() fun <T, V> KMutableProperty1<T, V>.setValue(thisRef: T, property: KProperty<*>, value: V): Unit
@InlineOnly() fun <V> MutableMap<in String, in V>.setValue(thisRef: Any?, property: KProperty<*>, value: V): Unit
e: file:///Users/HONGBGU/Documents/seadroid/app/src/main/java/com/seafile/seadroid2/ui/account/sso/SingleSignOnViewModel.kt:139:38 None of the following candidates is applicable:
@SinceKotlin(...) @InlineOnly() fun <V> KMutableProperty0<V>.setValue(thisRef: Any?, property: KProperty<*>, value: V): Unit
@SinceKotlin(...) @InlineOnly() fun <T, V> KMutableProperty1<T, V>.setValue(thisRef: T, property: KProperty<*>, value: V): Unit
@InlineOnly() fun <V> MutableMap<in String, in V>.setValue(thisRef: Any?, property: KProperty<*>, value: V): Unit
e: file:///Users/HONGBGU/Documents/seadroid/app/src/main/java/com/seafile/seadroid2/ui/account/sso/SingleSignOnViewModel.kt:142:44 None of the following candidates is applicable:
@SinceKotlin(...) @InlineOnly() fun <V> KMutableProperty0<V>.setValue(thisRef: Any?, property: KProperty<*>, value: V): Unit
@SinceKotlin(...) @InlineOnly() fun <T, V> KMutableProperty1<T, V>.setValue(thisRef: T, property: KProperty<*>, value: V): Unit
@InlineOnly() fun <V> MutableMap<in String, in V>.setValue(thisRef: Any?, property: KProperty<*>, value: V): Unit
e: file:///Users/HONGBGU/Documents/seadroid/app/src/main/java/com/seafile/seadroid2/ui/activities/ActivityAdapter.kt:9:25 Unresolved reference 'BaseMultiAdapter'.
e: file:///Users/HONGBGU/Documents/seadroid/app/src/main/java/com/seafile/seadroid2/ui/activities/ActivityAdapter.kt:9:42 Unresolved reference 'BaseModel'.
e: file:///Users/HONGBGU/Documents/seadroid/app/src/main/java/com/seafile/seadroid2/ui/activities/ActivityAdapter.kt:11:9 Unresolved reference 'addItemType'.
e: file:///Users/HONGBGU/Documents/seadroid/app/src/main/java/com/seafile/seadroid2/ui/activities/ActivityAdapter.kt:11:22 Unresolved reference 'AbsLayoutItemType'.
e: file:///Users/HONGBGU/Documents/seadroid/app/src/main/java/com/seafile/seadroid2/ui/activities/ActivityAdapter.kt:11:61 Unresolved reference 'OnMultiItem'.
e: file:///Users/HONGBGU/Documents/seadroid/app/src/main/java/com/seafile/seadroid2/ui/activities/ActivityAdapter.kt:11:73 Unresolved reference 'BaseModel'.
e: file:///Users/HONGBGU/Documents/seadroid/app/src/main/java/com/seafile/seadroid2/ui/activities/ActivityAdapter.kt:12:13 'onCreate' overrides nothing.
e: file:///Users/HONGBGU/Documents/seadroid/app/src/main/java/com/seafile/seadroid2/ui/activities/ActivityAdapter.kt:14:28 Unresolved reference 'ViewGroup'.
e: file:///Users/HONGBGU/Documents/seadroid/app/src/main/java/com/seafile/seadroid2/ui/activities/ActivityAdapter.kt:16:16 Unresolved reference 'GroupItemViewHolder'.
e: file:///Users/HONGBGU/Documents/seadroid/app/src/main/java/com/seafile/seadroid2/ui/activities/ActivityAdapter.kt:18:21 Unresolved reference 'ItemGroupItemBinding'.
e: file:///Users/HONGBGU/Documents/seadroid/app/src/main/java/com/seafile/seadroid2/ui/activities/ActivityAdapter.kt:18:50 Unresolved reference 'LayoutInflater'.
e: file:///Users/HONGBGU/Documents/seadroid/app/src/main/java/com/seafile/seadroid2/ui/activities/ActivityAdapter.kt:19:24 Unresolved reference 'GroupItemViewHolder'.
e: file:///Users/HONGBGU/Documents/seadroid/app/src/main/java/com/seafile/seadroid2/ui/activities/ActivityAdapter.kt:22:13 'onBind' overrides nothing.
e: file:///Users/HONGBGU/Documents/seadroid/app/src/main/java/com/seafile/seadroid2/ui/activities/ActivityAdapter.kt:25:28 Unresolved reference 'BaseModel'.
e: file:///Users/HONGBGU/Documents/seadroid/app/src/main/java/com/seafile/seadroid2/ui/activities/ActivityAdapter.kt:28:45 Unresolved reference 'AbsLayoutItemType'.
e: file:///Users/HONGBGU/Documents/seadroid/app/src/main/java/com/seafile/seadroid2/ui/activities/ActivityAdapter.kt:28:82 Unresolved reference 'OnMultiItem'.
e: file:///Users/HONGBGU/Documents/seadroid/app/src/main/java/com/seafile/seadroid2/ui/activities/ActivityAdapter.kt:28:94 Unresolved reference 'BaseModel'.
e: file:///Users/HONGBGU/Documents/seadroid/app/src/main/java/com/seafile/seadroid2/ui/activities/ActivityAdapter.kt:29:13 'onCreate' overrides nothing.
e: file:///Users/HONGBGU/Documents/seadroid/app/src/main/java/com/seafile/seadroid2/ui/activities/ActivityAdapter.kt:31:28 Unresolved reference 'ViewGroup'.
e: file:///Users/HONGBGU/Documents/seadroid/app/src/main/java/com/seafile/seadroid2/ui/activities/ActivityAdapter.kt:35:49 Unresolved reference 'LayoutInflater'.
e: file:///Users/HONGBGU/Documents/seadroid/app/src/main/java/com/seafile/seadroid2/ui/activities/ActivityAdapter.kt:39:13 'onBind' overrides nothing.
e: file:///Users/HONGBGU/Documents/seadroid/app/src/main/java/com/seafile/seadroid2/ui/activities/ActivityAdapter.kt:39:84 Unresolved reference 'BaseModel'.
e: file:///Users/HONGBGU/Documents/seadroid/app/src/main/java/com/seafile/seadroid2/ui/activities/ActivityAdapter.kt:40:57 Unresolved reference 'ActivityModel'.
e: file:///Users/HONGBGU/Documents/seadroid/app/src/main/java/com/seafile/seadroid2/ui/activities/ActivityAdapter.kt:42:36 Unresolved reference 'OnItemViewTypeListener'.
e: file:///Users/HONGBGU/Documents/seadroid/app/src/main/java/com/seafile/seadroid2/ui/activities/ActivityAdapter.kt:42:59 Unresolved reference 'BaseModel'.
e: file:///Users/HONGBGU/Documents/seadroid/app/src/main/java/com/seafile/seadroid2/ui/activities/ActivityAdapter.kt:43:13 'onItemViewType' overrides nothing.
e: file:///Users/HONGBGU/Documents/seadroid/app/src/main/java/com/seafile/seadroid2/ui/activities/ActivityAdapter.kt:43:71 Unresolved reference 'BaseModel'.
e: file:///Users/HONGBGU/Documents/seadroid/app/src/main/java/com/seafile/seadroid2/ui/activities/ActivityAdapter.kt:44:36 Unresolved reference 'ActivityModel'.
e: file:///Users/HONGBGU/Documents/seadroid/app/src/main/java/com/seafile/seadroid2/ui/activities/ActivityAdapter.kt:45:28 Unresolved reference 'AbsLayoutItemType'.
e: file:///Users/HONGBGU/Documents/seadroid/app/src/main/java/com/seafile/seadroid2/ui/activities/ActivityAdapter.kt:46:43 Unresolved reference 'GroupItemModel'.
e: file:///Users/HONGBGU/Documents/seadroid/app/src/main/java/com/seafile/seadroid2/ui/activities/ActivityAdapter.kt:47:28 Unresolved reference 'AbsLayoutItemType'.
e: file:///Users/HONGBGU/Documents/seadroid/app/src/main/java/com/seafile/seadroid2/ui/activities/ActivityAdapter.kt:49:24 Unresolved reference 'AbsLayoutItemType'.
e: file:///Users/HONGBGU/Documents/seadroid/app/src/main/java/com/seafile/seadroid2/ui/activities/ActivityAdapter.kt:54:67 Unresolved reference 'ActivityModel'.
e: file:///Users/HONGBGU/Documents/seadroid/app/src/main/java/com/seafile/seadroid2/ui/activities/ActivityAdapter.kt:55:23 Only safe (?.) or non-null asserted (!!.) calls are allowed on a nullable receiver of type 'com.seafile.seadroid2.databinding.ItemActivityBinding?'.
e: file:///Users/HONGBGU/Documents/seadroid/app/src/main/java/com/seafile/seadroid2/ui/activities/ActivityAdapter.kt:55:37 Overload resolution ambiguity between candidates:
fun setText(p0: CharSequence!): Unit
fun setText(p0: Int): Unit
e: file:///Users/HONGBGU/Documents/seadroid/app/src/main/java/com/seafile/seadroid2/ui/activities/ActivityAdapter.kt:55:51 Unresolved reference 'author_name'.
e: file:///Users/HONGBGU/Documents/seadroid/app/src/main/java/com/seafile/seadroid2/ui/activities/ActivityAdapter.kt:56:23 Only safe (?.) or non-null asserted (!!.) calls are allowed on a nullable receiver of type 'com.seafile.seadroid2.databinding.ItemActivityBinding?'.
e: file:///Users/HONGBGU/Documents/seadroid/app/src/main/java/com/seafile/seadroid2/ui/activities/ActivityAdapter.kt:56:33 Overload resolution ambiguity between candidates:
fun setText(p0: CharSequence!): Unit
fun setText(p0: Int): Unit
e: file:///Users/HONGBGU/Documents/seadroid/app/src/main/java/com/seafile/seadroid2/ui/activities/ActivityAdapter.kt:56:47 Unresolved reference 'getTime'.
e: file:///Users/HONGBGU/Documents/seadroid/app/src/main/java/com/seafile/seadroid2/ui/activities/ActivityAdapter.kt:59:13 Unresolved reference 'SystemSwitchUtils'.
e: file:///Users/HONGBGU/Documents/seadroid/app/src/main/java/com/seafile/seadroid2/ui/activities/ActivityAdapter.kt:59:50 Unresolved reference 'context'.
e: file:///Users/HONGBGU/Documents/seadroid/app/src/main/java/com/seafile/seadroid2/ui/activities/ActivityAdapter.kt:59:65 Unresolved reference 'obj_type'.
e: file:///Users/HONGBGU/Documents/seadroid/app/src/main/java/com/seafile/seadroid2/ui/activities/ActivityAdapter.kt:59:81 Unresolved reference 'op_type'.
e: file:///Users/HONGBGU/Documents/seadroid/app/src/main/java/com/seafile/seadroid2/ui/activities/ActivityAdapter.kt:60:23 Only safe (?.) or non-null asserted (!!.) calls are allowed on a nullable receiver of type 'com.seafile.seadroid2.databinding.ItemActivityBinding?'.
e: file:///Users/HONGBGU/Documents/seadroid/app/src/main/java/com/seafile/seadroid2/ui/activities/ActivityAdapter.kt:62:19 Unresolved reference 'obj_type'.
e: file:///Users/HONGBGU/Documents/seadroid/app/src/main/java/com/seafile/seadroid2/ui/activities/ActivityAdapter.kt:63:27 Only safe (?.) or non-null asserted (!!.) calls are allowed on a nullable receiver of type 'com.seafile.seadroid2.databinding.ItemActivityBinding?'.
e: file:///Users/HONGBGU/Documents/seadroid/app/src/main/java/com/seafile/seadroid2/ui/activities/ActivityAdapter.kt:64:27 Only safe (?.) or non-null asserted (!!.) calls are allowed on a nullable receiver of type 'com.seafile.seadroid2.databinding.ItemActivityBinding?'.
e: file:///Users/HONGBGU/Documents/seadroid/app/src/main/java/com/seafile/seadroid2/ui/activities/ActivityAdapter.kt:64:39 Overload resolution ambiguity between candidates:
fun setText(p0: CharSequence!): Unit
fun setText(p0: Int): Unit
e: file:///Users/HONGBGU/Documents/seadroid/app/src/main/java/com/seafile/seadroid2/ui/activities/ActivityAdapter.kt:64:53 Unresolved reference 'repo_name'.
e: file:///Users/HONGBGU/Documents/seadroid/app/src/main/java/com/seafile/seadroid2/ui/activities/ActivityAdapter.kt:66:27 Only safe (?.) or non-null asserted (!!.) calls are allowed on a nullable receiver of type 'com.seafile.seadroid2.databinding.ItemActivityBinding?'.
e: file:///Users/HONGBGU/Documents/seadroid/app/src/main/java/com/seafile/seadroid2/ui/activities/ActivityAdapter.kt:66:41 Overload resolution ambiguity between candidates:
fun setText(p0: CharSequence!): Unit
fun setText(p0: Int): Unit
e: file:///Users/HONGBGU/Documents/seadroid/app/src/main/java/com/seafile/seadroid2/ui/activities/ActivityAdapter.kt:66:55 Unresolved reference 'repo_name'.
e: file:///Users/HONGBGU/Documents/seadroid/app/src/main/java/com/seafile/seadroid2/ui/activities/ActivityAdapter.kt:68:23 Unresolved reference 'op_type'.
e: file:///Users/HONGBGU/Documents/seadroid/app/src/main/java/com/seafile/seadroid2/ui/activities/ActivityAdapter.kt:69:17 Unresolved reference 'SpanUtils'.
e: file:///Users/HONGBGU/Documents/seadroid/app/src/main/java/com/seafile/seadroid2/ui/activities/ActivityAdapter.kt:69:46 Only safe (?.) or non-null asserted (!!.) calls are allowed on a nullable receiver of type 'com.seafile.seadroid2.databinding.ItemActivityBinding?'.
e: file:///Users/HONGBGU/Documents/seadroid/app/src/main/java/com/seafile/seadroid2/ui/activities/ActivityAdapter.kt:70:35 Unresolved reference 'old_name'.
e: file:///Users/HONGBGU/Documents/seadroid/app/src/main/java/com/seafile/seadroid2/ui/activities/ActivityAdapter.kt:72:22 Overload resolution ambiguity between candidates:
@RecentlyNonNull() fun append(@RecentlyNullable() p0: Any!): StringBuilder!
@RecentlyNonNull() fun append(@RecentlyNullable() p0: String!): StringBuilder!
@RecentlyNonNull() fun append(@RecentlyNullable() p0: StringBuffer!): StringBuilder!
@RecentlyNonNull() fun append(@RecentlyNullable() p0: CharSequence!): StringBuilder!
@RecentlyNonNull() fun append(p0: CharArray!): StringBuilder!
@RecentlyNonNull() fun append(p0: Boolean): StringBuilder!
@RecentlyNonNull() fun append(p0: Char): StringBuilder!
@RecentlyNonNull() fun append(p0: Int): StringBuilder!
@RecentlyNonNull() fun append(p0: Long): StringBuilder!
@RecentlyNonNull() fun append(p0: Float): StringBuilder!
@RecentlyNonNull() fun append(p0: Double): StringBuilder!
e: file:///Users/HONGBGU/Documents/seadroid/app/src/main/java/com/seafile/seadroid2/ui/activities/ActivityAdapter.kt:72:35 Unresolved reference 'name'.
e: file:///Users/HONGBGU/Documents/seadroid/app/src/main/java/com/seafile/seadroid2/ui/activities/ActivityAdapter.kt:73:22 Unresolved reference 'setForegroundColor'.
e: file:///Users/HONGBGU/Documents/seadroid/app/src/main/java/com/seafile/seadroid2/ui/activities/ActivityAdapter.kt:73:41 Unresolved reference 'ContextCompat'.
e: file:///Users/HONGBGU/Documents/seadroid/app/src/main/java/com/seafile/seadroid2/ui/activities/ActivityAdapter.kt:73:64 Unresolved reference 'context'.
e: file:///Users/HONGBGU/Documents/seadroid/app/src/main/java/com/seafile/seadroid2/ui/activities/ActivityAdapter.kt:73:73 Unresolved reference 'R'.
e: file:///Users/HONGBGU/Documents/seadroid/app/src/main/java/com/seafile/seadroid2/ui/activities/ActivityAdapter.kt:75:30 Unresolved reference 'op_type'.
e: file:///Users/HONGBGU/Documents/seadroid/app/src/main/java/com/seafile/seadroid2/ui/activities/ActivityAdapter.kt:76:31 Only safe (?.) or non-null asserted (!!.) calls are allowed on a nullable receiver of type 'com.seafile.seadroid2.databinding.ItemActivityBinding?'.
e: file:///Users/HONGBGU/Documents/seadroid/app/src/main/java/com/seafile/seadroid2/ui/activities/ActivityAdapter.kt:76:43 Overload resolution ambiguity between candidates:
fun setText(p0: CharSequence!): Unit
fun setText(p0: Int): Unit
e: file:///Users/HONGBGU/Documents/seadroid/app/src/main/java/com/seafile/seadroid2/ui/activities/ActivityAdapter.kt:76:57 Unresolved reference 'name'.
e: file:///Users/HONGBGU/Documents/seadroid/app/src/main/java/com/seafile/seadroid2/ui/activities/ActivityAdapter.kt:77:31 Only safe (?.) or non-null asserted (!!.) calls are allowed on a nullable receiver of type 'com.seafile.seadroid2.databinding.ItemActivityBinding?'.
e: file:///Users/HONGBGU/Documents/seadroid/app/src/main/java/com/seafile/seadroid2/ui/activities/ActivityAdapter.kt:77:43 Overload resolution ambiguity between candidates:
fun setTextColor(p0: Int): Unit
fun setTextColor(p0: ColorStateList!): Unit
e: file:///Users/HONGBGU/Documents/seadroid/app/src/main/java/com/seafile/seadroid2/ui/activities/ActivityAdapter.kt:78:21 Unresolved reference 'ContextCompat'.
e: file:///Users/HONGBGU/Documents/seadroid/app/src/main/java/com/seafile/seadroid2/ui/activities/ActivityAdapter.kt:79:25 Unresolved reference 'context'.
e: file:///Users/HONGBGU/Documents/seadroid/app/src/main/java/com/seafile/seadroid2/ui/activities/ActivityAdapter.kt:80:25 Unresolved reference 'R'.
e: file:///Users/HONGBGU/Documents/seadroid/app/src/main/java/com/seafile/seadroid2/ui/activities/ActivityAdapter.kt:84:31 Only safe (?.) or non-null asserted (!!.) calls are allowed on a nullable receiver of type 'com.seafile.seadroid2.databinding.ItemActivityBinding?'.
e: file:///Users/HONGBGU/Documents/seadroid/app/src/main/java/com/seafile/seadroid2/ui/activities/ActivityAdapter.kt:84:43 Overload resolution ambiguity between candidates:
fun setText(p0: CharSequence!): Unit
fun setText(p0: Int): Unit
e: file:///Users/HONGBGU/Documents/seadroid/app/src/main/java/com/seafile/seadroid2/ui/activities/ActivityAdapter.kt:84:57 Unresolved reference 'name'.
e: file:///Users/HONGBGU/Documents/seadroid/app/src/main/java/com/seafile/seadroid2/ui/activities/ActivityAdapter.kt:85:31 Only safe (?.) or non-null asserted (!!.) calls are allowed on a nullable receiver of type 'com.seafile.seadroid2.databinding.ItemActivityBinding?'.
e: file:///Users/HONGBGU/Documents/seadroid/app/src/main/java/com/seafile/seadroid2/ui/activities/ActivityAdapter.kt:85:43 Overload resolution ambiguity between candidates:
fun setTextColor(p0: Int): Unit
fun setTextColor(p0: ColorStateList!): Unit
e: file:///Users/HONGBGU/Documents/seadroid/app/src/main/java/com/seafile/seadroid2/ui/activities/ActivityAdapter.kt:86:21 Unresolved reference 'ContextCompat'.
e: file:///Users/HONGBGU/Documents/seadroid/app/src/main/java/com/seafile/seadroid2/ui/activities/ActivityAdapter.kt:87:25 Unresolved reference 'context'.
e: file:///Users/HONGBGU/Documents/seadroid/app/src/main/java/com/seafile/seadroid2/ui/activities/ActivityAdapter.kt:88:25 Unresolved reference 'R'.
e: file:///Users/HONGBGU/Documents/seadroid/app/src/main/java/com/seafile/seadroid2/ui/activities/ActivityAdapter.kt:94:18 Overload resolution ambiguity between candidates:
@NonNull() static fun with(@NonNull() context: Context): GlideRequests
@Deprecated(...) @NonNull() static fun with(@NonNull() activity: Activity): GlideRequests
@NonNull() static fun with(@NonNull() activity: FragmentActivity): GlideRequests
@NonNull() static fun with(@NonNull() fragment: Fragment): GlideRequests
@Deprecated(...) @NonNull() static fun with(@NonNull() fragment: Fragment): GlideRequests
@NonNull() static fun with(@NonNull() view: View): GlideRequests
e: file:///Users/HONGBGU/Documents/seadroid/app/src/main/java/com/seafile/seadroid2/ui/activities/ActivityAdapter.kt:94:23 Unresolved reference 'context'.
e: file:///Users/HONGBGU/Documents/seadroid/app/src/main/java/com/seafile/seadroid2/ui/activities/ActivityAdapter.kt:95:14 Unresolved reference 'load'.
e: file:///Users/HONGBGU/Documents/seadroid/app/src/main/java/com/seafile/seadroid2/ui/activities/ActivityAdapter.kt:95:25 Unresolved reference 'avatar_url'.
e: file:///Users/HONGBGU/Documents/seadroid/app/src/main/java/com/seafile/seadroid2/ui/activities/ActivityAdapter.kt:96:20 Unresolved reference 'GlideLoadConfig'.
e: file:///Users/HONGBGU/Documents/seadroid/app/src/main/java/com/seafile/seadroid2/ui/activities/ActivityAdapter.kt:97:14 Unresolved reference 'into'.
e: file:///Users/HONGBGU/Documents/seadroid/app/src/main/java/com/seafile/seadroid2/ui/activities/ActivityAdapter.kt:97:33 Only safe (?.) or non-null asserted (!!.) calls are allowed on a nullable receiver of type 'com.seafile.seadroid2.databinding.ItemActivityBinding?'.
e: file:///Users/HONGBGU/Documents/seadroid/app/src/main/java/com/seafile/seadroid2/ui/activities/ActivityViewModel.kt:41:13 Initializer type mismatch: expected 'io.reactivex.Single<kotlin.collections.MutableList<com.seafile.seadroid2.framework.db.entities.RepoModel?>?>', actual 'io.reactivex.Single<kotlin.collections.MutableList<com.seafile.seadroid2.framework.db.entities.RepoModel?>?>?'.
e: file:///Users/HONGBGU/Documents/seadroid/app/src/main/java/com/seafile/seadroid2/ui/activities/ActivityViewModel.kt:41:48 Only safe (?.) or non-null asserted (!!.) calls are allowed on a nullable receiver of type 'com.seafile.seadroid2.framework.db.AppDatabase?'.
e: file:///Users/HONGBGU/Documents/seadroid/app/src/main/java/com/seafile/seadroid2/ui/activities/ActivityViewModel.kt:41:58 Only safe (?.) or non-null asserted (!!.) calls are allowed on a nullable receiver of type 'com.seafile.seadroid2.framework.db.dao.RepoDAO?'.
e: file:///Users/HONGBGU/Documents/seadroid/app/src/main/java/com/seafile/seadroid2/ui/activities/ActivityViewModel.kt:68:13 Initializer type mismatch: expected 'io.reactivex.Single<kotlin.collections.MutableList<com.seafile.seadroid2.framework.db.entities.EncKeyCacheEntity?>?>', actual 'io.reactivex.Single<kotlin.collections.MutableList<com.seafile.seadroid2.framework.db.entities.EncKeyCacheEntity?>?>?'.
e: file:///Users/HONGBGU/Documents/seadroid/app/src/main/java/com/seafile/seadroid2/ui/activities/ActivityViewModel.kt:68:48 Only safe (?.) or non-null asserted (!!.) calls are allowed on a nullable receiver of type 'com.seafile.seadroid2.framework.db.AppDatabase?'.
e: file:///Users/HONGBGU/Documents/seadroid/app/src/main/java/com/seafile/seadroid2/ui/activities/ActivityViewModel.kt:68:65 Only safe (?.) or non-null asserted (!!.) calls are allowed on a nullable receiver of type 'com.seafile.seadroid2.framework.db.dao.EncKeyCacheDAO?'.
e: file:///Users/HONGBGU/Documents/seadroid/app/src/main/java/com/seafile/seadroid2/ui/activities/ActivityViewModel.kt:69:44 Class '<anonymous>' is not abstract and does not implement abstract member 'apply'.
e: file:///Users/HONGBGU/Documents/seadroid/app/src/main/java/com/seafile/seadroid2/ui/activities/ActivityViewModel.kt:72:13 'apply' overrides nothing.
e: file:///Users/HONGBGU/Documents/seadroid/app/src/main/java/com/seafile/seadroid2/ui/activities/ActivityViewModel.kt:112:30 None of the following candidates is applicable:
@SinceKotlin(...) @InlineOnly() fun <V> KMutableProperty0<V>.setValue(thisRef: Any?, property: KProperty<*>, value: V): Unit
@SinceKotlin(...) @InlineOnly() fun <T, V> KMutableProperty1<T, V>.setValue(thisRef: T, property: KProperty<*>, value: V): Unit
@InlineOnly() fun <V> MutableMap<in String, in V>.setValue(thisRef: Any?, property: KProperty<*>, value: V): Unit
e: file:///Users/HONGBGU/Documents/seadroid/app/src/main/java/com/seafile/seadroid2/ui/activities/ActivityViewModel.kt:119:13 Initializer type mismatch: expected 'io.reactivex.Single<com.seafile.seadroid2.framework.model.ResultModel?>', actual 'io.reactivex.Single<com.seafile.seadroid2.framework.model.ResultModel?>?'.
e: file:///Users/HONGBGU/Documents/seadroid/app/src/main/java/com/seafile/seadroid2/ui/activities/ActivityViewModel.kt:119:50 Only safe (?.) or non-null asserted (!!.) calls are allowed on a nullable receiver of type 'com.seafile.seadroid2.framework.http.HttpIO?'.
e: file:///Users/HONGBGU/Documents/seadroid/app/src/main/java/com/seafile/seadroid2/ui/activities/ActivityViewModel.kt:119:75 Argument type mismatch: actual type is 'java.lang.Class<com.seafile.seadroid2.ui.dialog_fragment.DialogService>', but 'java.lang.Class<T?>' was expected.
e: file:///Users/HONGBGU/Documents/seadroid/app/src/main/java/com/seafile/seadroid2/ui/activities/ActivityViewModel.kt:120:17 Only safe (?.) or non-null asserted (!!.) calls are allowed on a nullable receiver of type 'com.seafile.seadroid2.ui.dialog_fragment.DialogService?'.
e: file:///Users/HONGBGU/Documents/seadroid/app/src/main/java/com/seafile/seadroid2/ui/activities/ActivityViewModel.kt:130:63 Argument type mismatch: actual type is 'kotlin.String?', but 'kotlin.String' was expected.
e: file:///Users/HONGBGU/Documents/seadroid/app/src/main/java/com/seafile/seadroid2/ui/activities/ActivityViewModel.kt:138:56 Only safe (?.) or non-null asserted (!!.) calls are allowed on a nullable receiver of type 'com.seafile.seadroid2.framework.db.AppDatabase?'.
e: file:///Users/HONGBGU/Documents/seadroid/app/src/main/java/com/seafile/seadroid2/ui/activities/ActivityViewModel.kt:138:73 Only safe (?.) or non-null asserted (!!.) calls are allowed on a nullable receiver of type 'com.seafile.seadroid2.framework.db.dao.EncKeyCacheDAO?'.
e: file:///Users/HONGBGU/Documents/seadroid/app/src/main/java/com/seafile/seadroid2/ui/activities/ActivityViewModel.kt:147:34 None of the following candidates is applicable:
@SinceKotlin(...) @InlineOnly() fun <V> KMutableProperty0<V>.setValue(thisRef: Any?, property: KProperty<*>, value: V): Unit
@SinceKotlin(...) @InlineOnly() fun <T, V> KMutableProperty1<T, V>.setValue(thisRef: T, property: KProperty<*>, value: V): Unit
@InlineOnly() fun <V> MutableMap<in String, in V>.setValue(thisRef: Any?, property: KProperty<*>, value: V): Unit
e: file:///Users/HONGBGU/Documents/seadroid/app/src/main/java/com/seafile/seadroid2/ui/activities/ActivityViewModel.kt:150:34 None of the following candidates is applicable:
@SinceKotlin(...) @InlineOnly() fun <V> KMutableProperty0<V>.setValue(thisRef: Any?, property: KProperty<*>, value: V): Unit
@SinceKotlin(...) @InlineOnly() fun <T, V> KMutableProperty1<T, V>.setValue(thisRef: T, property: KProperty<*>, value: V): Unit
@InlineOnly() fun <V> MutableMap<in String, in V>.setValue(thisRef: Any?, property: KProperty<*>, value: V): Unit
e: file:///Users/HONGBGU/Documents/seadroid/app/src/main/java/com/seafile/seadroid2/ui/activities/ActivityViewModel.kt:158:36 None of the following candidates is applicable:
@SinceKotlin(...) @InlineOnly() fun <V> KMutableProperty0<V>.setValue(thisRef: Any?, property: KProperty<*>, value: V): Unit
@SinceKotlin(...) @InlineOnly() fun <T, V> KMutableProperty1<T, V>.setValue(thisRef: T, property: KProperty<*>, value: V): Unit
@InlineOnly() fun <V> MutableMap<in String, in V>.setValue(thisRef: Any?, property: KProperty<*>, value: V): Unit
e: file:///Users/HONGBGU/Documents/seadroid/app/src/main/java/com/seafile/seadroid2/ui/activities/ActivityViewModel.kt:161:13 Initializer type mismatch: expected 'io.reactivex.Single<com.seafile.seadroid2.framework.model.dirents.DirentFileModel?>', actual 'io.reactivex.Single<com.seafile.seadroid2.framework.model.dirents.DirentFileModel?>?'.
e: file:///Users/HONGBGU/Documents/seadroid/app/src/main/java/com/seafile/seadroid2/ui/activities/ActivityViewModel.kt:161:50 Only safe (?.) or non-null asserted (!!.) calls are allowed on a nullable receiver of type 'com.seafile.seadroid2.framework.http.HttpIO?'.
e: file:///Users/HONGBGU/Documents/seadroid/app/src/main/java/com/seafile/seadroid2/ui/activities/ActivityViewModel.kt:161:73 Argument type mismatch: actual type is 'java.lang.Class<com.seafile.seadroid2.ui.file.FileService>', but 'java.lang.Class<T?>' was expected.
e: file:///Users/HONGBGU/Documents/seadroid/app/src/main/java/com/seafile/seadroid2/ui/activities/ActivityViewModel.kt:162:17 Only safe (?.) or non-null asserted (!!.) calls are allowed on a nullable receiver of type 'com.seafile.seadroid2.ui.file.FileService?'.
e: file:///Users/HONGBGU/Documents/seadroid/app/src/main/java/com/seafile/seadroid2/ui/activities/ActivityViewModel.kt:164:13 Initializer type mismatch: expected 'io.reactivex.Single<kotlin.collections.MutableList<com.seafile.seadroid2.framework.db.entities.FileCacheStatusEntity?>?>', actual 'io.reactivex.Single<kotlin.collections.MutableList<com.seafile.seadroid2.framework.db.entities.FileCacheStatusEntity?>?>?'.
e: file:///Users/HONGBGU/Documents/seadroid/app/src/main/java/com/seafile/seadroid2/ui/activities/ActivityViewModel.kt:164:48 Only safe (?.) or non-null asserted (!!.) calls are allowed on a nullable receiver of type 'com.seafile.seadroid2.framework.db.AppDatabase?'.
e: file:///Users/HONGBGU/Documents/seadroid/app/src/main/java/com/seafile/seadroid2/ui/activities/ActivityViewModel.kt:164:69 Only safe (?.) or non-null asserted (!!.) calls are allowed on a nullable receiver of type 'com.seafile.seadroid2.framework.db.dao.FileCacheStatusDAO?'.
e: file:///Users/HONGBGU/Documents/seadroid/app/src/main/java/com/seafile/seadroid2/ui/activities/ActivityViewModel.kt:166:59 Class '<anonymous>' is not abstract and does not implement abstract member 'apply'.
e: file:///Users/HONGBGU/Documents/seadroid/app/src/main/java/com/seafile/seadroid2/ui/activities/ActivityViewModel.kt:168:13 'apply' overrides nothing.
e: file:///Users/HONGBGU/Documents/seadroid/app/src/main/java/com/seafile/seadroid2/ui/activities/ActivityViewModel.kt:179:29 Class '<anonymous>' is not abstract and does not implement abstract member 'apply'.
e: file:///Users/HONGBGU/Documents/seadroid/app/src/main/java/com/seafile/seadroid2/ui/activities/ActivityViewModel.kt:181:13 'apply' overrides nothing.
e: file:///Users/HONGBGU/Documents/seadroid/app/src/main/java/com/seafile/seadroid2/ui/activities/ActivityViewModel.kt:186:54 Class '<anonymous>' is not abstract and does not implement abstract member 'apply'.
e: file:///Users/HONGBGU/Documents/seadroid/app/src/main/java/com/seafile/seadroid2/ui/activities/ActivityViewModel.kt:189:21 'apply' overrides nothing.
e: file:///Users/HONGBGU/Documents/seadroid/app/src/main/java/com/seafile/seadroid2/ui/activities/ActivityViewModel.kt:211:44 None of the following candidates is applicable:
@SinceKotlin(...) @InlineOnly() fun <V> KMutableProperty0<V>.setValue(thisRef: Any?, property: KProperty<*>, value: V): Unit
@SinceKotlin(...) @InlineOnly() fun <T, V> KMutableProperty1<T, V>.setValue(thisRef: T, property: KProperty<*>, value: V): Unit
@InlineOnly() fun <V> MutableMap<in String, in V>.setValue(thisRef: Any?, property: KProperty<*>, value: V): Unit
e: file:///Users/HONGBGU/Documents/seadroid/app/src/main/java/com/seafile/seadroid2/ui/activities/ActivityViewModel.kt:219:44 None of the following candidates is applicable:
@SinceKotlin(...) @InlineOnly() fun <V> KMutableProperty0<V>.setValue(thisRef: Any?, property: KProperty<*>, value: V): Unit
@SinceKotlin(...) @InlineOnly() fun <T, V> KMutableProperty1<T, V>.setValue(thisRef: T, property: KProperty<*>, value: V): Unit
@InlineOnly() fun <V> MutableMap<in String, in V>.setValue(thisRef: Any?, property: KProperty<*>, value: V): Unit
e: file:///Users/HONGBGU/Documents/seadroid/app/src/main/java/com/seafile/seadroid2/ui/activities/ActivityViewModel.kt:225:30 None of the following candidates is applicable:
@SinceKotlin(...) @InlineOnly() fun <V> KMutableProperty0<V>.setValue(thisRef: Any?, property: KProperty<*>, value: V): Unit
@SinceKotlin(...) @InlineOnly() fun <T, V> KMutableProperty1<T, V>.setValue(thisRef: T, property: KProperty<*>, value: V): Unit
@InlineOnly() fun <V> MutableMap<in String, in V>.setValue(thisRef: Any?, property: KProperty<*>, value: V): Unit
e: file:///Users/HONGBGU/Documents/seadroid/app/src/main/java/com/seafile/seadroid2/ui/activities/ActivityViewModel.kt:226:78 Only safe (?.) or non-null asserted (!!.) calls are allowed on a nullable receiver of type 'com.seafile.seadroid2.account.SupportAccountManager?'.
e: file:///Users/HONGBGU/Documents/seadroid/app/src/main/java/com/seafile/seadroid2/ui/activities/ActivityViewModel.kt:227:55 Initializer type mismatch: expected 'io.reactivex.Single<com.seafile.seadroid2.framework.model.activities.ActivityWrapperModel?>', actual 'io.reactivex.Single<com.seafile.seadroid2.framework.model.activities.ActivityWrapperModel?>?'.
e: file:///Users/HONGBGU/Documents/seadroid/app/src/main/java/com/seafile/seadroid2/ui/activities/ActivityViewModel.kt:228:13 Only safe (?.) or non-null asserted (!!.) calls are allowed on a nullable receiver of type 'com.seafile.seadroid2.framework.http.HttpIO?'.
e: file:///Users/HONGBGU/Documents/seadroid/app/src/main/java/com/seafile/seadroid2/ui/activities/ActivityViewModel.kt:228:40 Argument type mismatch: actual type is 'java.lang.Class<com.seafile.seadroid2.ui.activities.ActivityService>', but 'java.lang.Class<T?>' was expected.
e: file:///Users/HONGBGU/Documents/seadroid/app/src/main/java/com/seafile/seadroid2/ui/activities/ActivityViewModel.kt:228:68 Only safe (?.) or non-null asserted (!!.) calls are allowed on a nullable receiver of type 'com.seafile.seadroid2.ui.activities.ActivityService?'.
e: file:///Users/HONGBGU/Documents/seadroid/app/src/main/java/com/seafile/seadroid2/ui/activities/ActivityViewModel.kt:232:38 None of the following candidates is applicable:
@SinceKotlin(...) @InlineOnly() fun <V> KMutableProperty0<V>.setValue(thisRef: Any?, property: KProperty<*>, value: V): Unit
@SinceKotlin(...) @InlineOnly() fun <T, V> KMutableProperty1<T, V>.setValue(thisRef: T, property: KProperty<*>, value: V): Unit
@InlineOnly() fun <V> MutableMap<in String, in V>.setValue(thisRef: Any?, property: KProperty<*>, value: V): Unit
e: file:///Users/HONGBGU/Documents/seadroid/app/src/main/java/com/seafile/seadroid2/ui/activities/ActivityViewModel.kt:250:44 Argument type mismatch: actual type is 'kotlin.collections.MutableList<com.seafile.seadroid2.framework.model.activities.ActivityModel>?', but 'kotlin.collections.MutableList<com.seafile.seadroid2.framework.model.activities.ActivityModel?>?' was expected.
e: file:///Users/HONGBGU/Documents/seadroid/app/src/main/java/com/seafile/seadroid2/ui/activities/ActivityViewModel.kt:255:38 None of the following candidates is applicable:
@SinceKotlin(...) @InlineOnly() fun <V> KMutableProperty0<V>.setValue(thisRef: Any?, property: KProperty<*>, value: V): Unit
@SinceKotlin(...) @InlineOnly() fun <T, V> KMutableProperty1<T, V>.setValue(thisRef: T, property: KProperty<*>, value: V): Unit
@InlineOnly() fun <V> MutableMap<in String, in V>.setValue(thisRef: Any?, property: KProperty<*>, value: V): Unit
e: file:///Users/HONGBGU/Documents/seadroid/app/src/main/java/com/seafile/seadroid2/ui/activities/ActivityViewModel.kt:263:44 None of the following candidates is applicable:
@SinceKotlin(...) @InlineOnly() fun <V> KMutableProperty0<V>.setValue(thisRef: Any?, property: KProperty<*>, value: V): Unit
@SinceKotlin(...) @InlineOnly() fun <T, V> KMutableProperty1<T, V>.setValue(thisRef: T, property: KProperty<*>, value: V): Unit
@InlineOnly() fun <V> MutableMap<in String, in V>.setValue(thisRef: Any?, property: KProperty<*>, value: V): Unit
e: file:///Users/HONGBGU/Documents/seadroid/app/src/main/java/com/seafile/seadroid2/ui/activities/AllActivitiesFragment.kt:166:16 Only safe (?.) or non-null asserted (!!.) calls are allowed on a nullable receiver of type 'android.widget.TextView?'.
e: file:///Users/HONGBGU/Documents/seadroid/app/src/main/java/com/seafile/seadroid2/ui/activities/AllActivitiesFragment.kt:167:16 Only safe (?.) or non-null asserted (!!.) calls are allowed on a nullable receiver of type 'android.widget.TextView?'.
e: file:///Users/HONGBGU/Documents/seadroid/app/src/main/java/com/seafile/seadroid2/ui/activities/AllActivitiesFragment.kt:168:19 Unresolved reference 'stateView'.
e: file:///Users/HONGBGU/Documents/seadroid/app/src/main/java/com/seafile/seadroid2/ui/activities/AllActivitiesFragment.kt:169:19 Unresolved reference 'isStateViewEnable'.
e: file:///Users/HONGBGU/Documents/seadroid/app/src/main/java/com/seafile/seadroid2/ui/activities/AllActivitiesFragment.kt:171:19 Unresolved reference 'setOnItemClickListener'.
e: file:///Users/HONGBGU/Documents/seadroid/app/src/main/java/com/seafile/seadroid2/ui/activities/AllActivitiesFragment.kt:171:79 Argument type mismatch: actual type is 'kotlin.Function3<com.chad.library.adapter4.BaseQuickAdapter<com.seafile.seadroid2.framework.model.BaseModel?, *>?, android.view.View?, kotlin.Int, kotlin.Unit>', but 'kotlin.Function3<com.chad.library.adapter4.BaseQuickAdapter<T, *>, android.view.View, kotlin.Int, kotlin.Unit>' was expected.
e: file:///Users/HONGBGU/Documents/seadroid/app/src/main/java/com/seafile/seadroid2/ui/activities/AllActivitiesFragment.kt:171:116 Type argument is not within its bounds: should be subtype of 'kotlin.Any'.
e: file:///Users/HONGBGU/Documents/seadroid/app/src/main/java/com/seafile/seadroid2/ui/activities/AllActivitiesFragment.kt:172:43 Unresolved reference 'items'.
e: file:///Users/HONGBGU/Documents/seadroid/app/src/main/java/com/seafile/seadroid2/ui/activities/AllActivitiesFragment.kt:178:45 Argument type mismatch: actual type is 'com.seafile.seadroid2.ui.activities.ActivityAdapter', but 'com.chad.library.adapter4.BaseQuickAdapter<*, *>' was expected.
e: file:///Users/HONGBGU/Documents/seadroid/app/src/main/java/com/seafile/seadroid2/ui/activities/AllActivitiesFragment.kt:204:19 Unresolved reference 'submitList'.
e: file:///Users/HONGBGU/Documents/seadroid/app/src/main/java/com/seafile/seadroid2/ui/activities/AllActivitiesFragment.kt:208:16 Only safe (?.) or non-null asserted (!!.) calls are allowed on a nullable receiver of type 'android.widget.TextView?'.
e: file:///Users/HONGBGU/Documents/seadroid/app/src/main/java/com/seafile/seadroid2/ui/activities/AllActivitiesFragment.kt:209:16 Only safe (?.) or non-null asserted (!!.) calls are allowed on a nullable receiver of type 'android.widget.TextView?'.
e: file:///Users/HONGBGU/Documents/seadroid/app/src/main/java/com/seafile/seadroid2/ui/activities/AllActivitiesFragment.kt:210:19 Unresolved reference 'stateView'.
e: file:///Users/HONGBGU/Documents/seadroid/app/src/main/java/com/seafile/seadroid2/ui/activities/AllActivitiesFragment.kt:211:19 Unresolved reference 'isStateViewEnable'.
e: file:///Users/HONGBGU/Documents/seadroid/app/src/main/java/com/seafile/seadroid2/ui/activities/AllActivitiesFragment.kt:216:14 Unresolved reference 'observe'.
e: file:///Users/HONGBGU/Documents/seadroid/app/src/main/java/com/seafile/seadroid2/ui/activities/AllActivitiesFragment.kt:216:47 Class '<anonymous>' is not abstract and does not implement abstract member 'onChanged'.
e: file:///Users/HONGBGU/Documents/seadroid/app/src/main/java/com/seafile/seadroid2/ui/activities/AllActivitiesFragment.kt:217:17 'onChanged' overrides nothing.
e: file:///Users/HONGBGU/Documents/seadroid/app/src/main/java/com/seafile/seadroid2/ui/activities/AllActivitiesFragment.kt:222:14 Unresolved reference 'observe'.
e: file:///Users/HONGBGU/Documents/seadroid/app/src/main/java/com/seafile/seadroid2/ui/activities/AllActivitiesFragment.kt:222:47 Class '<anonymous>' is not abstract and does not implement abstract member 'onChanged'.
e: file:///Users/HONGBGU/Documents/seadroid/app/src/main/java/com/seafile/seadroid2/ui/activities/AllActivitiesFragment.kt:223:17 'onChanged' overrides nothing.
e: file:///Users/HONGBGU/Documents/seadroid/app/src/main/java/com/seafile/seadroid2/ui/activities/AllActivitiesFragment.kt:229:14 Unresolved reference 'observe'.
e: file:///Users/HONGBGU/Documents/seadroid/app/src/main/java/com/seafile/seadroid2/ui/activities/AllActivitiesFragment.kt:229:47 Class '<anonymous>' is not abstract and does not implement abstract member 'onChanged'.
e: file:///Users/HONGBGU/Documents/seadroid/app/src/main/java/com/seafile/seadroid2/ui/activities/AllActivitiesFragment.kt:230:17 'onChanged' overrides nothing.
e: file:///Users/HONGBGU/Documents/seadroid/app/src/main/java/com/seafile/seadroid2/ui/activities/AllActivitiesFragment.kt:238:27 Unresolved reference 'isStateViewEnable'.
e: file:///Users/HONGBGU/Documents/seadroid/app/src/main/java/com/seafile/seadroid2/ui/activities/AllActivitiesFragment.kt:240:31 Unresolved reference 'submitList'.
e: file:///Users/HONGBGU/Documents/seadroid/app/src/main/java/com/seafile/seadroid2/ui/activities/AllActivitiesFragment.kt:242:31 Unresolved reference 'addAll'.
e: file:///Users/HONGBGU/Documents/seadroid/app/src/main/java/com/seafile/seadroid2/ui/activities/AllActivitiesFragment.kt:262:19 Unresolved reference 'isStateViewEnable'.
e: file:///Users/HONGBGU/Documents/seadroid/app/src/main/java/com/seafile/seadroid2/ui/activities/AllActivitiesFragment.kt:360:29 Argument type mismatch: actual type is 'kotlin.String?', but 'kotlin.String' was expected.
e: file:///Users/HONGBGU/Documents/seadroid/app/src/main/java/com/seafile/seadroid2/ui/activities/AllActivitiesFragment.kt:362:29 Class '<anonymous>' is not abstract and does not implement abstract member 'accept'.
e: file:///Users/HONGBGU/Documents/seadroid/app/src/main/java/com/seafile/seadroid2/ui/activities/AllActivitiesFragment.kt:364:33 'accept' overrides nothing.
e: file:///Users/HONGBGU/Documents/seadroid/app/src/main/java/com/seafile/seadroid2/ui/activities/AllActivitiesFragment.kt:390:26 Argument type mismatch: actual type is 'kotlin.reflect.KClass<androidx.media3.common.util.UnstableApi>', but 'kotlin.Array<out kotlin.reflect.KClass<out kotlin.Annotation>>' was expected.
e: file:///Users/HONGBGU/Documents/seadroid/app/src/main/java/com/seafile/seadroid2/ui/activities/AllActivitiesFragment.kt:390:26 Assigning single elements to varargs in named form is prohibited.
e: file:///Users/HONGBGU/Documents/seadroid/app/src/main/java/com/seafile/seadroid2/ui/activities/AllActivitiesFragment.kt:392:35 Argument type mismatch: actual type is 'kotlin.String?', but 'kotlin.String' was expected.
e: file:///Users/HONGBGU/Documents/seadroid/app/src/main/java/com/seafile/seadroid2/ui/activities/AllActivitiesFragment.kt:398:38 Only safe (?.) or non-null asserted (!!.) calls are allowed on a nullable receiver of type 'kotlin.String?'.
e: file:///Users/HONGBGU/Documents/seadroid/app/src/main/java/com/seafile/seadroid2/ui/activities/AllActivitiesFragment.kt:406:38 Only safe (?.) or non-null asserted (!!.) calls are allowed on a nullable receiver of type 'kotlin.String?'.
e: file:///Users/HONGBGU/Documents/seadroid/app/src/main/java/com/seafile/seadroid2/ui/activities/AllActivitiesFragment.kt:406:106 Only safe (?.) or non-null asserted (!!.) calls are allowed on a nullable receiver of type 'kotlin.String?'.
e: file:///Users/HONGBGU/Documents/seadroid/app/src/main/java/com/seafile/seadroid2/ui/activities/AllActivitiesFragment.kt:423:29 Argument type mismatch: actual type is 'android.content.Context?', but 'android.content.Context' was expected.
e: file:///Users/HONGBGU/Documents/seadroid/app/src/main/java/com/seafile/seadroid2/ui/activities/AllActivitiesFragment.kt:435:41 Argument type mismatch: actual type is 'android.content.Context?', but 'android.content.Context' was expected.
e: file:///Users/HONGBGU/Documents/seadroid/app/src/main/java/com/seafile/seadroid2/ui/activities/AllActivitiesFragment.kt:452:41 Argument type mismatch: actual type is 'kotlin.String?', but 'kotlin.String' was expected.
e: file:///Users/HONGBGU/Documents/seadroid/app/src/main/java/com/seafile/seadroid2/ui/activities/AllActivitiesFragment.kt:516:78 Only safe (?.) or non-null asserted (!!.) calls are allowed on a nullable receiver of type 'com.seafile.seadroid2.account.SupportAccountManager?'.
e: file:///Users/HONGBGU/Documents/seadroid/app/src/main/java/com/seafile/seadroid2/ui/base/BaseActivityWithVM.kt:6:61 Cannot import 'equals'. Functions and properties can only be imported from packages or objects.
e: file:///Users/HONGBGU/Documents/seadroid/app/src/main/java/com/seafile/seadroid2/ui/base/BaseActivityWithVM.kt:7:65 Cannot import 'equals'. Functions and properties can only be imported from packages or objects.
e: file:///Users/HONGBGU/Documents/seadroid/app/src/main/java/com/seafile/seadroid2/ui/base/BaseActivityWithVM.kt:36:39 None of the following candidates is applicable:
@MainThread() fun <T : ViewModel> get(modelClass: Class<T>): T
@MainThread() fun <T : ViewModel> get(modelClass: KClass<T>): T
e: file:///Users/HONGBGU/Documents/seadroid/app/src/main/java/com/seafile/seadroid2/ui/base/BaseMediaSelectorActivity.kt:3:20 Conflicting import: imported name 'Uri' is ambiguous.
e: file:///Users/HONGBGU/Documents/seadroid/app/src/main/java/com/seafile/seadroid2/ui/base/BaseMediaSelectorActivity.kt:4:19 Conflicting import: imported name 'Bundle' is ambiguous.
e: file:///Users/HONGBGU/Documents/seadroid/app/src/main/java/com/seafile/seadroid2/ui/base/BaseMediaSelectorActivity.kt:5:21 Conflicting import: imported name 'MenuItem' is ambiguous.
e: file:///Users/HONGBGU/Documents/seadroid/app/src/main/java/com/seafile/seadroid2/ui/base/BaseMediaSelectorActivity.kt:6:33 Conflicting import: imported name 'ActivityResultLauncher' is ambiguous.
e: file:///Users/HONGBGU/Documents/seadroid/app/src/main/java/com/seafile/seadroid2/ui/base/BaseMediaSelectorActivity.kt:7:33 Conflicting import: imported name 'PickVisualMediaRequest' is ambiguous.
e: file:///Users/HONGBGU/Documents/seadroid/app/src/main/java/com/seafile/seadroid2/ui/base/BaseMediaSelectorActivity.kt:8:82 Conflicting import: imported name 'ImageAndVideo' is ambiguous.
e: file:///Users/HONGBGU/Documents/seadroid/app/src/main/java/com/seafile/seadroid2/ui/base/BaseMediaSelectorActivity.kt:9:82 Conflicting import: imported name 'ImageOnly' is ambiguous.
e: file:///Users/HONGBGU/Documents/seadroid/app/src/main/java/com/seafile/seadroid2/ui/base/BaseMediaSelectorActivity.kt:10:30 Conflicting import: imported name 'R' is ambiguous.
e: file:///Users/HONGBGU/Documents/seadroid/app/src/main/java/com/seafile/seadroid2/ui/base/BaseMediaSelectorActivity.kt:11:44 Conflicting import: imported name 'BaseViewModel' is ambiguous.
e: file:///Users/HONGBGU/Documents/seadroid/app/src/main/java/com/seafile/seadroid2/ui/base/BaseMediaSelectorActivity.kt:12:45 Conflicting import: imported name 'Logs' is ambiguous.
e: file:///Users/HONGBGU/Documents/seadroid/app/src/main/java/com/seafile/seadroid2/ui/base/BaseMediaSelectorActivity.kt:13:49 Conflicting import: imported name 'BottomSheetHelper' is ambiguous.
e: file:///Users/HONGBGU/Documents/seadroid/app/src/main/java/com/seafile/seadroid2/ui/base/BaseMediaSelectorActivity.kt:14:49 Conflicting import: imported name 'OnMenuClickListener' is ambiguous.
e: file:///Users/HONGBGU/Documents/seadroid/app/src/main/java/com/seafile/seadroid2/ui/base/BaseMediaSelectorActivity.kt:15:16 Conflicting import: imported name 'File' is ambiguous.
e: file:///Users/HONGBGU/Documents/seadroid/app/src/main/java/com/seafile/seadroid2/ui/base/BaseMediaSelectorActivity.kt:17:54 Cannot import 'endOfPaginationReached'. Functions and properties can only be imported from packages or objects.
e: file:///Users/HONGBGU/Documents/seadroid/app/src/main/java/com/seafile/seadroid2/ui/base/BaseMediaSelectorActivity.kt:18:78 Cannot import 'invokeFailRetry'. Functions and properties can only be imported from packages or objects.
e: file:///Users/HONGBGU/Documents/seadroid/app/src/main/java/com/seafile/seadroid2/ui/base/BaseMediaSelectorActivity.kt:19:61 Cannot import 'build'. Functions and properties can only be imported from packages or objects.
e: file:///Users/HONGBGU/Documents/seadroid/app/src/main/java/com/seafile/seadroid2/ui/base/BaseMediaSelectorActivity.kt:20:45 Cannot import 'get'. Functions and properties can only be imported from packages or objects.
e: file:///Users/HONGBGU/Documents/seadroid/app/src/main/java/com/seafile/seadroid2/ui/base/BaseMediaSelectorActivity.kt:21:56 Cannot import 'launch'. Functions and properties can only be imported from packages or objects.
e: file:///Users/HONGBGU/Documents/seadroid/app/src/main/java/com/seafile/seadroid2/ui/base/BaseMediaSelectorActivity.kt:22:64 Cannot import 'setMediaType'. Functions and properties can only be imported from packages or objects.
e: file:///Users/HONGBGU/Documents/seadroid/app/src/main/java/com/seafile/seadroid2/ui/base/BaseMediaSelectorActivity.kt:23:64 Cannot import 'build'. Functions and properties can only be imported from packages or objects.
e: file:///Users/HONGBGU/Documents/seadroid/app/src/main/java/com/seafile/seadroid2/ui/base/BaseMediaSelectorActivity.kt:24:44 Cannot import 'onBackPressedDispatcher'. Functions and properties can only be imported from packages or objects.
e: file:///Users/HONGBGU/Documents/seadroid/app/src/main/java/com/seafile/seadroid2/ui/base/BaseMediaSelectorActivity.kt:25:50 Cannot import 'addCallback'. Functions and properties can only be imported from packages or objects.
e: file:///Users/HONGBGU/Documents/seadroid/app/src/main/java/com/seafile/seadroid2/ui/base/BaseMediaSelectorActivity.kt:26:44 Cannot import 'onNewIntent'. Functions and properties can only be imported from packages or objects.
e: file:///Users/HONGBGU/Documents/seadroid/app/src/main/java/com/seafile/seadroid2/ui/base/BaseMediaSelectorActivity.kt:27:44 Cannot import 'invalidateMenu'. Functions and properties can only be imported from packages or objects.
e: file:///Users/HONGBGU/Documents/seadroid/app/src/main/java/com/seafile/seadroid2/ui/base/BaseMediaSelectorActivity.kt:28:57 Cannot import 'isProEdition'. Functions and properties can only be imported from packages or objects.
e: file:///Users/HONGBGU/Documents/seadroid/app/src/main/java/com/seafile/seadroid2/ui/base/BaseMediaSelectorActivity.kt:29:69 Cannot import 'getFeaturesString'. Functions and properties can only be imported from packages or objects.
e: file:///Users/HONGBGU/Documents/seadroid/app/src/main/java/com/seafile/seadroid2/ui/base/BaseMediaSelectorActivity.kt:30:51 Cannot import 'submitList'. Functions and properties can only be imported from packages or objects.
e: file:///Users/HONGBGU/Documents/seadroid/app/src/main/java/com/seafile/seadroid2/ui/base/BaseMediaSelectorActivity.kt:31:51 Cannot import 'setOnItemClickListener'. Functions and properties can only be imported from packages or objects.
e: file:///Users/HONGBGU/Documents/seadroid/app/src/main/java/com/seafile/seadroid2/ui/base/BaseMediaSelectorActivity.kt:32:51 Cannot import 'getItem'. Functions and properties can only be imported from packages or objects.
e: file:///Users/HONGBGU/Documents/seadroid/app/src/main/java/com/seafile/seadroid2/ui/base/BaseMediaSelectorActivity.kt:33:51 Cannot import 'getItemCount'. Functions and properties can only be imported from packages or objects.
e: file:///Users/HONGBGU/Documents/seadroid/app/src/main/java/com/seafile/seadroid2/ui/base/BaseMediaSelectorActivity.kt:34:55 Cannot import 'addItemType'. Functions and properties can only be imported from packages or objects.
e: file:///Users/HONGBGU/Documents/seadroid/app/src/main/java/com/seafile/seadroid2/ui/base/BaseMediaSelectorActivity.kt:35:82 Cannot import 'onBind'. Functions and properties can only be imported from packages or objects.
e: file:///Users/HONGBGU/Documents/seadroid/app/src/main/java/com/seafile/seadroid2/ui/base/BaseMediaSelectorActivity.kt:36:55 Cannot import 'onItemViewType'. Functions and properties can only be imported from packages or objects.
e: file:///Users/HONGBGU/Documents/seadroid/app/src/main/java/com/seafile/seadroid2/ui/base/BaseMediaSelectorActivity.kt:37:51 Cannot import 'onAttachedToRecyclerView'. Functions and properties can only be imported from packages or objects.
e: file:///Users/HONGBGU/Documents/seadroid/app/src/main/java/com/seafile/seadroid2/ui/base/BaseMediaSelectorActivity.kt:38:51 Cannot import 'context'. Functions and properties can only be imported from packages or objects.
e: file:///Users/HONGBGU/Documents/seadroid/app/src/main/java/com/seafile/seadroid2/ui/base/BaseMediaSelectorActivity.kt:39:65 Cannot import 'isDir'. Functions and properties can only be imported from packages or objects.
e: file:///Users/HONGBGU/Documents/seadroid/app/src/main/java/com/seafile/seadroid2/ui/base/BaseMediaSelectorActivity.kt:40:65 Cannot import 'getSubtitle'. Functions and properties can only be imported from packages or objects.
e: file:///Users/HONGBGU/Documents/seadroid/app/src/main/java/com/seafile/seadroid2/ui/base/BaseMediaSelectorActivity.kt:41:65 Cannot import 'getIcon'. Functions and properties can only be imported from packages or objects.
e: file:///Users/HONGBGU/Documents/seadroid/app/src/main/java/com/seafile/seadroid2/ui/base/BaseMediaSelectorActivity.kt:42:51 Cannot import 'items'. Functions and properties can only be imported from packages or objects.
e: file:///Users/HONGBGU/Documents/seadroid/app/src/main/java/com/seafile/seadroid2/ui/base/BaseMediaSelectorActivity.kt:43:61 Cannot import 'equals'. Functions and properties can only be imported from packages or objects.
e: file:///Users/HONGBGU/Documents/seadroid/app/src/main/java/com/seafile/seadroid2/ui/base/BaseMediaSelectorActivity.kt:44:65 Cannot import 'equals'. Functions and properties can only be imported from packages or objects.
e: file:///Users/HONGBGU/Documents/seadroid/app/src/main/java/com/seafile/seadroid2/ui/base/BaseMediaSelectorActivity.kt:45:70 Cannot import 'invisibleOriginItemWhenStickyItemShowing'. Functions and properties can only be imported from packages or objects.
e: file:///Users/HONGBGU/Documents/seadroid/app/src/main/java/com/seafile/seadroid2/ui/base/BaseMediaSelectorActivity.kt:46:70 Cannot import 'disabledScrollUpStickyItem'. Functions and properties can only be imported from packages or objects.
e: file:///Users/HONGBGU/Documents/seadroid/app/src/main/java/com/seafile/seadroid2/ui/base/BaseMediaSelectorActivity.kt:47:70 Cannot import 'showInContainer'. Functions and properties can only be imported from packages or objects.
e: file:///Users/HONGBGU/Documents/seadroid/app/src/main/java/com/seafile/seadroid2/ui/base/BaseMediaSelectorActivity.kt:48:70 Cannot import 'build'. Functions and properties can only be imported from packages or objects.
e: file:///Users/HONGBGU/Documents/seadroid/app/src/main/java/com/seafile/seadroid2/ui/base/BaseMediaSelectorActivity.kt:49:57 Cannot import 'isSearchEnabled'. Functions and properties can only be imported from packages or objects.
e: file:///Users/HONGBGU/Documents/seadroid/app/src/main/java/com/seafile/seadroid2/ui/base/BaseMediaSelectorActivity.kt:50:51 Cannot import 'set'. Functions and properties can only be imported from packages or objects.
e: file:///Users/HONGBGU/Documents/seadroid/app/src/main/java/com/seafile/seadroid2/ui/base/BaseMediaSelectorActivity.kt:51:51 Cannot import 'setOnItemLongClickListener'. Functions and properties can only be imported from packages or objects.
e: file:///Users/HONGBGU/Documents/seadroid/app/src/main/java/com/seafile/seadroid2/ui/base/BaseMediaSelectorActivity.kt:52:51 Cannot import 'addAll'. Functions and properties can only be imported from packages or objects.
e: file:///Users/HONGBGU/Documents/seadroid/app/src/main/java/com/seafile/seadroid2/ui/base/BaseMediaSelectorActivity.kt:53:61 Cannot import 'getRepoList'. Functions and properties can only be imported from packages or objects.
e: file:///Users/HONGBGU/Documents/seadroid/app/src/main/java/com/seafile/seadroid2/ui/base/BaseMediaSelectorActivity.kt:54:51 Cannot import 'removeAtRange'. Functions and properties can only be imported from packages or objects.
e: file:///Users/HONGBGU/Documents/seadroid/app/src/main/java/com/seafile/seadroid2/ui/base/BaseMediaSelectorActivity.kt:55:51 Cannot import 'stateView'. Functions and properties can only be imported from packages or objects.
e: file:///Users/HONGBGU/Documents/seadroid/app/src/main/java/com/seafile/seadroid2/ui/base/BaseMediaSelectorActivity.kt:56:51 Cannot import 'isStateViewEnable'. Functions and properties can only be imported from packages or objects.
e: file:///Users/HONGBGU/Documents/seadroid/app/src/main/java/com/seafile/seadroid2/ui/base/BaseMediaSelectorActivity.kt:58:51 Cannot import 'animationEnable'. Functions and properties can only be imported from packages or objects.
e: file:///Users/HONGBGU/Documents/seadroid/app/src/main/java/com/seafile/seadroid2/ui/base/BaseMediaSelectorActivity.kt:59:51 Cannot import 'setStateViewLayout'. Functions and properties can only be imported from packages or objects.
e: file:///Users/HONGBGU/Documents/seadroid/app/src/main/java/com/seafile/seadroid2/ui/base/BaseMediaSelectorActivity.kt:60:51 Cannot import 'addOnItemChildClickListener'. Functions and properties can only be imported from packages or objects.
e: file:///Users/HONGBGU/Documents/seadroid/app/src/main/java/com/seafile/seadroid2/ui/base/BaseMediaSelectorActivity.kt:61:53 Cannot import 'adapter'. Functions and properties can only be imported from packages or objects.
e: file:///Users/HONGBGU/Documents/seadroid/app/src/main/java/com/seafile/seadroid2/ui/base/BaseMediaSelectorActivity.kt:62:74 Cannot import 'setMetadataConfigModel'. Functions and properties can only be imported from packages or objects.
e: file:///Users/HONGBGU/Documents/seadroid/app/src/main/java/com/seafile/seadroid2/ui/base/BaseMediaSelectorActivity.kt:63:74 Cannot import 'setDetail'. Functions and properties can only be imported from packages or objects.
e: file:///Users/HONGBGU/Documents/seadroid/app/src/main/java/com/seafile/seadroid2/ui/base/BaseMediaSelectorActivity.kt:64:74 Cannot import 'getMetaEnabled'. Functions and properties can only be imported from packages or objects.
e: file:///Users/HONGBGU/Documents/seadroid/app/src/main/java/com/seafile/seadroid2/ui/base/BaseMediaSelectorActivity.kt:65:74 Cannot import 'getTagsEnabled'. Functions and properties can only be imported from packages or objects.
e: file:///Users/HONGBGU/Documents/seadroid/app/src/main/java/com/seafile/seadroid2/ui/base/BaseMediaSelectorActivity.kt:66:74 Cannot import 'initDefaultIfMetaNotEnable'. Functions and properties can only be imported from packages or objects.
e: file:///Users/HONGBGU/Documents/seadroid/app/src/main/java/com/seafile/seadroid2/ui/base/BaseMediaSelectorActivity.kt:67:74 Cannot import 'setRelatedUserWrapperModel'. Functions and properties can only be imported from packages or objects.
e: file:///Users/HONGBGU/Documents/seadroid/app/src/main/java/com/seafile/seadroid2/ui/base/BaseMediaSelectorActivity.kt:68:74 Cannot import 'addRecordWrapperModel'. Functions and properties can only be imported from packages or objects.
e: file:///Users/HONGBGU/Documents/seadroid/app/src/main/java/com/seafile/seadroid2/ui/base/BaseMediaSelectorActivity.kt:69:74 Cannot import 'setTagWrapperModel'. Functions and properties can only be imported from packages or objects.
e: file:///Users/HONGBGU/Documents/seadroid/app/src/main/java/com/seafile/seadroid2/ui/base/BaseMediaSelectorActivity.kt:70:44 Cannot import 'onSaveInstanceState'. Functions and properties can only be imported from packages or objects.
e: file:///Users/HONGBGU/Documents/seadroid/app/src/main/java/com/seafile/seadroid2/ui/base/BaseMediaSelectorActivity.kt:71:72 Cannot import 'canUse'. Functions and properties can only be imported from packages or objects.
e: file:///Users/HONGBGU/Documents/seadroid/app/src/main/java/com/seafile/seadroid2/ui/base/BaseMediaSelectorActivity.kt:72:36 Cannot import 'accept'. Functions and properties can only be imported from packages or objects.
e: file:///Users/HONGBGU/Documents/seadroid/app/src/main/java/com/seafile/seadroid2/ui/base/BaseMediaSelectorActivity.kt:73:20 Cannot import 'second'. Functions and properties can only be imported from packages or objects.
e: file:///Users/HONGBGU/Documents/seadroid/app/src/main/java/com/seafile/seadroid2/ui/base/BaseMediaSelectorActivity.kt:75:51 Cannot import 'removeAt'. Functions and properties can only be imported from packages or objects.
e: file:///Users/HONGBGU/Documents/seadroid/app/src/main/java/com/seafile/seadroid2/ui/base/BaseMediaSelectorActivity.kt:76:62 Cannot import 'getSubjectName'. Functions and properties can only be imported from packages or objects.
e: file:///Users/HONGBGU/Documents/seadroid/app/src/main/java/com/seafile/seadroid2/ui/base/BaseMediaSelectorActivity.kt:77:62 Cannot import 'getSignature'. Functions and properties can only be imported from packages or objects.
e: file:///Users/HONGBGU/Documents/seadroid/app/src/main/java/com/seafile/seadroid2/ui/base/BaseMediaSelectorActivity.kt:78:62 Cannot import 'getSerialNumber'. Functions and properties can only be imported from packages or objects.
e: file:///Users/HONGBGU/Documents/seadroid/app/src/main/java/com/seafile/seadroid2/ui/base/BaseMediaSelectorActivity.kt:79:62 Cannot import 'getNotBefore'. Functions and properties can only be imported from packages or objects.
e: file:///Users/HONGBGU/Documents/seadroid/app/src/main/java/com/seafile/seadroid2/ui/base/BaseMediaSelectorActivity.kt:80:62 Cannot import 'getNotAfter'. Functions and properties can only be imported from packages or objects.
e: file:///Users/HONGBGU/Documents/seadroid/app/src/main/java/com/seafile/seadroid2/ui/base/BaseMediaSelectorActivity.kt:81:50 Cannot import 'onBackPressed'. Functions and properties can only be imported from packages or objects.
e: file:///Users/HONGBGU/Documents/seadroid/app/src/main/java/com/seafile/seadroid2/ui/base/BaseMediaSelectorActivity.kt:83:44 Cannot import 'code'. Functions and properties can only be imported from packages or objects.
e: file:///Users/HONGBGU/Documents/seadroid/app/src/main/java/com/seafile/seadroid2/ui/base/BaseMediaSelectorActivity.kt:84:44 Cannot import 'indexOfKey'. Functions and properties can only be imported from packages or objects.
e: file:///Users/HONGBGU/Documents/seadroid/app/src/main/java/com/seafile/seadroid2/ui/base/BaseMediaSelectorActivity.kt:85:44 Cannot import 'valueAt'. Functions and properties can only be imported from packages or objects.
e: file:///Users/HONGBGU/Documents/seadroid/app/src/main/java/com/seafile/seadroid2/ui/base/BaseMediaSelectorActivity.kt:86:44 Cannot import 'put'. Functions and properties can only be imported from packages or objects.
e: file:///Users/HONGBGU/Documents/seadroid/app/src/main/java/com/seafile/seadroid2/ui/base/BaseMediaSelectorActivity.kt:87:71 Cannot import 'getTime'. Functions and properties can only be imported from packages or objects.
e: file:///Users/HONGBGU/Documents/seadroid/app/src/main/java/com/seafile/seadroid2/ui/base/BaseMediaSelectorActivity.kt:88:61 Cannot import 'setTrailingLoadStateAdapter'. Functions and properties can only be imported from packages or objects.
e: file:///Users/HONGBGU/Documents/seadroid/app/src/main/java/com/seafile/seadroid2/ui/base/BaseMediaSelectorActivity.kt:89:78 Cannot import 'setOnLoadMoreListener'. Functions and properties can only be imported from packages or objects.
e: file:///Users/HONGBGU/Documents/seadroid/app/src/main/java/com/seafile/seadroid2/ui/base/BaseMediaSelectorActivity.kt:90:53 Cannot import 'trailingLoadState'. Functions and properties can only be imported from packages or objects.
e: file:///Users/HONGBGU/Documents/seadroid/app/src/main/java/com/seafile/seadroid2/ui/base/BaseMediaSelectorActivity.kt:91:53 Cannot import 'trailingLoadStateAdapter'. Functions and properties can only be imported from packages or objects.
e: file:///Users/HONGBGU/Documents/seadroid/app/src/main/java/com/seafile/seadroid2/ui/base/BaseMediaSelectorActivity.kt:92:78 Cannot import 'checkDisableLoadMoreIfNotFullPage'. Functions and properties can only be imported from packages or objects.
e: file:///Users/HONGBGU/Documents/seadroid/app/src/main/java/com/seafile/seadroid2/ui/base/BaseMediaSelectorActivity.kt:94:76 Cannot import 'getCreatedAtFriendlyText'. Functions and properties can only be imported from packages or objects.
e: file:///Users/HONGBGU/Documents/seadroid/app/src/main/java/com/seafile/seadroid2/ui/base/BaseMediaSelectorActivity.kt:95:20 Cannot import 'first'. Functions and properties can only be imported from packages or objects.
e: file:///Users/HONGBGU/Documents/seadroid/app/src/main/java/com/seafile/seadroid2/ui/base/BaseMediaSelectorActivity.kt:96:61 Cannot import 'getAvatarUrl'. Functions and properties can only be imported from packages or objects.
e: file:///Users/HONGBGU/Documents/seadroid/app/src/main/java/com/seafile/seadroid2/ui/base/BaseMediaSelectorActivity.kt:97:74 Cannot import 'getRecordMetaDataList'. Functions and properties can only be imported from packages or objects.
e: file:///Users/HONGBGU/Documents/seadroid/app/src/main/java/com/seafile/seadroid2/ui/base/BaseMediaSelectorActivity.kt:98:74 Cannot import 'setRecordMetaDataList'. Functions and properties can only be imported from packages or objects.
e: file:///Users/HONGBGU/Documents/seadroid/app/src/main/java/com/seafile/seadroid2/ui/base/BaseMediaSelectorActivity.kt:99:74 Cannot import 'getRecordResultList'. Functions and properties can only be imported from packages or objects.
e: file:///Users/HONGBGU/Documents/seadroid/app/src/main/java/com/seafile/seadroid2/ui/base/BaseMediaSelectorActivity.kt:100:61 Cannot import 'name'. Functions and properties can only be imported from packages or objects.
e: file:///Users/HONGBGU/Documents/seadroid/app/src/main/java/com/seafile/seadroid2/ui/base/BaseMediaSelectorActivity.kt:101:74 Cannot import 'getRelatedUserList'. Functions and properties can only be imported from packages or objects.
e: file:///Users/HONGBGU/Documents/seadroid/app/src/main/java/com/seafile/seadroid2/ui/base/BaseMediaSelectorActivity.kt:102:61 Cannot import 'email'. Functions and properties can only be imported from packages or objects.
e: file:///Users/HONGBGU/Documents/seadroid/app/src/main/java/com/seafile/seadroid2/ui/base/BaseMediaSelectorActivity.kt:104:72 Cannot import 'toString'. Functions and properties can only be imported from packages or objects.
e: file:///Users/HONGBGU/Documents/seadroid/app/src/main/java/com/seafile/seadroid2/ui/base/BaseMediaSelectorActivity.kt:105:48 Cannot import 'setKeepOnScreenCondition'. Functions and properties can only be imported from packages or objects.
e: file:///Users/HONGBGU/Documents/seadroid/app/src/main/java/com/seafile/seadroid2/ui/base/BaseMediaSelectorActivity.kt:106:74 Cannot import 'getDetail'. Functions and properties can only be imported from packages or objects.
e: file:///Users/HONGBGU/Documents/seadroid/app/src/main/java/com/seafile/seadroid2/ui/base/BaseMediaSelectorActivity.kt:107:74 Cannot import 'getTagMap'. Functions and properties can only be imported from packages or objects.
e: file:///Users/HONGBGU/Documents/seadroid/app/src/main/java/com/seafile/seadroid2/ui/base/BaseMediaSelectorActivity.kt:108:57 Cannot import 'getUrl'. Functions and properties can only be imported from packages or objects.
e: file:///Users/HONGBGU/Documents/seadroid/app/src/main/java/com/seafile/seadroid2/ui/base/BaseMediaSelectorActivity.kt:109:57 Cannot import 'getVersion'. Functions and properties can only be imported from packages or objects.
e: file:///Users/HONGBGU/Documents/seadroid/app/src/main/java/com/seafile/seadroid2/ui/base/BaseMediaSelectorActivity.kt:110:57 Cannot import 'getEncrypted_library_version'. Functions and properties can only be imported from packages or objects.
e: file:///Users/HONGBGU/Documents/seadroid/app/src/main/java/com/seafile/seadroid2/ui/base/BaseMediaSelectorActivity.kt:111:57 Cannot import 'getFeatures'. Functions and properties can only be imported from packages or objects.
e: file:///Users/HONGBGU/Documents/seadroid/app/src/main/java/com/seafile/seadroid2/ui/base/BaseMediaSelectorActivity.kt:114:70 Cannot import 'getMtimeInMills'. Functions and properties can only be imported from packages or objects.
e: file:///Users/HONGBGU/Documents/seadroid/app/src/main/java/com/seafile/seadroid2/ui/base/BaseMediaSelectorActivity.kt:116:43 Cannot import 'addMigrations'. Functions and properties can only be imported from packages or objects.
e: file:///Users/HONGBGU/Documents/seadroid/app/src/main/java/com/seafile/seadroid2/ui/base/BaseMediaSelectorActivity.kt:117:43 Cannot import 'build'. Functions and properties can only be imported from packages or objects.
e: file:///Users/HONGBGU/Documents/seadroid/app/src/main/java/com/seafile/seadroid2/ui/base/BaseMediaSelectorActivity.kt:118:49 Cannot import 'execSQL'. Functions and properties can only be imported from packages or objects.
e: file:///Users/HONGBGU/Documents/seadroid/app/src/main/java/com/seafile/seadroid2/ui/base/BaseMediaSelectorActivity.kt:119:49 Cannot import 'query'. Functions and properties can only be imported from packages or objects.
e: file:///Users/HONGBGU/Documents/seadroid/app/src/main/java/com/seafile/seadroid2/ui/base/BaseMediaSelectorActivity.kt:120:61 Cannot import 'getTitle'. Functions and properties can only be imported from packages or objects.
e: file:///Users/HONGBGU/Documents/seadroid/app/src/main/java/com/seafile/seadroid2/ui/base/BaseMediaSelectorActivity.kt:121:61 Cannot import 'addAllRepoList'. Functions and properties can only be imported from packages or objects.
e: file:///Users/HONGBGU/Documents/seadroid/app/src/main/java/com/seafile/seadroid2/ui/base/BaseMediaSelectorActivity.kt:122:58 Cannot import 'setPath'. Functions and properties can only be imported from packages or objects.
e: file:///Users/HONGBGU/Documents/seadroid/app/src/main/java/com/seafile/seadroid2/ui/base/BaseMediaSelectorActivity.kt:123:58 Cannot import 'setLabel'. Functions and properties can only be imported from packages or objects.
e: file:///Users/HONGBGU/Documents/seadroid/app/src/main/java/com/seafile/seadroid2/ui/base/BaseMediaSelectorActivity.kt:124:58 Cannot import 'setRemovable'. Functions and properties can only be imported from packages or objects.
e: file:///Users/HONGBGU/Documents/seadroid/app/src/main/java/com/seafile/seadroid2/ui/base/BaseMediaSelectorActivity.kt:125:58 Cannot import 'setPrimary'. Functions and properties can only be imported from packages or objects.
e: file:///Users/HONGBGU/Documents/seadroid/app/src/main/java/com/seafile/seadroid2/ui/base/BaseMediaSelectorActivity.kt:126:58 Cannot import 'setAvailable'. Functions and properties can only be imported from packages or objects.
e: file:///Users/HONGBGU/Documents/seadroid/app/src/main/java/com/seafile/seadroid2/ui/base/BaseMediaSelectorActivity.kt:127:57 Cannot import 'getError'. Functions and properties can only be imported from packages or objects.
e: file:///Users/HONGBGU/Documents/seadroid/app/src/main/java/com/seafile/seadroid2/ui/base/BaseMediaSelectorActivity.kt:128:42 Cannot import 'setBackoffCriteria'. Functions and properties can only be imported from packages or objects.
e: file:///Users/HONGBGU/Documents/seadroid/app/src/main/java/com/seafile/seadroid2/ui/base/BaseMediaSelectorActivity.kt:129:42 Cannot import 'addTag'. Functions and properties can only be imported from packages or objects.
e: file:///Users/HONGBGU/Documents/seadroid/app/src/main/java/com/seafile/seadroid2/ui/base/BaseMediaSelectorActivity.kt:130:42 Cannot import 'setRequiredNetworkType'. Functions and properties can only be imported from packages or objects.
e: file:///Users/HONGBGU/Documents/seadroid/app/src/main/java/com/seafile/seadroid2/ui/base/BaseMediaSelectorActivity.kt:131:42 Cannot import 'build'. Functions and properties can only be imported from packages or objects.
e: file:///Users/HONGBGU/Documents/seadroid/app/src/main/java/com/seafile/seadroid2/ui/base/BaseMediaSelectorActivity.kt:132:42 Cannot import 'setId'. Functions and properties can only be imported from packages or objects.
e: file:///Users/HONGBGU/Documents/seadroid/app/src/main/java/com/seafile/seadroid2/ui/base/BaseMediaSelectorActivity.kt:133:42 Cannot import 'setConstraints'. Functions and properties can only be imported from packages or objects.
e: file:///Users/HONGBGU/Documents/seadroid/app/src/main/java/com/seafile/seadroid2/ui/base/BaseMediaSelectorActivity.kt:134:42 Cannot import 'build'. Functions and properties can only be imported from packages or objects.
e: file:///Users/HONGBGU/Documents/seadroid/app/src/main/java/com/seafile/seadroid2/ui/base/BaseMediaSelectorActivity.kt:135:42 Cannot import 'setInputData'. Functions and properties can only be imported from packages or objects.
e: file:///Users/HONGBGU/Documents/seadroid/app/src/main/java/com/seafile/seadroid2/ui/base/BaseMediaSelectorActivity.kt:136:79 Cannot import 'getParent_dir'. Functions and properties can only be imported from packages or objects.
e: file:///Users/HONGBGU/Documents/seadroid/app/src/main/java/com/seafile/seadroid2/ui/base/BaseMediaSelectorActivity.kt:139:37 Cannot import 'onCleared'. Functions and properties can only be imported from packages or objects.
e: file:///Users/HONGBGU/Documents/seadroid/app/src/main/java/com/seafile/seadroid2/ui/base/BaseMediaSelectorActivity.kt:140:42 Cannot import 'lifecycle'. Functions and properties can only be imported from packages or objects.
e: file:///Users/HONGBGU/Documents/seadroid/app/src/main/java/com/seafile/seadroid2/ui/base/BaseMediaSelectorActivity.kt:141:37 Cannot import 'addObserver'. Functions and properties can only be imported from packages or objects.
e: file:///Users/HONGBGU/Documents/seadroid/app/src/main/java/com/seafile/seadroid2/ui/base/BaseMediaSelectorActivity.kt:142:37 Cannot import 'removeObserver'. Functions and properties can only be imported from packages or objects.
e: file:///Users/HONGBGU/Documents/seadroid/app/src/main/java/com/seafile/seadroid2/ui/base/BaseMediaSelectorActivity.kt:154:30 Conflicting import: imported name 'R' is ambiguous.
e: file:///Users/HONGBGU/Documents/seadroid/app/src/main/java/com/seafile/seadroid2/ui/base/BaseMediaSelectorActivity.kt:157:44 Conflicting import: imported name 'BaseViewModel' is ambiguous.
e: file:///Users/HONGBGU/Documents/seadroid/app/src/main/java/com/seafile/seadroid2/ui/base/BaseMediaSelectorActivity.kt:159:19 Conflicting import: imported name 'Bundle' is ambiguous.
e: file:///Users/HONGBGU/Documents/seadroid/app/src/main/java/com/seafile/seadroid2/ui/base/BaseMediaSelectorActivity.kt:172:45 Conflicting import: imported name 'Logs' is ambiguous.
e: file:///Users/HONGBGU/Documents/seadroid/app/src/main/java/com/seafile/seadroid2/ui/base/BaseMediaSelectorActivity.kt:191:33 Conflicting import: imported name 'ActivityResultLauncher' is ambiguous.
e: file:///Users/HONGBGU/Documents/seadroid/app/src/main/java/com/seafile/seadroid2/ui/base/BaseMediaSelectorActivity.kt:192:33 Conflicting import: imported name 'PickVisualMediaRequest' is ambiguous.
e: file:///Users/HONGBGU/Documents/seadroid/app/src/main/java/com/seafile/seadroid2/ui/base/BaseMediaSelectorActivity.kt:193:49 Conflicting import: imported name 'BottomSheetHelper' is ambiguous.
e: file:///Users/HONGBGU/Documents/seadroid/app/src/main/java/com/seafile/seadroid2/ui/base/BaseMediaSelectorActivity.kt:194:49 Conflicting import: imported name 'OnMenuClickListener' is ambiguous.
e: file:///Users/HONGBGU/Documents/seadroid/app/src/main/java/com/seafile/seadroid2/ui/base/BaseMediaSelectorActivity.kt:195:82 Conflicting import: imported name 'ImageOnly' is ambiguous.
e: file:///Users/HONGBGU/Documents/seadroid/app/src/main/java/com/seafile/seadroid2/ui/base/BaseMediaSelectorActivity.kt:196:82 Conflicting import: imported name 'ImageAndVideo' is ambiguous.
e: file:///Users/HONGBGU/Documents/seadroid/app/src/main/java/com/seafile/seadroid2/ui/base/BaseMediaSelectorActivity.kt:259:69 Unresolved reference 'FileSyncBinder'.
e: file:///Users/HONGBGU/Documents/seadroid/app/src/main/java/com/seafile/seadroid2/ui/base/BaseMediaSelectorActivity.kt:727:73 Cannot access 'inner class AppsListAdapter : BaseAdapter': it is private in 'com/seafile/seadroid2/ui/dialog_fragment/AppChoiceDialogFragment'.
e: file:///Users/HONGBGU/Documents/seadroid/app/src/main/java/com/seafile/seadroid2/ui/base/BaseMediaSelectorActivity.kt:1071:69 Unresolved reference 'FolderStateChangedListener'.
e: file:///Users/HONGBGU/Documents/seadroid/app/src/main/java/com/seafile/seadroid2/ui/base/BaseMediaSelectorActivity.kt:1090:20 Conflicting import: imported name 'Uri' is ambiguous.
e: file:///Users/HONGBGU/Documents/seadroid/app/src/main/java/com/seafile/seadroid2/ui/base/BaseMediaSelectorActivity.kt:1091:21 Conflicting import: imported name 'MenuItem' is ambiguous.
e: file:///Users/HONGBGU/Documents/seadroid/app/src/main/java/com/seafile/seadroid2/ui/base/BaseMediaSelectorActivity.kt:1097:16 Conflicting import: imported name 'File' is ambiguous.
e: file:///Users/HONGBGU/Documents/seadroid/app/src/main/java/com/seafile/seadroid2/ui/base/BaseMediaSelectorActivity.kt:1249:13 Class '<anonymous>' is not abstract and does not implement abstract member 'onMenuClick'.
e: file:///Users/HONGBGU/Documents/seadroid/app/src/main/java/com/seafile/seadroid2/ui/base/BaseMediaSelectorActivity.kt:1250:17 'onMenuClick' overrides nothing.
e: file:///Users/HONGBGU/Documents/seadroid/app/src/main/java/com/seafile/seadroid2/ui/base/BaseMediaSelectorActivity.kt:1252:59 Unresolved reference 'Manifest'.
e: file:///Users/HONGBGU/Documents/seadroid/app/src/main/java/com/seafile/seadroid2/ui/base/BaseMediaSelectorActivity.kt:1269:15 Only safe (?.) or non-null asserted (!!.) calls are allowed on a nullable receiver of type 'com.seafile.seadroid2.ui.bottomsheetmenu.BottomSheetMenuFragment.Builder?'.
e: file:///Users/HONGBGU/Documents/seadroid/app/src/main/java/com/seafile/seadroid2/ui/base/BaseMediaSelectorActivity.kt:1276:13 Class '<anonymous>' is not abstract and does not implement abstract member 'onMenuClick'.
e: file:///Users/HONGBGU/Documents/seadroid/app/src/main/java/com/seafile/seadroid2/ui/base/BaseMediaSelectorActivity.kt:1277:17 'onMenuClick' overrides nothing.
e: file:///Users/HONGBGU/Documents/seadroid/app/src/main/java/com/seafile/seadroid2/ui/base/BaseMediaSelectorActivity.kt:1279:59 Unresolved reference 'Manifest'.
e: file:///Users/HONGBGU/Documents/seadroid/app/src/main/java/com/seafile/seadroid2/ui/base/BaseMediaSelectorActivity.kt:1296:15 Only safe (?.) or non-null asserted (!!.) calls are allowed on a nullable receiver of type 'com.seafile.seadroid2.ui.bottomsheetmenu.BottomSheetMenuFragment.Builder?'.
e: file:///Users/HONGBGU/Documents/seadroid/app/src/main/java/com/seafile/seadroid2/ui/base/BaseMediaSelectorActivity.kt:1300:44 Unresolved reference 'Manifest'.
e: file:///Users/HONGBGU/Documents/seadroid/app/src/main/java/com/seafile/seadroid2/ui/base/adapter/BaseAdapter.kt:6:72 Type argument is not within its bounds: should be subtype of 'kotlin.Any'.
e: file:///Users/HONGBGU/Documents/seadroid/app/src/main/java/com/seafile/seadroid2/ui/base/adapter/BaseAdapter.kt:6:76 Type argument is not within its bounds: should be subtype of 'androidx.recyclerview.widget.RecyclerView.ViewHolder'.
e: file:///Users/HONGBGU/Documents/seadroid/app/src/main/java/com/seafile/seadroid2/ui/base/adapter/BaseMultiAdapter.kt:5:59 Type argument is not within its bounds: should be subtype of 'kotlin.Any'.
e: file:///Users/HONGBGU/Documents/seadroid/app/src/main/java/com/seafile/seadroid2/ui/base/adapter/LoadMoreAdapter.kt:12:1 Class 'LoadMoreAdapter' is not abstract and does not implement abstract base class member 'onBindViewHolder'.
e: file:///Users/HONGBGU/Documents/seadroid/app/src/main/java/com/seafile/seadroid2/ui/base/adapter/LoadMoreAdapter.kt:12:50 Type argument is not within its bounds: should be subtype of 'androidx.recyclerview.widget.RecyclerView.ViewHolder'.
e: file:///Users/HONGBGU/Documents/seadroid/app/src/main/java/com/seafile/seadroid2/ui/base/adapter/LoadMoreAdapter.kt:13:5 'onBindViewHolder' overrides nothing.
e: file:///Users/HONGBGU/Documents/seadroid/app/src/main/java/com/seafile/seadroid2/ui/base/adapter/LoadMoreAdapter.kt:16:35 Only safe (?.) or non-null asserted (!!.) calls are allowed on a nullable receiver of type 'com.seafile.seadroid2.databinding.ViewLoadMoreBinding?'.
e: file:///Users/HONGBGU/Documents/seadroid/app/src/main/java/com/seafile/seadroid2/ui/base/adapter/LoadMoreAdapter.kt:17:35 Only safe (?.) or non-null asserted (!!.) calls are allowed on a nullable receiver of type 'com.seafile.seadroid2.databinding.ViewLoadMoreBinding?'.
e: file:///Users/HONGBGU/Documents/seadroid/app/src/main/java/com/seafile/seadroid2/ui/base/adapter/LoadMoreAdapter.kt:18:35 Only safe (?.) or non-null asserted (!!.) calls are allowed on a nullable receiver of type 'com.seafile.seadroid2.databinding.ViewLoadMoreBinding?'.
e: file:///Users/HONGBGU/Documents/seadroid/app/src/main/java/com/seafile/seadroid2/ui/base/adapter/LoadMoreAdapter.kt:19:35 Only safe (?.) or non-null asserted (!!.) calls are allowed on a nullable receiver of type 'com.seafile.seadroid2.databinding.ViewLoadMoreBinding?'.
e: file:///Users/HONGBGU/Documents/seadroid/app/src/main/java/com/seafile/seadroid2/ui/base/adapter/LoadMoreAdapter.kt:21:35 Only safe (?.) or non-null asserted (!!.) calls are allowed on a nullable receiver of type 'com.seafile.seadroid2.databinding.ViewLoadMoreBinding?'.
e: file:///Users/HONGBGU/Documents/seadroid/app/src/main/java/com/seafile/seadroid2/ui/base/adapter/LoadMoreAdapter.kt:22:35 Only safe (?.) or non-null asserted (!!.) calls are allowed on a nullable receiver of type 'com.seafile.seadroid2.databinding.ViewLoadMoreBinding?'.
e: file:///Users/HONGBGU/Documents/seadroid/app/src/main/java/com/seafile/seadroid2/ui/base/adapter/LoadMoreAdapter.kt:23:35 Only safe (?.) or non-null asserted (!!.) calls are allowed on a nullable receiver of type 'com.seafile.seadroid2.databinding.ViewLoadMoreBinding?'.
e: file:///Users/HONGBGU/Documents/seadroid/app/src/main/java/com/seafile/seadroid2/ui/base/adapter/LoadMoreAdapter.kt:24:35 Only safe (?.) or non-null asserted (!!.) calls are allowed on a nullable receiver of type 'com.seafile.seadroid2.databinding.ViewLoadMoreBinding?'.
e: file:///Users/HONGBGU/Documents/seadroid/app/src/main/java/com/seafile/seadroid2/ui/base/adapter/LoadMoreAdapter.kt:27:31 Only safe (?.) or non-null asserted (!!.) calls are allowed on a nullable receiver of type 'com.seafile.seadroid2.databinding.ViewLoadMoreBinding?'.
e: file:///Users/HONGBGU/Documents/seadroid/app/src/main/java/com/seafile/seadroid2/ui/base/adapter/LoadMoreAdapter.kt:28:31 Only safe (?.) or non-null asserted (!!.) calls are allowed on a nullable receiver of type 'com.seafile.seadroid2.databinding.ViewLoadMoreBinding?'.
e: file:///Users/HONGBGU/Documents/seadroid/app/src/main/java/com/seafile/seadroid2/ui/base/adapter/LoadMoreAdapter.kt:29:31 Only safe (?.) or non-null asserted (!!.) calls are allowed on a nullable receiver of type 'com.seafile.seadroid2.databinding.ViewLoadMoreBinding?'.
e: file:///Users/HONGBGU/Documents/seadroid/app/src/main/java/com/seafile/seadroid2/ui/base/adapter/LoadMoreAdapter.kt:30:31 Only safe (?.) or non-null asserted (!!.) calls are allowed on a nullable receiver of type 'com.seafile.seadroid2.databinding.ViewLoadMoreBinding?'.
e: file:///Users/HONGBGU/Documents/seadroid/app/src/main/java/com/seafile/seadroid2/ui/base/adapter/LoadMoreAdapter.kt:32:31 Only safe (?.) or non-null asserted (!!.) calls are allowed on a nullable receiver of type 'com.seafile.seadroid2.databinding.ViewLoadMoreBinding?'.
e: file:///Users/HONGBGU/Documents/seadroid/app/src/main/java/com/seafile/seadroid2/ui/base/adapter/LoadMoreAdapter.kt:33:31 Only safe (?.) or non-null asserted (!!.) calls are allowed on a nullable receiver of type 'com.seafile.seadroid2.databinding.ViewLoadMoreBinding?'.
e: file:///Users/HONGBGU/Documents/seadroid/app/src/main/java/com/seafile/seadroid2/ui/base/adapter/LoadMoreAdapter.kt:34:31 Only safe (?.) or non-null asserted (!!.) calls are allowed on a nullable receiver of type 'com.seafile.seadroid2.databinding.ViewLoadMoreBinding?'.
e: file:///Users/HONGBGU/Documents/seadroid/app/src/main/java/com/seafile/seadroid2/ui/base/adapter/LoadMoreAdapter.kt:35:31 Only safe (?.) or non-null asserted (!!.) calls are allowed on a nullable receiver of type 'com.seafile.seadroid2.databinding.ViewLoadMoreBinding?'.
e: file:///Users/HONGBGU/Documents/seadroid/app/src/main/java/com/seafile/seadroid2/ui/base/adapter/LoadMoreAdapter.kt:37:31 Only safe (?.) or non-null asserted (!!.) calls are allowed on a nullable receiver of type 'com.seafile.seadroid2.databinding.ViewLoadMoreBinding?'.
e: file:///Users/HONGBGU/Documents/seadroid/app/src/main/java/com/seafile/seadroid2/ui/base/adapter/LoadMoreAdapter.kt:38:31 Only safe (?.) or non-null asserted (!!.) calls are allowed on a nullable receiver of type 'com.seafile.seadroid2.databinding.ViewLoadMoreBinding?'.
e: file:///Users/HONGBGU/Documents/seadroid/app/src/main/java/com/seafile/seadroid2/ui/base/adapter/LoadMoreAdapter.kt:39:31 Only safe (?.) or non-null asserted (!!.) calls are allowed on a nullable receiver of type 'com.seafile.seadroid2.databinding.ViewLoadMoreBinding?'.
e: file:///Users/HONGBGU/Documents/seadroid/app/src/main/java/com/seafile/seadroid2/ui/base/adapter/LoadMoreAdapter.kt:40:31 Only safe (?.) or non-null asserted (!!.) calls are allowed on a nullable receiver of type 'com.seafile.seadroid2.databinding.ViewLoadMoreBinding?'.
e: file:///Users/HONGBGU/Documents/seadroid/app/src/main/java/com/seafile/seadroid2/ui/base/adapter/LogicLoadMoreAdapter.kt:10:1 Class 'LogicLoadMoreAdapter' is not abstract and does not implement abstract base class member 'onBindViewHolder'.
e: file:///Users/HONGBGU/Documents/seadroid/app/src/main/java/com/seafile/seadroid2/ui/base/adapter/LogicLoadMoreAdapter.kt:10:55 Type argument is not within its bounds: should be subtype of 'androidx.recyclerview.widget.RecyclerView.ViewHolder'.
e: file:///Users/HONGBGU/Documents/seadroid/app/src/main/java/com/seafile/seadroid2/ui/base/adapter/LogicLoadMoreAdapter.kt:11:5 'onBindViewHolder' overrides nothing.
e: file:///Users/HONGBGU/Documents/seadroid/app/src/main/java/com/seafile/seadroid2/ui/base/adapter/LogicLoadMoreAdapter.kt:12:27 Only safe (?.) or non-null asserted (!!.) calls are allowed on a nullable receiver of type 'com.seafile.seadroid2.databinding.ViewLoadMoreBinding?'.
e: file:///Users/HONGBGU/Documents/seadroid/app/src/main/java/com/seafile/seadroid2/ui/base/adapter/LogicLoadMoreAdapter.kt:13:27 Only safe (?.) or non-null asserted (!!.) calls are allowed on a nullable receiver of type 'com.seafile.seadroid2.databinding.ViewLoadMoreBinding?'.
e: file:///Users/HONGBGU/Documents/seadroid/app/src/main/java/com/seafile/seadroid2/ui/base/adapter/LogicLoadMoreAdapter.kt:14:27 Only safe (?.) or non-null asserted (!!.) calls are allowed on a nullable receiver of type 'com.seafile.seadroid2.databinding.ViewLoadMoreBinding?'.
e: file:///Users/HONGBGU/Documents/seadroid/app/src/main/java/com/seafile/seadroid2/ui/base/adapter/LogicLoadMoreAdapter.kt:15:27 Only safe (?.) or non-null asserted (!!.) calls are allowed on a nullable receiver of type 'com.seafile.seadroid2.databinding.ViewLoadMoreBinding?'.
e: file:///Users/HONGBGU/Documents/seadroid/app/src/main/java/com/seafile/seadroid2/ui/base/fragment/BaseBottomSheetDialogFragmentWithVM.kt:7:61 Cannot import 'equals'. Functions and properties can only be imported from packages or objects.
e: file:///Users/HONGBGU/Documents/seadroid/app/src/main/java/com/seafile/seadroid2/ui/base/fragment/BaseBottomSheetDialogFragmentWithVM.kt:8:65 Cannot import 'equals'. Functions and properties can only be imported from packages or objects.
e: file:///Users/HONGBGU/Documents/seadroid/app/src/main/java/com/seafile/seadroid2/ui/base/fragment/BaseBottomSheetDialogFragmentWithVM.kt:29:39 None of the following candidates is applicable:
@MainThread() fun <T : ViewModel> get(modelClass: Class<T>): T
@MainThread() fun <T : ViewModel> get(modelClass: KClass<T>): T
e: file:///Users/HONGBGU/Documents/seadroid/app/src/main/java/com/seafile/seadroid2/ui/base/fragment/BaseDialogFragmentWithVM.kt:6:61 Cannot import 'equals'. Functions and properties can only be imported from packages or objects.
e: file:///Users/HONGBGU/Documents/seadroid/app/src/main/java/com/seafile/seadroid2/ui/base/fragment/BaseDialogFragmentWithVM.kt:7:65 Cannot import 'equals'. Functions and properties can only be imported from packages or objects.
e: file:///Users/HONGBGU/Documents/seadroid/app/src/main/java/com/seafile/seadroid2/ui/base/fragment/BaseDialogFragmentWithVM.kt:35:39 None of the following candidates is applicable:
@MainThread() fun <T : ViewModel> get(modelClass: Class<T>): T
@MainThread() fun <T : ViewModel> get(modelClass: KClass<T>): T
e: file:///Users/HONGBGU/Documents/seadroid/app/src/main/java/com/seafile/seadroid2/ui/base/fragment/BaseFragmentWithVM.kt:7:61 Cannot import 'equals'. Functions and properties can only be imported from packages or objects.
e: file:///Users/HONGBGU/Documents/seadroid/app/src/main/java/com/seafile/seadroid2/ui/base/fragment/BaseFragmentWithVM.kt:8:65 Cannot import 'equals'. Functions and properties can only be imported from packages or objects.
e: file:///Users/HONGBGU/Documents/seadroid/app/src/main/java/com/seafile/seadroid2/ui/base/fragment/BaseFragmentWithVM.kt:47:39 None of the following candidates is applicable:
@MainThread() fun <T : ViewModel> get(modelClass: Class<T>): T
@MainThread() fun <T : ViewModel> get(modelClass: KClass<T>): T
e: file:///Users/HONGBGU/Documents/seadroid/app/src/main/java/com/seafile/seadroid2/ui/base/fragment/RequestBottomSheetDialogFragmentWithVM.kt:205:17 Class '<anonymous>' is not abstract and does not implement abstract base class member 'onProgress'.
e: file:///Users/HONGBGU/Documents/seadroid/app/src/main/java/com/seafile/seadroid2/ui/base/fragment/RequestBottomSheetDialogFragmentWithVM.kt:216:21 'onProgress' overrides nothing.
e: file:///Users/HONGBGU/Documents/seadroid/app/src/main/java/com/seafile/seadroid2/ui/base/fragment/RequestBottomSheetDialogFragmentWithVM.kt:218:44 One type argument expected for interface 'MutableList'.
e: file:///Users/HONGBGU/Documents/seadroid/app/src/main/java/com/seafile/seadroid2/ui/base/fragment/RequestCustomDialogFragmentWithVM.kt:214:45 Class '<anonymous>' is not abstract and does not implement abstract member 'onSubscribe'.
e: file:///Users/HONGBGU/Documents/seadroid/app/src/main/java/com/seafile/seadroid2/ui/base/fragment/RequestCustomDialogFragmentWithVM.kt:215:9 'onSubscribe' overrides nothing.
e: file:///Users/HONGBGU/Documents/seadroid/app/src/main/java/com/seafile/seadroid2/ui/base/fragment/RequestCustomDialogFragmentWithVM.kt:219:9 'onNext' overrides nothing.
e: file:///Users/HONGBGU/Documents/seadroid/app/src/main/java/com/seafile/seadroid2/ui/base/fragment/RequestCustomDialogFragmentWithVM.kt:223:9 'onError' overrides nothing.
e: file:///Users/HONGBGU/Documents/seadroid/app/src/main/java/com/seafile/seadroid2/ui/bottomsheetmenu/ActionMenu.kt:59:13 Function 'public' exposes its 'internal' parameter type 'ActionMenuItem'.
e: file:///Users/HONGBGU/Documents/seadroid/app/src/main/java/com/seafile/seadroid2/ui/bottomsheetmenu/BottomSheetHelper.kt:12:48 Argument type mismatch: actual type is 'androidx.fragment.app.FragmentActivity?', but 'android.content.Context' was expected.
e: file:///Users/HONGBGU/Documents/seadroid/app/src/main/java/com/seafile/seadroid2/ui/bottomsheetmenu/BottomSheetMenuAdapter.kt:18:1 Class 'BottomSheetMenuAdapter' is not abstract and does not implement abstract base class member 'onBindViewHolder'.
e: file:///Users/HONGBGU/Documents/seadroid/app/src/main/java/com/seafile/seadroid2/ui/bottomsheetmenu/BottomSheetMenuAdapter.kt:34:5 'onBindViewHolder' overrides nothing.
e: file:///Users/HONGBGU/Documents/seadroid/app/src/main/java/com/seafile/seadroid2/ui/bottomsheetmenu/BottomSheetMenuFragment.kt:68:86 Type argument is not within its bounds: should be subtype of 'kotlin.Any'.
e: file:///Users/HONGBGU/Documents/seadroid/app/src/main/java/com/seafile/seadroid2/ui/bottomsheetmenu/BottomSheetMenuFragment.kt:70:52 Type argument is not within its bounds: should be subtype of 'kotlin.Any'.
e: file:///Users/HONGBGU/Documents/seadroid/app/src/main/java/com/seafile/seadroid2/ui/camera_upload/AlbumBackupAdapter.kt:47:53 Only safe (?.) or non-null asserted (!!.) calls are allowed on a nullable receiver of type 'com.seafile.seadroid2.framework.service.BackupThreadExecutor?'.
e: file:///Users/HONGBGU/Documents/seadroid/app/src/main/java/com/seafile/seadroid2/ui/camera_upload/AlbumBackupAdapter.kt:53:53 Only safe (?.) or non-null asserted (!!.) calls are allowed on a nullable receiver of type 'com.seafile.seadroid2.framework.service.BackupThreadExecutor?'.
e: file:///Users/HONGBGU/Documents/seadroid/app/src/main/java/com/seafile/seadroid2/ui/camera_upload/AlbumBackupAdapter.kt:66:58 Only safe (?.) or non-null asserted (!!.) calls are allowed on a nullable receiver of type 'com.seafile.seadroid2.account.SupportAccountManager?'.
e: file:///Users/HONGBGU/Documents/seadroid/app/src/main/java/com/seafile/seadroid2/ui/camera_upload/AlbumBackupAdapterBridge.kt:49:61 Only safe (?.) or non-null asserted (!!.) calls are allowed on a nullable receiver of type 'com.seafile.seadroid2.framework.service.BackupThreadExecutor?'.
e: file:///Users/HONGBGU/Documents/seadroid/app/src/main/java/com/seafile/seadroid2/ui/camera_upload/CameraUploadConfigActivity.kt:74:30 Argument type mismatch: actual type is 'com.seafile.seadroid2.ui.camera_upload.config_fragment.BucketsFragment', but 'androidx.fragment.app.Fragment?' was expected.
e: file:///Users/HONGBGU/Documents/seadroid/app/src/main/java/com/seafile/seadroid2/ui/camera_upload/CameraUploadConfigActivity.kt:78:30 Argument type mismatch: actual type is 'com.seafile.seadroid2.ui.camera_upload.config_fragment.BucketsFragment', but 'androidx.fragment.app.Fragment?' was expected.
e: file:///Users/HONGBGU/Documents/seadroid/app/src/main/java/com/seafile/seadroid2/ui/camera_upload/CameraUploadManager.kt:22:13 Unresolved reference 'Logs'.
e: file:///Users/HONGBGU/Documents/seadroid/app/src/main/java/com/seafile/seadroid2/ui/camera_upload/CameraUploadManager.kt:25:9 Unresolved reference 'Logs'.
e: file:///Users/HONGBGU/Documents/seadroid/app/src/main/java/com/seafile/seadroid2/ui/camera_upload/CameraUploadManager.kt:26:29 Unresolved reference 'Bundle'.
e: file:///Users/HONGBGU/Documents/seadroid/app/src/main/java/com/seafile/seadroid2/ui/camera_upload/CameraUploadManager.kt:26:38 Unresolved reference 'Bundle'.
e: file:///Users/HONGBGU/Documents/seadroid/app/src/main/java/com/seafile/seadroid2/ui/camera_upload/CameraUploadManager.kt:27:24 Unresolved reference 'putBoolean'.
e: file:///Users/HONGBGU/Documents/seadroid/app/src/main/java/com/seafile/seadroid2/ui/camera_upload/CameraUploadManager.kt:27:35 Unresolved reference 'ContentResolver'.
e: file:///Users/HONGBGU/Documents/seadroid/app/src/main/java/com/seafile/seadroid2/ui/camera_upload/CameraUploadManager.kt:28:24 Unresolved reference 'putBoolean'.
e: file:///Users/HONGBGU/Documents/seadroid/app/src/main/java/com/seafile/seadroid2/ui/camera_upload/CameraUploadManager.kt:28:35 Unresolved reference 'ContentResolver'.
e: file:///Users/HONGBGU/Documents/seadroid/app/src/main/java/com/seafile/seadroid2/ui/camera_upload/CameraUploadManager.kt:29:9 Unresolved reference 'ContentResolver'.
e: file:///Users/HONGBGU/Documents/seadroid/app/src/main/java/com/seafile/seadroid2/ui/camera_upload/CameraUploadManager.kt:33:9 Unresolved reference 'Logs'.
e: file:///Users/HONGBGU/Documents/seadroid/app/src/main/java/com/seafile/seadroid2/ui/camera_upload/CameraUploadManager.kt:35:16 Unresolved reference 'Bundle'.
e: file:///Users/HONGBGU/Documents/seadroid/app/src/main/java/com/seafile/seadroid2/ui/camera_upload/CameraUploadManager.kt:35:25 Unresolved reference 'Bundle'.
e: file:///Users/HONGBGU/Documents/seadroid/app/src/main/java/com/seafile/seadroid2/ui/camera_upload/CameraUploadManager.kt:36:11 Unresolved reference 'putBoolean'.
e: file:///Users/HONGBGU/Documents/seadroid/app/src/main/java/com/seafile/seadroid2/ui/camera_upload/CameraUploadManager.kt:36:22 Unresolved reference 'ContentResolver'.
e: file:///Users/HONGBGU/Documents/seadroid/app/src/main/java/com/seafile/seadroid2/ui/camera_upload/CameraUploadManager.kt:39:13 Unresolved reference 'ContentResolver'.
e: file:///Users/HONGBGU/Documents/seadroid/app/src/main/java/com/seafile/seadroid2/ui/camera_upload/CameraUploadManager.kt:60:13 Unresolved reference 'SupportAccountManager'.
e: file:///Users/HONGBGU/Documents/seadroid/app/src/main/java/com/seafile/seadroid2/ui/camera_upload/CameraUploadManager.kt:63:17 Unresolved reference 'ContentResolver'.
e: file:///Users/HONGBGU/Documents/seadroid/app/src/main/java/com/seafile/seadroid2/ui/camera_upload/CameraUploadManager.kt:76:13 Unresolved reference 'SupportAccountManager'.
e: file:///Users/HONGBGU/Documents/seadroid/app/src/main/java/com/seafile/seadroid2/ui/camera_upload/CameraUploadManager.kt:80:17 Unresolved reference 'ContentResolver'.
e: file:///Users/HONGBGU/Documents/seadroid/app/src/main/java/com/seafile/seadroid2/ui/camera_upload/CameraUploadManager.kt:81:17 Unresolved reference 'ContentResolver'.
e: file:///Users/HONGBGU/Documents/seadroid/app/src/main/java/com/seafile/seadroid2/ui/camera_upload/CameraUploadManager.kt:84:17 Unresolved reference 'ContentResolver'.
e: file:///Users/HONGBGU/Documents/seadroid/app/src/main/java/com/seafile/seadroid2/ui/camera_upload/CameraUploadManager.kt:85:17 Unresolved reference 'ContentResolver'.
e: file:///Users/HONGBGU/Documents/seadroid/app/src/main/java/com/seafile/seadroid2/ui/camera_upload/CameraUploadManager.kt:95:13 Unresolved reference 'SupportAccountManager'.
e: file:///Users/HONGBGU/Documents/seadroid/app/src/main/java/com/seafile/seadroid2/ui/camera_upload/CameraUploadManager.kt:97:13 Unresolved reference 'ContentResolver'.
e: file:///Users/HONGBGU/Documents/seadroid/app/src/main/java/com/seafile/seadroid2/ui/camera_upload/CameraUploadManager.kt:98:13 Unresolved reference 'ContentResolver'.
e: file:///Users/HONGBGU/Documents/seadroid/app/src/main/java/com/seafile/seadroid2/ui/camera_upload/CameraUploadManager.kt:101:9 Unresolved reference 'BackupThreadExecutor'.
e: file:///Users/HONGBGU/Documents/seadroid/app/src/main/java/com/seafile/seadroid2/ui/camera_upload/CameraUploadManager.kt:109:13 Unresolved reference 'SupportAccountManager'.
e: file:///Users/HONGBGU/Documents/seadroid/app/src/main/java/com/seafile/seadroid2/ui/camera_upload/CameraUploadManager.kt:112:17 Unresolved reference 'ContentResolver'.
e: file:///Users/HONGBGU/Documents/seadroid/app/src/main/java/com/seafile/seadroid2/ui/camera_upload/CameraUploadManager.kt:113:17 Unresolved reference 'ContentResolver'.
e: file:///Users/HONGBGU/Documents/seadroid/app/src/main/java/com/seafile/seadroid2/ui/camera_upload/GalleryBucketUtils.kt:60:42 Initializer type mismatch: expected 'kotlin.Array<kotlin.String?>', actual 'kotlin.Array<kotlin.String>'.
e: file:///Users/HONGBGU/Documents/seadroid/app/src/main/java/com/seafile/seadroid2/ui/camera_upload/GalleryBucketUtils.kt:60:42 Type mismatch: inferred type is 'kotlin.String?', but 'kotlin.String' was expected.
e: file:///Users/HONGBGU/Documents/seadroid/app/src/main/java/com/seafile/seadroid2/ui/camera_upload/GalleryBucketUtils.kt:130:42 Initializer type mismatch: expected 'kotlin.Array<kotlin.String?>', actual 'kotlin.Array<kotlin.String>'.
e: file:///Users/HONGBGU/Documents/seadroid/app/src/main/java/com/seafile/seadroid2/ui/camera_upload/GalleryBucketUtils.kt:130:42 Type mismatch: inferred type is 'kotlin.String?', but 'kotlin.String' was expected.
e: file:///Users/HONGBGU/Documents/seadroid/app/src/main/java/com/seafile/seadroid2/ui/camera_upload/GalleryBucketUtils.kt:198:42 Initializer type mismatch: expected 'kotlin.Array<kotlin.String?>', actual 'kotlin.Array<kotlin.String>'.
e: file:///Users/HONGBGU/Documents/seadroid/app/src/main/java/com/seafile/seadroid2/ui/camera_upload/GalleryBucketUtils.kt:198:42 Type mismatch: inferred type is 'kotlin.String?', but 'kotlin.String' was expected.
e: file:///Users/HONGBGU/Documents/seadroid/app/src/main/java/com/seafile/seadroid2/ui/camera_upload/GalleryBucketUtils.kt:255:42 Initializer type mismatch: expected 'kotlin.Array<kotlin.String?>', actual 'kotlin.Array<kotlin.String>'.
e: file:///Users/HONGBGU/Documents/seadroid/app/src/main/java/com/seafile/seadroid2/ui/camera_upload/GalleryBucketUtils.kt:255:82 Type mismatch: inferred type is 'kotlin.String?', but 'kotlin.String' was expected.
e: file:///Users/HONGBGU/Documents/seadroid/app/src/main/java/com/seafile/seadroid2/ui/camera_upload/GalleryBucketUtils.kt:260:16 Type mismatch: inferred type is 'kotlin.String?', but 'kotlin.String' was expected.
e: file:///Users/HONGBGU/Documents/seadroid/app/src/main/java/com/seafile/seadroid2/ui/camera_upload/StubContentProvider.kt:12:1 Class 'StubContentProvider' is not abstract and does not implement abstract base class member 'getType'.
e: file:///Users/HONGBGU/Documents/seadroid/app/src/main/java/com/seafile/seadroid2/ui/camera_upload/StubContentProvider.kt:24:5 'getType' overrides nothing.
e: file:///Users/HONGBGU/Documents/seadroid/app/src/main/java/com/seafile/seadroid2/ui/camera_upload/StubContentProvider.kt:32:5 'query' overrides nothing.
e: file:///Users/HONGBGU/Documents/seadroid/app/src/main/java/com/seafile/seadroid2/ui/camera_upload/StubContentProvider.kt:45:5 'insert' overrides nothing.
e: file:///Users/HONGBGU/Documents/seadroid/app/src/main/java/com/seafile/seadroid2/ui/camera_upload/StubContentProvider.kt:52:5 'delete' overrides nothing.
e: file:///Users/HONGBGU/Documents/seadroid/app/src/main/java/com/seafile/seadroid2/ui/camera_upload/StubContentProvider.kt:59:5 'update' overrides nothing.
e: file:///Users/HONGBGU/Documents/seadroid/app/src/main/java/com/seafile/seadroid2/ui/camera_upload/config_fragment/BucketsFragment.kt:13:25 Unresolved reference 'Fragment'.
e: file:///Users/HONGBGU/Documents/seadroid/app/src/main/java/com/seafile/seadroid2/ui/camera_upload/config_fragment/BucketsFragment.kt:14:30 Unresolved reference 'RadioGroup'.
e: file:///Users/HONGBGU/Documents/seadroid/app/src/main/java/com/seafile/seadroid2/ui/camera_upload/config_fragment/BucketsFragment.kt:16:36 Unresolved reference 'TranslateAnimation'.
e: file:///Users/HONGBGU/Documents/seadroid/app/src/main/java/com/seafile/seadroid2/ui/camera_upload/config_fragment/BucketsFragment.kt:17:37 Unresolved reference 'TranslateAnimation'.
e: file:///Users/HONGBGU/Documents/seadroid/app/src/main/java/com/seafile/seadroid2/ui/camera_upload/config_fragment/BucketsFragment.kt:18:28 Unresolved reference 'GridView'.
e: file:///Users/HONGBGU/Documents/seadroid/app/src/main/java/com/seafile/seadroid2/ui/camera_upload/config_fragment/BucketsFragment.kt:19:38 Unresolved reference 'GalleryBucketUtils'.
e: file:///Users/HONGBGU/Documents/seadroid/app/src/main/java/com/seafile/seadroid2/ui/camera_upload/config_fragment/BucketsFragment.kt:20:5 Property must be initialized or be abstract.
e: file:///Users/HONGBGU/Documents/seadroid/app/src/main/java/com/seafile/seadroid2/ui/camera_upload/config_fragment/BucketsFragment.kt:22:5 'onCreateView' overrides nothing.
e: file:///Users/HONGBGU/Documents/seadroid/app/src/main/java/com/seafile/seadroid2/ui/camera_upload/config_fragment/BucketsFragment.kt:23:19 Unresolved reference 'LayoutInflater'.
e: file:///Users/HONGBGU/Documents/seadroid/app/src/main/java/com/seafile/seadroid2/ui/camera_upload/config_fragment/BucketsFragment.kt:24:20 Unresolved reference 'ViewGroup'.
e: file:///Users/HONGBGU/Documents/seadroid/app/src/main/java/com/seafile/seadroid2/ui/camera_upload/config_fragment/BucketsFragment.kt:25:29 Unresolved reference 'Bundle'.
e: file:///Users/HONGBGU/Documents/seadroid/app/src/main/java/com/seafile/seadroid2/ui/camera_upload/config_fragment/BucketsFragment.kt:27:25 Unresolved reference 'inflate'.
e: file:///Users/HONGBGU/Documents/seadroid/app/src/main/java/com/seafile/seadroid2/ui/camera_upload/config_fragment/BucketsFragment.kt:27:33 Unresolved reference 'R'.
e: file:///Users/HONGBGU/Documents/seadroid/app/src/main/java/com/seafile/seadroid2/ui/camera_upload/config_fragment/BucketsFragment.kt:30:5 'onViewCreated' overrides nothing.
e: file:///Users/HONGBGU/Documents/seadroid/app/src/main/java/com/seafile/seadroid2/ui/camera_upload/config_fragment/BucketsFragment.kt:30:64 Unresolved reference 'Bundle'.
e: file:///Users/HONGBGU/Documents/seadroid/app/src/main/java/com/seafile/seadroid2/ui/camera_upload/config_fragment/BucketsFragment.kt:31:9 Unresolved reference 'Fragment'.
e: file:///Users/HONGBGU/Documents/seadroid/app/src/main/java/com/seafile/seadroid2/ui/camera_upload/config_fragment/BucketsFragment.kt:31:15 Unresolved reference 'onViewCreated'.
e: file:///Users/HONGBGU/Documents/seadroid/app/src/main/java/com/seafile/seadroid2/ui/camera_upload/config_fragment/BucketsFragment.kt:35:39 Unresolved reference 'GridView'.
e: file:///Users/HONGBGU/Documents/seadroid/app/src/main/java/com/seafile/seadroid2/ui/camera_upload/config_fragment/BucketsFragment.kt:35:49 Unresolved reference 'R'.
e: file:///Users/HONGBGU/Documents/seadroid/app/src/main/java/com/seafile/seadroid2/ui/camera_upload/config_fragment/BucketsFragment.kt:36:41 Unresolved reference 'RadioGroup'.
e: file:///Users/HONGBGU/Documents/seadroid/app/src/main/java/com/seafile/seadroid2/ui/camera_upload/config_fragment/BucketsFragment.kt:36:53 Unresolved reference 'R'.
e: file:///Users/HONGBGU/Documents/seadroid/app/src/main/java/com/seafile/seadroid2/ui/camera_upload/config_fragment/BucketsFragment.kt:38:13 Unresolved reference 'AlbumBackupSharePreferenceHelper'.
e: file:///Users/HONGBGU/Documents/seadroid/app/src/main/java/com/seafile/seadroid2/ui/camera_upload/config_fragment/BucketsFragment.kt:40:23 Unresolved reference 'setVisibility'.
e: file:///Users/HONGBGU/Documents/seadroid/app/src/main/java/com/seafile/seadroid2/ui/camera_upload/config_fragment/BucketsFragment.kt:41:23 Unresolved reference 'setEnabled'.
e: file:///Users/HONGBGU/Documents/seadroid/app/src/main/java/com/seafile/seadroid2/ui/camera_upload/config_fragment/BucketsFragment.kt:42:25 Unresolved reference 'check'.
e: file:///Users/HONGBGU/Documents/seadroid/app/src/main/java/com/seafile/seadroid2/ui/camera_upload/config_fragment/BucketsFragment.kt:42:31 Unresolved reference 'R'.
e: file:///Users/HONGBGU/Documents/seadroid/app/src/main/java/com/seafile/seadroid2/ui/camera_upload/config_fragment/BucketsFragment.kt:45:23 Unresolved reference 'setVisibility'.
e: file:///Users/HONGBGU/Documents/seadroid/app/src/main/java/com/seafile/seadroid2/ui/camera_upload/config_fragment/BucketsFragment.kt:46:23 Unresolved reference 'setEnabled'.
e: file:///Users/HONGBGU/Documents/seadroid/app/src/main/java/com/seafile/seadroid2/ui/camera_upload/config_fragment/BucketsFragment.kt:47:25 Unresolved reference 'check'.
e: file:///Users/HONGBGU/Documents/seadroid/app/src/main/java/com/seafile/seadroid2/ui/camera_upload/config_fragment/BucketsFragment.kt:47:31 Unresolved reference 'R'.
e: file:///Users/HONGBGU/Documents/seadroid/app/src/main/java/com/seafile/seadroid2/ui/camera_upload/config_fragment/BucketsFragment.kt:50:21 Unresolved reference 'setOnCheckedChangeListener'.
e: file:///Users/HONGBGU/Documents/seadroid/app/src/main/java/com/seafile/seadroid2/ui/camera_upload/config_fragment/BucketsFragment.kt:52:19 Unresolved reference 'GalleryBucketUtils'.
e: file:///Users/HONGBGU/Documents/seadroid/app/src/main/java/com/seafile/seadroid2/ui/camera_upload/config_fragment/BucketsFragment.kt:52:54 Unresolved reference 'SeadroidApplication'.
e: file:///Users/HONGBGU/Documents/seadroid/app/src/main/java/com/seafile/seadroid2/ui/camera_upload/config_fragment/BucketsFragment.kt:54:13 Unresolved reference 'Logs'.
e: file:///Users/HONGBGU/Documents/seadroid/app/src/main/java/com/seafile/seadroid2/ui/camera_upload/config_fragment/BucketsFragment.kt:55:13 Unresolved reference 'Toasts'.
e: file:///Users/HONGBGU/Documents/seadroid/app/src/main/java/com/seafile/seadroid2/ui/camera_upload/config_fragment/BucketsFragment.kt:55:25 Unresolved reference 'R'.
e: file:///Users/HONGBGU/Documents/seadroid/app/src/main/java/com/seafile/seadroid2/ui/camera_upload/config_fragment/BucketsFragment.kt:62:13 Unresolved reference 'AlbumBackupSharePreferenceHelper'.
e: file:///Users/HONGBGU/Documents/seadroid/app/src/main/java/com/seafile/seadroid2/ui/camera_upload/config_fragment/BucketsFragment.kt:64:20 Unresolved reference 'GalleryBucketUtils'.
e: file:///Users/HONGBGU/Documents/seadroid/app/src/main/java/com/seafile/seadroid2/ui/camera_upload/config_fragment/BucketsFragment.kt:66:46 Unresolved reference 'bucketId'.
e: file:///Users/HONGBGU/Documents/seadroid/app/src/main/java/com/seafile/seadroid2/ui/camera_upload/config_fragment/BucketsFragment.kt:67:41 Unresolved reference 'isCameraBucket'.
e: file:///Users/HONGBGU/Documents/seadroid/app/src/main/java/com/seafile/seadroid2/ui/camera_upload/config_fragment/BucketsFragment.kt:71:19 Unresolved reference 'setAdapter'.
e: file:///Users/HONGBGU/Documents/seadroid/app/src/main/java/com/seafile/seadroid2/ui/camera_upload/config_fragment/BucketsFragment.kt:75:29 Unresolved reference 'TranslateAnimation'.
e: file:///Users/HONGBGU/Documents/seadroid/app/src/main/java/com/seafile/seadroid2/ui/camera_upload/config_fragment/BucketsFragment.kt:76:13 Unresolved reference 'Animation'.
e: file:///Users/HONGBGU/Documents/seadroid/app/src/main/java/com/seafile/seadroid2/ui/camera_upload/config_fragment/BucketsFragment.kt:77:13 Unresolved reference 'Animation'.
e: file:///Users/HONGBGU/Documents/seadroid/app/src/main/java/com/seafile/seadroid2/ui/camera_upload/config_fragment/BucketsFragment.kt:78:13 Unresolved reference 'Animation'.
e: file:///Users/HONGBGU/Documents/seadroid/app/src/main/java/com/seafile/seadroid2/ui/camera_upload/config_fragment/BucketsFragment.kt:79:13 Unresolved reference 'Animation'.
e: file:///Users/HONGBGU/Documents/seadroid/app/src/main/java/com/seafile/seadroid2/ui/camera_upload/config_fragment/BucketsFragment.kt:82:27 Unresolved reference 'setDuration'.
e: file:///Users/HONGBGU/Documents/seadroid/app/src/main/java/com/seafile/seadroid2/ui/camera_upload/config_fragment/BucketsFragment.kt:83:27 Unresolved reference 'setInterpolator'.
e: file:///Users/HONGBGU/Documents/seadroid/app/src/main/java/com/seafile/seadroid2/ui/camera_upload/config_fragment/BucketsFragment.kt:83:43 Unresolved reference 'AccelerateDecelerateInterpolator'.
e: file:///Users/HONGBGU/Documents/seadroid/app/src/main/java/com/seafile/seadroid2/ui/camera_upload/config_fragment/BucketsFragment.kt:84:27 Unresolved reference 'setAnimationListener'.
e: file:///Users/HONGBGU/Documents/seadroid/app/src/main/java/com/seafile/seadroid2/ui/camera_upload/config_fragment/BucketsFragment.kt:86:30 Unresolved reference 'TranslateAnimation'.
e: file:///Users/HONGBGU/Documents/seadroid/app/src/main/java/com/seafile/seadroid2/ui/camera_upload/config_fragment/BucketsFragment.kt:87:13 Unresolved reference 'Animation'.
e: file:///Users/HONGBGU/Documents/seadroid/app/src/main/java/com/seafile/seadroid2/ui/camera_upload/config_fragment/BucketsFragment.kt:88:13 Unresolved reference 'Animation'.
e: file:///Users/HONGBGU/Documents/seadroid/app/src/main/java/com/seafile/seadroid2/ui/camera_upload/config_fragment/BucketsFragment.kt:89:13 Unresolved reference 'Animation'.
e: file:///Users/HONGBGU/Documents/seadroid/app/src/main/java/com/seafile/seadroid2/ui/camera_upload/config_fragment/BucketsFragment.kt:90:13 Unresolved reference 'Animation'.
e: file:///Users/HONGBGU/Documents/seadroid/app/src/main/java/com/seafile/seadroid2/ui/camera_upload/config_fragment/BucketsFragment.kt:92:28 Unresolved reference 'setDuration'.
e: file:///Users/HONGBGU/Documents/seadroid/app/src/main/java/com/seafile/seadroid2/ui/camera_upload/config_fragment/BucketsFragment.kt:93:28 Unresolved reference 'setInterpolator'.
e: file:///Users/HONGBGU/Documents/seadroid/app/src/main/java/com/seafile/seadroid2/ui/camera_upload/config_fragment/BucketsFragment.kt:93:44 Unresolved reference 'AccelerateDecelerateInterpolator'.
e: file:///Users/HONGBGU/Documents/seadroid/app/src/main/java/com/seafile/seadroid2/ui/camera_upload/config_fragment/BucketsFragment.kt:94:28 Unresolved reference 'setAnimationListener'.
e: file:///Users/HONGBGU/Documents/seadroid/app/src/main/java/com/seafile/seadroid2/ui/camera_upload/config_fragment/BucketsFragment.kt:100:42 Unresolved reference 'RadioGroup'.
e: file:///Users/HONGBGU/Documents/seadroid/app/src/main/java/com/seafile/seadroid2/ui/camera_upload/config_fragment/BucketsFragment.kt:101:18 Unresolved reference 'RadioGroup'.
e: file:///Users/HONGBGU/Documents/seadroid/app/src/main/java/com/seafile/seadroid2/ui/camera_upload/config_fragment/BucketsFragment.kt:102:13 'onCheckedChanged' overrides nothing.
e: file:///Users/HONGBGU/Documents/seadroid/app/src/main/java/com/seafile/seadroid2/ui/camera_upload/config_fragment/BucketsFragment.kt:102:55 Unresolved reference 'RadioGroup'.
e: file:///Users/HONGBGU/Documents/seadroid/app/src/main/java/com/seafile/seadroid2/ui/camera_upload/config_fragment/BucketsFragment.kt:103:38 Unresolved reference 'R'.
e: file:///Users/HONGBGU/Documents/seadroid/app/src/main/java/com/seafile/seadroid2/ui/camera_upload/config_fragment/BucketsFragment.kt:104:31 Unresolved reference 'startAnimation'.
e: file:///Users/HONGBGU/Documents/seadroid/app/src/main/java/com/seafile/seadroid2/ui/camera_upload/config_fragment/BucketsFragment.kt:105:31 Unresolved reference 'setEnabled'.
e: file:///Users/HONGBGU/Documents/seadroid/app/src/main/java/com/seafile/seadroid2/ui/camera_upload/config_fragment/BucketsFragment.kt:106:45 Unresolved reference 'R'.
e: file:///Users/HONGBGU/Documents/seadroid/app/src/main/java/com/seafile/seadroid2/ui/camera_upload/config_fragment/BucketsFragment.kt:107:31 Unresolved reference 'startAnimation'.
e: file:///Users/HONGBGU/Documents/seadroid/app/src/main/java/com/seafile/seadroid2/ui/camera_upload/config_fragment/BucketsFragment.kt:108:31 Unresolved reference 'setEnabled'.
e: file:///Users/HONGBGU/Documents/seadroid/app/src/main/java/com/seafile/seadroid2/ui/camera_upload/config_fragment/BucketsFragment.kt:114:28 Unresolved reference 'getCheckedRadioButtonId'.
e: file:///Users/HONGBGU/Documents/seadroid/app/src/main/java/com/seafile/seadroid2/ui/camera_upload/config_fragment/BucketsFragment.kt:114:57 Unresolved reference 'R'.
e: file:///Users/HONGBGU/Documents/seadroid/app/src/main/java/com/seafile/seadroid2/ui/camera_upload/config_fragment/BucketsFragment.kt:120:35 Unresolved reference 'Animation'.
e: file:///Users/HONGBGU/Documents/seadroid/app/src/main/java/com/seafile/seadroid2/ui/camera_upload/config_fragment/BucketsFragment.kt:121:18 Unresolved reference 'Animation'.
e: file:///Users/HONGBGU/Documents/seadroid/app/src/main/java/com/seafile/seadroid2/ui/camera_upload/config_fragment/BucketsFragment.kt:122:13 'onAnimationEnd' overrides nothing.
e: file:///Users/HONGBGU/Documents/seadroid/app/src/main/java/com/seafile/seadroid2/ui/camera_upload/config_fragment/BucketsFragment.kt:122:47 Unresolved reference 'Animation'.
e: file:///Users/HONGBGU/Documents/seadroid/app/src/main/java/com/seafile/seadroid2/ui/camera_upload/config_fragment/BucketsFragment.kt:123:27 Unresolved reference 'setVisibility'.
e: file:///Users/HONGBGU/Documents/seadroid/app/src/main/java/com/seafile/seadroid2/ui/camera_upload/config_fragment/BucketsFragment.kt:126:13 'onAnimationRepeat' overrides nothing.
e: file:///Users/HONGBGU/Documents/seadroid/app/src/main/java/com/seafile/seadroid2/ui/camera_upload/config_fragment/BucketsFragment.kt:126:50 Unresolved reference 'Animation'.
e: file:///Users/HONGBGU/Documents/seadroid/app/src/main/java/com/seafile/seadroid2/ui/camera_upload/config_fragment/BucketsFragment.kt:129:13 'onAnimationStart' overrides nothing.
e: file:///Users/HONGBGU/Documents/seadroid/app/src/main/java/com/seafile/seadroid2/ui/camera_upload/config_fragment/BucketsFragment.kt:129:49 Unresolved reference 'Animation'.
e: file:///Users/HONGBGU/Documents/seadroid/app/src/main/java/com/seafile/seadroid2/ui/camera_upload/config_fragment/BucketsFragment.kt:130:27 Unresolved reference 'setVisibility'.
e: file:///Users/HONGBGU/Documents/seadroid/app/src/main/java/com/seafile/seadroid2/ui/camera_upload/config_fragment/BucketsFragment.kt:137:34 Unresolved reference 'Animation'.
e: file:///Users/HONGBGU/Documents/seadroid/app/src/main/java/com/seafile/seadroid2/ui/camera_upload/config_fragment/BucketsFragment.kt:138:18 Unresolved reference 'Animation'.
e: file:///Users/HONGBGU/Documents/seadroid/app/src/main/java/com/seafile/seadroid2/ui/camera_upload/config_fragment/BucketsFragment.kt:139:13 'onAnimationEnd' overrides nothing.
e: file:///Users/HONGBGU/Documents/seadroid/app/src/main/java/com/seafile/seadroid2/ui/camera_upload/config_fragment/BucketsFragment.kt:139:47 Unresolved reference 'Animation'.
e: file:///Users/HONGBGU/Documents/seadroid/app/src/main/java/com/seafile/seadroid2/ui/camera_upload/config_fragment/BucketsFragment.kt:140:27 Unresolved reference 'setVisibility'.
e: file:///Users/HONGBGU/Documents/seadroid/app/src/main/java/com/seafile/seadroid2/ui/camera_upload/config_fragment/BucketsFragment.kt:143:13 'onAnimationRepeat' overrides nothing.
e: file:///Users/HONGBGU/Documents/seadroid/app/src/main/java/com/seafile/seadroid2/ui/camera_upload/config_fragment/BucketsFragment.kt:143:50 Unresolved reference 'Animation'.
e: file:///Users/HONGBGU/Documents/seadroid/app/src/main/java/com/seafile/seadroid2/ui/camera_upload/config_fragment/BucketsFragment.kt:146:13 'onAnimationStart' overrides nothing.
e: file:///Users/HONGBGU/Documents/seadroid/app/src/main/java/com/seafile/seadroid2/ui/camera_upload/config_fragment/BucketsFragment.kt:146:49 Unresolved reference 'Animation'.
e: file:///Users/HONGBGU/Documents/seadroid/app/src/main/java/com/seafile/seadroid2/ui/camera_upload/config_fragment/BucketsFragment.kt:147:27 Unresolved reference 'setVisibility'.
e: file:///Users/HONGBGU/Documents/seadroid/app/src/main/java/com/seafile/seadroid2/ui/camera_upload/config_fragment/BucketsFragment.kt:152:11 Class 'BucketsFragment.ImageAdapter' is not abstract and does not implement abstract member 'getView'.
e: file:///Users/HONGBGU/Documents/seadroid/app/src/main/java/com/seafile/seadroid2/ui/camera_upload/config_fragment/BucketsFragment.kt:153:32 Unresolved reference 'LayoutInflater'.
e: file:///Users/HONGBGU/Documents/seadroid/app/src/main/java/com/seafile/seadroid2/ui/camera_upload/config_fragment/BucketsFragment.kt:156:25 Unresolved reference 'LayoutInflater'.
e: file:///Users/HONGBGU/Documents/seadroid/app/src/main/java/com/seafile/seadroid2/ui/camera_upload/config_fragment/BucketsFragment.kt:156:45 Unresolved reference 'requireContext'.
e: file:///Users/HONGBGU/Documents/seadroid/app/src/main/java/com/seafile/seadroid2/ui/camera_upload/config_fragment/BucketsFragment.kt:171:9 'getView' overrides nothing.
e: file:///Users/HONGBGU/Documents/seadroid/app/src/main/java/com/seafile/seadroid2/ui/camera_upload/config_fragment/BucketsFragment.kt:171:73 Unresolved reference 'ViewGroup'.
e: file:///Users/HONGBGU/Documents/seadroid/app/src/main/java/com/seafile/seadroid2/ui/camera_upload/config_fragment/BucketsFragment.kt:176:41 Unresolved reference 'inflate'.
e: file:///Users/HONGBGU/Documents/seadroid/app/src/main/java/com/seafile/seadroid2/ui/camera_upload/config_fragment/BucketsFragment.kt:176:49 Unresolved reference 'R'.
e: file:///Users/HONGBGU/Documents/seadroid/app/src/main/java/com/seafile/seadroid2/ui/camera_upload/config_fragment/BucketsFragment.kt:178:59 Unresolved reference 'R'.
e: file:///Users/HONGBGU/Documents/seadroid/app/src/main/java/com/seafile/seadroid2/ui/camera_upload/config_fragment/BucketsFragment.kt:179:56 Unresolved reference 'TextView'.
e: file:///Users/HONGBGU/Documents/seadroid/app/src/main/java/com/seafile/seadroid2/ui/camera_upload/config_fragment/BucketsFragment.kt:179:66 Unresolved reference 'R'.
e: file:///Users/HONGBGU/Documents/seadroid/app/src/main/java/com/seafile/seadroid2/ui/camera_upload/config_fragment/BucketsFragment.kt:180:70 Unresolved reference 'R'.
e: file:///Users/HONGBGU/Documents/seadroid/app/src/main/java/com/seafile/seadroid2/ui/camera_upload/config_fragment/BucketsFragment.kt:187:25 Unresolved reference 'setText'.
e: file:///Users/HONGBGU/Documents/seadroid/app/src/main/java/com/seafile/seadroid2/ui/camera_upload/config_fragment/BucketsFragment.kt:187:57 Unresolved reference 'bucketName'.
e: file:///Users/HONGBGU/Documents/seadroid/app/src/main/java/com/seafile/seadroid2/ui/camera_upload/config_fragment/BucketsFragment.kt:192:85 Unresolved reference 'R'.
e: file:///Users/HONGBGU/Documents/seadroid/app/src/main/java/com/seafile/seadroid2/ui/camera_upload/config_fragment/BucketsFragment.kt:193:65 Unresolved reference 'R'.
e: file:///Users/HONGBGU/Documents/seadroid/app/src/main/java/com/seafile/seadroid2/ui/camera_upload/config_fragment/BucketsFragment.kt:197:22 Overload resolution ambiguity between candidates:
@NonNull() static fun with(@NonNull() context: Context): GlideRequests
@Deprecated(...) @NonNull() static fun with(@NonNull() activity: Activity): GlideRequests
@NonNull() static fun with(@NonNull() activity: FragmentActivity): GlideRequests
@NonNull() static fun with(@NonNull() fragment: Fragment): GlideRequests
@Deprecated(...) @NonNull() static fun with(@NonNull() fragment: Fragment): GlideRequests
@NonNull() static fun with(@NonNull() view: View): GlideRequests
e: file:///Users/HONGBGU/Documents/seadroid/app/src/main/java/com/seafile/seadroid2/ui/camera_upload/config_fragment/BucketsFragment.kt:197:27 Unresolved reference 'requireContext'.
e: file:///Users/HONGBGU/Documents/seadroid/app/src/main/java/com/seafile/seadroid2/ui/camera_upload/config_fragment/BucketsFragment.kt:197:45 Unresolved reference 'load'.
e: file:///Users/HONGBGU/Documents/seadroid/app/src/main/java/com/seafile/seadroid2/ui/camera_upload/config_fragment/BucketsFragment.kt:197:74 Unresolved reference 'uri'.
e: file:///Users/HONGBGU/Documents/seadroid/app/src/main/java/com/seafile/seadroid2/ui/camera_upload/config_fragment/BucketsFragment.kt:199:83 Unresolved reference 'R'.
e: file:///Users/HONGBGU/Documents/seadroid/app/src/main/java/com/seafile/seadroid2/ui/camera_upload/config_fragment/BucketsFragment.kt:200:57 Unresolved reference 'R'.
e: file:///Users/HONGBGU/Documents/seadroid/app/src/main/java/com/seafile/seadroid2/ui/camera_upload/config_fragment/BucketsFragment.kt:209:19 Unresolved reference 'TextView'.
e: file:///Users/HONGBGU/Documents/seadroid/app/src/main/java/com/seafile/seadroid2/ui/camera_upload/config_fragment/BucketsFragment.kt:215:13 Unresolved reference 'Toasts'.
e: file:///Users/HONGBGU/Documents/seadroid/app/src/main/java/com/seafile/seadroid2/ui/camera_upload/config_fragment/BucketsFragment.kt:215:25 Unresolved reference 'R'.
e: file:///Users/HONGBGU/Documents/seadroid/app/src/main/java/com/seafile/seadroid2/ui/camera_upload/config_fragment/BucketsFragment.kt:222:42 Unresolved reference 'bucketId'.
e: file:///Users/HONGBGU/Documents/seadroid/app/src/main/java/com/seafile/seadroid2/ui/comparator/DirentNaturalOrderComparator.kt:5:1 Class 'DirentNaturalOrderComparator' is not abstract and does not implement abstract base class member 'extractName'.
e: file:///Users/HONGBGU/Documents/seadroid/app/src/main/java/com/seafile/seadroid2/ui/comparator/DirentNaturalOrderComparator.kt:6:5 'extractName' overrides nothing.
e: file:///Users/HONGBGU/Documents/seadroid/app/src/main/java/com/seafile/seadroid2/ui/comparator/FileBeanNaturalOrderComparator.kt:5:1 Class 'FileBeanNaturalOrderComparator' is not abstract and does not implement abstract base class member 'extractName'.
e: file:///Users/HONGBGU/Documents/seadroid/app/src/main/java/com/seafile/seadroid2/ui/comparator/FileBeanNaturalOrderComparator.kt:6:5 'extractName' overrides nothing.
e: file:///Users/HONGBGU/Documents/seadroid/app/src/main/java/com/seafile/seadroid2/ui/comparator/FileNaturalOrderComparator.kt:5:1 Class 'FileNaturalOrderComparator' is not abstract and does not implement abstract base class member 'extractName'.
e: file:///Users/HONGBGU/Documents/seadroid/app/src/main/java/com/seafile/seadroid2/ui/comparator/FileNaturalOrderComparator.kt:6:5 'extractName' overrides nothing.
e: file:///Users/HONGBGU/Documents/seadroid/app/src/main/java/com/seafile/seadroid2/ui/comparator/RepoNaturalOrderComparator.kt:5:1 Class 'RepoNaturalOrderComparator' is not abstract and does not implement abstract base class member 'extractName'.
e: file:///Users/HONGBGU/Documents/seadroid/app/src/main/java/com/seafile/seadroid2/ui/comparator/RepoNaturalOrderComparator.kt:6:5 'extractName' overrides nothing.
e: file:///Users/HONGBGU/Documents/seadroid/app/src/main/java/com/seafile/seadroid2/ui/data_migrate/DataMigrationActivity.kt:81:13 Initializer type mismatch: expected 'kotlin.collections.MutableList<com.seafile.seadroid2.account.Account>', actual 'kotlin.collections.MutableList<android.accounts.Account>'.
e: file:///Users/HONGBGU/Documents/seadroid/app/src/main/java/com/seafile/seadroid2/ui/data_migrate/DataMigrationActivity.kt:81:58 Only safe (?.) or non-null asserted (!!.) calls are allowed on a nullable receiver of type 'com.seafile.seadroid2.account.SupportAccountManager?'.
e: file:///Users/HONGBGU/Documents/seadroid/app/src/main/java/com/seafile/seadroid2/ui/data_migrate/DataMigrationActivity.kt:111:13 Initializer type mismatch: expected 'kotlin.collections.MutableList<com.seafile.seadroid2.account.Account>', actual 'kotlin.collections.MutableList<android.accounts.Account>'.
e: file:///Users/HONGBGU/Documents/seadroid/app/src/main/java/com/seafile/seadroid2/ui/data_migrate/DataMigrationActivity.kt:111:58 Only safe (?.) or non-null asserted (!!.) calls are allowed on a nullable receiver of type 'com.seafile.seadroid2.account.SupportAccountManager?'.
e: file:///Users/HONGBGU/Documents/seadroid/app/src/main/java/com/seafile/seadroid2/ui/data_migrate/DataMigrationActivity.kt:121:55 Initializer type mismatch: expected 'retrofit2.Call<com.seafile.seadroid2.account.AccountInfo?>', actual 'retrofit2.Call<com.seafile.seadroid2.account.AccountInfo?>?'.
e: file:///Users/HONGBGU/Documents/seadroid/app/src/main/java/com/seafile/seadroid2/ui/data_migrate/DataMigrationActivity.kt:122:17 Only safe (?.) or non-null asserted (!!.) calls are allowed on a nullable receiver of type 'com.seafile.seadroid2.framework.http.HttpIO?'.
e: file:///Users/HONGBGU/Documents/seadroid/app/src/main/java/com/seafile/seadroid2/ui/data_migrate/DataMigrationActivity.kt:122:43 Argument type mismatch: actual type is 'java.lang.Class<com.seafile.seadroid2.ui.account.AccountService>', but 'java.lang.Class<T?>' was expected.
e: file:///Users/HONGBGU/Documents/seadroid/app/src/main/java/com/seafile/seadroid2/ui/data_migrate/DataMigrationActivity.kt:122:70 Only safe (?.) or non-null asserted (!!.) calls are allowed on a nullable receiver of type 'com.seafile.seadroid2.ui.account.AccountService?'.
e: file:///Users/HONGBGU/Documents/seadroid/app/src/main/java/com/seafile/seadroid2/ui/data_migrate/DataMigrationActivity.kt:130:25 Argument type mismatch: actual type is 'kotlin.String?', but 'kotlin.String' was expected.
e: file:///Users/HONGBGU/Documents/seadroid/app/src/main/java/com/seafile/seadroid2/ui/data_migrate/DataMigrationActivity.kt:132:66 Only safe (?.) or non-null asserted (!!.) calls are allowed on a nullable receiver of type 'com.seafile.seadroid2.account.SupportAccountManager?'.
e: file:///Users/HONGBGU/Documents/seadroid/app/src/main/java/com/seafile/seadroid2/ui/data_migrate/DataMigrationActivity.kt:143:21 Only safe (?.) or non-null asserted (!!.) calls are allowed on a nullable receiver of type 'com.seafile.seadroid2.framework.http.HttpIO?'.
e: file:///Users/HONGBGU/Documents/seadroid/app/src/main/java/com/seafile/seadroid2/ui/data_migrate/DataMigrationActivity.kt:143:44 Argument type mismatch: actual type is 'java.lang.Class<com.seafile.seadroid2.ui.repo.RepoService>', but 'java.lang.Class<T?>' was expected.
e: file:///Users/HONGBGU/Documents/seadroid/app/src/main/java/com/seafile/seadroid2/ui/data_migrate/DataMigrationActivity.kt:144:21 Only safe (?.) or non-null asserted (!!.) calls are allowed on a nullable receiver of type 'com.seafile.seadroid2.ui.repo.RepoService?'.
e: file:///Users/HONGBGU/Documents/seadroid/app/src/main/java/com/seafile/seadroid2/ui/data_migrate/DataMigrationActivity.kt:145:21 Only safe (?.) or non-null asserted (!!.) calls are allowed on a nullable receiver of type 'retrofit2.Call<com.seafile.seadroid2.framework.model.repo.RepoWrapperModel?>?'.
e: file:///Users/HONGBGU/Documents/seadroid/app/src/main/java/com/seafile/seadroid2/ui/data_migrate/DataMigrationActivity.kt:166:44 Only safe (?.) or non-null asserted (!!.) calls are allowed on a nullable receiver of type 'com.seafile.seadroid2.framework.db.AppDatabase?'.
e: file:///Users/HONGBGU/Documents/seadroid/app/src/main/java/com/seafile/seadroid2/ui/data_migrate/DataMigrationActivity.kt:166:54 Only safe (?.) or non-null asserted (!!.) calls are allowed on a nullable receiver of type 'com.seafile.seadroid2.framework.db.dao.RepoDAO?'.
e: file:///Users/HONGBGU/Documents/seadroid/app/src/main/java/com/seafile/seadroid2/ui/data_migrate/DataMigrationActivity.kt:166:69 Argument type mismatch: actual type is 'kotlin.collections.MutableList<com.seafile.seadroid2.framework.db.entities.RepoModel?>', but 'kotlin.collections.MutableList<com.seafile.seadroid2.framework.db.entities.RepoModel>' was expected.
e: file:///Users/HONGBGU/Documents/seadroid/app/src/main/java/com/seafile/seadroid2/ui/data_migrate/DataMigrationActivity.kt:210:13 Only safe (?.) or non-null asserted (!!.) calls are allowed on a nullable receiver of type 'com.seafile.seadroid2.framework.datastore.DataStoreManager?'.
e: file:///Users/HONGBGU/Documents/seadroid/app/src/main/java/com/seafile/seadroid2/ui/data_migrate/DataMigrationActivity.kt:217:13 Only safe (?.) or non-null asserted (!!.) calls are allowed on a nullable receiver of type 'com.seafile.seadroid2.framework.datastore.DataStoreManager?'.
e: file:///Users/HONGBGU/Documents/seadroid/app/src/main/java/com/seafile/seadroid2/ui/data_migrate/DataMigrationActivity.kt:224:13 Only safe (?.) or non-null asserted (!!.) calls are allowed on a nullable receiver of type 'com.seafile.seadroid2.framework.datastore.DataStoreManager?'.
e: file:///Users/HONGBGU/Documents/seadroid/app/src/main/java/com/seafile/seadroid2/ui/data_migrate/DataMigrationActivity.kt:319:46 Initializer type mismatch: expected 'com.seafile.seadroid2.ui.camera_upload.CameraUploadDBHelper', actual 'com.seafile.seadroid2.ui.camera_upload.CameraUploadDBHelper?'.
e: file:///Users/HONGBGU/Documents/seadroid/app/src/main/java/com/seafile/seadroid2/ui/data_migrate/DataMigrationActivity.kt:319:46 Type mismatch: inferred type is 'com.seafile.seadroid2.ui.camera_upload.CameraUploadDBHelper?', but 'com.seafile.seadroid2.ui.camera_upload.CameraUploadDBHelper' was expected.
e: file:///Users/HONGBGU/Documents/seadroid/app/src/main/java/com/seafile/seadroid2/ui/data_migrate/DataMigrationActivity.kt:407:44 Only safe (?.) or non-null asserted (!!.) calls are allowed on a nullable receiver of type 'com.seafile.seadroid2.framework.db.AppDatabase?'.
e: file:///Users/HONGBGU/Documents/seadroid/app/src/main/java/com/seafile/seadroid2/ui/data_migrate/DataMigrationActivity.kt:407:62 Only safe (?.) or non-null asserted (!!.) calls are allowed on a nullable receiver of type 'com.seafile.seadroid2.framework.db.dao.FileTransferDAO?'.
e: file:///Users/HONGBGU/Documents/seadroid/app/src/main/java/com/seafile/seadroid2/ui/data_migrate/DataMigrationActivity.kt:419:46 Initializer type mismatch: expected 'com.seafile.seadroid2.ui.folder_backup.FolderBackupDBHelper', actual 'com.seafile.seadroid2.ui.folder_backup.FolderBackupDBHelper?'.
e: file:///Users/HONGBGU/Documents/seadroid/app/src/main/java/com/seafile/seadroid2/ui/data_migrate/DataMigrationActivity.kt:419:46 Type mismatch: inferred type is 'com.seafile.seadroid2.ui.folder_backup.FolderBackupDBHelper?', but 'com.seafile.seadroid2.ui.folder_backup.FolderBackupDBHelper' was expected.
e: file:///Users/HONGBGU/Documents/seadroid/app/src/main/java/com/seafile/seadroid2/ui/data_migrate/DataMigrationActivity.kt:506:44 Only safe (?.) or non-null asserted (!!.) calls are allowed on a nullable receiver of type 'com.seafile.seadroid2.framework.db.AppDatabase?'.
e: file:///Users/HONGBGU/Documents/seadroid/app/src/main/java/com/seafile/seadroid2/ui/data_migrate/DataMigrationActivity.kt:506:62 Only safe (?.) or non-null asserted (!!.) calls are allowed on a nullable receiver of type 'com.seafile.seadroid2.framework.db.dao.FileTransferDAO?'.
e: file:///Users/HONGBGU/Documents/seadroid/app/src/main/java/com/seafile/seadroid2/ui/data_migrate/DataMigrationActivity.kt:513:46 Initializer type mismatch: expected 'com.seafile.seadroid2.ui.folder_backup.FolderBackupDBHelper', actual 'com.seafile.seadroid2.ui.folder_backup.FolderBackupDBHelper?'.
e: file:///Users/HONGBGU/Documents/seadroid/app/src/main/java/com/seafile/seadroid2/ui/data_migrate/DataMigrationActivity.kt:513:46 Type mismatch: inferred type is 'com.seafile.seadroid2.ui.folder_backup.FolderBackupDBHelper?', but 'com.seafile.seadroid2.ui.folder_backup.FolderBackupDBHelper' was expected.
e: file:///Users/HONGBGU/Documents/seadroid/app/src/main/java/com/seafile/seadroid2/ui/data_migrate/DataMigrationActivity.kt:578:62 Only safe (?.) or non-null asserted (!!.) calls are allowed on a nullable receiver of type 'com.seafile.seadroid2.account.SupportAccountManager?'.
e: file:///Users/HONGBGU/Documents/seadroid/app/src/main/java/com/seafile/seadroid2/ui/data_migrate/DataMigrationActivity.kt:582:21 Initializer type mismatch: expected 'kotlin.collections.MutableList<com.seafile.seadroid2.account.Account>', actual 'kotlin.collections.MutableList<android.accounts.Account>'.
e: file:///Users/HONGBGU/Documents/seadroid/app/src/main/java/com/seafile/seadroid2/ui/data_migrate/DataMigrationActivity.kt:582:66 Only safe (?.) or non-null asserted (!!.) calls are allowed on a nullable receiver of type 'com.seafile.seadroid2.account.SupportAccountManager?'.
e: file:///Users/HONGBGU/Documents/seadroid/app/src/main/java/com/seafile/seadroid2/ui/data_migrate/DataMigrationActivity.kt:590:92 Only safe (?.) or non-null asserted (!!.) calls are allowed on a nullable receiver of type 'kotlin.collections.MutableList<kotlin.String?>?'.
e: file:///Users/HONGBGU/Documents/seadroid/app/src/main/java/com/seafile/seadroid2/ui/data_migrate/DataMigrationActivity.kt:738:44 Only safe (?.) or non-null asserted (!!.) calls are allowed on a nullable receiver of type 'com.seafile.seadroid2.framework.db.AppDatabase?'.
e: file:///Users/HONGBGU/Documents/seadroid/app/src/main/java/com/seafile/seadroid2/ui/data_migrate/DataMigrationActivity.kt:738:62 Only safe (?.) or non-null asserted (!!.) calls are allowed on a nullable receiver of type 'com.seafile.seadroid2.framework.db.dao.FileTransferDAO?'.
e: file:///Users/HONGBGU/Documents/seadroid/app/src/main/java/com/seafile/seadroid2/ui/data_migrate/DataMigrationActivity.kt:947:44 Only safe (?.) or non-null asserted (!!.) calls are allowed on a nullable receiver of type 'com.seafile.seadroid2.framework.db.AppDatabase?'.
e: file:///Users/HONGBGU/Documents/seadroid/app/src/main/java/com/seafile/seadroid2/ui/data_migrate/DataMigrationActivity.kt:947:61 Only safe (?.) or non-null asserted (!!.) calls are allowed on a nullable receiver of type 'com.seafile.seadroid2.framework.db.dao.EncKeyCacheDAO?'.
e: file:///Users/HONGBGU/Documents/seadroid/app/src/main/java/com/seafile/seadroid2/ui/data_migrate/DataMigrationActivity.kt:955:39 Initializer type mismatch: expected 'com.seafile.seadroid2.ssl.CertsDBHelper', actual 'com.seafile.seadroid2.ssl.CertsDBHelper?'.
e: file:///Users/HONGBGU/Documents/seadroid/app/src/main/java/com/seafile/seadroid2/ui/data_migrate/DataMigrationActivity.kt:955:39 Type mismatch: inferred type is 'com.seafile.seadroid2.ssl.CertsDBHelper?', but 'com.seafile.seadroid2.ssl.CertsDBHelper' was expected.
e: file:///Users/HONGBGU/Documents/seadroid/app/src/main/java/com/seafile/seadroid2/ui/data_migrate/DataMigrationActivity.kt:1052:22 Class '<anonymous>' is not abstract and does not implement abstract member 'accept'.
e: file:///Users/HONGBGU/Documents/seadroid/app/src/main/java/com/seafile/seadroid2/ui/data_migrate/DataMigrationActivity.kt:1053:13 'accept' overrides nothing.
e: file:///Users/HONGBGU/Documents/seadroid/app/src/main/java/com/seafile/seadroid2/ui/data_migrate/DataMigrationActivity.kt:1059:13 Initializer type mismatch: expected 'io.reactivex.Completable', actual 'io.reactivex.Completable?'.
e: file:///Users/HONGBGU/Documents/seadroid/app/src/main/java/com/seafile/seadroid2/ui/data_migrate/DataMigrationActivity.kt:1059:48 Only safe (?.) or non-null asserted (!!.) calls are allowed on a nullable receiver of type 'com.seafile.seadroid2.framework.db.AppDatabase?'.
e: file:///Users/HONGBGU/Documents/seadroid/app/src/main/java/com/seafile/seadroid2/ui/data_migrate/DataMigrationActivity.kt:1059:73 Only safe (?.) or non-null asserted (!!.) calls are allowed on a nullable receiver of type 'com.seafile.seadroid2.framework.db.dao.FolderBackupMonitorDAO?'.
e: file:///Users/HONGBGU/Documents/seadroid/app/src/main/java/com/seafile/seadroid2/ui/data_migrate/DataMigrationActivity.kt:1059:84 Argument type mismatch: actual type is 'kotlin.collections.MutableList<com.seafile.seadroid2.framework.db.entities.FolderBackupMonitorEntity?>', but 'kotlin.collections.MutableList<com.seafile.seadroid2.framework.db.entities.FolderBackupMonitorEntity>' was expected.
e: file:///Users/HONGBGU/Documents/seadroid/app/src/main/java/com/seafile/seadroid2/ui/data_migrate/DataMigrationV303Activity.kt:35:13 Initializer type mismatch: expected 'kotlin.collections.MutableList<com.seafile.seadroid2.account.Account?>', actual 'kotlin.collections.MutableList<android.accounts.Account>'.
e: file:///Users/HONGBGU/Documents/seadroid/app/src/main/java/com/seafile/seadroid2/ui/data_migrate/DataMigrationV303Activity.kt:35:58 Only safe (?.) or non-null asserted (!!.) calls are allowed on a nullable receiver of type 'com.seafile.seadroid2.account.SupportAccountManager?'.
e: file:///Users/HONGBGU/Documents/seadroid/app/src/main/java/com/seafile/seadroid2/ui/data_migrate/DataMigrationV303Activity.kt:76:17 Only safe (?.) or non-null asserted (!!.) calls are allowed on a nullable receiver of type 'com.seafile.seadroid2.framework.datastore.DataStoreManager?'.
e: file:///Users/HONGBGU/Documents/seadroid/app/src/main/java/com/seafile/seadroid2/ui/dialog/SslConfirmDialog.kt:62:49 Only safe (?.) or non-null asserted (!!.) calls are allowed on a nullable receiver of type 'com.seafile.seadroid2.ssl.SSLTrustManager?'.
e: file:///Users/HONGBGU/Documents/seadroid/app/src/main/java/com/seafile/seadroid2/ui/dialog/SslConfirmDialog.kt:65:56 Only safe (?.) or non-null asserted (!!.) calls are allowed on a nullable receiver of type 'com.seafile.seadroid2.ssl.SSLTrustManager?'.
e: file:///Users/HONGBGU/Documents/seadroid/app/src/main/java/com/seafile/seadroid2/ui/dialog/SslConfirmDialog.kt:188:5 'onCancel' overrides nothing.
e: file:///Users/HONGBGU/Documents/seadroid/app/src/main/java/com/seafile/seadroid2/ui/dialog_fragment/BottomSheetNewDirFileDialogFragment.kt:43:68 Only safe (?.) or non-null asserted (!!.) calls are allowed on a nullable receiver of type 'com.seafile.seadroid2.account.SupportAccountManager?'.
e: file:///Users/HONGBGU/Documents/seadroid/app/src/main/java/com/seafile/seadroid2/ui/dialog_fragment/BottomSheetNewDirFileDialogFragment.kt:103:14 Unresolved reference 'observe'.
e: file:///Users/HONGBGU/Documents/seadroid/app/src/main/java/com/seafile/seadroid2/ui/dialog_fragment/BottomSheetNewDirFileDialogFragment.kt:103:28 Class '<anonymous>' is not abstract and does not implement abstract member 'onChanged'.
e: file:///Users/HONGBGU/Documents/seadroid/app/src/main/java/com/seafile/seadroid2/ui/dialog_fragment/BottomSheetNewDirFileDialogFragment.kt:104:17 'onChanged' overrides nothing.
e: file:///Users/HONGBGU/Documents/seadroid/app/src/main/java/com/seafile/seadroid2/ui/dialog_fragment/BottomSheetNewDirFileDialogFragment.kt:114:67 Class '<anonymous>' is not abstract and does not implement abstract member 'onChanged'.
e: file:///Users/HONGBGU/Documents/seadroid/app/src/main/java/com/seafile/seadroid2/ui/dialog_fragment/BottomSheetNewDirFileDialogFragment.kt:115:17 'onChanged' overrides nothing.
e: file:///Users/HONGBGU/Documents/seadroid/app/src/main/java/com/seafile/seadroid2/ui/dialog_fragment/BottomSheetNewDirFileDialogFragment.kt:132:32 Class '<anonymous>' is not abstract and does not implement abstract member 'onChanged'.
e: file:///Users/HONGBGU/Documents/seadroid/app/src/main/java/com/seafile/seadroid2/ui/dialog_fragment/BottomSheetNewDirFileDialogFragment.kt:133:21 'onChanged' overrides nothing.
e: file:///Users/HONGBGU/Documents/seadroid/app/src/main/java/com/seafile/seadroid2/ui/dialog_fragment/BottomSheetNewDirFileDialogFragment.kt:152:14 Unresolved reference 'observe'.
e: file:///Users/HONGBGU/Documents/seadroid/app/src/main/java/com/seafile/seadroid2/ui/dialog_fragment/BottomSheetNewRepoDialogFragment.kt:37:5 'initView' overrides nothing.
e: file:///Users/HONGBGU/Documents/seadroid/app/src/main/java/com/seafile/seadroid2/ui/dialog_fragment/BottomSheetNewRepoDialogFragment.kt:109:14 Unresolved reference 'observe'.
e: file:///Users/HONGBGU/Documents/seadroid/app/src/main/java/com/seafile/seadroid2/ui/dialog_fragment/BottomSheetNewRepoDialogFragment.kt:109:28 Class '<anonymous>' is not abstract and does not implement abstract member 'onChanged'.
e: file:///Users/HONGBGU/Documents/seadroid/app/src/main/java/com/seafile/seadroid2/ui/dialog_fragment/BottomSheetNewRepoDialogFragment.kt:110:17 'onChanged' overrides nothing.
e: file:///Users/HONGBGU/Documents/seadroid/app/src/main/java/com/seafile/seadroid2/ui/dialog_fragment/BottomSheetNewRepoDialogFragment.kt:130:14 Unresolved reference 'observe'.
e: file:///Users/HONGBGU/Documents/seadroid/app/src/main/java/com/seafile/seadroid2/ui/dialog_fragment/BottomSheetPasswordDialogFragment.kt:47:72 Only safe (?.) or non-null asserted (!!.) calls are allowed on a nullable receiver of type 'com.seafile.seadroid2.account.SupportAccountManager?'.
e: file:///Users/HONGBGU/Documents/seadroid/app/src/main/java/com/seafile/seadroid2/ui/dialog_fragment/BottomSheetPasswordDialogFragment.kt:118:36 Argument type mismatch: actual type is 'com.seafile.seadroid2.account.Account?', but 'com.seafile.seadroid2.account.Account' was expected.
e: file:///Users/HONGBGU/Documents/seadroid/app/src/main/java/com/seafile/seadroid2/ui/dialog_fragment/BottomSheetPasswordDialogFragment.kt:125:14 Unresolved reference 'observe'.
e: file:///Users/HONGBGU/Documents/seadroid/app/src/main/java/com/seafile/seadroid2/ui/dialog_fragment/BottomSheetPasswordDialogFragment.kt:134:28 Class '<anonymous>' is not abstract and does not implement abstract member 'onChanged'.
e: file:///Users/HONGBGU/Documents/seadroid/app/src/main/java/com/seafile/seadroid2/ui/dialog_fragment/BottomSheetPasswordDialogFragment.kt:135:17 'onChanged' overrides nothing.
e: file:///Users/HONGBGU/Documents/seadroid/app/src/main/java/com/seafile/seadroid2/ui/dialog_fragment/BottomSheetPasswordDialogFragment.kt:148:47 Unresolved reference 'observe'.
e: file:///Users/HONGBGU/Documents/seadroid/app/src/main/java/com/seafile/seadroid2/ui/dialog_fragment/BottomSheetPasswordDialogFragment.kt:148:61 Class '<anonymous>' is not abstract and does not implement abstract member 'onChanged'.
e: file:///Users/HONGBGU/Documents/seadroid/app/src/main/java/com/seafile/seadroid2/ui/dialog_fragment/BottomSheetPasswordDialogFragment.kt:149:13 'onChanged' overrides nothing.
e: file:///Users/HONGBGU/Documents/seadroid/app/src/main/java/com/seafile/seadroid2/ui/dialog_fragment/BottomSheetRenameDialogFragment.kt:93:78 Only safe (?.) or non-null asserted (!!.) calls are allowed on a nullable receiver of type 'com.seafile.seadroid2.account.SupportAccountManager?'.
e: file:///Users/HONGBGU/Documents/seadroid/app/src/main/java/com/seafile/seadroid2/ui/dialog_fragment/BottomSheetRenameDialogFragment.kt:97:67 Argument type mismatch: actual type is 'kotlin.String?', but 'kotlin.String' was expected.
e: file:///Users/HONGBGU/Documents/seadroid/app/src/main/java/com/seafile/seadroid2/ui/dialog_fragment/BottomSheetRenameDialogFragment.kt:99:41 Argument type mismatch: actual type is 'com.seafile.seadroid2.account.Account?', but 'com.seafile.seadroid2.account.Account' was expected.
e: file:///Users/HONGBGU/Documents/seadroid/app/src/main/java/com/seafile/seadroid2/ui/dialog_fragment/BottomSheetRenameDialogFragment.kt:99:68 Argument type mismatch: actual type is 'kotlin.String?', but 'kotlin.String' was expected.
e: file:///Users/HONGBGU/Documents/seadroid/app/src/main/java/com/seafile/seadroid2/ui/dialog_fragment/BottomSheetRenameDialogFragment.kt:99:77 Argument type mismatch: actual type is 'kotlin.String?', but 'kotlin.String' was expected.
e: file:///Users/HONGBGU/Documents/seadroid/app/src/main/java/com/seafile/seadroid2/ui/dialog_fragment/BottomSheetRenameDialogFragment.kt:132:14 Unresolved reference 'observe'.
e: file:///Users/HONGBGU/Documents/seadroid/app/src/main/java/com/seafile/seadroid2/ui/dialog_fragment/BottomSheetRenameDialogFragment.kt:150:47 Unresolved reference 'observe'.
e: file:///Users/HONGBGU/Documents/seadroid/app/src/main/java/com/seafile/seadroid2/ui/dialog_fragment/BottomSheetRenameDialogFragment.kt:150:61 Class '<anonymous>' is not abstract and does not implement abstract member 'onChanged'.
e: file:///Users/HONGBGU/Documents/seadroid/app/src/main/java/com/seafile/seadroid2/ui/dialog_fragment/BottomSheetRenameDialogFragment.kt:151:13 'onChanged' overrides nothing.
e: file:///Users/HONGBGU/Documents/seadroid/app/src/main/java/com/seafile/seadroid2/ui/dialog_fragment/ClearCacheDialogFragment.kt:11:68 Type argument is not within its bounds: should be subtype of 'com.seafile.seadroid2.baseviewmodel.BaseViewModel?'.
e: file:///Users/HONGBGU/Documents/seadroid/app/src/main/java/com/seafile/seadroid2/ui/dialog_fragment/ClearCacheDialogFragment.kt:17:32 Class '<anonymous>' is not abstract and does not implement abstract member 'accept'.
e: file:///Users/HONGBGU/Documents/seadroid/app/src/main/java/com/seafile/seadroid2/ui/dialog_fragment/ClearCacheDialogFragment.kt:19:13 'accept' overrides nothing.
e: file:///Users/HONGBGU/Documents/seadroid/app/src/main/java/com/seafile/seadroid2/ui/dialog_fragment/ClearCacheDialogFragment.kt:32:5 'initView' overrides nothing.
e: file:///Users/HONGBGU/Documents/seadroid/app/src/main/java/com/seafile/seadroid2/ui/dialog_fragment/ClearPasswordDialogFragment.kt:23:78 Only safe (?.) or non-null asserted (!!.) calls are allowed on a nullable receiver of type 'com.seafile.seadroid2.account.SupportAccountManager?'.
e: file:///Users/HONGBGU/Documents/seadroid/app/src/main/java/com/seafile/seadroid2/ui/dialog_fragment/ClearPasswordDialogFragment.kt:24:32 Argument type mismatch: actual type is 'com.seafile.seadroid2.account.Account?', but 'com.seafile.seadroid2.account.Account' was expected.
e: file:///Users/HONGBGU/Documents/seadroid/app/src/main/java/com/seafile/seadroid2/ui/dialog_fragment/ClearPasswordDialogFragment.kt:33:5 'initView' overrides nothing.
e: file:///Users/HONGBGU/Documents/seadroid/app/src/main/java/com/seafile/seadroid2/ui/dialog_fragment/CopyMoveDialogFragment.kt:46:5 'initView' overrides nothing.
e: file:///Users/HONGBGU/Documents/seadroid/app/src/main/java/com/seafile/seadroid2/ui/dialog_fragment/CopyMoveDialogFragment.kt:96:78 Only safe (?.) or non-null asserted (!!.) calls are allowed on a nullable receiver of type 'com.seafile.seadroid2.account.SupportAccountManager?'.
e: file:///Users/HONGBGU/Documents/seadroid/app/src/main/java/com/seafile/seadroid2/ui/dialog_fragment/CopyMoveDialogFragment.kt:110:17 Argument type mismatch: actual type is 'com.seafile.seadroid2.account.Account?', but 'com.seafile.seadroid2.account.Account' was expected.
e: file:///Users/HONGBGU/Documents/seadroid/app/src/main/java/com/seafile/seadroid2/ui/dialog_fragment/CopyMoveDialogFragment.kt:117:17 Argument type mismatch: actual type is 'kotlin.collections.MutableList<com.seafile.seadroid2.framework.db.entities.DirentModel?>?', but 'kotlin.collections.MutableList<com.seafile.seadroid2.framework.db.entities.DirentModel>?' was expected.
e: file:///Users/HONGBGU/Documents/seadroid/app/src/main/java/com/seafile/seadroid2/ui/dialog_fragment/CopyMoveDialogFragment.kt:126:14 Unresolved reference 'observe'.
e: file:///Users/HONGBGU/Documents/seadroid/app/src/main/java/com/seafile/seadroid2/ui/dialog_fragment/CopyMoveDialogFragment.kt:139:14 Unresolved reference 'observe'.
e: file:///Users/HONGBGU/Documents/seadroid/app/src/main/java/com/seafile/seadroid2/ui/dialog_fragment/DeleteFileDialogFragment.kt:52:14 Unresolved reference 'observe'.
e: file:///Users/HONGBGU/Documents/seadroid/app/src/main/java/com/seafile/seadroid2/ui/dialog_fragment/DeleteFileDialogFragment.kt:55:14 Unresolved reference 'observe'.
e: file:///Users/HONGBGU/Documents/seadroid/app/src/main/java/com/seafile/seadroid2/ui/dialog_fragment/DeleteFileDialogFragment.kt:55:28 Class '<anonymous>' is not abstract and does not implement abstract member 'onChanged'.
e: file:///Users/HONGBGU/Documents/seadroid/app/src/main/java/com/seafile/seadroid2/ui/dialog_fragment/DeleteFileDialogFragment.kt:56:17 'onChanged' overrides nothing.
e: file:///Users/HONGBGU/Documents/seadroid/app/src/main/java/com/seafile/seadroid2/ui/dialog_fragment/DeleteFileDialogFragment.kt:76:5 'initView' overrides nothing.
e: file:///Users/HONGBGU/Documents/seadroid/app/src/main/java/com/seafile/seadroid2/ui/dialog_fragment/DeleteRepoDialogFragment.kt:49:14 Unresolved reference 'observe'.
e: file:///Users/HONGBGU/Documents/seadroid/app/src/main/java/com/seafile/seadroid2/ui/dialog_fragment/DeleteRepoDialogFragment.kt:49:28 Class '<anonymous>' is not abstract and does not implement abstract member 'onChanged'.
e: file:///Users/HONGBGU/Documents/seadroid/app/src/main/java/com/seafile/seadroid2/ui/dialog_fragment/DeleteRepoDialogFragment.kt:50:17 'onChanged' overrides nothing.
e: file:///Users/HONGBGU/Documents/seadroid/app/src/main/java/com/seafile/seadroid2/ui/dialog_fragment/DeleteRepoDialogFragment.kt:66:14 Unresolved reference 'observe'.
e: file:///Users/HONGBGU/Documents/seadroid/app/src/main/java/com/seafile/seadroid2/ui/dialog_fragment/DeleteRepoDialogFragment.kt:69:5 'initView' overrides nothing.
e: file:///Users/HONGBGU/Documents/seadroid/app/src/main/java/com/seafile/seadroid2/ui/dialog_fragment/GetShareLinkPasswordDialogFragment.kt:106:36 Class '<anonymous>' is not abstract and does not implement abstract member 'callback'.
e: file:///Users/HONGBGU/Documents/seadroid/app/src/main/java/com/seafile/seadroid2/ui/dialog_fragment/GetShareLinkPasswordDialogFragment.kt:107:25 'callback' overrides nothing.
e: file:///Users/HONGBGU/Documents/seadroid/app/src/main/java/com/seafile/seadroid2/ui/dialog_fragment/GetShareLinkPasswordDialogFragment.kt:143:14 Unresolved reference 'observe'.
e: file:///Users/HONGBGU/Documents/seadroid/app/src/main/java/com/seafile/seadroid2/ui/dialog_fragment/GetShareLinkPasswordDialogFragment.kt:145:53 Unresolved reference 'observe'.
e: file:///Users/HONGBGU/Documents/seadroid/app/src/main/java/com/seafile/seadroid2/ui/dialog_fragment/NewDirFileDialogFragment.kt:74:14 Unresolved reference 'observe'.
e: file:///Users/HONGBGU/Documents/seadroid/app/src/main/java/com/seafile/seadroid2/ui/dialog_fragment/NewDirFileDialogFragment.kt:74:28 Class '<anonymous>' is not abstract and does not implement abstract member 'onChanged'.
e: file:///Users/HONGBGU/Documents/seadroid/app/src/main/java/com/seafile/seadroid2/ui/dialog_fragment/NewDirFileDialogFragment.kt:75:17 'onChanged' overrides nothing.
e: file:///Users/HONGBGU/Documents/seadroid/app/src/main/java/com/seafile/seadroid2/ui/dialog_fragment/NewDirFileDialogFragment.kt:85:67 Class '<anonymous>' is not abstract and does not implement abstract member 'onChanged'.
e: file:///Users/HONGBGU/Documents/seadroid/app/src/main/java/com/seafile/seadroid2/ui/dialog_fragment/NewDirFileDialogFragment.kt:86:17 'onChanged' overrides nothing.
e: file:///Users/HONGBGU/Documents/seadroid/app/src/main/java/com/seafile/seadroid2/ui/dialog_fragment/NewDirFileDialogFragment.kt:103:32 Class '<anonymous>' is not abstract and does not implement abstract member 'onChanged'.
e: file:///Users/HONGBGU/Documents/seadroid/app/src/main/java/com/seafile/seadroid2/ui/dialog_fragment/NewDirFileDialogFragment.kt:104:21 'onChanged' overrides nothing.
e: file:///Users/HONGBGU/Documents/seadroid/app/src/main/java/com/seafile/seadroid2/ui/dialog_fragment/NewDirFileDialogFragment.kt:123:14 Unresolved reference 'observe'.
e: file:///Users/HONGBGU/Documents/seadroid/app/src/main/java/com/seafile/seadroid2/ui/dialog_fragment/NewRepoDialogFragment.kt:59:14 Unresolved reference 'observe'.
e: file:///Users/HONGBGU/Documents/seadroid/app/src/main/java/com/seafile/seadroid2/ui/dialog_fragment/NewRepoDialogFragment.kt:59:28 Class '<anonymous>' is not abstract and does not implement abstract member 'onChanged'.
e: file:///Users/HONGBGU/Documents/seadroid/app/src/main/java/com/seafile/seadroid2/ui/dialog_fragment/NewRepoDialogFragment.kt:60:17 'onChanged' overrides nothing.
e: file:///Users/HONGBGU/Documents/seadroid/app/src/main/java/com/seafile/seadroid2/ui/dialog_fragment/NewRepoDialogFragment.kt:79:14 Unresolved reference 'observe'.
e: file:///Users/HONGBGU/Documents/seadroid/app/src/main/java/com/seafile/seadroid2/ui/dialog_fragment/PasswordDialogFragment.kt:44:72 Only safe (?.) or non-null asserted (!!.) calls are allowed on a nullable receiver of type 'com.seafile.seadroid2.account.SupportAccountManager?'.
e: file:///Users/HONGBGU/Documents/seadroid/app/src/main/java/com/seafile/seadroid2/ui/dialog_fragment/PasswordDialogFragment.kt:80:36 Argument type mismatch: actual type is 'com.seafile.seadroid2.account.Account?', but 'com.seafile.seadroid2.account.Account' was expected.
e: file:///Users/HONGBGU/Documents/seadroid/app/src/main/java/com/seafile/seadroid2/ui/dialog_fragment/PasswordDialogFragment.kt:108:14 Unresolved reference 'observe'.
e: file:///Users/HONGBGU/Documents/seadroid/app/src/main/java/com/seafile/seadroid2/ui/dialog_fragment/PasswordDialogFragment.kt:108:28 Class '<anonymous>' is not abstract and does not implement abstract member 'onChanged'.
e: file:///Users/HONGBGU/Documents/seadroid/app/src/main/java/com/seafile/seadroid2/ui/dialog_fragment/PasswordDialogFragment.kt:109:17 'onChanged' overrides nothing.
e: file:///Users/HONGBGU/Documents/seadroid/app/src/main/java/com/seafile/seadroid2/ui/dialog_fragment/PasswordDialogFragment.kt:115:28 Class '<anonymous>' is not abstract and does not implement abstract member 'onChanged'.
e: file:///Users/HONGBGU/Documents/seadroid/app/src/main/java/com/seafile/seadroid2/ui/dialog_fragment/PasswordDialogFragment.kt:116:17 'onChanged' overrides nothing.
e: file:///Users/HONGBGU/Documents/seadroid/app/src/main/java/com/seafile/seadroid2/ui/dialog_fragment/PasswordDialogFragment.kt:129:47 Unresolved reference 'observe'.
e: file:///Users/HONGBGU/Documents/seadroid/app/src/main/java/com/seafile/seadroid2/ui/dialog_fragment/PasswordDialogFragment.kt:129:61 Class '<anonymous>' is not abstract and does not implement abstract member 'onChanged'.
e: file:///Users/HONGBGU/Documents/seadroid/app/src/main/java/com/seafile/seadroid2/ui/dialog_fragment/PasswordDialogFragment.kt:130:13 'onChanged' overrides nothing.
e: file:///Users/HONGBGU/Documents/seadroid/app/src/main/java/com/seafile/seadroid2/ui/dialog_fragment/PolicyDialogFragment.kt:58:21 Class '<anonymous>' is not abstract and does not implement abstract base class member 'onClick'.
e: file:///Users/HONGBGU/Documents/seadroid/app/src/main/java/com/seafile/seadroid2/ui/dialog_fragment/PolicyDialogFragment.kt:59:13 'onClick' overrides nothing.
e: file:///Users/HONGBGU/Documents/seadroid/app/src/main/java/com/seafile/seadroid2/ui/dialog_fragment/RenameDialogFragment.kt:73:78 Only safe (?.) or non-null asserted (!!.) calls are allowed on a nullable receiver of type 'com.seafile.seadroid2.account.SupportAccountManager?'.
e: file:///Users/HONGBGU/Documents/seadroid/app/src/main/java/com/seafile/seadroid2/ui/dialog_fragment/RenameDialogFragment.kt:77:67 Argument type mismatch: actual type is 'kotlin.String?', but 'kotlin.String' was expected.
e: file:///Users/HONGBGU/Documents/seadroid/app/src/main/java/com/seafile/seadroid2/ui/dialog_fragment/RenameDialogFragment.kt:79:41 Argument type mismatch: actual type is 'com.seafile.seadroid2.account.Account?', but 'com.seafile.seadroid2.account.Account' was expected.
e: file:///Users/HONGBGU/Documents/seadroid/app/src/main/java/com/seafile/seadroid2/ui/dialog_fragment/RenameDialogFragment.kt:79:68 Argument type mismatch: actual type is 'kotlin.String?', but 'kotlin.String' was expected.
e: file:///Users/HONGBGU/Documents/seadroid/app/src/main/java/com/seafile/seadroid2/ui/dialog_fragment/RenameDialogFragment.kt:79:77 Argument type mismatch: actual type is 'kotlin.String?', but 'kotlin.String' was expected.
e: file:///Users/HONGBGU/Documents/seadroid/app/src/main/java/com/seafile/seadroid2/ui/dialog_fragment/RenameDialogFragment.kt:96:14 Unresolved reference 'observe'.
e: file:///Users/HONGBGU/Documents/seadroid/app/src/main/java/com/seafile/seadroid2/ui/dialog_fragment/RenameDialogFragment.kt:114:47 Unresolved reference 'observe'.
e: file:///Users/HONGBGU/Documents/seadroid/app/src/main/java/com/seafile/seadroid2/ui/dialog_fragment/RenameDialogFragment.kt:114:61 Class '<anonymous>' is not abstract and does not implement abstract member 'onChanged'.
e: file:///Users/HONGBGU/Documents/seadroid/app/src/main/java/com/seafile/seadroid2/ui/dialog_fragment/RenameDialogFragment.kt:115:13 'onChanged' overrides nothing.
e: file:///Users/HONGBGU/Documents/seadroid/app/src/main/java/com/seafile/seadroid2/ui/dialog_fragment/SignOutDialogFragment.kt:22:78 Only safe (?.) or non-null asserted (!!.) calls are allowed on a nullable receiver of type 'com.seafile.seadroid2.account.SupportAccountManager?'.
e: file:///Users/HONGBGU/Documents/seadroid/app/src/main/java/com/seafile/seadroid2/ui/dialog_fragment/SignOutDialogFragment.kt:29:5 'initView' overrides nothing.
e: file:///Users/HONGBGU/Documents/seadroid/app/src/main/java/com/seafile/seadroid2/ui/dialog_fragment/SwitchStorageDialogFragment.kt:80:47 Unresolved reference 'observe'.
e: file:///Users/HONGBGU/Documents/seadroid/app/src/main/java/com/seafile/seadroid2/ui/dialog_fragment/SwitchStorageDialogFragment.kt:80:61 Class '<anonymous>' is not abstract and does not implement abstract member 'onChanged'.
e: file:///Users/HONGBGU/Documents/seadroid/app/src/main/java/com/seafile/seadroid2/ui/dialog_fragment/SwitchStorageDialogFragment.kt:81:13 'onChanged' overrides nothing.
e: file:///Users/HONGBGU/Documents/seadroid/app/src/main/java/com/seafile/seadroid2/ui/dialog_fragment/viewmodel/ClearCacheViewModel.kt:3:31 Conflicting import: imported name 'Consumer' is ambiguous.
e: file:///Users/HONGBGU/Documents/seadroid/app/src/main/java/com/seafile/seadroid2/ui/dialog_fragment/viewmodel/ClearCacheViewModel.kt:6:31 Conflicting import: imported name 'Consumer' is ambiguous.
e: file:///Users/HONGBGU/Documents/seadroid/app/src/main/java/com/seafile/seadroid2/ui/dialog_fragment/viewmodel/ClearCacheViewModel.kt:9:29 Unresolved reference 'BaseViewModel'.
e: file:///Users/HONGBGU/Documents/seadroid/app/src/main/java/com/seafile/seadroid2/ui/dialog_fragment/viewmodel/ClearCacheViewModel.kt:11:16 Unresolved reference 'Single'.
e: file:///Users/HONGBGU/Documents/seadroid/app/src/main/java/com/seafile/seadroid2/ui/dialog_fragment/viewmodel/ClearCacheViewModel.kt:11:35 Unresolved reference 'Single'.
e: file:///Users/HONGBGU/Documents/seadroid/app/src/main/java/com/seafile/seadroid2/ui/dialog_fragment/viewmodel/ClearCacheViewModel.kt:11:68 Unresolved reference 'SingleOnSubscribe'.
e: file:///Users/HONGBGU/Documents/seadroid/app/src/main/java/com/seafile/seadroid2/ui/dialog_fragment/viewmodel/ClearCacheViewModel.kt:13:13 'subscribe' overrides nothing.
e: file:///Users/HONGBGU/Documents/seadroid/app/src/main/java/com/seafile/seadroid2/ui/dialog_fragment/viewmodel/ClearCacheViewModel.kt:13:45 Unresolved reference 'SingleEmitter'.
e: file:///Users/HONGBGU/Documents/seadroid/app/src/main/java/com/seafile/seadroid2/ui/dialog_fragment/viewmodel/ClearCacheViewModel.kt:14:29 Unresolved reference 'isDisposed'.
e: file:///Users/HONGBGU/Documents/seadroid/app/src/main/java/com/seafile/seadroid2/ui/dialog_fragment/viewmodel/ClearCacheViewModel.kt:18:37 Unresolved reference 'StorageManager'.
e: file:///Users/HONGBGU/Documents/seadroid/app/src/main/java/com/seafile/seadroid2/ui/dialog_fragment/viewmodel/ClearCacheViewModel.kt:18:54 Unresolved reference 'StorageManager'.
e: file:///Users/HONGBGU/Documents/seadroid/app/src/main/java/com/seafile/seadroid2/ui/dialog_fragment/viewmodel/ClearCacheViewModel.kt:19:32 Unresolved reference 'clearAllCache'.
e: file:///Users/HONGBGU/Documents/seadroid/app/src/main/java/com/seafile/seadroid2/ui/dialog_fragment/viewmodel/ClearCacheViewModel.kt:26:30 Unresolved reference 'SeadroidApplication'.
e: file:///Users/HONGBGU/Documents/seadroid/app/src/main/java/com/seafile/seadroid2/ui/dialog_fragment/viewmodel/ClearCacheViewModel.kt:28:35 Argument type mismatch: actual type is 'kotlin.Boolean', but 'kotlin.Function1<@ParameterName(...) T, kotlin.Unit>' was expected.
e: file:///Users/HONGBGU/Documents/seadroid/app/src/main/java/com/seafile/seadroid2/ui/dialog_fragment/viewmodel/ClearCacheViewModel.kt:31:9 Unresolved reference 'addSingleDisposable'.
e: file:///Users/HONGBGU/Documents/seadroid/app/src/main/java/com/seafile/seadroid2/ui/dialog_fragment/viewmodel/ClearPasswordViewModel.kt:12:40 Initializer type mismatch: expected 'io.reactivex.Completable', actual 'io.reactivex.Completable?'.
e: file:///Users/HONGBGU/Documents/seadroid/app/src/main/java/com/seafile/seadroid2/ui/dialog_fragment/viewmodel/ClearPasswordViewModel.kt:12:75 Only safe (?.) or non-null asserted (!!.) calls are allowed on a nullable receiver of type 'com.seafile.seadroid2.framework.db.AppDatabase?'.
e: file:///Users/HONGBGU/Documents/seadroid/app/src/main/java/com/seafile/seadroid2/ui/dialog_fragment/viewmodel/ClearPasswordViewModel.kt:13:13 Only safe (?.) or non-null asserted (!!.) calls are allowed on a nullable receiver of type 'com.seafile.seadroid2.framework.db.dao.EncKeyCacheDAO?'.
e: file:///Users/HONGBGU/Documents/seadroid/app/src/main/java/com/seafile/seadroid2/ui/dialog_fragment/viewmodel/CopyMoveViewModel.kt:46:30 None of the following candidates is applicable:
@SinceKotlin(...) @InlineOnly() fun <V> KMutableProperty0<V>.setValue(thisRef: Any?, property: KProperty<*>, value: V): Unit
@SinceKotlin(...) @InlineOnly() fun <T, V> KMutableProperty1<T, V>.setValue(thisRef: T, property: KProperty<*>, value: V): Unit
@InlineOnly() fun <V> MutableMap<in String, in V>.setValue(thisRef: Any?, property: KProperty<*>, value: V): Unit
e: file:///Users/HONGBGU/Documents/seadroid/app/src/main/java/com/seafile/seadroid2/ui/dialog_fragment/viewmodel/CopyMoveViewModel.kt:59:13 Initializer type mismatch: expected 'io.reactivex.Single<com.seafile.seadroid2.framework.model.ResultModel?>', actual 'io.reactivex.Single<com.seafile.seadroid2.framework.model.ResultModel?>?'.
e: file:///Users/HONGBGU/Documents/seadroid/app/src/main/java/com/seafile/seadroid2/ui/dialog_fragment/viewmodel/CopyMoveViewModel.kt:59:50 Only safe (?.) or non-null asserted (!!.) calls are allowed on a nullable receiver of type 'com.seafile.seadroid2.framework.http.HttpIO?'.
e: file:///Users/HONGBGU/Documents/seadroid/app/src/main/java/com/seafile/seadroid2/ui/dialog_fragment/viewmodel/CopyMoveViewModel.kt:59:75 Argument type mismatch: actual type is 'java.lang.Class<com.seafile.seadroid2.ui.dialog_fragment.DialogService>', but 'java.lang.Class<T?>' was expected.
e: file:///Users/HONGBGU/Documents/seadroid/app/src/main/java/com/seafile/seadroid2/ui/dialog_fragment/viewmodel/CopyMoveViewModel.kt:60:17 Only safe (?.) or non-null asserted (!!.) calls are allowed on a nullable receiver of type 'com.seafile.seadroid2.ui.dialog_fragment.DialogService?'.
e: file:///Users/HONGBGU/Documents/seadroid/app/src/main/java/com/seafile/seadroid2/ui/dialog_fragment/viewmodel/CopyMoveViewModel.kt:103:68 Only safe (?.) or non-null asserted (!!.) calls are allowed on a nullable receiver of type 'com.seafile.seadroid2.framework.db.AppDatabase?'.
e: file:///Users/HONGBGU/Documents/seadroid/app/src/main/java/com/seafile/seadroid2/ui/dialog_fragment/viewmodel/CopyMoveViewModel.kt:104:37 Only safe (?.) or non-null asserted (!!.) calls are allowed on a nullable receiver of type 'com.seafile.seadroid2.framework.db.dao.FileCacheStatusDAO?'.
e: file:///Users/HONGBGU/Documents/seadroid/app/src/main/java/com/seafile/seadroid2/ui/dialog_fragment/viewmodel/CopyMoveViewModel.kt:108:72 Only safe (?.) or non-null asserted (!!.) calls are allowed on a nullable receiver of type 'com.seafile.seadroid2.framework.db.AppDatabase?'.
e: file:///Users/HONGBGU/Documents/seadroid/app/src/main/java/com/seafile/seadroid2/ui/dialog_fragment/viewmodel/CopyMoveViewModel.kt:109:41 Only safe (?.) or non-null asserted (!!.) calls are allowed on a nullable receiver of type 'com.seafile.seadroid2.framework.db.dao.FileCacheStatusDAO?'.
e: file:///Users/HONGBGU/Documents/seadroid/app/src/main/java/com/seafile/seadroid2/ui/dialog_fragment/viewmodel/CopyMoveViewModel.kt:109:49 Argument type mismatch: actual type is 'com.seafile.seadroid2.framework.db.entities.FileCacheStatusEntity?', but 'com.seafile.seadroid2.framework.db.entities.FileCacheStatusEntity' was expected.
e: file:///Users/HONGBGU/Documents/seadroid/app/src/main/java/com/seafile/seadroid2/ui/dialog_fragment/viewmodel/CopyMoveViewModel.kt:113:86 Only safe (?.) or non-null asserted (!!.) calls are allowed on a nullable receiver of type 'kotlin.String?'.
e: file:///Users/HONGBGU/Documents/seadroid/app/src/main/java/com/seafile/seadroid2/ui/dialog_fragment/viewmodel/CopyMoveViewModel.kt:117:82 Only safe (?.) or non-null asserted (!!.) calls are allowed on a nullable receiver of type 'kotlin.String?'.
e: file:///Users/HONGBGU/Documents/seadroid/app/src/main/java/com/seafile/seadroid2/ui/dialog_fragment/viewmodel/CopyMoveViewModel.kt:123:41 Only safe (?.) or non-null asserted (!!.) calls are allowed on a nullable receiver of type 'kotlin.String?'.
e: file:///Users/HONGBGU/Documents/seadroid/app/src/main/java/com/seafile/seadroid2/ui/dialog_fragment/viewmodel/CopyMoveViewModel.kt:128:72 Only safe (?.) or non-null asserted (!!.) calls are allowed on a nullable receiver of type 'com.seafile.seadroid2.framework.db.AppDatabase?'.
e: file:///Users/HONGBGU/Documents/seadroid/app/src/main/java/com/seafile/seadroid2/ui/dialog_fragment/viewmodel/CopyMoveViewModel.kt:129:41 Only safe (?.) or non-null asserted (!!.) calls are allowed on a nullable receiver of type 'com.seafile.seadroid2.framework.db.dao.FileCacheStatusDAO?'.
e: file:///Users/HONGBGU/Documents/seadroid/app/src/main/java/com/seafile/seadroid2/ui/dialog_fragment/viewmodel/CopyMoveViewModel.kt:134:33 Initializer type mismatch: expected 'kotlin.collections.MutableList<com.seafile.seadroid2.framework.db.entities.FileCacheStatusEntity>?', actual 'kotlin.collections.MutableList<com.seafile.seadroid2.framework.db.entities.FileCacheStatusEntity?>?'.
e: file:///Users/HONGBGU/Documents/seadroid/app/src/main/java/com/seafile/seadroid2/ui/dialog_fragment/viewmodel/CopyMoveViewModel.kt:134:68 Only safe (?.) or non-null asserted (!!.) calls are allowed on a nullable receiver of type 'com.seafile.seadroid2.framework.db.AppDatabase?'.
e: file:///Users/HONGBGU/Documents/seadroid/app/src/main/java/com/seafile/seadroid2/ui/dialog_fragment/viewmodel/CopyMoveViewModel.kt:135:37 Only safe (?.) or non-null asserted (!!.) calls are allowed on a nullable receiver of type 'com.seafile.seadroid2.framework.db.dao.FileCacheStatusDAO?'.
e: file:///Users/HONGBGU/Documents/seadroid/app/src/main/java/com/seafile/seadroid2/ui/dialog_fragment/viewmodel/CopyMoveViewModel.kt:142:68 Only safe (?.) or non-null asserted (!!.) calls are allowed on a nullable receiver of type 'com.seafile.seadroid2.framework.db.AppDatabase?'.
e: file:///Users/HONGBGU/Documents/seadroid/app/src/main/java/com/seafile/seadroid2/ui/dialog_fragment/viewmodel/CopyMoveViewModel.kt:143:37 Only safe (?.) or non-null asserted (!!.) calls are allowed on a nullable receiver of type 'com.seafile.seadroid2.framework.db.dao.FileCacheStatusDAO?'.
e: file:///Users/HONGBGU/Documents/seadroid/app/src/main/java/com/seafile/seadroid2/ui/dialog_fragment/viewmodel/CopyMoveViewModel.kt:154:68 Only safe (?.) or non-null asserted (!!.) calls are allowed on a nullable receiver of type 'com.seafile.seadroid2.framework.db.AppDatabase?'.
e: file:///Users/HONGBGU/Documents/seadroid/app/src/main/java/com/seafile/seadroid2/ui/dialog_fragment/viewmodel/CopyMoveViewModel.kt:155:37 Only safe (?.) or non-null asserted (!!.) calls are allowed on a nullable receiver of type 'com.seafile.seadroid2.framework.db.dao.FileCacheStatusDAO?'.
e: file:///Users/HONGBGU/Documents/seadroid/app/src/main/java/com/seafile/seadroid2/ui/dialog_fragment/viewmodel/CopyMoveViewModel.kt:168:59 Class '<anonymous>' is not abstract and does not implement abstract member 'apply'.
e: file:///Users/HONGBGU/Documents/seadroid/app/src/main/java/com/seafile/seadroid2/ui/dialog_fragment/viewmodel/CopyMoveViewModel.kt:171:13 'apply' overrides nothing.
e: file:///Users/HONGBGU/Documents/seadroid/app/src/main/java/com/seafile/seadroid2/ui/dialog_fragment/viewmodel/CopyMoveViewModel.kt:179:38 None of the following candidates is applicable:
@SinceKotlin(...) @InlineOnly() fun <V> KMutableProperty0<V>.setValue(thisRef: Any?, property: KProperty<*>, value: V): Unit
@SinceKotlin(...) @InlineOnly() fun <T, V> KMutableProperty1<T, V>.setValue(thisRef: T, property: KProperty<*>, value: V): Unit
@InlineOnly() fun <V> MutableMap<in String, in V>.setValue(thisRef: Any?, property: KProperty<*>, value: V): Unit
e: file:///Users/HONGBGU/Documents/seadroid/app/src/main/java/com/seafile/seadroid2/ui/dialog_fragment/viewmodel/CopyMoveViewModel.kt:185:38 None of the following candidates is applicable:
@SinceKotlin(...) @InlineOnly() fun <V> KMutableProperty0<V>.setValue(thisRef: Any?, property: KProperty<*>, value: V): Unit
@SinceKotlin(...) @InlineOnly() fun <T, V> KMutableProperty1<T, V>.setValue(thisRef: T, property: KProperty<*>, value: V): Unit
@InlineOnly() fun <V> MutableMap<in String, in V>.setValue(thisRef: Any?, property: KProperty<*>, value: V): Unit
e: file:///Users/HONGBGU/Documents/seadroid/app/src/main/java/com/seafile/seadroid2/ui/dialog_fragment/viewmodel/CopyMoveViewModel.kt:188:44 None of the following candidates is applicable:
@SinceKotlin(...) @InlineOnly() fun <V> KMutableProperty0<V>.setValue(thisRef: Any?, property: KProperty<*>, value: V): Unit
@SinceKotlin(...) @InlineOnly() fun <T, V> KMutableProperty1<T, V>.setValue(thisRef: T, property: KProperty<*>, value: V): Unit
@InlineOnly() fun <V> MutableMap<in String, in V>.setValue(thisRef: Any?, property: KProperty<*>, value: V): Unit
e: file:///Users/HONGBGU/Documents/seadroid/app/src/main/java/com/seafile/seadroid2/ui/dialog_fragment/viewmodel/CopyMoveViewModel.kt:207:30 None of the following candidates is applicable:
@SinceKotlin(...) @InlineOnly() fun <V> KMutableProperty0<V>.setValue(thisRef: Any?, property: KProperty<*>, value: V): Unit
@SinceKotlin(...) @InlineOnly() fun <T, V> KMutableProperty1<T, V>.setValue(thisRef: T, property: KProperty<*>, value: V): Unit
@InlineOnly() fun <V> MutableMap<in String, in V>.setValue(thisRef: Any?, property: KProperty<*>, value: V): Unit
e: file:///Users/HONGBGU/Documents/seadroid/app/src/main/java/com/seafile/seadroid2/ui/dialog_fragment/viewmodel/CopyMoveViewModel.kt:220:13 Initializer type mismatch: expected 'io.reactivex.Single<com.seafile.seadroid2.framework.model.ResultModel?>', actual 'io.reactivex.Single<com.seafile.seadroid2.framework.model.ResultModel?>?'.
e: file:///Users/HONGBGU/Documents/seadroid/app/src/main/java/com/seafile/seadroid2/ui/dialog_fragment/viewmodel/CopyMoveViewModel.kt:220:50 Only safe (?.) or non-null asserted (!!.) calls are allowed on a nullable receiver of type 'com.seafile.seadroid2.framework.http.HttpIO?'.
e: file:///Users/HONGBGU/Documents/seadroid/app/src/main/java/com/seafile/seadroid2/ui/dialog_fragment/viewmodel/CopyMoveViewModel.kt:220:75 Argument type mismatch: actual type is 'java.lang.Class<com.seafile.seadroid2.ui.dialog_fragment.DialogService>', but 'java.lang.Class<T?>' was expected.
e: file:///Users/HONGBGU/Documents/seadroid/app/src/main/java/com/seafile/seadroid2/ui/dialog_fragment/viewmodel/CopyMoveViewModel.kt:221:17 Only safe (?.) or non-null asserted (!!.) calls are allowed on a nullable receiver of type 'com.seafile.seadroid2.ui.dialog_fragment.DialogService?'.
e: file:///Users/HONGBGU/Documents/seadroid/app/src/main/java/com/seafile/seadroid2/ui/dialog_fragment/viewmodel/CopyMoveViewModel.kt:225:38 None of the following candidates is applicable:
@SinceKotlin(...) @InlineOnly() fun <V> KMutableProperty0<V>.setValue(thisRef: Any?, property: KProperty<*>, value: V): Unit
@SinceKotlin(...) @InlineOnly() fun <T, V> KMutableProperty1<T, V>.setValue(thisRef: T, property: KProperty<*>, value: V): Unit
@InlineOnly() fun <V> MutableMap<in String, in V>.setValue(thisRef: Any?, property: KProperty<*>, value: V): Unit
e: file:///Users/HONGBGU/Documents/seadroid/app/src/main/java/com/seafile/seadroid2/ui/dialog_fragment/viewmodel/CopyMoveViewModel.kt:231:38 None of the following candidates is applicable:
@SinceKotlin(...) @InlineOnly() fun <V> KMutableProperty0<V>.setValue(thisRef: Any?, property: KProperty<*>, value: V): Unit
@SinceKotlin(...) @InlineOnly() fun <T, V> KMutableProperty1<T, V>.setValue(thisRef: T, property: KProperty<*>, value: V): Unit
@InlineOnly() fun <V> MutableMap<in String, in V>.setValue(thisRef: Any?, property: KProperty<*>, value: V): Unit
e: file:///Users/HONGBGU/Documents/seadroid/app/src/main/java/com/seafile/seadroid2/ui/dialog_fragment/viewmodel/CopyMoveViewModel.kt:234:44 None of the following candidates is applicable:
@SinceKotlin(...) @InlineOnly() fun <V> KMutableProperty0<V>.setValue(thisRef: Any?, property: KProperty<*>, value: V): Unit
@SinceKotlin(...) @InlineOnly() fun <T, V> KMutableProperty1<T, V>.setValue(thisRef: T, property: KProperty<*>, value: V): Unit
@InlineOnly() fun <V> MutableMap<in String, in V>.setValue(thisRef: Any?, property: KProperty<*>, value: V): Unit
e: file:///Users/HONGBGU/Documents/seadroid/app/src/main/java/com/seafile/seadroid2/ui/dialog_fragment/viewmodel/DeleteDirsViewModel.kt:26:13 Initializer type mismatch: expected 'io.reactivex.Single<kotlin.collections.MutableList<com.seafile.seadroid2.framework.db.entities.DirentModel?>?>', actual 'io.reactivex.Single<kotlin.collections.MutableList<com.seafile.seadroid2.framework.db.entities.DirentModel?>?>?'.
e: file:///Users/HONGBGU/Documents/seadroid/app/src/main/java/com/seafile/seadroid2/ui/dialog_fragment/viewmodel/DeleteDirsViewModel.kt:26:48 Only safe (?.) or non-null asserted (!!.) calls are allowed on a nullable receiver of type 'com.seafile.seadroid2.framework.db.AppDatabase?'.
e: file:///Users/HONGBGU/Documents/seadroid/app/src/main/java/com/seafile/seadroid2/ui/dialog_fragment/viewmodel/DeleteDirsViewModel.kt:26:60 Only safe (?.) or non-null asserted (!!.) calls are allowed on a nullable receiver of type 'com.seafile.seadroid2.framework.db.dao.DirentDAO?'.
e: file:///Users/HONGBGU/Documents/seadroid/app/src/main/java/com/seafile/seadroid2/ui/dialog_fragment/viewmodel/DeleteDirsViewModel.kt:29:13 Class '<anonymous>' is not abstract and does not implement abstract member 'accept'.
e: file:///Users/HONGBGU/Documents/seadroid/app/src/main/java/com/seafile/seadroid2/ui/dialog_fragment/viewmodel/DeleteDirsViewModel.kt:31:17 'accept' overrides nothing.
e: file:///Users/HONGBGU/Documents/seadroid/app/src/main/java/com/seafile/seadroid2/ui/dialog_fragment/viewmodel/DeleteDirsViewModel.kt:38:42 None of the following candidates is applicable:
@SinceKotlin(...) @InlineOnly() fun <V> KMutableProperty0<V>.setValue(thisRef: Any?, property: KProperty<*>, value: V): Unit
@SinceKotlin(...) @InlineOnly() fun <T, V> KMutableProperty1<T, V>.setValue(thisRef: T, property: KProperty<*>, value: V): Unit
@InlineOnly() fun <V> MutableMap<in String, in V>.setValue(thisRef: Any?, property: KProperty<*>, value: V): Unit
e: file:///Users/HONGBGU/Documents/seadroid/app/src/main/java/com/seafile/seadroid2/ui/dialog_fragment/viewmodel/DeleteDirsViewModel.kt:41:48 None of the following candidates is applicable:
@SinceKotlin(...) @InlineOnly() fun <V> KMutableProperty0<V>.setValue(thisRef: Any?, property: KProperty<*>, value: V): Unit
@SinceKotlin(...) @InlineOnly() fun <T, V> KMutableProperty1<T, V>.setValue(thisRef: T, property: KProperty<*>, value: V): Unit
@InlineOnly() fun <V> MutableMap<in String, in V>.setValue(thisRef: Any?, property: KProperty<*>, value: V): Unit
e: file:///Users/HONGBGU/Documents/seadroid/app/src/main/java/com/seafile/seadroid2/ui/dialog_fragment/viewmodel/DeleteDirsViewModel.kt:47:30 None of the following candidates is applicable:
@SinceKotlin(...) @InlineOnly() fun <V> KMutableProperty0<V>.setValue(thisRef: Any?, property: KProperty<*>, value: V): Unit
@SinceKotlin(...) @InlineOnly() fun <T, V> KMutableProperty1<T, V>.setValue(thisRef: T, property: KProperty<*>, value: V): Unit
@InlineOnly() fun <V> MutableMap<in String, in V>.setValue(thisRef: Any?, property: KProperty<*>, value: V): Unit
e: file:///Users/HONGBGU/Documents/seadroid/app/src/main/java/com/seafile/seadroid2/ui/dialog_fragment/viewmodel/DeleteDirsViewModel.kt:55:25 Only safe (?.) or non-null asserted (!!.) calls are allowed on a nullable receiver of type 'com.seafile.seadroid2.framework.http.HttpIO?'.
e: file:///Users/HONGBGU/Documents/seadroid/app/src/main/java/com/seafile/seadroid2/ui/dialog_fragment/viewmodel/DeleteDirsViewModel.kt:55:50 Argument type mismatch: actual type is 'java.lang.Class<com.seafile.seadroid2.ui.dialog_fragment.DialogService>', but 'java.lang.Class<T?>' was expected.
e: file:///Users/HONGBGU/Documents/seadroid/app/src/main/java/com/seafile/seadroid2/ui/dialog_fragment/viewmodel/DeleteDirsViewModel.kt:56:25 Only safe (?.) or non-null asserted (!!.) calls are allowed on a nullable receiver of type 'com.seafile.seadroid2.ui.dialog_fragment.DialogService?'.
e: file:///Users/HONGBGU/Documents/seadroid/app/src/main/java/com/seafile/seadroid2/ui/dialog_fragment/viewmodel/DeleteDirsViewModel.kt:60:42 Class '<anonymous>' is not abstract and does not implement abstract member 'accept'.
e: file:///Users/HONGBGU/Documents/seadroid/app/src/main/java/com/seafile/seadroid2/ui/dialog_fragment/viewmodel/DeleteDirsViewModel.kt:62:13 'accept' overrides nothing.
e: file:///Users/HONGBGU/Documents/seadroid/app/src/main/java/com/seafile/seadroid2/ui/dialog_fragment/viewmodel/DeleteDirsViewModel.kt:68:38 None of the following candidates is applicable:
@SinceKotlin(...) @InlineOnly() fun <V> KMutableProperty0<V>.setValue(thisRef: Any?, property: KProperty<*>, value: V): Unit
@SinceKotlin(...) @InlineOnly() fun <T, V> KMutableProperty1<T, V>.setValue(thisRef: T, property: KProperty<*>, value: V): Unit
@InlineOnly() fun <V> MutableMap<in String, in V>.setValue(thisRef: Any?, property: KProperty<*>, value: V): Unit
e: file:///Users/HONGBGU/Documents/seadroid/app/src/main/java/com/seafile/seadroid2/ui/dialog_fragment/viewmodel/DeleteDirsViewModel.kt:71:44 None of the following candidates is applicable:
@SinceKotlin(...) @InlineOnly() fun <V> KMutableProperty0<V>.setValue(thisRef: Any?, property: KProperty<*>, value: V): Unit
@SinceKotlin(...) @InlineOnly() fun <T, V> KMutableProperty1<T, V>.setValue(thisRef: T, property: KProperty<*>, value: V): Unit
@InlineOnly() fun <V> MutableMap<in String, in V>.setValue(thisRef: Any?, property: KProperty<*>, value: V): Unit
e: file:///Users/HONGBGU/Documents/seadroid/app/src/main/java/com/seafile/seadroid2/ui/dialog_fragment/viewmodel/DeleteDirsViewModel.kt:76:38 None of the following candidates is applicable:
@SinceKotlin(...) @InlineOnly() fun <V> KMutableProperty0<V>.setValue(thisRef: Any?, property: KProperty<*>, value: V): Unit
@SinceKotlin(...) @InlineOnly() fun <T, V> KMutableProperty1<T, V>.setValue(thisRef: T, property: KProperty<*>, value: V): Unit
@InlineOnly() fun <V> MutableMap<in String, in V>.setValue(thisRef: Any?, property: KProperty<*>, value: V): Unit
e: file:///Users/HONGBGU/Documents/seadroid/app/src/main/java/com/seafile/seadroid2/ui/dialog_fragment/viewmodel/DeleteRepoViewModel.kt:31:30 None of the following candidates is applicable:
@SinceKotlin(...) @InlineOnly() fun <V> KMutableProperty0<V>.setValue(thisRef: Any?, property: KProperty<*>, value: V): Unit
@SinceKotlin(...) @InlineOnly() fun <T, V> KMutableProperty1<T, V>.setValue(thisRef: T, property: KProperty<*>, value: V): Unit
@InlineOnly() fun <V> MutableMap<in String, in V>.setValue(thisRef: Any?, property: KProperty<*>, value: V): Unit
e: file:///Users/HONGBGU/Documents/seadroid/app/src/main/java/com/seafile/seadroid2/ui/dialog_fragment/viewmodel/DeleteRepoViewModel.kt:46:13 Class '<anonymous>' is not abstract and does not implement abstract member 'accept'.
e: file:///Users/HONGBGU/Documents/seadroid/app/src/main/java/com/seafile/seadroid2/ui/dialog_fragment/viewmodel/DeleteRepoViewModel.kt:48:17 'accept' overrides nothing.
e: file:///Users/HONGBGU/Documents/seadroid/app/src/main/java/com/seafile/seadroid2/ui/dialog_fragment/viewmodel/DeleteRepoViewModel.kt:87:42 None of the following candidates is applicable:
@SinceKotlin(...) @InlineOnly() fun <V> KMutableProperty0<V>.setValue(thisRef: Any?, property: KProperty<*>, value: V): Unit
@SinceKotlin(...) @InlineOnly() fun <T, V> KMutableProperty1<T, V>.setValue(thisRef: T, property: KProperty<*>, value: V): Unit
@InlineOnly() fun <V> MutableMap<in String, in V>.setValue(thisRef: Any?, property: KProperty<*>, value: V): Unit
e: file:///Users/HONGBGU/Documents/seadroid/app/src/main/java/com/seafile/seadroid2/ui/dialog_fragment/viewmodel/DeleteRepoViewModel.kt:90:48 None of the following candidates is applicable:
@SinceKotlin(...) @InlineOnly() fun <V> KMutableProperty0<V>.setValue(thisRef: Any?, property: KProperty<*>, value: V): Unit
@SinceKotlin(...) @InlineOnly() fun <T, V> KMutableProperty1<T, V>.setValue(thisRef: T, property: KProperty<*>, value: V): Unit
@InlineOnly() fun <V> MutableMap<in String, in V>.setValue(thisRef: Any?, property: KProperty<*>, value: V): Unit
e: file:///Users/HONGBGU/Documents/seadroid/app/src/main/java/com/seafile/seadroid2/ui/dialog_fragment/viewmodel/DeleteRepoViewModel.kt:96:42 None of the following candidates is applicable:
@SinceKotlin(...) @InlineOnly() fun <V> KMutableProperty0<V>.setValue(thisRef: Any?, property: KProperty<*>, value: V): Unit
@SinceKotlin(...) @InlineOnly() fun <T, V> KMutableProperty1<T, V>.setValue(thisRef: T, property: KProperty<*>, value: V): Unit
@InlineOnly() fun <V> MutableMap<in String, in V>.setValue(thisRef: Any?, property: KProperty<*>, value: V): Unit
e: file:///Users/HONGBGU/Documents/seadroid/app/src/main/java/com/seafile/seadroid2/ui/dialog_fragment/viewmodel/DeleteRepoViewModel.kt:104:13 Initializer type mismatch: expected 'io.reactivex.Single<kotlin.String?>', actual 'io.reactivex.Single<kotlin.String?>?'.
e: file:///Users/HONGBGU/Documents/seadroid/app/src/main/java/com/seafile/seadroid2/ui/dialog_fragment/viewmodel/DeleteRepoViewModel.kt:104:50 Only safe (?.) or non-null asserted (!!.) calls are allowed on a nullable receiver of type 'com.seafile.seadroid2.framework.http.HttpIO?'.
e: file:///Users/HONGBGU/Documents/seadroid/app/src/main/java/com/seafile/seadroid2/ui/dialog_fragment/viewmodel/DeleteRepoViewModel.kt:104:75 Argument type mismatch: actual type is 'java.lang.Class<com.seafile.seadroid2.ui.dialog_fragment.DialogService>', but 'java.lang.Class<T?>' was expected.
e: file:///Users/HONGBGU/Documents/seadroid/app/src/main/java/com/seafile/seadroid2/ui/dialog_fragment/viewmodel/DeleteRepoViewModel.kt:105:17 Only safe (?.) or non-null asserted (!!.) calls are allowed on a nullable receiver of type 'com.seafile.seadroid2.ui.dialog_fragment.DialogService?'.
e: file:///Users/HONGBGU/Documents/seadroid/app/src/main/java/com/seafile/seadroid2/ui/dialog_fragment/viewmodel/DeleteRepoViewModel.kt:106:56 Class '<anonymous>' is not abstract and does not implement abstract member 'apply'.
e: file:///Users/HONGBGU/Documents/seadroid/app/src/main/java/com/seafile/seadroid2/ui/dialog_fragment/viewmodel/DeleteRepoViewModel.kt:109:13 'apply' overrides nothing.
e: file:///Users/HONGBGU/Documents/seadroid/app/src/main/java/com/seafile/seadroid2/ui/dialog_fragment/viewmodel/GetShareLinkPasswordViewModel.kt:24:30 None of the following candidates is applicable:
@SinceKotlin(...) @InlineOnly() fun <V> KMutableProperty0<V>.setValue(thisRef: Any?, property: KProperty<*>, value: V): Unit
@SinceKotlin(...) @InlineOnly() fun <T, V> KMutableProperty1<T, V>.setValue(thisRef: T, property: KProperty<*>, value: V): Unit
@InlineOnly() fun <V> MutableMap<in String, in V>.setValue(thisRef: Any?, property: KProperty<*>, value: V): Unit
e: file:///Users/HONGBGU/Documents/seadroid/app/src/main/java/com/seafile/seadroid2/ui/dialog_fragment/viewmodel/GetShareLinkPasswordViewModel.kt:27:13 Initializer type mismatch: expected 'io.reactivex.Single<kotlin.collections.MutableList<com.seafile.seadroid2.framework.model.objs.DirentShareLinkModel?>?>', actual 'io.reactivex.Single<kotlin.collections.MutableList<com.seafile.seadroid2.framework.model.objs.DirentShareLinkModel?>?>?'.
e: file:///Users/HONGBGU/Documents/seadroid/app/src/main/java/com/seafile/seadroid2/ui/dialog_fragment/viewmodel/GetShareLinkPasswordViewModel.kt:27:50 Only safe (?.) or non-null asserted (!!.) calls are allowed on a nullable receiver of type 'com.seafile.seadroid2.framework.http.HttpIO?'.
e: file:///Users/HONGBGU/Documents/seadroid/app/src/main/java/com/seafile/seadroid2/ui/dialog_fragment/viewmodel/GetShareLinkPasswordViewModel.kt:27:75 Argument type mismatch: actual type is 'java.lang.Class<com.seafile.seadroid2.ui.dialog_fragment.DialogService>', but 'java.lang.Class<T?>' was expected.
e: file:///Users/HONGBGU/Documents/seadroid/app/src/main/java/com/seafile/seadroid2/ui/dialog_fragment/viewmodel/GetShareLinkPasswordViewModel.kt:28:17 Only safe (?.) or non-null asserted (!!.) calls are allowed on a nullable receiver of type 'com.seafile.seadroid2.ui.dialog_fragment.DialogService?'.
e: file:///Users/HONGBGU/Documents/seadroid/app/src/main/java/com/seafile/seadroid2/ui/dialog_fragment/viewmodel/GetShareLinkPasswordViewModel.kt:41:50 None of the following candidates is applicable:
@SinceKotlin(...) @InlineOnly() fun <V> KMutableProperty0<V>.setValue(thisRef: Any?, property: KProperty<*>, value: V): Unit
@SinceKotlin(...) @InlineOnly() fun <T, V> KMutableProperty1<T, V>.setValue(thisRef: T, property: KProperty<*>, value: V): Unit
@InlineOnly() fun <V> MutableMap<in String, in V>.setValue(thisRef: Any?, property: KProperty<*>, value: V): Unit
e: file:///Users/HONGBGU/Documents/seadroid/app/src/main/java/com/seafile/seadroid2/ui/dialog_fragment/viewmodel/GetShareLinkPasswordViewModel.kt:52:48 None of the following candidates is applicable:
@SinceKotlin(...) @InlineOnly() fun <V> KMutableProperty0<V>.setValue(thisRef: Any?, property: KProperty<*>, value: V): Unit
@SinceKotlin(...) @InlineOnly() fun <T, V> KMutableProperty1<T, V>.setValue(thisRef: T, property: KProperty<*>, value: V): Unit
@InlineOnly() fun <V> MutableMap<in String, in V>.setValue(thisRef: Any?, property: KProperty<*>, value: V): Unit
e: file:///Users/HONGBGU/Documents/seadroid/app/src/main/java/com/seafile/seadroid2/ui/dialog_fragment/viewmodel/GetShareLinkPasswordViewModel.kt:53:42 None of the following candidates is applicable:
@SinceKotlin(...) @InlineOnly() fun <V> KMutableProperty0<V>.setValue(thisRef: Any?, property: KProperty<*>, value: V): Unit
@SinceKotlin(...) @InlineOnly() fun <T, V> KMutableProperty1<T, V>.setValue(thisRef: T, property: KProperty<*>, value: V): Unit
@InlineOnly() fun <V> MutableMap<in String, in V>.setValue(thisRef: Any?, property: KProperty<*>, value: V): Unit
e: file:///Users/HONGBGU/Documents/seadroid/app/src/main/java/com/seafile/seadroid2/ui/dialog_fragment/viewmodel/GetShareLinkPasswordViewModel.kt:65:30 None of the following candidates is applicable:
@SinceKotlin(...) @InlineOnly() fun <V> KMutableProperty0<V>.setValue(thisRef: Any?, property: KProperty<*>, value: V): Unit
@SinceKotlin(...) @InlineOnly() fun <T, V> KMutableProperty1<T, V>.setValue(thisRef: T, property: KProperty<*>, value: V): Unit
@InlineOnly() fun <V> MutableMap<in String, in V>.setValue(thisRef: Any?, property: KProperty<*>, value: V): Unit
e: file:///Users/HONGBGU/Documents/seadroid/app/src/main/java/com/seafile/seadroid2/ui/dialog_fragment/viewmodel/GetShareLinkPasswordViewModel.kt:81:21 One type argument expected for class 'Single'.
e: file:///Users/HONGBGU/Documents/seadroid/app/src/main/java/com/seafile/seadroid2/ui/dialog_fragment/viewmodel/GetShareLinkPasswordViewModel.kt:87:50 Only safe (?.) or non-null asserted (!!.) calls are allowed on a nullable receiver of type 'com.seafile.seadroid2.framework.http.HttpIO?'.
e: file:///Users/HONGBGU/Documents/seadroid/app/src/main/java/com/seafile/seadroid2/ui/dialog_fragment/viewmodel/GetShareLinkPasswordViewModel.kt:87:75 Argument type mismatch: actual type is 'java.lang.Class<com.seafile.seadroid2.ui.dialog_fragment.DialogService>', but 'java.lang.Class<T?>' was expected.
e: file:///Users/HONGBGU/Documents/seadroid/app/src/main/java/com/seafile/seadroid2/ui/dialog_fragment/viewmodel/GetShareLinkPasswordViewModel.kt:88:17 Only safe (?.) or non-null asserted (!!.) calls are allowed on a nullable receiver of type 'com.seafile.seadroid2.ui.dialog_fragment.DialogService?'.
e: file:///Users/HONGBGU/Documents/seadroid/app/src/main/java/com/seafile/seadroid2/ui/dialog_fragment/viewmodel/GetShareLinkPasswordViewModel.kt:94:38 None of the following candidates is applicable:
@SinceKotlin(...) @InlineOnly() fun <V> KMutableProperty0<V>.setValue(thisRef: Any?, property: KProperty<*>, value: V): Unit
@SinceKotlin(...) @InlineOnly() fun <T, V> KMutableProperty1<T, V>.setValue(thisRef: T, property: KProperty<*>, value: V): Unit
@InlineOnly() fun <V> MutableMap<in String, in V>.setValue(thisRef: Any?, property: KProperty<*>, value: V): Unit
e: file:///Users/HONGBGU/Documents/seadroid/app/src/main/java/com/seafile/seadroid2/ui/dialog_fragment/viewmodel/GetShareLinkPasswordViewModel.kt:100:44 None of the following candidates is applicable:
@SinceKotlin(...) @InlineOnly() fun <V> KMutableProperty0<V>.setValue(thisRef: Any?, property: KProperty<*>, value: V): Unit
@SinceKotlin(...) @InlineOnly() fun <T, V> KMutableProperty1<T, V>.setValue(thisRef: T, property: KProperty<*>, value: V): Unit
@InlineOnly() fun <V> MutableMap<in String, in V>.setValue(thisRef: Any?, property: KProperty<*>, value: V): Unit
e: file:///Users/HONGBGU/Documents/seadroid/app/src/main/java/com/seafile/seadroid2/ui/dialog_fragment/viewmodel/GetShareLinkPasswordViewModel.kt:101:38 None of the following candidates is applicable:
@SinceKotlin(...) @InlineOnly() fun <V> KMutableProperty0<V>.setValue(thisRef: Any?, property: KProperty<*>, value: V): Unit
@SinceKotlin(...) @InlineOnly() fun <T, V> KMutableProperty1<T, V>.setValue(thisRef: T, property: KProperty<*>, value: V): Unit
@InlineOnly() fun <V> MutableMap<in String, in V>.setValue(thisRef: Any?, property: KProperty<*>, value: V): Unit
e: file:///Users/HONGBGU/Documents/seadroid/app/src/main/java/com/seafile/seadroid2/ui/dialog_fragment/viewmodel/NewDirViewModel.kt:30:30 None of the following candidates is applicable:
@SinceKotlin(...) @InlineOnly() fun <V> KMutableProperty0<V>.setValue(thisRef: Any?, property: KProperty<*>, value: V): Unit
@SinceKotlin(...) @InlineOnly() fun <T, V> KMutableProperty1<T, V>.setValue(thisRef: T, property: KProperty<*>, value: V): Unit
@InlineOnly() fun <V> MutableMap<in String, in V>.setValue(thisRef: Any?, property: KProperty<*>, value: V): Unit
e: file:///Users/HONGBGU/Documents/seadroid/app/src/main/java/com/seafile/seadroid2/ui/dialog_fragment/viewmodel/NewDirViewModel.kt:36:39 Initializer type mismatch: expected 'io.reactivex.Single<kotlin.String?>', actual 'io.reactivex.Single<kotlin.String?>?'.
e: file:///Users/HONGBGU/Documents/seadroid/app/src/main/java/com/seafile/seadroid2/ui/dialog_fragment/viewmodel/NewDirViewModel.kt:37:13 Only safe (?.) or non-null asserted (!!.) calls are allowed on a nullable receiver of type 'com.seafile.seadroid2.framework.http.HttpIO?'.
e: file:///Users/HONGBGU/Documents/seadroid/app/src/main/java/com/seafile/seadroid2/ui/dialog_fragment/viewmodel/NewDirViewModel.kt:37:38 Argument type mismatch: actual type is 'java.lang.Class<com.seafile.seadroid2.ui.dialog_fragment.DialogService>', but 'java.lang.Class<T?>' was expected.
e: file:///Users/HONGBGU/Documents/seadroid/app/src/main/java/com/seafile/seadroid2/ui/dialog_fragment/viewmodel/NewDirViewModel.kt:38:13 Only safe (?.) or non-null asserted (!!.) calls are allowed on a nullable receiver of type 'com.seafile.seadroid2.ui.dialog_fragment.DialogService?'.
e: file:///Users/HONGBGU/Documents/seadroid/app/src/main/java/com/seafile/seadroid2/ui/dialog_fragment/viewmodel/NewDirViewModel.kt:42:38 None of the following candidates is applicable:
@SinceKotlin(...) @InlineOnly() fun <V> KMutableProperty0<V>.setValue(thisRef: Any?, property: KProperty<*>, value: V): Unit
@SinceKotlin(...) @InlineOnly() fun <T, V> KMutableProperty1<T, V>.setValue(thisRef: T, property: KProperty<*>, value: V): Unit
@InlineOnly() fun <V> MutableMap<in String, in V>.setValue(thisRef: Any?, property: KProperty<*>, value: V): Unit
e: file:///Users/HONGBGU/Documents/seadroid/app/src/main/java/com/seafile/seadroid2/ui/dialog_fragment/viewmodel/NewDirViewModel.kt:55:38 None of the following candidates is applicable:
@SinceKotlin(...) @InlineOnly() fun <V> KMutableProperty0<V>.setValue(thisRef: Any?, property: KProperty<*>, value: V): Unit
@SinceKotlin(...) @InlineOnly() fun <T, V> KMutableProperty1<T, V>.setValue(thisRef: T, property: KProperty<*>, value: V): Unit
@InlineOnly() fun <V> MutableMap<in String, in V>.setValue(thisRef: Any?, property: KProperty<*>, value: V): Unit
e: file:///Users/HONGBGU/Documents/seadroid/app/src/main/java/com/seafile/seadroid2/ui/dialog_fragment/viewmodel/NewDirViewModel.kt:58:44 None of the following candidates is applicable:
@SinceKotlin(...) @InlineOnly() fun <V> KMutableProperty0<V>.setValue(thisRef: Any?, property: KProperty<*>, value: V): Unit
@SinceKotlin(...) @InlineOnly() fun <T, V> KMutableProperty1<T, V>.setValue(thisRef: T, property: KProperty<*>, value: V): Unit
@InlineOnly() fun <V> MutableMap<in String, in V>.setValue(thisRef: Any?, property: KProperty<*>, value: V): Unit
e: file:///Users/HONGBGU/Documents/seadroid/app/src/main/java/com/seafile/seadroid2/ui/dialog_fragment/viewmodel/NewDirViewModel.kt:59:38 None of the following candidates is applicable:
@SinceKotlin(...) @InlineOnly() fun <V> KMutableProperty0<V>.setValue(thisRef: Any?, property: KProperty<*>, value: V): Unit
@SinceKotlin(...) @InlineOnly() fun <T, V> KMutableProperty1<T, V>.setValue(thisRef: T, property: KProperty<*>, value: V): Unit
@InlineOnly() fun <V> MutableMap<in String, in V>.setValue(thisRef: Any?, property: KProperty<*>, value: V): Unit
e: file:///Users/HONGBGU/Documents/seadroid/app/src/main/java/com/seafile/seadroid2/ui/dialog_fragment/viewmodel/NewDirViewModel.kt:69:30 None of the following candidates is applicable:
@SinceKotlin(...) @InlineOnly() fun <V> KMutableProperty0<V>.setValue(thisRef: Any?, property: KProperty<*>, value: V): Unit
@SinceKotlin(...) @InlineOnly() fun <T, V> KMutableProperty1<T, V>.setValue(thisRef: T, property: KProperty<*>, value: V): Unit
@InlineOnly() fun <V> MutableMap<in String, in V>.setValue(thisRef: Any?, property: KProperty<*>, value: V): Unit
e: file:///Users/HONGBGU/Documents/seadroid/app/src/main/java/com/seafile/seadroid2/ui/dialog_fragment/viewmodel/NewDirViewModel.kt:76:48 Initializer type mismatch: expected 'io.reactivex.Single<com.seafile.seadroid2.framework.model.dirents.FileCreateModel?>', actual 'io.reactivex.Single<com.seafile.seadroid2.framework.model.dirents.FileCreateModel?>?'.
e: file:///Users/HONGBGU/Documents/seadroid/app/src/main/java/com/seafile/seadroid2/ui/dialog_fragment/viewmodel/NewDirViewModel.kt:77:13 Only safe (?.) or non-null asserted (!!.) calls are allowed on a nullable receiver of type 'com.seafile.seadroid2.framework.http.HttpIO?'.
e: file:///Users/HONGBGU/Documents/seadroid/app/src/main/java/com/seafile/seadroid2/ui/dialog_fragment/viewmodel/NewDirViewModel.kt:77:38 Argument type mismatch: actual type is 'java.lang.Class<com.seafile.seadroid2.ui.dialog_fragment.DialogService>', but 'java.lang.Class<T?>' was expected.
e: file:///Users/HONGBGU/Documents/seadroid/app/src/main/java/com/seafile/seadroid2/ui/dialog_fragment/viewmodel/NewDirViewModel.kt:78:13 Only safe (?.) or non-null asserted (!!.) calls are allowed on a nullable receiver of type 'com.seafile.seadroid2.ui.dialog_fragment.DialogService?'.
e: file:///Users/HONGBGU/Documents/seadroid/app/src/main/java/com/seafile/seadroid2/ui/dialog_fragment/viewmodel/NewDirViewModel.kt:82:38 None of the following candidates is applicable:
@SinceKotlin(...) @InlineOnly() fun <V> KMutableProperty0<V>.setValue(thisRef: Any?, property: KProperty<*>, value: V): Unit
@SinceKotlin(...) @InlineOnly() fun <T, V> KMutableProperty1<T, V>.setValue(thisRef: T, property: KProperty<*>, value: V): Unit
@InlineOnly() fun <V> MutableMap<in String, in V>.setValue(thisRef: Any?, property: KProperty<*>, value: V): Unit
e: file:///Users/HONGBGU/Documents/seadroid/app/src/main/java/com/seafile/seadroid2/ui/dialog_fragment/viewmodel/NewDirViewModel.kt:91:38 None of the following candidates is applicable:
@SinceKotlin(...) @InlineOnly() fun <V> KMutableProperty0<V>.setValue(thisRef: Any?, property: KProperty<*>, value: V): Unit
@SinceKotlin(...) @InlineOnly() fun <T, V> KMutableProperty1<T, V>.setValue(thisRef: T, property: KProperty<*>, value: V): Unit
@InlineOnly() fun <V> MutableMap<in String, in V>.setValue(thisRef: Any?, property: KProperty<*>, value: V): Unit
e: file:///Users/HONGBGU/Documents/seadroid/app/src/main/java/com/seafile/seadroid2/ui/dialog_fragment/viewmodel/NewDirViewModel.kt:94:44 None of the following candidates is applicable:
@SinceKotlin(...) @InlineOnly() fun <V> KMutableProperty0<V>.setValue(thisRef: Any?, property: KProperty<*>, value: V): Unit
@SinceKotlin(...) @InlineOnly() fun <T, V> KMutableProperty1<T, V>.setValue(thisRef: T, property: KProperty<*>, value: V): Unit
@InlineOnly() fun <V> MutableMap<in String, in V>.setValue(thisRef: Any?, property: KProperty<*>, value: V): Unit
e: file:///Users/HONGBGU/Documents/seadroid/app/src/main/java/com/seafile/seadroid2/ui/dialog_fragment/viewmodel/NewDirViewModel.kt:95:38 None of the following candidates is applicable:
@SinceKotlin(...) @InlineOnly() fun <V> KMutableProperty0<V>.setValue(thisRef: Any?, property: KProperty<*>, value: V): Unit
@SinceKotlin(...) @InlineOnly() fun <T, V> KMutableProperty1<T, V>.setValue(thisRef: T, property: KProperty<*>, value: V): Unit
@InlineOnly() fun <V> MutableMap<in String, in V>.setValue(thisRef: Any?, property: KProperty<*>, value: V): Unit
e: file:///Users/HONGBGU/Documents/seadroid/app/src/main/java/com/seafile/seadroid2/ui/dialog_fragment/viewmodel/NewRepoViewModel.kt:37:30 None of the following candidates is applicable:
@SinceKotlin(...) @InlineOnly() fun <V> KMutableProperty0<V>.setValue(thisRef: Any?, property: KProperty<*>, value: V): Unit
@SinceKotlin(...) @InlineOnly() fun <T, V> KMutableProperty1<T, V>.setValue(thisRef: T, property: KProperty<*>, value: V): Unit
@InlineOnly() fun <V> MutableMap<in String, in V>.setValue(thisRef: Any?, property: KProperty<*>, value: V): Unit
e: file:///Users/HONGBGU/Documents/seadroid/app/src/main/java/com/seafile/seadroid2/ui/dialog_fragment/viewmodel/NewRepoViewModel.kt:48:78 Only safe (?.) or non-null asserted (!!.) calls are allowed on a nullable receiver of type 'com.seafile.seadroid2.account.SupportAccountManager?'.
e: file:///Users/HONGBGU/Documents/seadroid/app/src/main/java/com/seafile/seadroid2/ui/dialog_fragment/viewmodel/NewRepoViewModel.kt:51:13 Initializer type mismatch: expected 'io.reactivex.Single<com.seafile.seadroid2.framework.db.entities.RepoModel?>', actual 'io.reactivex.Single<com.seafile.seadroid2.framework.db.entities.RepoModel?>?'.
e: file:///Users/HONGBGU/Documents/seadroid/app/src/main/java/com/seafile/seadroid2/ui/dialog_fragment/viewmodel/NewRepoViewModel.kt:51:50 Only safe (?.) or non-null asserted (!!.) calls are allowed on a nullable receiver of type 'com.seafile.seadroid2.framework.http.HttpIO?'.
e: file:///Users/HONGBGU/Documents/seadroid/app/src/main/java/com/seafile/seadroid2/ui/dialog_fragment/viewmodel/NewRepoViewModel.kt:51:75 Argument type mismatch: actual type is 'java.lang.Class<com.seafile.seadroid2.ui.dialog_fragment.DialogService>', but 'java.lang.Class<T?>' was expected.
e: file:///Users/HONGBGU/Documents/seadroid/app/src/main/java/com/seafile/seadroid2/ui/dialog_fragment/viewmodel/NewRepoViewModel.kt:52:17 Only safe (?.) or non-null asserted (!!.) calls are allowed on a nullable receiver of type 'com.seafile.seadroid2.ui.dialog_fragment.DialogService?'.
e: file:///Users/HONGBGU/Documents/seadroid/app/src/main/java/com/seafile/seadroid2/ui/dialog_fragment/viewmodel/NewRepoViewModel.kt:58:25 Only safe (?.) or non-null asserted (!!.) calls are allowed on a nullable receiver of type 'com.seafile.seadroid2.framework.http.HttpIO?'.
e: file:///Users/HONGBGU/Documents/seadroid/app/src/main/java/com/seafile/seadroid2/ui/dialog_fragment/viewmodel/NewRepoViewModel.kt:58:48 Argument type mismatch: actual type is 'java.lang.Class<com.seafile.seadroid2.ui.repo.RepoService>', but 'java.lang.Class<T?>' was expected.
e: file:///Users/HONGBGU/Documents/seadroid/app/src/main/java/com/seafile/seadroid2/ui/dialog_fragment/viewmodel/NewRepoViewModel.kt:59:25 Only safe (?.) or non-null asserted (!!.) calls are allowed on a nullable receiver of type 'com.seafile.seadroid2.ui.repo.RepoService?'.
e: file:///Users/HONGBGU/Documents/seadroid/app/src/main/java/com/seafile/seadroid2/ui/dialog_fragment/viewmodel/NewRepoViewModel.kt:60:25 Only safe (?.) or non-null asserted (!!.) calls are allowed on a nullable receiver of type 'io.reactivex.Single<com.seafile.seadroid2.framework.model.repo.RepoInfoModel?>?'.
e: file:///Users/HONGBGU/Documents/seadroid/app/src/main/java/com/seafile/seadroid2/ui/dialog_fragment/viewmodel/NewRepoViewModel.kt:84:50 Class '<anonymous>' is not abstract and does not implement abstract member 'apply'.
e: file:///Users/HONGBGU/Documents/seadroid/app/src/main/java/com/seafile/seadroid2/ui/dialog_fragment/viewmodel/NewRepoViewModel.kt:87:33 'apply' overrides nothing.
e: file:///Users/HONGBGU/Documents/seadroid/app/src/main/java/com/seafile/seadroid2/ui/dialog_fragment/viewmodel/NewRepoViewModel.kt:99:38 None of the following candidates is applicable:
@SinceKotlin(...) @InlineOnly() fun <V> KMutableProperty0<V>.setValue(thisRef: Any?, property: KProperty<*>, value: V): Unit
@SinceKotlin(...) @InlineOnly() fun <T, V> KMutableProperty1<T, V>.setValue(thisRef: T, property: KProperty<*>, value: V): Unit
@InlineOnly() fun <V> MutableMap<in String, in V>.setValue(thisRef: Any?, property: KProperty<*>, value: V): Unit
e: file:///Users/HONGBGU/Documents/seadroid/app/src/main/java/com/seafile/seadroid2/ui/dialog_fragment/viewmodel/NewRepoViewModel.kt:107:44 None of the following candidates is applicable:
@SinceKotlin(...) @InlineOnly() fun <V> KMutableProperty0<V>.setValue(thisRef: Any?, property: KProperty<*>, value: V): Unit
@SinceKotlin(...) @InlineOnly() fun <T, V> KMutableProperty1<T, V>.setValue(thisRef: T, property: KProperty<*>, value: V): Unit
@InlineOnly() fun <V> MutableMap<in String, in V>.setValue(thisRef: Any?, property: KProperty<*>, value: V): Unit
e: file:///Users/HONGBGU/Documents/seadroid/app/src/main/java/com/seafile/seadroid2/ui/dialog_fragment/viewmodel/NewRepoViewModel.kt:108:38 None of the following candidates is applicable:
@SinceKotlin(...) @InlineOnly() fun <V> KMutableProperty0<V>.setValue(thisRef: Any?, property: KProperty<*>, value: V): Unit
@SinceKotlin(...) @InlineOnly() fun <T, V> KMutableProperty1<T, V>.setValue(thisRef: T, property: KProperty<*>, value: V): Unit
@InlineOnly() fun <V> MutableMap<in String, in V>.setValue(thisRef: Any?, property: KProperty<*>, value: V): Unit
e: file:///Users/HONGBGU/Documents/seadroid/app/src/main/java/com/seafile/seadroid2/ui/dialog_fragment/viewmodel/NewRepoViewModel.kt:132:67 Argument type mismatch: actual type is 'kotlin.String?', but 'kotlin.String' was expected.
e: file:///Users/HONGBGU/Documents/seadroid/app/src/main/java/com/seafile/seadroid2/ui/dialog_fragment/viewmodel/NewRepoViewModel.kt:144:56 Only safe (?.) or non-null asserted (!!.) calls are allowed on a nullable receiver of type 'com.seafile.seadroid2.framework.db.AppDatabase?'.
e: file:///Users/HONGBGU/Documents/seadroid/app/src/main/java/com/seafile/seadroid2/ui/dialog_fragment/viewmodel/NewRepoViewModel.kt:144:73 Only safe (?.) or non-null asserted (!!.) calls are allowed on a nullable receiver of type 'com.seafile.seadroid2.framework.db.dao.EncKeyCacheDAO?'.
e: file:///Users/HONGBGU/Documents/seadroid/app/src/main/java/com/seafile/seadroid2/ui/dialog_fragment/viewmodel/PasswordViewModel.kt:50:13 Initializer type mismatch: expected 'io.reactivex.Single<kotlin.collections.MutableList<com.seafile.seadroid2.framework.db.entities.RepoModel?>?>', actual 'io.reactivex.Single<kotlin.collections.MutableList<com.seafile.seadroid2.framework.db.entities.RepoModel?>?>?'.
e: file:///Users/HONGBGU/Documents/seadroid/app/src/main/java/com/seafile/seadroid2/ui/dialog_fragment/viewmodel/PasswordViewModel.kt:50:48 Only safe (?.) or non-null asserted (!!.) calls are allowed on a nullable receiver of type 'com.seafile.seadroid2.framework.db.AppDatabase?'.
e: file:///Users/HONGBGU/Documents/seadroid/app/src/main/java/com/seafile/seadroid2/ui/dialog_fragment/viewmodel/PasswordViewModel.kt:50:58 Only safe (?.) or non-null asserted (!!.) calls are allowed on a nullable receiver of type 'com.seafile.seadroid2.framework.db.dao.RepoDAO?'.
e: file:///Users/HONGBGU/Documents/seadroid/app/src/main/java/com/seafile/seadroid2/ui/dialog_fragment/viewmodel/PasswordViewModel.kt:57:55 Class '<anonymous>' is not abstract and does not implement abstract member 'accept'.
e: file:///Users/HONGBGU/Documents/seadroid/app/src/main/java/com/seafile/seadroid2/ui/dialog_fragment/viewmodel/PasswordViewModel.kt:58:29 'accept' overrides nothing.
e: file:///Users/HONGBGU/Documents/seadroid/app/src/main/java/com/seafile/seadroid2/ui/dialog_fragment/viewmodel/PasswordViewModel.kt:70:49 Initializer type mismatch: expected 'io.reactivex.Single<com.seafile.seadroid2.framework.model.repo.RepoInfoModel?>', actual 'io.reactivex.Single<com.seafile.seadroid2.framework.model.repo.RepoInfoModel?>?'.
e: file:///Users/HONGBGU/Documents/seadroid/app/src/main/java/com/seafile/seadroid2/ui/dialog_fragment/viewmodel/PasswordViewModel.kt:71:13 Only safe (?.) or non-null asserted (!!.) calls are allowed on a nullable receiver of type 'com.seafile.seadroid2.framework.http.HttpIO?'.
e: file:///Users/HONGBGU/Documents/seadroid/app/src/main/java/com/seafile/seadroid2/ui/dialog_fragment/viewmodel/PasswordViewModel.kt:71:36 Argument type mismatch: actual type is 'java.lang.Class<com.seafile.seadroid2.ui.repo.RepoService>', but 'java.lang.Class<T?>' was expected.
e: file:///Users/HONGBGU/Documents/seadroid/app/src/main/java/com/seafile/seadroid2/ui/dialog_fragment/viewmodel/PasswordViewModel.kt:71:60 Only safe (?.) or non-null asserted (!!.) calls are allowed on a nullable receiver of type 'com.seafile.seadroid2.ui.repo.RepoService?'.
e: file:///Users/HONGBGU/Documents/seadroid/app/src/main/java/com/seafile/seadroid2/ui/dialog_fragment/viewmodel/PasswordViewModel.kt:73:13 Initializer type mismatch: expected 'io.reactivex.Single<kotlin.collections.MutableList<com.seafile.seadroid2.framework.db.entities.RepoModel?>?>', actual 'io.reactivex.Single<kotlin.collections.MutableList<com.seafile.seadroid2.framework.db.entities.RepoModel?>?>?'.
e: file:///Users/HONGBGU/Documents/seadroid/app/src/main/java/com/seafile/seadroid2/ui/dialog_fragment/viewmodel/PasswordViewModel.kt:73:48 Only safe (?.) or non-null asserted (!!.) calls are allowed on a nullable receiver of type 'com.seafile.seadroid2.framework.db.AppDatabase?'.
e: file:///Users/HONGBGU/Documents/seadroid/app/src/main/java/com/seafile/seadroid2/ui/dialog_fragment/viewmodel/PasswordViewModel.kt:73:58 Only safe (?.) or non-null asserted (!!.) calls are allowed on a nullable receiver of type 'com.seafile.seadroid2.framework.db.dao.RepoDAO?'.
e: file:///Users/HONGBGU/Documents/seadroid/app/src/main/java/com/seafile/seadroid2/ui/dialog_fragment/viewmodel/PasswordViewModel.kt:78:13 Class '<anonymous>' is not abstract and does not implement abstract member 'apply'.
e: file:///Users/HONGBGU/Documents/seadroid/app/src/main/java/com/seafile/seadroid2/ui/dialog_fragment/viewmodel/PasswordViewModel.kt:79:17 'apply' overrides nothing.
e: file:///Users/HONGBGU/Documents/seadroid/app/src/main/java/com/seafile/seadroid2/ui/dialog_fragment/viewmodel/PasswordViewModel.kt:87:60 Only safe (?.) or non-null asserted (!!.) calls are allowed on a nullable receiver of type 'com.seafile.seadroid2.framework.db.AppDatabase?'.
e: file:///Users/HONGBGU/Documents/seadroid/app/src/main/java/com/seafile/seadroid2/ui/dialog_fragment/viewmodel/PasswordViewModel.kt:87:70 Only safe (?.) or non-null asserted (!!.) calls are allowed on a nullable receiver of type 'com.seafile.seadroid2.framework.db.dao.RepoDAO?'.
e: file:///Users/HONGBGU/Documents/seadroid/app/src/main/java/com/seafile/seadroid2/ui/dialog_fragment/viewmodel/PasswordViewModel.kt:98:60 Only safe (?.) or non-null asserted (!!.) calls are allowed on a nullable receiver of type 'com.seafile.seadroid2.framework.db.AppDatabase?'.
e: file:///Users/HONGBGU/Documents/seadroid/app/src/main/java/com/seafile/seadroid2/ui/dialog_fragment/viewmodel/PasswordViewModel.kt:98:70 Only safe (?.) or non-null asserted (!!.) calls are allowed on a nullable receiver of type 'com.seafile.seadroid2.framework.db.dao.RepoDAO?'.
e: file:///Users/HONGBGU/Documents/seadroid/app/src/main/java/com/seafile/seadroid2/ui/dialog_fragment/viewmodel/PasswordViewModel.kt:114:44 None of the following candidates is applicable:
@SinceKotlin(...) @InlineOnly() fun <V> KMutableProperty0<V>.setValue(thisRef: Any?, property: KProperty<*>, value: V): Unit
@SinceKotlin(...) @InlineOnly() fun <T, V> KMutableProperty1<T, V>.setValue(thisRef: T, property: KProperty<*>, value: V): Unit
@InlineOnly() fun <V> MutableMap<in String, in V>.setValue(thisRef: Any?, property: KProperty<*>, value: V): Unit
e: file:///Users/HONGBGU/Documents/seadroid/app/src/main/java/com/seafile/seadroid2/ui/dialog_fragment/viewmodel/PasswordViewModel.kt:125:30 None of the following candidates is applicable:
@SinceKotlin(...) @InlineOnly() fun <V> KMutableProperty0<V>.setValue(thisRef: Any?, property: KProperty<*>, value: V): Unit
@SinceKotlin(...) @InlineOnly() fun <T, V> KMutableProperty1<T, V>.setValue(thisRef: T, property: KProperty<*>, value: V): Unit
@InlineOnly() fun <V> MutableMap<in String, in V>.setValue(thisRef: Any?, property: KProperty<*>, value: V): Unit
e: file:///Users/HONGBGU/Documents/seadroid/app/src/main/java/com/seafile/seadroid2/ui/dialog_fragment/viewmodel/PasswordViewModel.kt:131:47 Initializer type mismatch: expected 'io.reactivex.Single<com.seafile.seadroid2.framework.model.ResultModel?>', actual 'io.reactivex.Single<com.seafile.seadroid2.framework.model.ResultModel?>?'.
e: file:///Users/HONGBGU/Documents/seadroid/app/src/main/java/com/seafile/seadroid2/ui/dialog_fragment/viewmodel/PasswordViewModel.kt:132:13 Only safe (?.) or non-null asserted (!!.) calls are allowed on a nullable receiver of type 'com.seafile.seadroid2.framework.http.HttpIO?'.
e: file:///Users/HONGBGU/Documents/seadroid/app/src/main/java/com/seafile/seadroid2/ui/dialog_fragment/viewmodel/PasswordViewModel.kt:132:38 Argument type mismatch: actual type is 'java.lang.Class<com.seafile.seadroid2.ui.dialog_fragment.DialogService>', but 'java.lang.Class<T?>' was expected.
e: file:///Users/HONGBGU/Documents/seadroid/app/src/main/java/com/seafile/seadroid2/ui/dialog_fragment/viewmodel/PasswordViewModel.kt:133:13 Only safe (?.) or non-null asserted (!!.) calls are allowed on a nullable receiver of type 'com.seafile.seadroid2.ui.dialog_fragment.DialogService?'.
e: file:///Users/HONGBGU/Documents/seadroid/app/src/main/java/com/seafile/seadroid2/ui/dialog_fragment/viewmodel/PasswordViewModel.kt:149:71 Argument type mismatch: actual type is 'kotlin.String?', but 'kotlin.String' was expected.
e: file:///Users/HONGBGU/Documents/seadroid/app/src/main/java/com/seafile/seadroid2/ui/dialog_fragment/viewmodel/PasswordViewModel.kt:161:60 Only safe (?.) or non-null asserted (!!.) calls are allowed on a nullable receiver of type 'com.seafile.seadroid2.framework.db.AppDatabase?'.
e: file:///Users/HONGBGU/Documents/seadroid/app/src/main/java/com/seafile/seadroid2/ui/dialog_fragment/viewmodel/PasswordViewModel.kt:161:77 Only safe (?.) or non-null asserted (!!.) calls are allowed on a nullable receiver of type 'com.seafile.seadroid2.framework.db.dao.EncKeyCacheDAO?'.
e: file:///Users/HONGBGU/Documents/seadroid/app/src/main/java/com/seafile/seadroid2/ui/dialog_fragment/viewmodel/PasswordViewModel.kt:184:75 Class '<anonymous>' is not abstract and does not implement abstract member 'apply'.
e: file:///Users/HONGBGU/Documents/seadroid/app/src/main/java/com/seafile/seadroid2/ui/dialog_fragment/viewmodel/PasswordViewModel.kt:186:21 'apply' overrides nothing.
e: file:///Users/HONGBGU/Documents/seadroid/app/src/main/java/com/seafile/seadroid2/ui/dialog_fragment/viewmodel/PasswordViewModel.kt:202:38 None of the following candidates is applicable:
@SinceKotlin(...) @InlineOnly() fun <V> KMutableProperty0<V>.setValue(thisRef: Any?, property: KProperty<*>, value: V): Unit
@SinceKotlin(...) @InlineOnly() fun <T, V> KMutableProperty1<T, V>.setValue(thisRef: T, property: KProperty<*>, value: V): Unit
@InlineOnly() fun <V> MutableMap<in String, in V>.setValue(thisRef: Any?, property: KProperty<*>, value: V): Unit
e: file:///Users/HONGBGU/Documents/seadroid/app/src/main/java/com/seafile/seadroid2/ui/dialog_fragment/viewmodel/PasswordViewModel.kt:207:44 None of the following candidates is applicable:
@SinceKotlin(...) @InlineOnly() fun <V> KMutableProperty0<V>.setValue(thisRef: Any?, property: KProperty<*>, value: V): Unit
@SinceKotlin(...) @InlineOnly() fun <T, V> KMutableProperty1<T, V>.setValue(thisRef: T, property: KProperty<*>, value: V): Unit
@InlineOnly() fun <V> MutableMap<in String, in V>.setValue(thisRef: Any?, property: KProperty<*>, value: V): Unit
e: file:///Users/HONGBGU/Documents/seadroid/app/src/main/java/com/seafile/seadroid2/ui/dialog_fragment/viewmodel/PasswordViewModel.kt:208:38 None of the following candidates is applicable:
@SinceKotlin(...) @InlineOnly() fun <V> KMutableProperty0<V>.setValue(thisRef: Any?, property: KProperty<*>, value: V): Unit
@SinceKotlin(...) @InlineOnly() fun <T, V> KMutableProperty1<T, V>.setValue(thisRef: T, property: KProperty<*>, value: V): Unit
@InlineOnly() fun <V> MutableMap<in String, in V>.setValue(thisRef: Any?, property: KProperty<*>, value: V): Unit
e: file:///Users/HONGBGU/Documents/seadroid/app/src/main/java/com/seafile/seadroid2/ui/dialog_fragment/viewmodel/PasswordViewModel.kt:227:29 Argument type mismatch: actual type is 'kotlin.String?', but 'kotlin.String' was expected.
e: file:///Users/HONGBGU/Documents/seadroid/app/src/main/java/com/seafile/seadroid2/ui/dialog_fragment/viewmodel/PasswordViewModel.kt:279:29 Argument type mismatch: actual type is 'kotlin.String?', but 'kotlin.String' was expected.
e: file:///Users/HONGBGU/Documents/seadroid/app/src/main/java/com/seafile/seadroid2/ui/dialog_fragment/viewmodel/PasswordViewModel.kt:293:60 Only safe (?.) or non-null asserted (!!.) calls are allowed on a nullable receiver of type 'com.seafile.seadroid2.framework.db.AppDatabase?'.
e: file:///Users/HONGBGU/Documents/seadroid/app/src/main/java/com/seafile/seadroid2/ui/dialog_fragment/viewmodel/PasswordViewModel.kt:293:77 Only safe (?.) or non-null asserted (!!.) calls are allowed on a nullable receiver of type 'com.seafile.seadroid2.framework.db.dao.EncKeyCacheDAO?'.
e: file:///Users/HONGBGU/Documents/seadroid/app/src/main/java/com/seafile/seadroid2/ui/dialog_fragment/viewmodel/PasswordViewModel.kt:331:38 None of the following candidates is applicable:
@SinceKotlin(...) @InlineOnly() fun <V> KMutableProperty0<V>.setValue(thisRef: Any?, property: KProperty<*>, value: V): Unit
@SinceKotlin(...) @InlineOnly() fun <T, V> KMutableProperty1<T, V>.setValue(thisRef: T, property: KProperty<*>, value: V): Unit
@InlineOnly() fun <V> MutableMap<in String, in V>.setValue(thisRef: Any?, property: KProperty<*>, value: V): Unit
e: file:///Users/HONGBGU/Documents/seadroid/app/src/main/java/com/seafile/seadroid2/ui/dialog_fragment/viewmodel/RenameRepoViewModel.kt:39:30 None of the following candidates is applicable:
@SinceKotlin(...) @InlineOnly() fun <V> KMutableProperty0<V>.setValue(thisRef: Any?, property: KProperty<*>, value: V): Unit
@SinceKotlin(...) @InlineOnly() fun <T, V> KMutableProperty1<T, V>.setValue(thisRef: T, property: KProperty<*>, value: V): Unit
@InlineOnly() fun <V> MutableMap<in String, in V>.setValue(thisRef: Any?, property: KProperty<*>, value: V): Unit
e: file:///Users/HONGBGU/Documents/seadroid/app/src/main/java/com/seafile/seadroid2/ui/dialog_fragment/viewmodel/RenameRepoViewModel.kt:46:13 Initializer type mismatch: expected 'io.reactivex.Single<kotlin.String?>', actual 'io.reactivex.Single<kotlin.String?>?'.
e: file:///Users/HONGBGU/Documents/seadroid/app/src/main/java/com/seafile/seadroid2/ui/dialog_fragment/viewmodel/RenameRepoViewModel.kt:46:50 Only safe (?.) or non-null asserted (!!.) calls are allowed on a nullable receiver of type 'com.seafile.seadroid2.framework.http.HttpIO?'.
e: file:///Users/HONGBGU/Documents/seadroid/app/src/main/java/com/seafile/seadroid2/ui/dialog_fragment/viewmodel/RenameRepoViewModel.kt:46:75 Argument type mismatch: actual type is 'java.lang.Class<com.seafile.seadroid2.ui.dialog_fragment.DialogService>', but 'java.lang.Class<T?>' was expected.
e: file:///Users/HONGBGU/Documents/seadroid/app/src/main/java/com/seafile/seadroid2/ui/dialog_fragment/viewmodel/RenameRepoViewModel.kt:47:17 Only safe (?.) or non-null asserted (!!.) calls are allowed on a nullable receiver of type 'com.seafile.seadroid2.ui.dialog_fragment.DialogService?'.
e: file:///Users/HONGBGU/Documents/seadroid/app/src/main/java/com/seafile/seadroid2/ui/dialog_fragment/viewmodel/RenameRepoViewModel.kt:48:47 Class '<anonymous>' is not abstract and does not implement abstract member 'apply'.
e: file:///Users/HONGBGU/Documents/seadroid/app/src/main/java/com/seafile/seadroid2/ui/dialog_fragment/viewmodel/RenameRepoViewModel.kt:50:13 'apply' overrides nothing.
e: file:///Users/HONGBGU/Documents/seadroid/app/src/main/java/com/seafile/seadroid2/ui/dialog_fragment/viewmodel/RenameRepoViewModel.kt:72:60 Only safe (?.) or non-null asserted (!!.) calls are allowed on a nullable receiver of type 'com.seafile.seadroid2.framework.db.AppDatabase?'.
e: file:///Users/HONGBGU/Documents/seadroid/app/src/main/java/com/seafile/seadroid2/ui/dialog_fragment/viewmodel/RenameRepoViewModel.kt:73:29 Only safe (?.) or non-null asserted (!!.) calls are allowed on a nullable receiver of type 'com.seafile.seadroid2.framework.db.dao.FileCacheStatusDAO?'.
e: file:///Users/HONGBGU/Documents/seadroid/app/src/main/java/com/seafile/seadroid2/ui/dialog_fragment/viewmodel/RenameRepoViewModel.kt:74:60 Only safe (?.) or non-null asserted (!!.) calls are allowed on a nullable receiver of type 'com.seafile.seadroid2.framework.db.AppDatabase?'.
e: file:///Users/HONGBGU/Documents/seadroid/app/src/main/java/com/seafile/seadroid2/ui/dialog_fragment/viewmodel/RenameRepoViewModel.kt:75:29 Only safe (?.) or non-null asserted (!!.) calls are allowed on a nullable receiver of type 'com.seafile.seadroid2.framework.db.dao.FileTransferDAO?'.
e: file:///Users/HONGBGU/Documents/seadroid/app/src/main/java/com/seafile/seadroid2/ui/dialog_fragment/viewmodel/RenameRepoViewModel.kt:76:60 Only safe (?.) or non-null asserted (!!.) calls are allowed on a nullable receiver of type 'com.seafile.seadroid2.framework.db.AppDatabase?'.
e: file:///Users/HONGBGU/Documents/seadroid/app/src/main/java/com/seafile/seadroid2/ui/dialog_fragment/viewmodel/RenameRepoViewModel.kt:77:29 Only safe (?.) or non-null asserted (!!.) calls are allowed on a nullable receiver of type 'com.seafile.seadroid2.framework.db.dao.RepoDAO?'.
e: file:///Users/HONGBGU/Documents/seadroid/app/src/main/java/com/seafile/seadroid2/ui/dialog_fragment/viewmodel/RenameRepoViewModel.kt:78:60 Only safe (?.) or non-null asserted (!!.) calls are allowed on a nullable receiver of type 'com.seafile.seadroid2.framework.db.AppDatabase?'.
e: file:///Users/HONGBGU/Documents/seadroid/app/src/main/java/com/seafile/seadroid2/ui/dialog_fragment/viewmodel/RenameRepoViewModel.kt:79:29 Only safe (?.) or non-null asserted (!!.) calls are allowed on a nullable receiver of type 'com.seafile.seadroid2.framework.db.dao.DirentDAO?'.
e: file:///Users/HONGBGU/Documents/seadroid/app/src/main/java/com/seafile/seadroid2/ui/dialog_fragment/viewmodel/RenameRepoViewModel.kt:80:60 Only safe (?.) or non-null asserted (!!.) calls are allowed on a nullable receiver of type 'com.seafile.seadroid2.framework.db.AppDatabase?'.
e: file:///Users/HONGBGU/Documents/seadroid/app/src/main/java/com/seafile/seadroid2/ui/dialog_fragment/viewmodel/RenameRepoViewModel.kt:81:29 Only safe (?.) or non-null asserted (!!.) calls are allowed on a nullable receiver of type 'com.seafile.seadroid2.framework.db.dao.StarredDirentDAO?'.
e: file:///Users/HONGBGU/Documents/seadroid/app/src/main/java/com/seafile/seadroid2/ui/dialog_fragment/viewmodel/RenameRepoViewModel.kt:92:38 None of the following candidates is applicable:
@SinceKotlin(...) @InlineOnly() fun <V> KMutableProperty0<V>.setValue(thisRef: Any?, property: KProperty<*>, value: V): Unit
@SinceKotlin(...) @InlineOnly() fun <T, V> KMutableProperty1<T, V>.setValue(thisRef: T, property: KProperty<*>, value: V): Unit
@InlineOnly() fun <V> MutableMap<in String, in V>.setValue(thisRef: Any?, property: KProperty<*>, value: V): Unit
e: file:///Users/HONGBGU/Documents/seadroid/app/src/main/java/com/seafile/seadroid2/ui/dialog_fragment/viewmodel/RenameRepoViewModel.kt:100:44 None of the following candidates is applicable:
@SinceKotlin(...) @InlineOnly() fun <V> KMutableProperty0<V>.setValue(thisRef: Any?, property: KProperty<*>, value: V): Unit
@SinceKotlin(...) @InlineOnly() fun <T, V> KMutableProperty1<T, V>.setValue(thisRef: T, property: KProperty<*>, value: V): Unit
@InlineOnly() fun <V> MutableMap<in String, in V>.setValue(thisRef: Any?, property: KProperty<*>, value: V): Unit
e: file:///Users/HONGBGU/Documents/seadroid/app/src/main/java/com/seafile/seadroid2/ui/dialog_fragment/viewmodel/RenameRepoViewModel.kt:101:38 None of the following candidates is applicable:
@SinceKotlin(...) @InlineOnly() fun <V> KMutableProperty0<V>.setValue(thisRef: Any?, property: KProperty<*>, value: V): Unit
@SinceKotlin(...) @InlineOnly() fun <T, V> KMutableProperty1<T, V>.setValue(thisRef: T, property: KProperty<*>, value: V): Unit
@InlineOnly() fun <V> MutableMap<in String, in V>.setValue(thisRef: Any?, property: KProperty<*>, value: V): Unit
e: file:///Users/HONGBGU/Documents/seadroid/app/src/main/java/com/seafile/seadroid2/ui/dialog_fragment/viewmodel/RenameRepoViewModel.kt:118:30 None of the following candidates is applicable:
@SinceKotlin(...) @InlineOnly() fun <V> KMutableProperty0<V>.setValue(thisRef: Any?, property: KProperty<*>, value: V): Unit
@SinceKotlin(...) @InlineOnly() fun <T, V> KMutableProperty1<T, V>.setValue(thisRef: T, property: KProperty<*>, value: V): Unit
@InlineOnly() fun <V> MutableMap<in String, in V>.setValue(thisRef: Any?, property: KProperty<*>, value: V): Unit
e: file:///Users/HONGBGU/Documents/seadroid/app/src/main/java/com/seafile/seadroid2/ui/dialog_fragment/viewmodel/RenameRepoViewModel.kt:126:13 Initializer type mismatch: expected 'io.reactivex.Single<kotlin.String?>', actual 'io.reactivex.Single<kotlin.String?>?'.
e: file:///Users/HONGBGU/Documents/seadroid/app/src/main/java/com/seafile/seadroid2/ui/dialog_fragment/viewmodel/RenameRepoViewModel.kt:126:50 Only safe (?.) or non-null asserted (!!.) calls are allowed on a nullable receiver of type 'com.seafile.seadroid2.framework.http.HttpIO?'.
e: file:///Users/HONGBGU/Documents/seadroid/app/src/main/java/com/seafile/seadroid2/ui/dialog_fragment/viewmodel/RenameRepoViewModel.kt:126:75 Argument type mismatch: actual type is 'java.lang.Class<com.seafile.seadroid2.ui.dialog_fragment.DialogService>', but 'java.lang.Class<T?>' was expected.
e: file:///Users/HONGBGU/Documents/seadroid/app/src/main/java/com/seafile/seadroid2/ui/dialog_fragment/viewmodel/RenameRepoViewModel.kt:127:17 Only safe (?.) or non-null asserted (!!.) calls are allowed on a nullable receiver of type 'com.seafile.seadroid2.ui.dialog_fragment.DialogService?'.
e: file:///Users/HONGBGU/Documents/seadroid/app/src/main/java/com/seafile/seadroid2/ui/dialog_fragment/viewmodel/RenameRepoViewModel.kt:128:47 Class '<anonymous>' is not abstract and does not implement abstract member 'apply'.
e: file:///Users/HONGBGU/Documents/seadroid/app/src/main/java/com/seafile/seadroid2/ui/dialog_fragment/viewmodel/RenameRepoViewModel.kt:130:13 'apply' overrides nothing.
e: file:///Users/HONGBGU/Documents/seadroid/app/src/main/java/com/seafile/seadroid2/ui/dialog_fragment/viewmodel/RenameRepoViewModel.kt:166:29 Initializer type mismatch: expected 'kotlin.collections.MutableList<com.seafile.seadroid2.framework.db.entities.DirentModel>?', actual 'kotlin.collections.MutableList<com.seafile.seadroid2.framework.db.entities.DirentModel?>?'.
e: file:///Users/HONGBGU/Documents/seadroid/app/src/main/java/com/seafile/seadroid2/ui/dialog_fragment/viewmodel/RenameRepoViewModel.kt:166:64 Only safe (?.) or non-null asserted (!!.) calls are allowed on a nullable receiver of type 'com.seafile.seadroid2.framework.db.AppDatabase?'.
e: file:///Users/HONGBGU/Documents/seadroid/app/src/main/java/com/seafile/seadroid2/ui/dialog_fragment/viewmodel/RenameRepoViewModel.kt:167:33 Only safe (?.) or non-null asserted (!!.) calls are allowed on a nullable receiver of type 'com.seafile.seadroid2.framework.db.dao.DirentDAO?'.
e: file:///Users/HONGBGU/Documents/seadroid/app/src/main/java/com/seafile/seadroid2/ui/dialog_fragment/viewmodel/RenameRepoViewModel.kt:170:64 Only safe (?.) or non-null asserted (!!.) calls are allowed on a nullable receiver of type 'com.seafile.seadroid2.framework.db.AppDatabase?'.
e: file:///Users/HONGBGU/Documents/seadroid/app/src/main/java/com/seafile/seadroid2/ui/dialog_fragment/viewmodel/RenameRepoViewModel.kt:170:76 Only safe (?.) or non-null asserted (!!.) calls are allowed on a nullable receiver of type 'com.seafile.seadroid2.framework.db.dao.DirentDAO?'.
e: file:///Users/HONGBGU/Documents/seadroid/app/src/main/java/com/seafile/seadroid2/ui/dialog_fragment/viewmodel/RenameRepoViewModel.kt:180:64 Only safe (?.) or non-null asserted (!!.) calls are allowed on a nullable receiver of type 'com.seafile.seadroid2.framework.db.AppDatabase?'.
e: file:///Users/HONGBGU/Documents/seadroid/app/src/main/java/com/seafile/seadroid2/ui/dialog_fragment/viewmodel/RenameRepoViewModel.kt:180:76 Only safe (?.) or non-null asserted (!!.) calls are allowed on a nullable receiver of type 'com.seafile.seadroid2.framework.db.dao.DirentDAO?'.
e: file:///Users/HONGBGU/Documents/seadroid/app/src/main/java/com/seafile/seadroid2/ui/dialog_fragment/viewmodel/RenameRepoViewModel.kt:188:29 Initializer type mismatch: expected 'kotlin.collections.MutableList<com.seafile.seadroid2.framework.db.entities.DirentModel>?', actual 'kotlin.collections.MutableList<com.seafile.seadroid2.framework.db.entities.DirentModel?>?'.
e: file:///Users/HONGBGU/Documents/seadroid/app/src/main/java/com/seafile/seadroid2/ui/dialog_fragment/viewmodel/RenameRepoViewModel.kt:188:64 Only safe (?.) or non-null asserted (!!.) calls are allowed on a nullable receiver of type 'com.seafile.seadroid2.framework.db.AppDatabase?'.
e: file:///Users/HONGBGU/Documents/seadroid/app/src/main/java/com/seafile/seadroid2/ui/dialog_fragment/viewmodel/RenameRepoViewModel.kt:189:33 Only safe (?.) or non-null asserted (!!.) calls are allowed on a nullable receiver of type 'com.seafile.seadroid2.framework.db.dao.DirentDAO?'.
e: file:///Users/HONGBGU/Documents/seadroid/app/src/main/java/com/seafile/seadroid2/ui/dialog_fragment/viewmodel/RenameRepoViewModel.kt:192:68 Only safe (?.) or non-null asserted (!!.) calls are allowed on a nullable receiver of type 'com.seafile.seadroid2.framework.db.AppDatabase?'.
e: file:///Users/HONGBGU/Documents/seadroid/app/src/main/java/com/seafile/seadroid2/ui/dialog_fragment/viewmodel/RenameRepoViewModel.kt:192:80 Only safe (?.) or non-null asserted (!!.) calls are allowed on a nullable receiver of type 'com.seafile.seadroid2.framework.db.dao.DirentDAO?'.
e: file:///Users/HONGBGU/Documents/seadroid/app/src/main/java/com/seafile/seadroid2/ui/dialog_fragment/viewmodel/RenameRepoViewModel.kt:198:68 Only safe (?.) or non-null asserted (!!.) calls are allowed on a nullable receiver of type 'com.seafile.seadroid2.framework.db.AppDatabase?'.
e: file:///Users/HONGBGU/Documents/seadroid/app/src/main/java/com/seafile/seadroid2/ui/dialog_fragment/viewmodel/RenameRepoViewModel.kt:198:80 Only safe (?.) or non-null asserted (!!.) calls are allowed on a nullable receiver of type 'com.seafile.seadroid2.framework.db.dao.DirentDAO?'.
e: file:///Users/HONGBGU/Documents/seadroid/app/src/main/java/com/seafile/seadroid2/ui/dialog_fragment/viewmodel/RenameRepoViewModel.kt:203:29 Initializer type mismatch: expected 'kotlin.collections.MutableList<com.seafile.seadroid2.framework.db.entities.FileCacheStatusEntity>?', actual 'kotlin.collections.MutableList<com.seafile.seadroid2.framework.db.entities.FileCacheStatusEntity?>?'.
e: file:///Users/HONGBGU/Documents/seadroid/app/src/main/java/com/seafile/seadroid2/ui/dialog_fragment/viewmodel/RenameRepoViewModel.kt:203:64 Only safe (?.) or non-null asserted (!!.) calls are allowed on a nullable receiver of type 'com.seafile.seadroid2.framework.db.AppDatabase?'.
e: file:///Users/HONGBGU/Documents/seadroid/app/src/main/java/com/seafile/seadroid2/ui/dialog_fragment/viewmodel/RenameRepoViewModel.kt:204:33 Only safe (?.) or non-null asserted (!!.) calls are allowed on a nullable receiver of type 'com.seafile.seadroid2.framework.db.dao.FileCacheStatusDAO?'.
e: file:///Users/HONGBGU/Documents/seadroid/app/src/main/java/com/seafile/seadroid2/ui/dialog_fragment/viewmodel/RenameRepoViewModel.kt:209:68 Only safe (?.) or non-null asserted (!!.) calls are allowed on a nullable receiver of type 'com.seafile.seadroid2.framework.db.AppDatabase?'.
e: file:///Users/HONGBGU/Documents/seadroid/app/src/main/java/com/seafile/seadroid2/ui/dialog_fragment/viewmodel/RenameRepoViewModel.kt:210:37 Only safe (?.) or non-null asserted (!!.) calls are allowed on a nullable receiver of type 'com.seafile.seadroid2.framework.db.dao.FileCacheStatusDAO?'.
e: file:///Users/HONGBGU/Documents/seadroid/app/src/main/java/com/seafile/seadroid2/ui/dialog_fragment/viewmodel/RenameRepoViewModel.kt:215:82 Only safe (?.) or non-null asserted (!!.) calls are allowed on a nullable receiver of type 'kotlin.String?'.
e: file:///Users/HONGBGU/Documents/seadroid/app/src/main/java/com/seafile/seadroid2/ui/dialog_fragment/viewmodel/RenameRepoViewModel.kt:222:68 Only safe (?.) or non-null asserted (!!.) calls are allowed on a nullable receiver of type 'com.seafile.seadroid2.framework.db.AppDatabase?'.
e: file:///Users/HONGBGU/Documents/seadroid/app/src/main/java/com/seafile/seadroid2/ui/dialog_fragment/viewmodel/RenameRepoViewModel.kt:223:37 Only safe (?.) or non-null asserted (!!.) calls are allowed on a nullable receiver of type 'com.seafile.seadroid2.framework.db.dao.FileCacheStatusDAO?'.
e: file:///Users/HONGBGU/Documents/seadroid/app/src/main/java/com/seafile/seadroid2/ui/dialog_fragment/viewmodel/RenameRepoViewModel.kt:237:38 None of the following candidates is applicable:
@SinceKotlin(...) @InlineOnly() fun <V> KMutableProperty0<V>.setValue(thisRef: Any?, property: KProperty<*>, value: V): Unit
@SinceKotlin(...) @InlineOnly() fun <T, V> KMutableProperty1<T, V>.setValue(thisRef: T, property: KProperty<*>, value: V): Unit
@InlineOnly() fun <V> MutableMap<in String, in V>.setValue(thisRef: Any?, property: KProperty<*>, value: V): Unit
e: file:///Users/HONGBGU/Documents/seadroid/app/src/main/java/com/seafile/seadroid2/ui/dialog_fragment/viewmodel/RenameRepoViewModel.kt:245:44 None of the following candidates is applicable:
@SinceKotlin(...) @InlineOnly() fun <V> KMutableProperty0<V>.setValue(thisRef: Any?, property: KProperty<*>, value: V): Unit
@SinceKotlin(...) @InlineOnly() fun <T, V> KMutableProperty1<T, V>.setValue(thisRef: T, property: KProperty<*>, value: V): Unit
@InlineOnly() fun <V> MutableMap<in String, in V>.setValue(thisRef: Any?, property: KProperty<*>, value: V): Unit
e: file:///Users/HONGBGU/Documents/seadroid/app/src/main/java/com/seafile/seadroid2/ui/dialog_fragment/viewmodel/RenameRepoViewModel.kt:246:38 None of the following candidates is applicable:
@SinceKotlin(...) @InlineOnly() fun <V> KMutableProperty0<V>.setValue(thisRef: Any?, property: KProperty<*>, value: V): Unit
@SinceKotlin(...) @InlineOnly() fun <T, V> KMutableProperty1<T, V>.setValue(thisRef: T, property: KProperty<*>, value: V): Unit
@InlineOnly() fun <V> MutableMap<in String, in V>.setValue(thisRef: Any?, property: KProperty<*>, value: V): Unit
e: file:///Users/HONGBGU/Documents/seadroid/app/src/main/java/com/seafile/seadroid2/ui/dialog_fragment/viewmodel/RenameRepoViewModel.kt:263:30 None of the following candidates is applicable:
@SinceKotlin(...) @InlineOnly() fun <V> KMutableProperty0<V>.setValue(thisRef: Any?, property: KProperty<*>, value: V): Unit
@SinceKotlin(...) @InlineOnly() fun <T, V> KMutableProperty1<T, V>.setValue(thisRef: T, property: KProperty<*>, value: V): Unit
@InlineOnly() fun <V> MutableMap<in String, in V>.setValue(thisRef: Any?, property: KProperty<*>, value: V): Unit
e: file:///Users/HONGBGU/Documents/seadroid/app/src/main/java/com/seafile/seadroid2/ui/dialog_fragment/viewmodel/RenameRepoViewModel.kt:271:13 Initializer type mismatch: expected 'io.reactivex.Single<com.seafile.seadroid2.framework.model.dirents.FileCreateModel?>', actual 'io.reactivex.Single<com.seafile.seadroid2.framework.model.dirents.FileCreateModel?>?'.
e: file:///Users/HONGBGU/Documents/seadroid/app/src/main/java/com/seafile/seadroid2/ui/dialog_fragment/viewmodel/RenameRepoViewModel.kt:271:50 Only safe (?.) or non-null asserted (!!.) calls are allowed on a nullable receiver of type 'com.seafile.seadroid2.framework.http.HttpIO?'.
e: file:///Users/HONGBGU/Documents/seadroid/app/src/main/java/com/seafile/seadroid2/ui/dialog_fragment/viewmodel/RenameRepoViewModel.kt:271:75 Argument type mismatch: actual type is 'java.lang.Class<com.seafile.seadroid2.ui.dialog_fragment.DialogService>', but 'java.lang.Class<T?>' was expected.
e: file:///Users/HONGBGU/Documents/seadroid/app/src/main/java/com/seafile/seadroid2/ui/dialog_fragment/viewmodel/RenameRepoViewModel.kt:272:17 Only safe (?.) or non-null asserted (!!.) calls are allowed on a nullable receiver of type 'com.seafile.seadroid2.ui.dialog_fragment.DialogService?'.
e: file:///Users/HONGBGU/Documents/seadroid/app/src/main/java/com/seafile/seadroid2/ui/dialog_fragment/viewmodel/RenameRepoViewModel.kt:273:56 Class '<anonymous>' is not abstract and does not implement abstract member 'apply'.
e: file:///Users/HONGBGU/Documents/seadroid/app/src/main/java/com/seafile/seadroid2/ui/dialog_fragment/viewmodel/RenameRepoViewModel.kt:276:13 'apply' overrides nothing.
e: file:///Users/HONGBGU/Documents/seadroid/app/src/main/java/com/seafile/seadroid2/ui/dialog_fragment/viewmodel/RenameRepoViewModel.kt:317:29 Initializer type mismatch: expected 'kotlin.collections.MutableList<com.seafile.seadroid2.framework.db.entities.FileCacheStatusEntity>?', actual 'kotlin.collections.MutableList<com.seafile.seadroid2.framework.db.entities.FileCacheStatusEntity?>?'.
e: file:///Users/HONGBGU/Documents/seadroid/app/src/main/java/com/seafile/seadroid2/ui/dialog_fragment/viewmodel/RenameRepoViewModel.kt:317:64 Only safe (?.) or non-null asserted (!!.) calls are allowed on a nullable receiver of type 'com.seafile.seadroid2.framework.db.AppDatabase?'.
e: file:///Users/HONGBGU/Documents/seadroid/app/src/main/java/com/seafile/seadroid2/ui/dialog_fragment/viewmodel/RenameRepoViewModel.kt:318:33 Only safe (?.) or non-null asserted (!!.) calls are allowed on a nullable receiver of type 'com.seafile.seadroid2.framework.db.dao.FileCacheStatusDAO?'.
e: file:///Users/HONGBGU/Documents/seadroid/app/src/main/java/com/seafile/seadroid2/ui/dialog_fragment/viewmodel/RenameRepoViewModel.kt:326:64 Only safe (?.) or non-null asserted (!!.) calls are allowed on a nullable receiver of type 'com.seafile.seadroid2.framework.db.AppDatabase?'.
e: file:///Users/HONGBGU/Documents/seadroid/app/src/main/java/com/seafile/seadroid2/ui/dialog_fragment/viewmodel/RenameRepoViewModel.kt:327:33 Only safe (?.) or non-null asserted (!!.) calls are allowed on a nullable receiver of type 'com.seafile.seadroid2.framework.db.dao.FileCacheStatusDAO?'.
e: file:///Users/HONGBGU/Documents/seadroid/app/src/main/java/com/seafile/seadroid2/ui/dialog_fragment/viewmodel/RenameRepoViewModel.kt:338:64 Only safe (?.) or non-null asserted (!!.) calls are allowed on a nullable receiver of type 'com.seafile.seadroid2.framework.db.AppDatabase?'.
e: file:///Users/HONGBGU/Documents/seadroid/app/src/main/java/com/seafile/seadroid2/ui/dialog_fragment/viewmodel/RenameRepoViewModel.kt:339:33 Only safe (?.) or non-null asserted (!!.) calls are allowed on a nullable receiver of type 'com.seafile.seadroid2.framework.db.dao.FileCacheStatusDAO?'.
e: file:///Users/HONGBGU/Documents/seadroid/app/src/main/java/com/seafile/seadroid2/ui/dialog_fragment/viewmodel/RenameRepoViewModel.kt:349:39 Class '<anonymous>' is not abstract and does not implement abstract member 'accept'.
e: file:///Users/HONGBGU/Documents/seadroid/app/src/main/java/com/seafile/seadroid2/ui/dialog_fragment/viewmodel/RenameRepoViewModel.kt:351:13 'accept' overrides nothing.
e: file:///Users/HONGBGU/Documents/seadroid/app/src/main/java/com/seafile/seadroid2/ui/dialog_fragment/viewmodel/RenameRepoViewModel.kt:352:38 None of the following candidates is applicable:
@SinceKotlin(...) @InlineOnly() fun <V> KMutableProperty0<V>.setValue(thisRef: Any?, property: KProperty<*>, value: V): Unit
@SinceKotlin(...) @InlineOnly() fun <T, V> KMutableProperty1<T, V>.setValue(thisRef: T, property: KProperty<*>, value: V): Unit
@InlineOnly() fun <V> MutableMap<in String, in V>.setValue(thisRef: Any?, property: KProperty<*>, value: V): Unit
e: file:///Users/HONGBGU/Documents/seadroid/app/src/main/java/com/seafile/seadroid2/ui/dialog_fragment/viewmodel/RenameRepoViewModel.kt:360:44 None of the following candidates is applicable:
@SinceKotlin(...) @InlineOnly() fun <V> KMutableProperty0<V>.setValue(thisRef: Any?, property: KProperty<*>, value: V): Unit
@SinceKotlin(...) @InlineOnly() fun <T, V> KMutableProperty1<T, V>.setValue(thisRef: T, property: KProperty<*>, value: V): Unit
@InlineOnly() fun <V> MutableMap<in String, in V>.setValue(thisRef: Any?, property: KProperty<*>, value: V): Unit
e: file:///Users/HONGBGU/Documents/seadroid/app/src/main/java/com/seafile/seadroid2/ui/dialog_fragment/viewmodel/RenameRepoViewModel.kt:361:38 None of the following candidates is applicable:
@SinceKotlin(...) @InlineOnly() fun <V> KMutableProperty0<V>.setValue(thisRef: Any?, property: KProperty<*>, value: V): Unit
@SinceKotlin(...) @InlineOnly() fun <T, V> KMutableProperty1<T, V>.setValue(thisRef: T, property: KProperty<*>, value: V): Unit
@InlineOnly() fun <V> MutableMap<in String, in V>.setValue(thisRef: Any?, property: KProperty<*>, value: V): Unit
e: file:///Users/HONGBGU/Documents/seadroid/app/src/main/java/com/seafile/seadroid2/ui/dialog_fragment/viewmodel/SwitchStorageViewModel.kt:44:30 None of the following candidates is applicable:
@SinceKotlin(...) @InlineOnly() fun <V> KMutableProperty0<V>.setValue(thisRef: Any?, property: KProperty<*>, value: V): Unit
@SinceKotlin(...) @InlineOnly() fun <T, V> KMutableProperty1<T, V>.setValue(thisRef: T, property: KProperty<*>, value: V): Unit
@InlineOnly() fun <V> MutableMap<in String, in V>.setValue(thisRef: Any?, property: KProperty<*>, value: V): Unit
e: file:///Users/HONGBGU/Documents/seadroid/app/src/main/java/com/seafile/seadroid2/ui/dialog_fragment/viewmodel/SwitchStorageViewModel.kt:47:53 Only safe (?.) or non-null asserted (!!.) calls are allowed on a nullable receiver of type 'com.seafile.seadroid2.framework.service.BackupThreadExecutor?'.
e: file:///Users/HONGBGU/Documents/seadroid/app/src/main/java/com/seafile/seadroid2/ui/dialog_fragment/viewmodel/SwitchStorageViewModel.kt:60:25 Initializer type mismatch: expected 'kotlin.collections.MutableList<com.seafile.seadroid2.account.Account?>', actual 'kotlin.collections.MutableList<android.accounts.Account>'.
e: file:///Users/HONGBGU/Documents/seadroid/app/src/main/java/com/seafile/seadroid2/ui/dialog_fragment/viewmodel/SwitchStorageViewModel.kt:60:70 Only safe (?.) or non-null asserted (!!.) calls are allowed on a nullable receiver of type 'com.seafile.seadroid2.account.SupportAccountManager?'.
e: file:///Users/HONGBGU/Documents/seadroid/app/src/main/java/com/seafile/seadroid2/ui/dialog_fragment/viewmodel/SwitchStorageViewModel.kt:69:64 Only safe (?.) or non-null asserted (!!.) calls are allowed on a nullable receiver of type 'java.io.File?'.
e: file:///Users/HONGBGU/Documents/seadroid/app/src/main/java/com/seafile/seadroid2/ui/dialog_fragment/viewmodel/SwitchStorageViewModel.kt:82:45 Argument type mismatch: actual type is 'kotlin.String?', but 'kotlin.String' was expected.
e: file:///Users/HONGBGU/Documents/seadroid/app/src/main/java/com/seafile/seadroid2/ui/dialog_fragment/viewmodel/SwitchStorageViewModel.kt:82:56 Argument type mismatch: actual type is 'kotlin.String?', but 'kotlin.String' was expected.
e: file:///Users/HONGBGU/Documents/seadroid/app/src/main/java/com/seafile/seadroid2/ui/dialog_fragment/viewmodel/SwitchStorageViewModel.kt:101:38 None of the following candidates is applicable:
@SinceKotlin(...) @InlineOnly() fun <V> KMutableProperty0<V>.setValue(thisRef: Any?, property: KProperty<*>, value: V): Unit
@SinceKotlin(...) @InlineOnly() fun <T, V> KMutableProperty1<T, V>.setValue(thisRef: T, property: KProperty<*>, value: V): Unit
@InlineOnly() fun <V> MutableMap<in String, in V>.setValue(thisRef: Any?, property: KProperty<*>, value: V): Unit
e: file:///Users/HONGBGU/Documents/seadroid/app/src/main/java/com/seafile/seadroid2/ui/dialog_fragment/viewmodel/SwitchStorageViewModel.kt:107:38 None of the following candidates is applicable:
@SinceKotlin(...) @InlineOnly() fun <V> KMutableProperty0<V>.setValue(thisRef: Any?, property: KProperty<*>, value: V): Unit
@SinceKotlin(...) @InlineOnly() fun <T, V> KMutableProperty1<T, V>.setValue(thisRef: T, property: KProperty<*>, value: V): Unit
@InlineOnly() fun <V> MutableMap<in String, in V>.setValue(thisRef: Any?, property: KProperty<*>, value: V): Unit
e: file:///Users/HONGBGU/Documents/seadroid/app/src/main/java/com/seafile/seadroid2/ui/dialog_fragment/viewmodel/SwitchStorageViewModel.kt:119:17 Assignment type mismatch: actual type is 'kotlin.collections.MutableList<com.seafile.seadroid2.framework.db.entities.FileCacheStatusEntity?>?', but 'kotlin.collections.MutableList<com.seafile.seadroid2.framework.db.entities.FileCacheStatusEntity>' was expected.
e: file:///Users/HONGBGU/Documents/seadroid/app/src/main/java/com/seafile/seadroid2/ui/dialog_fragment/viewmodel/SwitchStorageViewModel.kt:119:52 Only safe (?.) or non-null asserted (!!.) calls are allowed on a nullable receiver of type 'com.seafile.seadroid2.framework.db.AppDatabase?'.
e: file:///Users/HONGBGU/Documents/seadroid/app/src/main/java/com/seafile/seadroid2/ui/dialog_fragment/viewmodel/SwitchStorageViewModel.kt:119:73 Only safe (?.) or non-null asserted (!!.) calls are allowed on a nullable receiver of type 'com.seafile.seadroid2.framework.db.dao.FileCacheStatusDAO?'.
e: file:///Users/HONGBGU/Documents/seadroid/app/src/main/java/com/seafile/seadroid2/ui/dialog_fragment/viewmodel/SwitchStorageViewModel.kt:123:39 Only safe (?.) or non-null asserted (!!.) calls are allowed on a nullable receiver of type 'kotlin.String?'.
e: file:///Users/HONGBGU/Documents/seadroid/app/src/main/java/com/seafile/seadroid2/ui/dialog_fragment/viewmodel/SwitchStorageViewModel.kt:125:43 Only safe (?.) or non-null asserted (!!.) calls are allowed on a nullable receiver of type 'kotlin.String?'.
e: file:///Users/HONGBGU/Documents/seadroid/app/src/main/java/com/seafile/seadroid2/ui/dialog_fragment/viewmodel/SwitchStorageViewModel.kt:131:52 Only safe (?.) or non-null asserted (!!.) calls are allowed on a nullable receiver of type 'com.seafile.seadroid2.framework.db.AppDatabase?'.
e: file:///Users/HONGBGU/Documents/seadroid/app/src/main/java/com/seafile/seadroid2/ui/dialog_fragment/viewmodel/SwitchStorageViewModel.kt:132:21 Only safe (?.) or non-null asserted (!!.) calls are allowed on a nullable receiver of type 'com.seafile.seadroid2.framework.db.dao.FileCacheStatusDAO?'.
e: file:///Users/HONGBGU/Documents/seadroid/app/src/main/java/com/seafile/seadroid2/ui/dialog_fragment/viewmodel/SwitchStorageViewModel.kt:132:32 Argument type mismatch: actual type is 'kotlin.collections.MutableList<com.seafile.seadroid2.framework.db.entities.FileCacheStatusEntity?>', but 'kotlin.collections.MutableList<com.seafile.seadroid2.framework.db.entities.FileCacheStatusEntity>' was expected.
e: file:///Users/HONGBGU/Documents/seadroid/app/src/main/java/com/seafile/seadroid2/ui/docs_comment/DocsCommentAdapter.kt:3:21 Conflicting import: imported name 'View' is ambiguous.
e: file:///Users/HONGBGU/Documents/seadroid/app/src/main/java/com/seafile/seadroid2/ui/docs_comment/DocsCommentAdapter.kt:4:37 Conflicting import: imported name 'DiffUtil' is ambiguous.
e: file:///Users/HONGBGU/Documents/seadroid/app/src/main/java/com/seafile/seadroid2/ui/docs_comment/DocsCommentAdapter.kt:5:33 Conflicting import: imported name 'CollectionUtils' is ambiguous.
e: file:///Users/HONGBGU/Documents/seadroid/app/src/main/java/com/seafile/seadroid2/ui/docs_comment/DocsCommentAdapter.kt:6:42 Conflicting import: imported name 'ItemFileCommentBinding' is ambiguous.
e: file:///Users/HONGBGU/Documents/seadroid/app/src/main/java/com/seafile/seadroid2/ui/docs_comment/DocsCommentAdapter.kt:7:46 Conflicting import: imported name 'BaseAdapter' is ambiguous.
e: file:///Users/HONGBGU/Documents/seadroid/app/src/main/java/com/seafile/seadroid2/ui/docs_comment/DocsCommentAdapter.kt:10:21 Conflicting import: imported name 'View' is ambiguous.
e: file:///Users/HONGBGU/Documents/seadroid/app/src/main/java/com/seafile/seadroid2/ui/docs_comment/DocsCommentAdapter.kt:11:37 Conflicting import: imported name 'DiffUtil' is ambiguous.
e: file:///Users/HONGBGU/Documents/seadroid/app/src/main/java/com/seafile/seadroid2/ui/docs_comment/DocsCommentAdapter.kt:12:33 Conflicting import: imported name 'CollectionUtils' is ambiguous.
e: file:///Users/HONGBGU/Documents/seadroid/app/src/main/java/com/seafile/seadroid2/ui/docs_comment/DocsCommentAdapter.kt:13:42 Conflicting import: imported name 'ItemFileCommentBinding' is ambiguous.
e: file:///Users/HONGBGU/Documents/seadroid/app/src/main/java/com/seafile/seadroid2/ui/docs_comment/DocsCommentAdapter.kt:16:46 Conflicting import: imported name 'BaseAdapter' is ambiguous.
e: file:///Users/HONGBGU/Documents/seadroid/app/src/main/java/com/seafile/seadroid2/ui/docs_comment/DocsCommentAdapter.kt:19:1 Class 'DocsCommentAdapter' is not abstract and does not implement abstract base class member 'onBindViewHolder'.
e: file:///Users/HONGBGU/Documents/seadroid/app/src/main/java/com/seafile/seadroid2/ui/docs_comment/DocsCommentAdapter.kt:19:40 Unresolved reference 'DocsCommentModel'.
e: file:///Users/HONGBGU/Documents/seadroid/app/src/main/java/com/seafile/seadroid2/ui/docs_comment/DocsCommentAdapter.kt:20:28 Unresolved reference 'MarkdownProcessor'.
e: file:///Users/HONGBGU/Documents/seadroid/app/src/main/java/com/seafile/seadroid2/ui/docs_comment/DocsCommentAdapter.kt:22:33 Unresolved reference 'MarkdownProcessor'.
e: file:///Users/HONGBGU/Documents/seadroid/app/src/main/java/com/seafile/seadroid2/ui/docs_comment/DocsCommentAdapter.kt:27:32 Unresolved reference 'MarkdownConfiguration'.
e: file:///Users/HONGBGU/Documents/seadroid/app/src/main/java/com/seafile/seadroid2/ui/docs_comment/DocsCommentAdapter.kt:27:57 Unresolved reference 'MarkdownConfiguration'.
e: file:///Users/HONGBGU/Documents/seadroid/app/src/main/java/com/seafile/seadroid2/ui/docs_comment/DocsCommentAdapter.kt:28:33 Unresolved reference 'DefaultLoader'.
e: file:///Users/HONGBGU/Documents/seadroid/app/src/main/java/com/seafile/seadroid2/ui/docs_comment/DocsCommentAdapter.kt:31:21 Unresolved reference 'MarkdownProcessor'.
e: file:///Users/HONGBGU/Documents/seadroid/app/src/main/java/com/seafile/seadroid2/ui/docs_comment/DocsCommentAdapter.kt:32:19 Unresolved reference 'config'.
e: file:///Users/HONGBGU/Documents/seadroid/app/src/main/java/com/seafile/seadroid2/ui/docs_comment/DocsCommentAdapter.kt:33:19 Unresolved reference 'factory'.
e: file:///Users/HONGBGU/Documents/seadroid/app/src/main/java/com/seafile/seadroid2/ui/docs_comment/DocsCommentAdapter.kt:33:27 Unresolved reference 'TextFactory'.
e: file:///Users/HONGBGU/Documents/seadroid/app/src/main/java/com/seafile/seadroid2/ui/docs_comment/DocsCommentAdapter.kt:37:5 'onBindViewHolder' overrides nothing.
e: file:///Users/HONGBGU/Documents/seadroid/app/src/main/java/com/seafile/seadroid2/ui/docs_comment/DocsCommentAdapter.kt:37:81 Unresolved reference 'DocsCommentModel'.
e: file:///Users/HONGBGU/Documents/seadroid/app/src/main/java/com/seafile/seadroid2/ui/docs_comment/DocsCommentAdapter.kt:43:9 Unresolved reference 'Glide'.
e: file:///Users/HONGBGU/Documents/seadroid/app/src/main/java/com/seafile/seadroid2/ui/docs_comment/DocsCommentAdapter.kt:43:34 Only safe (?.) or non-null asserted (!!.) calls are allowed on a nullable receiver of type 'com.seafile.seadroid2.databinding.ItemFileCommentBinding?'.
e: file:///Users/HONGBGU/Documents/seadroid/app/src/main/java/com/seafile/seadroid2/ui/docs_comment/DocsCommentAdapter.kt:44:25 Unresolved reference 'avatar_url'.
e: file:///Users/HONGBGU/Documents/seadroid/app/src/main/java/com/seafile/seadroid2/ui/docs_comment/DocsCommentAdapter.kt:45:33 Only safe (?.) or non-null asserted (!!.) calls are allowed on a nullable receiver of type 'com.seafile.seadroid2.databinding.ItemFileCommentBinding?'.
e: file:///Users/HONGBGU/Documents/seadroid/app/src/main/java/com/seafile/seadroid2/ui/docs_comment/DocsCommentAdapter.kt:47:23 Only safe (?.) or non-null asserted (!!.) calls are allowed on a nullable receiver of type 'com.seafile.seadroid2.databinding.ItemFileCommentBinding?'.
e: file:///Users/HONGBGU/Documents/seadroid/app/src/main/java/com/seafile/seadroid2/ui/docs_comment/DocsCommentAdapter.kt:47:40 Overload resolution ambiguity between candidates:
fun setText(p0: CharSequence!): Unit
fun setText(p0: Int): Unit
e: file:///Users/HONGBGU/Documents/seadroid/app/src/main/java/com/seafile/seadroid2/ui/docs_comment/DocsCommentAdapter.kt:47:54 Unresolved reference 'user_name'.
e: file:///Users/HONGBGU/Documents/seadroid/app/src/main/java/com/seafile/seadroid2/ui/docs_comment/DocsCommentAdapter.kt:48:23 Only safe (?.) or non-null asserted (!!.) calls are allowed on a nullable receiver of type 'com.seafile.seadroid2.databinding.ItemFileCommentBinding?'.
e: file:///Users/HONGBGU/Documents/seadroid/app/src/main/java/com/seafile/seadroid2/ui/docs_comment/DocsCommentAdapter.kt:48:36 Overload resolution ambiguity between candidates:
fun setText(p0: CharSequence!): Unit
fun setText(p0: Int): Unit
e: file:///Users/HONGBGU/Documents/seadroid/app/src/main/java/com/seafile/seadroid2/ui/docs_comment/DocsCommentAdapter.kt:48:50 Unresolved reference 'getCreatedAtFriendlyText'.
e: file:///Users/HONGBGU/Documents/seadroid/app/src/main/java/com/seafile/seadroid2/ui/docs_comment/DocsCommentAdapter.kt:50:19 Unresolved reference 'resolved'.
e: file:///Users/HONGBGU/Documents/seadroid/app/src/main/java/com/seafile/seadroid2/ui/docs_comment/DocsCommentAdapter.kt:51:27 Only safe (?.) or non-null asserted (!!.) calls are allowed on a nullable receiver of type 'com.seafile.seadroid2.databinding.ItemFileCommentBinding?'.
e: file:///Users/HONGBGU/Documents/seadroid/app/src/main/java/com/seafile/seadroid2/ui/docs_comment/DocsCommentAdapter.kt:51:60 Unresolved reference 'R'.
e: file:///Users/HONGBGU/Documents/seadroid/app/src/main/java/com/seafile/seadroid2/ui/docs_comment/DocsCommentAdapter.kt:52:27 Only safe (?.) or non-null asserted (!!.) calls are allowed on a nullable receiver of type 'com.seafile.seadroid2.databinding.ItemFileCommentBinding?'.
e: file:///Users/HONGBGU/Documents/seadroid/app/src/main/java/com/seafile/seadroid2/ui/docs_comment/DocsCommentAdapter.kt:54:27 Only safe (?.) or non-null asserted (!!.) calls are allowed on a nullable receiver of type 'com.seafile.seadroid2.databinding.ItemFileCommentBinding?'.
e: file:///Users/HONGBGU/Documents/seadroid/app/src/main/java/com/seafile/seadroid2/ui/docs_comment/DocsCommentAdapter.kt:55:27 Only safe (?.) or non-null asserted (!!.) calls are allowed on a nullable receiver of type 'com.seafile.seadroid2.databinding.ItemFileCommentBinding?'.
e: file:///Users/HONGBGU/Documents/seadroid/app/src/main/java/com/seafile/seadroid2/ui/docs_comment/DocsCommentAdapter.kt:55:60 Unresolved reference 'R'.
e: file:///Users/HONGBGU/Documents/seadroid/app/src/main/java/com/seafile/seadroid2/ui/docs_comment/DocsCommentAdapter.kt:58:23 Only safe (?.) or non-null asserted (!!.) calls are allowed on a nullable receiver of type 'com.seafile.seadroid2.databinding.ItemFileCommentBinding?'.
e: file:///Users/HONGBGU/Documents/seadroid/app/src/main/java/com/seafile/seadroid2/ui/docs_comment/DocsCommentAdapter.kt:64:64 Unresolved reference 'DocsCommentModel'.
e: file:///Users/HONGBGU/Documents/seadroid/app/src/main/java/com/seafile/seadroid2/ui/docs_comment/DocsCommentAdapter.kt:66:36 Method 'iterator()' is ambiguous for this expression. Applicable candidates:
fun <T> Enumeration<T>.iterator(): Iterator<T>
@InlineOnly() fun <T> Iterator<T>.iterator(): Iterator<T>
@InlineOnly() fun <K, V> Map<out K, V>.iterator(): Iterator<Map.Entry<K, V>>
@JvmName(...) @InlineOnly() fun <K, V> MutableMap<K, V>.iterator(): MutableIterator<MutableMap.MutableEntry<K, V>>
fun CharSequence.iterator(): CharIterator
fun BufferedInputStream.iterator(): ByteIterator
e: file:///Users/HONGBGU/Documents/seadroid/app/src/main/java/com/seafile/seadroid2/ui/docs_comment/DocsCommentAdapter.kt:66:36 Unresolved reference 'commentList'.
e: file:///Users/HONGBGU/Documents/seadroid/app/src/main/java/com/seafile/seadroid2/ui/docs_comment/DocsCommentAdapter.kt:70:35 Only safe (?.) or non-null asserted (!!.) calls are allowed on a nullable receiver of type 'com.seafile.seadroid2.databinding.ItemFileCommentBinding?'.
e: file:///Users/HONGBGU/Documents/seadroid/app/src/main/java/com/seafile/seadroid2/ui/docs_comment/DocsCommentAdapter.kt:75:35 Only safe (?.) or non-null asserted (!!.) calls are allowed on a nullable receiver of type 'com.seafile.seadroid2.databinding.ItemFileCommentBinding?'.
e: file:///Users/HONGBGU/Documents/seadroid/app/src/main/java/com/seafile/seadroid2/ui/docs_comment/DocsCommentAdapter.kt:76:27 Unresolved reference 'commentList'.
e: file:///Users/HONGBGU/Documents/seadroid/app/src/main/java/com/seafile/seadroid2/ui/docs_comment/DocsCommentAdapter.kt:86:5 'onCreateViewHolder' overrides nothing.
e: file:///Users/HONGBGU/Documents/seadroid/app/src/main/java/com/seafile/seadroid2/ui/docs_comment/DocsCommentAdapter.kt:88:20 Unresolved reference 'ViewGroup'.
e: file:///Users/HONGBGU/Documents/seadroid/app/src/main/java/com/seafile/seadroid2/ui/docs_comment/DocsCommentAdapter.kt:91:54 Unresolved reference 'LayoutInflater'.
e: file:///Users/HONGBGU/Documents/seadroid/app/src/main/java/com/seafile/seadroid2/ui/docs_comment/DocsCommentAdapter.kt:97:17 Unresolved reference 'FlexboxLayout'.
e: file:///Users/HONGBGU/Documents/seadroid/app/src/main/java/com/seafile/seadroid2/ui/docs_comment/DocsCommentAdapter.kt:98:34 Unresolved reference 'RichContentModel'.
e: file:///Users/HONGBGU/Documents/seadroid/app/src/main/java/com/seafile/seadroid2/ui/docs_comment/DocsCommentAdapter.kt:102:54 Unresolved reference 'LayoutInflater'.
e: file:///Users/HONGBGU/Documents/seadroid/app/src/main/java/com/seafile/seadroid2/ui/docs_comment/DocsCommentAdapter.kt:105:17 Unresolved reference 'OnlyImagePreviewActivity'.
e: file:///Users/HONGBGU/Documents/seadroid/app/src/main/java/com/seafile/seadroid2/ui/docs_comment/DocsCommentAdapter.kt:111:20 Unresolved reference 'GlideLoadConfig'.
e: file:///Users/HONGBGU/Documents/seadroid/app/src/main/java/com/seafile/seadroid2/ui/docs_comment/DocsCommentAdapter.kt:114:16 Unresolved reference 'FlexboxLayout'.
e: file:///Users/HONGBGU/Documents/seadroid/app/src/main/java/com/seafile/seadroid2/ui/docs_comment/DocsCommentAdapter.kt:114:45 Unresolved reference 'FlexboxLayout'.
e: file:///Users/HONGBGU/Documents/seadroid/app/src/main/java/com/seafile/seadroid2/ui/docs_comment/DocsCommentAdapter.kt:115:11 Unresolved reference 'setMargins'.
e: file:///Users/HONGBGU/Documents/seadroid/app/src/main/java/com/seafile/seadroid2/ui/docs_comment/DocsCommentAdapter.kt:115:22 Unresolved reference 'DP'.
e: file:///Users/HONGBGU/Documents/seadroid/app/src/main/java/com/seafile/seadroid2/ui/docs_comment/DocsCommentAdapter.kt:115:41 Unresolved reference 'DP'.
e: file:///Users/HONGBGU/Documents/seadroid/app/src/main/java/com/seafile/seadroid2/ui/docs_comment/DocsCommentAdapter.kt:115:60 Unresolved reference 'DP'.
e: file:///Users/HONGBGU/Documents/seadroid/app/src/main/java/com/seafile/seadroid2/ui/docs_comment/DocsCommentAdapter.kt:115:79 Unresolved reference 'DP'.
e: file:///Users/HONGBGU/Documents/seadroid/app/src/main/java/com/seafile/seadroid2/ui/docs_comment/DocsCommentAdapter.kt:117:16 Unresolved reference 'addView'.
e: file:///Users/HONGBGU/Documents/seadroid/app/src/main/java/com/seafile/seadroid2/ui/docs_comment/DocsCommentAdapter.kt:121:42 Unresolved reference 'FlexboxLayout'.
e: file:///Users/HONGBGU/Documents/seadroid/app/src/main/java/com/seafile/seadroid2/ui/docs_comment/DocsCommentAdapter.kt:122:23 Unresolved reference 'MarkdownTextView'.
e: file:///Users/HONGBGU/Documents/seadroid/app/src/main/java/com/seafile/seadroid2/ui/docs_comment/DocsCommentAdapter.kt:122:42 Unresolved reference 'MarkdownTextView'.
e: file:///Users/HONGBGU/Documents/seadroid/app/src/main/java/com/seafile/seadroid2/ui/docs_comment/DocsCommentAdapter.kt:123:18 Unresolved reference 'setPadding'.
e: file:///Users/HONGBGU/Documents/seadroid/app/src/main/java/com/seafile/seadroid2/ui/docs_comment/DocsCommentAdapter.kt:124:13 Unresolved reference 'DP'.
e: file:///Users/HONGBGU/Documents/seadroid/app/src/main/java/com/seafile/seadroid2/ui/docs_comment/DocsCommentAdapter.kt:125:13 Unresolved reference 'DP'.
e: file:///Users/HONGBGU/Documents/seadroid/app/src/main/java/com/seafile/seadroid2/ui/docs_comment/DocsCommentAdapter.kt:126:13 Unresolved reference 'DP'.
e: file:///Users/HONGBGU/Documents/seadroid/app/src/main/java/com/seafile/seadroid2/ui/docs_comment/DocsCommentAdapter.kt:127:13 Unresolved reference 'DP'.
e: file:///Users/HONGBGU/Documents/seadroid/app/src/main/java/com/seafile/seadroid2/ui/docs_comment/DocsCommentAdapter.kt:131:33 Unresolved reference 'parse'.
e: file:///Users/HONGBGU/Documents/seadroid/app/src/main/java/com/seafile/seadroid2/ui/docs_comment/DocsCommentAdapter.kt:134:13 Unresolved reference 'Logs'.
e: file:///Users/HONGBGU/Documents/seadroid/app/src/main/java/com/seafile/seadroid2/ui/docs_comment/DocsCommentAdapter.kt:136:18 Unresolved reference 'setText'.
e: file:///Users/HONGBGU/Documents/seadroid/app/src/main/java/com/seafile/seadroid2/ui/docs_comment/DocsCommentAdapter.kt:138:18 Unresolved reference 'setMovementMethod'.
e: file:///Users/HONGBGU/Documents/seadroid/app/src/main/java/com/seafile/seadroid2/ui/docs_comment/DocsCommentAdapter.kt:138:36 Unresolved reference 'LinkMovementMethod'.
e: file:///Users/HONGBGU/Documents/seadroid/app/src/main/java/com/seafile/seadroid2/ui/docs_comment/DocsCommentAdapter.kt:139:18 Unresolved reference 'setId'.
e: file:///Users/HONGBGU/Documents/seadroid/app/src/main/java/com/seafile/seadroid2/ui/docs_comment/DocsCommentAdapter.kt:139:24 Unresolved reference 'R'.
e: file:///Users/HONGBGU/Documents/seadroid/app/src/main/java/com/seafile/seadroid2/ui/docs_comment/DocsCommentAdapter.kt:140:18 Unresolved reference 'setTextSize'.
e: file:///Users/HONGBGU/Documents/seadroid/app/src/main/java/com/seafile/seadroid2/ui/docs_comment/DocsCommentAdapter.kt:141:18 Unresolved reference 'setTextColor'.
e: file:///Users/HONGBGU/Documents/seadroid/app/src/main/java/com/seafile/seadroid2/ui/docs_comment/DocsCommentAdapter.kt:141:31 Unresolved reference 'ContextCompat'.
e: file:///Users/HONGBGU/Documents/seadroid/app/src/main/java/com/seafile/seadroid2/ui/docs_comment/DocsCommentAdapter.kt:141:63 Unresolved reference 'R'.
e: file:///Users/HONGBGU/Documents/seadroid/app/src/main/java/com/seafile/seadroid2/ui/docs_comment/DocsCommentAdapter.kt:143:16 Unresolved reference 'FlexboxLayout'.
e: file:///Users/HONGBGU/Documents/seadroid/app/src/main/java/com/seafile/seadroid2/ui/docs_comment/DocsCommentAdapter.kt:143:45 Unresolved reference 'FlexboxLayout'.
e: file:///Users/HONGBGU/Documents/seadroid/app/src/main/java/com/seafile/seadroid2/ui/docs_comment/DocsCommentAdapter.kt:144:16 Unresolved reference 'addView'.
e: file:///Users/HONGBGU/Documents/seadroid/app/src/main/java/com/seafile/seadroid2/ui/docs_comment/DocsCommentAdapter.kt:147:38 Unresolved reference 'DocsCommentModel'.
e: file:///Users/HONGBGU/Documents/seadroid/app/src/main/java/com/seafile/seadroid2/ui/docs_comment/DocsCommentAdapter.kt:166:31 Unresolved reference 'DocsCommentModel'.
e: file:///Users/HONGBGU/Documents/seadroid/app/src/main/java/com/seafile/seadroid2/ui/docs_comment/DocsCommentAdapter.kt:167:31 Unresolved reference 'DocsCommentModel'.
e: file:///Users/HONGBGU/Documents/seadroid/app/src/main/java/com/seafile/seadroid2/ui/docs_comment/DocsCommentAdapter.kt:168:33 Unresolved reference 'id'.
e: file:///Users/HONGBGU/Documents/seadroid/app/src/main/java/com/seafile/seadroid2/ui/docs_comment/DocsCommentAdapter.kt:168:44 Unresolved reference 'id'.
e: file:///Users/HONGBGU/Documents/seadroid/app/src/main/java/com/seafile/seadroid2/ui/docs_comment/DocsCommentAdapter.kt:175:31 Unresolved reference 'DocsCommentModel'.
e: file:///Users/HONGBGU/Documents/seadroid/app/src/main/java/com/seafile/seadroid2/ui/docs_comment/DocsCommentAdapter.kt:176:31 Unresolved reference 'DocsCommentModel'.
e: file:///Users/HONGBGU/Documents/seadroid/app/src/main/java/com/seafile/seadroid2/ui/docs_comment/DocsCommentAdapter.kt:178:33 Unresolved reference 'id'.
e: file:///Users/HONGBGU/Documents/seadroid/app/src/main/java/com/seafile/seadroid2/ui/docs_comment/DocsCommentAdapter.kt:178:44 Unresolved reference 'id'.
e: file:///Users/HONGBGU/Documents/seadroid/app/src/main/java/com/seafile/seadroid2/ui/docs_comment/DocsCommentAdapter.kt:178:55 Unresolved reference 'resolved'.
e: file:///Users/HONGBGU/Documents/seadroid/app/src/main/java/com/seafile/seadroid2/ui/docs_comment/DocsCommentAdapter.kt:178:72 Unresolved reference 'resolved'.
e: file:///Users/HONGBGU/Documents/seadroid/app/src/main/java/com/seafile/seadroid2/ui/docs_comment/DocsCommentAdapter.kt:179:37 Unresolved reference 'created_at'.
e: file:///Users/HONGBGU/Documents/seadroid/app/src/main/java/com/seafile/seadroid2/ui/docs_comment/DocsCommentAdapter.kt:179:56 Unresolved reference 'created_at'.
e: file:///Users/HONGBGU/Documents/seadroid/app/src/main/java/com/seafile/seadroid2/ui/docs_comment/DocsCommentAdapter.kt:180:37 Unresolved reference 'updated_at'.
e: file:///Users/HONGBGU/Documents/seadroid/app/src/main/java/com/seafile/seadroid2/ui/docs_comment/DocsCommentAdapter.kt:180:56 Unresolved reference 'updated_at'.
e: file:///Users/HONGBGU/Documents/seadroid/app/src/main/java/com/seafile/seadroid2/ui/docs_comment/DocsCommentAdapter.kt:181:32 Unresolved reference 'TextUtils'.
e: file:///Users/HONGBGU/Documents/seadroid/app/src/main/java/com/seafile/seadroid2/ui/docs_comment/DocsCommentAdapter.kt:181:54 Unresolved reference 'avatar_url'.
e: file:///Users/HONGBGU/Documents/seadroid/app/src/main/java/com/seafile/seadroid2/ui/docs_comment/DocsCommentAdapter.kt:181:71 Unresolved reference 'avatar_url'.
e: file:///Users/HONGBGU/Documents/seadroid/app/src/main/java/com/seafile/seadroid2/ui/docs_comment/DocsCommentAdapter.kt:182:32 Unresolved reference 'TextUtils'.
e: file:///Users/HONGBGU/Documents/seadroid/app/src/main/java/com/seafile/seadroid2/ui/docs_comment/DocsCommentAdapter.kt:182:54 Unresolved reference 'user_contact_email'.
e: file:///Users/HONGBGU/Documents/seadroid/app/src/main/java/com/seafile/seadroid2/ui/docs_comment/DocsCommentAdapter.kt:182:79 Unresolved reference 'user_contact_email'.
e: file:///Users/HONGBGU/Documents/seadroid/app/src/main/java/com/seafile/seadroid2/ui/docs_comment/DocsCommentAdapter.kt:183:32 Unresolved reference 'TextUtils'.
e: file:///Users/HONGBGU/Documents/seadroid/app/src/main/java/com/seafile/seadroid2/ui/docs_comment/DocsCommentAdapter.kt:183:54 Unresolved reference 'user_email'.
e: file:///Users/HONGBGU/Documents/seadroid/app/src/main/java/com/seafile/seadroid2/ui/docs_comment/DocsCommentAdapter.kt:183:71 Unresolved reference 'user_email'.
e: file:///Users/HONGBGU/Documents/seadroid/app/src/main/java/com/seafile/seadroid2/ui/docs_comment/DocsCommentAdapter.kt:184:32 Unresolved reference 'TextUtils'.
e: file:///Users/HONGBGU/Documents/seadroid/app/src/main/java/com/seafile/seadroid2/ui/docs_comment/DocsCommentAdapter.kt:184:54 Unresolved reference 'user_name'.
e: file:///Users/HONGBGU/Documents/seadroid/app/src/main/java/com/seafile/seadroid2/ui/docs_comment/DocsCommentAdapter.kt:184:70 Unresolved reference 'user_name'.
e: file:///Users/HONGBGU/Documents/seadroid/app/src/main/java/com/seafile/seadroid2/ui/docs_comment/DocsCommentAdapter.kt:185:32 Unresolved reference 'TextUtils'.
e: file:///Users/HONGBGU/Documents/seadroid/app/src/main/java/com/seafile/seadroid2/ui/docs_comment/DocsCommentAdapter.kt:185:54 Unresolved reference 'comment'.
e: file:///Users/HONGBGU/Documents/seadroid/app/src/main/java/com/seafile/seadroid2/ui/docs_comment/DocsCommentAdapter.kt:185:68 Unresolved reference 'comment'.
e: file:///Users/HONGBGU/Documents/seadroid/app/src/main/java/com/seafile/seadroid2/ui/docs_comment/DocsCommentAdapter.kt:186:32 Unresolved reference 'TextUtils'.
e: file:///Users/HONGBGU/Documents/seadroid/app/src/main/java/com/seafile/seadroid2/ui/docs_comment/DocsCommentAdapter.kt:186:54 Unresolved reference 'parent_path'.
e: file:///Users/HONGBGU/Documents/seadroid/app/src/main/java/com/seafile/seadroid2/ui/docs_comment/DocsCommentAdapter.kt:186:72 Unresolved reference 'parent_path'.
e: file:///Users/HONGBGU/Documents/seadroid/app/src/main/java/com/seafile/seadroid2/ui/docs_comment/DocsCommentAdapter.kt:187:32 Unresolved reference 'TextUtils'.
e: file:///Users/HONGBGU/Documents/seadroid/app/src/main/java/com/seafile/seadroid2/ui/docs_comment/DocsCommentAdapter.kt:187:54 Unresolved reference 'item_name'.
e: file:///Users/HONGBGU/Documents/seadroid/app/src/main/java/com/seafile/seadroid2/ui/docs_comment/DocsCommentAdapter.kt:187:70 Unresolved reference 'item_name'.
e: file:///Users/HONGBGU/Documents/seadroid/app/src/main/java/com/seafile/seadroid2/ui/docs_comment/DocsCommentAdapter.kt:191:21 Assignment type mismatch: actual type is 'kotlin.collections.MutableList<ERROR CLASS: Symbol not found for DocsCommentModel>?', but 'kotlin.collections.List<ERROR CLASS: Symbol not found for DocsCommentModel>' was expected.
e: file:///Users/HONGBGU/Documents/seadroid/app/src/main/java/com/seafile/seadroid2/ui/docs_comment/DocsCommentAdapter.kt:197:33 Unresolved reference 'ScreenUtils'.
e: file:///Users/HONGBGU/Documents/seadroid/app/src/main/java/com/seafile/seadroid2/ui/docs_comment/DocsCommentAdapter.kt:198:26 Unresolved reference 'SizeUtils'.
e: file:///Users/HONGBGU/Documents/seadroid/app/src/main/java/com/seafile/seadroid2/ui/docs_comment/DocsCommentUserAdapter.kt:17:1 Class 'DocsCommentUserAdapter' is not abstract and does not implement abstract base class member 'onBindViewHolder'.
e: file:///Users/HONGBGU/Documents/seadroid/app/src/main/java/com/seafile/seadroid2/ui/docs_comment/DocsCommentUserAdapter.kt:18:5 'onBindViewHolder' overrides nothing.
e: file:///Users/HONGBGU/Documents/seadroid/app/src/main/java/com/seafile/seadroid2/ui/docs_comment/DocsCommentUserAdapter.kt:20:38 Only safe (?.) or non-null asserted (!!.) calls are allowed on a nullable receiver of type 'com.seafile.seadroid2.databinding.ItemUserAvatarBinding?'.
e: file:///Users/HONGBGU/Documents/seadroid/app/src/main/java/com/seafile/seadroid2/ui/docs_comment/DocsCommentUserAdapter.kt:25:38 Only safe (?.) or non-null asserted (!!.) calls are allowed on a nullable receiver of type 'com.seafile.seadroid2.databinding.ItemUserAvatarBinding?'.
e: file:///Users/HONGBGU/Documents/seadroid/app/src/main/java/com/seafile/seadroid2/ui/docs_comment/DocsCommentUserAdapter.kt:27:37 Only safe (?.) or non-null asserted (!!.) calls are allowed on a nullable receiver of type 'com.seafile.seadroid2.databinding.ItemUserAvatarBinding?'.
e: file:///Users/HONGBGU/Documents/seadroid/app/src/main/java/com/seafile/seadroid2/ui/docs_comment/DocsCommentUserAdapter.kt:30:38 Only safe (?.) or non-null asserted (!!.) calls are allowed on a nullable receiver of type 'com.seafile.seadroid2.databinding.ItemUserAvatarBinding?'.
e: file:///Users/HONGBGU/Documents/seadroid/app/src/main/java/com/seafile/seadroid2/ui/docs_comment/DocsCommentUserAdapter.kt:32:37 Only safe (?.) or non-null asserted (!!.) calls are allowed on a nullable receiver of type 'com.seafile.seadroid2.databinding.ItemUserAvatarBinding?'.
e: file:///Users/HONGBGU/Documents/seadroid/app/src/main/java/com/seafile/seadroid2/ui/docs_comment/DocsCommentViewModel.kt:53:30 None of the following candidates is applicable:
@SinceKotlin(...) @InlineOnly() fun <V> KMutableProperty0<V>.setValue(thisRef: Any?, property: KProperty<*>, value: V): Unit
@SinceKotlin(...) @InlineOnly() fun <T, V> KMutableProperty1<T, V>.setValue(thisRef: T, property: KProperty<*>, value: V): Unit
@InlineOnly() fun <V> MutableMap<in String, in V>.setValue(thisRef: Any?, property: KProperty<*>, value: V): Unit
e: file:///Users/HONGBGU/Documents/seadroid/app/src/main/java/com/seafile/seadroid2/ui/docs_comment/DocsCommentViewModel.kt:57:13 'val' cannot be reassigned.
e: file:///Users/HONGBGU/Documents/seadroid/app/src/main/java/com/seafile/seadroid2/ui/docs_comment/DocsCommentViewModel.kt:60:81 Only safe (?.) or non-null asserted (!!.) calls are allowed on a nullable receiver of type 'com.seafile.seadroid2.account.SupportAccountManager?'.
e: file:///Users/HONGBGU/Documents/seadroid/app/src/main/java/com/seafile/seadroid2/ui/docs_comment/DocsCommentViewModel.kt:66:13 Initializer type mismatch: expected 'io.reactivex.Single<com.seafile.seadroid2.framework.model.docs_comment.DocsCommentsWrapperModel?>', actual 'io.reactivex.Single<com.seafile.seadroid2.framework.model.docs_comment.DocsCommentsWrapperModel?>?'.
e: file:///Users/HONGBGU/Documents/seadroid/app/src/main/java/com/seafile/seadroid2/ui/docs_comment/DocsCommentViewModel.kt:67:17 Only safe (?.) or non-null asserted (!!.) calls are allowed on a nullable receiver of type 'com.seafile.seadroid2.framework.http.HttpIO?'.
e: file:///Users/HONGBGU/Documents/seadroid/app/src/main/java/com/seafile/seadroid2/ui/docs_comment/DocsCommentViewModel.kt:67:47 Argument type mismatch: actual type is 'java.lang.Class<com.seafile.seadroid2.ui.sdoc.DocsCommentService>', but 'java.lang.Class<T?>' was expected.
e: file:///Users/HONGBGU/Documents/seadroid/app/src/main/java/com/seafile/seadroid2/ui/docs_comment/DocsCommentViewModel.kt:68:17 Only safe (?.) or non-null asserted (!!.) calls are allowed on a nullable receiver of type 'com.seafile.seadroid2.ui.sdoc.DocsCommentService?'.
e: file:///Users/HONGBGU/Documents/seadroid/app/src/main/java/com/seafile/seadroid2/ui/docs_comment/DocsCommentViewModel.kt:69:45 Class '<anonymous>' is not abstract and does not implement abstract member 'accept'.
e: file:///Users/HONGBGU/Documents/seadroid/app/src/main/java/com/seafile/seadroid2/ui/docs_comment/DocsCommentViewModel.kt:71:13 'accept' overrides nothing.
e: file:///Users/HONGBGU/Documents/seadroid/app/src/main/java/com/seafile/seadroid2/ui/docs_comment/DocsCommentViewModel.kt:73:29 Class '<anonymous>' is not abstract and does not implement abstract member 'compare'.
e: file:///Users/HONGBGU/Documents/seadroid/app/src/main/java/com/seafile/seadroid2/ui/docs_comment/DocsCommentViewModel.kt:74:25 'compare' overrides nothing.
e: file:///Users/HONGBGU/Documents/seadroid/app/src/main/java/com/seafile/seadroid2/ui/docs_comment/DocsCommentViewModel.kt:77:47 Class '<anonymous>' is not abstract and does not implement abstract member 'apply'.
e: file:///Users/HONGBGU/Documents/seadroid/app/src/main/java/com/seafile/seadroid2/ui/docs_comment/DocsCommentViewModel.kt:79:25 'apply' overrides nothing.
e: file:///Users/HONGBGU/Documents/seadroid/app/src/main/java/com/seafile/seadroid2/ui/docs_comment/DocsCommentViewModel.kt:82:64 Assignment type mismatch: actual type is 'kotlin.collections.MutableList<com.seafile.seadroid2.view.rich_edittext.RichEditText.RichContentModel?>?', but 'kotlin.collections.MutableList<com.seafile.seadroid2.view.rich_edittext.RichEditText.RichContentModel>?' was expected.
e: file:///Users/HONGBGU/Documents/seadroid/app/src/main/java/com/seafile/seadroid2/ui/docs_comment/DocsCommentViewModel.kt:91:38 None of the following candidates is applicable:
@SinceKotlin(...) @InlineOnly() fun <V> KMutableProperty0<V>.setValue(thisRef: Any?, property: KProperty<*>, value: V): Unit
@SinceKotlin(...) @InlineOnly() fun <T, V> KMutableProperty1<T, V>.setValue(thisRef: T, property: KProperty<*>, value: V): Unit
@InlineOnly() fun <V> MutableMap<in String, in V>.setValue(thisRef: Any?, property: KProperty<*>, value: V): Unit
e: file:///Users/HONGBGU/Documents/seadroid/app/src/main/java/com/seafile/seadroid2/ui/docs_comment/DocsCommentViewModel.kt:97:38 None of the following candidates is applicable:
@SinceKotlin(...) @InlineOnly() fun <V> KMutableProperty0<V>.setValue(thisRef: Any?, property: KProperty<*>, value: V): Unit
@SinceKotlin(...) @InlineOnly() fun <T, V> KMutableProperty1<T, V>.setValue(thisRef: T, property: KProperty<*>, value: V): Unit
@InlineOnly() fun <V> MutableMap<in String, in V>.setValue(thisRef: Any?, property: KProperty<*>, value: V): Unit
e: file:///Users/HONGBGU/Documents/seadroid/app/src/main/java/com/seafile/seadroid2/ui/docs_comment/DocsCommentViewModel.kt:235:30 None of the following candidates is applicable:
@SinceKotlin(...) @InlineOnly() fun <V> KMutableProperty0<V>.setValue(thisRef: Any?, property: KProperty<*>, value: V): Unit
@SinceKotlin(...) @InlineOnly() fun <T, V> KMutableProperty1<T, V>.setValue(thisRef: T, property: KProperty<*>, value: V): Unit
@InlineOnly() fun <V> MutableMap<in String, in V>.setValue(thisRef: Any?, property: KProperty<*>, value: V): Unit
e: file:///Users/HONGBGU/Documents/seadroid/app/src/main/java/com/seafile/seadroid2/ui/docs_comment/DocsCommentViewModel.kt:241:81 Only safe (?.) or non-null asserted (!!.) calls are allowed on a nullable receiver of type 'com.seafile.seadroid2.account.SupportAccountManager?'.
e: file:///Users/HONGBGU/Documents/seadroid/app/src/main/java/com/seafile/seadroid2/ui/docs_comment/DocsCommentViewModel.kt:250:13 Initializer type mismatch: expected 'io.reactivex.Single<com.seafile.seadroid2.framework.model.ResultModel?>', actual 'io.reactivex.Single<com.seafile.seadroid2.framework.model.ResultModel?>?'.
e: file:///Users/HONGBGU/Documents/seadroid/app/src/main/java/com/seafile/seadroid2/ui/docs_comment/DocsCommentViewModel.kt:251:17 Only safe (?.) or non-null asserted (!!.) calls are allowed on a nullable receiver of type 'com.seafile.seadroid2.framework.http.HttpIO?'.
e: file:///Users/HONGBGU/Documents/seadroid/app/src/main/java/com/seafile/seadroid2/ui/docs_comment/DocsCommentViewModel.kt:251:47 Argument type mismatch: actual type is 'java.lang.Class<com.seafile.seadroid2.ui.sdoc.DocsCommentService>', but 'java.lang.Class<T?>' was expected.
e: file:///Users/HONGBGU/Documents/seadroid/app/src/main/java/com/seafile/seadroid2/ui/docs_comment/DocsCommentViewModel.kt:252:17 Only safe (?.) or non-null asserted (!!.) calls are allowed on a nullable receiver of type 'com.seafile.seadroid2.ui.sdoc.DocsCommentService?'.
e: file:///Users/HONGBGU/Documents/seadroid/app/src/main/java/com/seafile/seadroid2/ui/docs_comment/DocsCommentViewModel.kt:256:38 None of the following candidates is applicable:
@SinceKotlin(...) @InlineOnly() fun <V> KMutableProperty0<V>.setValue(thisRef: Any?, property: KProperty<*>, value: V): Unit
@SinceKotlin(...) @InlineOnly() fun <T, V> KMutableProperty1<T, V>.setValue(thisRef: T, property: KProperty<*>, value: V): Unit
@InlineOnly() fun <V> MutableMap<in String, in V>.setValue(thisRef: Any?, property: KProperty<*>, value: V): Unit
e: file:///Users/HONGBGU/Documents/seadroid/app/src/main/java/com/seafile/seadroid2/ui/docs_comment/DocsCommentViewModel.kt:263:38 None of the following candidates is applicable:
@SinceKotlin(...) @InlineOnly() fun <V> KMutableProperty0<V>.setValue(thisRef: Any?, property: KProperty<*>, value: V): Unit
@SinceKotlin(...) @InlineOnly() fun <T, V> KMutableProperty1<T, V>.setValue(thisRef: T, property: KProperty<*>, value: V): Unit
@InlineOnly() fun <V> MutableMap<in String, in V>.setValue(thisRef: Any?, property: KProperty<*>, value: V): Unit
e: file:///Users/HONGBGU/Documents/seadroid/app/src/main/java/com/seafile/seadroid2/ui/docs_comment/DocsCommentViewModel.kt:276:30 None of the following candidates is applicable:
@SinceKotlin(...) @InlineOnly() fun <V> KMutableProperty0<V>.setValue(thisRef: Any?, property: KProperty<*>, value: V): Unit
@SinceKotlin(...) @InlineOnly() fun <T, V> KMutableProperty1<T, V>.setValue(thisRef: T, property: KProperty<*>, value: V): Unit
@InlineOnly() fun <V> MutableMap<in String, in V>.setValue(thisRef: Any?, property: KProperty<*>, value: V): Unit
e: file:///Users/HONGBGU/Documents/seadroid/app/src/main/java/com/seafile/seadroid2/ui/docs_comment/DocsCommentViewModel.kt:282:81 Only safe (?.) or non-null asserted (!!.) calls are allowed on a nullable receiver of type 'com.seafile.seadroid2.account.SupportAccountManager?'.
e: file:///Users/HONGBGU/Documents/seadroid/app/src/main/java/com/seafile/seadroid2/ui/docs_comment/DocsCommentViewModel.kt:288:13 Initializer type mismatch: expected 'io.reactivex.Single<com.seafile.seadroid2.framework.model.ResultModel?>', actual 'io.reactivex.Single<com.seafile.seadroid2.framework.model.ResultModel?>?'.
e: file:///Users/HONGBGU/Documents/seadroid/app/src/main/java/com/seafile/seadroid2/ui/docs_comment/DocsCommentViewModel.kt:289:17 Only safe (?.) or non-null asserted (!!.) calls are allowed on a nullable receiver of type 'com.seafile.seadroid2.framework.http.HttpIO?'.
e: file:///Users/HONGBGU/Documents/seadroid/app/src/main/java/com/seafile/seadroid2/ui/docs_comment/DocsCommentViewModel.kt:289:47 Argument type mismatch: actual type is 'java.lang.Class<com.seafile.seadroid2.ui.sdoc.DocsCommentService>', but 'java.lang.Class<T?>' was expected.
e: file:///Users/HONGBGU/Documents/seadroid/app/src/main/java/com/seafile/seadroid2/ui/docs_comment/DocsCommentViewModel.kt:290:17 Only safe (?.) or non-null asserted (!!.) calls are allowed on a nullable receiver of type 'com.seafile.seadroid2.ui.sdoc.DocsCommentService?'.
e: file:///Users/HONGBGU/Documents/seadroid/app/src/main/java/com/seafile/seadroid2/ui/docs_comment/DocsCommentViewModel.kt:294:38 None of the following candidates is applicable:
@SinceKotlin(...) @InlineOnly() fun <V> KMutableProperty0<V>.setValue(thisRef: Any?, property: KProperty<*>, value: V): Unit
@SinceKotlin(...) @InlineOnly() fun <T, V> KMutableProperty1<T, V>.setValue(thisRef: T, property: KProperty<*>, value: V): Unit
@InlineOnly() fun <V> MutableMap<in String, in V>.setValue(thisRef: Any?, property: KProperty<*>, value: V): Unit
e: file:///Users/HONGBGU/Documents/seadroid/app/src/main/java/com/seafile/seadroid2/ui/docs_comment/DocsCommentViewModel.kt:301:38 None of the following candidates is applicable:
@SinceKotlin(...) @InlineOnly() fun <V> KMutableProperty0<V>.setValue(thisRef: Any?, property: KProperty<*>, value: V): Unit
@SinceKotlin(...) @InlineOnly() fun <T, V> KMutableProperty1<T, V>.setValue(thisRef: T, property: KProperty<*>, value: V): Unit
@InlineOnly() fun <V> MutableMap<in String, in V>.setValue(thisRef: Any?, property: KProperty<*>, value: V): Unit
e: file:///Users/HONGBGU/Documents/seadroid/app/src/main/java/com/seafile/seadroid2/ui/docs_comment/DocsCommentViewModel.kt:324:78 Only safe (?.) or non-null asserted (!!.) calls are allowed on a nullable receiver of type 'com.seafile.seadroid2.account.SupportAccountManager?'.
e: file:///Users/HONGBGU/Documents/seadroid/app/src/main/java/com/seafile/seadroid2/ui/docs_comment/DocsCommentViewModel.kt:327:13 Initializer type mismatch: expected 'io.reactivex.Flowable<com.seafile.seadroid2.framework.model.docs_comment.DocsUploadResultModel?>', actual 'io.reactivex.Flowable<com.seafile.seadroid2.framework.model.docs_comment.DocsUploadResultModel?>?'.
e: file:///Users/HONGBGU/Documents/seadroid/app/src/main/java/com/seafile/seadroid2/ui/docs_comment/DocsCommentViewModel.kt:328:17 Only safe (?.) or non-null asserted (!!.) calls are allowed on a nullable receiver of type 'com.seafile.seadroid2.framework.http.HttpIO?'.
e: file:///Users/HONGBGU/Documents/seadroid/app/src/main/java/com/seafile/seadroid2/ui/docs_comment/DocsCommentViewModel.kt:328:47 Argument type mismatch: actual type is 'java.lang.Class<com.seafile.seadroid2.ui.sdoc.DocsCommentService>', but 'java.lang.Class<T?>' was expected.
e: file:///Users/HONGBGU/Documents/seadroid/app/src/main/java/com/seafile/seadroid2/ui/docs_comment/DocsCommentViewModel.kt:329:17 Only safe (?.) or non-null asserted (!!.) calls are allowed on a nullable receiver of type 'com.seafile.seadroid2.ui.sdoc.DocsCommentService?'.
e: file:///Users/HONGBGU/Documents/seadroid/app/src/main/java/com/seafile/seadroid2/ui/docs_comment/DocsCommentViewModel.kt:331:44 Class '<anonymous>' is not abstract and does not implement abstract member 'accept'.
e: file:///Users/HONGBGU/Documents/seadroid/app/src/main/java/com/seafile/seadroid2/ui/docs_comment/DocsCommentViewModel.kt:333:13 'accept' overrides nothing.
e: file:///Users/HONGBGU/Documents/seadroid/app/src/main/java/com/seafile/seadroid2/ui/docs_comment/DocsCommentViewModel.kt:336:78 Only safe (?.) or non-null asserted (!!.) calls are allowed on a nullable receiver of type 'com.seafile.seadroid2.framework.http.HttpIO?'.
e: file:///Users/HONGBGU/Documents/seadroid/app/src/main/java/com/seafile/seadroid2/ui/docs_comment/DocsCommentViewModel.kt:362:30 None of the following candidates is applicable:
@SinceKotlin(...) @InlineOnly() fun <V> KMutableProperty0<V>.setValue(thisRef: Any?, property: KProperty<*>, value: V): Unit
@SinceKotlin(...) @InlineOnly() fun <T, V> KMutableProperty1<T, V>.setValue(thisRef: T, property: KProperty<*>, value: V): Unit
@InlineOnly() fun <V> MutableMap<in String, in V>.setValue(thisRef: Any?, property: KProperty<*>, value: V): Unit
e: file:///Users/HONGBGU/Documents/seadroid/app/src/main/java/com/seafile/seadroid2/ui/docs_comment/DocsCommentViewModel.kt:365:34 None of the following candidates is applicable:
@SinceKotlin(...) @InlineOnly() fun <V> KMutableProperty0<V>.setValue(thisRef: Any?, property: KProperty<*>, value: V): Unit
@SinceKotlin(...) @InlineOnly() fun <T, V> KMutableProperty1<T, V>.setValue(thisRef: T, property: KProperty<*>, value: V): Unit
@InlineOnly() fun <V> MutableMap<in String, in V>.setValue(thisRef: Any?, property: KProperty<*>, value: V): Unit
e: file:///Users/HONGBGU/Documents/seadroid/app/src/main/java/com/seafile/seadroid2/ui/docs_comment/DocsCommentViewModel.kt:366:40 None of the following candidates is applicable:
@SinceKotlin(...) @InlineOnly() fun <V> KMutableProperty0<V>.setValue(thisRef: Any?, property: KProperty<*>, value: V): Unit
@SinceKotlin(...) @InlineOnly() fun <T, V> KMutableProperty1<T, V>.setValue(thisRef: T, property: KProperty<*>, value: V): Unit
@InlineOnly() fun <V> MutableMap<in String, in V>.setValue(thisRef: Any?, property: KProperty<*>, value: V): Unit
e: file:///Users/HONGBGU/Documents/seadroid/app/src/main/java/com/seafile/seadroid2/ui/docs_comment/DocsCommentViewModel.kt:371:13 'val' cannot be reassigned.
e: file:///Users/HONGBGU/Documents/seadroid/app/src/main/java/com/seafile/seadroid2/ui/docs_comment/DocsCommentViewModel.kt:374:81 Only safe (?.) or non-null asserted (!!.) calls are allowed on a nullable receiver of type 'com.seafile.seadroid2.account.SupportAccountManager?'.
e: file:///Users/HONGBGU/Documents/seadroid/app/src/main/java/com/seafile/seadroid2/ui/docs_comment/DocsCommentViewModel.kt:391:13 Initializer type mismatch: expected 'io.reactivex.Single<com.seafile.seadroid2.framework.model.docs_comment.DocsCommentWrapperModel?>', actual 'io.reactivex.Single<com.seafile.seadroid2.framework.model.docs_comment.DocsCommentWrapperModel?>?'.
e: file:///Users/HONGBGU/Documents/seadroid/app/src/main/java/com/seafile/seadroid2/ui/docs_comment/DocsCommentViewModel.kt:392:17 Only safe (?.) or non-null asserted (!!.) calls are allowed on a nullable receiver of type 'com.seafile.seadroid2.framework.http.HttpIO?'.
e: file:///Users/HONGBGU/Documents/seadroid/app/src/main/java/com/seafile/seadroid2/ui/docs_comment/DocsCommentViewModel.kt:392:47 Argument type mismatch: actual type is 'java.lang.Class<com.seafile.seadroid2.ui.sdoc.DocsCommentService>', but 'java.lang.Class<T?>' was expected.
e: file:///Users/HONGBGU/Documents/seadroid/app/src/main/java/com/seafile/seadroid2/ui/docs_comment/DocsCommentViewModel.kt:393:17 Only safe (?.) or non-null asserted (!!.) calls are allowed on a nullable receiver of type 'com.seafile.seadroid2.ui.sdoc.DocsCommentService?'.
e: file:///Users/HONGBGU/Documents/seadroid/app/src/main/java/com/seafile/seadroid2/ui/docs_comment/DocsCommentViewModel.kt:397:38 None of the following candidates is applicable:
@SinceKotlin(...) @InlineOnly() fun <V> KMutableProperty0<V>.setValue(thisRef: Any?, property: KProperty<*>, value: V): Unit
@SinceKotlin(...) @InlineOnly() fun <T, V> KMutableProperty1<T, V>.setValue(thisRef: T, property: KProperty<*>, value: V): Unit
@InlineOnly() fun <V> MutableMap<in String, in V>.setValue(thisRef: Any?, property: KProperty<*>, value: V): Unit
e: file:///Users/HONGBGU/Documents/seadroid/app/src/main/java/com/seafile/seadroid2/ui/docs_comment/DocsCommentViewModel.kt:403:38 None of the following candidates is applicable:
@SinceKotlin(...) @InlineOnly() fun <V> KMutableProperty0<V>.setValue(thisRef: Any?, property: KProperty<*>, value: V): Unit
@SinceKotlin(...) @InlineOnly() fun <T, V> KMutableProperty1<T, V>.setValue(thisRef: T, property: KProperty<*>, value: V): Unit
@InlineOnly() fun <V> MutableMap<in String, in V>.setValue(thisRef: Any?, property: KProperty<*>, value: V): Unit
e: file:///Users/HONGBGU/Documents/seadroid/app/src/main/java/com/seafile/seadroid2/ui/docs_comment/DocsCommentViewModel.kt:404:44 None of the following candidates is applicable:
@SinceKotlin(...) @InlineOnly() fun <V> KMutableProperty0<V>.setValue(thisRef: Any?, property: KProperty<*>, value: V): Unit
@SinceKotlin(...) @InlineOnly() fun <T, V> KMutableProperty1<T, V>.setValue(thisRef: T, property: KProperty<*>, value: V): Unit
@InlineOnly() fun <V> MutableMap<in String, in V>.setValue(thisRef: Any?, property: KProperty<*>, value: V): Unit
e: file:///Users/HONGBGU/Documents/seadroid/app/src/main/java/com/seafile/seadroid2/ui/docs_comment/DocsCommentsActivity.kt:36:61 Cannot import 'equals'. Functions and properties can only be imported from packages or objects.
e: file:///Users/HONGBGU/Documents/seadroid/app/src/main/java/com/seafile/seadroid2/ui/docs_comment/DocsCommentsActivity.kt:40:65 Cannot import 'equals'. Functions and properties can only be imported from packages or objects.
e: file:///Users/HONGBGU/Documents/seadroid/app/src/main/java/com/seafile/seadroid2/ui/docs_comment/DocsCommentsActivity.kt:148:17 Class '<anonymous>' is not abstract and does not implement abstract base class member 'onProgress'.
e: file:///Users/HONGBGU/Documents/seadroid/app/src/main/java/com/seafile/seadroid2/ui/docs_comment/DocsCommentsActivity.kt:159:21 'onProgress' overrides nothing.
e: file:///Users/HONGBGU/Documents/seadroid/app/src/main/java/com/seafile/seadroid2/ui/docs_comment/DocsCommentsActivity.kt:161:44 One type argument expected for interface 'MutableList'.
e: file:///Users/HONGBGU/Documents/seadroid/app/src/main/java/com/seafile/seadroid2/ui/docs_comment/DocsCommentsActivity.kt:203:47 Unresolved reference 'observe'.
e: file:///Users/HONGBGU/Documents/seadroid/app/src/main/java/com/seafile/seadroid2/ui/docs_comment/DocsCommentsActivity.kt:203:61 Class '<anonymous>' is not abstract and does not implement abstract member 'onChanged'.
e: file:///Users/HONGBGU/Documents/seadroid/app/src/main/java/com/seafile/seadroid2/ui/docs_comment/DocsCommentsActivity.kt:204:13 'onChanged' overrides nothing.
e: file:///Users/HONGBGU/Documents/seadroid/app/src/main/java/com/seafile/seadroid2/ui/docs_comment/DocsCommentsActivity.kt:219:14 Unresolved reference 'observe'.
e: file:///Users/HONGBGU/Documents/seadroid/app/src/main/java/com/seafile/seadroid2/ui/docs_comment/DocsCommentsActivity.kt:219:28 Class '<anonymous>' is not abstract and does not implement abstract member 'onChanged'.
e: file:///Users/HONGBGU/Documents/seadroid/app/src/main/java/com/seafile/seadroid2/ui/docs_comment/DocsCommentsActivity.kt:220:17 'onChanged' overrides nothing.
e: file:///Users/HONGBGU/Documents/seadroid/app/src/main/java/com/seafile/seadroid2/ui/docs_comment/DocsCommentsActivity.kt:232:28 Class '<anonymous>' is not abstract and does not implement abstract member 'onChanged'.
e: file:///Users/HONGBGU/Documents/seadroid/app/src/main/java/com/seafile/seadroid2/ui/docs_comment/DocsCommentsActivity.kt:233:17 'onChanged' overrides nothing.
e: file:///Users/HONGBGU/Documents/seadroid/app/src/main/java/com/seafile/seadroid2/ui/docs_comment/DocsCommentsActivity.kt:276:47 Type argument is not within its bounds: should be subtype of 'kotlin.Any'.
e: file:///Users/HONGBGU/Documents/seadroid/app/src/main/java/com/seafile/seadroid2/ui/docs_comment/DocsCommentsActivity.kt:278:56 Type argument is not within its bounds: should be subtype of 'kotlin.Any'.
e: file:///Users/HONGBGU/Documents/seadroid/app/src/main/java/com/seafile/seadroid2/ui/docs_comment/DocsCommentsActivity.kt:300:25 Argument type mismatch: actual type is 'kotlin.String?', but 'kotlin.String' was expected.
e: file:///Users/HONGBGU/Documents/seadroid/app/src/main/java/com/seafile/seadroid2/ui/docs_comment/DocsCommentsActivity.kt:303:31 Unresolved reference 'id'.
e: file:///Users/HONGBGU/Documents/seadroid/app/src/main/java/com/seafile/seadroid2/ui/docs_comment/DocsCommentsActivity.kt:307:39 Unresolved reference 'resolved'.
e: file:///Users/HONGBGU/Documents/seadroid/app/src/main/java/com/seafile/seadroid2/ui/docs_comment/DocsCommentsActivity.kt:312:54 Unresolved reference 'id'.
e: file:///Users/HONGBGU/Documents/seadroid/app/src/main/java/com/seafile/seadroid2/ui/docs_comment/DocsCommentsActivity.kt:326:21 Argument type mismatch: actual type is 'kotlin.String?', but 'kotlin.String' was expected.
e: file:///Users/HONGBGU/Documents/seadroid/app/src/main/java/com/seafile/seadroid2/ui/docs_comment/DocsCommentsActivity.kt:348:42 Argument type mismatch: actual type is 'com.seafile.seadroid2.framework.model.sdoc.SDocPageOptionsModel?', but 'com.seafile.seadroid2.framework.model.sdoc.SDocPageOptionsModel' was expected.
e: file:///Users/HONGBGU/Documents/seadroid/app/src/main/java/com/seafile/seadroid2/ui/docs_comment/DocsCommentsActivity.kt:411:38 Argument type mismatch: actual type is 'com.seafile.seadroid2.framework.model.sdoc.SDocPageOptionsModel?', but 'com.seafile.seadroid2.framework.model.sdoc.SDocPageOptionsModel' was expected.
e: file:///Users/HONGBGU/Documents/seadroid/app/src/main/java/com/seafile/seadroid2/ui/editor/EditorActivity.kt:57:56 Unresolved reference 'compareTo'.
e: file:///Users/HONGBGU/Documents/seadroid/app/src/main/java/com/seafile/seadroid2/ui/editor/EditorActivity.kt:57:57 Unresolved reference 'ViewfindViewById'.
e: file:///Users/HONGBGU/Documents/seadroid/app/src/main/java/com/seafile/seadroid2/ui/editor/EditorActivity.kt:90:16 Only safe (?.) or non-null asserted (!!.) calls are allowed on a nullable receiver of type 'androidx.appcompat.widget.Toolbar?'.
e: file:///Users/HONGBGU/Documents/seadroid/app/src/main/java/com/seafile/seadroid2/ui/editor/EditorActivity.kt:106:37 Assignment type mismatch: actual type is 'kotlin.Unit', but 'com.yydcdut.markdown.MarkdownEditText?' was expected.
e: file:///Users/HONGBGU/Documents/seadroid/app/src/main/java/com/seafile/seadroid2/ui/editor/EditorActivity.kt:107:14 Unresolved reference 'compareTo'.
e: file:///Users/HONGBGU/Documents/seadroid/app/src/main/java/com/seafile/seadroid2/ui/editor/EditorActivity.kt:107:15 Unresolved reference 'MarkdownEditTextfindViewById'.
e: file:///Users/HONGBGU/Documents/seadroid/app/src/main/java/com/seafile/seadroid2/ui/editor/EditorActivity.kt:108:19 Cannot infer type for this parameter. Please specify it explicitly.
e: file:///Users/HONGBGU/Documents/seadroid/app/src/main/java/com/seafile/seadroid2/ui/editor/EditorActivity.kt:110:15 Unresolved reference 'HorizontalEditScrollViewfindViewById'.
e: file:///Users/HONGBGU/Documents/seadroid/app/src/main/java/com/seafile/seadroid2/ui/editor/EditorActivity.kt:114:47 Unresolved reference 'observe'.
e: file:///Users/HONGBGU/Documents/seadroid/app/src/main/java/com/seafile/seadroid2/ui/editor/EditorActivity.kt:114:61 Class '<anonymous>' is not abstract and does not implement abstract member 'onChanged'.
e: file:///Users/HONGBGU/Documents/seadroid/app/src/main/java/com/seafile/seadroid2/ui/editor/EditorActivity.kt:115:13 'onChanged' overrides nothing.
e: file:///Users/HONGBGU/Documents/seadroid/app/src/main/java/com/seafile/seadroid2/ui/editor/EditorActivity.kt:125:14 Unresolved reference 'observe'.
e: file:///Users/HONGBGU/Documents/seadroid/app/src/main/java/com/seafile/seadroid2/ui/editor/EditorActivity.kt:202:30 Only safe (?.) or non-null asserted (!!.) calls are allowed on a nullable receiver of type 'androidx.appcompat.widget.Toolbar?'.
e: file:///Users/HONGBGU/Documents/seadroid/app/src/main/java/com/seafile/seadroid2/ui/editor/EditorViewModel.kt:37:38 Argument type mismatch: actual type is 'io.reactivex.functions.Consumer<kotlin.String?>?', but 'io.reactivex.functions.Consumer<T?>' was expected.
e: file:///Users/HONGBGU/Documents/seadroid/app/src/main/java/com/seafile/seadroid2/ui/editor/EditorViewModel.kt:50:30 None of the following candidates is applicable:
@SinceKotlin(...) @InlineOnly() fun <V> KMutableProperty0<V>.setValue(thisRef: Any?, property: KProperty<*>, value: V): Unit
@SinceKotlin(...) @InlineOnly() fun <T, V> KMutableProperty1<T, V>.setValue(thisRef: T, property: KProperty<*>, value: V): Unit
@InlineOnly() fun <V> MutableMap<in String, in V>.setValue(thisRef: Any?, property: KProperty<*>, value: V): Unit
e: file:///Users/HONGBGU/Documents/seadroid/app/src/main/java/com/seafile/seadroid2/ui/editor/EditorViewModel.kt:57:38 None of the following candidates is applicable:
@SinceKotlin(...) @InlineOnly() fun <V> KMutableProperty0<V>.setValue(thisRef: Any?, property: KProperty<*>, value: V): Unit
@SinceKotlin(...) @InlineOnly() fun <T, V> KMutableProperty1<T, V>.setValue(thisRef: T, property: KProperty<*>, value: V): Unit
@InlineOnly() fun <V> MutableMap<in String, in V>.setValue(thisRef: Any?, property: KProperty<*>, value: V): Unit
e: file:///Users/HONGBGU/Documents/seadroid/app/src/main/java/com/seafile/seadroid2/ui/editor/Utils.kt:52:13 Argument type mismatch: actual type is 'java.lang.Class<android.text.style.AlignmentSpan.Standard>', but 'java.lang.Class<T?>?' was expected.
e: file:///Users/HONGBGU/Documents/seadroid/app/src/main/java/com/seafile/seadroid2/ui/editor/controller/HeaderController.kt:28:17 Argument type mismatch: actual type is 'java.lang.Class<android.text.style.RelativeSizeSpan>', but 'java.lang.Class<T?>?' was expected.
e: file:///Users/HONGBGU/Documents/seadroid/app/src/main/java/com/seafile/seadroid2/ui/editor/controller/HorizontalRulesController.kt:27:13 Argument type mismatch: actual type is 'java.lang.Class<com.yydcdut.markdown.span.MDHorizontalRulesSpan>', but 'java.lang.Class<T?>?' was expected.
e: file:///Users/HONGBGU/Documents/seadroid/app/src/main/java/com/seafile/seadroid2/ui/editor/controller/ListController.kt:19:17 Argument type mismatch: actual type is 'java.lang.Class<com.yydcdut.markdown.span.MDUnOrderListSpan>', but 'java.lang.Class<T?>?' was expected.
e: file:///Users/HONGBGU/Documents/seadroid/app/src/main/java/com/seafile/seadroid2/ui/editor/controller/ListController.kt:50:17 Argument type mismatch: actual type is 'java.lang.Class<com.yydcdut.markdown.span.MDUnOrderListSpan>', but 'java.lang.Class<T?>?' was expected.
e: file:///Users/HONGBGU/Documents/seadroid/app/src/main/java/com/seafile/seadroid2/ui/editor/controller/ListController.kt:75:17 Argument type mismatch: actual type is 'java.lang.Class<com.yydcdut.markdown.span.MDOrderListSpan>', but 'java.lang.Class<T?>?' was expected.
e: file:///Users/HONGBGU/Documents/seadroid/app/src/main/java/com/seafile/seadroid2/ui/editor/controller/ListController.kt:93:21 Argument type mismatch: actual type is 'java.lang.Class<com.yydcdut.markdown.span.MDOrderListSpan>', but 'java.lang.Class<T?>?' was expected.
e: file:///Users/HONGBGU/Documents/seadroid/app/src/main/java/com/seafile/seadroid2/ui/editor/controller/ListController.kt:123:17 Argument type mismatch: actual type is 'java.lang.Class<com.yydcdut.markdown.span.MDOrderListSpan>', but 'java.lang.Class<T?>?' was expected.
e: file:///Users/HONGBGU/Documents/seadroid/app/src/main/java/com/seafile/seadroid2/ui/editor/controller/ListController.kt:144:21 Argument type mismatch: actual type is 'java.lang.Class<com.yydcdut.markdown.span.MDOrderListSpan>', but 'java.lang.Class<T?>?' was expected.
e: file:///Users/HONGBGU/Documents/seadroid/app/src/main/java/com/seafile/seadroid2/ui/editor/widget/HorizontalEditScrollView.kt:61:9 Not enough information to infer type argument for 'T'.
e: file:///Users/HONGBGU/Documents/seadroid/app/src/main/java/com/seafile/seadroid2/ui/editor/widget/HorizontalEditScrollView.kt:61:41 Unresolved reference 'setOnClickListener'.
e: file:///Users/HONGBGU/Documents/seadroid/app/src/main/java/com/seafile/seadroid2/ui/editor/widget/HorizontalEditScrollView.kt:64:9 Not enough information to infer type argument for 'T'.
e: file:///Users/HONGBGU/Documents/seadroid/app/src/main/java/com/seafile/seadroid2/ui/editor/widget/HorizontalEditScrollView.kt:64:38 Unresolved reference 'setOnClickListener'.
e: file:///Users/HONGBGU/Documents/seadroid/app/src/main/java/com/seafile/seadroid2/ui/editor/widget/HorizontalEditScrollView.kt:67:9 Not enough information to infer type argument for 'T'.
e: file:///Users/HONGBGU/Documents/seadroid/app/src/main/java/com/seafile/seadroid2/ui/editor/widget/HorizontalEditScrollView.kt:67:40 Unresolved reference 'setOnClickListener'.
e: file:///Users/HONGBGU/Documents/seadroid/app/src/main/java/com/seafile/seadroid2/ui/editor/widget/HorizontalEditScrollView.kt:70:9 Not enough information to infer type argument for 'T'.
e: file:///Users/HONGBGU/Documents/seadroid/app/src/main/java/com/seafile/seadroid2/ui/editor/widget/HorizontalEditScrollView.kt:70:50 Unresolved reference 'setOnClickListener'.
e: file:///Users/HONGBGU/Documents/seadroid/app/src/main/java/com/seafile/seadroid2/ui/editor/widget/HorizontalEditScrollView.kt:73:9 Not enough information to infer type argument for 'T'.
e: file:///Users/HONGBGU/Documents/seadroid/app/src/main/java/com/seafile/seadroid2/ui/editor/widget/HorizontalEditScrollView.kt:73:38 Unresolved reference 'setOnClickListener'.
e: file:///Users/HONGBGU/Documents/seadroid/app/src/main/java/com/seafile/seadroid2/ui/editor/widget/HorizontalEditScrollView.kt:76:9 Not enough information to infer type argument for 'T'.
e: file:///Users/HONGBGU/Documents/seadroid/app/src/main/java/com/seafile/seadroid2/ui/editor/widget/HorizontalEditScrollView.kt:76:43 Unresolved reference 'setOnClickListener'.
e: file:///Users/HONGBGU/Documents/seadroid/app/src/main/java/com/seafile/seadroid2/ui/editor/widget/HorizontalEditScrollView.kt:79:9 Not enough information to infer type argument for 'T'.
e: file:///Users/HONGBGU/Documents/seadroid/app/src/main/java/com/seafile/seadroid2/ui/editor/widget/HorizontalEditScrollView.kt:79:48 Unresolved reference 'setOnClickListener'.
e: file:///Users/HONGBGU/Documents/seadroid/app/src/main/java/com/seafile/seadroid2/ui/editor/widget/HorizontalEditScrollView.kt:82:9 Not enough information to infer type argument for 'T'.
e: file:///Users/HONGBGU/Documents/seadroid/app/src/main/java/com/seafile/seadroid2/ui/editor/widget/HorizontalEditScrollView.kt:82:38 Unresolved reference 'setOnClickListener'.
e: file:///Users/HONGBGU/Documents/seadroid/app/src/main/java/com/seafile/seadroid2/ui/editor/widget/HorizontalEditScrollView.kt:85:9 Not enough information to infer type argument for 'T'.
e: file:///Users/HONGBGU/Documents/seadroid/app/src/main/java/com/seafile/seadroid2/ui/editor/widget/HorizontalEditScrollView.kt:85:45 Unresolved reference 'setOnClickListener'.
e: file:///Users/HONGBGU/Documents/seadroid/app/src/main/java/com/seafile/seadroid2/ui/editor/widget/HorizontalEditScrollView.kt:88:9 Not enough information to infer type argument for 'T'.
e: file:///Users/HONGBGU/Documents/seadroid/app/src/main/java/com/seafile/seadroid2/ui/editor/widget/HorizontalEditScrollView.kt:88:45 Unresolved reference 'setOnLongClickListener'.
e: file:///Users/HONGBGU/Documents/seadroid/app/src/main/java/com/seafile/seadroid2/ui/editor/widget/HorizontalEditScrollView.kt:91:9 Not enough information to infer type argument for 'T'.
e: file:///Users/HONGBGU/Documents/seadroid/app/src/main/java/com/seafile/seadroid2/ui/editor/widget/HorizontalEditScrollView.kt:91:46 Unresolved reference 'setOnClickListener'.
e: file:///Users/HONGBGU/Documents/seadroid/app/src/main/java/com/seafile/seadroid2/ui/editor/widget/HorizontalEditScrollView.kt:94:9 Not enough information to infer type argument for 'T'.
e: file:///Users/HONGBGU/Documents/seadroid/app/src/main/java/com/seafile/seadroid2/ui/editor/widget/HorizontalEditScrollView.kt:94:44 Unresolved reference 'setOnClickListener'.
e: file:///Users/HONGBGU/Documents/seadroid/app/src/main/java/com/seafile/seadroid2/ui/editor/widget/HorizontalEditScrollView.kt:97:9 Not enough information to infer type argument for 'T'.
e: file:///Users/HONGBGU/Documents/seadroid/app/src/main/java/com/seafile/seadroid2/ui/editor/widget/HorizontalEditScrollView.kt:97:38 Unresolved reference 'setOnClickListener'.
e: file:///Users/HONGBGU/Documents/seadroid/app/src/main/java/com/seafile/seadroid2/ui/file/FileActivity.kt:23:61 Cannot import 'equals'. Functions and properties can only be imported from packages or objects.
e: file:///Users/HONGBGU/Documents/seadroid/app/src/main/java/com/seafile/seadroid2/ui/file/FileActivity.kt:26:65 Cannot import 'equals'. Functions and properties can only be imported from packages or objects.
e: file:///Users/HONGBGU/Documents/seadroid/app/src/main/java/com/seafile/seadroid2/ui/file/FileActivity.kt:79:64 Only safe (?.) or non-null asserted (!!.) calls are allowed on a nullable receiver of type 'com.seafile.seadroid2.account.SupportAccountManager?'.
e: file:///Users/HONGBGU/Documents/seadroid/app/src/main/java/com/seafile/seadroid2/ui/file/FileActivity.kt:98:14 Unresolved reference 'observe'.
e: file:///Users/HONGBGU/Documents/seadroid/app/src/main/java/com/seafile/seadroid2/ui/file/FileActivity.kt:98:28 Class '<anonymous>' is not abstract and does not implement abstract member 'onChanged'.
e: file:///Users/HONGBGU/Documents/seadroid/app/src/main/java/com/seafile/seadroid2/ui/file/FileActivity.kt:99:17 'onChanged' overrides nothing.
e: file:///Users/HONGBGU/Documents/seadroid/app/src/main/java/com/seafile/seadroid2/ui/file/FileActivity.kt:104:62 Class '<anonymous>' is not abstract and does not implement abstract member 'onChanged'.
e: file:///Users/HONGBGU/Documents/seadroid/app/src/main/java/com/seafile/seadroid2/ui/file/FileActivity.kt:105:13 'onChanged' overrides nothing.
e: file:///Users/HONGBGU/Documents/seadroid/app/src/main/java/com/seafile/seadroid2/ui/file/FileActivity.kt:112:61 Class '<anonymous>' is not abstract and does not implement abstract member 'onChanged'.
e: file:///Users/HONGBGU/Documents/seadroid/app/src/main/java/com/seafile/seadroid2/ui/file/FileActivity.kt:113:13 'onChanged' overrides nothing.
e: file:///Users/HONGBGU/Documents/seadroid/app/src/main/java/com/seafile/seadroid2/ui/file/FileActivity.kt:116:21 Argument type mismatch: actual type is 'com.seafile.seadroid2.framework.db.entities.DirentModel?', but 'com.seafile.seadroid2.framework.db.entities.DirentModel' was expected.
e: file:///Users/HONGBGU/Documents/seadroid/app/src/main/java/com/seafile/seadroid2/ui/file/FileActivity.kt:117:21 Argument type mismatch: actual type is 'java.io.File?', but 'java.io.File' was expected.
e: file:///Users/HONGBGU/Documents/seadroid/app/src/main/java/com/seafile/seadroid2/ui/file/FileActivity.kt:145:56 Smart cast to 'com.seafile.seadroid2.framework.db.entities.DirentModel' is impossible, because 'direntModel' is a mutable property that could be mutated concurrently.
e: file:///Users/HONGBGU/Documents/seadroid/app/src/main/java/com/seafile/seadroid2/ui/file/FileActivity.kt:145:69 Argument type mismatch: actual type is 'java.io.File?', but 'java.io.File' was expected.
e: file:///Users/HONGBGU/Documents/seadroid/app/src/main/java/com/seafile/seadroid2/ui/file/FileActivity.kt:163:16 Only safe (?.) or non-null asserted (!!.) calls are allowed on a nullable receiver of type 'androidx.appcompat.widget.Toolbar?'.
e: file:///Users/HONGBGU/Documents/seadroid/app/src/main/java/com/seafile/seadroid2/ui/file/FileActivity.kt:193:78 Only safe (?.) or non-null asserted (!!.) calls are allowed on a nullable receiver of type 'com.seafile.seadroid2.account.SupportAccountManager?'.
e: file:///Users/HONGBGU/Documents/seadroid/app/src/main/java/com/seafile/seadroid2/ui/file/FileViewModel.kt:53:13 Initializer type mismatch: expected 'io.reactivex.Single<com.seafile.seadroid2.framework.model.dirents.DirentFileModel?>', actual 'io.reactivex.Single<com.seafile.seadroid2.framework.model.dirents.DirentFileModel?>?'.
e: file:///Users/HONGBGU/Documents/seadroid/app/src/main/java/com/seafile/seadroid2/ui/file/FileViewModel.kt:53:50 Only safe (?.) or non-null asserted (!!.) calls are allowed on a nullable receiver of type 'com.seafile.seadroid2.framework.http.HttpIO?'.
e: file:///Users/HONGBGU/Documents/seadroid/app/src/main/java/com/seafile/seadroid2/ui/file/FileViewModel.kt:53:73 Argument type mismatch: actual type is 'java.lang.Class<com.seafile.seadroid2.ui.file.FileService>', but 'java.lang.Class<T?>' was expected.
e: file:///Users/HONGBGU/Documents/seadroid/app/src/main/java/com/seafile/seadroid2/ui/file/FileViewModel.kt:54:17 Only safe (?.) or non-null asserted (!!.) calls are allowed on a nullable receiver of type 'com.seafile.seadroid2.ui.file.FileService?'.
e: file:///Users/HONGBGU/Documents/seadroid/app/src/main/java/com/seafile/seadroid2/ui/file/FileViewModel.kt:55:44 Argument type mismatch: actual type is 'io.reactivex.functions.Consumer<com.seafile.seadroid2.framework.model.dirents.DirentFileModel?>?', but 'io.reactivex.functions.Consumer<T?>' was expected.
e: file:///Users/HONGBGU/Documents/seadroid/app/src/main/java/com/seafile/seadroid2/ui/file/FileViewModel.kt:59:44 None of the following candidates is applicable:
@SinceKotlin(...) @InlineOnly() fun <V> KMutableProperty0<V>.setValue(thisRef: Any?, property: KProperty<*>, value: V): Unit
@SinceKotlin(...) @InlineOnly() fun <T, V> KMutableProperty1<T, V>.setValue(thisRef: T, property: KProperty<*>, value: V): Unit
@InlineOnly() fun <V> MutableMap<in String, in V>.setValue(thisRef: Any?, property: KProperty<*>, value: V): Unit
e: file:///Users/HONGBGU/Documents/seadroid/app/src/main/java/com/seafile/seadroid2/ui/file/FileViewModel.kt:71:17 Initializer type mismatch: expected 'io.reactivex.Single<kotlin.String?>', actual 'io.reactivex.Single<kotlin.String?>?'.
e: file:///Users/HONGBGU/Documents/seadroid/app/src/main/java/com/seafile/seadroid2/ui/file/FileViewModel.kt:71:54 Only safe (?.) or non-null asserted (!!.) calls are allowed on a nullable receiver of type 'com.seafile.seadroid2.framework.http.HttpIO?'.
e: file:///Users/HONGBGU/Documents/seadroid/app/src/main/java/com/seafile/seadroid2/ui/file/FileViewModel.kt:71:77 Argument type mismatch: actual type is 'java.lang.Class<com.seafile.seadroid2.ui.file.FileService>', but 'java.lang.Class<T?>' was expected.
e: file:///Users/HONGBGU/Documents/seadroid/app/src/main/java/com/seafile/seadroid2/ui/file/FileViewModel.kt:72:21 Only safe (?.) or non-null asserted (!!.) calls are allowed on a nullable receiver of type 'com.seafile.seadroid2.ui.file.FileService?'.
e: file:///Users/HONGBGU/Documents/seadroid/app/src/main/java/com/seafile/seadroid2/ui/file/FileViewModel.kt:74:63 Class '<anonymous>' is not abstract and does not implement abstract member 'apply'.
e: file:///Users/HONGBGU/Documents/seadroid/app/src/main/java/com/seafile/seadroid2/ui/file/FileViewModel.kt:77:17 'apply' overrides nothing.
e: file:///Users/HONGBGU/Documents/seadroid/app/src/main/java/com/seafile/seadroid2/ui/file/FileViewModel.kt:94:48 None of the following candidates is applicable:
@SinceKotlin(...) @InlineOnly() fun <V> KMutableProperty0<V>.setValue(thisRef: Any?, property: KProperty<*>, value: V): Unit
@SinceKotlin(...) @InlineOnly() fun <T, V> KMutableProperty1<T, V>.setValue(thisRef: T, property: KProperty<*>, value: V): Unit
@InlineOnly() fun <V> MutableMap<in String, in V>.setValue(thisRef: Any?, property: KProperty<*>, value: V): Unit
e: file:///Users/HONGBGU/Documents/seadroid/app/src/main/java/com/seafile/seadroid2/ui/file/FileViewModel.kt:119:47 Class '<anonymous>' is not abstract and does not implement abstract member 'subscribe'.
e: file:///Users/HONGBGU/Documents/seadroid/app/src/main/java/com/seafile/seadroid2/ui/file/FileViewModel.kt:121:13 'subscribe' overrides nothing.
e: file:///Users/HONGBGU/Documents/seadroid/app/src/main/java/com/seafile/seadroid2/ui/file/FileViewModel.kt:127:58 Only safe (?.) or non-null asserted (!!.) calls are allowed on a nullable receiver of type 'com.seafile.seadroid2.framework.http.HttpIO?'.
e: file:///Users/HONGBGU/Documents/seadroid/app/src/main/java/com/seafile/seadroid2/ui/file/FileViewModel.kt:133:48 Argument type mismatch: actual type is 'kotlin.Array<kotlin.Long>', but 'kotlin.Array<kotlin.Long?>' was expected.
e: file:///Users/HONGBGU/Documents/seadroid/app/src/main/java/com/seafile/seadroid2/ui/file/FileViewModel.kt:138:46 Argument type mismatch: actual type is 'okhttp3.OkHttpClient?', but 'okhttp3.OkHttpClient' was expected.
e: file:///Users/HONGBGU/Documents/seadroid/app/src/main/java/com/seafile/seadroid2/ui/file/FileViewModel.kt:139:53 Argument type mismatch: actual type is 'kotlin.String?', but 'kotlin.String' was expected.
e: file:///Users/HONGBGU/Documents/seadroid/app/src/main/java/com/seafile/seadroid2/ui/file/FileViewModel.kt:188:52 Only safe (?.) or non-null asserted (!!.) calls are allowed on a nullable receiver of type 'com.seafile.seadroid2.framework.db.AppDatabase?'.
e: file:///Users/HONGBGU/Documents/seadroid/app/src/main/java/com/seafile/seadroid2/ui/file/FileViewModel.kt:188:73 Only safe (?.) or non-null asserted (!!.) calls are allowed on a nullable receiver of type 'com.seafile.seadroid2.framework.db.dao.FileCacheStatusDAO?'.
e: file:///Users/HONGBGU/Documents/seadroid/app/src/main/java/com/seafile/seadroid2/ui/file/FileViewModel.kt:194:38 Argument type mismatch: actual type is 'io.reactivex.functions.Consumer<kotlin.Boolean?>?', but 'io.reactivex.functions.Consumer<T?>' was expected.
e: file:///Users/HONGBGU/Documents/seadroid/app/src/main/java/com/seafile/seadroid2/ui/file_profile/FileProfileDialog.kt:124:48 Initializer type mismatch: expected 'kotlin.collections.MutableMap<kotlin.String?, kotlin.Any?>', actual 'kotlin.collections.Map<kotlin.String, kotlin.Any?>'.
e: file:///Users/HONGBGU/Documents/seadroid/app/src/main/java/com/seafile/seadroid2/ui/file_profile/FileProfileDialog.kt:124:48 Type mismatch: inferred type is 'kotlin.collections.Map<kotlin.String, kotlin.Any?>', but 'kotlin.collections.MutableMap<kotlin.String?, kotlin.Any?>' was expected.
e: file:///Users/HONGBGU/Documents/seadroid/app/src/main/java/com/seafile/seadroid2/ui/file_profile/FileProfileDialog.kt:290:53 Unresolved reference 'value'.
e: file:///Users/HONGBGU/Documents/seadroid/app/src/main/java/com/seafile/seadroid2/ui/file_profile/FileProfileDialog.kt:292:34 Unresolved reference 'value'.
e: file:///Users/HONGBGU/Documents/seadroid/app/src/main/java/com/seafile/seadroid2/ui/file_profile/FileProfileDialog.kt:293:40 Unresolved reference 'value'.
e: file:///Users/HONGBGU/Documents/seadroid/app/src/main/java/com/seafile/seadroid2/ui/file_profile/FileProfileDialog.kt:293:70 Unresolved reference 'value'.
e: file:///Users/HONGBGU/Documents/seadroid/app/src/main/java/com/seafile/seadroid2/ui/file_profile/FileProfileDialog.kt:305:21 Unresolved reference 'value'.
e: file:///Users/HONGBGU/Documents/seadroid/app/src/main/java/com/seafile/seadroid2/ui/file_profile/FileProfileDialog.kt:312:47 Unresolved reference 'value'.
e: file:///Users/HONGBGU/Documents/seadroid/app/src/main/java/com/seafile/seadroid2/ui/file_profile/FileProfileDialog.kt:360:44 One type argument expected. Use typealias 'ArrayList' if you don't intend to pass type arguments.
e: file:///Users/HONGBGU/Documents/seadroid/app/src/main/java/com/seafile/seadroid2/ui/file_profile/FileProfileDialog.kt:361:31 Method 'iterator()' is ambiguous for this expression. Applicable candidates:
fun <T> Enumeration<T>.iterator(): Iterator<T>
@InlineOnly() fun <T> Iterator<T>.iterator(): Iterator<T>
@InlineOnly() fun <K, V> Map<out K, V>.iterator(): Iterator<Map.Entry<K, V>>
@JvmName(...) @InlineOnly() fun <K, V> MutableMap<K, V>.iterator(): MutableIterator<MutableMap.MutableEntry<K, V>>
fun CharSequence.iterator(): CharIterator
fun BufferedInputStream.iterator(): ByteIterator
e: file:///Users/HONGBGU/Documents/seadroid/app/src/main/java/com/seafile/seadroid2/ui/file_profile/FileProfileDialog.kt:405:62 Unresolved reference 'value'.
e: file:///Users/HONGBGU/Documents/seadroid/app/src/main/java/com/seafile/seadroid2/ui/file_profile/FileProfileDialog.kt:412:26 Overload resolution ambiguity between candidates:
fun setText(p0: CharSequence!): Unit
fun setText(p0: Int): Unit
e: file:///Users/HONGBGU/Documents/seadroid/app/src/main/java/com/seafile/seadroid2/ui/file_profile/FileProfileDialog.kt:412:34 Unresolved reference 'value'.
e: file:///Users/HONGBGU/Documents/seadroid/app/src/main/java/com/seafile/seadroid2/ui/file_profile/FileProfileDialog.kt:430:44 One type argument expected. Use typealias 'ArrayList' if you don't intend to pass type arguments.
e: file:///Users/HONGBGU/Documents/seadroid/app/src/main/java/com/seafile/seadroid2/ui/file_profile/FileProfileDialog.kt:431:25 Method 'iterator()' is ambiguous for this expression. Applicable candidates:
fun <T> Enumeration<T>.iterator(): Iterator<T>
@InlineOnly() fun <T> Iterator<T>.iterator(): Iterator<T>
@InlineOnly() fun <K, V> Map<out K, V>.iterator(): Iterator<Map.Entry<K, V>>
@JvmName(...) @InlineOnly() fun <K, V> MutableMap<K, V>.iterator(): MutableIterator<MutableMap.MutableEntry<K, V>>
fun CharSequence.iterator(): CharIterator
fun BufferedInputStream.iterator(): ByteIterator
e: file:///Users/HONGBGU/Documents/seadroid/app/src/main/java/com/seafile/seadroid2/ui/file_profile/FileProfileDialog.kt:445:30 Overload resolution ambiguity between candidates:
fun setText(p0: CharSequence!): Unit
fun setText(p0: Int): Unit
e: file:///Users/HONGBGU/Documents/seadroid/app/src/main/java/com/seafile/seadroid2/ui/file_profile/FileProfileDialog.kt:593:33 Unresolved reference 'value'.
e: file:///Users/HONGBGU/Documents/seadroid/app/src/main/java/com/seafile/seadroid2/ui/folder_backup/FolderBackupSelectedPathActivity.kt:45:56 Unresolved reference 'compareTo'.
e: file:///Users/HONGBGU/Documents/seadroid/app/src/main/java/com/seafile/seadroid2/ui/folder_backup/FolderBackupSelectedPathActivity.kt:45:57 Unresolved reference 'ViewfindViewById'.
e: file:///Users/HONGBGU/Documents/seadroid/app/src/main/java/com/seafile/seadroid2/ui/folder_backup/FolderBackupSelectedPathActivity.kt:50:9 Not enough information to infer type argument for 'T'.
e: file:///Users/HONGBGU/Documents/seadroid/app/src/main/java/com/seafile/seadroid2/ui/folder_backup/FolderBackupSelectedPathActivity.kt:50:47 Unresolved reference 'setOnClickListener'.
e: file:///Users/HONGBGU/Documents/seadroid/app/src/main/java/com/seafile/seadroid2/ui/folder_backup/FolderBackupSelectedPathActivity.kt:67:9 'if' must have both main and 'else' branches when used as an expression.
e: file:///Users/HONGBGU/Documents/seadroid/app/src/main/java/com/seafile/seadroid2/ui/folder_backup/FolderBackupSelectedPathActivity.kt:73:33 Assignment type mismatch: actual type is 'kotlin.Unit', but 'androidx.recyclerview.widget.RecyclerView?' was expected.
e: file:///Users/HONGBGU/Documents/seadroid/app/src/main/java/com/seafile/seadroid2/ui/folder_backup/FolderBackupSelectedPathActivity.kt:74:14 Unresolved reference 'compareTo'.
e: file:///Users/HONGBGU/Documents/seadroid/app/src/main/java/com/seafile/seadroid2/ui/folder_backup/FolderBackupSelectedPathActivity.kt:74:15 Unresolved reference 'RecyclerViewfindViewById'.
e: file:///Users/HONGBGU/Documents/seadroid/app/src/main/java/com/seafile/seadroid2/ui/folder_backup/FolderBackupSelectedPathActivity.kt:124:43 Argument type mismatch: actual type is 'com.chad.library.adapter4.BaseQuickAdapter.OnItemClickListener<T>', but 'com.chad.library.adapter4.BaseQuickAdapter.OnItemClickListener<kotlin.String?>?' was expected.
e: file:///Users/HONGBGU/Documents/seadroid/app/src/main/java/com/seafile/seadroid2/ui/folder_backup/FolderBackupSelectedPathActivity.kt:124:80 Argument type mismatch: actual type is 'kotlin.Function3<com.chad.library.adapter4.BaseQuickAdapter<kotlin.String?, *>?, android.view.View?, kotlin.Int, kotlin.Unit>', but 'kotlin.Function3<com.chad.library.adapter4.BaseQuickAdapter<T, *>, android.view.View, kotlin.Int, kotlin.Unit>' was expected.
e: file:///Users/HONGBGU/Documents/seadroid/app/src/main/java/com/seafile/seadroid2/ui/folder_backup/FolderBackupSelectedPathActivity.kt:124:117 Type argument is not within its bounds: should be subtype of 'kotlin.Any'.
e: file:///Users/HONGBGU/Documents/seadroid/app/src/main/java/com/seafile/seadroid2/ui/folder_backup/FolderBackupSelectedPathActivity.kt:131:13 Argument type mismatch: actual type is 'com.chad.library.adapter4.BaseQuickAdapter.OnItemChildClickListener<T>', but 'com.chad.library.adapter4.BaseQuickAdapter.OnItemChildClickListener<kotlin.String?>' was expected.
e: file:///Users/HONGBGU/Documents/seadroid/app/src/main/java/com/seafile/seadroid2/ui/folder_backup/FolderBackupSelectedPathActivity.kt:131:38 Argument type mismatch: actual type is 'kotlin.Function3<com.chad.library.adapter4.BaseQuickAdapter<kotlin.String?, *>?, android.view.View?, kotlin.Int, kotlin.Unit>', but 'kotlin.Function3<com.chad.library.adapter4.BaseQuickAdapter<T, *>, android.view.View, kotlin.Int, kotlin.Unit>' was expected.
e: file:///Users/HONGBGU/Documents/seadroid/app/src/main/java/com/seafile/seadroid2/ui/folder_backup/FolderBackupSelectedPathActivity.kt:131:75 Type argument is not within its bounds: should be subtype of 'kotlin.Any'.
e: file:///Users/HONGBGU/Documents/seadroid/app/src/main/java/com/seafile/seadroid2/ui/folder_backup/FolderBackupSelectedPathActivity.kt:143:13 Interface 'interface OnMenuClickListener : Any' does not have constructors.
e: file:///Users/HONGBGU/Documents/seadroid/app/src/main/java/com/seafile/seadroid2/ui/folder_backup/FolderBackupSelectedPathActivity.kt:186:57 Initializer type mismatch: expected 'kotlin.collections.MutableList<kotlin.String?>', actual 'kotlin.collections.List<kotlin.String?>'.
e: file:///Users/HONGBGU/Documents/seadroid/app/src/main/java/com/seafile/seadroid2/ui/folder_backup/FolderBackupSelectedPathActivity.kt:195:61 Initializer type mismatch: expected 'kotlin.collections.MutableList<kotlin.String?>', actual 'kotlin.collections.List<kotlin.String?>'.
e: file:///Users/HONGBGU/Documents/seadroid/app/src/main/java/com/seafile/seadroid2/ui/folder_backup/FolderBackupSelectedPathAdapter.kt:13:1 Class 'FolderBackupSelectedPathAdapter' is not abstract and does not implement abstract base class member 'onBindViewHolder'.
e: file:///Users/HONGBGU/Documents/seadroid/app/src/main/java/com/seafile/seadroid2/ui/folder_backup/FolderBackupSelectedPathAdapter.kt:14:5 'onBindViewHolder' overrides nothing.
e: file:///Users/HONGBGU/Documents/seadroid/app/src/main/java/com/seafile/seadroid2/ui/main/MainActivity.kt:42:69 Unresolved reference 'FileSyncBinder'.
e: file:///Users/HONGBGU/Documents/seadroid/app/src/main/java/com/seafile/seadroid2/ui/main/MainActivity.kt:43:61 Cannot import 'equals'. Functions and properties can only be imported from packages or objects.
e: file:///Users/HONGBGU/Documents/seadroid/app/src/main/java/com/seafile/seadroid2/ui/main/MainActivity.kt:45:65 Cannot import 'equals'. Functions and properties can only be imported from packages or objects.
e: file:///Users/HONGBGU/Documents/seadroid/app/src/main/java/com/seafile/seadroid2/ui/main/MainActivity.kt:67:46 Only safe (?.) or non-null asserted (!!.) calls are allowed on a nullable receiver of type 'kotlin.collections.MutableList<androidx.fragment.app.Fragment?>?'.
e: file:///Users/HONGBGU/Documents/seadroid/app/src/main/java/com/seafile/seadroid2/ui/main/MainActivity.kt:86:49 None of the following candidates is applicable:
@MainThread() fun <T : ViewModel> get(modelClass: Class<T>): T
@MainThread() fun <T : ViewModel> get(modelClass: KClass<T>): T
e: file:///Users/HONGBGU/Documents/seadroid/app/src/main/java/com/seafile/seadroid2/ui/main/MainActivity.kt:94:67 Only safe (?.) or non-null asserted (!!.) calls are allowed on a nullable receiver of type 'com.seafile.seadroid2.account.SupportAccountManager?'.
e: file:///Users/HONGBGU/Documents/seadroid/app/src/main/java/com/seafile/seadroid2/ui/main/MainActivity.kt:103:38 Only safe (?.) or non-null asserted (!!.) calls are allowed on a nullable receiver of type 'com.jeremyliao.liveeventbus.core.Observable<kotlin.String?>?'.
e: file:///Users/HONGBGU/Documents/seadroid/app/src/main/java/com/seafile/seadroid2/ui/main/MainActivity.kt:169:78 Only safe (?.) or non-null asserted (!!.) calls are allowed on a nullable receiver of type 'com.seafile.seadroid2.account.SupportAccountManager?'.
e: file:///Users/HONGBGU/Documents/seadroid/app/src/main/java/com/seafile/seadroid2/ui/main/MainActivity.kt:184:62 Only safe (?.) or non-null asserted (!!.) calls are allowed on a nullable receiver of type 'kotlin.collections.MutableList<androidx.fragment.app.Fragment?>?'.
e: file:///Users/HONGBGU/Documents/seadroid/app/src/main/java/com/seafile/seadroid2/ui/main/MainActivity.kt:207:5 'onRequestPermissionsResult' overrides nothing.
e: file:///Users/HONGBGU/Documents/seadroid/app/src/main/java/com/seafile/seadroid2/ui/main/MainActivity.kt:212:55 Argument type mismatch: actual type is 'kotlin.Array<kotlin.String?>', but 'kotlin.Array<(out) kotlin.String>' was expected.
e: file:///Users/HONGBGU/Documents/seadroid/app/src/main/java/com/seafile/seadroid2/ui/main/MainActivity.kt:243:38 Only safe (?.) or non-null asserted (!!.) calls are allowed on a nullable receiver of type 'com.jeremyliao.liveeventbus.core.Observable<kotlin.String?>?'.
e: file:///Users/HONGBGU/Documents/seadroid/app/src/main/java/com/seafile/seadroid2/ui/main/MainActivity.kt:271:58 Only safe (?.) or non-null asserted (!!.) calls are allowed on a nullable receiver of type 'com.seafile.seadroid2.account.SupportAccountManager?'.
e: file:///Users/HONGBGU/Documents/seadroid/app/src/main/java/com/seafile/seadroid2/ui/main/MainActivity.kt:344:40 Argument type mismatch: actual type is 'kotlin.collections.MutableList<androidx.fragment.app.Fragment?>?', but 'kotlin.collections.MutableList<androidx.fragment.app.Fragment?>' was expected.
e: file:///Users/HONGBGU/Documents/seadroid/app/src/main/java/com/seafile/seadroid2/ui/main/MainActivity.kt:345:56 Only safe (?.) or non-null asserted (!!.) calls are allowed on a nullable receiver of type 'kotlin.collections.MutableList<androidx.fragment.app.Fragment?>?'.
e: file:///Users/HONGBGU/Documents/seadroid/app/src/main/java/com/seafile/seadroid2/ui/main/MainActivity.kt:395:42 Only safe (?.) or non-null asserted (!!.) calls are allowed on a nullable receiver of type 'com.jeremyliao.liveeventbus.core.Observable<com.seafile.seadroid2.context.NavContext?>?'.
e: file:///Users/HONGBGU/Documents/seadroid/app/src/main/java/com/seafile/seadroid2/ui/main/MainActivity.kt:401:38 Only safe (?.) or non-null asserted (!!.) calls are allowed on a nullable receiver of type 'com.seafile.seadroid2.preferences.SettingsLiveData<com.seafile.seadroid2.enums.NightMode?>?'.
e: file:///Users/HONGBGU/Documents/seadroid/app/src/main/java/com/seafile/seadroid2/ui/main/MainActivity.kt:422:37 Unresolved reference 'FileSyncBinder'.
e: file:///Users/HONGBGU/Documents/seadroid/app/src/main/java/com/seafile/seadroid2/ui/main/MainActivity.kt:423:34 Unresolved reference 'getService'.
e: file:///Users/HONGBGU/Documents/seadroid/app/src/main/java/com/seafile/seadroid2/ui/main/MainActivity.kt:435:65 Class '<anonymous>' is not abstract and does not implement abstract member 'onFileChanged'.
e: file:///Users/HONGBGU/Documents/seadroid/app/src/main/java/com/seafile/seadroid2/ui/main/MainActivity.kt:436:9 'onLocalFileChanged' overrides nothing.
e: file:///Users/HONGBGU/Documents/seadroid/app/src/main/java/com/seafile/seadroid2/ui/main/MainActivity.kt:438:57 Only safe (?.) or non-null asserted (!!.) calls are allowed on a nullable receiver of type 'com.seafile.seadroid2.framework.service.BackupThreadExecutor?'.
e: file:///Users/HONGBGU/Documents/seadroid/app/src/main/java/com/seafile/seadroid2/ui/main/MainActivity.kt:441:9 'onBackupFileChanged' overrides nothing.
e: file:///Users/HONGBGU/Documents/seadroid/app/src/main/java/com/seafile/seadroid2/ui/main/MainActivity.kt:443:57 Only safe (?.) or non-null asserted (!!.) calls are allowed on a nullable receiver of type 'com.seafile.seadroid2.framework.service.BackupThreadExecutor?'.
e: file:///Users/HONGBGU/Documents/seadroid/app/src/main/java/com/seafile/seadroid2/ui/main/MainActivity.kt:446:9 'onMediaContentObserver' overrides nothing.
e: file:///Users/HONGBGU/Documents/seadroid/app/src/main/java/com/seafile/seadroid2/ui/main/MainActivity.kt:478:40 Return type mismatch: expected 'java.util.Optional<com.seafile.seadroid2.framework.model.ServerInfo?>', actual 'java.util.Optional<com.seafile.seadroid2.framework.model.ServerInfo>'.
e: file:///Users/HONGBGU/Documents/seadroid/app/src/main/java/com/seafile/seadroid2/ui/main/MainActivity.kt:481:58 Only safe (?.) or non-null asserted (!!.) calls are allowed on a nullable receiver of type 'com.seafile.seadroid2.account.SupportAccountManager?'.
e: file:///Users/HONGBGU/Documents/seadroid/app/src/main/java/com/seafile/seadroid2/ui/main/MainActivity.kt:481:73 Smart cast to 'com.seafile.seadroid2.account.Account' is impossible, because 'curAccount' is a mutable property that could be mutated concurrently.
e: file:///Users/HONGBGU/Documents/seadroid/app/src/main/java/com/seafile/seadroid2/ui/main/MainActivity.kt:482:16 Return type mismatch: expected 'java.util.Optional<com.seafile.seadroid2.framework.model.ServerInfo?>', actual 'java.util.Optional<com.seafile.seadroid2.framework.model.ServerInfo>'.
e: file:///Users/HONGBGU/Documents/seadroid/app/src/main/java/com/seafile/seadroid2/ui/main/MainActivity.kt:589:38 Only safe (?.) or non-null asserted (!!.) calls are allowed on a nullable receiver of type 'com.seafile.seadroid2.preferences.SettingsLiveData<com.seafile.seadroid2.enums.NightMode?>?'.
e: file:///Users/HONGBGU/Documents/seadroid/app/src/main/java/com/seafile/seadroid2/ui/main/MainActivity.kt:599:66 Only safe (?.) or non-null asserted (!!.) calls are allowed on a nullable receiver of type 'com.seafile.seadroid2.preferences.SettingsLiveData<com.seafile.seadroid2.enums.NightMode?>?'.
e: file:///Users/HONGBGU/Documents/seadroid/app/src/main/java/com/seafile/seadroid2/ui/main/MainActivity.kt:632:35 Unresolved reference 'restartFolderMonitor'.
e: file:///Users/HONGBGU/Documents/seadroid/app/src/main/java/com/seafile/seadroid2/ui/main/MainActivity.kt:679:38 Only safe (?.) or non-null asserted (!!.) calls are allowed on a nullable receiver of type 'com.jeremyliao.liveeventbus.core.Observable<kotlin.String?>?'.
e: file:///Users/HONGBGU/Documents/seadroid/app/src/main/java/com/seafile/seadroid2/ui/main/MainViewModel.kt:63:13 Argument type mismatch: actual type is 'com.seafile.seadroid2.ui.settings.TabSettings2Fragment', but 'E!' was expected.
e: file:///Users/HONGBGU/Documents/seadroid/app/src/main/java/com/seafile/seadroid2/ui/main/MainViewModel.kt:73:13 Initializer type mismatch: expected 'io.reactivex.Single<com.seafile.seadroid2.framework.model.server.ServerInfoModel?>', actual 'io.reactivex.Single<com.seafile.seadroid2.framework.model.server.ServerInfoModel?>?'.
e: file:///Users/HONGBGU/Documents/seadroid/app/src/main/java/com/seafile/seadroid2/ui/main/MainViewModel.kt:73:50 Only safe (?.) or non-null asserted (!!.) calls are allowed on a nullable receiver of type 'com.seafile.seadroid2.framework.http.HttpIO?'.
e: file:///Users/HONGBGU/Documents/seadroid/app/src/main/java/com/seafile/seadroid2/ui/main/MainViewModel.kt:73:73 Argument type mismatch: actual type is 'java.lang.Class<com.seafile.seadroid2.ui.main.MainService>', but 'java.lang.Class<T?>' was expected.
e: file:///Users/HONGBGU/Documents/seadroid/app/src/main/java/com/seafile/seadroid2/ui/main/MainViewModel.kt:74:17 Only safe (?.) or non-null asserted (!!.) calls are allowed on a nullable receiver of type 'com.seafile.seadroid2.ui.main.MainService?'.
e: file:///Users/HONGBGU/Documents/seadroid/app/src/main/java/com/seafile/seadroid2/ui/main/MainViewModel.kt:75:38 Class '<anonymous>' is not abstract and does not implement abstract member 'accept'.
e: file:///Users/HONGBGU/Documents/seadroid/app/src/main/java/com/seafile/seadroid2/ui/main/MainViewModel.kt:77:13 'accept' overrides nothing.
e: file:///Users/HONGBGU/Documents/seadroid/app/src/main/java/com/seafile/seadroid2/ui/main/MainViewModel.kt:79:66 Only safe (?.) or non-null asserted (!!.) calls are allowed on a nullable receiver of type 'com.seafile.seadroid2.account.SupportAccountManager?'.
e: file:///Users/HONGBGU/Documents/seadroid/app/src/main/java/com/seafile/seadroid2/ui/main/MainViewModel.kt:90:62 Only safe (?.) or non-null asserted (!!.) calls are allowed on a nullable receiver of type 'com.seafile.seadroid2.account.SupportAccountManager?'.
e: file:///Users/HONGBGU/Documents/seadroid/app/src/main/java/com/seafile/seadroid2/ui/main/MainViewModel.kt:99:13 Initializer type mismatch: expected 'io.reactivex.Single<kotlin.collections.MutableList<com.seafile.seadroid2.framework.db.entities.PermissionEntity?>?>', actual 'io.reactivex.Single<kotlin.collections.MutableList<com.seafile.seadroid2.framework.db.entities.PermissionEntity?>?>?'.
e: file:///Users/HONGBGU/Documents/seadroid/app/src/main/java/com/seafile/seadroid2/ui/main/MainViewModel.kt:99:48 Only safe (?.) or non-null asserted (!!.) calls are allowed on a nullable receiver of type 'com.seafile.seadroid2.framework.db.AppDatabase?'.
e: file:///Users/HONGBGU/Documents/seadroid/app/src/main/java/com/seafile/seadroid2/ui/main/MainViewModel.kt:99:64 Only safe (?.) or non-null asserted (!!.) calls are allowed on a nullable receiver of type 'com.seafile.seadroid2.framework.db.dao.PermissionDAO?'.
e: file:///Users/HONGBGU/Documents/seadroid/app/src/main/java/com/seafile/seadroid2/ui/main/MainViewModel.kt:149:57 Initializer type mismatch: expected 'io.reactivex.Single<com.seafile.seadroid2.framework.model.repo.DirentWrapperModel?>', actual 'io.reactivex.Single<com.seafile.seadroid2.framework.model.repo.DirentWrapperModel?>?'.
e: file:///Users/HONGBGU/Documents/seadroid/app/src/main/java/com/seafile/seadroid2/ui/main/MainViewModel.kt:150:13 Only safe (?.) or non-null asserted (!!.) calls are allowed on a nullable receiver of type 'com.seafile.seadroid2.framework.http.HttpIO?'.
e: file:///Users/HONGBGU/Documents/seadroid/app/src/main/java/com/seafile/seadroid2/ui/main/MainViewModel.kt:150:36 Argument type mismatch: actual type is 'java.lang.Class<com.seafile.seadroid2.ui.repo.RepoService>', but 'java.lang.Class<T?>' was expected.
e: file:///Users/HONGBGU/Documents/seadroid/app/src/main/java/com/seafile/seadroid2/ui/main/MainViewModel.kt:151:13 Only safe (?.) or non-null asserted (!!.) calls are allowed on a nullable receiver of type 'com.seafile.seadroid2.ui.repo.RepoService?'.
e: file:///Users/HONGBGU/Documents/seadroid/app/src/main/java/com/seafile/seadroid2/ui/main/MainViewModel.kt:209:54 Initializer type mismatch: expected 'io.reactivex.Single<com.seafile.seadroid2.framework.model.dirents.DirentFileModel?>', actual 'io.reactivex.Single<com.seafile.seadroid2.framework.model.dirents.DirentFileModel?>?'.
e: file:///Users/HONGBGU/Documents/seadroid/app/src/main/java/com/seafile/seadroid2/ui/main/MainViewModel.kt:210:13 Only safe (?.) or non-null asserted (!!.) calls are allowed on a nullable receiver of type 'com.seafile.seadroid2.framework.http.HttpIO?'.
e: file:///Users/HONGBGU/Documents/seadroid/app/src/main/java/com/seafile/seadroid2/ui/main/MainViewModel.kt:210:36 Argument type mismatch: actual type is 'java.lang.Class<com.seafile.seadroid2.ui.file.FileService>', but 'java.lang.Class<T?>' was expected.
e: file:///Users/HONGBGU/Documents/seadroid/app/src/main/java/com/seafile/seadroid2/ui/main/MainViewModel.kt:211:13 Only safe (?.) or non-null asserted (!!.) calls are allowed on a nullable receiver of type 'com.seafile.seadroid2.ui.file.FileService?'.
e: file:///Users/HONGBGU/Documents/seadroid/app/src/main/java/com/seafile/seadroid2/ui/main/MainViewModel.kt:287:35 Assignment type mismatch: actual type is 'kotlin.Long', but 'java.lang.Long' was expected.
e: file:///Users/HONGBGU/Documents/seadroid/app/src/main/java/com/seafile/seadroid2/ui/main/MainViewModel.kt:306:35 Assignment type mismatch: actual type is 'kotlin.Long', but 'java.lang.Long' was expected.
e: file:///Users/HONGBGU/Documents/seadroid/app/src/main/java/com/seafile/seadroid2/ui/main/MainViewModel.kt:322:36 Assignment type mismatch: actual type is 'kotlin.Long', but 'java.lang.Long' was expected.
e: file:///Users/HONGBGU/Documents/seadroid/app/src/main/java/com/seafile/seadroid2/ui/markdown/MarkdownActivity.kt:3:21 Conflicting import: imported name 'MenuItem' is ambiguous.
e: file:///Users/HONGBGU/Documents/seadroid/app/src/main/java/com/seafile/seadroid2/ui/markdown/MarkdownActivity.kt:4:42 Conflicting import: imported name 'ActivityMarkdownBinding' is ambiguous.
e: file:///Users/HONGBGU/Documents/seadroid/app/src/main/java/com/seafile/seadroid2/ui/markdown/MarkdownActivity.kt:9:21 Conflicting import: imported name 'MenuItem' is ambiguous.
e: file:///Users/HONGBGU/Documents/seadroid/app/src/main/java/com/seafile/seadroid2/ui/markdown/MarkdownActivity.kt:14:42 Conflicting import: imported name 'ActivityMarkdownBinding' is ambiguous.
e: file:///Users/HONGBGU/Documents/seadroid/app/src/main/java/com/seafile/seadroid2/ui/markdown/MarkdownActivity.kt:22:26 Unresolved reference 'BaseActivityWithVM'.
e: file:///Users/HONGBGU/Documents/seadroid/app/src/main/java/com/seafile/seadroid2/ui/markdown/MarkdownActivity.kt:22:45 Unresolved reference 'EditorViewModel'.
e: file:///Users/HONGBGU/Documents/seadroid/app/src/main/java/com/seafile/seadroid2/ui/markdown/MarkdownActivity.kt:29:5 'onSaveInstanceState' overrides nothing.
e: file:///Users/HONGBGU/Documents/seadroid/app/src/main/java/com/seafile/seadroid2/ui/markdown/MarkdownActivity.kt:29:48 Unresolved reference 'Bundle'.
e: file:///Users/HONGBGU/Documents/seadroid/app/src/main/java/com/seafile/seadroid2/ui/markdown/MarkdownActivity.kt:30:15 Unresolved reference 'onSaveInstanceState'.
e: file:///Users/HONGBGU/Documents/seadroid/app/src/main/java/com/seafile/seadroid2/ui/markdown/MarkdownActivity.kt:31:18 Unresolved reference 'putString'.
e: file:///Users/HONGBGU/Documents/seadroid/app/src/main/java/com/seafile/seadroid2/ui/markdown/MarkdownActivity.kt:32:18 Unresolved reference 'putString'.
e: file:///Users/HONGBGU/Documents/seadroid/app/src/main/java/com/seafile/seadroid2/ui/markdown/MarkdownActivity.kt:33:18 Unresolved reference 'putString'.
e: file:///Users/HONGBGU/Documents/seadroid/app/src/main/java/com/seafile/seadroid2/ui/markdown/MarkdownActivity.kt:36:12 'onCreate' overrides nothing.
e: file:///Users/HONGBGU/Documents/seadroid/app/src/main/java/com/seafile/seadroid2/ui/markdown/MarkdownActivity.kt:36:54 Unresolved reference 'Bundle'.
e: file:///Users/HONGBGU/Documents/seadroid/app/src/main/java/com/seafile/seadroid2/ui/markdown/MarkdownActivity.kt:37:15 Unresolved reference 'onCreate'.
e: file:///Users/HONGBGU/Documents/seadroid/app/src/main/java/com/seafile/seadroid2/ui/markdown/MarkdownActivity.kt:38:51 Unresolved reference 'getLayoutInflater'.
e: file:///Users/HONGBGU/Documents/seadroid/app/src/main/java/com/seafile/seadroid2/ui/markdown/MarkdownActivity.kt:39:9 Unresolved reference 'setContentView'.
e: file:///Users/HONGBGU/Documents/seadroid/app/src/main/java/com/seafile/seadroid2/ui/markdown/MarkdownActivity.kt:41:9 Unresolved reference 'applyEdgeToEdge'.
e: file:///Users/HONGBGU/Documents/seadroid/app/src/main/java/com/seafile/seadroid2/ui/markdown/MarkdownActivity.kt:44:39 Unresolved reference 'getString'.
e: file:///Users/HONGBGU/Documents/seadroid/app/src/main/java/com/seafile/seadroid2/ui/markdown/MarkdownActivity.kt:45:41 Unresolved reference 'getString'.
e: file:///Users/HONGBGU/Documents/seadroid/app/src/main/java/com/seafile/seadroid2/ui/markdown/MarkdownActivity.kt:46:51 Unresolved reference 'getString'.
e: file:///Users/HONGBGU/Documents/seadroid/app/src/main/java/com/seafile/seadroid2/ui/markdown/MarkdownActivity.kt:48:25 Unresolved reference 'Intent'.
e: file:///Users/HONGBGU/Documents/seadroid/app/src/main/java/com/seafile/seadroid2/ui/markdown/MarkdownActivity.kt:48:34 Unresolved reference 'getIntent'.
e: file:///Users/HONGBGU/Documents/seadroid/app/src/main/java/com/seafile/seadroid2/ui/markdown/MarkdownActivity.kt:49:27 Unresolved reference 'getStringExtra'.
e: file:///Users/HONGBGU/Documents/seadroid/app/src/main/java/com/seafile/seadroid2/ui/markdown/MarkdownActivity.kt:50:29 Unresolved reference 'getStringExtra'.
e: file:///Users/HONGBGU/Documents/seadroid/app/src/main/java/com/seafile/seadroid2/ui/markdown/MarkdownActivity.kt:51:39 Unresolved reference 'getStringExtra'.
e: file:///Users/HONGBGU/Documents/seadroid/app/src/main/java/com/seafile/seadroid2/ui/markdown/MarkdownActivity.kt:68:23 Unresolved reference 'getActionBarToolbar'.
e: file:///Users/HONGBGU/Documents/seadroid/app/src/main/java/com/seafile/seadroid2/ui/markdown/MarkdownActivity.kt:70:9 Unresolved reference 'setSupportActionBar'.
e: file:///Users/HONGBGU/Documents/seadroid/app/src/main/java/com/seafile/seadroid2/ui/markdown/MarkdownActivity.kt:71:9 Unresolved reference 'getSupportActionBar'.
e: file:///Users/HONGBGU/Documents/seadroid/app/src/main/java/com/seafile/seadroid2/ui/markdown/MarkdownActivity.kt:72:9 Unresolved reference 'getSupportActionBar'.
e: file:///Users/HONGBGU/Documents/seadroid/app/src/main/java/com/seafile/seadroid2/ui/markdown/MarkdownActivity.kt:74:14 Unresolved reference 'NetworkUtils'.
e: file:///Users/HONGBGU/Documents/seadroid/app/src/main/java/com/seafile/seadroid2/ui/markdown/MarkdownActivity.kt:75:13 Unresolved reference 'Toasts'.
e: file:///Users/HONGBGU/Documents/seadroid/app/src/main/java/com/seafile/seadroid2/ui/markdown/MarkdownActivity.kt:75:25 Unresolved reference 'R'.
e: file:///Users/HONGBGU/Documents/seadroid/app/src/main/java/com/seafile/seadroid2/ui/markdown/MarkdownActivity.kt:80:18 Unresolved reference 'InternalStyleSheet'.
e: file:///Users/HONGBGU/Documents/seadroid/app/src/main/java/com/seafile/seadroid2/ui/markdown/MarkdownActivity.kt:80:39 Unresolved reference 'Github'.
e: file:///Users/HONGBGU/Documents/seadroid/app/src/main/java/com/seafile/seadroid2/ui/markdown/MarkdownActivity.kt:82:20 Unresolved reference 'getResources'.
e: file:///Users/HONGBGU/Documents/seadroid/app/src/main/java/com/seafile/seadroid2/ui/markdown/MarkdownActivity.kt:83:13 Unresolved reference 'addRule'.
e: file:///Users/HONGBGU/Documents/seadroid/app/src/main/java/com/seafile/seadroid2/ui/markdown/MarkdownActivity.kt:84:13 Operator '==' cannot be applied to 'java.math.BigInteger' and 'kotlin.Int'.
e: file:///Users/HONGBGU/Documents/seadroid/app/src/main/java/com/seafile/seadroid2/ui/markdown/MarkdownActivity.kt:85:17 Unresolved reference 'addRule'.
e: file:///Users/HONGBGU/Documents/seadroid/app/src/main/java/com/seafile/seadroid2/ui/markdown/MarkdownActivity.kt:89:17 Unresolved reference 'addRule'.
e: file:///Users/HONGBGU/Documents/seadroid/app/src/main/java/com/seafile/seadroid2/ui/markdown/MarkdownActivity.kt:91:17 Unresolved reference 'addRule'.
e: file:///Users/HONGBGU/Documents/seadroid/app/src/main/java/com/seafile/seadroid2/ui/markdown/MarkdownActivity.kt:97:12 'onResume' overrides nothing.
e: file:///Users/HONGBGU/Documents/seadroid/app/src/main/java/com/seafile/seadroid2/ui/markdown/MarkdownActivity.kt:98:15 Unresolved reference 'onResume'.
e: file:///Users/HONGBGU/Documents/seadroid/app/src/main/java/com/seafile/seadroid2/ui/markdown/MarkdownActivity.kt:104:9 Unresolved reference 'getViewModel'.
e: file:///Users/HONGBGU/Documents/seadroid/app/src/main/java/com/seafile/seadroid2/ui/markdown/MarkdownActivity.kt:106:21 Unresolved reference 'TextUtils'.
e: file:///Users/HONGBGU/Documents/seadroid/app/src/main/java/com/seafile/seadroid2/ui/markdown/MarkdownActivity.kt:120:5 'onCreateOptionsMenu' overrides nothing.
e: file:///Users/HONGBGU/Documents/seadroid/app/src/main/java/com/seafile/seadroid2/ui/markdown/MarkdownActivity.kt:121:9 Unresolved reference 'getActionBarToolbar'.
e: file:///Users/HONGBGU/Documents/seadroid/app/src/main/java/com/seafile/seadroid2/ui/markdown/MarkdownActivity.kt:121:43 Unresolved reference 'R'.
e: file:///Users/HONGBGU/Documents/seadroid/app/src/main/java/com/seafile/seadroid2/ui/markdown/MarkdownActivity.kt:125:5 'onOptionsItemSelected' overrides nothing.
e: file:///Users/HONGBGU/Documents/seadroid/app/src/main/java/com/seafile/seadroid2/ui/markdown/MarkdownActivity.kt:127:13 Unresolved reference 'R'.
e: file:///Users/HONGBGU/Documents/seadroid/app/src/main/java/com/seafile/seadroid2/ui/markdown/MarkdownActivity.kt:127:26 Unresolved reference 'finish'.
e: file:///Users/HONGBGU/Documents/seadroid/app/src/main/java/com/seafile/seadroid2/ui/markdown/MarkdownActivity.kt:128:13 Unresolved reference 'R'.
e: file:///Users/HONGBGU/Documents/seadroid/app/src/main/java/com/seafile/seadroid2/ui/markdown/MarkdownActivity.kt:130:22 Unresolved reference 'onOptionsItemSelected'.
e: file:///Users/HONGBGU/Documents/seadroid/app/src/main/java/com/seafile/seadroid2/ui/markdown/MarkdownActivity.kt:134:22 Unresolved reference 'onOptionsItemSelected'.
e: file:///Users/HONGBGU/Documents/seadroid/app/src/main/java/com/seafile/seadroid2/ui/markdown/MarkdownActivity.kt:138:17 Unresolved reference 'PackageManager'.
e: file:///Users/HONGBGU/Documents/seadroid/app/src/main/java/com/seafile/seadroid2/ui/markdown/MarkdownActivity.kt:138:34 Unresolved reference 'getPackageManager'.
e: file:///Users/HONGBGU/Documents/seadroid/app/src/main/java/com/seafile/seadroid2/ui/markdown/MarkdownActivity.kt:141:29 Unresolved reference 'Intent'.
e: file:///Users/HONGBGU/Documents/seadroid/app/src/main/java/com/seafile/seadroid2/ui/markdown/MarkdownActivity.kt:141:38 Unresolved reference 'Intent'.
e: file:///Users/HONGBGU/Documents/seadroid/app/src/main/java/com/seafile/seadroid2/ui/markdown/MarkdownActivity.kt:141:45 Unresolved reference 'Intent'.
e: file:///Users/HONGBGU/Documents/seadroid/app/src/main/java/com/seafile/seadroid2/ui/markdown/MarkdownActivity.kt:143:13 Unresolved reference 'FileProvider'.
e: file:///Users/HONGBGU/Documents/seadroid/app/src/main/java/com/seafile/seadroid2/ui/markdown/MarkdownActivity.kt:144:24 Unresolved reference 'addFlags'.
e: file:///Users/HONGBGU/Documents/seadroid/app/src/main/java/com/seafile/seadroid2/ui/markdown/MarkdownActivity.kt:144:33 Unresolved reference 'Intent'.
e: file:///Users/HONGBGU/Documents/seadroid/app/src/main/java/com/seafile/seadroid2/ui/markdown/MarkdownActivity.kt:144:74 Unresolved reference 'Intent'.
e: file:///Users/HONGBGU/Documents/seadroid/app/src/main/java/com/seafile/seadroid2/ui/markdown/MarkdownActivity.kt:146:29 Unresolved reference 'FileMimeUtils'.
e: file:///Users/HONGBGU/Documents/seadroid/app/src/main/java/com/seafile/seadroid2/ui/markdown/MarkdownActivity.kt:147:24 Unresolved reference 'setDataAndType'.
e: file:///Users/HONGBGU/Documents/seadroid/app/src/main/java/com/seafile/seadroid2/ui/markdown/MarkdownActivity.kt:150:13 Unresolved reference 'EditorActivity'.
e: file:///Users/HONGBGU/Documents/seadroid/app/src/main/java/com/seafile/seadroid2/ui/markdown/MarkdownActivity.kt:151:23 Unresolved reference 'queryIntentActivities'.
e: file:///Users/HONGBGU/Documents/seadroid/app/src/main/java/com/seafile/seadroid2/ui/markdown/MarkdownActivity.kt:153:13 Unresolved reference 'startActivity'.
e: file:///Users/HONGBGU/Documents/seadroid/app/src/main/java/com/seafile/seadroid2/ui/markdown/MarkdownActivity.kt:156:29 Unresolved reference 'Intent'.
e: file:///Users/HONGBGU/Documents/seadroid/app/src/main/java/com/seafile/seadroid2/ui/markdown/MarkdownActivity.kt:156:38 Unresolved reference 'Intent'.
e: file:///Users/HONGBGU/Documents/seadroid/app/src/main/java/com/seafile/seadroid2/ui/markdown/MarkdownActivity.kt:156:45 Unresolved reference 'Intent'.
e: file:///Users/HONGBGU/Documents/seadroid/app/src/main/java/com/seafile/seadroid2/ui/markdown/MarkdownActivity.kt:158:24 Unresolved reference 'setDataAndType'.
e: file:///Users/HONGBGU/Documents/seadroid/app/src/main/java/com/seafile/seadroid2/ui/markdown/MarkdownActivity.kt:161:17 Unresolved reference 'startActivity'.
e: file:///Users/HONGBGU/Documents/seadroid/app/src/main/java/com/seafile/seadroid2/ui/markdown/MarkdownActivity.kt:162:25 Unresolved reference 'ActivityNotFoundException'.
e: file:///Users/HONGBGU/Documents/seadroid/app/src/main/java/com/seafile/seadroid2/ui/markdown/MarkdownActivity.kt:163:17 Unresolved reference 'Toasts'.
e: file:///Users/HONGBGU/Documents/seadroid/app/src/main/java/com/seafile/seadroid2/ui/markdown/MarkdownActivity.kt:163:29 Unresolved reference 'R'.
e: file:///Users/HONGBGU/Documents/seadroid/app/src/main/java/com/seafile/seadroid2/ui/markdown/MarkdownActivity.kt:168:5 'onDestroy' overrides nothing.
e: file:///Users/HONGBGU/Documents/seadroid/app/src/main/java/com/seafile/seadroid2/ui/markdown/MarkdownActivity.kt:169:15 Unresolved reference 'onDestroy'.
e: file:///Users/HONGBGU/Documents/seadroid/app/src/main/java/com/seafile/seadroid2/ui/markdown/MarkdownActivity.kt:180:26 Unresolved reference 'Intent'.
e: file:///Users/HONGBGU/Documents/seadroid/app/src/main/java/com/seafile/seadroid2/ui/markdown/MarkdownActivity.kt:180:35 Unresolved reference 'Intent'.
e: file:///Users/HONGBGU/Documents/seadroid/app/src/main/java/com/seafile/seadroid2/ui/markdown/MarkdownActivity.kt:181:21 Unresolved reference 'putExtra'.
e: file:///Users/HONGBGU/Documents/seadroid/app/src/main/java/com/seafile/seadroid2/ui/markdown/MarkdownActivity.kt:182:21 Unresolved reference 'putExtra'.
e: file:///Users/HONGBGU/Documents/seadroid/app/src/main/java/com/seafile/seadroid2/ui/markdown/MarkdownActivity.kt:183:21 Unresolved reference 'putExtra'.
e: file:///Users/HONGBGU/Documents/seadroid/app/src/main/java/com/seafile/seadroid2/ui/markdown/MarkwonActivity.kt:1:54 Cannot import 'endOfPaginationReached'. Functions and properties can only be imported from packages or objects.
e: file:///Users/HONGBGU/Documents/seadroid/app/src/main/java/com/seafile/seadroid2/ui/markdown/MarkwonActivity.kt:2:78 Cannot import 'invokeFailRetry'. Functions and properties can only be imported from packages or objects.
e: file:///Users/HONGBGU/Documents/seadroid/app/src/main/java/com/seafile/seadroid2/ui/markdown/MarkwonActivity.kt:3:61 Cannot import 'build'. Functions and properties can only be imported from packages or objects.
e: file:///Users/HONGBGU/Documents/seadroid/app/src/main/java/com/seafile/seadroid2/ui/markdown/MarkwonActivity.kt:4:45 Cannot import 'get'. Functions and properties can only be imported from packages or objects.
e: file:///Users/HONGBGU/Documents/seadroid/app/src/main/java/com/seafile/seadroid2/ui/markdown/MarkwonActivity.kt:5:56 Cannot import 'launch'. Functions and properties can only be imported from packages or objects.
e: file:///Users/HONGBGU/Documents/seadroid/app/src/main/java/com/seafile/seadroid2/ui/markdown/MarkwonActivity.kt:6:64 Cannot import 'setMediaType'. Functions and properties can only be imported from packages or objects.
e: file:///Users/HONGBGU/Documents/seadroid/app/src/main/java/com/seafile/seadroid2/ui/markdown/MarkwonActivity.kt:7:64 Cannot import 'build'. Functions and properties can only be imported from packages or objects.
e: file:///Users/HONGBGU/Documents/seadroid/app/src/main/java/com/seafile/seadroid2/ui/markdown/MarkwonActivity.kt:8:44 Cannot import 'onBackPressedDispatcher'. Functions and properties can only be imported from packages or objects.
e: file:///Users/HONGBGU/Documents/seadroid/app/src/main/java/com/seafile/seadroid2/ui/markdown/MarkwonActivity.kt:9:50 Cannot import 'addCallback'. Functions and properties can only be imported from packages or objects.
e: file:///Users/HONGBGU/Documents/seadroid/app/src/main/java/com/seafile/seadroid2/ui/markdown/MarkwonActivity.kt:10:44 Cannot import 'onNewIntent'. Functions and properties can only be imported from packages or objects.
e: file:///Users/HONGBGU/Documents/seadroid/app/src/main/java/com/seafile/seadroid2/ui/markdown/MarkwonActivity.kt:11:44 Cannot import 'invalidateMenu'. Functions and properties can only be imported from packages or objects.
e: file:///Users/HONGBGU/Documents/seadroid/app/src/main/java/com/seafile/seadroid2/ui/markdown/MarkwonActivity.kt:12:57 Cannot import 'isProEdition'. Functions and properties can only be imported from packages or objects.
e: file:///Users/HONGBGU/Documents/seadroid/app/src/main/java/com/seafile/seadroid2/ui/markdown/MarkwonActivity.kt:13:69 Cannot import 'getFeaturesString'. Functions and properties can only be imported from packages or objects.
e: file:///Users/HONGBGU/Documents/seadroid/app/src/main/java/com/seafile/seadroid2/ui/markdown/MarkwonActivity.kt:14:51 Cannot import 'submitList'. Functions and properties can only be imported from packages or objects.
e: file:///Users/HONGBGU/Documents/seadroid/app/src/main/java/com/seafile/seadroid2/ui/markdown/MarkwonActivity.kt:15:51 Cannot import 'setOnItemClickListener'. Functions and properties can only be imported from packages or objects.
e: file:///Users/HONGBGU/Documents/seadroid/app/src/main/java/com/seafile/seadroid2/ui/markdown/MarkwonActivity.kt:16:51 Cannot import 'getItem'. Functions and properties can only be imported from packages or objects.
e: file:///Users/HONGBGU/Documents/seadroid/app/src/main/java/com/seafile/seadroid2/ui/markdown/MarkwonActivity.kt:17:51 Cannot import 'getItemCount'. Functions and properties can only be imported from packages or objects.
e: file:///Users/HONGBGU/Documents/seadroid/app/src/main/java/com/seafile/seadroid2/ui/markdown/MarkwonActivity.kt:18:55 Cannot import 'addItemType'. Functions and properties can only be imported from packages or objects.
e: file:///Users/HONGBGU/Documents/seadroid/app/src/main/java/com/seafile/seadroid2/ui/markdown/MarkwonActivity.kt:19:82 Cannot import 'onBind'. Functions and properties can only be imported from packages or objects.
e: file:///Users/HONGBGU/Documents/seadroid/app/src/main/java/com/seafile/seadroid2/ui/markdown/MarkwonActivity.kt:20:55 Cannot import 'onItemViewType'. Functions and properties can only be imported from packages or objects.
e: file:///Users/HONGBGU/Documents/seadroid/app/src/main/java/com/seafile/seadroid2/ui/markdown/MarkwonActivity.kt:21:51 Cannot import 'onAttachedToRecyclerView'. Functions and properties can only be imported from packages or objects.
e: file:///Users/HONGBGU/Documents/seadroid/app/src/main/java/com/seafile/seadroid2/ui/markdown/MarkwonActivity.kt:22:51 Cannot import 'context'. Functions and properties can only be imported from packages or objects.
e: file:///Users/HONGBGU/Documents/seadroid/app/src/main/java/com/seafile/seadroid2/ui/markdown/MarkwonActivity.kt:23:65 Cannot import 'isDir'. Functions and properties can only be imported from packages or objects.
e: file:///Users/HONGBGU/Documents/seadroid/app/src/main/java/com/seafile/seadroid2/ui/markdown/MarkwonActivity.kt:24:65 Cannot import 'getSubtitle'. Functions and properties can only be imported from packages or objects.
e: file:///Users/HONGBGU/Documents/seadroid/app/src/main/java/com/seafile/seadroid2/ui/markdown/MarkwonActivity.kt:25:65 Cannot import 'getIcon'. Functions and properties can only be imported from packages or objects.
e: file:///Users/HONGBGU/Documents/seadroid/app/src/main/java/com/seafile/seadroid2/ui/markdown/MarkwonActivity.kt:26:51 Cannot import 'items'. Functions and properties can only be imported from packages or objects.
e: file:///Users/HONGBGU/Documents/seadroid/app/src/main/java/com/seafile/seadroid2/ui/markdown/MarkwonActivity.kt:27:61 Cannot import 'equals'. Functions and properties can only be imported from packages or objects.
e: file:///Users/HONGBGU/Documents/seadroid/app/src/main/java/com/seafile/seadroid2/ui/markdown/MarkwonActivity.kt:28:65 Cannot import 'equals'. Functions and properties can only be imported from packages or objects.
e: file:///Users/HONGBGU/Documents/seadroid/app/src/main/java/com/seafile/seadroid2/ui/markdown/MarkwonActivity.kt:29:70 Cannot import 'invisibleOriginItemWhenStickyItemShowing'. Functions and properties can only be imported from packages or objects.
e: file:///Users/HONGBGU/Documents/seadroid/app/src/main/java/com/seafile/seadroid2/ui/markdown/MarkwonActivity.kt:30:70 Cannot import 'disabledScrollUpStickyItem'. Functions and properties can only be imported from packages or objects.
e: file:///Users/HONGBGU/Documents/seadroid/app/src/main/java/com/seafile/seadroid2/ui/markdown/MarkwonActivity.kt:31:70 Cannot import 'showInContainer'. Functions and properties can only be imported from packages or objects.
e: file:///Users/HONGBGU/Documents/seadroid/app/src/main/java/com/seafile/seadroid2/ui/markdown/MarkwonActivity.kt:32:70 Cannot import 'build'. Functions and properties can only be imported from packages or objects.
e: file:///Users/HONGBGU/Documents/seadroid/app/src/main/java/com/seafile/seadroid2/ui/markdown/MarkwonActivity.kt:33:57 Cannot import 'isSearchEnabled'. Functions and properties can only be imported from packages or objects.
e: file:///Users/HONGBGU/Documents/seadroid/app/src/main/java/com/seafile/seadroid2/ui/markdown/MarkwonActivity.kt:34:51 Cannot import 'set'. Functions and properties can only be imported from packages or objects.
e: file:///Users/HONGBGU/Documents/seadroid/app/src/main/java/com/seafile/seadroid2/ui/markdown/MarkwonActivity.kt:35:51 Cannot import 'setOnItemLongClickListener'. Functions and properties can only be imported from packages or objects.
e: file:///Users/HONGBGU/Documents/seadroid/app/src/main/java/com/seafile/seadroid2/ui/markdown/MarkwonActivity.kt:36:51 Cannot import 'addAll'. Functions and properties can only be imported from packages or objects.
e: file:///Users/HONGBGU/Documents/seadroid/app/src/main/java/com/seafile/seadroid2/ui/markdown/MarkwonActivity.kt:37:61 Cannot import 'getRepoList'. Functions and properties can only be imported from packages or objects.
e: file:///Users/HONGBGU/Documents/seadroid/app/src/main/java/com/seafile/seadroid2/ui/markdown/MarkwonActivity.kt:38:51 Cannot import 'removeAtRange'. Functions and properties can only be imported from packages or objects.
e: file:///Users/HONGBGU/Documents/seadroid/app/src/main/java/com/seafile/seadroid2/ui/markdown/MarkwonActivity.kt:39:51 Cannot import 'stateView'. Functions and properties can only be imported from packages or objects.
e: file:///Users/HONGBGU/Documents/seadroid/app/src/main/java/com/seafile/seadroid2/ui/markdown/MarkwonActivity.kt:40:51 Cannot import 'isStateViewEnable'. Functions and properties can only be imported from packages or objects.
e: file:///Users/HONGBGU/Documents/seadroid/app/src/main/java/com/seafile/seadroid2/ui/markdown/MarkwonActivity.kt:42:51 Cannot import 'animationEnable'. Functions and properties can only be imported from packages or objects.
e: file:///Users/HONGBGU/Documents/seadroid/app/src/main/java/com/seafile/seadroid2/ui/markdown/MarkwonActivity.kt:43:51 Cannot import 'setStateViewLayout'. Functions and properties can only be imported from packages or objects.
e: file:///Users/HONGBGU/Documents/seadroid/app/src/main/java/com/seafile/seadroid2/ui/markdown/MarkwonActivity.kt:44:51 Cannot import 'addOnItemChildClickListener'. Functions and properties can only be imported from packages or objects.
e: file:///Users/HONGBGU/Documents/seadroid/app/src/main/java/com/seafile/seadroid2/ui/markdown/MarkwonActivity.kt:45:53 Cannot import 'adapter'. Functions and properties can only be imported from packages or objects.
e: file:///Users/HONGBGU/Documents/seadroid/app/src/main/java/com/seafile/seadroid2/ui/markdown/MarkwonActivity.kt:46:74 Cannot import 'setMetadataConfigModel'. Functions and properties can only be imported from packages or objects.
e: file:///Users/HONGBGU/Documents/seadroid/app/src/main/java/com/seafile/seadroid2/ui/markdown/MarkwonActivity.kt:47:74 Cannot import 'setDetail'. Functions and properties can only be imported from packages or objects.
e: file:///Users/HONGBGU/Documents/seadroid/app/src/main/java/com/seafile/seadroid2/ui/markdown/MarkwonActivity.kt:48:74 Cannot import 'getMetaEnabled'. Functions and properties can only be imported from packages or objects.
e: file:///Users/HONGBGU/Documents/seadroid/app/src/main/java/com/seafile/seadroid2/ui/markdown/MarkwonActivity.kt:49:74 Cannot import 'getTagsEnabled'. Functions and properties can only be imported from packages or objects.
e: file:///Users/HONGBGU/Documents/seadroid/app/src/main/java/com/seafile/seadroid2/ui/markdown/MarkwonActivity.kt:50:74 Cannot import 'initDefaultIfMetaNotEnable'. Functions and properties can only be imported from packages or objects.
e: file:///Users/HONGBGU/Documents/seadroid/app/src/main/java/com/seafile/seadroid2/ui/markdown/MarkwonActivity.kt:51:74 Cannot import 'setRelatedUserWrapperModel'. Functions and properties can only be imported from packages or objects.
e: file:///Users/HONGBGU/Documents/seadroid/app/src/main/java/com/seafile/seadroid2/ui/markdown/MarkwonActivity.kt:52:74 Cannot import 'addRecordWrapperModel'. Functions and properties can only be imported from packages or objects.
e: file:///Users/HONGBGU/Documents/seadroid/app/src/main/java/com/seafile/seadroid2/ui/markdown/MarkwonActivity.kt:53:74 Cannot import 'setTagWrapperModel'. Functions and properties can only be imported from packages or objects.
e: file:///Users/HONGBGU/Documents/seadroid/app/src/main/java/com/seafile/seadroid2/ui/markdown/MarkwonActivity.kt:54:44 Cannot import 'onSaveInstanceState'. Functions and properties can only be imported from packages or objects.
e: file:///Users/HONGBGU/Documents/seadroid/app/src/main/java/com/seafile/seadroid2/ui/markdown/MarkwonActivity.kt:55:72 Cannot import 'canUse'. Functions and properties can only be imported from packages or objects.
e: file:///Users/HONGBGU/Documents/seadroid/app/src/main/java/com/seafile/seadroid2/ui/markdown/MarkwonActivity.kt:56:36 Cannot import 'accept'. Functions and properties can only be imported from packages or objects.
e: file:///Users/HONGBGU/Documents/seadroid/app/src/main/java/com/seafile/seadroid2/ui/markdown/MarkwonActivity.kt:57:20 Cannot import 'second'. Functions and properties can only be imported from packages or objects.
e: file:///Users/HONGBGU/Documents/seadroid/app/src/main/java/com/seafile/seadroid2/ui/markdown/MarkwonActivity.kt:59:51 Cannot import 'removeAt'. Functions and properties can only be imported from packages or objects.
e: file:///Users/HONGBGU/Documents/seadroid/app/src/main/java/com/seafile/seadroid2/ui/markdown/MarkwonActivity.kt:60:62 Cannot import 'getSubjectName'. Functions and properties can only be imported from packages or objects.
e: file:///Users/HONGBGU/Documents/seadroid/app/src/main/java/com/seafile/seadroid2/ui/markdown/MarkwonActivity.kt:61:62 Cannot import 'getSignature'. Functions and properties can only be imported from packages or objects.
e: file:///Users/HONGBGU/Documents/seadroid/app/src/main/java/com/seafile/seadroid2/ui/markdown/MarkwonActivity.kt:62:62 Cannot import 'getSerialNumber'. Functions and properties can only be imported from packages or objects.
e: file:///Users/HONGBGU/Documents/seadroid/app/src/main/java/com/seafile/seadroid2/ui/markdown/MarkwonActivity.kt:63:62 Cannot import 'getNotBefore'. Functions and properties can only be imported from packages or objects.
e: file:///Users/HONGBGU/Documents/seadroid/app/src/main/java/com/seafile/seadroid2/ui/markdown/MarkwonActivity.kt:64:62 Cannot import 'getNotAfter'. Functions and properties can only be imported from packages or objects.
e: file:///Users/HONGBGU/Documents/seadroid/app/src/main/java/com/seafile/seadroid2/ui/markdown/MarkwonActivity.kt:65:50 Cannot import 'onBackPressed'. Functions and properties can only be imported from packages or objects.
e: file:///Users/HONGBGU/Documents/seadroid/app/src/main/java/com/seafile/seadroid2/ui/markdown/MarkwonActivity.kt:67:44 Cannot import 'code'. Functions and properties can only be imported from packages or objects.
e: file:///Users/HONGBGU/Documents/seadroid/app/src/main/java/com/seafile/seadroid2/ui/markdown/MarkwonActivity.kt:68:44 Cannot import 'indexOfKey'. Functions and properties can only be imported from packages or objects.
e: file:///Users/HONGBGU/Documents/seadroid/app/src/main/java/com/seafile/seadroid2/ui/markdown/MarkwonActivity.kt:69:44 Cannot import 'valueAt'. Functions and properties can only be imported from packages or objects.
e: file:///Users/HONGBGU/Documents/seadroid/app/src/main/java/com/seafile/seadroid2/ui/markdown/MarkwonActivity.kt:70:44 Cannot import 'put'. Functions and properties can only be imported from packages or objects.
e: file:///Users/HONGBGU/Documents/seadroid/app/src/main/java/com/seafile/seadroid2/ui/markdown/MarkwonActivity.kt:71:71 Cannot import 'getTime'. Functions and properties can only be imported from packages or objects.
e: file:///Users/HONGBGU/Documents/seadroid/app/src/main/java/com/seafile/seadroid2/ui/markdown/MarkwonActivity.kt:72:61 Cannot import 'setTrailingLoadStateAdapter'. Functions and properties can only be imported from packages or objects.
e: file:///Users/HONGBGU/Documents/seadroid/app/src/main/java/com/seafile/seadroid2/ui/markdown/MarkwonActivity.kt:73:78 Cannot import 'setOnLoadMoreListener'. Functions and properties can only be imported from packages or objects.
e: file:///Users/HONGBGU/Documents/seadroid/app/src/main/java/com/seafile/seadroid2/ui/markdown/MarkwonActivity.kt:74:53 Cannot import 'trailingLoadState'. Functions and properties can only be imported from packages or objects.
e: file:///Users/HONGBGU/Documents/seadroid/app/src/main/java/com/seafile/seadroid2/ui/markdown/MarkwonActivity.kt:75:53 Cannot import 'trailingLoadStateAdapter'. Functions and properties can only be imported from packages or objects.
e: file:///Users/HONGBGU/Documents/seadroid/app/src/main/java/com/seafile/seadroid2/ui/markdown/MarkwonActivity.kt:76:78 Cannot import 'checkDisableLoadMoreIfNotFullPage'. Functions and properties can only be imported from packages or objects.
e: file:///Users/HONGBGU/Documents/seadroid/app/src/main/java/com/seafile/seadroid2/ui/markdown/MarkwonActivity.kt:78:76 Cannot import 'getCreatedAtFriendlyText'. Functions and properties can only be imported from packages or objects.
e: file:///Users/HONGBGU/Documents/seadroid/app/src/main/java/com/seafile/seadroid2/ui/markdown/MarkwonActivity.kt:79:20 Cannot import 'first'. Functions and properties can only be imported from packages or objects.
e: file:///Users/HONGBGU/Documents/seadroid/app/src/main/java/com/seafile/seadroid2/ui/markdown/MarkwonActivity.kt:80:61 Cannot import 'getAvatarUrl'. Functions and properties can only be imported from packages or objects.
e: file:///Users/HONGBGU/Documents/seadroid/app/src/main/java/com/seafile/seadroid2/ui/markdown/MarkwonActivity.kt:81:74 Cannot import 'getRecordMetaDataList'. Functions and properties can only be imported from packages or objects.
e: file:///Users/HONGBGU/Documents/seadroid/app/src/main/java/com/seafile/seadroid2/ui/markdown/MarkwonActivity.kt:82:74 Cannot import 'setRecordMetaDataList'. Functions and properties can only be imported from packages or objects.
e: file:///Users/HONGBGU/Documents/seadroid/app/src/main/java/com/seafile/seadroid2/ui/markdown/MarkwonActivity.kt:83:74 Cannot import 'getRecordResultList'. Functions and properties can only be imported from packages or objects.
e: file:///Users/HONGBGU/Documents/seadroid/app/src/main/java/com/seafile/seadroid2/ui/markdown/MarkwonActivity.kt:84:61 Cannot import 'name'. Functions and properties can only be imported from packages or objects.
e: file:///Users/HONGBGU/Documents/seadroid/app/src/main/java/com/seafile/seadroid2/ui/markdown/MarkwonActivity.kt:85:74 Cannot import 'getRelatedUserList'. Functions and properties can only be imported from packages or objects.
e: file:///Users/HONGBGU/Documents/seadroid/app/src/main/java/com/seafile/seadroid2/ui/markdown/MarkwonActivity.kt:86:61 Cannot import 'email'. Functions and properties can only be imported from packages or objects.
e: file:///Users/HONGBGU/Documents/seadroid/app/src/main/java/com/seafile/seadroid2/ui/markdown/MarkwonActivity.kt:88:72 Cannot import 'toString'. Functions and properties can only be imported from packages or objects.
e: file:///Users/HONGBGU/Documents/seadroid/app/src/main/java/com/seafile/seadroid2/ui/markdown/MarkwonActivity.kt:89:48 Cannot import 'setKeepOnScreenCondition'. Functions and properties can only be imported from packages or objects.
e: file:///Users/HONGBGU/Documents/seadroid/app/src/main/java/com/seafile/seadroid2/ui/markdown/MarkwonActivity.kt:90:74 Cannot import 'getDetail'. Functions and properties can only be imported from packages or objects.
e: file:///Users/HONGBGU/Documents/seadroid/app/src/main/java/com/seafile/seadroid2/ui/markdown/MarkwonActivity.kt:91:74 Cannot import 'getTagMap'. Functions and properties can only be imported from packages or objects.
e: file:///Users/HONGBGU/Documents/seadroid/app/src/main/java/com/seafile/seadroid2/ui/markdown/MarkwonActivity.kt:92:57 Cannot import 'getUrl'. Functions and properties can only be imported from packages or objects.
e: file:///Users/HONGBGU/Documents/seadroid/app/src/main/java/com/seafile/seadroid2/ui/markdown/MarkwonActivity.kt:93:57 Cannot import 'getVersion'. Functions and properties can only be imported from packages or objects.
e: file:///Users/HONGBGU/Documents/seadroid/app/src/main/java/com/seafile/seadroid2/ui/markdown/MarkwonActivity.kt:94:57 Cannot import 'getEncrypted_library_version'. Functions and properties can only be imported from packages or objects.
e: file:///Users/HONGBGU/Documents/seadroid/app/src/main/java/com/seafile/seadroid2/ui/markdown/MarkwonActivity.kt:95:57 Cannot import 'getFeatures'. Functions and properties can only be imported from packages or objects.
e: file:///Users/HONGBGU/Documents/seadroid/app/src/main/java/com/seafile/seadroid2/ui/markdown/MarkwonActivity.kt:98:70 Cannot import 'getMtimeInMills'. Functions and properties can only be imported from packages or objects.
e: file:///Users/HONGBGU/Documents/seadroid/app/src/main/java/com/seafile/seadroid2/ui/markdown/MarkwonActivity.kt:100:43 Cannot import 'addMigrations'. Functions and properties can only be imported from packages or objects.
e: file:///Users/HONGBGU/Documents/seadroid/app/src/main/java/com/seafile/seadroid2/ui/markdown/MarkwonActivity.kt:101:43 Cannot import 'build'. Functions and properties can only be imported from packages or objects.
e: file:///Users/HONGBGU/Documents/seadroid/app/src/main/java/com/seafile/seadroid2/ui/markdown/MarkwonActivity.kt:102:49 Cannot import 'execSQL'. Functions and properties can only be imported from packages or objects.
e: file:///Users/HONGBGU/Documents/seadroid/app/src/main/java/com/seafile/seadroid2/ui/markdown/MarkwonActivity.kt:103:49 Cannot import 'query'. Functions and properties can only be imported from packages or objects.
e: file:///Users/HONGBGU/Documents/seadroid/app/src/main/java/com/seafile/seadroid2/ui/markdown/MarkwonActivity.kt:104:61 Cannot import 'getTitle'. Functions and properties can only be imported from packages or objects.
e: file:///Users/HONGBGU/Documents/seadroid/app/src/main/java/com/seafile/seadroid2/ui/markdown/MarkwonActivity.kt:105:61 Cannot import 'addAllRepoList'. Functions and properties can only be imported from packages or objects.
e: file:///Users/HONGBGU/Documents/seadroid/app/src/main/java/com/seafile/seadroid2/ui/markdown/MarkwonActivity.kt:106:58 Cannot import 'setPath'. Functions and properties can only be imported from packages or objects.
e: file:///Users/HONGBGU/Documents/seadroid/app/src/main/java/com/seafile/seadroid2/ui/markdown/MarkwonActivity.kt:107:58 Cannot import 'setLabel'. Functions and properties can only be imported from packages or objects.
e: file:///Users/HONGBGU/Documents/seadroid/app/src/main/java/com/seafile/seadroid2/ui/markdown/MarkwonActivity.kt:108:58 Cannot import 'setRemovable'. Functions and properties can only be imported from packages or objects.
e: file:///Users/HONGBGU/Documents/seadroid/app/src/main/java/com/seafile/seadroid2/ui/markdown/MarkwonActivity.kt:109:58 Cannot import 'setPrimary'. Functions and properties can only be imported from packages or objects.
e: file:///Users/HONGBGU/Documents/seadroid/app/src/main/java/com/seafile/seadroid2/ui/markdown/MarkwonActivity.kt:110:58 Cannot import 'setAvailable'. Functions and properties can only be imported from packages or objects.
e: file:///Users/HONGBGU/Documents/seadroid/app/src/main/java/com/seafile/seadroid2/ui/markdown/MarkwonActivity.kt:111:57 Cannot import 'getError'. Functions and properties can only be imported from packages or objects.
e: file:///Users/HONGBGU/Documents/seadroid/app/src/main/java/com/seafile/seadroid2/ui/markdown/MarkwonActivity.kt:112:42 Cannot import 'setBackoffCriteria'. Functions and properties can only be imported from packages or objects.
e: file:///Users/HONGBGU/Documents/seadroid/app/src/main/java/com/seafile/seadroid2/ui/markdown/MarkwonActivity.kt:113:42 Cannot import 'addTag'. Functions and properties can only be imported from packages or objects.
e: file:///Users/HONGBGU/Documents/seadroid/app/src/main/java/com/seafile/seadroid2/ui/markdown/MarkwonActivity.kt:114:42 Cannot import 'setRequiredNetworkType'. Functions and properties can only be imported from packages or objects.
e: file:///Users/HONGBGU/Documents/seadroid/app/src/main/java/com/seafile/seadroid2/ui/markdown/MarkwonActivity.kt:115:42 Cannot import 'build'. Functions and properties can only be imported from packages or objects.
e: file:///Users/HONGBGU/Documents/seadroid/app/src/main/java/com/seafile/seadroid2/ui/markdown/MarkwonActivity.kt:116:42 Cannot import 'setId'. Functions and properties can only be imported from packages or objects.
e: file:///Users/HONGBGU/Documents/seadroid/app/src/main/java/com/seafile/seadroid2/ui/markdown/MarkwonActivity.kt:117:42 Cannot import 'setConstraints'. Functions and properties can only be imported from packages or objects.
e: file:///Users/HONGBGU/Documents/seadroid/app/src/main/java/com/seafile/seadroid2/ui/markdown/MarkwonActivity.kt:118:42 Cannot import 'build'. Functions and properties can only be imported from packages or objects.
e: file:///Users/HONGBGU/Documents/seadroid/app/src/main/java/com/seafile/seadroid2/ui/markdown/MarkwonActivity.kt:119:42 Cannot import 'setInputData'. Functions and properties can only be imported from packages or objects.
e: file:///Users/HONGBGU/Documents/seadroid/app/src/main/java/com/seafile/seadroid2/ui/markdown/MarkwonActivity.kt:120:79 Cannot import 'getParent_dir'. Functions and properties can only be imported from packages or objects.
e: file:///Users/HONGBGU/Documents/seadroid/app/src/main/java/com/seafile/seadroid2/ui/markdown/MarkwonActivity.kt:123:37 Cannot import 'onCleared'. Functions and properties can only be imported from packages or objects.
e: file:///Users/HONGBGU/Documents/seadroid/app/src/main/java/com/seafile/seadroid2/ui/markdown/MarkwonActivity.kt:124:42 Cannot import 'lifecycle'. Functions and properties can only be imported from packages or objects.
e: file:///Users/HONGBGU/Documents/seadroid/app/src/main/java/com/seafile/seadroid2/ui/markdown/MarkwonActivity.kt:125:37 Cannot import 'addObserver'. Functions and properties can only be imported from packages or objects.
e: file:///Users/HONGBGU/Documents/seadroid/app/src/main/java/com/seafile/seadroid2/ui/markdown/MarkwonActivity.kt:126:37 Cannot import 'removeObserver'. Functions and properties can only be imported from packages or objects.
e: file:///Users/HONGBGU/Documents/seadroid/app/src/main/java/com/seafile/seadroid2/ui/markdown/MarkwonActivity.kt:243:69 Unresolved reference 'FileSyncBinder'.
e: file:///Users/HONGBGU/Documents/seadroid/app/src/main/java/com/seafile/seadroid2/ui/markdown/MarkwonActivity.kt:711:73 Cannot access 'inner class AppsListAdapter : BaseAdapter': it is private in 'com/seafile/seadroid2/ui/dialog_fragment/AppChoiceDialogFragment'.
e: file:///Users/HONGBGU/Documents/seadroid/app/src/main/java/com/seafile/seadroid2/ui/markdown/MarkwonActivity.kt:1055:69 Unresolved reference 'FolderStateChangedListener'.
e: file:///Users/HONGBGU/Documents/seadroid/app/src/main/java/com/seafile/seadroid2/ui/media/image/CarouselImagePreviewActivity.kt:252:47 Unresolved reference 'observe'.
e: file:///Users/HONGBGU/Documents/seadroid/app/src/main/java/com/seafile/seadroid2/ui/media/image/CarouselImagePreviewActivity.kt:252:61 Class '<anonymous>' is not abstract and does not implement abstract member 'onChanged'.
e: file:///Users/HONGBGU/Documents/seadroid/app/src/main/java/com/seafile/seadroid2/ui/media/image/CarouselImagePreviewActivity.kt:253:13 'onChanged' overrides nothing.
e: file:///Users/HONGBGU/Documents/seadroid/app/src/main/java/com/seafile/seadroid2/ui/media/image/CarouselImagePreviewActivity.kt:263:28 Class '<anonymous>' is not abstract and does not implement abstract member 'onChanged'.
e: file:///Users/HONGBGU/Documents/seadroid/app/src/main/java/com/seafile/seadroid2/ui/media/image/CarouselImagePreviewActivity.kt:264:17 'onChanged' overrides nothing.
e: file:///Users/HONGBGU/Documents/seadroid/app/src/main/java/com/seafile/seadroid2/ui/media/image/CarouselImagePreviewActivity.kt:269:61 Class '<anonymous>' is not abstract and does not implement abstract member 'onChanged'.
e: file:///Users/HONGBGU/Documents/seadroid/app/src/main/java/com/seafile/seadroid2/ui/media/image/CarouselImagePreviewActivity.kt:270:13 'onChanged' overrides nothing.
e: file:///Users/HONGBGU/Documents/seadroid/app/src/main/java/com/seafile/seadroid2/ui/media/image/CarouselImagePreviewActivity.kt:274:57 Unresolved reference 'starred'.
e: file:///Users/HONGBGU/Documents/seadroid/app/src/main/java/com/seafile/seadroid2/ui/media/image/CarouselImagePreviewActivity.kt:280:55 Class '<anonymous>' is not abstract and does not implement abstract member 'onChanged'.
e: file:///Users/HONGBGU/Documents/seadroid/app/src/main/java/com/seafile/seadroid2/ui/media/image/CarouselImagePreviewActivity.kt:281:13 'onChanged' overrides nothing.
e: file:///Users/HONGBGU/Documents/seadroid/app/src/main/java/com/seafile/seadroid2/ui/media/image/CarouselImagePreviewActivity.kt:300:31 Overload resolution ambiguity between candidates:
fun setTitle(@StringRes() p0: Int): Unit
fun setTitle(p0: CharSequence!): Unit
e: file:///Users/HONGBGU/Documents/seadroid/app/src/main/java/com/seafile/seadroid2/ui/media/image/CarouselImagePreviewActivity.kt:300:83 Unresolved reference 'name'.
e: file:///Users/HONGBGU/Documents/seadroid/app/src/main/java/com/seafile/seadroid2/ui/media/image/CarouselImagePreviewActivity.kt:321:50 Type argument is not within its bounds: should be subtype of 'kotlin.Any'.
e: file:///Users/HONGBGU/Documents/seadroid/app/src/main/java/com/seafile/seadroid2/ui/media/image/CarouselImagePreviewActivity.kt:323:52 Type argument is not within its bounds: should be subtype of 'kotlin.Any'.
e: file:///Users/HONGBGU/Documents/seadroid/app/src/main/java/com/seafile/seadroid2/ui/media/image/CarouselImagePreviewActivity.kt:389:49 Interface 'interface OnPhotoTapListener : Any' does not have constructors.
e: file:///Users/HONGBGU/Documents/seadroid/app/src/main/java/com/seafile/seadroid2/ui/media/image/CarouselImagePreviewActivity.kt:390:27 Argument type mismatch: actual type is 'com.seafile.seadroid2.ui.media.image.PhotoFragment', but 'androidx.fragment.app.Fragment?' was expected.
e: file:///Users/HONGBGU/Documents/seadroid/app/src/main/java/com/seafile/seadroid2/ui/media/image/CarouselImagePreviewActivity.kt:410:81 Only safe (?.) or non-null asserted (!!.) calls are allowed on a nullable receiver of type 'com.seafile.seadroid2.account.SupportAccountManager?'.
e: file:///Users/HONGBGU/Documents/seadroid/app/src/main/java/com/seafile/seadroid2/ui/media/image/CarouselImagePreviewActivity.kt:421:59 Only safe (?.) or non-null asserted (!!.) calls are allowed on a nullable receiver of type 'com.seafile.seadroid2.framework.http.HttpIO?'.
e: file:///Users/HONGBGU/Documents/seadroid/app/src/main/java/com/seafile/seadroid2/ui/media/image/CarouselImagePreviewActivity.kt:685:66 Unresolved reference 'name'.
e: file:///Users/HONGBGU/Documents/seadroid/app/src/main/java/com/seafile/seadroid2/ui/media/image/CarouselImagePreviewActivity.kt:712:53 Initializer type mismatch: expected 'kotlin.collections.MutableList<com.seafile.seadroid2.framework.db.entities.DirentModel?>', actual 'kotlin.collections.List<ERROR CLASS: Symbol not found for DirentModel>'.
e: file:///Users/HONGBGU/Documents/seadroid/app/src/main/java/com/seafile/seadroid2/ui/media/image/CarouselImagePreviewActivity.kt:797:13 Argument type mismatch: actual type is 'kotlin.String?', but 'kotlin.String' was expected.
e: file:///Users/HONGBGU/Documents/seadroid/app/src/main/java/com/seafile/seadroid2/ui/media/image/CarouselImagePreviewActivity.kt:799:13 Argument type mismatch: actual type is 'kotlin.String?', but 'kotlin.String' was expected.
e: file:///Users/HONGBGU/Documents/seadroid/app/src/main/java/com/seafile/seadroid2/ui/media/image/ImagePreviewViewModel.kt:59:30 None of the following candidates is applicable:
@SinceKotlin(...) @InlineOnly() fun <V> KMutableProperty0<V>.setValue(thisRef: Any?, property: KProperty<*>, value: V): Unit
@SinceKotlin(...) @InlineOnly() fun <T, V> KMutableProperty1<T, V>.setValue(thisRef: T, property: KProperty<*>, value: V): Unit
@InlineOnly() fun <V> MutableMap<in String, in V>.setValue(thisRef: Any?, property: KProperty<*>, value: V): Unit
e: file:///Users/HONGBGU/Documents/seadroid/app/src/main/java/com/seafile/seadroid2/ui/media/image/ImagePreviewViewModel.kt:65:13 Initializer type mismatch: expected 'io.reactivex.Single<kotlin.collections.MutableList<com.seafile.seadroid2.framework.db.entities.RepoModel?>?>', actual 'io.reactivex.Single<kotlin.collections.MutableList<com.seafile.seadroid2.framework.db.entities.RepoModel?>?>?'.
e: file:///Users/HONGBGU/Documents/seadroid/app/src/main/java/com/seafile/seadroid2/ui/media/image/ImagePreviewViewModel.kt:65:48 Only safe (?.) or non-null asserted (!!.) calls are allowed on a nullable receiver of type 'com.seafile.seadroid2.framework.db.AppDatabase?'.
e: file:///Users/HONGBGU/Documents/seadroid/app/src/main/java/com/seafile/seadroid2/ui/media/image/ImagePreviewViewModel.kt:65:58 Only safe (?.) or non-null asserted (!!.) calls are allowed on a nullable receiver of type 'com.seafile.seadroid2.framework.db.dao.RepoDAO?'.
e: file:///Users/HONGBGU/Documents/seadroid/app/src/main/java/com/seafile/seadroid2/ui/media/image/ImagePreviewViewModel.kt:69:28 Assignment type mismatch: actual type is 'io.reactivex.Single<kotlin.collections.MutableList<com.seafile.seadroid2.framework.db.entities.DirentModel?>?>?', but 'io.reactivex.Single<kotlin.collections.MutableList<com.seafile.seadroid2.framework.db.entities.DirentModel?>?>' was expected.
e: file:///Users/HONGBGU/Documents/seadroid/app/src/main/java/com/seafile/seadroid2/ui/media/image/ImagePreviewViewModel.kt:69:63 Only safe (?.) or non-null asserted (!!.) calls are allowed on a nullable receiver of type 'com.seafile.seadroid2.framework.db.AppDatabase?'.
e: file:///Users/HONGBGU/Documents/seadroid/app/src/main/java/com/seafile/seadroid2/ui/media/image/ImagePreviewViewModel.kt:70:17 Only safe (?.) or non-null asserted (!!.) calls are allowed on a nullable receiver of type 'com.seafile.seadroid2.framework.db.dao.DirentDAO?'.
e: file:///Users/HONGBGU/Documents/seadroid/app/src/main/java/com/seafile/seadroid2/ui/media/image/ImagePreviewViewModel.kt:72:28 Assignment type mismatch: actual type is 'io.reactivex.Single<kotlin.collections.MutableList<com.seafile.seadroid2.framework.db.entities.DirentModel?>?>?', but 'io.reactivex.Single<kotlin.collections.MutableList<com.seafile.seadroid2.framework.db.entities.DirentModel?>?>' was expected.
e: file:///Users/HONGBGU/Documents/seadroid/app/src/main/java/com/seafile/seadroid2/ui/media/image/ImagePreviewViewModel.kt:72:63 Only safe (?.) or non-null asserted (!!.) calls are allowed on a nullable receiver of type 'com.seafile.seadroid2.framework.db.AppDatabase?'.
e: file:///Users/HONGBGU/Documents/seadroid/app/src/main/java/com/seafile/seadroid2/ui/media/image/ImagePreviewViewModel.kt:73:17 Only safe (?.) or non-null asserted (!!.) calls are allowed on a nullable receiver of type 'com.seafile.seadroid2.framework.db.dao.DirentDAO?'.
e: file:///Users/HONGBGU/Documents/seadroid/app/src/main/java/com/seafile/seadroid2/ui/media/image/ImagePreviewViewModel.kt:80:17 Class '<anonymous>' is not abstract and does not implement abstract member 'apply'.
e: file:///Users/HONGBGU/Documents/seadroid/app/src/main/java/com/seafile/seadroid2/ui/media/image/ImagePreviewViewModel.kt:83:21 'apply' overrides nothing.
e: file:///Users/HONGBGU/Documents/seadroid/app/src/main/java/com/seafile/seadroid2/ui/media/image/ImagePreviewViewModel.kt:97:80 Argument type mismatch: actual type is 'kotlin.String?', but 'kotlin.String' was expected.
e: file:///Users/HONGBGU/Documents/seadroid/app/src/main/java/com/seafile/seadroid2/ui/media/image/ImagePreviewViewModel.kt:111:29 Only safe (?.) or non-null asserted (!!.) calls are allowed on a nullable receiver of type 'com.seafile.seadroid2.framework.http.HttpIO?'.
e: file:///Users/HONGBGU/Documents/seadroid/app/src/main/java/com/seafile/seadroid2/ui/media/image/ImagePreviewViewModel.kt:111:52 Argument type mismatch: actual type is 'java.lang.Class<com.seafile.seadroid2.ui.file.FileService>', but 'java.lang.Class<T?>' was expected.
e: file:///Users/HONGBGU/Documents/seadroid/app/src/main/java/com/seafile/seadroid2/ui/media/image/ImagePreviewViewModel.kt:112:29 Only safe (?.) or non-null asserted (!!.) calls are allowed on a nullable receiver of type 'com.seafile.seadroid2.ui.file.FileService?'.
e: file:///Users/HONGBGU/Documents/seadroid/app/src/main/java/com/seafile/seadroid2/ui/media/image/ImagePreviewViewModel.kt:113:29 Only safe (?.) or non-null asserted (!!.) calls are allowed on a nullable receiver of type 'io.reactivex.Single<com.seafile.seadroid2.framework.model.dirents.DirentFileModel?>?'.
e: file:///Users/HONGBGU/Documents/seadroid/app/src/main/java/com/seafile/seadroid2/ui/media/image/ImagePreviewViewModel.kt:124:37 Initializer type mismatch: expected 'com.seafile.seadroid2.framework.db.entities.DirentModel', actual 'com.seafile.seadroid2.framework.db.entities.DirentModel?'.
e: file:///Users/HONGBGU/Documents/seadroid/app/src/main/java/com/seafile/seadroid2/ui/media/image/ImagePreviewViewModel.kt:124:37 Type mismatch: inferred type is 'com.seafile.seadroid2.framework.db.entities.DirentModel?', but 'com.seafile.seadroid2.framework.db.entities.DirentModel' was expected.
e: file:///Users/HONGBGU/Documents/seadroid/app/src/main/java/com/seafile/seadroid2/ui/media/image/ImagePreviewViewModel.kt:153:25 Initializer type mismatch: expected 'io.reactivex.Completable', actual 'io.reactivex.Completable?'.
e: file:///Users/HONGBGU/Documents/seadroid/app/src/main/java/com/seafile/seadroid2/ui/media/image/ImagePreviewViewModel.kt:153:60 Only safe (?.) or non-null asserted (!!.) calls are allowed on a nullable receiver of type 'com.seafile.seadroid2.framework.db.AppDatabase?'.
e: file:///Users/HONGBGU/Documents/seadroid/app/src/main/java/com/seafile/seadroid2/ui/media/image/ImagePreviewViewModel.kt:153:72 Only safe (?.) or non-null asserted (!!.) calls are allowed on a nullable receiver of type 'com.seafile.seadroid2.framework.db.dao.DirentDAO?'.
e: file:///Users/HONGBGU/Documents/seadroid/app/src/main/java/com/seafile/seadroid2/ui/media/image/ImagePreviewViewModel.kt:153:83 Argument type mismatch: actual type is 'kotlin.collections.MutableList<com.seafile.seadroid2.framework.db.entities.DirentModel?>?', but 'kotlin.collections.MutableList<com.seafile.seadroid2.framework.db.entities.DirentModel>' was expected.
e: file:///Users/HONGBGU/Documents/seadroid/app/src/main/java/com/seafile/seadroid2/ui/media/image/ImagePreviewViewModel.kt:155:85 Class '<anonymous>' is not abstract and does not implement abstract member 'apply'.
e: file:///Users/HONGBGU/Documents/seadroid/app/src/main/java/com/seafile/seadroid2/ui/media/image/ImagePreviewViewModel.kt:158:25 'apply' overrides nothing.
e: file:///Users/HONGBGU/Documents/seadroid/app/src/main/java/com/seafile/seadroid2/ui/media/image/ImagePreviewViewModel.kt:170:42 None of the following candidates is applicable:
@SinceKotlin(...) @InlineOnly() fun <V> KMutableProperty0<V>.setValue(thisRef: Any?, property: KProperty<*>, value: V): Unit
@SinceKotlin(...) @InlineOnly() fun <T, V> KMutableProperty1<T, V>.setValue(thisRef: T, property: KProperty<*>, value: V): Unit
@InlineOnly() fun <V> MutableMap<in String, in V>.setValue(thisRef: Any?, property: KProperty<*>, value: V): Unit
e: file:///Users/HONGBGU/Documents/seadroid/app/src/main/java/com/seafile/seadroid2/ui/media/image/ImagePreviewViewModel.kt:177:42 None of the following candidates is applicable:
@SinceKotlin(...) @InlineOnly() fun <V> KMutableProperty0<V>.setValue(thisRef: Any?, property: KProperty<*>, value: V): Unit
@SinceKotlin(...) @InlineOnly() fun <T, V> KMutableProperty1<T, V>.setValue(thisRef: T, property: KProperty<*>, value: V): Unit
@InlineOnly() fun <V> MutableMap<in String, in V>.setValue(thisRef: Any?, property: KProperty<*>, value: V): Unit
e: file:///Users/HONGBGU/Documents/seadroid/app/src/main/java/com/seafile/seadroid2/ui/media/image/ImagePreviewViewModel.kt:179:48 None of the following candidates is applicable:
@SinceKotlin(...) @InlineOnly() fun <V> KMutableProperty0<V>.setValue(thisRef: Any?, property: KProperty<*>, value: V): Unit
@SinceKotlin(...) @InlineOnly() fun <T, V> KMutableProperty1<T, V>.setValue(thisRef: T, property: KProperty<*>, value: V): Unit
@InlineOnly() fun <V> MutableMap<in String, in V>.setValue(thisRef: Any?, property: KProperty<*>, value: V): Unit
e: file:///Users/HONGBGU/Documents/seadroid/app/src/main/java/com/seafile/seadroid2/ui/media/image/ImagePreviewViewModel.kt:180:28 Overload resolution ambiguity between candidates:
fun show(@StringRes() resId: Int): Unit
fun show(text: String?): Unit
e: file:///Users/HONGBGU/Documents/seadroid/app/src/main/java/com/seafile/seadroid2/ui/media/image/ImagePreviewViewModel.kt:180:47 Unresolved reference 'message'.
e: file:///Users/HONGBGU/Documents/seadroid/app/src/main/java/com/seafile/seadroid2/ui/media/image/ImagePreviewViewModel.kt:187:30 None of the following candidates is applicable:
@SinceKotlin(...) @InlineOnly() fun <V> KMutableProperty0<V>.setValue(thisRef: Any?, property: KProperty<*>, value: V): Unit
@SinceKotlin(...) @InlineOnly() fun <T, V> KMutableProperty1<T, V>.setValue(thisRef: T, property: KProperty<*>, value: V): Unit
@InlineOnly() fun <V> MutableMap<in String, in V>.setValue(thisRef: Any?, property: KProperty<*>, value: V): Unit
e: file:///Users/HONGBGU/Documents/seadroid/app/src/main/java/com/seafile/seadroid2/ui/media/image/ImagePreviewViewModel.kt:195:13 Only safe (?.) or non-null asserted (!!.) calls are allowed on a nullable receiver of type 'com.seafile.seadroid2.framework.http.HttpIO?'.
e: file:///Users/HONGBGU/Documents/seadroid/app/src/main/java/com/seafile/seadroid2/ui/media/image/ImagePreviewViewModel.kt:195:39 Argument type mismatch: actual type is 'java.lang.Class<com.seafile.seadroid2.ui.star.StarredService>', but 'java.lang.Class<T?>' was expected.
e: file:///Users/HONGBGU/Documents/seadroid/app/src/main/java/com/seafile/seadroid2/ui/media/image/ImagePreviewViewModel.kt:196:13 Only safe (?.) or non-null asserted (!!.) calls are allowed on a nullable receiver of type 'com.seafile.seadroid2.ui.star.StarredService?'.
e: file:///Users/HONGBGU/Documents/seadroid/app/src/main/java/com/seafile/seadroid2/ui/media/image/ImagePreviewViewModel.kt:197:13 Only safe (?.) or non-null asserted (!!.) calls are allowed on a nullable receiver of type 'io.reactivex.Single<com.seafile.seadroid2.framework.model.repo.Dirent2Model?>?'.
e: file:///Users/HONGBGU/Documents/seadroid/app/src/main/java/com/seafile/seadroid2/ui/media/image/ImagePreviewViewModel.kt:201:38 None of the following candidates is applicable:
@SinceKotlin(...) @InlineOnly() fun <V> KMutableProperty0<V>.setValue(thisRef: Any?, property: KProperty<*>, value: V): Unit
@SinceKotlin(...) @InlineOnly() fun <T, V> KMutableProperty1<T, V>.setValue(thisRef: T, property: KProperty<*>, value: V): Unit
@InlineOnly() fun <V> MutableMap<in String, in V>.setValue(thisRef: Any?, property: KProperty<*>, value: V): Unit
e: file:///Users/HONGBGU/Documents/seadroid/app/src/main/java/com/seafile/seadroid2/ui/media/image/ImagePreviewViewModel.kt:208:38 None of the following candidates is applicable:
@SinceKotlin(...) @InlineOnly() fun <V> KMutableProperty0<V>.setValue(thisRef: Any?, property: KProperty<*>, value: V): Unit
@SinceKotlin(...) @InlineOnly() fun <T, V> KMutableProperty1<T, V>.setValue(thisRef: T, property: KProperty<*>, value: V): Unit
@InlineOnly() fun <V> MutableMap<in String, in V>.setValue(thisRef: Any?, property: KProperty<*>, value: V): Unit
e: file:///Users/HONGBGU/Documents/seadroid/app/src/main/java/com/seafile/seadroid2/ui/media/image/ImagePreviewViewModel.kt:217:30 None of the following candidates is applicable:
@SinceKotlin(...) @InlineOnly() fun <V> KMutableProperty0<V>.setValue(thisRef: Any?, property: KProperty<*>, value: V): Unit
@SinceKotlin(...) @InlineOnly() fun <T, V> KMutableProperty1<T, V>.setValue(thisRef: T, property: KProperty<*>, value: V): Unit
@InlineOnly() fun <V> MutableMap<in String, in V>.setValue(thisRef: Any?, property: KProperty<*>, value: V): Unit
e: file:///Users/HONGBGU/Documents/seadroid/app/src/main/java/com/seafile/seadroid2/ui/media/image/ImagePreviewViewModel.kt:220:13 Only safe (?.) or non-null asserted (!!.) calls are allowed on a nullable receiver of type 'com.seafile.seadroid2.framework.http.HttpIO?'.
e: file:///Users/HONGBGU/Documents/seadroid/app/src/main/java/com/seafile/seadroid2/ui/media/image/ImagePreviewViewModel.kt:220:39 Argument type mismatch: actual type is 'java.lang.Class<com.seafile.seadroid2.ui.star.StarredService>', but 'java.lang.Class<T?>' was expected.
e: file:///Users/HONGBGU/Documents/seadroid/app/src/main/java/com/seafile/seadroid2/ui/media/image/ImagePreviewViewModel.kt:221:13 Only safe (?.) or non-null asserted (!!.) calls are allowed on a nullable receiver of type 'com.seafile.seadroid2.ui.star.StarredService?'.
e: file:///Users/HONGBGU/Documents/seadroid/app/src/main/java/com/seafile/seadroid2/ui/media/image/ImagePreviewViewModel.kt:222:13 Only safe (?.) or non-null asserted (!!.) calls are allowed on a nullable receiver of type 'io.reactivex.Single<com.seafile.seadroid2.framework.model.ResultModel?>?'.
e: file:///Users/HONGBGU/Documents/seadroid/app/src/main/java/com/seafile/seadroid2/ui/media/image/ImagePreviewViewModel.kt:226:38 None of the following candidates is applicable:
@SinceKotlin(...) @InlineOnly() fun <V> KMutableProperty0<V>.setValue(thisRef: Any?, property: KProperty<*>, value: V): Unit
@SinceKotlin(...) @InlineOnly() fun <T, V> KMutableProperty1<T, V>.setValue(thisRef: T, property: KProperty<*>, value: V): Unit
@InlineOnly() fun <V> MutableMap<in String, in V>.setValue(thisRef: Any?, property: KProperty<*>, value: V): Unit
e: file:///Users/HONGBGU/Documents/seadroid/app/src/main/java/com/seafile/seadroid2/ui/media/image/ImagePreviewViewModel.kt:233:38 None of the following candidates is applicable:
@SinceKotlin(...) @InlineOnly() fun <V> KMutableProperty0<V>.setValue(thisRef: Any?, property: KProperty<*>, value: V): Unit
@SinceKotlin(...) @InlineOnly() fun <T, V> KMutableProperty1<T, V>.setValue(thisRef: T, property: KProperty<*>, value: V): Unit
@InlineOnly() fun <V> MutableMap<in String, in V>.setValue(thisRef: Any?, property: KProperty<*>, value: V): Unit
e: file:///Users/HONGBGU/Documents/seadroid/app/src/main/java/com/seafile/seadroid2/ui/media/image/OnlyImagePreviewActivity.kt:69:47 Unresolved reference 'observe'.
e: file:///Users/HONGBGU/Documents/seadroid/app/src/main/java/com/seafile/seadroid2/ui/media/image/OnlyImagePreviewActivity.kt:69:61 Class '<anonymous>' is not abstract and does not implement abstract member 'onChanged'.
e: file:///Users/HONGBGU/Documents/seadroid/app/src/main/java/com/seafile/seadroid2/ui/media/image/OnlyImagePreviewActivity.kt:70:13 'onChanged' overrides nothing.
e: file:///Users/HONGBGU/Documents/seadroid/app/src/main/java/com/seafile/seadroid2/ui/media/image/OnlyImagePreviewActivity.kt:89:49 Interface 'interface OnPhotoTapListener : Any' does not have constructors.
e: file:///Users/HONGBGU/Documents/seadroid/app/src/main/java/com/seafile/seadroid2/ui/media/image/OnlyImagePreviewActivity.kt:90:27 Argument type mismatch: actual type is 'com.seafile.seadroid2.ui.media.image.PhotoFragment', but 'androidx.fragment.app.Fragment?' was expected.
e: file:///Users/HONGBGU/Documents/seadroid/app/src/main/java/com/seafile/seadroid2/ui/media/image/PhotoFragment.kt:22:23 Unresolved reference 'BaseFragment'.
e: file:///Users/HONGBGU/Documents/seadroid/app/src/main/java/com/seafile/seadroid2/ui/media/image/PhotoFragment.kt:32:37 Unresolved reference 'OnPhotoTapListener'.
e: file:///Users/HONGBGU/Documents/seadroid/app/src/main/java/com/seafile/seadroid2/ui/media/image/PhotoFragment.kt:35:51 Unresolved reference 'OnPhotoTapListener'.
e: file:///Users/HONGBGU/Documents/seadroid/app/src/main/java/com/seafile/seadroid2/ui/media/image/PhotoFragment.kt:50:5 'onSaveInstanceState' overrides nothing.
e: file:///Users/HONGBGU/Documents/seadroid/app/src/main/java/com/seafile/seadroid2/ui/media/image/PhotoFragment.kt:50:48 Unresolved reference 'Bundle'.
e: file:///Users/HONGBGU/Documents/seadroid/app/src/main/java/com/seafile/seadroid2/ui/media/image/PhotoFragment.kt:51:9 Unresolved reference 'BaseFragment'.
e: file:///Users/HONGBGU/Documents/seadroid/app/src/main/java/com/seafile/seadroid2/ui/media/image/PhotoFragment.kt:51:15 Unresolved reference 'onSaveInstanceState'.
e: file:///Users/HONGBGU/Documents/seadroid/app/src/main/java/com/seafile/seadroid2/ui/media/image/PhotoFragment.kt:52:18 Unresolved reference 'putString'.
e: file:///Users/HONGBGU/Documents/seadroid/app/src/main/java/com/seafile/seadroid2/ui/media/image/PhotoFragment.kt:53:18 Unresolved reference 'putString'.
e: file:///Users/HONGBGU/Documents/seadroid/app/src/main/java/com/seafile/seadroid2/ui/media/image/PhotoFragment.kt:54:18 Unresolved reference 'putString'.
e: file:///Users/HONGBGU/Documents/seadroid/app/src/main/java/com/seafile/seadroid2/ui/media/image/PhotoFragment.kt:55:18 Unresolved reference 'putString'.
e: file:///Users/HONGBGU/Documents/seadroid/app/src/main/java/com/seafile/seadroid2/ui/media/image/PhotoFragment.kt:58:5 'onCreate' overrides nothing.
e: file:///Users/HONGBGU/Documents/seadroid/app/src/main/java/com/seafile/seadroid2/ui/media/image/PhotoFragment.kt:58:47 Unresolved reference 'Bundle'.
e: file:///Users/HONGBGU/Documents/seadroid/app/src/main/java/com/seafile/seadroid2/ui/media/image/PhotoFragment.kt:59:9 Unresolved reference 'BaseFragment'.
e: file:///Users/HONGBGU/Documents/seadroid/app/src/main/java/com/seafile/seadroid2/ui/media/image/PhotoFragment.kt:59:15 Unresolved reference 'onCreate'.
e: file:///Users/HONGBGU/Documents/seadroid/app/src/main/java/com/seafile/seadroid2/ui/media/image/PhotoFragment.kt:62:41 Unresolved reference 'getString'.
e: file:///Users/HONGBGU/Documents/seadroid/app/src/main/java/com/seafile/seadroid2/ui/media/image/PhotoFragment.kt:63:43 Unresolved reference 'getString'.
e: file:///Users/HONGBGU/Documents/seadroid/app/src/main/java/com/seafile/seadroid2/ui/media/image/PhotoFragment.kt:64:43 Unresolved reference 'getString'.
e: file:///Users/HONGBGU/Documents/seadroid/app/src/main/java/com/seafile/seadroid2/ui/media/image/PhotoFragment.kt:65:43 Unresolved reference 'getString'.
e: file:///Users/HONGBGU/Documents/seadroid/app/src/main/java/com/seafile/seadroid2/ui/media/image/PhotoFragment.kt:67:23 Unresolved reference 'Bundle'.
e: file:///Users/HONGBGU/Documents/seadroid/app/src/main/java/com/seafile/seadroid2/ui/media/image/PhotoFragment.kt:67:33 Unresolved reference 'getArguments'.
e: file:///Users/HONGBGU/Documents/seadroid/app/src/main/java/com/seafile/seadroid2/ui/media/image/PhotoFragment.kt:72:27 Unresolved reference 'getString'.
e: file:///Users/HONGBGU/Documents/seadroid/app/src/main/java/com/seafile/seadroid2/ui/media/image/PhotoFragment.kt:73:29 Unresolved reference 'getString'.
e: file:///Users/HONGBGU/Documents/seadroid/app/src/main/java/com/seafile/seadroid2/ui/media/image/PhotoFragment.kt:74:29 Unresolved reference 'getString'.
e: file:///Users/HONGBGU/Documents/seadroid/app/src/main/java/com/seafile/seadroid2/ui/media/image/PhotoFragment.kt:75:29 Unresolved reference 'getString'.
e: file:///Users/HONGBGU/Documents/seadroid/app/src/main/java/com/seafile/seadroid2/ui/media/image/PhotoFragment.kt:76:30 Unresolved reference 'getString'.
e: file:///Users/HONGBGU/Documents/seadroid/app/src/main/java/com/seafile/seadroid2/ui/media/image/PhotoFragment.kt:80:13 Unresolved reference 'getResources'.
e: file:///Users/HONGBGU/Documents/seadroid/app/src/main/java/com/seafile/seadroid2/ui/media/image/PhotoFragment.kt:80:58 Unresolved reference 'Configuration'.
e: file:///Users/HONGBGU/Documents/seadroid/app/src/main/java/com/seafile/seadroid2/ui/media/image/PhotoFragment.kt:81:43 Unresolved reference 'Configuration'.
e: file:///Users/HONGBGU/Documents/seadroid/app/src/main/java/com/seafile/seadroid2/ui/media/image/PhotoFragment.kt:83:17 Unresolved reference 'TextUtils'.
e: file:///Users/HONGBGU/Documents/seadroid/app/src/main/java/com/seafile/seadroid2/ui/media/image/PhotoFragment.kt:83:46 Unresolved reference 'TextUtils'.
e: file:///Users/HONGBGU/Documents/seadroid/app/src/main/java/com/seafile/seadroid2/ui/media/image/PhotoFragment.kt:85:13 Unresolved reference 'not' for operator '!'.
e: file:///Users/HONGBGU/Documents/seadroid/app/src/main/java/com/seafile/seadroid2/ui/media/image/PhotoFragment.kt:85:14 Unresolved reference 'TextUtils'.
e: file:///Users/HONGBGU/Documents/seadroid/app/src/main/java/com/seafile/seadroid2/ui/media/image/PhotoFragment.kt:91:5 'onCreateView' overrides nothing.
e: file:///Users/HONGBGU/Documents/seadroid/app/src/main/java/com/seafile/seadroid2/ui/media/image/PhotoFragment.kt:92:19 Unresolved reference 'LayoutInflater'.
e: file:///Users/HONGBGU/Documents/seadroid/app/src/main/java/com/seafile/seadroid2/ui/media/image/PhotoFragment.kt:93:20 Unresolved reference 'ViewGroup'.
e: file:///Users/HONGBGU/Documents/seadroid/app/src/main/java/com/seafile/seadroid2/ui/media/image/PhotoFragment.kt:94:29 Unresolved reference 'Bundle'.
e: file:///Users/HONGBGU/Documents/seadroid/app/src/main/java/com/seafile/seadroid2/ui/media/image/PhotoFragment.kt:95:8 Unresolved reference 'View'.
e: file:///Users/HONGBGU/Documents/seadroid/app/src/main/java/com/seafile/seadroid2/ui/media/image/PhotoFragment.kt:100:5 'onViewCreated' overrides nothing.
e: file:///Users/HONGBGU/Documents/seadroid/app/src/main/java/com/seafile/seadroid2/ui/media/image/PhotoFragment.kt:100:38 Unresolved reference 'View'.
e: file:///Users/HONGBGU/Documents/seadroid/app/src/main/java/com/seafile/seadroid2/ui/media/image/PhotoFragment.kt:100:64 Unresolved reference 'Bundle'.
e: file:///Users/HONGBGU/Documents/seadroid/app/src/main/java/com/seafile/seadroid2/ui/media/image/PhotoFragment.kt:101:9 Unresolved reference 'BaseFragment'.
e: file:///Users/HONGBGU/Documents/seadroid/app/src/main/java/com/seafile/seadroid2/ui/media/image/PhotoFragment.kt:101:15 Unresolved reference 'onViewCreated'.
e: file:///Users/HONGBGU/Documents/seadroid/app/src/main/java/com/seafile/seadroid2/ui/media/image/PhotoFragment.kt:103:21 Unresolved reference 'ViewModelProvider'.
e: file:///Users/HONGBGU/Documents/seadroid/app/src/main/java/com/seafile/seadroid2/ui/media/image/PhotoFragment.kt:103:21 Assignment type mismatch: actual type is 'kotlin.text.MatchGroup?', but 'com.seafile.seadroid2.ui.media.image.PhotoViewModel?' was expected.
e: file:///Users/HONGBGU/Documents/seadroid/app/src/main/java/com/seafile/seadroid2/ui/media/image/PhotoFragment.kt:105:13 Unresolved reference 'ViewModelProvider'.
e: file:///Users/HONGBGU/Documents/seadroid/app/src/main/java/com/seafile/seadroid2/ui/media/image/PhotoFragment.kt:105:13 Assignment type mismatch: actual type is 'kotlin.text.MatchGroup?', but 'com.seafile.seadroid2.ui.media.image.ImagePreviewViewModel?' was expected.
e: file:///Users/HONGBGU/Documents/seadroid/app/src/main/java/com/seafile/seadroid2/ui/media/image/PhotoFragment.kt:105:31 Unresolved reference 'requireActivity'.
e: file:///Users/HONGBGU/Documents/seadroid/app/src/main/java/com/seafile/seadroid2/ui/media/image/PhotoFragment.kt:119:33 Unresolved reference 'SupportAccountManager'.
e: file:///Users/HONGBGU/Documents/seadroid/app/src/main/java/com/seafile/seadroid2/ui/media/image/PhotoFragment.kt:120:16 Unresolved reference 'DataManager'.
e: file:///Users/HONGBGU/Documents/seadroid/app/src/main/java/com/seafile/seadroid2/ui/media/image/PhotoFragment.kt:125:14 Unresolved reference 'observe'.
e: file:///Users/HONGBGU/Documents/seadroid/app/src/main/java/com/seafile/seadroid2/ui/media/image/PhotoFragment.kt:125:22 Unresolved reference 'getViewLifecycleOwner'.
e: file:///Users/HONGBGU/Documents/seadroid/app/src/main/java/com/seafile/seadroid2/ui/media/image/PhotoFragment.kt:125:47 Class '<anonymous>' is not abstract and does not implement abstract member 'onChanged'.
e: file:///Users/HONGBGU/Documents/seadroid/app/src/main/java/com/seafile/seadroid2/ui/media/image/PhotoFragment.kt:125:65 Unresolved reference 'SeafException'.
e: file:///Users/HONGBGU/Documents/seadroid/app/src/main/java/com/seafile/seadroid2/ui/media/image/PhotoFragment.kt:126:17 'onChanged' overrides nothing.
e: file:///Users/HONGBGU/Documents/seadroid/app/src/main/java/com/seafile/seadroid2/ui/media/image/PhotoFragment.kt:126:43 Unresolved reference 'SeafException'.
e: file:///Users/HONGBGU/Documents/seadroid/app/src/main/java/com/seafile/seadroid2/ui/media/image/PhotoFragment.kt:127:57 Unresolved reference 'View'.
e: file:///Users/HONGBGU/Documents/seadroid/app/src/main/java/com/seafile/seadroid2/ui/media/image/PhotoFragment.kt:128:55 Unresolved reference 'View'.
e: file:///Users/HONGBGU/Documents/seadroid/app/src/main/java/com/seafile/seadroid2/ui/media/image/PhotoFragment.kt:133:22 Unresolved reference 'getViewLifecycleOwner'.
e: file:///Users/HONGBGU/Documents/seadroid/app/src/main/java/com/seafile/seadroid2/ui/media/image/PhotoFragment.kt:133:47 Class '<anonymous>' is not abstract and does not implement abstract member 'onChanged'.
e: file:///Users/HONGBGU/Documents/seadroid/app/src/main/java/com/seafile/seadroid2/ui/media/image/PhotoFragment.kt:133:65 Unresolved reference 'SeafException'.
e: file:///Users/HONGBGU/Documents/seadroid/app/src/main/java/com/seafile/seadroid2/ui/media/image/PhotoFragment.kt:134:17 'onChanged' overrides nothing.
e: file:///Users/HONGBGU/Documents/seadroid/app/src/main/java/com/seafile/seadroid2/ui/media/image/PhotoFragment.kt:134:43 Unresolved reference 'SeafException'.
e: file:///Users/HONGBGU/Documents/seadroid/app/src/main/java/com/seafile/seadroid2/ui/media/image/PhotoFragment.kt:135:63 Unresolved reference 'View'.
e: file:///Users/HONGBGU/Documents/seadroid/app/src/main/java/com/seafile/seadroid2/ui/media/image/PhotoFragment.kt:136:61 Unresolved reference 'View'.
e: file:///Users/HONGBGU/Documents/seadroid/app/src/main/java/com/seafile/seadroid2/ui/media/image/PhotoFragment.kt:137:47 Overload resolution ambiguity between candidates:
fun setText(p0: CharSequence!): Unit
fun setText(p0: Int): Unit
e: file:///Users/HONGBGU/Documents/seadroid/app/src/main/java/com/seafile/seadroid2/ui/media/image/PhotoFragment.kt:137:57 Unresolved reference 'message'.
e: file:///Users/HONGBGU/Documents/seadroid/app/src/main/java/com/seafile/seadroid2/ui/media/image/PhotoFragment.kt:142:22 Unresolved reference 'getViewLifecycleOwner'.
e: file:///Users/HONGBGU/Documents/seadroid/app/src/main/java/com/seafile/seadroid2/ui/media/image/PhotoFragment.kt:142:47 Class '<anonymous>' is not abstract and does not implement abstract member 'onChanged'.
e: file:///Users/HONGBGU/Documents/seadroid/app/src/main/java/com/seafile/seadroid2/ui/media/image/PhotoFragment.kt:142:65 Unresolved reference 'DirentModel'.
e: file:///Users/HONGBGU/Documents/seadroid/app/src/main/java/com/seafile/seadroid2/ui/media/image/PhotoFragment.kt:143:17 'onChanged' overrides nothing.
e: file:///Users/HONGBGU/Documents/seadroid/app/src/main/java/com/seafile/seadroid2/ui/media/image/PhotoFragment.kt:143:53 Unresolved reference 'DirentModel'.
e: file:///Users/HONGBGU/Documents/seadroid/app/src/main/java/com/seafile/seadroid2/ui/media/image/PhotoFragment.kt:145:62 Unresolved reference 'R'.
e: file:///Users/HONGBGU/Documents/seadroid/app/src/main/java/com/seafile/seadroid2/ui/media/image/PhotoFragment.kt:146:61 Unresolved reference 'View'.
e: file:///Users/HONGBGU/Documents/seadroid/app/src/main/java/com/seafile/seadroid2/ui/media/image/PhotoFragment.kt:150:25 Unresolved reference 'TextUtils'.
e: file:///Users/HONGBGU/Documents/seadroid/app/src/main/java/com/seafile/seadroid2/ui/media/image/PhotoFragment.kt:150:55 Unresolved reference 'local_file_id'.
e: file:///Users/HONGBGU/Documents/seadroid/app/src/main/java/com/seafile/seadroid2/ui/media/image/PhotoFragment.kt:151:51 Argument type mismatch: actual type is 'kotlin.Any', but 'com.seafile.seadroid2.framework.db.entities.DirentModel' was expected.
e: file:///Users/HONGBGU/Documents/seadroid/app/src/main/java/com/seafile/seadroid2/ui/media/image/PhotoFragment.kt:154:41 Unresolved reference 'repo_id'.
e: file:///Users/HONGBGU/Documents/seadroid/app/src/main/java/com/seafile/seadroid2/ui/media/image/PhotoFragment.kt:155:41 Unresolved reference 'repo_name'.
e: file:///Users/HONGBGU/Documents/seadroid/app/src/main/java/com/seafile/seadroid2/ui/media/image/PhotoFragment.kt:156:41 Unresolved reference 'full_path'.
e: file:///Users/HONGBGU/Documents/seadroid/app/src/main/java/com/seafile/seadroid2/ui/media/image/PhotoFragment.kt:165:55 Argument type mismatch: actual type is 'kotlin.Any', but 'com.seafile.seadroid2.framework.db.entities.DirentModel' was expected.
e: file:///Users/HONGBGU/Documents/seadroid/app/src/main/java/com/seafile/seadroid2/ui/media/image/PhotoFragment.kt:172:22 Unresolved reference 'getViewLifecycleOwner'.
e: file:///Users/HONGBGU/Documents/seadroid/app/src/main/java/com/seafile/seadroid2/ui/media/image/PhotoFragment.kt:172:47 Class '<anonymous>' is not abstract and does not implement abstract member 'onChanged'.
e: file:///Users/HONGBGU/Documents/seadroid/app/src/main/java/com/seafile/seadroid2/ui/media/image/PhotoFragment.kt:173:17 'onChanged' overrides nothing.
e: file:///Users/HONGBGU/Documents/seadroid/app/src/main/java/com/seafile/seadroid2/ui/media/image/PhotoFragment.kt:179:22 Unresolved reference 'getViewLifecycleOwner'.
e: file:///Users/HONGBGU/Documents/seadroid/app/src/main/java/com/seafile/seadroid2/ui/media/image/PhotoFragment.kt:179:47 Class '<anonymous>' is not abstract and does not implement abstract member 'onChanged'.
e: file:///Users/HONGBGU/Documents/seadroid/app/src/main/java/com/seafile/seadroid2/ui/media/image/PhotoFragment.kt:180:17 'onChanged' overrides nothing.
e: file:///Users/HONGBGU/Documents/seadroid/app/src/main/java/com/seafile/seadroid2/ui/media/image/PhotoFragment.kt:190:22 Unresolved reference 'getViewLifecycleOwner'.
e: file:///Users/HONGBGU/Documents/seadroid/app/src/main/java/com/seafile/seadroid2/ui/media/image/PhotoFragment.kt:190:47 Class '<anonymous>' is not abstract and does not implement abstract member 'onChanged'.
e: file:///Users/HONGBGU/Documents/seadroid/app/src/main/java/com/seafile/seadroid2/ui/media/image/PhotoFragment.kt:190:65 Unresolved reference 'FileProfileConfigModel'.
e: file:///Users/HONGBGU/Documents/seadroid/app/src/main/java/com/seafile/seadroid2/ui/media/image/PhotoFragment.kt:191:17 'onChanged' overrides nothing.
e: file:///Users/HONGBGU/Documents/seadroid/app/src/main/java/com/seafile/seadroid2/ui/media/image/PhotoFragment.kt:191:53 Unresolved reference 'FileProfileConfigModel'.
e: file:///Users/HONGBGU/Documents/seadroid/app/src/main/java/com/seafile/seadroid2/ui/media/image/PhotoFragment.kt:192:63 Unresolved reference 'View'.
e: file:///Users/HONGBGU/Documents/seadroid/app/src/main/java/com/seafile/seadroid2/ui/media/image/PhotoFragment.kt:194:37 Unresolved reference 'DocProfileView'.
e: file:///Users/HONGBGU/Documents/seadroid/app/src/main/java/com/seafile/seadroid2/ui/media/image/PhotoFragment.kt:194:54 Unresolved reference 'DocProfileView'.
e: file:///Users/HONGBGU/Documents/seadroid/app/src/main/java/com/seafile/seadroid2/ui/media/image/PhotoFragment.kt:194:69 Unresolved reference 'requireContext'.
e: file:///Users/HONGBGU/Documents/seadroid/app/src/main/java/com/seafile/seadroid2/ui/media/image/PhotoFragment.kt:195:32 Unresolved reference 'parseData'.
e: file:///Users/HONGBGU/Documents/seadroid/app/src/main/java/com/seafile/seadroid2/ui/media/image/PhotoFragment.kt:197:29 Unresolved reference 'LinearLayout'.
e: file:///Users/HONGBGU/Documents/seadroid/app/src/main/java/com/seafile/seadroid2/ui/media/image/PhotoFragment.kt:197:57 Unresolved reference 'LinearLayout'.
e: file:///Users/HONGBGU/Documents/seadroid/app/src/main/java/com/seafile/seadroid2/ui/media/image/PhotoFragment.kt:198:54 Overload resolution ambiguity between candidates:
fun addView(p0: View!, p1: Int, p2: Int): Unit
fun addView(p0: View!, p1: Int, p2: ViewGroup.LayoutParams!): Unit
e: file:///Users/HONGBGU/Documents/seadroid/app/src/main/java/com/seafile/seadroid2/ui/media/image/PhotoFragment.kt:204:27 Unresolved reference 'TextView'.
e: file:///Users/HONGBGU/Documents/seadroid/app/src/main/java/com/seafile/seadroid2/ui/media/image/PhotoFragment.kt:204:72 Unresolved reference 'TextView'.
e: file:///Users/HONGBGU/Documents/seadroid/app/src/main/java/com/seafile/seadroid2/ui/media/image/PhotoFragment.kt:204:83 Unresolved reference 'R'.
e: file:///Users/HONGBGU/Documents/seadroid/app/src/main/java/com/seafile/seadroid2/ui/media/image/PhotoFragment.kt:205:9 Unresolved reference 'SpanUtils'.
e: file:///Users/HONGBGU/Documents/seadroid/app/src/main/java/com/seafile/seadroid2/ui/media/image/PhotoFragment.kt:206:21 Unresolved reference 'getString'.
e: file:///Users/HONGBGU/Documents/seadroid/app/src/main/java/com/seafile/seadroid2/ui/media/image/PhotoFragment.kt:206:31 Unresolved reference 'R'.
e: file:///Users/HONGBGU/Documents/seadroid/app/src/main/java/com/seafile/seadroid2/ui/media/image/PhotoFragment.kt:207:14 Unresolved reference 'setForegroundColor'.
e: file:///Users/HONGBGU/Documents/seadroid/app/src/main/java/com/seafile/seadroid2/ui/media/image/PhotoFragment.kt:207:33 Unresolved reference 'requireContext'.
e: file:///Users/HONGBGU/Documents/seadroid/app/src/main/java/com/seafile/seadroid2/ui/media/image/PhotoFragment.kt:207:82 Unresolved reference 'R'.
e: file:///Users/HONGBGU/Documents/seadroid/app/src/main/java/com/seafile/seadroid2/ui/media/image/PhotoFragment.kt:207:113 Unresolved reference 'R'.
e: file:///Users/HONGBGU/Documents/seadroid/app/src/main/java/com/seafile/seadroid2/ui/media/image/PhotoFragment.kt:210:14 Overload resolution ambiguity between candidates:
@RecentlyNonNull() fun append(@RecentlyNullable() p0: Any!): StringBuilder!
@RecentlyNonNull() fun append(@RecentlyNullable() p0: String!): StringBuilder!
@RecentlyNonNull() fun append(@RecentlyNullable() p0: StringBuffer!): StringBuilder!
@RecentlyNonNull() fun append(@RecentlyNullable() p0: CharSequence!): StringBuilder!
@RecentlyNonNull() fun append(p0: CharArray!): StringBuilder!
@RecentlyNonNull() fun append(p0: Boolean): StringBuilder!
@RecentlyNonNull() fun append(p0: Char): StringBuilder!
@RecentlyNonNull() fun append(p0: Int): StringBuilder!
@RecentlyNonNull() fun append(p0: Long): StringBuilder!
@RecentlyNonNull() fun append(p0: Float): StringBuilder!
@RecentlyNonNull() fun append(p0: Double): StringBuilder!
e: file:///Users/HONGBGU/Documents/seadroid/app/src/main/java/com/seafile/seadroid2/ui/media/image/PhotoFragment.kt:210:21 Unresolved reference 'getString'.
e: file:///Users/HONGBGU/Documents/seadroid/app/src/main/java/com/seafile/seadroid2/ui/media/image/PhotoFragment.kt:210:31 Unresolved reference 'R'.
e: file:///Users/HONGBGU/Documents/seadroid/app/src/main/java/com/seafile/seadroid2/ui/media/image/PhotoFragment.kt:211:14 Unresolved reference 'setClickSpan'.
e: file:///Users/HONGBGU/Documents/seadroid/app/src/main/java/com/seafile/seadroid2/ui/media/image/PhotoFragment.kt:212:17 Unresolved reference 'requireContext'.
e: file:///Users/HONGBGU/Documents/seadroid/app/src/main/java/com/seafile/seadroid2/ui/media/image/PhotoFragment.kt:212:49 Unresolved reference 'R'.
e: file:///Users/HONGBGU/Documents/seadroid/app/src/main/java/com/seafile/seadroid2/ui/media/image/PhotoFragment.kt:214:26 Unresolved reference 'View'.
e: file:///Users/HONGBGU/Documents/seadroid/app/src/main/java/com/seafile/seadroid2/ui/media/image/PhotoFragment.kt:215:21 'onClick' overrides nothing.
e: file:///Users/HONGBGU/Documents/seadroid/app/src/main/java/com/seafile/seadroid2/ui/media/image/PhotoFragment.kt:215:45 Unresolved reference 'View'.
e: file:///Users/HONGBGU/Documents/seadroid/app/src/main/java/com/seafile/seadroid2/ui/media/image/PhotoFragment.kt:230:56 Argument type mismatch: actual type is 'com.seafile.seadroid2.ui.media.image.<anonymous>', but 'com.seafile.seadroid2.view.photoview.OnViewActionEndListener?' was expected.
e: file:///Users/HONGBGU/Documents/seadroid/app/src/main/java/com/seafile/seadroid2/ui/media/image/PhotoFragment.kt:230:65 Unresolved reference 'OnViewActionEndListener'.
e: file:///Users/HONGBGU/Documents/seadroid/app/src/main/java/com/seafile/seadroid2/ui/media/image/PhotoFragment.kt:231:13 'onEnd' overrides nothing.
e: file:///Users/HONGBGU/Documents/seadroid/app/src/main/java/com/seafile/seadroid2/ui/media/image/PhotoFragment.kt:236:51 Argument type mismatch: actual type is 'com.seafile.seadroid2.ui.media.image.<anonymous>', but 'com.seafile.seadroid2.view.photoview.OnPhotoTapListener?' was expected.
e: file:///Users/HONGBGU/Documents/seadroid/app/src/main/java/com/seafile/seadroid2/ui/media/image/PhotoFragment.kt:236:60 Unresolved reference 'OnPhotoTapListener'.
e: file:///Users/HONGBGU/Documents/seadroid/app/src/main/java/com/seafile/seadroid2/ui/media/image/PhotoFragment.kt:237:13 'onPhotoTap' overrides nothing.
e: file:///Users/HONGBGU/Documents/seadroid/app/src/main/java/com/seafile/seadroid2/ui/media/image/PhotoFragment.kt:243:40 Unresolved reference 'onPhotoTap'.
e: file:///Users/HONGBGU/Documents/seadroid/app/src/main/java/com/seafile/seadroid2/ui/media/image/PhotoFragment.kt:248:51 Argument type mismatch: actual type is 'com.seafile.seadroid2.ui.media.image.<anonymous>', but 'com.seafile.seadroid2.view.photoview.OnViewDragListener?' was expected.
e: file:///Users/HONGBGU/Documents/seadroid/app/src/main/java/com/seafile/seadroid2/ui/media/image/PhotoFragment.kt:248:60 Unresolved reference 'OnViewDragListener'.
e: file:///Users/HONGBGU/Documents/seadroid/app/src/main/java/com/seafile/seadroid2/ui/media/image/PhotoFragment.kt:249:13 'onDrag' overrides nothing.
e: file:///Users/HONGBGU/Documents/seadroid/app/src/main/java/com/seafile/seadroid2/ui/media/image/PhotoFragment.kt:249:44 Unresolved reference 'ScrollDirection'.
e: file:///Users/HONGBGU/Documents/seadroid/app/src/main/java/com/seafile/seadroid2/ui/media/image/PhotoFragment.kt:260:18 Unresolved reference 'FrameLayout'.
e: file:///Users/HONGBGU/Documents/seadroid/app/src/main/java/com/seafile/seadroid2/ui/media/image/PhotoFragment.kt:261:57 Unresolved reference 'FrameLayout'.
e: file:///Users/HONGBGU/Documents/seadroid/app/src/main/java/com/seafile/seadroid2/ui/media/image/PhotoFragment.kt:262:13 Unresolved reference 'height'.
e: file:///Users/HONGBGU/Documents/seadroid/app/src/main/java/com/seafile/seadroid2/ui/media/image/PhotoFragment.kt:266:63 Argument type mismatch: actual type is 'com.seafile.seadroid2.ui.media.image.<anonymous>', but 'com.seafile.seadroid2.view.photoview.OnViewActionEndListener?' was expected.
e: file:///Users/HONGBGU/Documents/seadroid/app/src/main/java/com/seafile/seadroid2/ui/media/image/PhotoFragment.kt:266:72 Unresolved reference 'OnViewActionEndListener'.
e: file:///Users/HONGBGU/Documents/seadroid/app/src/main/java/com/seafile/seadroid2/ui/media/image/PhotoFragment.kt:267:13 'onEnd' overrides nothing.
e: file:///Users/HONGBGU/Documents/seadroid/app/src/main/java/com/seafile/seadroid2/ui/media/image/PhotoFragment.kt:272:58 Argument type mismatch: actual type is 'com.seafile.seadroid2.ui.media.image.<anonymous>', but 'com.seafile.seadroid2.view.photoview.OnViewDragListener?' was expected.
e: file:///Users/HONGBGU/Documents/seadroid/app/src/main/java/com/seafile/seadroid2/ui/media/image/PhotoFragment.kt:272:67 Unresolved reference 'OnViewDragListener'.
e: file:///Users/HONGBGU/Documents/seadroid/app/src/main/java/com/seafile/seadroid2/ui/media/image/PhotoFragment.kt:273:13 'onDrag' overrides nothing.
e: file:///Users/HONGBGU/Documents/seadroid/app/src/main/java/com/seafile/seadroid2/ui/media/image/PhotoFragment.kt:273:44 Unresolved reference 'ScrollDirection'.
e: file:///Users/HONGBGU/Documents/seadroid/app/src/main/java/com/seafile/seadroid2/ui/media/image/PhotoFragment.kt:275:34 Unresolved reference 'ScrollDirection'.
e: file:///Users/HONGBGU/Documents/seadroid/app/src/main/java/com/seafile/seadroid2/ui/media/image/PhotoFragment.kt:275:72 Unresolved reference 'ScrollDirection'.
e: file:///Users/HONGBGU/Documents/seadroid/app/src/main/java/com/seafile/seadroid2/ui/media/image/PhotoFragment.kt:291:37 Unresolved reference 'ScreenUtils'.
e: file:///Users/HONGBGU/Documents/seadroid/app/src/main/java/com/seafile/seadroid2/ui/media/image/PhotoFragment.kt:306:40 Unresolved reference 'SizeUtils'.
e: file:///Users/HONGBGU/Documents/seadroid/app/src/main/java/com/seafile/seadroid2/ui/media/image/PhotoFragment.kt:317:30 Unresolved reference 'ScrollDirection'.
e: file:///Users/HONGBGU/Documents/seadroid/app/src/main/java/com/seafile/seadroid2/ui/media/image/PhotoFragment.kt:319:31 Unresolved reference 'ScrollDirection'.
e: file:///Users/HONGBGU/Documents/seadroid/app/src/main/java/com/seafile/seadroid2/ui/media/image/PhotoFragment.kt:321:31 Unresolved reference 'ScrollDirection'.
e: file:///Users/HONGBGU/Documents/seadroid/app/src/main/java/com/seafile/seadroid2/ui/media/image/PhotoFragment.kt:329:17 Unresolved reference 'ScrollStatus'.
e: file:///Users/HONGBGU/Documents/seadroid/app/src/main/java/com/seafile/seadroid2/ui/media/image/PhotoFragment.kt:349:13 Unresolved reference 'ScrollStatus'.
e: file:///Users/HONGBGU/Documents/seadroid/app/src/main/java/com/seafile/seadroid2/ui/media/image/PhotoFragment.kt:358:50 Unresolved reference 'ScrollDirection'.
e: file:///Users/HONGBGU/Documents/seadroid/app/src/main/java/com/seafile/seadroid2/ui/media/image/PhotoFragment.kt:378:13 Unresolved reference 'ScrollStatus'.
e: file:///Users/HONGBGU/Documents/seadroid/app/src/main/java/com/seafile/seadroid2/ui/media/image/PhotoFragment.kt:414:30 Unresolved reference 'RectF'.
e: file:///Users/HONGBGU/Documents/seadroid/app/src/main/java/com/seafile/seadroid2/ui/media/image/PhotoFragment.kt:416:56 Unresolved reference 'top'.
e: file:///Users/HONGBGU/Documents/seadroid/app/src/main/java/com/seafile/seadroid2/ui/media/image/PhotoFragment.kt:416:74 Unresolved reference 'bottom'.
e: file:///Users/HONGBGU/Documents/seadroid/app/src/main/java/com/seafile/seadroid2/ui/media/image/PhotoFragment.kt:416:82 None of the following candidates is applicable:
@InlineOnly() fun BigDecimal.div(other: BigDecimal): BigDecimal
@InlineOnly() fun BigInteger.div(other: BigInteger): BigInteger
e: file:///Users/HONGBGU/Documents/seadroid/app/src/main/java/com/seafile/seadroid2/ui/media/image/PhotoFragment.kt:439:54 Unresolved reference 'View'.
e: file:///Users/HONGBGU/Documents/seadroid/app/src/main/java/com/seafile/seadroid2/ui/media/image/PhotoFragment.kt:440:49 Unresolved reference 'View'.
e: file:///Users/HONGBGU/Documents/seadroid/app/src/main/java/com/seafile/seadroid2/ui/media/image/PhotoFragment.kt:443:52 Unresolved reference 'View'.
e: file:///Users/HONGBGU/Documents/seadroid/app/src/main/java/com/seafile/seadroid2/ui/media/image/PhotoFragment.kt:444:47 Unresolved reference 'View'.
e: file:///Users/HONGBGU/Documents/seadroid/app/src/main/java/com/seafile/seadroid2/ui/media/image/PhotoFragment.kt:447:13 Unresolved reference 'not' for operator '!'.
e: file:///Users/HONGBGU/Documents/seadroid/app/src/main/java/com/seafile/seadroid2/ui/media/image/PhotoFragment.kt:447:14 Unresolved reference 'TextUtils'.
e: file:///Users/HONGBGU/Documents/seadroid/app/src/main/java/com/seafile/seadroid2/ui/media/image/PhotoFragment.kt:453:48 Argument type mismatch: actual type is 'kotlin.String?', but 'kotlin.String' was expected.
e: file:///Users/HONGBGU/Documents/seadroid/app/src/main/java/com/seafile/seadroid2/ui/media/image/PhotoFragment.kt:457:18 None of the following candidates is applicable:
@NonNull() static fun with(@NonNull() context: Context): GlideRequests
@Deprecated(...) @NonNull() static fun with(@NonNull() activity: Activity): GlideRequests
@NonNull() static fun with(@NonNull() activity: FragmentActivity): GlideRequests
@NonNull() static fun with(@NonNull() fragment: Fragment): GlideRequests
@Deprecated(...) @NonNull() static fun with(@NonNull() fragment: Fragment): GlideRequests
@NonNull() static fun with(@NonNull() view: View): GlideRequests
e: file:///Users/HONGBGU/Documents/seadroid/app/src/main/java/com/seafile/seadroid2/ui/media/image/PhotoFragment.kt:458:14 Unresolved reference 'load'.
e: file:///Users/HONGBGU/Documents/seadroid/app/src/main/java/com/seafile/seadroid2/ui/media/image/PhotoFragment.kt:459:32 Unresolved reference 'DiskCacheStrategy'.
e: file:///Users/HONGBGU/Documents/seadroid/app/src/main/java/com/seafile/seadroid2/ui/media/image/PhotoFragment.kt:460:25 Unresolved reference 'DrawableTransitionOptions'.
e: file:///Users/HONGBGU/Documents/seadroid/app/src/main/java/com/seafile/seadroid2/ui/media/image/PhotoFragment.kt:461:32 Unresolved reference 'RequestListener'.
e: file:///Users/HONGBGU/Documents/seadroid/app/src/main/java/com/seafile/seadroid2/ui/media/image/PhotoFragment.kt:461:48 Unresolved reference 'Drawable'.
e: file:///Users/HONGBGU/Documents/seadroid/app/src/main/java/com/seafile/seadroid2/ui/media/image/PhotoFragment.kt:462:17 'onLoadFailed' overrides nothing.
e: file:///Users/HONGBGU/Documents/seadroid/app/src/main/java/com/seafile/seadroid2/ui/media/image/PhotoFragment.kt:463:24 Unresolved reference 'GlideException'.
e: file:///Users/HONGBGU/Documents/seadroid/app/src/main/java/com/seafile/seadroid2/ui/media/image/PhotoFragment.kt:465:36 Unresolved reference 'Drawable'.
e: file:///Users/HONGBGU/Documents/seadroid/app/src/main/java/com/seafile/seadroid2/ui/media/image/PhotoFragment.kt:468:57 Unresolved reference 'View'.
e: file:///Users/HONGBGU/Documents/seadroid/app/src/main/java/com/seafile/seadroid2/ui/media/image/PhotoFragment.kt:469:55 Unresolved reference 'View'.
e: file:///Users/HONGBGU/Documents/seadroid/app/src/main/java/com/seafile/seadroid2/ui/media/image/PhotoFragment.kt:473:17 'onResourceReady' overrides nothing.
e: file:///Users/HONGBGU/Documents/seadroid/app/src/main/java/com/seafile/seadroid2/ui/media/image/PhotoFragment.kt:474:31 Unresolved reference 'Drawable'.
e: file:///Users/HONGBGU/Documents/seadroid/app/src/main/java/com/seafile/seadroid2/ui/media/image/PhotoFragment.kt:476:36 Unresolved reference 'Drawable'.
e: file:///Users/HONGBGU/Documents/seadroid/app/src/main/java/com/seafile/seadroid2/ui/media/image/PhotoFragment.kt:480:57 Unresolved reference 'View'.
e: file:///Users/HONGBGU/Documents/seadroid/app/src/main/java/com/seafile/seadroid2/ui/media/image/PhotoFragment.kt:515:18 None of the following candidates is applicable:
@NonNull() static fun with(@NonNull() context: Context): GlideRequests
@Deprecated(...) @NonNull() static fun with(@NonNull() activity: Activity): GlideRequests
@NonNull() static fun with(@NonNull() activity: FragmentActivity): GlideRequests
@NonNull() static fun with(@NonNull() fragment: Fragment): GlideRequests
@Deprecated(...) @NonNull() static fun with(@NonNull() fragment: Fragment): GlideRequests
@NonNull() static fun with(@NonNull() view: View): GlideRequests
e: file:///Users/HONGBGU/Documents/seadroid/app/src/main/java/com/seafile/seadroid2/ui/media/image/PhotoFragment.kt:516:14 Unresolved reference 'load'.
e: file:///Users/HONGBGU/Documents/seadroid/app/src/main/java/com/seafile/seadroid2/ui/media/image/PhotoFragment.kt:517:32 Unresolved reference 'DiskCacheStrategy'.
e: file:///Users/HONGBGU/Documents/seadroid/app/src/main/java/com/seafile/seadroid2/ui/media/image/PhotoFragment.kt:518:25 Unresolved reference 'DrawableTransitionOptions'.
e: file:///Users/HONGBGU/Documents/seadroid/app/src/main/java/com/seafile/seadroid2/ui/media/image/PhotoFragment.kt:519:32 Unresolved reference 'RequestListener'.
e: file:///Users/HONGBGU/Documents/seadroid/app/src/main/java/com/seafile/seadroid2/ui/media/image/PhotoFragment.kt:519:48 Unresolved reference 'Drawable'.
e: file:///Users/HONGBGU/Documents/seadroid/app/src/main/java/com/seafile/seadroid2/ui/media/image/PhotoFragment.kt:520:17 'onLoadFailed' overrides nothing.
e: file:///Users/HONGBGU/Documents/seadroid/app/src/main/java/com/seafile/seadroid2/ui/media/image/PhotoFragment.kt:521:24 Unresolved reference 'GlideException'.
e: file:///Users/HONGBGU/Documents/seadroid/app/src/main/java/com/seafile/seadroid2/ui/media/image/PhotoFragment.kt:523:36 Unresolved reference 'Drawable'.
e: file:///Users/HONGBGU/Documents/seadroid/app/src/main/java/com/seafile/seadroid2/ui/media/image/PhotoFragment.kt:526:57 Unresolved reference 'View'.
e: file:///Users/HONGBGU/Documents/seadroid/app/src/main/java/com/seafile/seadroid2/ui/media/image/PhotoFragment.kt:527:55 Unresolved reference 'View'.
e: file:///Users/HONGBGU/Documents/seadroid/app/src/main/java/com/seafile/seadroid2/ui/media/image/PhotoFragment.kt:531:17 'onResourceReady' overrides nothing.
e: file:///Users/HONGBGU/Documents/seadroid/app/src/main/java/com/seafile/seadroid2/ui/media/image/PhotoFragment.kt:532:31 Unresolved reference 'Drawable'.
e: file:///Users/HONGBGU/Documents/seadroid/app/src/main/java/com/seafile/seadroid2/ui/media/image/PhotoFragment.kt:534:36 Unresolved reference 'Drawable'.
e: file:///Users/HONGBGU/Documents/seadroid/app/src/main/java/com/seafile/seadroid2/ui/media/image/PhotoFragment.kt:538:57 Unresolved reference 'View'.
e: file:///Users/HONGBGU/Documents/seadroid/app/src/main/java/com/seafile/seadroid2/ui/media/image/PhotoFragment.kt:543:25 Unresolved reference 'Logs'.
e: file:///Users/HONGBGU/Documents/seadroid/app/src/main/java/com/seafile/seadroid2/ui/media/image/PhotoFragment.kt:552:18 None of the following candidates is applicable:
@NonNull() static fun with(@NonNull() context: Context): GlideRequests
@Deprecated(...) @NonNull() static fun with(@NonNull() activity: Activity): GlideRequests
@NonNull() static fun with(@NonNull() activity: FragmentActivity): GlideRequests
@NonNull() static fun with(@NonNull() fragment: Fragment): GlideRequests
@Deprecated(...) @NonNull() static fun with(@NonNull() fragment: Fragment): GlideRequests
@NonNull() static fun with(@NonNull() view: View): GlideRequests
e: file:///Users/HONGBGU/Documents/seadroid/app/src/main/java/com/seafile/seadroid2/ui/media/image/PhotoFragment.kt:553:14 Unresolved reference 'asGif'.
e: file:///Users/HONGBGU/Documents/seadroid/app/src/main/java/com/seafile/seadroid2/ui/media/image/PhotoFragment.kt:555:32 Unresolved reference 'DiskCacheStrategy'.
e: file:///Users/HONGBGU/Documents/seadroid/app/src/main/java/com/seafile/seadroid2/ui/media/image/PhotoFragment.kt:557:32 Unresolved reference 'RequestListener'.
e: file:///Users/HONGBGU/Documents/seadroid/app/src/main/java/com/seafile/seadroid2/ui/media/image/PhotoFragment.kt:557:48 Unresolved reference 'GifDrawable'.
e: file:///Users/HONGBGU/Documents/seadroid/app/src/main/java/com/seafile/seadroid2/ui/media/image/PhotoFragment.kt:558:17 'onLoadFailed' overrides nothing.
e: file:///Users/HONGBGU/Documents/seadroid/app/src/main/java/com/seafile/seadroid2/ui/media/image/PhotoFragment.kt:559:24 Unresolved reference 'GlideException'.
e: file:///Users/HONGBGU/Documents/seadroid/app/src/main/java/com/seafile/seadroid2/ui/media/image/PhotoFragment.kt:561:36 Unresolved reference 'GifDrawable'.
e: file:///Users/HONGBGU/Documents/seadroid/app/src/main/java/com/seafile/seadroid2/ui/media/image/PhotoFragment.kt:564:57 Unresolved reference 'View'.
e: file:///Users/HONGBGU/Documents/seadroid/app/src/main/java/com/seafile/seadroid2/ui/media/image/PhotoFragment.kt:565:55 Unresolved reference 'View'.
e: file:///Users/HONGBGU/Documents/seadroid/app/src/main/java/com/seafile/seadroid2/ui/media/image/PhotoFragment.kt:569:17 'onResourceReady' overrides nothing.
e: file:///Users/HONGBGU/Documents/seadroid/app/src/main/java/com/seafile/seadroid2/ui/media/image/PhotoFragment.kt:570:31 Unresolved reference 'GifDrawable'.
e: file:///Users/HONGBGU/Documents/seadroid/app/src/main/java/com/seafile/seadroid2/ui/media/image/PhotoFragment.kt:572:36 Unresolved reference 'GifDrawable'.
e: file:///Users/HONGBGU/Documents/seadroid/app/src/main/java/com/seafile/seadroid2/ui/media/image/PhotoFragment.kt:576:57 Unresolved reference 'View'.
e: file:///Users/HONGBGU/Documents/seadroid/app/src/main/java/com/seafile/seadroid2/ui/media/image/PhotoFragment.kt:578:21 Unresolved reference 'Logs'.
e: file:///Users/HONGBGU/Documents/seadroid/app/src/main/java/com/seafile/seadroid2/ui/media/image/PhotoFragment.kt:590:13 Unresolved reference 'TextUtils'.
e: file:///Users/HONGBGU/Documents/seadroid/app/src/main/java/com/seafile/seadroid2/ui/media/image/PhotoFragment.kt:594:26 Unresolved reference 'MimeTypeMap'.
e: file:///Users/HONGBGU/Documents/seadroid/app/src/main/java/com/seafile/seadroid2/ui/media/image/PhotoFragment.kt:595:29 Unresolved reference 'MimeTypeMap'.
e: file:///Users/HONGBGU/Documents/seadroid/app/src/main/java/com/seafile/seadroid2/ui/media/image/PhotoFragment.kt:600:13 Unresolved reference 'TextUtils'.
e: file:///Users/HONGBGU/Documents/seadroid/app/src/main/java/com/seafile/seadroid2/ui/media/image/PhotoFragment.kt:604:47 Too many arguments for 'private final fun com/seafile/seadroid2/ui/media/image/PhotoFragment.convertThumbnailUrl(fullPath: kotlin/String?): kotlin/String?'.
e: file:///Users/HONGBGU/Documents/seadroid/app/src/main/java/com/seafile/seadroid2/ui/media/image/PhotoFragment.kt:604:55 Too many arguments for 'private final fun com/seafile/seadroid2/ui/media/image/PhotoFragment.convertThumbnailUrl(fullPath: kotlin/String?): kotlin/String?'.
e: file:///Users/HONGBGU/Documents/seadroid/app/src/main/java/com/seafile/seadroid2/ui/media/image/PhotoFragment.kt:619:13 Unresolved reference 'Logs'.
e: file:///Users/HONGBGU/Documents/seadroid/app/src/main/java/com/seafile/seadroid2/ui/media/image/PhotoFragment.kt:620:17 Unresolved reference 'not' for operator '!'.
e: file:///Users/HONGBGU/Documents/seadroid/app/src/main/java/com/seafile/seadroid2/ui/media/image/PhotoFragment.kt:620:18 Unresolved reference 'TextUtils'.
e: file:///Users/HONGBGU/Documents/seadroid/app/src/main/java/com/seafile/seadroid2/ui/media/image/PhotoFragment.kt:626:17 Unresolved reference 'TextUtils'.
e: file:///Users/HONGBGU/Documents/seadroid/app/src/main/java/com/seafile/seadroid2/ui/media/image/PhotoFragment.kt:629:13 Unresolved reference 'Logs'.
e: file:///Users/HONGBGU/Documents/seadroid/app/src/main/java/com/seafile/seadroid2/ui/media/image/PhotoFragment.kt:630:17 Unresolved reference 'not' for operator '!'.
e: file:///Users/HONGBGU/Documents/seadroid/app/src/main/java/com/seafile/seadroid2/ui/media/image/PhotoFragment.kt:630:18 Unresolved reference 'TextUtils'.
e: file:///Users/HONGBGU/Documents/seadroid/app/src/main/java/com/seafile/seadroid2/ui/media/image/PhotoFragment.kt:642:13 Unresolved reference 'Logs'.
e: file:///Users/HONGBGU/Documents/seadroid/app/src/main/java/com/seafile/seadroid2/ui/media/image/PhotoFragment.kt:646:13 Unresolved reference 'Logs'.
e: file:///Users/HONGBGU/Documents/seadroid/app/src/main/java/com/seafile/seadroid2/ui/media/image/PhotoFragment.kt:647:17 Unresolved reference 'not' for operator '!'.
e: file:///Users/HONGBGU/Documents/seadroid/app/src/main/java/com/seafile/seadroid2/ui/media/image/PhotoFragment.kt:647:18 Unresolved reference 'TextUtils'.
e: file:///Users/HONGBGU/Documents/seadroid/app/src/main/java/com/seafile/seadroid2/ui/media/image/PhotoFragment.kt:664:13 Unresolved reference 'Logs'.
e: file:///Users/HONGBGU/Documents/seadroid/app/src/main/java/com/seafile/seadroid2/ui/media/image/PhotoFragment.kt:665:17 Unresolved reference 'not' for operator '!'.
e: file:///Users/HONGBGU/Documents/seadroid/app/src/main/java/com/seafile/seadroid2/ui/media/image/PhotoFragment.kt:665:18 Unresolved reference 'TextUtils'.
e: file:///Users/HONGBGU/Documents/seadroid/app/src/main/java/com/seafile/seadroid2/ui/media/image/PhotoFragment.kt:671:13 Unresolved reference 'Logs'.
e: file:///Users/HONGBGU/Documents/seadroid/app/src/main/java/com/seafile/seadroid2/ui/media/image/PhotoFragment.kt:672:17 Unresolved reference 'not' for operator '!'.
e: file:///Users/HONGBGU/Documents/seadroid/app/src/main/java/com/seafile/seadroid2/ui/media/image/PhotoFragment.kt:672:18 Unresolved reference 'TextUtils'.
e: file:///Users/HONGBGU/Documents/seadroid/app/src/main/java/com/seafile/seadroid2/ui/media/image/PhotoFragment.kt:678:13 Unresolved reference 'Logs'.
e: file:///Users/HONGBGU/Documents/seadroid/app/src/main/java/com/seafile/seadroid2/ui/media/image/PhotoFragment.kt:679:17 Unresolved reference 'not' for operator '!'.
e: file:///Users/HONGBGU/Documents/seadroid/app/src/main/java/com/seafile/seadroid2/ui/media/image/PhotoFragment.kt:679:18 Unresolved reference 'TextUtils'.
e: file:///Users/HONGBGU/Documents/seadroid/app/src/main/java/com/seafile/seadroid2/ui/media/image/PhotoFragment.kt:686:13 Unresolved reference 'Logs'.
e: file:///Users/HONGBGU/Documents/seadroid/app/src/main/java/com/seafile/seadroid2/ui/media/image/PhotoFragment.kt:687:17 Unresolved reference 'TextUtils'.
e: file:///Users/HONGBGU/Documents/seadroid/app/src/main/java/com/seafile/seadroid2/ui/media/image/PhotoFragment.kt:700:17 Unresolved reference 'Logs'.
e: file:///Users/HONGBGU/Documents/seadroid/app/src/main/java/com/seafile/seadroid2/ui/media/image/PhotoFragment.kt:719:13 Unresolved reference 'TextUtils'.
e: file:///Users/HONGBGU/Documents/seadroid/app/src/main/java/com/seafile/seadroid2/ui/media/image/PhotoFragment.kt:732:19 Unresolved reference 'View'.
e: file:///Users/HONGBGU/Documents/seadroid/app/src/main/java/com/seafile/seadroid2/ui/media/image/PhotoFragment.kt:733:13 Unresolved reference 'LayoutInflater'.
e: file:///Users/HONGBGU/Documents/seadroid/app/src/main/java/com/seafile/seadroid2/ui/media/image/PhotoFragment.kt:733:33 Unresolved reference 'requireContext'.
e: file:///Users/HONGBGU/Documents/seadroid/app/src/main/java/com/seafile/seadroid2/ui/media/image/PhotoFragment.kt:733:59 Unresolved reference 'R'.
e: file:///Users/HONGBGU/Documents/seadroid/app/src/main/java/com/seafile/seadroid2/ui/media/image/PhotoFragment.kt:736:32 Unresolved reference 'getResources'.
e: file:///Users/HONGBGU/Documents/seadroid/app/src/main/java/com/seafile/seadroid2/ui/media/image/PhotoFragment.kt:736:57 Unresolved reference 'R'.
e: file:///Users/HONGBGU/Documents/seadroid/app/src/main/java/com/seafile/seadroid2/ui/media/image/PhotoFragment.kt:737:31 Unresolved reference 'getResources'.
e: file:///Users/HONGBGU/Documents/seadroid/app/src/main/java/com/seafile/seadroid2/ui/media/image/PhotoFragment.kt:737:56 Unresolved reference 'R'.
e: file:///Users/HONGBGU/Documents/seadroid/app/src/main/java/com/seafile/seadroid2/ui/media/image/PhotoFragment.kt:738:51 Overload resolution ambiguity between candidates:
fun String?.plus(other: Any?): String
fun <T> Array<T>.plus(element: T): Array<T>
fun <T> Collection<T>.plus(element: T): List<T>
fun <T> Iterable<T>.plus(element: T): List<T>
fun <T> Set<T>.plus(element: T): Set<T>
fun <T> Sequence<T>.plus(element: T): Sequence<T>
@InlineOnly() fun Char.plus(other: String): String
e: file:///Users/HONGBGU/Documents/seadroid/app/src/main/java/com/seafile/seadroid2/ui/media/image/PhotoFragment.kt:739:48 Overload resolution ambiguity between candidates:
fun String?.plus(other: Any?): String
fun <T> Array<T>.plus(element: T): Array<T>
fun <T> Collection<T>.plus(element: T): List<T>
fun <T> Iterable<T>.plus(element: T): List<T>
fun <T> Set<T>.plus(element: T): Set<T>
fun <T> Sequence<T>.plus(element: T): Sequence<T>
@InlineOnly() fun Char.plus(other: String): String
e: file:///Users/HONGBGU/Documents/seadroid/app/src/main/java/com/seafile/seadroid2/ui/media/image/PhotoFragment.kt:742:34 Overload resolution ambiguity between candidates:
fun setText(p0: CharSequence!): Unit
fun setText(p0: Int): Unit
e: file:///Users/HONGBGU/Documents/seadroid/app/src/main/java/com/seafile/seadroid2/ui/media/image/PhotoFragment.kt:743:28 Overload resolution ambiguity between candidates:
fun setText(p0: CharSequence!): Unit
fun setText(p0: Int): Unit
e: file:///Users/HONGBGU/Documents/seadroid/app/src/main/java/com/seafile/seadroid2/ui/media/image/PhotoFragment.kt:746:13 Unresolved reference 'TextUtils'.
e: file:///Users/HONGBGU/Documents/seadroid/app/src/main/java/com/seafile/seadroid2/ui/media/image/PhotoFragment.kt:747:40 Overload resolution ambiguity between candidates:
fun setText(p0: CharSequence!): Unit
fun setText(p0: Int): Unit
e: file:///Users/HONGBGU/Documents/seadroid/app/src/main/java/com/seafile/seadroid2/ui/media/image/PhotoFragment.kt:747:48 Unresolved reference 'R'.
e: file:///Users/HONGBGU/Documents/seadroid/app/src/main/java/com/seafile/seadroid2/ui/media/image/PhotoFragment.kt:751:79 Overload resolution ambiguity between candidates:
fun setText(p0: CharSequence!): Unit
fun setText(p0: Int): Unit
e: file:///Users/HONGBGU/Documents/seadroid/app/src/main/java/com/seafile/seadroid2/ui/media/image/PhotoFragment.kt:751:87 Unresolved reference 'R'.
e: file:///Users/HONGBGU/Documents/seadroid/app/src/main/java/com/seafile/seadroid2/ui/media/image/PhotoFragment.kt:752:86 Overload resolution ambiguity between candidates:
fun setText(p0: CharSequence!): Unit
fun setText(p0: Int): Unit
e: file:///Users/HONGBGU/Documents/seadroid/app/src/main/java/com/seafile/seadroid2/ui/media/image/PhotoFragment.kt:752:94 Unresolved reference 'R'.
e: file:///Users/HONGBGU/Documents/seadroid/app/src/main/java/com/seafile/seadroid2/ui/media/image/PhotoFragment.kt:753:52 Overload resolution ambiguity between candidates:
fun setText(p0: CharSequence!): Unit
fun setText(p0: Int): Unit
e: file:///Users/HONGBGU/Documents/seadroid/app/src/main/java/com/seafile/seadroid2/ui/media/image/PhotoFragment.kt:753:60 Unresolved reference 'R'.
e: file:///Users/HONGBGU/Documents/seadroid/app/src/main/java/com/seafile/seadroid2/ui/media/image/PhotoFragment.kt:758:13 Unresolved reference 'TextUtils'.
e: file:///Users/HONGBGU/Documents/seadroid/app/src/main/java/com/seafile/seadroid2/ui/media/image/PhotoFragment.kt:769:17 Unresolved reference 'Logs'.
e: file:///Users/HONGBGU/Documents/seadroid/app/src/main/java/com/seafile/seadroid2/ui/media/image/PhotoFragment.kt:777:13 Unresolved reference 'TextUtils'.
e: file:///Users/HONGBGU/Documents/seadroid/app/src/main/java/com/seafile/seadroid2/ui/media/image/PhotoFragment.kt:797:13 Unresolved reference 'TextUtils'.
e: file:///Users/HONGBGU/Documents/seadroid/app/src/main/java/com/seafile/seadroid2/ui/media/image/PhotoFragment.kt:804:13 Unresolved reference 'TextUtils'.
e: file:///Users/HONGBGU/Documents/seadroid/app/src/main/java/com/seafile/seadroid2/ui/media/image/PhotoFragment.kt:811:57 Unresolved reference 'R'.
e: file:///Users/HONGBGU/Documents/seadroid/app/src/main/java/com/seafile/seadroid2/ui/media/image/PhotoFragment.kt:812:57 Unresolved reference 'R'.
e: file:///Users/HONGBGU/Documents/seadroid/app/src/main/java/com/seafile/seadroid2/ui/media/image/PhotoFragment.kt:814:57 Unresolved reference 'R'.
e: file:///Users/HONGBGU/Documents/seadroid/app/src/main/java/com/seafile/seadroid2/ui/media/image/PhotoFragment.kt:815:57 Unresolved reference 'R'.
e: file:///Users/HONGBGU/Documents/seadroid/app/src/main/java/com/seafile/seadroid2/ui/media/image/PhotoFragment.kt:818:17 Unresolved reference 'LinearLayout'.
e: file:///Users/HONGBGU/Documents/seadroid/app/src/main/java/com/seafile/seadroid2/ui/media/image/PhotoFragment.kt:818:45 Unresolved reference 'LinearLayout'.
e: file:///Users/HONGBGU/Documents/seadroid/app/src/main/java/com/seafile/seadroid2/ui/media/image/PhotoFragment.kt:819:12 Unresolved reference 'topMargin'.
e: file:///Users/HONGBGU/Documents/seadroid/app/src/main/java/com/seafile/seadroid2/ui/media/image/PhotoFragment.kt:819:24 Unresolved reference 'DP'.
e: file:///Users/HONGBGU/Documents/seadroid/app/src/main/java/com/seafile/seadroid2/ui/media/image/PhotoFragment.kt:820:12 Unresolved reference 'leftMargin'.
e: file:///Users/HONGBGU/Documents/seadroid/app/src/main/java/com/seafile/seadroid2/ui/media/image/PhotoFragment.kt:820:25 Unresolved reference 'DP'.
e: file:///Users/HONGBGU/Documents/seadroid/app/src/main/java/com/seafile/seadroid2/ui/media/image/PhotoFragment.kt:821:12 Unresolved reference 'rightMargin'.
e: file:///Users/HONGBGU/Documents/seadroid/app/src/main/java/com/seafile/seadroid2/ui/media/image/PhotoFragment.kt:821:26 Unresolved reference 'DP'.
e: file:///Users/HONGBGU/Documents/seadroid/app/src/main/java/com/seafile/seadroid2/ui/media/image/PhotoFragment.kt:823:42 Overload resolution ambiguity between candidates:
fun addView(p0: View!, p1: Int): Unit
fun addView(p0: View!, p1: ViewGroup.LayoutParams!): Unit
e: file:///Users/HONGBGU/Documents/seadroid/app/src/main/java/com/seafile/seadroid2/ui/media/image/PhotoFragment.kt:830:23 Unresolved reference 'Bundle'.
e: file:///Users/HONGBGU/Documents/seadroid/app/src/main/java/com/seafile/seadroid2/ui/media/image/PhotoFragment.kt:830:32 Unresolved reference 'Bundle'.
e: file:///Users/HONGBGU/Documents/seadroid/app/src/main/java/com/seafile/seadroid2/ui/media/image/PhotoFragment.kt:831:18 Unresolved reference 'putString'.
e: file:///Users/HONGBGU/Documents/seadroid/app/src/main/java/com/seafile/seadroid2/ui/media/image/PhotoFragment.kt:833:22 Unresolved reference 'setArguments'.
e: file:///Users/HONGBGU/Documents/seadroid/app/src/main/java/com/seafile/seadroid2/ui/media/image/PhotoFragment.kt:843:23 Unresolved reference 'Bundle'.
e: file:///Users/HONGBGU/Documents/seadroid/app/src/main/java/com/seafile/seadroid2/ui/media/image/PhotoFragment.kt:843:32 Unresolved reference 'Bundle'.
e: file:///Users/HONGBGU/Documents/seadroid/app/src/main/java/com/seafile/seadroid2/ui/media/image/PhotoFragment.kt:844:18 Unresolved reference 'putString'.
e: file:///Users/HONGBGU/Documents/seadroid/app/src/main/java/com/seafile/seadroid2/ui/media/image/PhotoFragment.kt:845:18 Unresolved reference 'putString'.
e: file:///Users/HONGBGU/Documents/seadroid/app/src/main/java/com/seafile/seadroid2/ui/media/image/PhotoFragment.kt:846:18 Unresolved reference 'putString'.
e: file:///Users/HONGBGU/Documents/seadroid/app/src/main/java/com/seafile/seadroid2/ui/media/image/PhotoFragment.kt:847:18 Unresolved reference 'putString'.
e: file:///Users/HONGBGU/Documents/seadroid/app/src/main/java/com/seafile/seadroid2/ui/media/image/PhotoFragment.kt:849:22 Unresolved reference 'setArguments'.
e: file:///Users/HONGBGU/Documents/seadroid/app/src/main/java/com/seafile/seadroid2/ui/media/image/PhotoFragment.kt:853:58 Unresolved reference 'DirentModel'.
e: file:///Users/HONGBGU/Documents/seadroid/app/src/main/java/com/seafile/seadroid2/ui/media/image/PhotoFragment.kt:856:29 Unresolved reference 'repo_id'.
e: file:///Users/HONGBGU/Documents/seadroid/app/src/main/java/com/seafile/seadroid2/ui/media/image/PhotoFragment.kt:857:29 Unresolved reference 'repo_name'.
e: file:///Users/HONGBGU/Documents/seadroid/app/src/main/java/com/seafile/seadroid2/ui/media/image/PhotoFragment.kt:858:29 Unresolved reference 'full_path'.
e: file:///Users/HONGBGU/Documents/seadroid/app/src/main/java/com/seafile/seadroid2/ui/media/image/PhotoViewModel.kt:75:54 Initializer type mismatch: expected 'io.reactivex.Single<com.seafile.seadroid2.framework.model.sdoc.FileDetailModel?>', actual 'io.reactivex.Single<com.seafile.seadroid2.framework.model.sdoc.FileDetailModel?>?'.
e: file:///Users/HONGBGU/Documents/seadroid/app/src/main/java/com/seafile/seadroid2/ui/media/image/PhotoViewModel.kt:76:13 Only safe (?.) or non-null asserted (!!.) calls are allowed on a nullable receiver of type 'com.seafile.seadroid2.framework.http.HttpIO?'.
e: file:///Users/HONGBGU/Documents/seadroid/app/src/main/java/com/seafile/seadroid2/ui/media/image/PhotoViewModel.kt:76:36 Argument type mismatch: actual type is 'java.lang.Class<com.seafile.seadroid2.ui.sdoc.SDocService>', but 'java.lang.Class<T?>' was expected.
e: file:///Users/HONGBGU/Documents/seadroid/app/src/main/java/com/seafile/seadroid2/ui/media/image/PhotoViewModel.kt:77:13 Only safe (?.) or non-null asserted (!!.) calls are allowed on a nullable receiver of type 'com.seafile.seadroid2.ui.sdoc.SDocService?'.
e: file:///Users/HONGBGU/Documents/seadroid/app/src/main/java/com/seafile/seadroid2/ui/media/image/PhotoViewModel.kt:80:13 Only safe (?.) or non-null asserted (!!.) calls are allowed on a nullable receiver of type 'com.seafile.seadroid2.framework.http.HttpIO?'.
e: file:///Users/HONGBGU/Documents/seadroid/app/src/main/java/com/seafile/seadroid2/ui/media/image/PhotoViewModel.kt:80:36 Argument type mismatch: actual type is 'java.lang.Class<com.seafile.seadroid2.ui.sdoc.SDocService>', but 'java.lang.Class<T?>' was expected.
e: file:///Users/HONGBGU/Documents/seadroid/app/src/main/java/com/seafile/seadroid2/ui/media/image/PhotoViewModel.kt:81:13 Only safe (?.) or non-null asserted (!!.) calls are allowed on a nullable receiver of type 'com.seafile.seadroid2.ui.sdoc.SDocService?'.
e: file:///Users/HONGBGU/Documents/seadroid/app/src/main/java/com/seafile/seadroid2/ui/media/image/PhotoViewModel.kt:82:13 Only safe (?.) or non-null asserted (!!.) calls are allowed on a nullable receiver of type 'io.reactivex.Single<com.seafile.seadroid2.framework.model.sdoc.MetadataConfigModel?>?'.
e: file:///Users/HONGBGU/Documents/seadroid/app/src/main/java/com/seafile/seadroid2/ui/media/image/PhotoViewModel.kt:87:13 Class '<anonymous>' is not abstract and does not implement abstract member 'apply'.
e: file:///Users/HONGBGU/Documents/seadroid/app/src/main/java/com/seafile/seadroid2/ui/media/image/PhotoViewModel.kt:88:17 'apply' overrides nothing.
e: file:///Users/HONGBGU/Documents/seadroid/app/src/main/java/com/seafile/seadroid2/ui/media/image/PhotoViewModel.kt:132:29 Only safe (?.) or non-null asserted (!!.) calls are allowed on a nullable receiver of type 'com.seafile.seadroid2.framework.http.HttpIO?'.
e: file:///Users/HONGBGU/Documents/seadroid/app/src/main/java/com/seafile/seadroid2/ui/media/image/PhotoViewModel.kt:132:52 Argument type mismatch: actual type is 'java.lang.Class<com.seafile.seadroid2.ui.sdoc.SDocService>', but 'java.lang.Class<T?>' was expected.
e: file:///Users/HONGBGU/Documents/seadroid/app/src/main/java/com/seafile/seadroid2/ui/media/image/PhotoViewModel.kt:133:29 Only safe (?.) or non-null asserted (!!.) calls are allowed on a nullable receiver of type 'com.seafile.seadroid2.ui.sdoc.SDocService?'.
e: file:///Users/HONGBGU/Documents/seadroid/app/src/main/java/com/seafile/seadroid2/ui/media/image/PhotoViewModel.kt:143:29 Only safe (?.) or non-null asserted (!!.) calls are allowed on a nullable receiver of type 'com.seafile.seadroid2.framework.http.HttpIO?'.
e: file:///Users/HONGBGU/Documents/seadroid/app/src/main/java/com/seafile/seadroid2/ui/media/image/PhotoViewModel.kt:143:52 Argument type mismatch: actual type is 'java.lang.Class<com.seafile.seadroid2.ui.sdoc.SDocService>', but 'java.lang.Class<T?>' was expected.
e: file:///Users/HONGBGU/Documents/seadroid/app/src/main/java/com/seafile/seadroid2/ui/media/image/PhotoViewModel.kt:144:29 Only safe (?.) or non-null asserted (!!.) calls are allowed on a nullable receiver of type 'com.seafile.seadroid2.ui.sdoc.SDocService?'.
e: file:///Users/HONGBGU/Documents/seadroid/app/src/main/java/com/seafile/seadroid2/ui/media/image/PhotoViewModel.kt:145:29 Only safe (?.) or non-null asserted (!!.) calls are allowed on a nullable receiver of type 'io.reactivex.Single<com.seafile.seadroid2.framework.model.sdoc.FileRecordWrapperModel?>?'.
e: file:///Users/HONGBGU/Documents/seadroid/app/src/main/java/com/seafile/seadroid2/ui/media/image/PhotoViewModel.kt:154:29 Only safe (?.) or non-null asserted (!!.) calls are allowed on a nullable receiver of type 'com.seafile.seadroid2.framework.http.HttpIO?'.
e: file:///Users/HONGBGU/Documents/seadroid/app/src/main/java/com/seafile/seadroid2/ui/media/image/PhotoViewModel.kt:154:52 Argument type mismatch: actual type is 'java.lang.Class<com.seafile.seadroid2.ui.sdoc.SDocService>', but 'java.lang.Class<T?>' was expected.
e: file:///Users/HONGBGU/Documents/seadroid/app/src/main/java/com/seafile/seadroid2/ui/media/image/PhotoViewModel.kt:155:29 Only safe (?.) or non-null asserted (!!.) calls are allowed on a nullable receiver of type 'com.seafile.seadroid2.ui.sdoc.SDocService?'.
e: file:///Users/HONGBGU/Documents/seadroid/app/src/main/java/com/seafile/seadroid2/ui/media/image/PhotoViewModel.kt:156:29 Only safe (?.) or non-null asserted (!!.) calls are allowed on a nullable receiver of type 'io.reactivex.Single<com.seafile.seadroid2.framework.model.sdoc.FileTagWrapperModel?>?'.
e: file:///Users/HONGBGU/Documents/seadroid/app/src/main/java/com/seafile/seadroid2/ui/media/image/PhotoViewModel.kt:206:53 Unresolved reference 'parseByThrowable'.
e: file:///Users/HONGBGU/Documents/seadroid/app/src/main/java/com/seafile/seadroid2/ui/media/image/PhotoViewModel.kt:214:13 Initializer type mismatch: expected 'io.reactivex.Single<kotlin.collections.MutableList<com.seafile.seadroid2.framework.db.entities.DirentModel?>?>', actual 'io.reactivex.Single<kotlin.collections.MutableList<com.seafile.seadroid2.framework.db.entities.DirentModel?>?>?'.
e: file:///Users/HONGBGU/Documents/seadroid/app/src/main/java/com/seafile/seadroid2/ui/media/image/PhotoViewModel.kt:214:48 Only safe (?.) or non-null asserted (!!.) calls are allowed on a nullable receiver of type 'com.seafile.seadroid2.framework.db.AppDatabase?'.
e: file:///Users/HONGBGU/Documents/seadroid/app/src/main/java/com/seafile/seadroid2/ui/media/image/PhotoViewModel.kt:214:60 Only safe (?.) or non-null asserted (!!.) calls are allowed on a nullable receiver of type 'com.seafile.seadroid2.framework.db.dao.DirentDAO?'.
e: file:///Users/HONGBGU/Documents/seadroid/app/src/main/java/com/seafile/seadroid2/ui/media/image/PhotoViewModel.kt:216:13 Initializer type mismatch: expected 'io.reactivex.Single<kotlin.collections.MutableList<com.seafile.seadroid2.framework.db.entities.FileCacheStatusEntity?>?>', actual 'io.reactivex.Single<kotlin.collections.MutableList<com.seafile.seadroid2.framework.db.entities.FileCacheStatusEntity?>?>?'.
e: file:///Users/HONGBGU/Documents/seadroid/app/src/main/java/com/seafile/seadroid2/ui/media/image/PhotoViewModel.kt:216:48 Only safe (?.) or non-null asserted (!!.) calls are allowed on a nullable receiver of type 'com.seafile.seadroid2.framework.db.AppDatabase?'.
e: file:///Users/HONGBGU/Documents/seadroid/app/src/main/java/com/seafile/seadroid2/ui/media/image/PhotoViewModel.kt:216:69 Only safe (?.) or non-null asserted (!!.) calls are allowed on a nullable receiver of type 'com.seafile.seadroid2.framework.db.dao.FileCacheStatusDAO?'.
e: file:///Users/HONGBGU/Documents/seadroid/app/src/main/java/com/seafile/seadroid2/ui/media/image/PhotoViewModel.kt:221:17 Class '<anonymous>' is not abstract and does not implement abstract member 'apply'.
e: file:///Users/HONGBGU/Documents/seadroid/app/src/main/java/com/seafile/seadroid2/ui/media/image/PhotoViewModel.kt:224:21 'apply' overrides nothing.
e: file:///Users/HONGBGU/Documents/seadroid/app/src/main/java/com/seafile/seadroid2/ui/media/image/PhotoViewModel.kt:259:50 Initializer type mismatch: expected 'io.reactivex.Single<kotlin.String?>', actual 'io.reactivex.Single<kotlin.String?>?'.
e: file:///Users/HONGBGU/Documents/seadroid/app/src/main/java/com/seafile/seadroid2/ui/media/image/PhotoViewModel.kt:260:13 Only safe (?.) or non-null asserted (!!.) calls are allowed on a nullable receiver of type 'com.seafile.seadroid2.framework.http.HttpIO?'.
e: file:///Users/HONGBGU/Documents/seadroid/app/src/main/java/com/seafile/seadroid2/ui/media/image/PhotoViewModel.kt:260:36 Argument type mismatch: actual type is 'java.lang.Class<com.seafile.seadroid2.ui.file.FileService>', but 'java.lang.Class<T?>' was expected.
e: file:///Users/HONGBGU/Documents/seadroid/app/src/main/java/com/seafile/seadroid2/ui/media/image/PhotoViewModel.kt:261:13 Only safe (?.) or non-null asserted (!!.) calls are allowed on a nullable receiver of type 'com.seafile.seadroid2.ui.file.FileService?'.
e: file:///Users/HONGBGU/Documents/seadroid/app/src/main/java/com/seafile/seadroid2/ui/media/image/PhotoViewModel.kt:263:49 Class '<anonymous>' is not abstract and does not implement abstract member 'accept'.
e: file:///Users/HONGBGU/Documents/seadroid/app/src/main/java/com/seafile/seadroid2/ui/media/image/PhotoViewModel.kt:265:13 'accept' overrides nothing.
e: file:///Users/HONGBGU/Documents/seadroid/app/src/main/java/com/seafile/seadroid2/ui/media/image/PhotoViewModel.kt:283:50 Initializer type mismatch: expected 'io.reactivex.Single<kotlin.String?>', actual 'io.reactivex.Single<kotlin.String?>?'.
e: file:///Users/HONGBGU/Documents/seadroid/app/src/main/java/com/seafile/seadroid2/ui/media/image/PhotoViewModel.kt:284:13 Only safe (?.) or non-null asserted (!!.) calls are allowed on a nullable receiver of type 'com.seafile.seadroid2.framework.http.HttpIO?'.
e: file:///Users/HONGBGU/Documents/seadroid/app/src/main/java/com/seafile/seadroid2/ui/media/image/PhotoViewModel.kt:284:36 Argument type mismatch: actual type is 'java.lang.Class<com.seafile.seadroid2.ui.file.FileService>', but 'java.lang.Class<T?>' was expected.
e: file:///Users/HONGBGU/Documents/seadroid/app/src/main/java/com/seafile/seadroid2/ui/media/image/PhotoViewModel.kt:285:13 Only safe (?.) or non-null asserted (!!.) calls are allowed on a nullable receiver of type 'com.seafile.seadroid2.ui.file.FileService?'.
e: file:///Users/HONGBGU/Documents/seadroid/app/src/main/java/com/seafile/seadroid2/ui/media/image/PhotoViewModel.kt:305:31 Class '<anonymous>' is not abstract and does not implement abstract member 'apply'.
e: file:///Users/HONGBGU/Documents/seadroid/app/src/main/java/com/seafile/seadroid2/ui/media/image/PhotoViewModel.kt:307:17 'apply' overrides nothing.
e: file:///Users/HONGBGU/Documents/seadroid/app/src/main/java/com/seafile/seadroid2/ui/media/image/PhotoViewModel.kt:330:44 None of the following candidates is applicable:
@SinceKotlin(...) @InlineOnly() fun <V> KMutableProperty0<V>.setValue(thisRef: Any?, property: KProperty<*>, value: V): Unit
@SinceKotlin(...) @InlineOnly() fun <T, V> KMutableProperty1<T, V>.setValue(thisRef: T, property: KProperty<*>, value: V): Unit
@InlineOnly() fun <V> MutableMap<in String, in V>.setValue(thisRef: Any?, property: KProperty<*>, value: V): Unit
e: file:///Users/HONGBGU/Documents/seadroid/app/src/main/java/com/seafile/seadroid2/ui/media/image/PhotoViewModel.kt:344:66 Only safe (?.) or non-null asserted (!!.) calls are allowed on a nullable receiver of type 'com.seafile.seadroid2.account.SupportAccountManager?'.
e: file:///Users/HONGBGU/Documents/seadroid/app/src/main/java/com/seafile/seadroid2/ui/media/image/PhotoViewModel.kt:358:58 Only safe (?.) or non-null asserted (!!.) calls are allowed on a nullable receiver of type 'com.seafile.seadroid2.framework.http.HttpIO?'.
e: file:///Users/HONGBGU/Documents/seadroid/app/src/main/java/com/seafile/seadroid2/ui/media/image/PhotoViewModel.kt:421:64 Only safe (?.) or non-null asserted (!!.) calls are allowed on a nullable receiver of type 'com.seafile.seadroid2.framework.db.AppDatabase?'.
e: file:///Users/HONGBGU/Documents/seadroid/app/src/main/java/com/seafile/seadroid2/ui/media/image/PhotoViewModel.kt:421:85 Only safe (?.) or non-null asserted (!!.) calls are allowed on a nullable receiver of type 'com.seafile.seadroid2.framework.db.dao.FileCacheStatusDAO?'.
e: file:///Users/HONGBGU/Documents/seadroid/app/src/main/java/com/seafile/seadroid2/ui/media/image/ThumbnailAdapter.kt:20:46 Conflicting import: imported name 'BaseAdapter' is ambiguous.
e: file:///Users/HONGBGU/Documents/seadroid/app/src/main/java/com/seafile/seadroid2/ui/media/image/ThumbnailAdapter.kt:23:46 Conflicting import: imported name 'BaseAdapter' is ambiguous.
e: file:///Users/HONGBGU/Documents/seadroid/app/src/main/java/com/seafile/seadroid2/ui/media/image/ThumbnailAdapter.kt:25:1 Class 'ThumbnailAdapter' is not abstract and does not implement abstract base class member 'onBindViewHolder'.
e: file:///Users/HONGBGU/Documents/seadroid/app/src/main/java/com/seafile/seadroid2/ui/media/image/ThumbnailAdapter.kt:26:17 Unresolved reference 'DirentModel'.
e: file:///Users/HONGBGU/Documents/seadroid/app/src/main/java/com/seafile/seadroid2/ui/media/image/ThumbnailAdapter.kt:26:30 Unresolved reference 'ThumbnailItemViewHolder'.
e: file:///Users/HONGBGU/Documents/seadroid/app/src/main/java/com/seafile/seadroid2/ui/media/image/ThumbnailAdapter.kt:30:5 'onBindViewHolder' overrides nothing.
e: file:///Users/HONGBGU/Documents/seadroid/app/src/main/java/com/seafile/seadroid2/ui/media/image/ThumbnailAdapter.kt:33:22 Unresolved reference 'DirentModel'.
e: file:///Users/HONGBGU/Documents/seadroid/app/src/main/java/com/seafile/seadroid2/ui/media/image/ThumbnailAdapter.kt:38:5 'onCreateViewHolder' overrides nothing.
e: file:///Users/HONGBGU/Documents/seadroid/app/src/main/java/com/seafile/seadroid2/ui/media/image/ThumbnailAdapter.kt:40:20 Unresolved reference 'ViewGroup'.
e: file:///Users/HONGBGU/Documents/seadroid/app/src/main/java/com/seafile/seadroid2/ui/media/image/ThumbnailAdapter.kt:43:23 Unresolved reference 'ItemThumbnailItemVerticalBinding'.
e: file:///Users/HONGBGU/Documents/seadroid/app/src/main/java/com/seafile/seadroid2/ui/media/image/ThumbnailAdapter.kt:44:13 Unresolved reference 'LayoutInflater'.
e: file:///Users/HONGBGU/Documents/seadroid/app/src/main/java/com/seafile/seadroid2/ui/media/image/ThumbnailAdapter.kt:44:43 Unresolved reference 'getContext'.
e: file:///Users/HONGBGU/Documents/seadroid/app/src/main/java/com/seafile/seadroid2/ui/media/image/ThumbnailAdapter.kt:51:72 Unresolved reference 'DirentModel'.
e: file:///Users/HONGBGU/Documents/seadroid/app/src/main/java/com/seafile/seadroid2/ui/media/image/ThumbnailAdapter.kt:52:19 Unresolved reference 'item_position'.
e: file:///Users/HONGBGU/Documents/seadroid/app/src/main/java/com/seafile/seadroid2/ui/media/image/ThumbnailAdapter.kt:52:36 Unresolved reference 'ItemPositionEnum'.
e: file:///Users/HONGBGU/Documents/seadroid/app/src/main/java/com/seafile/seadroid2/ui/media/image/ThumbnailAdapter.kt:53:20 Unresolved reference 'itemView'.
e: file:///Users/HONGBGU/Documents/seadroid/app/src/main/java/com/seafile/seadroid2/ui/media/image/ThumbnailAdapter.kt:54:20 Unresolved reference 'itemView'.
e: file:///Users/HONGBGU/Documents/seadroid/app/src/main/java/com/seafile/seadroid2/ui/media/image/ThumbnailAdapter.kt:56:22 Overload resolution ambiguity between candidates:
@NonNull() static fun with(@NonNull() context: Context): GlideRequests
@Deprecated(...) @NonNull() static fun with(@NonNull() activity: Activity): GlideRequests
@NonNull() static fun with(@NonNull() activity: FragmentActivity): GlideRequests
@NonNull() static fun with(@NonNull() fragment: Fragment): GlideRequests
@Deprecated(...) @NonNull() static fun with(@NonNull() fragment: Fragment): GlideRequests
@NonNull() static fun with(@NonNull() view: View): GlideRequests
e: file:///Users/HONGBGU/Documents/seadroid/app/src/main/java/com/seafile/seadroid2/ui/media/image/ThumbnailAdapter.kt:56:34 Cannot access 'val binding: <ERROR TYPE REF: Symbol not found for ItemThumbnailItemVerticalBinding>': it is private in 'com/seafile/seadroid2/ui/media/image/ThumbnailAdapter.ThumbnailItemViewHolder'.
e: file:///Users/HONGBGU/Documents/seadroid/app/src/main/java/com/seafile/seadroid2/ui/media/image/ThumbnailAdapter.kt:56:42 Unresolved reference 'imageView'.
e: file:///Users/HONGBGU/Documents/seadroid/app/src/main/java/com/seafile/seadroid2/ui/media/image/ThumbnailAdapter.kt:57:18 Unresolved reference 'load'.
e: file:///Users/HONGBGU/Documents/seadroid/app/src/main/java/com/seafile/seadroid2/ui/media/image/ThumbnailAdapter.kt:57:23 Unresolved reference 'R'.
e: file:///Users/HONGBGU/Documents/seadroid/app/src/main/java/com/seafile/seadroid2/ui/media/image/ThumbnailAdapter.kt:58:30 Cannot access 'val binding: <ERROR TYPE REF: Symbol not found for ItemThumbnailItemVerticalBinding>': it is private in 'com/seafile/seadroid2/ui/media/image/ThumbnailAdapter.ThumbnailItemViewHolder'.
e: file:///Users/HONGBGU/Documents/seadroid/app/src/main/java/com/seafile/seadroid2/ui/media/image/ThumbnailAdapter.kt:58:38 Unresolved reference 'imageView'.
e: file:///Users/HONGBGU/Documents/seadroid/app/src/main/java/com/seafile/seadroid2/ui/media/image/ThumbnailAdapter.kt:62:19 Unresolved reference 'item_position'.
e: file:///Users/HONGBGU/Documents/seadroid/app/src/main/java/com/seafile/seadroid2/ui/media/image/ThumbnailAdapter.kt:62:36 Unresolved reference 'ItemPositionEnum'.
e: file:///Users/HONGBGU/Documents/seadroid/app/src/main/java/com/seafile/seadroid2/ui/media/image/ThumbnailAdapter.kt:63:20 Unresolved reference 'itemView'.
e: file:///Users/HONGBGU/Documents/seadroid/app/src/main/java/com/seafile/seadroid2/ui/media/image/ThumbnailAdapter.kt:64:20 Unresolved reference 'itemView'.
e: file:///Users/HONGBGU/Documents/seadroid/app/src/main/java/com/seafile/seadroid2/ui/media/image/ThumbnailAdapter.kt:65:22 Overload resolution ambiguity between candidates:
@NonNull() static fun with(@NonNull() context: Context): GlideRequests
@Deprecated(...) @NonNull() static fun with(@NonNull() activity: Activity): GlideRequests
@NonNull() static fun with(@NonNull() activity: FragmentActivity): GlideRequests
@NonNull() static fun with(@NonNull() fragment: Fragment): GlideRequests
@Deprecated(...) @NonNull() static fun with(@NonNull() fragment: Fragment): GlideRequests
@NonNull() static fun with(@NonNull() view: View): GlideRequests
e: file:///Users/HONGBGU/Documents/seadroid/app/src/main/java/com/seafile/seadroid2/ui/media/image/ThumbnailAdapter.kt:65:34 Cannot access 'val binding: <ERROR TYPE REF: Symbol not found for ItemThumbnailItemVerticalBinding>': it is private in 'com/seafile/seadroid2/ui/media/image/ThumbnailAdapter.ThumbnailItemViewHolder'.
e: file:///Users/HONGBGU/Documents/seadroid/app/src/main/java/com/seafile/seadroid2/ui/media/image/ThumbnailAdapter.kt:65:42 Unresolved reference 'imageView'.
e: file:///Users/HONGBGU/Documents/seadroid/app/src/main/java/com/seafile/seadroid2/ui/media/image/ThumbnailAdapter.kt:66:18 Unresolved reference 'load'.
e: file:///Users/HONGBGU/Documents/seadroid/app/src/main/java/com/seafile/seadroid2/ui/media/image/ThumbnailAdapter.kt:66:23 Unresolved reference 'R'.
e: file:///Users/HONGBGU/Documents/seadroid/app/src/main/java/com/seafile/seadroid2/ui/media/image/ThumbnailAdapter.kt:67:30 Cannot access 'val binding: <ERROR TYPE REF: Symbol not found for ItemThumbnailItemVerticalBinding>': it is private in 'com/seafile/seadroid2/ui/media/image/ThumbnailAdapter.ThumbnailItemViewHolder'.
e: file:///Users/HONGBGU/Documents/seadroid/app/src/main/java/com/seafile/seadroid2/ui/media/image/ThumbnailAdapter.kt:67:38 Unresolved reference 'imageView'.
e: file:///Users/HONGBGU/Documents/seadroid/app/src/main/java/com/seafile/seadroid2/ui/media/image/ThumbnailAdapter.kt:71:16 Unresolved reference 'itemView'.
e: file:///Users/HONGBGU/Documents/seadroid/app/src/main/java/com/seafile/seadroid2/ui/media/image/ThumbnailAdapter.kt:72:16 Unresolved reference 'itemView'.
e: file:///Users/HONGBGU/Documents/seadroid/app/src/main/java/com/seafile/seadroid2/ui/media/image/ThumbnailAdapter.kt:73:54 Unresolved reference 'repo_id'.
e: file:///Users/HONGBGU/Documents/seadroid/app/src/main/java/com/seafile/seadroid2/ui/media/image/ThumbnailAdapter.kt:73:69 Unresolved reference 'full_path'.
e: file:///Users/HONGBGU/Documents/seadroid/app/src/main/java/com/seafile/seadroid2/ui/media/image/ThumbnailAdapter.kt:74:13 Unresolved reference 'TextUtils'.
e: file:///Users/HONGBGU/Documents/seadroid/app/src/main/java/com/seafile/seadroid2/ui/media/image/ThumbnailAdapter.kt:75:20 Cannot access 'val binding: <ERROR TYPE REF: Symbol not found for ItemThumbnailItemVerticalBinding>': it is private in 'com/seafile/seadroid2/ui/media/image/ThumbnailAdapter.ThumbnailItemViewHolder'.
e: file:///Users/HONGBGU/Documents/seadroid/app/src/main/java/com/seafile/seadroid2/ui/media/image/ThumbnailAdapter.kt:75:28 Unresolved reference 'imageView'.
e: file:///Users/HONGBGU/Documents/seadroid/app/src/main/java/com/seafile/seadroid2/ui/media/image/ThumbnailAdapter.kt:75:55 Unresolved reference 'R'.
e: file:///Users/HONGBGU/Documents/seadroid/app/src/main/java/com/seafile/seadroid2/ui/media/image/ThumbnailAdapter.kt:79:32 Unresolved reference 'EncryptUtils'.
e: file:///Users/HONGBGU/Documents/seadroid/app/src/main/java/com/seafile/seadroid2/ui/media/image/ThumbnailAdapter.kt:80:18 Overload resolution ambiguity between candidates:
@NonNull() static fun with(@NonNull() context: Context): GlideRequests
@Deprecated(...) @NonNull() static fun with(@NonNull() activity: Activity): GlideRequests
@NonNull() static fun with(@NonNull() activity: FragmentActivity): GlideRequests
@NonNull() static fun with(@NonNull() fragment: Fragment): GlideRequests
@Deprecated(...) @NonNull() static fun with(@NonNull() fragment: Fragment): GlideRequests
@NonNull() static fun with(@NonNull() view: View): GlideRequests
e: file:///Users/HONGBGU/Documents/seadroid/app/src/main/java/com/seafile/seadroid2/ui/media/image/ThumbnailAdapter.kt:80:30 Cannot access 'val binding: <ERROR TYPE REF: Symbol not found for ItemThumbnailItemVerticalBinding>': it is private in 'com/seafile/seadroid2/ui/media/image/ThumbnailAdapter.ThumbnailItemViewHolder'.
e: file:///Users/HONGBGU/Documents/seadroid/app/src/main/java/com/seafile/seadroid2/ui/media/image/ThumbnailAdapter.kt:80:38 Unresolved reference 'imageView'.
e: file:///Users/HONGBGU/Documents/seadroid/app/src/main/java/com/seafile/seadroid2/ui/media/image/ThumbnailAdapter.kt:81:14 Unresolved reference 'load'.
e: file:///Users/HONGBGU/Documents/seadroid/app/src/main/java/com/seafile/seadroid2/ui/media/image/ThumbnailAdapter.kt:82:24 Unresolved reference 'ObjectKey'.
e: file:///Users/HONGBGU/Documents/seadroid/app/src/main/java/com/seafile/seadroid2/ui/media/image/ThumbnailAdapter.kt:84:14 Unresolved reference 'into'.
e: file:///Users/HONGBGU/Documents/seadroid/app/src/main/java/com/seafile/seadroid2/ui/media/image/ThumbnailAdapter.kt:84:26 Cannot access 'val binding: <ERROR TYPE REF: Symbol not found for ItemThumbnailItemVerticalBinding>': it is private in 'com/seafile/seadroid2/ui/media/image/ThumbnailAdapter.ThumbnailItemViewHolder'.
e: file:///Users/HONGBGU/Documents/seadroid/app/src/main/java/com/seafile/seadroid2/ui/media/image/ThumbnailAdapter.kt:84:34 Unresolved reference 'imageView'.
e: file:///Users/HONGBGU/Documents/seadroid/app/src/main/java/com/seafile/seadroid2/ui/media/image/ThumbnailAdapter.kt:87:22 Unresolved reference 'RequestOptions'.
e: file:///Users/HONGBGU/Documents/seadroid/app/src/main/java/com/seafile/seadroid2/ui/media/image/ThumbnailAdapter.kt:87:39 Unresolved reference 'RequestOptions'.
e: file:///Users/HONGBGU/Documents/seadroid/app/src/main/java/com/seafile/seadroid2/ui/media/image/ThumbnailAdapter.kt:88:22 Unresolved reference 'R'.
e: file:///Users/HONGBGU/Documents/seadroid/app/src/main/java/com/seafile/seadroid2/ui/media/image/ThumbnailAdapter.kt:89:19 Unresolved reference 'R'.
e: file:///Users/HONGBGU/Documents/seadroid/app/src/main/java/com/seafile/seadroid2/ui/media/image/ThumbnailAdapter.kt:90:16 Unresolved reference 'R'.
e: file:///Users/HONGBGU/Documents/seadroid/app/src/main/java/com/seafile/seadroid2/ui/media/image/ThumbnailAdapter.kt:91:28 Unresolved reference 'DiskCacheStrategy'.
e: file:///Users/HONGBGU/Documents/seadroid/app/src/main/java/com/seafile/seadroid2/ui/media/image/ThumbnailAdapter.kt:94:71 Unresolved reference 'R'.
e: file:///Users/HONGBGU/Documents/seadroid/app/src/main/java/com/seafile/seadroid2/ui/media/image/ThumbnailAdapter.kt:95:28 Unresolved reference 'ScreenUtils'.
e: file:///Users/HONGBGU/Documents/seadroid/app/src/main/java/com/seafile/seadroid2/ui/media/image/ThumbnailAdapter.kt:95:61 Overload resolution ambiguity between candidates:
fun <T> Iterable<T>.minus(element: T): List<T>
@SinceKotlin(...) fun <K, V> Map<out K, V>.minus(key: K): Map<K, V>
fun <T> Set<T>.minus(element: T): Set<T>
fun <T> Sequence<T>.minus(element: T): Sequence<T>
e: file:///Users/HONGBGU/Documents/seadroid/app/src/main/java/com/seafile/seadroid2/ui/media/image/ThumbnailAdapter.kt:99:13 Unresolved reference 'TextUtils'.
e: file:///Users/HONGBGU/Documents/seadroid/app/src/main/java/com/seafile/seadroid2/ui/media/image/ThumbnailAdapter.kt:103:55 Too many arguments for 'private final fun com/seafile/seadroid2/ui/media/image/ThumbnailAdapter.convertThumbnailUrl(repoId: kotlin/String?, fullPath: kotlin/String?): kotlin/String?'.
e: file:///Users/HONGBGU/Documents/seadroid/app/src/main/java/com/seafile/seadroid2/ui/media/image/ThumbnailAdapter.kt:107:77 Unresolved reference 'ItemThumbnailItemVerticalBinding'.
e: file:///Users/HONGBGU/Documents/seadroid/app/src/main/java/com/seafile/seadroid2/ui/media/image/ThumbnailAdapter.kt:108:9 Unresolved reference 'BaseViewHolder'.
e: file:///Users/HONGBGU/Documents/seadroid/app/src/main/java/com/seafile/seadroid2/ui/media/image/ThumbnailAdapter.kt:109:21 Unresolved reference 'getRoot'.
e: file:///Users/HONGBGU/Documents/seadroid/app/src/main/java/com/seafile/seadroid2/ui/media/image/ThumbnailAdapter.kt:112:34 Unresolved reference 'DirentModel'.
e: file:///Users/HONGBGU/Documents/seadroid/app/src/main/java/com/seafile/seadroid2/ui/media/image/ThumbnailAdapter.kt:113:34 Unresolved reference 'DirentModel'.
e: file:///Users/HONGBGU/Documents/seadroid/app/src/main/java/com/seafile/seadroid2/ui/media/image/ThumbnailAdapter.kt:113:50 Initializer type mismatch: expected 'kotlin.collections.MutableList<ERROR CLASS: Symbol not found for DirentModel?>', actual 'kotlin.collections.List<ERROR CLASS: Symbol not found for DirentModel>'.
e: file:///Users/HONGBGU/Documents/seadroid/app/src/main/java/com/seafile/seadroid2/ui/media/image/ThumbnailAdapter.kt:114:34 Unresolved reference 'DirentModel'.
e: file:///Users/HONGBGU/Documents/seadroid/app/src/main/java/com/seafile/seadroid2/ui/media/image/ThumbnailAdapter.kt:126:27 Unresolved reference 'DirentModel'.
e: file:///Users/HONGBGU/Documents/seadroid/app/src/main/java/com/seafile/seadroid2/ui/media/image/ThumbnailAdapter.kt:127:27 Unresolved reference 'DirentModel'.
e: file:///Users/HONGBGU/Documents/seadroid/app/src/main/java/com/seafile/seadroid2/ui/media/image/ThumbnailAdapter.kt:128:24 Unresolved reference 'TextUtils'.
e: file:///Users/HONGBGU/Documents/seadroid/app/src/main/java/com/seafile/seadroid2/ui/media/image/ThumbnailAdapter.kt:128:46 Unresolved reference 'full_path'.
e: file:///Users/HONGBGU/Documents/seadroid/app/src/main/java/com/seafile/seadroid2/ui/media/image/ThumbnailAdapter.kt:128:62 Unresolved reference 'full_path'.
e: file:///Users/HONGBGU/Documents/seadroid/app/src/main/java/com/seafile/seadroid2/ui/media/image/ThumbnailAdapter.kt:132:27 Unresolved reference 'DirentModel'.
e: file:///Users/HONGBGU/Documents/seadroid/app/src/main/java/com/seafile/seadroid2/ui/media/image/ThumbnailAdapter.kt:133:27 Unresolved reference 'DirentModel'.
e: file:///Users/HONGBGU/Documents/seadroid/app/src/main/java/com/seafile/seadroid2/ui/media/player/CustomExoVideoPlayerActivity.kt:99:26 Argument type mismatch: actual type is 'kotlin.reflect.KClass<androidx.media3.common.util.UnstableApi>', but 'kotlin.Array<out kotlin.reflect.KClass<out kotlin.Annotation>>' was expected.
e: file:///Users/HONGBGU/Documents/seadroid/app/src/main/java/com/seafile/seadroid2/ui/media/player/CustomExoVideoPlayerActivity.kt:99:26 Assigning single elements to varargs in named form is prohibited.
e: file:///Users/HONGBGU/Documents/seadroid/app/src/main/java/com/seafile/seadroid2/ui/media/player/CustomExoVideoPlayerActivity.kt:107:17 'return' is prohibited here.
e: file:///Users/HONGBGU/Documents/seadroid/app/src/main/java/com/seafile/seadroid2/ui/media/player/CustomExoVideoPlayerActivity.kt:140:17 'return' is prohibited here.
e: file:///Users/HONGBGU/Documents/seadroid/app/src/main/java/com/seafile/seadroid2/ui/media/player/CustomExoVideoPlayerActivity.kt:169:14 Unresolved reference 'observe'.
e: file:///Users/HONGBGU/Documents/seadroid/app/src/main/java/com/seafile/seadroid2/ui/media/player/CustomExoVideoPlayerActivity.kt:169:28 Class '<anonymous>' is not abstract and does not implement abstract member 'onChanged'.
e: file:///Users/HONGBGU/Documents/seadroid/app/src/main/java/com/seafile/seadroid2/ui/media/player/CustomExoVideoPlayerActivity.kt:170:17 'onChanged' overrides nothing.
e: file:///Users/HONGBGU/Documents/seadroid/app/src/main/java/com/seafile/seadroid2/ui/media/player/CustomExoVideoPlayerActivity.kt:201:26 Argument type mismatch: actual type is 'kotlin.reflect.KClass<androidx.media3.common.util.UnstableApi>', but 'kotlin.Array<out kotlin.reflect.KClass<out kotlin.Annotation>>' was expected.
e: file:///Users/HONGBGU/Documents/seadroid/app/src/main/java/com/seafile/seadroid2/ui/media/player/CustomExoVideoPlayerActivity.kt:201:26 Assigning single elements to varargs in named form is prohibited.
e: file:///Users/HONGBGU/Documents/seadroid/app/src/main/java/com/seafile/seadroid2/ui/media/player/CustomExoVideoPlayerActivity.kt:204:49 Interface 'interface PlaybackStateChangedListener : Any' does not have constructors.
e: file:///Users/HONGBGU/Documents/seadroid/app/src/main/java/com/seafile/seadroid2/ui/media/player/CustomExoVideoPlayerActivity.kt:223:35 Argument type mismatch: actual type is 'androidx.media3.exoplayer.ExoPlayer?', but 'androidx.media3.common.Player' was expected.
e: file:///Users/HONGBGU/Documents/seadroid/app/src/main/java/com/seafile/seadroid2/ui/media/player/CustomExoVideoPlayerActivity.kt:330:26 Argument type mismatch: actual type is 'kotlin.reflect.KClass<androidx.media3.common.util.UnstableApi>', but 'kotlin.Array<out kotlin.reflect.KClass<out kotlin.Annotation>>' was expected.
e: file:///Users/HONGBGU/Documents/seadroid/app/src/main/java/com/seafile/seadroid2/ui/media/player/CustomExoVideoPlayerActivity.kt:330:26 Assigning single elements to varargs in named form is prohibited.
e: file:///Users/HONGBGU/Documents/seadroid/app/src/main/java/com/seafile/seadroid2/ui/media/player/PlayerViewModel.kt:25:36 None of the following candidates is applicable:
@SinceKotlin(...) @InlineOnly() fun <V> KMutableProperty0<V>.setValue(thisRef: Any?, property: KProperty<*>, value: V): Unit
@SinceKotlin(...) @InlineOnly() fun <T, V> KMutableProperty1<T, V>.setValue(thisRef: T, property: KProperty<*>, value: V): Unit
@InlineOnly() fun <V> MutableMap<in String, in V>.setValue(thisRef: Any?, property: KProperty<*>, value: V): Unit
e: file:///Users/HONGBGU/Documents/seadroid/app/src/main/java/com/seafile/seadroid2/ui/media/player/PlayerViewModel.kt:28:13 Initializer type mismatch: expected 'io.reactivex.Single<kotlin.collections.MutableList<com.seafile.seadroid2.framework.db.entities.FileCacheStatusEntity?>?>', actual 'io.reactivex.Single<kotlin.collections.MutableList<com.seafile.seadroid2.framework.db.entities.FileCacheStatusEntity?>?>?'.
e: file:///Users/HONGBGU/Documents/seadroid/app/src/main/java/com/seafile/seadroid2/ui/media/player/PlayerViewModel.kt:28:48 Only safe (?.) or non-null asserted (!!.) calls are allowed on a nullable receiver of type 'com.seafile.seadroid2.framework.db.AppDatabase?'.
e: file:///Users/HONGBGU/Documents/seadroid/app/src/main/java/com/seafile/seadroid2/ui/media/player/PlayerViewModel.kt:28:69 Only safe (?.) or non-null asserted (!!.) calls are allowed on a nullable receiver of type 'com.seafile.seadroid2.framework.db.dao.FileCacheStatusDAO?'.
e: file:///Users/HONGBGU/Documents/seadroid/app/src/main/java/com/seafile/seadroid2/ui/media/player/PlayerViewModel.kt:57:48 None of the following candidates is applicable:
@SinceKotlin(...) @InlineOnly() fun <V> KMutableProperty0<V>.setValue(thisRef: Any?, property: KProperty<*>, value: V): Unit
@SinceKotlin(...) @InlineOnly() fun <T, V> KMutableProperty1<T, V>.setValue(thisRef: T, property: KProperty<*>, value: V): Unit
@InlineOnly() fun <V> MutableMap<in String, in V>.setValue(thisRef: Any?, property: KProperty<*>, value: V): Unit
e: file:///Users/HONGBGU/Documents/seadroid/app/src/main/java/com/seafile/seadroid2/ui/media/player/PlayerViewModel.kt:64:40 None of the following candidates is applicable:
@SinceKotlin(...) @InlineOnly() fun <V> KMutableProperty0<V>.setValue(thisRef: Any?, property: KProperty<*>, value: V): Unit
@SinceKotlin(...) @InlineOnly() fun <T, V> KMutableProperty1<T, V>.setValue(thisRef: T, property: KProperty<*>, value: V): Unit
@InlineOnly() fun <V> MutableMap<in String, in V>.setValue(thisRef: Any?, property: KProperty<*>, value: V): Unit
e: file:///Users/HONGBGU/Documents/seadroid/app/src/main/java/com/seafile/seadroid2/ui/media/player/PlayerViewModel.kt:69:13 Initializer type mismatch: expected 'io.reactivex.Single<kotlin.String?>', actual 'io.reactivex.Single<kotlin.String?>?'.
e: file:///Users/HONGBGU/Documents/seadroid/app/src/main/java/com/seafile/seadroid2/ui/media/player/PlayerViewModel.kt:69:50 Only safe (?.) or non-null asserted (!!.) calls are allowed on a nullable receiver of type 'com.seafile.seadroid2.framework.http.HttpIO?'.
e: file:///Users/HONGBGU/Documents/seadroid/app/src/main/java/com/seafile/seadroid2/ui/media/player/PlayerViewModel.kt:69:73 Argument type mismatch: actual type is 'java.lang.Class<com.seafile.seadroid2.ui.file.FileService>', but 'java.lang.Class<T?>' was expected.
e: file:///Users/HONGBGU/Documents/seadroid/app/src/main/java/com/seafile/seadroid2/ui/media/player/PlayerViewModel.kt:70:17 Only safe (?.) or non-null asserted (!!.) calls are allowed on a nullable receiver of type 'com.seafile.seadroid2.ui.file.FileService?'.
e: file:///Users/HONGBGU/Documents/seadroid/app/src/main/java/com/seafile/seadroid2/ui/media/player/PlayerViewModel.kt:74:48 None of the following candidates is applicable:
@SinceKotlin(...) @InlineOnly() fun <V> KMutableProperty0<V>.setValue(thisRef: Any?, property: KProperty<*>, value: V): Unit
@SinceKotlin(...) @InlineOnly() fun <T, V> KMutableProperty1<T, V>.setValue(thisRef: T, property: KProperty<*>, value: V): Unit
@InlineOnly() fun <V> MutableMap<in String, in V>.setValue(thisRef: Any?, property: KProperty<*>, value: V): Unit
e: file:///Users/HONGBGU/Documents/seadroid/app/src/main/java/com/seafile/seadroid2/ui/media/player/PlayerViewModel.kt:84:44 None of the following candidates is applicable:
@SinceKotlin(...) @InlineOnly() fun <V> KMutableProperty0<V>.setValue(thisRef: Any?, property: KProperty<*>, value: V): Unit
@SinceKotlin(...) @InlineOnly() fun <T, V> KMutableProperty1<T, V>.setValue(thisRef: T, property: KProperty<*>, value: V): Unit
@InlineOnly() fun <V> MutableMap<in String, in V>.setValue(thisRef: Any?, property: KProperty<*>, value: V): Unit
e: file:///Users/HONGBGU/Documents/seadroid/app/src/main/java/com/seafile/seadroid2/ui/repo/RepoQuickAdapter.kt:23:26 Unresolved reference 'BaseMultiAdapter'.
e: file:///Users/HONGBGU/Documents/seadroid/app/src/main/java/com/seafile/seadroid2/ui/repo/RepoQuickAdapter.kt:23:43 Unresolved reference 'BaseModel'.
e: file:///Users/HONGBGU/Documents/seadroid/app/src/main/java/com/seafile/seadroid2/ui/repo/RepoQuickAdapter.kt:30:31 Unresolved reference 'FileViewType'.
e: file:///Users/HONGBGU/Documents/seadroid/app/src/main/java/com/seafile/seadroid2/ui/repo/RepoQuickAdapter.kt:30:47 Unresolved reference 'FileViewType'.
e: file:///Users/HONGBGU/Documents/seadroid/app/src/main/java/com/seafile/seadroid2/ui/repo/RepoQuickAdapter.kt:31:29 Unresolved reference 'ObjSelectType'.
e: file:///Users/HONGBGU/Documents/seadroid/app/src/main/java/com/seafile/seadroid2/ui/repo/RepoQuickAdapter.kt:31:45 Unresolved reference 'ObjSelectType'.
e: file:///Users/HONGBGU/Documents/seadroid/app/src/main/java/com/seafile/seadroid2/ui/repo/RepoQuickAdapter.kt:33:35 Unresolved reference 'ObjSelectType'.
e: file:///Users/HONGBGU/Documents/seadroid/app/src/main/java/com/seafile/seadroid2/ui/repo/RepoQuickAdapter.kt:41:39 Unresolved reference 'FileViewType'.
e: file:///Users/HONGBGU/Documents/seadroid/app/src/main/java/com/seafile/seadroid2/ui/repo/RepoQuickAdapter.kt:51:5 'onAttachedToRecyclerView' overrides nothing.
e: file:///Users/HONGBGU/Documents/seadroid/app/src/main/java/com/seafile/seadroid2/ui/repo/RepoQuickAdapter.kt:52:9 Unresolved reference 'BaseMultiAdapter'.
e: file:///Users/HONGBGU/Documents/seadroid/app/src/main/java/com/seafile/seadroid2/ui/repo/RepoQuickAdapter.kt:52:15 Unresolved reference 'onAttachedToRecyclerView'.
e: file:///Users/HONGBGU/Documents/seadroid/app/src/main/java/com/seafile/seadroid2/ui/repo/RepoQuickAdapter.kt:53:34 Unresolved reference 'ContextCompat'.
e: file:///Users/HONGBGU/Documents/seadroid/app/src/main/java/com/seafile/seadroid2/ui/repo/RepoQuickAdapter.kt:53:57 Unresolved reference 'context'.
e: file:///Users/HONGBGU/Documents/seadroid/app/src/main/java/com/seafile/seadroid2/ui/repo/RepoQuickAdapter.kt:53:66 Unresolved reference 'R'.
e: file:///Users/HONGBGU/Documents/seadroid/app/src/main/java/com/seafile/seadroid2/ui/repo/RepoQuickAdapter.kt:55:38 Unresolved reference 'BackgroundShapeUtils'.
e: file:///Users/HONGBGU/Documents/seadroid/app/src/main/java/com/seafile/seadroid2/ui/repo/RepoQuickAdapter.kt:56:13 Unresolved reference 'BackgroundShapeUtils'.
e: file:///Users/HONGBGU/Documents/seadroid/app/src/main/java/com/seafile/seadroid2/ui/repo/RepoQuickAdapter.kt:58:13 Unresolved reference 'DP'.
e: file:///Users/HONGBGU/Documents/seadroid/app/src/main/java/com/seafile/seadroid2/ui/repo/RepoQuickAdapter.kt:60:41 Unresolved reference 'BackgroundShapeUtils'.
e: file:///Users/HONGBGU/Documents/seadroid/app/src/main/java/com/seafile/seadroid2/ui/repo/RepoQuickAdapter.kt:61:13 Unresolved reference 'BackgroundShapeUtils'.
e: file:///Users/HONGBGU/Documents/seadroid/app/src/main/java/com/seafile/seadroid2/ui/repo/RepoQuickAdapter.kt:63:13 Unresolved reference 'DP'.
e: file:///Users/HONGBGU/Documents/seadroid/app/src/main/java/com/seafile/seadroid2/ui/repo/RepoQuickAdapter.kt:65:38 Unresolved reference 'BackgroundShapeUtils'.
e: file:///Users/HONGBGU/Documents/seadroid/app/src/main/java/com/seafile/seadroid2/ui/repo/RepoQuickAdapter.kt:66:13 Unresolved reference 'BackgroundShapeUtils'.
e: file:///Users/HONGBGU/Documents/seadroid/app/src/main/java/com/seafile/seadroid2/ui/repo/RepoQuickAdapter.kt:68:13 Unresolved reference 'DP'.
e: file:///Users/HONGBGU/Documents/seadroid/app/src/main/java/com/seafile/seadroid2/ui/repo/RepoQuickAdapter.kt:70:39 Unresolved reference 'BackgroundShapeUtils'.
e: file:///Users/HONGBGU/Documents/seadroid/app/src/main/java/com/seafile/seadroid2/ui/repo/RepoQuickAdapter.kt:71:13 Unresolved reference 'BackgroundShapeUtils'.
e: file:///Users/HONGBGU/Documents/seadroid/app/src/main/java/com/seafile/seadroid2/ui/repo/RepoQuickAdapter.kt:73:13 Unresolved reference 'DP'.
e: file:///Users/HONGBGU/Documents/seadroid/app/src/main/java/com/seafile/seadroid2/ui/repo/RepoQuickAdapter.kt:76:31 Unresolved reference 'SizeUtils'.
e: file:///Users/HONGBGU/Documents/seadroid/app/src/main/java/com/seafile/seadroid2/ui/repo/RepoQuickAdapter.kt:77:24 Unresolved reference 'ContextCompat'.
e: file:///Users/HONGBGU/Documents/seadroid/app/src/main/java/com/seafile/seadroid2/ui/repo/RepoQuickAdapter.kt:77:50 Unresolved reference 'context'.
e: file:///Users/HONGBGU/Documents/seadroid/app/src/main/java/com/seafile/seadroid2/ui/repo/RepoQuickAdapter.kt:77:59 Unresolved reference 'R'.
e: file:///Users/HONGBGU/Documents/seadroid/app/src/main/java/com/seafile/seadroid2/ui/repo/RepoQuickAdapter.kt:79:32 Unresolved reference 'ContextCompat'.
e: file:///Users/HONGBGU/Documents/seadroid/app/src/main/java/com/seafile/seadroid2/ui/repo/RepoQuickAdapter.kt:79:55 Unresolved reference 'context'.
e: file:///Users/HONGBGU/Documents/seadroid/app/src/main/java/com/seafile/seadroid2/ui/repo/RepoQuickAdapter.kt:79:64 Unresolved reference 'R'.
e: file:///Users/HONGBGU/Documents/seadroid/app/src/main/java/com/seafile/seadroid2/ui/repo/RepoQuickAdapter.kt:82:39 Unresolved reference 'AccountViewHolder'.
e: file:///Users/HONGBGU/Documents/seadroid/app/src/main/java/com/seafile/seadroid2/ui/repo/RepoQuickAdapter.kt:82:65 Unresolved reference 'BaseModel'.
e: file:///Users/HONGBGU/Documents/seadroid/app/src/main/java/com/seafile/seadroid2/ui/repo/RepoQuickAdapter.kt:85:16 Unresolved reference 'binding'.
e: file:///Users/HONGBGU/Documents/seadroid/app/src/main/java/com/seafile/seadroid2/ui/repo/RepoQuickAdapter.kt:87:36 Unresolved reference 'ItemPositionEnum'.
e: file:///Users/HONGBGU/Documents/seadroid/app/src/main/java/com/seafile/seadroid2/ui/repo/RepoQuickAdapter.kt:88:20 Unresolved reference 'itemView'.
e: file:///Users/HONGBGU/Documents/seadroid/app/src/main/java/com/seafile/seadroid2/ui/repo/RepoQuickAdapter.kt:89:43 Unresolved reference 'ItemPositionEnum'.
e: file:///Users/HONGBGU/Documents/seadroid/app/src/main/java/com/seafile/seadroid2/ui/repo/RepoQuickAdapter.kt:90:20 Unresolved reference 'itemView'.
e: file:///Users/HONGBGU/Documents/seadroid/app/src/main/java/com/seafile/seadroid2/ui/repo/RepoQuickAdapter.kt:91:43 Unresolved reference 'ItemPositionEnum'.
e: file:///Users/HONGBGU/Documents/seadroid/app/src/main/java/com/seafile/seadroid2/ui/repo/RepoQuickAdapter.kt:92:20 Unresolved reference 'itemView'.
e: file:///Users/HONGBGU/Documents/seadroid/app/src/main/java/com/seafile/seadroid2/ui/repo/RepoQuickAdapter.kt:94:20 Unresolved reference 'itemView'.
e: file:///Users/HONGBGU/Documents/seadroid/app/src/main/java/com/seafile/seadroid2/ui/repo/RepoQuickAdapter.kt:98:36 Unresolved reference 'ItemPositionEnum'.
e: file:///Users/HONGBGU/Documents/seadroid/app/src/main/java/com/seafile/seadroid2/ui/repo/RepoQuickAdapter.kt:98:83 Unresolved reference 'ItemPositionEnum'.
e: file:///Users/HONGBGU/Documents/seadroid/app/src/main/java/com/seafile/seadroid2/ui/repo/RepoQuickAdapter.kt:99:20 Unresolved reference 'binding'.
e: file:///Users/HONGBGU/Documents/seadroid/app/src/main/java/com/seafile/seadroid2/ui/repo/RepoQuickAdapter.kt:101:20 Unresolved reference 'binding'.
e: file:///Users/HONGBGU/Documents/seadroid/app/src/main/java/com/seafile/seadroid2/ui/repo/RepoQuickAdapter.kt:104:16 Unresolved reference 'binding'.
e: file:///Users/HONGBGU/Documents/seadroid/app/src/main/java/com/seafile/seadroid2/ui/repo/RepoQuickAdapter.kt:105:16 Unresolved reference 'binding'.
e: file:///Users/HONGBGU/Documents/seadroid/app/src/main/java/com/seafile/seadroid2/ui/repo/RepoQuickAdapter.kt:107:13 Unresolved reference 'TextUtils'.
e: file:///Users/HONGBGU/Documents/seadroid/app/src/main/java/com/seafile/seadroid2/ui/repo/RepoQuickAdapter.kt:108:20 Unresolved reference 'binding'.
e: file:///Users/HONGBGU/Documents/seadroid/app/src/main/java/com/seafile/seadroid2/ui/repo/RepoQuickAdapter.kt:108:65 Unresolved reference 'R'.
e: file:///Users/HONGBGU/Documents/seadroid/app/src/main/java/com/seafile/seadroid2/ui/repo/RepoQuickAdapter.kt:110:22 Overload resolution ambiguity between candidates:
@NonNull() static fun with(@NonNull() context: Context): GlideRequests
@Deprecated(...) @NonNull() static fun with(@NonNull() activity: Activity): GlideRequests
@NonNull() static fun with(@NonNull() activity: FragmentActivity): GlideRequests
@NonNull() static fun with(@NonNull() fragment: Fragment): GlideRequests
@Deprecated(...) @NonNull() static fun with(@NonNull() fragment: Fragment): GlideRequests
@NonNull() static fun with(@NonNull() view: View): GlideRequests
e: file:///Users/HONGBGU/Documents/seadroid/app/src/main/java/com/seafile/seadroid2/ui/repo/RepoQuickAdapter.kt:110:27 Unresolved reference 'context'.
e: file:///Users/HONGBGU/Documents/seadroid/app/src/main/java/com/seafile/seadroid2/ui/repo/RepoQuickAdapter.kt:111:18 Unresolved reference 'load'.
e: file:///Users/HONGBGU/Documents/seadroid/app/src/main/java/com/seafile/seadroid2/ui/repo/RepoQuickAdapter.kt:112:24 Unresolved reference 'GlideLoadConfig'.
e: file:///Users/HONGBGU/Documents/seadroid/app/src/main/java/com/seafile/seadroid2/ui/repo/RepoQuickAdapter.kt:113:18 Unresolved reference 'into'.
e: file:///Users/HONGBGU/Documents/seadroid/app/src/main/java/com/seafile/seadroid2/ui/repo/RepoQuickAdapter.kt:113:30 Unresolved reference 'binding'.
e: file:///Users/HONGBGU/Documents/seadroid/app/src/main/java/com/seafile/seadroid2/ui/repo/RepoQuickAdapter.kt:116:24 Unresolved reference 'ordinal'.
e: file:///Users/HONGBGU/Documents/seadroid/app/src/main/java/com/seafile/seadroid2/ui/repo/RepoQuickAdapter.kt:116:35 Unresolved reference 'ObjSelectType'.
e: file:///Users/HONGBGU/Documents/seadroid/app/src/main/java/com/seafile/seadroid2/ui/repo/RepoQuickAdapter.kt:117:20 Unresolved reference 'binding'.
e: file:///Users/HONGBGU/Documents/seadroid/app/src/main/java/com/seafile/seadroid2/ui/repo/RepoQuickAdapter.kt:119:24 Unresolved reference 'binding'.
e: file:///Users/HONGBGU/Documents/seadroid/app/src/main/java/com/seafile/seadroid2/ui/repo/RepoQuickAdapter.kt:119:64 Unresolved reference 'R'.
e: file:///Users/HONGBGU/Documents/seadroid/app/src/main/java/com/seafile/seadroid2/ui/repo/RepoQuickAdapter.kt:121:24 Unresolved reference 'binding'.
e: file:///Users/HONGBGU/Documents/seadroid/app/src/main/java/com/seafile/seadroid2/ui/repo/RepoQuickAdapter.kt:121:64 Unresolved reference 'R'.
e: file:///Users/HONGBGU/Documents/seadroid/app/src/main/java/com/seafile/seadroid2/ui/repo/RepoQuickAdapter.kt:124:20 Unresolved reference 'binding'.
e: file:///Users/HONGBGU/Documents/seadroid/app/src/main/java/com/seafile/seadroid2/ui/repo/RepoQuickAdapter.kt:129:17 Unresolved reference 'GroupItemViewHolder'.
e: file:///Users/HONGBGU/Documents/seadroid/app/src/main/java/com/seafile/seadroid2/ui/repo/RepoQuickAdapter.kt:130:16 Unresolved reference 'GroupItemModel'.
e: file:///Users/HONGBGU/Documents/seadroid/app/src/main/java/com/seafile/seadroid2/ui/repo/RepoQuickAdapter.kt:134:37 Unresolved reference 'title'.
e: file:///Users/HONGBGU/Documents/seadroid/app/src/main/java/com/seafile/seadroid2/ui/repo/RepoQuickAdapter.kt:136:20 Unresolved reference 'binding'.
e: file:///Users/HONGBGU/Documents/seadroid/app/src/main/java/com/seafile/seadroid2/ui/repo/RepoQuickAdapter.kt:136:51 Unresolved reference 'R'.
e: file:///Users/HONGBGU/Documents/seadroid/app/src/main/java/com/seafile/seadroid2/ui/repo/RepoQuickAdapter.kt:138:20 Unresolved reference 'binding'.
e: file:///Users/HONGBGU/Documents/seadroid/app/src/main/java/com/seafile/seadroid2/ui/repo/RepoQuickAdapter.kt:138:57 Unresolved reference 'title'.
e: file:///Users/HONGBGU/Documents/seadroid/app/src/main/java/com/seafile/seadroid2/ui/repo/RepoQuickAdapter.kt:141:13 Unresolved reference 'ObjSelectType'.
e: file:///Users/HONGBGU/Documents/seadroid/app/src/main/java/com/seafile/seadroid2/ui/repo/RepoQuickAdapter.kt:142:20 Unresolved reference 'binding'.
e: file:///Users/HONGBGU/Documents/seadroid/app/src/main/java/com/seafile/seadroid2/ui/repo/RepoQuickAdapter.kt:143:20 Unresolved reference 'binding'.
e: file:///Users/HONGBGU/Documents/seadroid/app/src/main/java/com/seafile/seadroid2/ui/repo/RepoQuickAdapter.kt:144:20 Unresolved reference 'binding'.
e: file:///Users/HONGBGU/Documents/seadroid/app/src/main/java/com/seafile/seadroid2/ui/repo/RepoQuickAdapter.kt:146:20 Unresolved reference 'binding'.
e: file:///Users/HONGBGU/Documents/seadroid/app/src/main/java/com/seafile/seadroid2/ui/repo/RepoQuickAdapter.kt:147:20 Unresolved reference 'binding'.
e: file:///Users/HONGBGU/Documents/seadroid/app/src/main/java/com/seafile/seadroid2/ui/repo/RepoQuickAdapter.kt:147:67 Unresolved reference 'is_expanded'.
e: file:///Users/HONGBGU/Documents/seadroid/app/src/main/java/com/seafile/seadroid2/ui/repo/RepoQuickAdapter.kt:148:20 Unresolved reference 'binding'.
e: file:///Users/HONGBGU/Documents/seadroid/app/src/main/java/com/seafile/seadroid2/ui/repo/RepoQuickAdapter.kt:153:17 Unresolved reference 'RepoViewHolder'.
e: file:///Users/HONGBGU/Documents/seadroid/app/src/main/java/com/seafile/seadroid2/ui/repo/RepoQuickAdapter.kt:154:16 Unresolved reference 'RepoModel'.
e: file:///Users/HONGBGU/Documents/seadroid/app/src/main/java/com/seafile/seadroid2/ui/repo/RepoQuickAdapter.kt:159:25 Unresolved reference 'Bundle'.
e: file:///Users/HONGBGU/Documents/seadroid/app/src/main/java/com/seafile/seadroid2/ui/repo/RepoQuickAdapter.kt:159:53 Unresolved reference 'Bundle'.
e: file:///Users/HONGBGU/Documents/seadroid/app/src/main/java/com/seafile/seadroid2/ui/repo/RepoQuickAdapter.kt:162:49 Unresolved reference 'getBoolean'.
e: file:///Users/HONGBGU/Documents/seadroid/app/src/main/java/com/seafile/seadroid2/ui/repo/RepoQuickAdapter.kt:163:61 Unresolved reference 'binding'.
e: file:///Users/HONGBGU/Documents/seadroid/app/src/main/java/com/seafile/seadroid2/ui/repo/RepoQuickAdapter.kt:169:19 Unresolved reference 'item_position'.
e: file:///Users/HONGBGU/Documents/seadroid/app/src/main/java/com/seafile/seadroid2/ui/repo/RepoQuickAdapter.kt:169:36 Unresolved reference 'ItemPositionEnum'.
e: file:///Users/HONGBGU/Documents/seadroid/app/src/main/java/com/seafile/seadroid2/ui/repo/RepoQuickAdapter.kt:170:20 Unresolved reference 'itemView'.
e: file:///Users/HONGBGU/Documents/seadroid/app/src/main/java/com/seafile/seadroid2/ui/repo/RepoQuickAdapter.kt:171:26 Unresolved reference 'item_position'.
e: file:///Users/HONGBGU/Documents/seadroid/app/src/main/java/com/seafile/seadroid2/ui/repo/RepoQuickAdapter.kt:171:43 Unresolved reference 'ItemPositionEnum'.
e: file:///Users/HONGBGU/Documents/seadroid/app/src/main/java/com/seafile/seadroid2/ui/repo/RepoQuickAdapter.kt:172:20 Unresolved reference 'itemView'.
e: file:///Users/HONGBGU/Documents/seadroid/app/src/main/java/com/seafile/seadroid2/ui/repo/RepoQuickAdapter.kt:173:26 Unresolved reference 'item_position'.
e: file:///Users/HONGBGU/Documents/seadroid/app/src/main/java/com/seafile/seadroid2/ui/repo/RepoQuickAdapter.kt:173:43 Unresolved reference 'ItemPositionEnum'.
e: file:///Users/HONGBGU/Documents/seadroid/app/src/main/java/com/seafile/seadroid2/ui/repo/RepoQuickAdapter.kt:174:20 Unresolved reference 'itemView'.
e: file:///Users/HONGBGU/Documents/seadroid/app/src/main/java/com/seafile/seadroid2/ui/repo/RepoQuickAdapter.kt:176:20 Unresolved reference 'itemView'.
e: file:///Users/HONGBGU/Documents/seadroid/app/src/main/java/com/seafile/seadroid2/ui/repo/RepoQuickAdapter.kt:179:19 Unresolved reference 'item_position'.
e: file:///Users/HONGBGU/Documents/seadroid/app/src/main/java/com/seafile/seadroid2/ui/repo/RepoQuickAdapter.kt:179:36 Unresolved reference 'ItemPositionEnum'.
e: file:///Users/HONGBGU/Documents/seadroid/app/src/main/java/com/seafile/seadroid2/ui/repo/RepoQuickAdapter.kt:179:66 Unresolved reference 'item_position'.
e: file:///Users/HONGBGU/Documents/seadroid/app/src/main/java/com/seafile/seadroid2/ui/repo/RepoQuickAdapter.kt:179:83 Unresolved reference 'ItemPositionEnum'.
e: file:///Users/HONGBGU/Documents/seadroid/app/src/main/java/com/seafile/seadroid2/ui/repo/RepoQuickAdapter.kt:180:20 Unresolved reference 'binding'.
e: file:///Users/HONGBGU/Documents/seadroid/app/src/main/java/com/seafile/seadroid2/ui/repo/RepoQuickAdapter.kt:182:20 Unresolved reference 'binding'.
e: file:///Users/HONGBGU/Documents/seadroid/app/src/main/java/com/seafile/seadroid2/ui/repo/RepoQuickAdapter.kt:185:16 Unresolved reference 'binding'.
e: file:///Users/HONGBGU/Documents/seadroid/app/src/main/java/com/seafile/seadroid2/ui/repo/RepoQuickAdapter.kt:185:48 Unresolved reference 'repo_name'.
e: file:///Users/HONGBGU/Documents/seadroid/app/src/main/java/com/seafile/seadroid2/ui/repo/RepoQuickAdapter.kt:186:16 Unresolved reference 'binding'.
e: file:///Users/HONGBGU/Documents/seadroid/app/src/main/java/com/seafile/seadroid2/ui/repo/RepoQuickAdapter.kt:186:51 Unresolved reference 'getSubtitle'.
e: file:///Users/HONGBGU/Documents/seadroid/app/src/main/java/com/seafile/seadroid2/ui/repo/RepoQuickAdapter.kt:187:16 Unresolved reference 'binding'.
e: file:///Users/HONGBGU/Documents/seadroid/app/src/main/java/com/seafile/seadroid2/ui/repo/RepoQuickAdapter.kt:187:56 Unresolved reference 'getIcon'.
e: file:///Users/HONGBGU/Documents/seadroid/app/src/main/java/com/seafile/seadroid2/ui/repo/RepoQuickAdapter.kt:189:27 Unresolved reference 'ObjSelectType'.
e: file:///Users/HONGBGU/Documents/seadroid/app/src/main/java/com/seafile/seadroid2/ui/repo/RepoQuickAdapter.kt:190:20 Unresolved reference 'binding'.
e: file:///Users/HONGBGU/Documents/seadroid/app/src/main/java/com/seafile/seadroid2/ui/repo/RepoQuickAdapter.kt:192:23 Unresolved reference 'is_checked'.
e: file:///Users/HONGBGU/Documents/seadroid/app/src/main/java/com/seafile/seadroid2/ui/repo/RepoQuickAdapter.kt:193:24 Unresolved reference 'binding'.
e: file:///Users/HONGBGU/Documents/seadroid/app/src/main/java/com/seafile/seadroid2/ui/repo/RepoQuickAdapter.kt:193:65 Unresolved reference 'R'.
e: file:///Users/HONGBGU/Documents/seadroid/app/src/main/java/com/seafile/seadroid2/ui/repo/RepoQuickAdapter.kt:195:24 Unresolved reference 'binding'.
e: file:///Users/HONGBGU/Documents/seadroid/app/src/main/java/com/seafile/seadroid2/ui/repo/RepoQuickAdapter.kt:195:65 Unresolved reference 'R'.
e: file:///Users/HONGBGU/Documents/seadroid/app/src/main/java/com/seafile/seadroid2/ui/repo/RepoQuickAdapter.kt:198:20 Unresolved reference 'binding'.
e: file:///Users/HONGBGU/Documents/seadroid/app/src/main/java/com/seafile/seadroid2/ui/repo/RepoQuickAdapter.kt:202:16 Unresolved reference 'binding'.
e: file:///Users/HONGBGU/Documents/seadroid/app/src/main/java/com/seafile/seadroid2/ui/repo/RepoQuickAdapter.kt:204:16 Unresolved reference 'binding'.
e: file:///Users/HONGBGU/Documents/seadroid/app/src/main/java/com/seafile/seadroid2/ui/repo/RepoQuickAdapter.kt:204:61 Unresolved reference 'DP'.
e: file:///Users/HONGBGU/Documents/seadroid/app/src/main/java/com/seafile/seadroid2/ui/repo/RepoQuickAdapter.kt:205:16 Unresolved reference 'binding'.
e: file:///Users/HONGBGU/Documents/seadroid/app/src/main/java/com/seafile/seadroid2/ui/repo/RepoQuickAdapter.kt:208:23 Unresolved reference 'starred'.
e: file:///Users/HONGBGU/Documents/seadroid/app/src/main/java/com/seafile/seadroid2/ui/repo/RepoQuickAdapter.kt:214:17 Unresolved reference 'DirentViewHolder'.
e: file:///Users/HONGBGU/Documents/seadroid/app/src/main/java/com/seafile/seadroid2/ui/repo/RepoQuickAdapter.kt:215:16 Unresolved reference 'DirentModel'.
e: file:///Users/HONGBGU/Documents/seadroid/app/src/main/java/com/seafile/seadroid2/ui/repo/RepoQuickAdapter.kt:220:25 Unresolved reference 'Bundle'.
e: file:///Users/HONGBGU/Documents/seadroid/app/src/main/java/com/seafile/seadroid2/ui/repo/RepoQuickAdapter.kt:220:53 Unresolved reference 'Bundle'.
e: file:///Users/HONGBGU/Documents/seadroid/app/src/main/java/com/seafile/seadroid2/ui/repo/RepoQuickAdapter.kt:223:49 Unresolved reference 'getBoolean'.
e: file:///Users/HONGBGU/Documents/seadroid/app/src/main/java/com/seafile/seadroid2/ui/repo/RepoQuickAdapter.kt:224:61 Unresolved reference 'binding'.
e: file:///Users/HONGBGU/Documents/seadroid/app/src/main/java/com/seafile/seadroid2/ui/repo/RepoQuickAdapter.kt:229:28 Unresolved reference 'getBoolean'.
e: file:///Users/HONGBGU/Documents/seadroid/app/src/main/java/com/seafile/seadroid2/ui/repo/RepoQuickAdapter.kt:231:31 Unresolved reference 'isDir'.
e: file:///Users/HONGBGU/Documents/seadroid/app/src/main/java/com/seafile/seadroid2/ui/repo/RepoQuickAdapter.kt:232:32 Unresolved reference 'binding'.
e: file:///Users/HONGBGU/Documents/seadroid/app/src/main/java/com/seafile/seadroid2/ui/repo/RepoQuickAdapter.kt:233:32 Unresolved reference 'TextUtils'.
e: file:///Users/HONGBGU/Documents/seadroid/app/src/main/java/com/seafile/seadroid2/ui/repo/RepoQuickAdapter.kt:233:55 Unresolved reference 'id'.
e: file:///Users/HONGBGU/Documents/seadroid/app/src/main/java/com/seafile/seadroid2/ui/repo/RepoQuickAdapter.kt:233:65 Unresolved reference 'local_file_id'.
e: file:///Users/HONGBGU/Documents/seadroid/app/src/main/java/com/seafile/seadroid2/ui/repo/RepoQuickAdapter.kt:234:32 Unresolved reference 'binding'.
e: file:///Users/HONGBGU/Documents/seadroid/app/src/main/java/com/seafile/seadroid2/ui/repo/RepoQuickAdapter.kt:236:32 Unresolved reference 'binding'.
e: file:///Users/HONGBGU/Documents/seadroid/app/src/main/java/com/seafile/seadroid2/ui/repo/RepoQuickAdapter.kt:244:19 Unresolved reference 'item_position'.
e: file:///Users/HONGBGU/Documents/seadroid/app/src/main/java/com/seafile/seadroid2/ui/repo/RepoQuickAdapter.kt:244:36 Unresolved reference 'ItemPositionEnum'.
e: file:///Users/HONGBGU/Documents/seadroid/app/src/main/java/com/seafile/seadroid2/ui/repo/RepoQuickAdapter.kt:245:20 Unresolved reference 'itemView'.
e: file:///Users/HONGBGU/Documents/seadroid/app/src/main/java/com/seafile/seadroid2/ui/repo/RepoQuickAdapter.kt:246:26 Unresolved reference 'item_position'.
e: file:///Users/HONGBGU/Documents/seadroid/app/src/main/java/com/seafile/seadroid2/ui/repo/RepoQuickAdapter.kt:246:43 Unresolved reference 'ItemPositionEnum'.
e: file:///Users/HONGBGU/Documents/seadroid/app/src/main/java/com/seafile/seadroid2/ui/repo/RepoQuickAdapter.kt:247:20 Unresolved reference 'itemView'.
e: file:///Users/HONGBGU/Documents/seadroid/app/src/main/java/com/seafile/seadroid2/ui/repo/RepoQuickAdapter.kt:248:26 Unresolved reference 'item_position'.
e: file:///Users/HONGBGU/Documents/seadroid/app/src/main/java/com/seafile/seadroid2/ui/repo/RepoQuickAdapter.kt:248:43 Unresolved reference 'ItemPositionEnum'.
e: file:///Users/HONGBGU/Documents/seadroid/app/src/main/java/com/seafile/seadroid2/ui/repo/RepoQuickAdapter.kt:249:20 Unresolved reference 'itemView'.
e: file:///Users/HONGBGU/Documents/seadroid/app/src/main/java/com/seafile/seadroid2/ui/repo/RepoQuickAdapter.kt:251:20 Unresolved reference 'itemView'.
e: file:///Users/HONGBGU/Documents/seadroid/app/src/main/java/com/seafile/seadroid2/ui/repo/RepoQuickAdapter.kt:255:19 Unresolved reference 'item_position'.
e: file:///Users/HONGBGU/Documents/seadroid/app/src/main/java/com/seafile/seadroid2/ui/repo/RepoQuickAdapter.kt:255:36 Unresolved reference 'ItemPositionEnum'.
e: file:///Users/HONGBGU/Documents/seadroid/app/src/main/java/com/seafile/seadroid2/ui/repo/RepoQuickAdapter.kt:255:66 Unresolved reference 'item_position'.
e: file:///Users/HONGBGU/Documents/seadroid/app/src/main/java/com/seafile/seadroid2/ui/repo/RepoQuickAdapter.kt:255:83 Unresolved reference 'ItemPositionEnum'.
e: file:///Users/HONGBGU/Documents/seadroid/app/src/main/java/com/seafile/seadroid2/ui/repo/RepoQuickAdapter.kt:256:20 Unresolved reference 'binding'.
e: file:///Users/HONGBGU/Documents/seadroid/app/src/main/java/com/seafile/seadroid2/ui/repo/RepoQuickAdapter.kt:258:20 Unresolved reference 'binding'.
e: file:///Users/HONGBGU/Documents/seadroid/app/src/main/java/com/seafile/seadroid2/ui/repo/RepoQuickAdapter.kt:261:16 Unresolved reference 'binding'.
e: file:///Users/HONGBGU/Documents/seadroid/app/src/main/java/com/seafile/seadroid2/ui/repo/RepoQuickAdapter.kt:261:48 Unresolved reference 'name'.
e: file:///Users/HONGBGU/Documents/seadroid/app/src/main/java/com/seafile/seadroid2/ui/repo/RepoQuickAdapter.kt:262:16 Unresolved reference 'binding'.
e: file:///Users/HONGBGU/Documents/seadroid/app/src/main/java/com/seafile/seadroid2/ui/repo/RepoQuickAdapter.kt:262:51 Unresolved reference 'getSubtitle'.
e: file:///Users/HONGBGU/Documents/seadroid/app/src/main/java/com/seafile/seadroid2/ui/repo/RepoQuickAdapter.kt:265:19 Unresolved reference 'isDir'.
e: file:///Users/HONGBGU/Documents/seadroid/app/src/main/java/com/seafile/seadroid2/ui/repo/RepoQuickAdapter.kt:265:77 Unresolved reference 'name'.
e: file:///Users/HONGBGU/Documents/seadroid/app/src/main/java/com/seafile/seadroid2/ui/repo/RepoQuickAdapter.kt:266:23 Unresolved reference 'name'.
e: file:///Users/HONGBGU/Documents/seadroid/app/src/main/java/com/seafile/seadroid2/ui/repo/RepoQuickAdapter.kt:269:22 Overload resolution ambiguity between candidates:
@NonNull() static fun with(@NonNull() context: Context): GlideRequests
@Deprecated(...) @NonNull() static fun with(@NonNull() activity: Activity): GlideRequests
@NonNull() static fun with(@NonNull() activity: FragmentActivity): GlideRequests
@NonNull() static fun with(@NonNull() fragment: Fragment): GlideRequests
@Deprecated(...) @NonNull() static fun with(@NonNull() fragment: Fragment): GlideRequests
@NonNull() static fun with(@NonNull() view: View): GlideRequests
e: file:///Users/HONGBGU/Documents/seadroid/app/src/main/java/com/seafile/seadroid2/ui/repo/RepoQuickAdapter.kt:269:27 Unresolved reference 'context'.
e: file:///Users/HONGBGU/Documents/seadroid/app/src/main/java/com/seafile/seadroid2/ui/repo/RepoQuickAdapter.kt:270:18 Unresolved reference 'load'.
e: file:///Users/HONGBGU/Documents/seadroid/app/src/main/java/com/seafile/seadroid2/ui/repo/RepoQuickAdapter.kt:270:29 Unresolved reference 'getIcon'.
e: file:///Users/HONGBGU/Documents/seadroid/app/src/main/java/com/seafile/seadroid2/ui/repo/RepoQuickAdapter.kt:271:24 Unresolved reference 'GlideLoadConfig'.
e: file:///Users/HONGBGU/Documents/seadroid/app/src/main/java/com/seafile/seadroid2/ui/repo/RepoQuickAdapter.kt:272:18 Unresolved reference 'into'.
e: file:///Users/HONGBGU/Documents/seadroid/app/src/main/java/com/seafile/seadroid2/ui/repo/RepoQuickAdapter.kt:272:30 Unresolved reference 'binding'.
e: file:///Users/HONGBGU/Documents/seadroid/app/src/main/java/com/seafile/seadroid2/ui/repo/RepoQuickAdapter.kt:274:37 Unresolved reference 'binding'.
e: file:///Users/HONGBGU/Documents/seadroid/app/src/main/java/com/seafile/seadroid2/ui/repo/RepoQuickAdapter.kt:278:42 Unresolved reference 'binding'.
e: file:///Users/HONGBGU/Documents/seadroid/app/src/main/java/com/seafile/seadroid2/ui/repo/RepoQuickAdapter.kt:280:13 Unresolved reference 'ObjSelectType'.
e: file:///Users/HONGBGU/Documents/seadroid/app/src/main/java/com/seafile/seadroid2/ui/repo/RepoQuickAdapter.kt:281:20 Unresolved reference 'binding'.
e: file:///Users/HONGBGU/Documents/seadroid/app/src/main/java/com/seafile/seadroid2/ui/repo/RepoQuickAdapter.kt:282:17 Unresolved reference 'ContextCompat'.
e: file:///Users/HONGBGU/Documents/seadroid/app/src/main/java/com/seafile/seadroid2/ui/repo/RepoQuickAdapter.kt:283:21 Unresolved reference 'context'.
e: file:///Users/HONGBGU/Documents/seadroid/app/src/main/java/com/seafile/seadroid2/ui/repo/RepoQuickAdapter.kt:284:21 Unresolved reference 'R'.
e: file:///Users/HONGBGU/Documents/seadroid/app/src/main/java/com/seafile/seadroid2/ui/repo/RepoQuickAdapter.kt:287:20 Unresolved reference 'binding'.
e: file:///Users/HONGBGU/Documents/seadroid/app/src/main/java/com/seafile/seadroid2/ui/repo/RepoQuickAdapter.kt:288:17 Unresolved reference 'ContextCompat'.
e: file:///Users/HONGBGU/Documents/seadroid/app/src/main/java/com/seafile/seadroid2/ui/repo/RepoQuickAdapter.kt:289:21 Unresolved reference 'context'.
e: file:///Users/HONGBGU/Documents/seadroid/app/src/main/java/com/seafile/seadroid2/ui/repo/RepoQuickAdapter.kt:290:21 Unresolved reference 'R'.
e: file:///Users/HONGBGU/Documents/seadroid/app/src/main/java/com/seafile/seadroid2/ui/repo/RepoQuickAdapter.kt:299:24 Unresolved reference 'isDir'.
e: file:///Users/HONGBGU/Documents/seadroid/app/src/main/java/com/seafile/seadroid2/ui/repo/RepoQuickAdapter.kt:300:24 Unresolved reference 'binding'.
e: file:///Users/HONGBGU/Documents/seadroid/app/src/main/java/com/seafile/seadroid2/ui/repo/RepoQuickAdapter.kt:301:21 Unresolved reference 'ContextCompat'.
e: file:///Users/HONGBGU/Documents/seadroid/app/src/main/java/com/seafile/seadroid2/ui/repo/RepoQuickAdapter.kt:302:25 Unresolved reference 'context'.
e: file:///Users/HONGBGU/Documents/seadroid/app/src/main/java/com/seafile/seadroid2/ui/repo/RepoQuickAdapter.kt:303:25 Unresolved reference 'R'.
e: file:///Users/HONGBGU/Documents/seadroid/app/src/main/java/com/seafile/seadroid2/ui/repo/RepoQuickAdapter.kt:306:24 Unresolved reference 'binding'.
e: file:///Users/HONGBGU/Documents/seadroid/app/src/main/java/com/seafile/seadroid2/ui/repo/RepoQuickAdapter.kt:307:21 Unresolved reference 'ContextCompat'.
e: file:///Users/HONGBGU/Documents/seadroid/app/src/main/java/com/seafile/seadroid2/ui/repo/RepoQuickAdapter.kt:308:25 Unresolved reference 'context'.
e: file:///Users/HONGBGU/Documents/seadroid/app/src/main/java/com/seafile/seadroid2/ui/repo/RepoQuickAdapter.kt:309:25 Unresolved reference 'R'.
e: file:///Users/HONGBGU/Documents/seadroid/app/src/main/java/com/seafile/seadroid2/ui/repo/RepoQuickAdapter.kt:313:24 Unresolved reference 'binding'.
e: file:///Users/HONGBGU/Documents/seadroid/app/src/main/java/com/seafile/seadroid2/ui/repo/RepoQuickAdapter.kt:314:21 Unresolved reference 'ContextCompat'.
e: file:///Users/HONGBGU/Documents/seadroid/app/src/main/java/com/seafile/seadroid2/ui/repo/RepoQuickAdapter.kt:315:25 Unresolved reference 'context'.
e: file:///Users/HONGBGU/Documents/seadroid/app/src/main/java/com/seafile/seadroid2/ui/repo/RepoQuickAdapter.kt:316:25 Unresolved reference 'R'.
e: file:///Users/HONGBGU/Documents/seadroid/app/src/main/java/com/seafile/seadroid2/ui/repo/RepoQuickAdapter.kt:319:24 Unresolved reference 'binding'.
e: file:///Users/HONGBGU/Documents/seadroid/app/src/main/java/com/seafile/seadroid2/ui/repo/RepoQuickAdapter.kt:320:21 Unresolved reference 'ContextCompat'.
e: file:///Users/HONGBGU/Documents/seadroid/app/src/main/java/com/seafile/seadroid2/ui/repo/RepoQuickAdapter.kt:321:25 Unresolved reference 'context'.
e: file:///Users/HONGBGU/Documents/seadroid/app/src/main/java/com/seafile/seadroid2/ui/repo/RepoQuickAdapter.kt:322:25 Unresolved reference 'R'.
e: file:///Users/HONGBGU/Documents/seadroid/app/src/main/java/com/seafile/seadroid2/ui/repo/RepoQuickAdapter.kt:329:16 Unresolved reference 'binding'.
e: file:///Users/HONGBGU/Documents/seadroid/app/src/main/java/com/seafile/seadroid2/ui/repo/RepoQuickAdapter.kt:332:19 Unresolved reference 'isDir'.
e: file:///Users/HONGBGU/Documents/seadroid/app/src/main/java/com/seafile/seadroid2/ui/repo/RepoQuickAdapter.kt:333:20 Unresolved reference 'binding'.
e: file:///Users/HONGBGU/Documents/seadroid/app/src/main/java/com/seafile/seadroid2/ui/repo/RepoQuickAdapter.kt:334:20 Unresolved reference 'TextUtils'.
e: file:///Users/HONGBGU/Documents/seadroid/app/src/main/java/com/seafile/seadroid2/ui/repo/RepoQuickAdapter.kt:334:43 Unresolved reference 'id'.
e: file:///Users/HONGBGU/Documents/seadroid/app/src/main/java/com/seafile/seadroid2/ui/repo/RepoQuickAdapter.kt:334:53 Unresolved reference 'local_file_id'.
e: file:///Users/HONGBGU/Documents/seadroid/app/src/main/java/com/seafile/seadroid2/ui/repo/RepoQuickAdapter.kt:335:20 Unresolved reference 'binding'.
e: file:///Users/HONGBGU/Documents/seadroid/app/src/main/java/com/seafile/seadroid2/ui/repo/RepoQuickAdapter.kt:337:20 Unresolved reference 'binding'.
e: file:///Users/HONGBGU/Documents/seadroid/app/src/main/java/com/seafile/seadroid2/ui/repo/RepoQuickAdapter.kt:340:16 Unresolved reference 'binding'.
e: file:///Users/HONGBGU/Documents/seadroid/app/src/main/java/com/seafile/seadroid2/ui/repo/RepoQuickAdapter.kt:340:61 Unresolved reference 'DP'.
e: file:///Users/HONGBGU/Documents/seadroid/app/src/main/java/com/seafile/seadroid2/ui/repo/RepoQuickAdapter.kt:341:16 Unresolved reference 'binding'.
e: file:///Users/HONGBGU/Documents/seadroid/app/src/main/java/com/seafile/seadroid2/ui/repo/RepoQuickAdapter.kt:344:23 Unresolved reference 'starred'.
e: file:///Users/HONGBGU/Documents/seadroid/app/src/main/java/com/seafile/seadroid2/ui/repo/RepoQuickAdapter.kt:350:17 Unresolved reference 'DirentGridViewHolder'.
e: file:///Users/HONGBGU/Documents/seadroid/app/src/main/java/com/seafile/seadroid2/ui/repo/RepoQuickAdapter.kt:351:16 Unresolved reference 'DirentModel'.
e: file:///Users/HONGBGU/Documents/seadroid/app/src/main/java/com/seafile/seadroid2/ui/repo/RepoQuickAdapter.kt:356:25 Unresolved reference 'Bundle'.
e: file:///Users/HONGBGU/Documents/seadroid/app/src/main/java/com/seafile/seadroid2/ui/repo/RepoQuickAdapter.kt:356:53 Unresolved reference 'Bundle'.
e: file:///Users/HONGBGU/Documents/seadroid/app/src/main/java/com/seafile/seadroid2/ui/repo/RepoQuickAdapter.kt:359:49 Unresolved reference 'getBoolean'.
e: file:///Users/HONGBGU/Documents/seadroid/app/src/main/java/com/seafile/seadroid2/ui/repo/RepoQuickAdapter.kt:360:61 Unresolved reference 'binding'.
e: file:///Users/HONGBGU/Documents/seadroid/app/src/main/java/com/seafile/seadroid2/ui/repo/RepoQuickAdapter.kt:365:28 Unresolved reference 'getBoolean'.
e: file:///Users/HONGBGU/Documents/seadroid/app/src/main/java/com/seafile/seadroid2/ui/repo/RepoQuickAdapter.kt:367:31 Unresolved reference 'isDir'.
e: file:///Users/HONGBGU/Documents/seadroid/app/src/main/java/com/seafile/seadroid2/ui/repo/RepoQuickAdapter.kt:368:32 Unresolved reference 'binding'.
e: file:///Users/HONGBGU/Documents/seadroid/app/src/main/java/com/seafile/seadroid2/ui/repo/RepoQuickAdapter.kt:369:32 Unresolved reference 'TextUtils'.
e: file:///Users/HONGBGU/Documents/seadroid/app/src/main/java/com/seafile/seadroid2/ui/repo/RepoQuickAdapter.kt:369:55 Unresolved reference 'id'.
e: file:///Users/HONGBGU/Documents/seadroid/app/src/main/java/com/seafile/seadroid2/ui/repo/RepoQuickAdapter.kt:369:65 Unresolved reference 'local_file_id'.
e: file:///Users/HONGBGU/Documents/seadroid/app/src/main/java/com/seafile/seadroid2/ui/repo/RepoQuickAdapter.kt:370:32 Unresolved reference 'binding'.
e: file:///Users/HONGBGU/Documents/seadroid/app/src/main/java/com/seafile/seadroid2/ui/repo/RepoQuickAdapter.kt:372:32 Unresolved reference 'binding'.
e: file:///Users/HONGBGU/Documents/seadroid/app/src/main/java/com/seafile/seadroid2/ui/repo/RepoQuickAdapter.kt:381:16 Unresolved reference 'itemView'.
e: file:///Users/HONGBGU/Documents/seadroid/app/src/main/java/com/seafile/seadroid2/ui/repo/RepoQuickAdapter.kt:383:16 Unresolved reference 'binding'.
e: file:///Users/HONGBGU/Documents/seadroid/app/src/main/java/com/seafile/seadroid2/ui/repo/RepoQuickAdapter.kt:383:48 Unresolved reference 'name'.
e: file:///Users/HONGBGU/Documents/seadroid/app/src/main/java/com/seafile/seadroid2/ui/repo/RepoQuickAdapter.kt:386:19 Unresolved reference 'isDir'.
e: file:///Users/HONGBGU/Documents/seadroid/app/src/main/java/com/seafile/seadroid2/ui/repo/RepoQuickAdapter.kt:387:20 Unresolved reference 'binding'.
e: file:///Users/HONGBGU/Documents/seadroid/app/src/main/java/com/seafile/seadroid2/ui/repo/RepoQuickAdapter.kt:389:20 Unresolved reference 'binding'.
e: file:///Users/HONGBGU/Documents/seadroid/app/src/main/java/com/seafile/seadroid2/ui/repo/RepoQuickAdapter.kt:392:19 Unresolved reference 'isDir'.
e: file:///Users/HONGBGU/Documents/seadroid/app/src/main/java/com/seafile/seadroid2/ui/repo/RepoQuickAdapter.kt:392:77 Unresolved reference 'name'.
e: file:///Users/HONGBGU/Documents/seadroid/app/src/main/java/com/seafile/seadroid2/ui/repo/RepoQuickAdapter.kt:393:23 Unresolved reference 'name'.
e: file:///Users/HONGBGU/Documents/seadroid/app/src/main/java/com/seafile/seadroid2/ui/repo/RepoQuickAdapter.kt:396:20 Unresolved reference 'binding'.
e: file:///Users/HONGBGU/Documents/seadroid/app/src/main/java/com/seafile/seadroid2/ui/repo/RepoQuickAdapter.kt:397:22 Overload resolution ambiguity between candidates:
@NonNull() static fun with(@NonNull() context: Context): GlideRequests
@Deprecated(...) @NonNull() static fun with(@NonNull() activity: Activity): GlideRequests
@NonNull() static fun with(@NonNull() activity: FragmentActivity): GlideRequests
@NonNull() static fun with(@NonNull() fragment: Fragment): GlideRequests
@Deprecated(...) @NonNull() static fun with(@NonNull() fragment: Fragment): GlideRequests
@NonNull() static fun with(@NonNull() view: View): GlideRequests
e: file:///Users/HONGBGU/Documents/seadroid/app/src/main/java/com/seafile/seadroid2/ui/repo/RepoQuickAdapter.kt:397:27 Unresolved reference 'context'.
e: file:///Users/HONGBGU/Documents/seadroid/app/src/main/java/com/seafile/seadroid2/ui/repo/RepoQuickAdapter.kt:398:18 Unresolved reference 'load'.
e: file:///Users/HONGBGU/Documents/seadroid/app/src/main/java/com/seafile/seadroid2/ui/repo/RepoQuickAdapter.kt:398:29 Unresolved reference 'getIcon'.
e: file:///Users/HONGBGU/Documents/seadroid/app/src/main/java/com/seafile/seadroid2/ui/repo/RepoQuickAdapter.kt:399:24 Unresolved reference 'GlideLoadConfig'.
e: file:///Users/HONGBGU/Documents/seadroid/app/src/main/java/com/seafile/seadroid2/ui/repo/RepoQuickAdapter.kt:400:18 Unresolved reference 'into'.
e: file:///Users/HONGBGU/Documents/seadroid/app/src/main/java/com/seafile/seadroid2/ui/repo/RepoQuickAdapter.kt:400:30 Unresolved reference 'binding'.
e: file:///Users/HONGBGU/Documents/seadroid/app/src/main/java/com/seafile/seadroid2/ui/repo/RepoQuickAdapter.kt:402:20 Unresolved reference 'binding'.
e: file:///Users/HONGBGU/Documents/seadroid/app/src/main/java/com/seafile/seadroid2/ui/repo/RepoQuickAdapter.kt:403:37 Unresolved reference 'binding'.
e: file:///Users/HONGBGU/Documents/seadroid/app/src/main/java/com/seafile/seadroid2/ui/repo/RepoQuickAdapter.kt:407:42 Unresolved reference 'binding'.
e: file:///Users/HONGBGU/Documents/seadroid/app/src/main/java/com/seafile/seadroid2/ui/repo/RepoQuickAdapter.kt:409:19 Unresolved reference 'isDir'.
e: file:///Users/HONGBGU/Documents/seadroid/app/src/main/java/com/seafile/seadroid2/ui/repo/RepoQuickAdapter.kt:410:20 Unresolved reference 'binding'.
e: file:///Users/HONGBGU/Documents/seadroid/app/src/main/java/com/seafile/seadroid2/ui/repo/RepoQuickAdapter.kt:411:20 Unresolved reference 'TextUtils'.
e: file:///Users/HONGBGU/Documents/seadroid/app/src/main/java/com/seafile/seadroid2/ui/repo/RepoQuickAdapter.kt:411:43 Unresolved reference 'id'.
e: file:///Users/HONGBGU/Documents/seadroid/app/src/main/java/com/seafile/seadroid2/ui/repo/RepoQuickAdapter.kt:411:53 Unresolved reference 'local_file_id'.
e: file:///Users/HONGBGU/Documents/seadroid/app/src/main/java/com/seafile/seadroid2/ui/repo/RepoQuickAdapter.kt:412:20 Unresolved reference 'binding'.
e: file:///Users/HONGBGU/Documents/seadroid/app/src/main/java/com/seafile/seadroid2/ui/repo/RepoQuickAdapter.kt:414:20 Unresolved reference 'binding'.
e: file:///Users/HONGBGU/Documents/seadroid/app/src/main/java/com/seafile/seadroid2/ui/repo/RepoQuickAdapter.kt:417:16 Unresolved reference 'binding'.
e: file:///Users/HONGBGU/Documents/seadroid/app/src/main/java/com/seafile/seadroid2/ui/repo/RepoQuickAdapter.kt:417:61 Unresolved reference 'DP'.
e: file:///Users/HONGBGU/Documents/seadroid/app/src/main/java/com/seafile/seadroid2/ui/repo/RepoQuickAdapter.kt:418:16 Unresolved reference 'binding'.
e: file:///Users/HONGBGU/Documents/seadroid/app/src/main/java/com/seafile/seadroid2/ui/repo/RepoQuickAdapter.kt:421:23 Unresolved reference 'starred'.
e: file:///Users/HONGBGU/Documents/seadroid/app/src/main/java/com/seafile/seadroid2/ui/repo/RepoQuickAdapter.kt:427:17 Unresolved reference 'DirentGalleryViewHolder'.
e: file:///Users/HONGBGU/Documents/seadroid/app/src/main/java/com/seafile/seadroid2/ui/repo/RepoQuickAdapter.kt:428:16 Unresolved reference 'DirentModel'.
e: file:///Users/HONGBGU/Documents/seadroid/app/src/main/java/com/seafile/seadroid2/ui/repo/RepoQuickAdapter.kt:433:25 Unresolved reference 'Bundle'.
e: file:///Users/HONGBGU/Documents/seadroid/app/src/main/java/com/seafile/seadroid2/ui/repo/RepoQuickAdapter.kt:433:53 Unresolved reference 'Bundle'.
e: file:///Users/HONGBGU/Documents/seadroid/app/src/main/java/com/seafile/seadroid2/ui/repo/RepoQuickAdapter.kt:436:49 Unresolved reference 'getBoolean'.
e: file:///Users/HONGBGU/Documents/seadroid/app/src/main/java/com/seafile/seadroid2/ui/repo/RepoQuickAdapter.kt:437:61 Unresolved reference 'binding'.
e: file:///Users/HONGBGU/Documents/seadroid/app/src/main/java/com/seafile/seadroid2/ui/repo/RepoQuickAdapter.kt:446:16 Unresolved reference 'itemView'.
e: file:///Users/HONGBGU/Documents/seadroid/app/src/main/java/com/seafile/seadroid2/ui/repo/RepoQuickAdapter.kt:448:19 Unresolved reference 'isDir'.
e: file:///Users/HONGBGU/Documents/seadroid/app/src/main/java/com/seafile/seadroid2/ui/repo/RepoQuickAdapter.kt:448:77 Unresolved reference 'name'.
e: file:///Users/HONGBGU/Documents/seadroid/app/src/main/java/com/seafile/seadroid2/ui/repo/RepoQuickAdapter.kt:449:23 Unresolved reference 'name'.
e: file:///Users/HONGBGU/Documents/seadroid/app/src/main/java/com/seafile/seadroid2/ui/repo/RepoQuickAdapter.kt:452:22 Overload resolution ambiguity between candidates:
@NonNull() static fun with(@NonNull() context: Context): GlideRequests
@Deprecated(...) @NonNull() static fun with(@NonNull() activity: Activity): GlideRequests
@NonNull() static fun with(@NonNull() activity: FragmentActivity): GlideRequests
@NonNull() static fun with(@NonNull() fragment: Fragment): GlideRequests
@Deprecated(...) @NonNull() static fun with(@NonNull() fragment: Fragment): GlideRequests
@NonNull() static fun with(@NonNull() view: View): GlideRequests
e: file:///Users/HONGBGU/Documents/seadroid/app/src/main/java/com/seafile/seadroid2/ui/repo/RepoQuickAdapter.kt:452:27 Unresolved reference 'context'.
e: file:///Users/HONGBGU/Documents/seadroid/app/src/main/java/com/seafile/seadroid2/ui/repo/RepoQuickAdapter.kt:453:18 Unresolved reference 'load'.
e: file:///Users/HONGBGU/Documents/seadroid/app/src/main/java/com/seafile/seadroid2/ui/repo/RepoQuickAdapter.kt:453:29 Unresolved reference 'getIcon'.
e: file:///Users/HONGBGU/Documents/seadroid/app/src/main/java/com/seafile/seadroid2/ui/repo/RepoQuickAdapter.kt:454:24 Unresolved reference 'GlideLoadConfig'.
e: file:///Users/HONGBGU/Documents/seadroid/app/src/main/java/com/seafile/seadroid2/ui/repo/RepoQuickAdapter.kt:455:18 Unresolved reference 'into'.
e: file:///Users/HONGBGU/Documents/seadroid/app/src/main/java/com/seafile/seadroid2/ui/repo/RepoQuickAdapter.kt:455:30 Unresolved reference 'binding'.
e: file:///Users/HONGBGU/Documents/seadroid/app/src/main/java/com/seafile/seadroid2/ui/repo/RepoQuickAdapter.kt:457:37 Unresolved reference 'binding'.
e: file:///Users/HONGBGU/Documents/seadroid/app/src/main/java/com/seafile/seadroid2/ui/repo/RepoQuickAdapter.kt:460:42 Unresolved reference 'binding'.
e: file:///Users/HONGBGU/Documents/seadroid/app/src/main/java/com/seafile/seadroid2/ui/repo/RepoQuickAdapter.kt:465:40 Unresolved reference 'R'.
e: file:///Users/HONGBGU/Documents/seadroid/app/src/main/java/com/seafile/seadroid2/ui/repo/RepoQuickAdapter.kt:467:40 Unresolved reference 'R'.
e: file:///Users/HONGBGU/Documents/seadroid/app/src/main/java/com/seafile/seadroid2/ui/repo/RepoQuickAdapter.kt:471:72 Unresolved reference 'DirentModel'.
e: file:///Users/HONGBGU/Documents/seadroid/app/src/main/java/com/seafile/seadroid2/ui/repo/RepoQuickAdapter.kt:476:23 Unresolved reference 'is_checked'.
e: file:///Users/HONGBGU/Documents/seadroid/app/src/main/java/com/seafile/seadroid2/ui/repo/RepoQuickAdapter.kt:477:44 Unresolved reference 'R'.
e: file:///Users/HONGBGU/Documents/seadroid/app/src/main/java/com/seafile/seadroid2/ui/repo/RepoQuickAdapter.kt:479:44 Unresolved reference 'R'.
e: file:///Users/HONGBGU/Documents/seadroid/app/src/main/java/com/seafile/seadroid2/ui/repo/RepoQuickAdapter.kt:484:40 Unresolved reference 'R'.
e: file:///Users/HONGBGU/Documents/seadroid/app/src/main/java/com/seafile/seadroid2/ui/repo/RepoQuickAdapter.kt:488:38 Unresolved reference 'DirentViewHolder'.
e: file:///Users/HONGBGU/Documents/seadroid/app/src/main/java/com/seafile/seadroid2/ui/repo/RepoQuickAdapter.kt:488:63 Unresolved reference 'SearchModel'.
e: file:///Users/HONGBGU/Documents/seadroid/app/src/main/java/com/seafile/seadroid2/ui/repo/RepoQuickAdapter.kt:493:19 Unresolved reference 'item_position'.
e: file:///Users/HONGBGU/Documents/seadroid/app/src/main/java/com/seafile/seadroid2/ui/repo/RepoQuickAdapter.kt:493:36 Unresolved reference 'ItemPositionEnum'.
e: file:///Users/HONGBGU/Documents/seadroid/app/src/main/java/com/seafile/seadroid2/ui/repo/RepoQuickAdapter.kt:494:20 Unresolved reference 'itemView'.
e: file:///Users/HONGBGU/Documents/seadroid/app/src/main/java/com/seafile/seadroid2/ui/repo/RepoQuickAdapter.kt:495:26 Unresolved reference 'item_position'.
e: file:///Users/HONGBGU/Documents/seadroid/app/src/main/java/com/seafile/seadroid2/ui/repo/RepoQuickAdapter.kt:495:43 Unresolved reference 'ItemPositionEnum'.
e: file:///Users/HONGBGU/Documents/seadroid/app/src/main/java/com/seafile/seadroid2/ui/repo/RepoQuickAdapter.kt:496:20 Unresolved reference 'itemView'.
e: file:///Users/HONGBGU/Documents/seadroid/app/src/main/java/com/seafile/seadroid2/ui/repo/RepoQuickAdapter.kt:497:26 Unresolved reference 'item_position'.
e: file:///Users/HONGBGU/Documents/seadroid/app/src/main/java/com/seafile/seadroid2/ui/repo/RepoQuickAdapter.kt:497:43 Unresolved reference 'ItemPositionEnum'.
e: file:///Users/HONGBGU/Documents/seadroid/app/src/main/java/com/seafile/seadroid2/ui/repo/RepoQuickAdapter.kt:498:20 Unresolved reference 'itemView'.
e: file:///Users/HONGBGU/Documents/seadroid/app/src/main/java/com/seafile/seadroid2/ui/repo/RepoQuickAdapter.kt:500:20 Unresolved reference 'itemView'.
e: file:///Users/HONGBGU/Documents/seadroid/app/src/main/java/com/seafile/seadroid2/ui/repo/RepoQuickAdapter.kt:504:19 Unresolved reference 'item_position'.
e: file:///Users/HONGBGU/Documents/seadroid/app/src/main/java/com/seafile/seadroid2/ui/repo/RepoQuickAdapter.kt:504:36 Unresolved reference 'ItemPositionEnum'.
e: file:///Users/HONGBGU/Documents/seadroid/app/src/main/java/com/seafile/seadroid2/ui/repo/RepoQuickAdapter.kt:505:20 Unresolved reference 'binding'.
e: file:///Users/HONGBGU/Documents/seadroid/app/src/main/java/com/seafile/seadroid2/ui/repo/RepoQuickAdapter.kt:507:20 Unresolved reference 'binding'.
e: file:///Users/HONGBGU/Documents/seadroid/app/src/main/java/com/seafile/seadroid2/ui/repo/RepoQuickAdapter.kt:511:27 Unresolved reference 'MarginLayoutParams'.
e: file:///Users/HONGBGU/Documents/seadroid/app/src/main/java/com/seafile/seadroid2/ui/repo/RepoQuickAdapter.kt:512:20 Unresolved reference 'itemView'.
e: file:///Users/HONGBGU/Documents/seadroid/app/src/main/java/com/seafile/seadroid2/ui/repo/RepoQuickAdapter.kt:512:50 Unresolved reference 'MarginLayoutParams'.
e: file:///Users/HONGBGU/Documents/seadroid/app/src/main/java/com/seafile/seadroid2/ui/repo/RepoQuickAdapter.kt:513:19 Unresolved reference 'item_position'.
e: file:///Users/HONGBGU/Documents/seadroid/app/src/main/java/com/seafile/seadroid2/ui/repo/RepoQuickAdapter.kt:513:36 Unresolved reference 'ItemPositionEnum'.
e: file:///Users/HONGBGU/Documents/seadroid/app/src/main/java/com/seafile/seadroid2/ui/repo/RepoQuickAdapter.kt:513:68 Unresolved reference 'item_position'.
e: file:///Users/HONGBGU/Documents/seadroid/app/src/main/java/com/seafile/seadroid2/ui/repo/RepoQuickAdapter.kt:513:85 Unresolved reference 'ItemPositionEnum'.
e: file:///Users/HONGBGU/Documents/seadroid/app/src/main/java/com/seafile/seadroid2/ui/repo/RepoQuickAdapter.kt:514:26 Unresolved reference 'topMargin'.
e: file:///Users/HONGBGU/Documents/seadroid/app/src/main/java/com/seafile/seadroid2/ui/repo/RepoQuickAdapter.kt:514:38 Unresolved reference 'DP'.
e: file:///Users/HONGBGU/Documents/seadroid/app/src/main/java/com/seafile/seadroid2/ui/repo/RepoQuickAdapter.kt:516:26 Unresolved reference 'topMargin'.
e: file:///Users/HONGBGU/Documents/seadroid/app/src/main/java/com/seafile/seadroid2/ui/repo/RepoQuickAdapter.kt:518:16 Unresolved reference 'itemView'.
e: file:///Users/HONGBGU/Documents/seadroid/app/src/main/java/com/seafile/seadroid2/ui/repo/RepoQuickAdapter.kt:520:20 Unresolved reference 'isDir'.
e: file:///Users/HONGBGU/Documents/seadroid/app/src/main/java/com/seafile/seadroid2/ui/repo/RepoQuickAdapter.kt:521:40 Unresolved reference 'URLs'.
e: file:///Users/HONGBGU/Documents/seadroid/app/src/main/java/com/seafile/seadroid2/ui/repo/RepoQuickAdapter.kt:521:75 Unresolved reference 'fullpath'.
e: file:///Users/HONGBGU/Documents/seadroid/app/src/main/java/com/seafile/seadroid2/ui/repo/RepoQuickAdapter.kt:522:20 Unresolved reference 'binding'.
e: file:///Users/HONGBGU/Documents/seadroid/app/src/main/java/com/seafile/seadroid2/ui/repo/RepoQuickAdapter.kt:524:20 Unresolved reference 'binding'.
e: file:///Users/HONGBGU/Documents/seadroid/app/src/main/java/com/seafile/seadroid2/ui/repo/RepoQuickAdapter.kt:524:52 Unresolved reference 'name'.
e: file:///Users/HONGBGU/Documents/seadroid/app/src/main/java/com/seafile/seadroid2/ui/repo/RepoQuickAdapter.kt:526:16 Unresolved reference 'binding'.
e: file:///Users/HONGBGU/Documents/seadroid/app/src/main/java/com/seafile/seadroid2/ui/repo/RepoQuickAdapter.kt:526:51 Unresolved reference 'getSubtitle'.
e: file:///Users/HONGBGU/Documents/seadroid/app/src/main/java/com/seafile/seadroid2/ui/repo/RepoQuickAdapter.kt:528:60 Unresolved reference 'name'.
e: file:///Users/HONGBGU/Documents/seadroid/app/src/main/java/com/seafile/seadroid2/ui/repo/RepoQuickAdapter.kt:528:94 Unresolved reference 'name'.
e: file:///Users/HONGBGU/Documents/seadroid/app/src/main/java/com/seafile/seadroid2/ui/repo/RepoQuickAdapter.kt:529:20 Unresolved reference 'binding'.
e: file:///Users/HONGBGU/Documents/seadroid/app/src/main/java/com/seafile/seadroid2/ui/repo/RepoQuickAdapter.kt:529:60 Unresolved reference 'getIcon'.
e: file:///Users/HONGBGU/Documents/seadroid/app/src/main/java/com/seafile/seadroid2/ui/repo/RepoQuickAdapter.kt:531:30 Unresolved reference 'DirentModel'.
e: file:///Users/HONGBGU/Documents/seadroid/app/src/main/java/com/seafile/seadroid2/ui/repo/RepoQuickAdapter.kt:531:44 Unresolved reference 'DirentModel'.
e: file:///Users/HONGBGU/Documents/seadroid/app/src/main/java/com/seafile/seadroid2/ui/repo/RepoQuickAdapter.kt:532:25 Unresolved reference 'full_path'.
e: file:///Users/HONGBGU/Documents/seadroid/app/src/main/java/com/seafile/seadroid2/ui/repo/RepoQuickAdapter.kt:532:43 Unresolved reference 'fullpath'.
e: file:///Users/HONGBGU/Documents/seadroid/app/src/main/java/com/seafile/seadroid2/ui/repo/RepoQuickAdapter.kt:533:25 Unresolved reference 'repo_id'.
e: file:///Users/HONGBGU/Documents/seadroid/app/src/main/java/com/seafile/seadroid2/ui/repo/RepoQuickAdapter.kt:533:41 Unresolved reference 'repo_id'.
e: file:///Users/HONGBGU/Documents/seadroid/app/src/main/java/com/seafile/seadroid2/ui/repo/RepoQuickAdapter.kt:534:43 Unresolved reference 'binding'.
e: file:///Users/HONGBGU/Documents/seadroid/app/src/main/java/com/seafile/seadroid2/ui/repo/RepoQuickAdapter.kt:537:16 Unresolved reference 'binding'.
e: file:///Users/HONGBGU/Documents/seadroid/app/src/main/java/com/seafile/seadroid2/ui/repo/RepoQuickAdapter.kt:538:16 Unresolved reference 'binding'.
e: file:///Users/HONGBGU/Documents/seadroid/app/src/main/java/com/seafile/seadroid2/ui/repo/RepoQuickAdapter.kt:540:16 Unresolved reference 'binding'.
e: file:///Users/HONGBGU/Documents/seadroid/app/src/main/java/com/seafile/seadroid2/ui/repo/RepoQuickAdapter.kt:542:16 Unresolved reference 'binding'.
e: file:///Users/HONGBGU/Documents/seadroid/app/src/main/java/com/seafile/seadroid2/ui/repo/RepoQuickAdapter.kt:548:40 Unresolved reference 'DirentModel'.
e: file:///Users/HONGBGU/Documents/seadroid/app/src/main/java/com/seafile/seadroid2/ui/repo/RepoQuickAdapter.kt:550:13 Unresolved reference 'TextUtils'.
e: file:///Users/HONGBGU/Documents/seadroid/app/src/main/java/com/seafile/seadroid2/ui/repo/RepoQuickAdapter.kt:551:22 Overload resolution ambiguity between candidates:
@NonNull() static fun with(@NonNull() context: Context): GlideRequests
@Deprecated(...) @NonNull() static fun with(@NonNull() activity: Activity): GlideRequests
@NonNull() static fun with(@NonNull() activity: FragmentActivity): GlideRequests
@NonNull() static fun with(@NonNull() fragment: Fragment): GlideRequests
@Deprecated(...) @NonNull() static fun with(@NonNull() fragment: Fragment): GlideRequests
@NonNull() static fun with(@NonNull() view: View): GlideRequests
e: file:///Users/HONGBGU/Documents/seadroid/app/src/main/java/com/seafile/seadroid2/ui/repo/RepoQuickAdapter.kt:551:27 Unresolved reference 'context'.
e: file:///Users/HONGBGU/Documents/seadroid/app/src/main/java/com/seafile/seadroid2/ui/repo/RepoQuickAdapter.kt:552:18 Unresolved reference 'load'.
e: file:///Users/HONGBGU/Documents/seadroid/app/src/main/java/com/seafile/seadroid2/ui/repo/RepoQuickAdapter.kt:552:35 Unresolved reference 'getIcon'.
e: file:///Users/HONGBGU/Documents/seadroid/app/src/main/java/com/seafile/seadroid2/ui/repo/RepoQuickAdapter.kt:553:24 Unresolved reference 'GlideLoadConfig'.
e: file:///Users/HONGBGU/Documents/seadroid/app/src/main/java/com/seafile/seadroid2/ui/repo/RepoQuickAdapter.kt:554:18 Unresolved reference 'into'.
e: file:///Users/HONGBGU/Documents/seadroid/app/src/main/java/com/seafile/seadroid2/ui/repo/RepoQuickAdapter.kt:558:32 Unresolved reference 'EncryptUtils'.
e: file:///Users/HONGBGU/Documents/seadroid/app/src/main/java/com/seafile/seadroid2/ui/repo/RepoQuickAdapter.kt:560:18 Overload resolution ambiguity between candidates:
@NonNull() static fun with(@NonNull() context: Context): GlideRequests
@Deprecated(...) @NonNull() static fun with(@NonNull() activity: Activity): GlideRequests
@NonNull() static fun with(@NonNull() activity: FragmentActivity): GlideRequests
@NonNull() static fun with(@NonNull() fragment: Fragment): GlideRequests
@Deprecated(...) @NonNull() static fun with(@NonNull() fragment: Fragment): GlideRequests
@NonNull() static fun with(@NonNull() view: View): GlideRequests
e: file:///Users/HONGBGU/Documents/seadroid/app/src/main/java/com/seafile/seadroid2/ui/repo/RepoQuickAdapter.kt:560:23 Unresolved reference 'context'.
e: file:///Users/HONGBGU/Documents/seadroid/app/src/main/java/com/seafile/seadroid2/ui/repo/RepoQuickAdapter.kt:561:14 Unresolved reference 'load'.
e: file:///Users/HONGBGU/Documents/seadroid/app/src/main/java/com/seafile/seadroid2/ui/repo/RepoQuickAdapter.kt:562:24 Unresolved reference 'ObjectKey'.
e: file:///Users/HONGBGU/Documents/seadroid/app/src/main/java/com/seafile/seadroid2/ui/repo/RepoQuickAdapter.kt:563:20 Unresolved reference 'GlideLoadConfig'.
e: file:///Users/HONGBGU/Documents/seadroid/app/src/main/java/com/seafile/seadroid2/ui/repo/RepoQuickAdapter.kt:563:73 Unresolved reference 'getIcon'.
e: file:///Users/HONGBGU/Documents/seadroid/app/src/main/java/com/seafile/seadroid2/ui/repo/RepoQuickAdapter.kt:564:14 Unresolved reference 'into'.
e: file:///Users/HONGBGU/Documents/seadroid/app/src/main/java/com/seafile/seadroid2/ui/repo/RepoQuickAdapter.kt:568:36 Unresolved reference 'SupportAccountManager'.
e: file:///Users/HONGBGU/Documents/seadroid/app/src/main/java/com/seafile/seadroid2/ui/repo/RepoQuickAdapter.kt:571:13 Unresolved reference 'not' for operator '!'.
e: file:///Users/HONGBGU/Documents/seadroid/app/src/main/java/com/seafile/seadroid2/ui/repo/RepoQuickAdapter.kt:571:14 Unresolved reference 'TextUtils'.
e: file:///Users/HONGBGU/Documents/seadroid/app/src/main/java/com/seafile/seadroid2/ui/repo/RepoQuickAdapter.kt:579:22 Unresolved reference 'HttpIO'.
e: file:///Users/HONGBGU/Documents/seadroid/app/src/main/java/com/seafile/seadroid2/ui/repo/RepoQuickAdapter.kt:583:50 Unresolved reference 'DirentModel'.
e: file:///Users/HONGBGU/Documents/seadroid/app/src/main/java/com/seafile/seadroid2/ui/repo/RepoQuickAdapter.kt:585:13 Unresolved reference 'TextUtils'.
e: file:///Users/HONGBGU/Documents/seadroid/app/src/main/java/com/seafile/seadroid2/ui/repo/RepoQuickAdapter.kt:589:13 Argument type mismatch: actual type is 'kotlin.String?', but 'kotlin.String' was expected.
e: file:///Users/HONGBGU/Documents/seadroid/app/src/main/java/com/seafile/seadroid2/ui/repo/RepoQuickAdapter.kt:590:25 Unresolved reference 'repo_id'.
e: file:///Users/HONGBGU/Documents/seadroid/app/src/main/java/com/seafile/seadroid2/ui/repo/RepoQuickAdapter.kt:591:25 Unresolved reference 'full_path'.
e: file:///Users/HONGBGU/Documents/seadroid/app/src/main/java/com/seafile/seadroid2/ui/repo/RepoQuickAdapter.kt:603:9 Unresolved reference 'notifyItemRangeChanged'.
e: file:///Users/HONGBGU/Documents/seadroid/app/src/main/java/com/seafile/seadroid2/ui/repo/RepoQuickAdapter.kt:603:35 Unresolved reference 'getItemCount'.
e: file:///Users/HONGBGU/Documents/seadroid/app/src/main/java/com/seafile/seadroid2/ui/repo/RepoQuickAdapter.kt:611:22 Method 'iterator()' is ambiguous for this expression. Applicable candidates:
fun <T> Enumeration<T>.iterator(): Iterator<T>
@InlineOnly() fun <T> Iterator<T>.iterator(): Iterator<T>
@InlineOnly() fun <K, V> Map<out K, V>.iterator(): Iterator<Map.Entry<K, V>>
@JvmName(...) @InlineOnly() fun <K, V> MutableMap<K, V>.iterator(): MutableIterator<MutableMap.MutableEntry<K, V>>
fun CharSequence.iterator(): CharIterator
fun BufferedInputStream.iterator(): ByteIterator
e: file:///Users/HONGBGU/Documents/seadroid/app/src/main/java/com/seafile/seadroid2/ui/repo/RepoQuickAdapter.kt:611:22 Unresolved reference 'items'.
e: file:///Users/HONGBGU/Documents/seadroid/app/src/main/java/com/seafile/seadroid2/ui/repo/RepoQuickAdapter.kt:619:21 Unresolved reference 'Bundle'.
e: file:///Users/HONGBGU/Documents/seadroid/app/src/main/java/com/seafile/seadroid2/ui/repo/RepoQuickAdapter.kt:619:30 Unresolved reference 'Bundle'.
e: file:///Users/HONGBGU/Documents/seadroid/app/src/main/java/com/seafile/seadroid2/ui/repo/RepoQuickAdapter.kt:620:16 Unresolved reference 'putBoolean'.
e: file:///Users/HONGBGU/Documents/seadroid/app/src/main/java/com/seafile/seadroid2/ui/repo/RepoQuickAdapter.kt:621:9 Unresolved reference 'notifyItemRangeChanged'.
e: file:///Users/HONGBGU/Documents/seadroid/app/src/main/java/com/seafile/seadroid2/ui/repo/RepoQuickAdapter.kt:621:35 Unresolved reference 'getItemCount'.
e: file:///Users/HONGBGU/Documents/seadroid/app/src/main/java/com/seafile/seadroid2/ui/repo/RepoQuickAdapter.kt:624:40 Unresolved reference 'BaseModel'.
e: file:///Users/HONGBGU/Documents/seadroid/app/src/main/java/com/seafile/seadroid2/ui/repo/RepoQuickAdapter.kt:625:16 Unresolved reference 'items'.
e: file:///Users/HONGBGU/Documents/seadroid/app/src/main/java/com/seafile/seadroid2/ui/repo/RepoQuickAdapter.kt:625:43 Unresolved reference 'BaseModel'.
e: file:///Users/HONGBGU/Documents/seadroid/app/src/main/java/com/seafile/seadroid2/ui/repo/RepoQuickAdapter.kt:625:59 Unresolved reference 'is_checked'.
e: file:///Users/HONGBGU/Documents/seadroid/app/src/main/java/com/seafile/seadroid2/ui/repo/RepoQuickAdapter.kt:625:72 Unresolved reference 'collect'.
e: file:///Users/HONGBGU/Documents/seadroid/app/src/main/java/com/seafile/seadroid2/ui/repo/RepoQuickAdapter.kt:632:19 Unresolved reference 'BaseModel'.
e: file:///Users/HONGBGU/Documents/seadroid/app/src/main/java/com/seafile/seadroid2/ui/repo/RepoQuickAdapter.kt:632:31 Unresolved reference 'items'.
e: file:///Users/HONGBGU/Documents/seadroid/app/src/main/java/com/seafile/seadroid2/ui/repo/RepoQuickAdapter.kt:636:18 Unresolved reference 'is_checked'.
e: file:///Users/HONGBGU/Documents/seadroid/app/src/main/java/com/seafile/seadroid2/ui/repo/RepoQuickAdapter.kt:636:37 Unresolved reference 'is_checked'.
e: file:///Users/HONGBGU/Documents/seadroid/app/src/main/java/com/seafile/seadroid2/ui/repo/RepoQuickAdapter.kt:637:13 Unresolved reference 'notifyItemChanged'.
e: file:///Users/HONGBGU/Documents/seadroid/app/src/main/java/com/seafile/seadroid2/ui/repo/RepoQuickAdapter.kt:640:13 Unresolved reference 'items'.
e: file:///Users/HONGBGU/Documents/seadroid/app/src/main/java/com/seafile/seadroid2/ui/repo/RepoQuickAdapter.kt:640:41 Unresolved reference 'is_checked'.
e: file:///Users/HONGBGU/Documents/seadroid/app/src/main/java/com/seafile/seadroid2/ui/repo/RepoQuickAdapter.kt:641:13 Unresolved reference 'notifyItemChanged'.
e: file:///Users/HONGBGU/Documents/seadroid/app/src/main/java/com/seafile/seadroid2/ui/repo/RepoQuickAdapter.kt:643:18 Unresolved reference 'is_checked'.
e: file:///Users/HONGBGU/Documents/seadroid/app/src/main/java/com/seafile/seadroid2/ui/repo/RepoQuickAdapter.kt:644:13 Unresolved reference 'notifyItemChanged'.
e: file:///Users/HONGBGU/Documents/seadroid/app/src/main/java/com/seafile/seadroid2/ui/repo/RepoQuickAdapter.kt:646:18 Unresolved reference 'is_checked'.
e: file:///Users/HONGBGU/Documents/seadroid/app/src/main/java/com/seafile/seadroid2/ui/repo/RepoQuickAdapter.kt:647:13 Unresolved reference 'notifyItemChanged'.
e: file:///Users/HONGBGU/Documents/seadroid/app/src/main/java/com/seafile/seadroid2/ui/repo/RepoQuickAdapter.kt:652:13 Unresolved reference 'ObjSelectType'.
e: file:///Users/HONGBGU/Documents/seadroid/app/src/main/java/com/seafile/seadroid2/ui/repo/RepoQuickAdapter.kt:653:20 Unresolved reference 'items'.
e: file:///Users/HONGBGU/Documents/seadroid/app/src/main/java/com/seafile/seadroid2/ui/repo/RepoQuickAdapter.kt:654:32 Unresolved reference 'BaseModel'.
e: file:///Users/HONGBGU/Documents/seadroid/app/src/main/java/com/seafile/seadroid2/ui/repo/RepoQuickAdapter.kt:655:18 Overload resolution ambiguity between candidates:
fun BooleanArray.filter(predicate: (Boolean) -> Boolean): List<Boolean>
fun ByteArray.filter(predicate: (Byte) -> Boolean): List<Byte>
fun CharArray.filter(predicate: (Char) -> Boolean): List<Char>
fun DoubleArray.filter(predicate: (Double) -> Boolean): List<Double>
fun FloatArray.filter(predicate: (Float) -> Boolean): List<Float>
fun IntArray.filter(predicate: (Int) -> Boolean): List<Int>
fun LongArray.filter(predicate: (Long) -> Boolean): List<Long>
fun ShortArray.filter(predicate: (Short) -> Boolean): List<Short>
fun <K, V> Map<out K, V>.filter(predicate: (Map.Entry<K, V>) -> Boolean): Map<K, V>
@SinceKotlin(...) @ExperimentalUnsignedTypes() @InlineOnly() fun UByteArray.filter(predicate: (UByte) -> Boolean): List<UByte>
@SinceKotlin(...) @ExperimentalUnsignedTypes() @InlineOnly() fun UIntArray.filter(predicate: (UInt) -> Boolean): List<UInt>
@SinceKotlin(...) @ExperimentalUnsignedTypes() @InlineOnly() fun ULongArray.filter(predicate: (ULong) -> Boolean): List<ULong>
@SinceKotlin(...) @ExperimentalUnsignedTypes() @InlineOnly() fun UShortArray.filter(predicate: (UShort) -> Boolean): List<UShort>
fun CharSequence.filter(predicate: (Char) -> Boolean): CharSequence
fun String.filter(predicate: (Char) -> Boolean): String
e: file:///Users/HONGBGU/Documents/seadroid/app/src/main/java/com/seafile/seadroid2/ui/repo/RepoQuickAdapter.kt:655:30 Unresolved reference 'BaseModel'.
e: file:///Users/HONGBGU/Documents/seadroid/app/src/main/java/com/seafile/seadroid2/ui/repo/RepoQuickAdapter.kt:655:46 Unresolved reference 'is_checked'.
e: file:///Users/HONGBGU/Documents/seadroid/app/src/main/java/com/seafile/seadroid2/ui/repo/RepoQuickAdapter.kt:656:18 Overload resolution ambiguity between candidates:
@InlineOnly() fun <T> Array<out T>.count(): Int
@InlineOnly() fun BooleanArray.count(): Int
@InlineOnly() fun ByteArray.count(): Int
@InlineOnly() fun CharArray.count(): Int
@InlineOnly() fun DoubleArray.count(): Int
@InlineOnly() fun FloatArray.count(): Int
@InlineOnly() fun IntArray.count(): Int
@InlineOnly() fun LongArray.count(): Int
@InlineOnly() fun ShortArray.count(): Int
@InlineOnly() fun <T> Collection<T>.count(): Int
fun <T> Iterable<T>.count(): Int
@InlineOnly() fun <K, V> Map<out K, V>.count(): Int
fun <T> Sequence<T>.count(): Int
@InlineOnly() fun CharSequence.count(): Int
e: file:///Users/HONGBGU/Documents/seadroid/app/src/main/java/com/seafile/seadroid2/ui/repo/RepoQuickAdapter.kt:657:20 Unresolved reference 'ObjSelectType'.
e: file:///Users/HONGBGU/Documents/seadroid/app/src/main/java/com/seafile/seadroid2/ui/repo/RepoQuickAdapter.kt:658:20 Unresolved reference 'items'.
e: file:///Users/HONGBGU/Documents/seadroid/app/src/main/java/com/seafile/seadroid2/ui/repo/RepoQuickAdapter.kt:659:32 Unresolved reference 'BaseModel'.
e: file:///Users/HONGBGU/Documents/seadroid/app/src/main/java/com/seafile/seadroid2/ui/repo/RepoQuickAdapter.kt:659:46 Unresolved reference 'RepoModel'.
e: file:///Users/HONGBGU/Documents/seadroid/app/src/main/java/com/seafile/seadroid2/ui/repo/RepoQuickAdapter.kt:659:63 Unresolved reference. None of the following candidates is applicable because of a receiver type mismatch:
val <T> KClass<T>.java: Class<T>
e: file:///Users/HONGBGU/Documents/seadroid/app/src/main/java/com/seafile/seadroid2/ui/repo/RepoQuickAdapter.kt:660:18 Overload resolution ambiguity between candidates:
fun BooleanArray.filter(predicate: (Boolean) -> Boolean): List<Boolean>
fun ByteArray.filter(predicate: (Byte) -> Boolean): List<Byte>
fun CharArray.filter(predicate: (Char) -> Boolean): List<Char>
fun DoubleArray.filter(predicate: (Double) -> Boolean): List<Double>
fun FloatArray.filter(predicate: (Float) -> Boolean): List<Float>
fun IntArray.filter(predicate: (Int) -> Boolean): List<Int>
fun LongArray.filter(predicate: (Long) -> Boolean): List<Long>
fun ShortArray.filter(predicate: (Short) -> Boolean): List<Short>
fun <K, V> Map<out K, V>.filter(predicate: (Map.Entry<K, V>) -> Boolean): Map<K, V>
@SinceKotlin(...) @ExperimentalUnsignedTypes() @InlineOnly() fun UByteArray.filter(predicate: (UByte) -> Boolean): List<UByte>
@SinceKotlin(...) @ExperimentalUnsignedTypes() @InlineOnly() fun UIntArray.filter(predicate: (UInt) -> Boolean): List<UInt>
@SinceKotlin(...) @ExperimentalUnsignedTypes() @InlineOnly() fun ULongArray.filter(predicate: (ULong) -> Boolean): List<ULong>
@SinceKotlin(...) @ExperimentalUnsignedTypes() @InlineOnly() fun UShortArray.filter(predicate: (UShort) -> Boolean): List<UShort>
fun CharSequence.filter(predicate: (Char) -> Boolean): CharSequence
fun String.filter(predicate: (Char) -> Boolean): String
e: file:///Users/HONGBGU/Documents/seadroid/app/src/main/java/com/seafile/seadroid2/ui/repo/RepoQuickAdapter.kt:660:30 Unresolved reference 'BaseModel'.
e: file:///Users/HONGBGU/Documents/seadroid/app/src/main/java/com/seafile/seadroid2/ui/repo/RepoQuickAdapter.kt:660:46 Unresolved reference 'is_checked'.
e: file:///Users/HONGBGU/Documents/seadroid/app/src/main/java/com/seafile/seadroid2/ui/repo/RepoQuickAdapter.kt:661:18 Overload resolution ambiguity between candidates:
@InlineOnly() fun <T> Array<out T>.count(): Int
@InlineOnly() fun BooleanArray.count(): Int
@InlineOnly() fun ByteArray.count(): Int
@InlineOnly() fun CharArray.count(): Int
@InlineOnly() fun DoubleArray.count(): Int
@InlineOnly() fun FloatArray.count(): Int
@InlineOnly() fun IntArray.count(): Int
@InlineOnly() fun LongArray.count(): Int
@InlineOnly() fun ShortArray.count(): Int
@InlineOnly() fun <T> Collection<T>.count(): Int
fun <T> Iterable<T>.count(): Int
@InlineOnly() fun <K, V> Map<out K, V>.count(): Int
fun <T> Sequence<T>.count(): Int
@InlineOnly() fun CharSequence.count(): Int
e: file:///Users/HONGBGU/Documents/seadroid/app/src/main/java/com/seafile/seadroid2/ui/repo/RepoQuickAdapter.kt:667:19 Unresolved reference 'items'.
e: file:///Users/HONGBGU/Documents/seadroid/app/src/main/java/com/seafile/seadroid2/ui/repo/RepoQuickAdapter.kt:667:25 Method 'iterator()' is ambiguous for this expression. Applicable candidates:
fun <T> Enumeration<T>.iterator(): Iterator<T>
@InlineOnly() fun <T> Iterator<T>.iterator(): Iterator<T>
@InlineOnly() fun <K, V> Map<out K, V>.iterator(): Iterator<Map.Entry<K, V>>
@JvmName(...) @InlineOnly() fun <K, V> MutableMap<K, V>.iterator(): MutableIterator<MutableMap.MutableEntry<K, V>>
fun CharSequence.iterator(): CharIterator
fun BufferedInputStream.iterator(): ByteIterator
e: file:///Users/HONGBGU/Documents/seadroid/app/src/main/java/com/seafile/seadroid2/ui/repo/RepoQuickAdapter.kt:668:17 Unresolved reference 'items'.
e: file:///Users/HONGBGU/Documents/seadroid/app/src/main/java/com/seafile/seadroid2/ui/repo/RepoQuickAdapter.kt:668:30 Unresolved reference 'is_checked'.
e: file:///Users/HONGBGU/Documents/seadroid/app/src/main/java/com/seafile/seadroid2/ui/repo/RepoQuickAdapter.kt:675:44 Unresolved reference 'BaseModel'.
e: file:///Users/HONGBGU/Documents/seadroid/app/src/main/java/com/seafile/seadroid2/ui/repo/RepoQuickAdapter.kt:675:68 Unresolved reference 'BaseModel'.
e: file:///Users/HONGBGU/Documents/seadroid/app/src/main/java/com/seafile/seadroid2/ui/repo/RepoQuickAdapter.kt:679:9 Unresolved reference 'addItemType'.
e: file:///Users/HONGBGU/Documents/seadroid/app/src/main/java/com/seafile/seadroid2/ui/repo/RepoQuickAdapter.kt:679:21 Unresolved reference 'AbsLayoutItemType'.
e: file:///Users/HONGBGU/Documents/seadroid/app/src/main/java/com/seafile/seadroid2/ui/repo/RepoQuickAdapter.kt:679:57 Unresolved reference 'OnMultiItem'.
e: file:///Users/HONGBGU/Documents/seadroid/app/src/main/java/com/seafile/seadroid2/ui/repo/RepoQuickAdapter.kt:679:69 Unresolved reference 'BaseModel'.
e: file:///Users/HONGBGU/Documents/seadroid/app/src/main/java/com/seafile/seadroid2/ui/repo/RepoQuickAdapter.kt:679:81 Unresolved reference 'AccountViewHolder'.
e: file:///Users/HONGBGU/Documents/seadroid/app/src/main/java/com/seafile/seadroid2/ui/repo/RepoQuickAdapter.kt:680:13 'onCreate' overrides nothing.
e: file:///Users/HONGBGU/Documents/seadroid/app/src/main/java/com/seafile/seadroid2/ui/repo/RepoQuickAdapter.kt:681:26 Unresolved reference 'Context'.
e: file:///Users/HONGBGU/Documents/seadroid/app/src/main/java/com/seafile/seadroid2/ui/repo/RepoQuickAdapter.kt:682:28 Unresolved reference 'ViewGroup'.
e: file:///Users/HONGBGU/Documents/seadroid/app/src/main/java/com/seafile/seadroid2/ui/repo/RepoQuickAdapter.kt:684:16 Unresolved reference 'AccountViewHolder'.
e: file:///Users/HONGBGU/Documents/seadroid/app/src/main/java/com/seafile/seadroid2/ui/repo/RepoQuickAdapter.kt:686:48 Unresolved reference 'LayoutInflater'.
e: file:///Users/HONGBGU/Documents/seadroid/app/src/main/java/com/seafile/seadroid2/ui/repo/RepoQuickAdapter.kt:687:24 Unresolved reference 'AccountViewHolder'.
e: file:///Users/HONGBGU/Documents/seadroid/app/src/main/java/com/seafile/seadroid2/ui/repo/RepoQuickAdapter.kt:690:13 'onBind' overrides nothing.
e: file:///Users/HONGBGU/Documents/seadroid/app/src/main/java/com/seafile/seadroid2/ui/repo/RepoQuickAdapter.kt:690:45 Unresolved reference 'AccountViewHolder'.
e: file:///Users/HONGBGU/Documents/seadroid/app/src/main/java/com/seafile/seadroid2/ui/repo/RepoQuickAdapter.kt:690:83 Unresolved reference 'BaseModel'.
e: file:///Users/HONGBGU/Documents/seadroid/app/src/main/java/com/seafile/seadroid2/ui/repo/RepoQuickAdapter.kt:693:24 Unresolved reference 'GroupItemViewHolder'.
e: file:///Users/HONGBGU/Documents/seadroid/app/src/main/java/com/seafile/seadroid2/ui/repo/RepoQuickAdapter.kt:693:46 Unresolved reference 'AbsLayoutItemType'.
e: file:///Users/HONGBGU/Documents/seadroid/app/src/main/java/com/seafile/seadroid2/ui/repo/RepoQuickAdapter.kt:693:85 Unresolved reference 'OnMultiItem'.
e: file:///Users/HONGBGU/Documents/seadroid/app/src/main/java/com/seafile/seadroid2/ui/repo/RepoQuickAdapter.kt:693:97 Unresolved reference 'BaseModel'.
e: file:///Users/HONGBGU/Documents/seadroid/app/src/main/java/com/seafile/seadroid2/ui/repo/RepoQuickAdapter.kt:693:109 Unresolved reference 'GroupItemViewHolder'.
e: file:///Users/HONGBGU/Documents/seadroid/app/src/main/java/com/seafile/seadroid2/ui/repo/RepoQuickAdapter.kt:694:13 'onCreate' overrides nothing.
e: file:///Users/HONGBGU/Documents/seadroid/app/src/main/java/com/seafile/seadroid2/ui/repo/RepoQuickAdapter.kt:695:26 Unresolved reference 'Context'.
e: file:///Users/HONGBGU/Documents/seadroid/app/src/main/java/com/seafile/seadroid2/ui/repo/RepoQuickAdapter.kt:696:28 Unresolved reference 'ViewGroup'.
e: file:///Users/HONGBGU/Documents/seadroid/app/src/main/java/com/seafile/seadroid2/ui/repo/RepoQuickAdapter.kt:698:16 Unresolved reference 'GroupItemViewHolder'.
e: file:///Users/HONGBGU/Documents/seadroid/app/src/main/java/com/seafile/seadroid2/ui/repo/RepoQuickAdapter.kt:700:50 Unresolved reference 'LayoutInflater'.
e: file:///Users/HONGBGU/Documents/seadroid/app/src/main/java/com/seafile/seadroid2/ui/repo/RepoQuickAdapter.kt:701:24 Unresolved reference 'GroupItemViewHolder'.
e: file:///Users/HONGBGU/Documents/seadroid/app/src/main/java/com/seafile/seadroid2/ui/repo/RepoQuickAdapter.kt:704:13 'onBind' overrides nothing.
e: file:///Users/HONGBGU/Documents/seadroid/app/src/main/java/com/seafile/seadroid2/ui/repo/RepoQuickAdapter.kt:704:41 Unresolved reference 'GroupItemViewHolder'.
e: file:///Users/HONGBGU/Documents/seadroid/app/src/main/java/com/seafile/seadroid2/ui/repo/RepoQuickAdapter.kt:704:76 Unresolved reference 'BaseModel'.
e: file:///Users/HONGBGU/Documents/seadroid/app/src/main/java/com/seafile/seadroid2/ui/repo/RepoQuickAdapter.kt:705:45 Unresolved reference 'GroupItemModel'.
e: file:///Users/HONGBGU/Documents/seadroid/app/src/main/java/com/seafile/seadroid2/ui/repo/RepoQuickAdapter.kt:708:13 'onBind' overrides nothing.
e: file:///Users/HONGBGU/Documents/seadroid/app/src/main/java/com/seafile/seadroid2/ui/repo/RepoQuickAdapter.kt:709:25 Unresolved reference 'GroupItemViewHolder'.
e: file:///Users/HONGBGU/Documents/seadroid/app/src/main/java/com/seafile/seadroid2/ui/repo/RepoQuickAdapter.kt:711:23 Unresolved reference 'BaseModel'.
e: file:///Users/HONGBGU/Documents/seadroid/app/src/main/java/com/seafile/seadroid2/ui/repo/RepoQuickAdapter.kt:714:45 Unresolved reference 'GroupItemModel'.
e: file:///Users/HONGBGU/Documents/seadroid/app/src/main/java/com/seafile/seadroid2/ui/repo/RepoQuickAdapter.kt:716:24 Unresolved reference 'RepoViewHolder'.
e: file:///Users/HONGBGU/Documents/seadroid/app/src/main/java/com/seafile/seadroid2/ui/repo/RepoQuickAdapter.kt:716:41 Unresolved reference 'AbsLayoutItemType'.
e: file:///Users/HONGBGU/Documents/seadroid/app/src/main/java/com/seafile/seadroid2/ui/repo/RepoQuickAdapter.kt:716:74 Unresolved reference 'OnMultiItem'.
e: file:///Users/HONGBGU/Documents/seadroid/app/src/main/java/com/seafile/seadroid2/ui/repo/RepoQuickAdapter.kt:716:86 Unresolved reference 'BaseModel'.
e: file:///Users/HONGBGU/Documents/seadroid/app/src/main/java/com/seafile/seadroid2/ui/repo/RepoQuickAdapter.kt:716:98 Unresolved reference 'RepoViewHolder'.
e: file:///Users/HONGBGU/Documents/seadroid/app/src/main/java/com/seafile/seadroid2/ui/repo/RepoQuickAdapter.kt:717:13 'onCreate' overrides nothing.
e: file:///Users/HONGBGU/Documents/seadroid/app/src/main/java/com/seafile/seadroid2/ui/repo/RepoQuickAdapter.kt:717:44 Unresolved reference 'Context'.
e: file:///Users/HONGBGU/Documents/seadroid/app/src/main/java/com/seafile/seadroid2/ui/repo/RepoQuickAdapter.kt:717:64 Unresolved reference 'ViewGroup'.
e: file:///Users/HONGBGU/Documents/seadroid/app/src/main/java/com/seafile/seadroid2/ui/repo/RepoQuickAdapter.kt:717:84 Unresolved reference 'RepoViewHolder'.
e: file:///Users/HONGBGU/Documents/seadroid/app/src/main/java/com/seafile/seadroid2/ui/repo/RepoQuickAdapter.kt:719:45 Unresolved reference 'LayoutInflater'.
e: file:///Users/HONGBGU/Documents/seadroid/app/src/main/java/com/seafile/seadroid2/ui/repo/RepoQuickAdapter.kt:720:24 Unresolved reference 'RepoViewHolder'.
e: file:///Users/HONGBGU/Documents/seadroid/app/src/main/java/com/seafile/seadroid2/ui/repo/RepoQuickAdapter.kt:723:13 'onBind' overrides nothing.
e: file:///Users/HONGBGU/Documents/seadroid/app/src/main/java/com/seafile/seadroid2/ui/repo/RepoQuickAdapter.kt:723:45 Unresolved reference 'RepoViewHolder'.
e: file:///Users/HONGBGU/Documents/seadroid/app/src/main/java/com/seafile/seadroid2/ui/repo/RepoQuickAdapter.kt:723:80 Unresolved reference 'BaseModel'.
e: file:///Users/HONGBGU/Documents/seadroid/app/src/main/java/com/seafile/seadroid2/ui/repo/RepoQuickAdapter.kt:727:13 'onBind' overrides nothing.
e: file:///Users/HONGBGU/Documents/seadroid/app/src/main/java/com/seafile/seadroid2/ui/repo/RepoQuickAdapter.kt:728:25 Unresolved reference 'RepoViewHolder'.
e: file:///Users/HONGBGU/Documents/seadroid/app/src/main/java/com/seafile/seadroid2/ui/repo/RepoQuickAdapter.kt:730:23 Unresolved reference 'BaseModel'.
e: file:///Users/HONGBGU/Documents/seadroid/app/src/main/java/com/seafile/seadroid2/ui/repo/RepoQuickAdapter.kt:733:45 Unresolved reference 'RepoModel'.
e: file:///Users/HONGBGU/Documents/seadroid/app/src/main/java/com/seafile/seadroid2/ui/repo/RepoQuickAdapter.kt:735:24 Unresolved reference 'DirentViewHolder'.
e: file:///Users/HONGBGU/Documents/seadroid/app/src/main/java/com/seafile/seadroid2/ui/repo/RepoQuickAdapter.kt:735:43 Unresolved reference 'AbsLayoutItemType'.
e: file:///Users/HONGBGU/Documents/seadroid/app/src/main/java/com/seafile/seadroid2/ui/repo/RepoQuickAdapter.kt:735:83 Unresolved reference 'OnMultiItem'.
e: file:///Users/HONGBGU/Documents/seadroid/app/src/main/java/com/seafile/seadroid2/ui/repo/RepoQuickAdapter.kt:735:95 Unresolved reference 'BaseModel'.
e: file:///Users/HONGBGU/Documents/seadroid/app/src/main/java/com/seafile/seadroid2/ui/repo/RepoQuickAdapter.kt:735:107 Unresolved reference 'DirentViewHolder'.
e: file:///Users/HONGBGU/Documents/seadroid/app/src/main/java/com/seafile/seadroid2/ui/repo/RepoQuickAdapter.kt:736:13 'onCreate' overrides nothing.
e: file:///Users/HONGBGU/Documents/seadroid/app/src/main/java/com/seafile/seadroid2/ui/repo/RepoQuickAdapter.kt:737:26 Unresolved reference 'Context'.
e: file:///Users/HONGBGU/Documents/seadroid/app/src/main/java/com/seafile/seadroid2/ui/repo/RepoQuickAdapter.kt:738:28 Unresolved reference 'ViewGroup'.
e: file:///Users/HONGBGU/Documents/seadroid/app/src/main/java/com/seafile/seadroid2/ui/repo/RepoQuickAdapter.kt:740:16 Unresolved reference 'DirentViewHolder'.
e: file:///Users/HONGBGU/Documents/seadroid/app/src/main/java/com/seafile/seadroid2/ui/repo/RepoQuickAdapter.kt:742:47 Unresolved reference 'LayoutInflater'.
e: file:///Users/HONGBGU/Documents/seadroid/app/src/main/java/com/seafile/seadroid2/ui/repo/RepoQuickAdapter.kt:743:24 Unresolved reference 'DirentViewHolder'.
e: file:///Users/HONGBGU/Documents/seadroid/app/src/main/java/com/seafile/seadroid2/ui/repo/RepoQuickAdapter.kt:746:13 'onBind' overrides nothing.
e: file:///Users/HONGBGU/Documents/seadroid/app/src/main/java/com/seafile/seadroid2/ui/repo/RepoQuickAdapter.kt:746:45 Unresolved reference 'DirentViewHolder'.
e: file:///Users/HONGBGU/Documents/seadroid/app/src/main/java/com/seafile/seadroid2/ui/repo/RepoQuickAdapter.kt:746:82 Unresolved reference 'BaseModel'.
e: file:///Users/HONGBGU/Documents/seadroid/app/src/main/java/com/seafile/seadroid2/ui/repo/RepoQuickAdapter.kt:750:13 'onBind' overrides nothing.
e: file:///Users/HONGBGU/Documents/seadroid/app/src/main/java/com/seafile/seadroid2/ui/repo/RepoQuickAdapter.kt:751:25 Unresolved reference 'DirentViewHolder'.
e: file:///Users/HONGBGU/Documents/seadroid/app/src/main/java/com/seafile/seadroid2/ui/repo/RepoQuickAdapter.kt:753:23 Unresolved reference 'BaseModel'.
e: file:///Users/HONGBGU/Documents/seadroid/app/src/main/java/com/seafile/seadroid2/ui/repo/RepoQuickAdapter.kt:756:47 Unresolved reference 'DirentModel'.
e: file:///Users/HONGBGU/Documents/seadroid/app/src/main/java/com/seafile/seadroid2/ui/repo/RepoQuickAdapter.kt:758:24 Unresolved reference 'DirentGridViewHolder'.
e: file:///Users/HONGBGU/Documents/seadroid/app/src/main/java/com/seafile/seadroid2/ui/repo/RepoQuickAdapter.kt:758:47 Unresolved reference 'AbsLayoutItemType'.
e: file:///Users/HONGBGU/Documents/seadroid/app/src/main/java/com/seafile/seadroid2/ui/repo/RepoQuickAdapter.kt:758:87 Unresolved reference 'OnMultiItem'.
e: file:///Users/HONGBGU/Documents/seadroid/app/src/main/java/com/seafile/seadroid2/ui/repo/RepoQuickAdapter.kt:758:99 Unresolved reference 'BaseModel'.
e: file:///Users/HONGBGU/Documents/seadroid/app/src/main/java/com/seafile/seadroid2/ui/repo/RepoQuickAdapter.kt:758:111 Unresolved reference 'DirentGridViewHolder'.
e: file:///Users/HONGBGU/Documents/seadroid/app/src/main/java/com/seafile/seadroid2/ui/repo/RepoQuickAdapter.kt:759:13 'onCreate' overrides nothing.
e: file:///Users/HONGBGU/Documents/seadroid/app/src/main/java/com/seafile/seadroid2/ui/repo/RepoQuickAdapter.kt:760:26 Unresolved reference 'Context'.
e: file:///Users/HONGBGU/Documents/seadroid/app/src/main/java/com/seafile/seadroid2/ui/repo/RepoQuickAdapter.kt:761:28 Unresolved reference 'ViewGroup'.
e: file:///Users/HONGBGU/Documents/seadroid/app/src/main/java/com/seafile/seadroid2/ui/repo/RepoQuickAdapter.kt:763:16 Unresolved reference 'DirentGridViewHolder'.
e: file:///Users/HONGBGU/Documents/seadroid/app/src/main/java/com/seafile/seadroid2/ui/repo/RepoQuickAdapter.kt:765:51 Unresolved reference 'LayoutInflater'.
e: file:///Users/HONGBGU/Documents/seadroid/app/src/main/java/com/seafile/seadroid2/ui/repo/RepoQuickAdapter.kt:766:24 Unresolved reference 'DirentGridViewHolder'.
e: file:///Users/HONGBGU/Documents/seadroid/app/src/main/java/com/seafile/seadroid2/ui/repo/RepoQuickAdapter.kt:769:13 'onBind' overrides nothing.
e: file:///Users/HONGBGU/Documents/seadroid/app/src/main/java/com/seafile/seadroid2/ui/repo/RepoQuickAdapter.kt:769:45 Unresolved reference 'DirentGridViewHolder'.
e: file:///Users/HONGBGU/Documents/seadroid/app/src/main/java/com/seafile/seadroid2/ui/repo/RepoQuickAdapter.kt:769:86 Unresolved reference 'BaseModel'.
e: file:///Users/HONGBGU/Documents/seadroid/app/src/main/java/com/seafile/seadroid2/ui/repo/RepoQuickAdapter.kt:773:13 'onBind' overrides nothing.
e: file:///Users/HONGBGU/Documents/seadroid/app/src/main/java/com/seafile/seadroid2/ui/repo/RepoQuickAdapter.kt:774:25 Unresolved reference 'DirentGridViewHolder'.
e: file:///Users/HONGBGU/Documents/seadroid/app/src/main/java/com/seafile/seadroid2/ui/repo/RepoQuickAdapter.kt:776:23 Unresolved reference 'BaseModel'.
e: file:///Users/HONGBGU/Documents/seadroid/app/src/main/java/com/seafile/seadroid2/ui/repo/RepoQuickAdapter.kt:779:51 Unresolved reference 'DirentModel'.
e: file:///Users/HONGBGU/Documents/seadroid/app/src/main/java/com/seafile/seadroid2/ui/repo/RepoQuickAdapter.kt:781:24 Unresolved reference 'DirentGalleryViewHolder'.
e: file:///Users/HONGBGU/Documents/seadroid/app/src/main/java/com/seafile/seadroid2/ui/repo/RepoQuickAdapter.kt:781:50 Unresolved reference 'AbsLayoutItemType'.
e: file:///Users/HONGBGU/Documents/seadroid/app/src/main/java/com/seafile/seadroid2/ui/repo/RepoQuickAdapter.kt:781:93 Unresolved reference 'OnMultiItem'.
e: file:///Users/HONGBGU/Documents/seadroid/app/src/main/java/com/seafile/seadroid2/ui/repo/RepoQuickAdapter.kt:781:105 Unresolved reference 'BaseModel'.
e: file:///Users/HONGBGU/Documents/seadroid/app/src/main/java/com/seafile/seadroid2/ui/repo/RepoQuickAdapter.kt:781:117 Unresolved reference 'DirentGalleryViewHolder'.
e: file:///Users/HONGBGU/Documents/seadroid/app/src/main/java/com/seafile/seadroid2/ui/repo/RepoQuickAdapter.kt:782:13 'onCreate' overrides nothing.
e: file:///Users/HONGBGU/Documents/seadroid/app/src/main/java/com/seafile/seadroid2/ui/repo/RepoQuickAdapter.kt:783:26 Unresolved reference 'Context'.
e: file:///Users/HONGBGU/Documents/seadroid/app/src/main/java/com/seafile/seadroid2/ui/repo/RepoQuickAdapter.kt:784:28 Unresolved reference 'ViewGroup'.
e: file:///Users/HONGBGU/Documents/seadroid/app/src/main/java/com/seafile/seadroid2/ui/repo/RepoQuickAdapter.kt:786:16 Unresolved reference 'DirentGalleryViewHolder'.
e: file:///Users/HONGBGU/Documents/seadroid/app/src/main/java/com/seafile/seadroid2/ui/repo/RepoQuickAdapter.kt:788:54 Unresolved reference 'LayoutInflater'.
e: file:///Users/HONGBGU/Documents/seadroid/app/src/main/java/com/seafile/seadroid2/ui/repo/RepoQuickAdapter.kt:789:24 Unresolved reference 'DirentGalleryViewHolder'.
e: file:///Users/HONGBGU/Documents/seadroid/app/src/main/java/com/seafile/seadroid2/ui/repo/RepoQuickAdapter.kt:792:13 'onBind' overrides nothing.
e: file:///Users/HONGBGU/Documents/seadroid/app/src/main/java/com/seafile/seadroid2/ui/repo/RepoQuickAdapter.kt:793:29 Unresolved reference 'DirentGalleryViewHolder'.
e: file:///Users/HONGBGU/Documents/seadroid/app/src/main/java/com/seafile/seadroid2/ui/repo/RepoQuickAdapter.kt:795:28 Unresolved reference 'BaseModel'.
e: file:///Users/HONGBGU/Documents/seadroid/app/src/main/java/com/seafile/seadroid2/ui/repo/RepoQuickAdapter.kt:800:13 'onBind' overrides nothing.
e: file:///Users/HONGBGU/Documents/seadroid/app/src/main/java/com/seafile/seadroid2/ui/repo/RepoQuickAdapter.kt:801:25 Unresolved reference 'DirentGalleryViewHolder'.
e: file:///Users/HONGBGU/Documents/seadroid/app/src/main/java/com/seafile/seadroid2/ui/repo/RepoQuickAdapter.kt:803:23 Unresolved reference 'BaseModel'.
e: file:///Users/HONGBGU/Documents/seadroid/app/src/main/java/com/seafile/seadroid2/ui/repo/RepoQuickAdapter.kt:806:54 Unresolved reference 'DirentModel'.
e: file:///Users/HONGBGU/Documents/seadroid/app/src/main/java/com/seafile/seadroid2/ui/repo/RepoQuickAdapter.kt:808:24 Unresolved reference 'DirentViewHolder'.
e: file:///Users/HONGBGU/Documents/seadroid/app/src/main/java/com/seafile/seadroid2/ui/repo/RepoQuickAdapter.kt:808:43 Unresolved reference 'AbsLayoutItemType'.
e: file:///Users/HONGBGU/Documents/seadroid/app/src/main/java/com/seafile/seadroid2/ui/repo/RepoQuickAdapter.kt:808:78 Unresolved reference 'OnMultiItem'.
e: file:///Users/HONGBGU/Documents/seadroid/app/src/main/java/com/seafile/seadroid2/ui/repo/RepoQuickAdapter.kt:808:90 Unresolved reference 'BaseModel'.
e: file:///Users/HONGBGU/Documents/seadroid/app/src/main/java/com/seafile/seadroid2/ui/repo/RepoQuickAdapter.kt:808:102 Unresolved reference 'DirentViewHolder'.
e: file:///Users/HONGBGU/Documents/seadroid/app/src/main/java/com/seafile/seadroid2/ui/repo/RepoQuickAdapter.kt:809:13 'onCreate' overrides nothing.
e: file:///Users/HONGBGU/Documents/seadroid/app/src/main/java/com/seafile/seadroid2/ui/repo/RepoQuickAdapter.kt:810:26 Unresolved reference 'Context'.
e: file:///Users/HONGBGU/Documents/seadroid/app/src/main/java/com/seafile/seadroid2/ui/repo/RepoQuickAdapter.kt:811:28 Unresolved reference 'ViewGroup'.
e: file:///Users/HONGBGU/Documents/seadroid/app/src/main/java/com/seafile/seadroid2/ui/repo/RepoQuickAdapter.kt:813:16 Unresolved reference 'DirentViewHolder'.
e: file:///Users/HONGBGU/Documents/seadroid/app/src/main/java/com/seafile/seadroid2/ui/repo/RepoQuickAdapter.kt:815:47 Unresolved reference 'LayoutInflater'.
e: file:///Users/HONGBGU/Documents/seadroid/app/src/main/java/com/seafile/seadroid2/ui/repo/RepoQuickAdapter.kt:816:24 Unresolved reference 'DirentViewHolder'.
e: file:///Users/HONGBGU/Documents/seadroid/app/src/main/java/com/seafile/seadroid2/ui/repo/RepoQuickAdapter.kt:819:13 'onBind' overrides nothing.
e: file:///Users/HONGBGU/Documents/seadroid/app/src/main/java/com/seafile/seadroid2/ui/repo/RepoQuickAdapter.kt:819:45 Unresolved reference 'DirentViewHolder'.
e: file:///Users/HONGBGU/Documents/seadroid/app/src/main/java/com/seafile/seadroid2/ui/repo/RepoQuickAdapter.kt:819:82 Unresolved reference 'BaseModel'.
e: file:///Users/HONGBGU/Documents/seadroid/app/src/main/java/com/seafile/seadroid2/ui/repo/RepoQuickAdapter.kt:820:55 Unresolved reference 'SearchModel'.
e: file:///Users/HONGBGU/Documents/seadroid/app/src/main/java/com/seafile/seadroid2/ui/repo/RepoQuickAdapter.kt:822:24 Unresolved reference 'UnsupportedViewHolder'.
e: file:///Users/HONGBGU/Documents/seadroid/app/src/main/java/com/seafile/seadroid2/ui/repo/RepoQuickAdapter.kt:822:48 Unresolved reference 'AbsLayoutItemType'.
e: file:///Users/HONGBGU/Documents/seadroid/app/src/main/java/com/seafile/seadroid2/ui/repo/RepoQuickAdapter.kt:822:90 Unresolved reference 'OnMultiItem'.
e: file:///Users/HONGBGU/Documents/seadroid/app/src/main/java/com/seafile/seadroid2/ui/repo/RepoQuickAdapter.kt:822:102 Unresolved reference 'BaseModel'.
e: file:///Users/HONGBGU/Documents/seadroid/app/src/main/java/com/seafile/seadroid2/ui/repo/RepoQuickAdapter.kt:822:114 Unresolved reference 'UnsupportedViewHolder'.
e: file:///Users/HONGBGU/Documents/seadroid/app/src/main/java/com/seafile/seadroid2/ui/repo/RepoQuickAdapter.kt:823:13 'onCreate' overrides nothing.
e: file:///Users/HONGBGU/Documents/seadroid/app/src/main/java/com/seafile/seadroid2/ui/repo/RepoQuickAdapter.kt:824:26 Unresolved reference 'Context'.
e: file:///Users/HONGBGU/Documents/seadroid/app/src/main/java/com/seafile/seadroid2/ui/repo/RepoQuickAdapter.kt:825:28 Unresolved reference 'ViewGroup'.
e: file:///Users/HONGBGU/Documents/seadroid/app/src/main/java/com/seafile/seadroid2/ui/repo/RepoQuickAdapter.kt:827:16 Unresolved reference 'UnsupportedViewHolder'.
e: file:///Users/HONGBGU/Documents/seadroid/app/src/main/java/com/seafile/seadroid2/ui/repo/RepoQuickAdapter.kt:829:52 Unresolved reference 'LayoutInflater'.
e: file:///Users/HONGBGU/Documents/seadroid/app/src/main/java/com/seafile/seadroid2/ui/repo/RepoQuickAdapter.kt:830:24 Unresolved reference 'UnsupportedViewHolder'.
e: file:///Users/HONGBGU/Documents/seadroid/app/src/main/java/com/seafile/seadroid2/ui/repo/RepoQuickAdapter.kt:833:13 'onBind' overrides nothing.
e: file:///Users/HONGBGU/Documents/seadroid/app/src/main/java/com/seafile/seadroid2/ui/repo/RepoQuickAdapter.kt:834:40 Unresolved reference 'UnsupportedViewHolder'.
e: file:///Users/HONGBGU/Documents/seadroid/app/src/main/java/com/seafile/seadroid2/ui/repo/RepoQuickAdapter.kt:836:28 Unresolved reference 'BaseModel'.
e: file:///Users/HONGBGU/Documents/seadroid/app/src/main/java/com/seafile/seadroid2/ui/repo/RepoQuickAdapter.kt:840:13 'onBind' overrides nothing.
e: file:///Users/HONGBGU/Documents/seadroid/app/src/main/java/com/seafile/seadroid2/ui/repo/RepoQuickAdapter.kt:841:25 Unresolved reference 'UnsupportedViewHolder'.
e: file:///Users/HONGBGU/Documents/seadroid/app/src/main/java/com/seafile/seadroid2/ui/repo/RepoQuickAdapter.kt:843:23 Unresolved reference 'BaseModel'.
e: file:///Users/HONGBGU/Documents/seadroid/app/src/main/java/com/seafile/seadroid2/ui/repo/RepoQuickAdapter.kt:846:17 Unresolved reference 'OnMultiItem'.
e: file:///Users/HONGBGU/Documents/seadroid/app/src/main/java/com/seafile/seadroid2/ui/repo/RepoQuickAdapter.kt:846:23 Unresolved reference 'onBind'.
e: file:///Users/HONGBGU/Documents/seadroid/app/src/main/java/com/seafile/seadroid2/ui/repo/RepoQuickAdapter.kt:848:36 Unresolved reference 'OnItemViewTypeListener'.
e: file:///Users/HONGBGU/Documents/seadroid/app/src/main/java/com/seafile/seadroid2/ui/repo/RepoQuickAdapter.kt:848:59 Unresolved reference 'BaseModel'.
e: file:///Users/HONGBGU/Documents/seadroid/app/src/main/java/com/seafile/seadroid2/ui/repo/RepoQuickAdapter.kt:849:13 'onItemViewType' overrides nothing.
e: file:///Users/HONGBGU/Documents/seadroid/app/src/main/java/com/seafile/seadroid2/ui/repo/RepoQuickAdapter.kt:849:71 Unresolved reference 'BaseModel'.
e: file:///Users/HONGBGU/Documents/seadroid/app/src/main/java/com/seafile/seadroid2/ui/repo/RepoQuickAdapter.kt:850:36 Unresolved reference 'GroupItemModel'.
e: file:///Users/HONGBGU/Documents/seadroid/app/src/main/java/com/seafile/seadroid2/ui/repo/RepoQuickAdapter.kt:851:28 Unresolved reference 'AbsLayoutItemType'.
e: file:///Users/HONGBGU/Documents/seadroid/app/src/main/java/com/seafile/seadroid2/ui/repo/RepoQuickAdapter.kt:852:43 Unresolved reference 'RepoModel'.
e: file:///Users/HONGBGU/Documents/seadroid/app/src/main/java/com/seafile/seadroid2/ui/repo/RepoQuickAdapter.kt:853:28 Unresolved reference 'AbsLayoutItemType'.
e: file:///Users/HONGBGU/Documents/seadroid/app/src/main/java/com/seafile/seadroid2/ui/repo/RepoQuickAdapter.kt:854:43 Unresolved reference 'DirentModel'.
e: file:///Users/HONGBGU/Documents/seadroid/app/src/main/java/com/seafile/seadroid2/ui/repo/RepoQuickAdapter.kt:855:25 Unresolved reference 'FileViewType'.
e: file:///Users/HONGBGU/Documents/seadroid/app/src/main/java/com/seafile/seadroid2/ui/repo/RepoQuickAdapter.kt:856:32 Unresolved reference 'AbsLayoutItemType'.
e: file:///Users/HONGBGU/Documents/seadroid/app/src/main/java/com/seafile/seadroid2/ui/repo/RepoQuickAdapter.kt:857:32 Unresolved reference 'FileViewType'.
e: file:///Users/HONGBGU/Documents/seadroid/app/src/main/java/com/seafile/seadroid2/ui/repo/RepoQuickAdapter.kt:858:32 Unresolved reference 'AbsLayoutItemType'.
e: file:///Users/HONGBGU/Documents/seadroid/app/src/main/java/com/seafile/seadroid2/ui/repo/RepoQuickAdapter.kt:860:32 Unresolved reference 'AbsLayoutItemType'.
e: file:///Users/HONGBGU/Documents/seadroid/app/src/main/java/com/seafile/seadroid2/ui/repo/RepoQuickAdapter.kt:862:43 Unresolved reference 'SearchModel'.
e: file:///Users/HONGBGU/Documents/seadroid/app/src/main/java/com/seafile/seadroid2/ui/repo/RepoQuickAdapter.kt:863:28 Unresolved reference 'AbsLayoutItemType'.
e: file:///Users/HONGBGU/Documents/seadroid/app/src/main/java/com/seafile/seadroid2/ui/repo/RepoQuickAdapter.kt:865:28 Unresolved reference 'AbsLayoutItemType'.
e: file:///Users/HONGBGU/Documents/seadroid/app/src/main/java/com/seafile/seadroid2/ui/repo/RepoQuickAdapter.kt:867:24 Unresolved reference 'AbsLayoutItemType'.
e: file:///Users/HONGBGU/Documents/seadroid/app/src/main/java/com/seafile/seadroid2/ui/repo/RepoQuickAdapter.kt:872:57 Unresolved reference 'SearchModel'.
e: file:///Users/HONGBGU/Documents/seadroid/app/src/main/java/com/seafile/seadroid2/ui/repo/RepoQuickAdapter.kt:876:34 Unresolved reference 'items'.
e: file:///Users/HONGBGU/Documents/seadroid/app/src/main/java/com/seafile/seadroid2/ui/repo/RepoQuickAdapter.kt:880:13 Unresolved reference 'submitList'.
e: file:///Users/HONGBGU/Documents/seadroid/app/src/main/java/com/seafile/seadroid2/ui/repo/RepoQuickAdapter.kt:881:13 Unresolved reference 'submitList'.
e: file:///Users/HONGBGU/Documents/seadroid/app/src/main/java/com/seafile/seadroid2/ui/repo/RepoQuickAdapter.kt:887:13 Unresolved reference 'submitList'.
e: file:///Users/HONGBGU/Documents/seadroid/app/src/main/java/com/seafile/seadroid2/ui/repo/RepoQuickAdapter.kt:887:24 None of the following candidates is applicable:
constructor<E : Any!>(p0: Int): ArrayList<E>
constructor<E : Any!>(@RecentlyNonNull() p0: (MutableCollection<out E!>..Collection<out E!>?)): ArrayList<E>
e: file:///Users/HONGBGU/Documents/seadroid/app/src/main/java/com/seafile/seadroid2/ui/repo/RepoQuickAdapter.kt:887:34 Unresolved reference 'BaseModel'.
e: file:///Users/HONGBGU/Documents/seadroid/app/src/main/java/com/seafile/seadroid2/ui/repo/RepoQuickAdapter.kt:892:45 Unresolved reference 'BaseModel'.
e: file:///Users/HONGBGU/Documents/seadroid/app/src/main/java/com/seafile/seadroid2/ui/repo/RepoQuickAdapter.kt:894:13 Unresolved reference 'submitList'.
e: file:///Users/HONGBGU/Documents/seadroid/app/src/main/java/com/seafile/seadroid2/ui/repo/RepoQuickAdapter.kt:898:37 Unresolved reference 'items'.
e: file:///Users/HONGBGU/Documents/seadroid/app/src/main/java/com/seafile/seadroid2/ui/repo/RepoQuickAdapter.kt:899:13 Unresolved reference 'submitList'.
e: file:///Users/HONGBGU/Documents/seadroid/app/src/main/java/com/seafile/seadroid2/ui/repo/RepoQuickAdapter.kt:904:13 Unresolved reference 'submitList'.
e: file:///Users/HONGBGU/Documents/seadroid/app/src/main/java/com/seafile/seadroid2/ui/repo/RepoQuickAdapter.kt:910:42 Unresolved reference 'BaseModel'.
e: file:///Users/HONGBGU/Documents/seadroid/app/src/main/java/com/seafile/seadroid2/ui/repo/RepoQuickAdapter.kt:911:34 Unresolved reference 'BaseModel'.
e: file:///Users/HONGBGU/Documents/seadroid/app/src/main/java/com/seafile/seadroid2/ui/repo/RepoQuickAdapter.kt:911:48 Unresolved reference 'items'.
e: file:///Users/HONGBGU/Documents/seadroid/app/src/main/java/com/seafile/seadroid2/ui/repo/RepoQuickAdapter.kt:912:34 Unresolved reference 'BaseModel'.
e: file:///Users/HONGBGU/Documents/seadroid/app/src/main/java/com/seafile/seadroid2/ui/repo/RepoQuickAdapter.kt:916:24 Unresolved reference 'items'.
e: file:///Users/HONGBGU/Documents/seadroid/app/src/main/java/com/seafile/seadroid2/ui/repo/RepoQuickAdapter.kt:924:36 Unresolved reference 'items'.
e: file:///Users/HONGBGU/Documents/seadroid/app/src/main/java/com/seafile/seadroid2/ui/repo/RepoQuickAdapter.kt:924:63 '@property:Deprecated(...) val <T : Any> KClass<T>.javaClass: Class<KClass<T>>' is deprecated. Use 'java' property to get Java class corresponding to this Kotlin class or cast this instance to Any if you really want to get the runtime Java class of this implementation of KClass.
e: file:///Users/HONGBGU/Documents/seadroid/app/src/main/java/com/seafile/seadroid2/ui/repo/RepoQuickAdapter.kt:924:63 Not enough information to infer type argument for 'T'.
e: file:///Users/HONGBGU/Documents/seadroid/app/src/main/java/com/seafile/seadroid2/ui/repo/RepoQuickAdapter.kt:925:65 '@property:Deprecated(...) val <T : Any> KClass<T>.javaClass: Class<KClass<T>>' is deprecated. Use 'java' property to get Java class corresponding to this Kotlin class or cast this instance to Any if you really want to get the runtime Java class of this implementation of KClass.
e: file:///Users/HONGBGU/Documents/seadroid/app/src/main/java/com/seafile/seadroid2/ui/repo/RepoQuickAdapter.kt:925:65 Not enough information to infer type argument for 'T'.
e: file:///Users/HONGBGU/Documents/seadroid/app/src/main/java/com/seafile/seadroid2/ui/repo/RepoQuickAdapter.kt:930:21 Unresolved reference 'items'.
e: file:///Users/HONGBGU/Documents/seadroid/app/src/main/java/com/seafile/seadroid2/ui/repo/RepoQuickAdapter.kt:932:28 Unresolved reference 'TextUtils'.
e: file:///Users/HONGBGU/Documents/seadroid/app/src/main/java/com/seafile/seadroid2/ui/repo/RepoQuickAdapter.kt:932:45 Unresolved reference 'newT'.
e: file:///Users/HONGBGU/Documents/seadroid/app/src/main/java/com/seafile/seadroid2/ui/repo/RepoQuickAdapter.kt:935:21 Unresolved reference 'items'.
e: file:///Users/HONGBGU/Documents/seadroid/app/src/main/java/com/seafile/seadroid2/ui/repo/RepoQuickAdapter.kt:935:51 Unresolved reference 'GroupItemModel'.
e: file:///Users/HONGBGU/Documents/seadroid/app/src/main/java/com/seafile/seadroid2/ui/repo/RepoQuickAdapter.kt:936:31 Unresolved reference 'GroupItemModel'.
e: file:///Users/HONGBGU/Documents/seadroid/app/src/main/java/com/seafile/seadroid2/ui/repo/RepoQuickAdapter.kt:936:80 Unresolved reference 'GroupItemModel'.
e: file:///Users/HONGBGU/Documents/seadroid/app/src/main/java/com/seafile/seadroid2/ui/repo/RepoQuickAdapter.kt:937:28 Unresolved reference 'TextUtils'.
e: file:///Users/HONGBGU/Documents/seadroid/app/src/main/java/com/seafile/seadroid2/ui/repo/RepoQuickAdapter.kt:937:45 Unresolved reference 'newT'.
e: file:///Users/HONGBGU/Documents/seadroid/app/src/main/java/com/seafile/seadroid2/ui/repo/RepoQuickAdapter.kt:937:62 Unresolved reference 'title'.
e: file:///Users/HONGBGU/Documents/seadroid/app/src/main/java/com/seafile/seadroid2/ui/repo/RepoQuickAdapter.kt:940:21 Unresolved reference 'items'.
e: file:///Users/HONGBGU/Documents/seadroid/app/src/main/java/com/seafile/seadroid2/ui/repo/RepoQuickAdapter.kt:940:51 Unresolved reference 'RepoModel'.
e: file:///Users/HONGBGU/Documents/seadroid/app/src/main/java/com/seafile/seadroid2/ui/repo/RepoQuickAdapter.kt:941:31 Unresolved reference 'RepoModel'.
e: file:///Users/HONGBGU/Documents/seadroid/app/src/main/java/com/seafile/seadroid2/ui/repo/RepoQuickAdapter.kt:941:75 Unresolved reference 'RepoModel'.
e: file:///Users/HONGBGU/Documents/seadroid/app/src/main/java/com/seafile/seadroid2/ui/repo/RepoQuickAdapter.kt:942:28 Unresolved reference 'TextUtils'.
e: file:///Users/HONGBGU/Documents/seadroid/app/src/main/java/com/seafile/seadroid2/ui/repo/RepoQuickAdapter.kt:943:25 Unresolved reference 'newT'.
e: file:///Users/HONGBGU/Documents/seadroid/app/src/main/java/com/seafile/seadroid2/ui/repo/RepoQuickAdapter.kt:944:30 Unresolved reference 'repo_id'.
e: file:///Users/HONGBGU/Documents/seadroid/app/src/main/java/com/seafile/seadroid2/ui/repo/RepoQuickAdapter.kt:945:26 Unresolved reference 'newT'.
e: file:///Users/HONGBGU/Documents/seadroid/app/src/main/java/com/seafile/seadroid2/ui/repo/RepoQuickAdapter.kt:945:48 Unresolved reference 'group_id'.
e: file:///Users/HONGBGU/Documents/seadroid/app/src/main/java/com/seafile/seadroid2/ui/repo/RepoQuickAdapter.kt:948:21 Unresolved reference 'items'.
e: file:///Users/HONGBGU/Documents/seadroid/app/src/main/java/com/seafile/seadroid2/ui/repo/RepoQuickAdapter.kt:948:51 Unresolved reference 'DirentModel'.
e: file:///Users/HONGBGU/Documents/seadroid/app/src/main/java/com/seafile/seadroid2/ui/repo/RepoQuickAdapter.kt:949:31 Unresolved reference 'DirentModel'.
e: file:///Users/HONGBGU/Documents/seadroid/app/src/main/java/com/seafile/seadroid2/ui/repo/RepoQuickAdapter.kt:949:77 Unresolved reference 'DirentModel'.
e: file:///Users/HONGBGU/Documents/seadroid/app/src/main/java/com/seafile/seadroid2/ui/repo/RepoQuickAdapter.kt:950:28 Unresolved reference 'TextUtils'.
e: file:///Users/HONGBGU/Documents/seadroid/app/src/main/java/com/seafile/seadroid2/ui/repo/RepoQuickAdapter.kt:950:45 Unresolved reference 'newT'.
e: file:///Users/HONGBGU/Documents/seadroid/app/src/main/java/com/seafile/seadroid2/ui/repo/RepoQuickAdapter.kt:950:66 Unresolved reference 'full_path'.
e: file:///Users/HONGBGU/Documents/seadroid/app/src/main/java/com/seafile/seadroid2/ui/repo/RepoQuickAdapter.kt:953:21 Unresolved reference 'items'.
e: file:///Users/HONGBGU/Documents/seadroid/app/src/main/java/com/seafile/seadroid2/ui/repo/RepoQuickAdapter.kt:953:51 Unresolved reference 'SearchModel'.
e: file:///Users/HONGBGU/Documents/seadroid/app/src/main/java/com/seafile/seadroid2/ui/repo/RepoQuickAdapter.kt:954:31 Unresolved reference 'SearchModel'.
e: file:///Users/HONGBGU/Documents/seadroid/app/src/main/java/com/seafile/seadroid2/ui/repo/RepoQuickAdapter.kt:954:77 Unresolved reference 'SearchModel'.
e: file:///Users/HONGBGU/Documents/seadroid/app/src/main/java/com/seafile/seadroid2/ui/repo/RepoQuickAdapter.kt:955:28 Unresolved reference 'TextUtils'.
e: file:///Users/HONGBGU/Documents/seadroid/app/src/main/java/com/seafile/seadroid2/ui/repo/RepoQuickAdapter.kt:955:45 Unresolved reference 'newT'.
e: file:///Users/HONGBGU/Documents/seadroid/app/src/main/java/com/seafile/seadroid2/ui/repo/RepoQuickAdapter.kt:955:65 Unresolved reference 'fullpath'.
e: file:///Users/HONGBGU/Documents/seadroid/app/src/main/java/com/seafile/seadroid2/ui/repo/RepoQuickAdapter.kt:962:36 Unresolved reference 'items'.
e: file:///Users/HONGBGU/Documents/seadroid/app/src/main/java/com/seafile/seadroid2/ui/repo/RepoQuickAdapter.kt:962:63 '@property:Deprecated(...) val <T : Any> KClass<T>.javaClass: Class<KClass<T>>' is deprecated. Use 'java' property to get Java class corresponding to this Kotlin class or cast this instance to Any if you really want to get the runtime Java class of this implementation of KClass.
e: file:///Users/HONGBGU/Documents/seadroid/app/src/main/java/com/seafile/seadroid2/ui/repo/RepoQuickAdapter.kt:962:63 Not enough information to infer type argument for 'T'.
e: file:///Users/HONGBGU/Documents/seadroid/app/src/main/java/com/seafile/seadroid2/ui/repo/RepoQuickAdapter.kt:963:65 '@property:Deprecated(...) val <T : Any> KClass<T>.javaClass: Class<KClass<T>>' is deprecated. Use 'java' property to get Java class corresponding to this Kotlin class or cast this instance to Any if you really want to get the runtime Java class of this implementation of KClass.
e: file:///Users/HONGBGU/Documents/seadroid/app/src/main/java/com/seafile/seadroid2/ui/repo/RepoQuickAdapter.kt:963:65 Not enough information to infer type argument for 'T'.
e: file:///Users/HONGBGU/Documents/seadroid/app/src/main/java/com/seafile/seadroid2/ui/repo/RepoQuickAdapter.kt:968:21 Unresolved reference 'items'.
e: file:///Users/HONGBGU/Documents/seadroid/app/src/main/java/com/seafile/seadroid2/ui/repo/RepoQuickAdapter.kt:970:28 Unresolved reference 'newT'.
e: file:///Users/HONGBGU/Documents/seadroid/app/src/main/java/com/seafile/seadroid2/ui/repo/RepoQuickAdapter.kt:973:21 Unresolved reference 'items'.
e: file:///Users/HONGBGU/Documents/seadroid/app/src/main/java/com/seafile/seadroid2/ui/repo/RepoQuickAdapter.kt:973:51 Unresolved reference 'GroupItemModel'.
e: file:///Users/HONGBGU/Documents/seadroid/app/src/main/java/com/seafile/seadroid2/ui/repo/RepoQuickAdapter.kt:974:31 Unresolved reference 'GroupItemModel'.
e: file:///Users/HONGBGU/Documents/seadroid/app/src/main/java/com/seafile/seadroid2/ui/repo/RepoQuickAdapter.kt:974:81 Unresolved reference 'GroupItemModel'.
e: file:///Users/HONGBGU/Documents/seadroid/app/src/main/java/com/seafile/seadroid2/ui/repo/RepoQuickAdapter.kt:975:28 Unresolved reference 'newT'.
e: file:///Users/HONGBGU/Documents/seadroid/app/src/main/java/com/seafile/seadroid2/ui/repo/RepoQuickAdapter.kt:979:21 Unresolved reference 'items'.
e: file:///Users/HONGBGU/Documents/seadroid/app/src/main/java/com/seafile/seadroid2/ui/repo/RepoQuickAdapter.kt:979:51 Unresolved reference 'RepoModel'.
e: file:///Users/HONGBGU/Documents/seadroid/app/src/main/java/com/seafile/seadroid2/ui/repo/RepoQuickAdapter.kt:980:31 Unresolved reference 'RepoModel'.
e: file:///Users/HONGBGU/Documents/seadroid/app/src/main/java/com/seafile/seadroid2/ui/repo/RepoQuickAdapter.kt:980:76 Unresolved reference 'RepoModel'.
e: file:///Users/HONGBGU/Documents/seadroid/app/src/main/java/com/seafile/seadroid2/ui/repo/RepoQuickAdapter.kt:981:28 Unresolved reference 'newT'.
e: file:///Users/HONGBGU/Documents/seadroid/app/src/main/java/com/seafile/seadroid2/ui/repo/RepoQuickAdapter.kt:984:21 Unresolved reference 'items'.
e: file:///Users/HONGBGU/Documents/seadroid/app/src/main/java/com/seafile/seadroid2/ui/repo/RepoQuickAdapter.kt:984:51 Unresolved reference 'SearchModel'.
e: file:///Users/HONGBGU/Documents/seadroid/app/src/main/java/com/seafile/seadroid2/ui/repo/RepoQuickAdapter.kt:985:31 Unresolved reference 'SearchModel'.
e: file:///Users/HONGBGU/Documents/seadroid/app/src/main/java/com/seafile/seadroid2/ui/repo/RepoQuickAdapter.kt:985:78 Unresolved reference 'SearchModel'.
e: file:///Users/HONGBGU/Documents/seadroid/app/src/main/java/com/seafile/seadroid2/ui/repo/RepoQuickAdapter.kt:986:28 Unresolved reference 'newT'.
e: file:///Users/HONGBGU/Documents/seadroid/app/src/main/java/com/seafile/seadroid2/ui/repo/RepoQuickAdapter.kt:989:21 Unresolved reference 'items'.
e: file:///Users/HONGBGU/Documents/seadroid/app/src/main/java/com/seafile/seadroid2/ui/repo/RepoQuickAdapter.kt:989:51 Unresolved reference 'DirentModel'.
e: file:///Users/HONGBGU/Documents/seadroid/app/src/main/java/com/seafile/seadroid2/ui/repo/RepoQuickAdapter.kt:990:31 Unresolved reference 'DirentModel'.
e: file:///Users/HONGBGU/Documents/seadroid/app/src/main/java/com/seafile/seadroid2/ui/repo/RepoQuickAdapter.kt:990:78 Unresolved reference 'DirentModel'.
e: file:///Users/HONGBGU/Documents/seadroid/app/src/main/java/com/seafile/seadroid2/ui/repo/RepoQuickAdapter.kt:991:28 Unresolved reference 'newT'.
e: file:///Users/HONGBGU/Documents/seadroid/app/src/main/java/com/seafile/seadroid2/ui/repo/RepoQuickAdapter.kt:998:9 Unresolved reference 'items'.
e: file:///Users/HONGBGU/Documents/seadroid/app/src/main/java/com/seafile/seadroid2/ui/repo/RepoQuickAdapter.kt:999:20 None of the following candidates is applicable:
fun dispatchUpdatesTo(@NonNull() p0: (RecyclerView.Adapter<RecyclerView.ViewHolder!>..RecyclerView.Adapter<*>)): Unit
fun dispatchUpdatesTo(@NonNull() p0: ListUpdateCallback): Unit
e: file:///Users/HONGBGU/Documents/seadroid/app/src/main/java/com/seafile/seadroid2/ui/repo/RepoQuickAdapter.kt:1002:26 Unresolved reference 'Bundle'.
e: file:///Users/HONGBGU/Documents/seadroid/app/src/main/java/com/seafile/seadroid2/ui/repo/RepoQuickAdapter.kt:1002:35 Unresolved reference 'Bundle'.
e: file:///Users/HONGBGU/Documents/seadroid/app/src/main/java/com/seafile/seadroid2/ui/repo/RepoQuickAdapter.kt:1003:21 Unresolved reference 'putBoolean'.
e: file:///Users/HONGBGU/Documents/seadroid/app/src/main/java/com/seafile/seadroid2/ui/repo/RepoQuickAdapter.kt:1004:13 Unresolved reference 'notifyItemRangeChanged'.
e: file:///Users/HONGBGU/Documents/seadroid/app/src/main/java/com/seafile/seadroid2/ui/repo/RepoQuickFragment.kt:3:24 Conflicting import: imported name 'Context' is ambiguous.
e: file:///Users/HONGBGU/Documents/seadroid/app/src/main/java/com/seafile/seadroid2/ui/repo/RepoQuickFragment.kt:4:24 Conflicting import: imported name 'DialogInterface' is ambiguous.
e: file:///Users/HONGBGU/Documents/seadroid/app/src/main/java/com/seafile/seadroid2/ui/repo/RepoQuickFragment.kt:5:24 Conflicting import: imported name 'Intent' is ambiguous.
e: file:///Users/HONGBGU/Documents/seadroid/app/src/main/java/com/seafile/seadroid2/ui/repo/RepoQuickFragment.kt:6:20 Conflicting import: imported name 'Uri' is ambiguous.
e: file:///Users/HONGBGU/Documents/seadroid/app/src/main/java/com/seafile/seadroid2/ui/repo/RepoQuickFragment.kt:7:19 Conflicting import: imported name 'Bundle' is ambiguous.
e: file:///Users/HONGBGU/Documents/seadroid/app/src/main/java/com/seafile/seadroid2/ui/repo/RepoQuickFragment.kt:8:25 Conflicting import: imported name 'DocumentsContract' is ambiguous.
e: file:///Users/HONGBGU/Documents/seadroid/app/src/main/java/com/seafile/seadroid2/ui/repo/RepoQuickFragment.kt:9:21 Conflicting import: imported name 'TextUtils' is ambiguous.
e: file:///Users/HONGBGU/Documents/seadroid/app/src/main/java/com/seafile/seadroid2/ui/repo/RepoQuickFragment.kt:10:21 Conflicting import: imported name 'Pair' is ambiguous.
e: file:///Users/HONGBGU/Documents/seadroid/app/src/main/java/com/seafile/seadroid2/ui/repo/RepoQuickFragment.kt:11:21 Conflicting import: imported name 'LayoutInflater' is ambiguous.
e: file:///Users/HONGBGU/Documents/seadroid/app/src/main/java/com/seafile/seadroid2/ui/repo/RepoQuickFragment.kt:12:21 Conflicting import: imported name 'Menu' is ambiguous.
e: file:///Users/HONGBGU/Documents/seadroid/app/src/main/java/com/seafile/seadroid2/ui/repo/RepoQuickFragment.kt:13:21 Conflicting import: imported name 'MenuInflater' is ambiguous.
e: file:///Users/HONGBGU/Documents/seadroid/app/src/main/java/com/seafile/seadroid2/ui/repo/RepoQuickFragment.kt:14:21 Conflicting import: imported name 'MenuItem' is ambiguous.
e: file:///Users/HONGBGU/Documents/seadroid/app/src/main/java/com/seafile/seadroid2/ui/repo/RepoQuickFragment.kt:15:21 Conflicting import: imported name 'View' is ambiguous.
e: file:///Users/HONGBGU/Documents/seadroid/app/src/main/java/com/seafile/seadroid2/ui/repo/RepoQuickFragment.kt:16:21 Conflicting import: imported name 'ViewGroup' is ambiguous.
e: file:///Users/HONGBGU/Documents/seadroid/app/src/main/java/com/seafile/seadroid2/ui/repo/RepoQuickFragment.kt:17:23 Conflicting import: imported name 'ImageView' is ambiguous.
e: file:///Users/HONGBGU/Documents/seadroid/app/src/main/java/com/seafile/seadroid2/ui/repo/RepoQuickFragment.kt:18:23 Conflicting import: imported name 'LinearLayout' is ambiguous.
e: file:///Users/HONGBGU/Documents/seadroid/app/src/main/java/com/seafile/seadroid2/ui/repo/RepoQuickFragment.kt:19:23 Conflicting import: imported name 'TextView' is ambiguous.
e: file:///Users/HONGBGU/Documents/seadroid/app/src/main/java/com/seafile/seadroid2/ui/repo/RepoQuickFragment.kt:20:33 Conflicting import: imported name 'ActivityResultCallback' is ambiguous.
e: file:///Users/HONGBGU/Documents/seadroid/app/src/main/java/com/seafile/seadroid2/ui/repo/RepoQuickFragment.kt:21:33 Conflicting import: imported name 'ActivityResultLauncher' is ambiguous.
e: file:///Users/HONGBGU/Documents/seadroid/app/src/main/java/com/seafile/seadroid2/ui/repo/RepoQuickFragment.kt:22:66 Conflicting import: imported name 'OpenDocument' is ambiguous.
e: file:///Users/HONGBGU/Documents/seadroid/app/src/main/java/com/seafile/seadroid2/ui/repo/RepoQuickFragment.kt:23:66 Conflicting import: imported name 'OpenMultipleDocuments' is ambiguous.
e: file:///Users/HONGBGU/Documents/seadroid/app/src/main/java/com/seafile/seadroid2/ui/repo/RepoQuickFragment.kt:24:28 Conflicting import: imported name 'OptIn' is ambiguous.
e: file:///Users/HONGBGU/Documents/seadroid/app/src/main/java/com/seafile/seadroid2/ui/repo/RepoQuickFragment.kt:25:31 Conflicting import: imported name 'AppCompatActivity' is ambiguous.
e: file:///Users/HONGBGU/Documents/seadroid/app/src/main/java/com/seafile/seadroid2/ui/repo/RepoQuickFragment.kt:26:32 Conflicting import: imported name 'ActionMode' is ambiguous.
e: file:///Users/HONGBGU/Documents/seadroid/app/src/main/java/com/seafile/seadroid2/ui/repo/RepoQuickFragment.kt:27:34 Conflicting import: imported name 'SearchView' is ambiguous.
e: file:///Users/HONGBGU/Documents/seadroid/app/src/main/java/com/seafile/seadroid2/ui/repo/RepoQuickFragment.kt:28:27 Conflicting import: imported name 'MenuHost' is ambiguous.
e: file:///Users/HONGBGU/Documents/seadroid/app/src/main/java/com/seafile/seadroid2/ui/repo/RepoQuickFragment.kt:29:27 Conflicting import: imported name 'MenuProvider' is ambiguous.
e: file:///Users/HONGBGU/Documents/seadroid/app/src/main/java/com/seafile/seadroid2/ui/repo/RepoQuickFragment.kt:30:27 Conflicting import: imported name 'Lifecycle' is ambiguous.
e: file:///Users/HONGBGU/Documents/seadroid/app/src/main/java/com/seafile/seadroid2/ui/repo/RepoQuickFragment.kt:31:27 Conflicting import: imported name 'Observer' is ambiguous.
e: file:///Users/HONGBGU/Documents/seadroid/app/src/main/java/com/seafile/seadroid2/ui/repo/RepoQuickFragment.kt:32:27 Conflicting import: imported name 'ViewModelProvider' is ambiguous.
e: file:///Users/HONGBGU/Documents/seadroid/app/src/main/java/com/seafile/seadroid2/ui/repo/RepoQuickFragment.kt:33:36 Conflicting import: imported name 'UnstableApi' is ambiguous.
e: file:///Users/HONGBGU/Documents/seadroid/app/src/main/java/com/seafile/seadroid2/ui/repo/RepoQuickFragment.kt:34:37 Conflicting import: imported name 'GridLayoutManager' is ambiguous.
e: file:///Users/HONGBGU/Documents/seadroid/app/src/main/java/com/seafile/seadroid2/ui/repo/RepoQuickFragment.kt:35:37 Conflicting import: imported name 'RecyclerView' is ambiguous.
e: file:///Users/HONGBGU/Documents/seadroid/app/src/main/java/com/seafile/seadroid2/ui/repo/RepoQuickFragment.kt:36:62 Conflicting import: imported name 'OnRefreshListener' is ambiguous.
e: file:///Users/HONGBGU/Documents/seadroid/app/src/main/java/com/seafile/seadroid2/ui/repo/RepoQuickFragment.kt:37:33 Conflicting import: imported name 'CollectionUtils' is ambiguous.
e: file:///Users/HONGBGU/Documents/seadroid/app/src/main/java/com/seafile/seadroid2/ui/repo/RepoQuickFragment.kt:38:33 Conflicting import: imported name 'NetworkUtils' is ambiguous.
e: file:///Users/HONGBGU/Documents/seadroid/app/src/main/java/com/seafile/seadroid2/ui/repo/RepoQuickFragment.kt:39:34 Conflicting import: imported name 'BaseQuickAdapter' is ambiguous.
e: file:///Users/HONGBGU/Documents/seadroid/app/src/main/java/com/seafile/seadroid2/ui/repo/RepoQuickFragment.kt:40:41 Conflicting import: imported name 'StickyItemDecoration' is ambiguous.
e: file:///Users/HONGBGU/Documents/seadroid/app/src/main/java/com/seafile/seadroid2/ui/repo/RepoQuickFragment.kt:41:43 Conflicting import: imported name 'MaterialAlertDialogBuilder' is ambiguous.
e: file:///Users/HONGBGU/Documents/seadroid/app/src/main/java/com/seafile/seadroid2/ui/repo/RepoQuickFragment.kt:42:34 Conflicting import: imported name 'Maps' is ambiguous.
e: file:///Users/HONGBGU/Documents/seadroid/app/src/main/java/com/seafile/seadroid2/ui/repo/RepoQuickFragment.kt:43:30 Conflicting import: imported name 'R' is ambiguous.
e: file:///Users/HONGBGU/Documents/seadroid/app/src/main/java/com/seafile/seadroid2/ui/repo/RepoQuickFragment.kt:44:30 Conflicting import: imported name 'SeafException' is ambiguous.
e: file:///Users/HONGBGU/Documents/seadroid/app/src/main/java/com/seafile/seadroid2/ui/repo/RepoQuickFragment.kt:45:38 Conflicting import: imported name 'Account' is ambiguous.
e: file:///Users/HONGBGU/Documents/seadroid/app/src/main/java/com/seafile/seadroid2/ui/repo/RepoQuickFragment.kt:46:38 Conflicting import: imported name 'SupportAccountManager' is ambiguous.
e: file:///Users/HONGBGU/Documents/seadroid/app/src/main/java/com/seafile/seadroid2/ui/repo/RepoQuickFragment.kt:47:34 Conflicting import: imported name 'BusHelper' is ambiguous.
e: file:///Users/HONGBGU/Documents/seadroid/app/src/main/java/com/seafile/seadroid2/ui/repo/RepoQuickFragment.kt:48:37 Conflicting import: imported name 'AbsLayoutItemType' is ambiguous.
e: file:///Users/HONGBGU/Documents/seadroid/app/src/main/java/com/seafile/seadroid2/ui/repo/RepoQuickFragment.kt:49:37 Conflicting import: imported name 'Constants' is ambiguous.
e: file:///Users/HONGBGU/Documents/seadroid/app/src/main/java/com/seafile/seadroid2/ui/repo/RepoQuickFragment.kt:50:47 Conflicting import: imported name 'DP' is ambiguous.
e: file:///Users/HONGBGU/Documents/seadroid/app/src/main/java/com/seafile/seadroid2/ui/repo/RepoQuickFragment.kt:51:38 Conflicting import: imported name 'CopyMoveContext' is ambiguous.
e: file:///Users/HONGBGU/Documents/seadroid/app/src/main/java/com/seafile/seadroid2/ui/repo/RepoQuickFragment.kt:52:38 Conflicting import: imported name 'GlobalNavContext' is ambiguous.
e: file:///Users/HONGBGU/Documents/seadroid/app/src/main/java/com/seafile/seadroid2/ui/repo/RepoQuickFragment.kt:53:38 Conflicting import: imported name 'NavContext' is ambiguous.
e: file:///Users/HONGBGU/Documents/seadroid/app/src/main/java/com/seafile/seadroid2/ui/repo/RepoQuickFragment.kt:54:42 Conflicting import: imported name 'LayoutFastRvBinding' is ambiguous.
e: file:///Users/HONGBGU/Documents/seadroid/app/src/main/java/com/seafile/seadroid2/ui/repo/RepoQuickFragment.kt:55:36 Conflicting import: imported name 'ActionModeCallbackType' is ambiguous.
e: file:///Users/HONGBGU/Documents/seadroid/app/src/main/java/com/seafile/seadroid2/ui/repo/RepoQuickFragment.kt:56:36 Conflicting import: imported name 'FeatureDataSource' is ambiguous.
e: file:///Users/HONGBGU/Documents/seadroid/app/src/main/java/com/seafile/seadroid2/ui/repo/RepoQuickFragment.kt:57:36 Conflicting import: imported name 'FileReturnActionEnum' is ambiguous.
e: file:///Users/HONGBGU/Documents/seadroid/app/src/main/java/com/seafile/seadroid2/ui/repo/RepoQuickFragment.kt:58:36 Conflicting import: imported name 'FileViewType' is ambiguous.
e: file:///Users/HONGBGU/Documents/seadroid/app/src/main/java/com/seafile/seadroid2/ui/repo/RepoQuickFragment.kt:59:36 Conflicting import: imported name 'ObjSelectType' is ambiguous.
e: file:///Users/HONGBGU/Documents/seadroid/app/src/main/java/com/seafile/seadroid2/ui/repo/RepoQuickFragment.kt:60:36 Conflicting import: imported name 'OpType' is ambiguous.
e: file:///Users/HONGBGU/Documents/seadroid/app/src/main/java/com/seafile/seadroid2/ui/repo/RepoQuickFragment.kt:61:36 Conflicting import: imported name 'RefreshStatusEnum' is ambiguous.
e: file:///Users/HONGBGU/Documents/seadroid/app/src/main/java/com/seafile/seadroid2/ui/repo/RepoQuickFragment.kt:62:36 Conflicting import: imported name 'SortBy' is ambiguous.
e: file:///Users/HONGBGU/Documents/seadroid/app/src/main/java/com/seafile/seadroid2/ui/repo/RepoQuickFragment.kt:63:50 Conflicting import: imported name 'DataManager' is ambiguous.
e: file:///Users/HONGBGU/Documents/seadroid/app/src/main/java/com/seafile/seadroid2/ui/repo/RepoQuickFragment.kt:64:52 Conflicting import: imported name 'DirentModel' is ambiguous.
e: file:///Users/HONGBGU/Documents/seadroid/app/src/main/java/com/seafile/seadroid2/ui/repo/RepoQuickFragment.kt:65:52 Conflicting import: imported name 'PermissionEntity' is ambiguous.
e: file:///Users/HONGBGU/Documents/seadroid/app/src/main/java/com/seafile/seadroid2/ui/repo/RepoQuickFragment.kt:66:52 Conflicting import: imported name 'RepoModel' is ambiguous.
e: file:///Users/HONGBGU/Documents/seadroid/app/src/main/java/com/seafile/seadroid2/ui/repo/RepoQuickFragment.kt:67:46 Conflicting import: imported name 'BaseModel' is ambiguous.
e: file:///Users/HONGBGU/Documents/seadroid/app/src/main/java/com/seafile/seadroid2/ui/repo/RepoQuickFragment.kt:68:46 Conflicting import: imported name 'GroupItemModel' is ambiguous.
e: file:///Users/HONGBGU/Documents/seadroid/app/src/main/java/com/seafile/seadroid2/ui/repo/RepoQuickFragment.kt:69:61 Cannot import 'equals'. Functions and properties can only be imported from packages or objects.
e: file:///Users/HONGBGU/Documents/seadroid/app/src/main/java/com/seafile/seadroid2/ui/repo/RepoQuickFragment.kt:70:46 Conflicting import: imported name 'ServerInfo' is ambiguous.
e: file:///Users/HONGBGU/Documents/seadroid/app/src/main/java/com/seafile/seadroid2/ui/repo/RepoQuickFragment.kt:71:54 Conflicting import: imported name 'DirentFileModel' is ambiguous.
e: file:///Users/HONGBGU/Documents/seadroid/app/src/main/java/com/seafile/seadroid2/ui/repo/RepoQuickFragment.kt:72:53 Conflicting import: imported name 'SearchModel' is ambiguous.
e: file:///Users/HONGBGU/Documents/seadroid/app/src/main/java/com/seafile/seadroid2/ui/repo/RepoQuickFragment.kt:74:65 Cannot import 'equals'. Functions and properties can only be imported from packages or objects.
e: file:///Users/HONGBGU/Documents/seadroid/app/src/main/java/com/seafile/seadroid2/ui/repo/RepoQuickFragment.kt:75:48 Conflicting import: imported name 'BackupThreadExecutor' is ambiguous.
e: file:///Users/HONGBGU/Documents/seadroid/app/src/main/java/com/seafile/seadroid2/ui/repo/RepoQuickFragment.kt:76:45 Conflicting import: imported name 'Logs' is ambiguous.
e: file:///Users/HONGBGU/Documents/seadroid/app/src/main/java/com/seafile/seadroid2/ui/repo/RepoQuickFragment.kt:77:45 Conflicting import: imported name 'Objs' is ambiguous.
e: file:///Users/HONGBGU/Documents/seadroid/app/src/main/java/com/seafile/seadroid2/ui/repo/RepoQuickFragment.kt:78:45 Conflicting import: imported name 'Toasts' is ambiguous.
e: file:///Users/HONGBGU/Documents/seadroid/app/src/main/java/com/seafile/seadroid2/ui/repo/RepoQuickFragment.kt:79:45 Conflicting import: imported name 'Utils' is ambiguous.
e: file:///Users/HONGBGU/Documents/seadroid/app/src/main/java/com/seafile/seadroid2/ui/repo/RepoQuickFragment.kt:80:47 Conflicting import: imported name 'TransferEvent' is ambiguous.
e: file:///Users/HONGBGU/Documents/seadroid/app/src/main/java/com/seafile/seadroid2/ui/repo/RepoQuickFragment.kt:81:47 Conflicting import: imported name 'TransferWorker' is ambiguous.
e: file:///Users/HONGBGU/Documents/seadroid/app/src/main/java/com/seafile/seadroid2/ui/repo/RepoQuickFragment.kt:82:42 Conflicting import: imported name 'Settings' is ambiguous.
e: file:///Users/HONGBGU/Documents/seadroid/app/src/main/java/com/seafile/seadroid2/ui/repo/RepoQuickFragment.kt:83:33 Conflicting import: imported name 'WidgetUtils' is ambiguous.
e: file:///Users/HONGBGU/Documents/seadroid/app/src/main/java/com/seafile/seadroid2/ui/repo/RepoQuickFragment.kt:84:47 Conflicting import: imported name 'BaseFragmentWithVM' is ambiguous.
e: file:///Users/HONGBGU/Documents/seadroid/app/src/main/java/com/seafile/seadroid2/ui/repo/RepoQuickFragment.kt:85:49 Conflicting import: imported name 'BottomSheetNewDirFileDialogFragment' is ambiguous.
e: file:///Users/HONGBGU/Documents/seadroid/app/src/main/java/com/seafile/seadroid2/ui/repo/RepoQuickFragment.kt:86:49 Conflicting import: imported name 'BottomSheetNewRepoDialogFragment' is ambiguous.
e: file:///Users/HONGBGU/Documents/seadroid/app/src/main/java/com/seafile/seadroid2/ui/repo/RepoQuickFragment.kt:87:49 Conflicting import: imported name 'BottomSheetPasswordDialogFragment' is ambiguous.
e: file:///Users/HONGBGU/Documents/seadroid/app/src/main/java/com/seafile/seadroid2/ui/repo/RepoQuickFragment.kt:88:49 Conflicting import: imported name 'BottomSheetRenameDialogFragment' is ambiguous.
e: file:///Users/HONGBGU/Documents/seadroid/app/src/main/java/com/seafile/seadroid2/ui/repo/RepoQuickFragment.kt:89:49 Conflicting import: imported name 'CopyMoveDialogFragment' is ambiguous.
e: file:///Users/HONGBGU/Documents/seadroid/app/src/main/java/com/seafile/seadroid2/ui/repo/RepoQuickFragment.kt:90:49 Conflicting import: imported name 'DeleteFileDialogFragment' is ambiguous.
e: file:///Users/HONGBGU/Documents/seadroid/app/src/main/java/com/seafile/seadroid2/ui/repo/RepoQuickFragment.kt:91:49 Conflicting import: imported name 'DeleteRepoDialogFragment' is ambiguous.
e: file:///Users/HONGBGU/Documents/seadroid/app/src/main/java/com/seafile/seadroid2/ui/repo/RepoQuickFragment.kt:92:58 Conflicting import: imported name 'OnRefreshDataListener' is ambiguous.
e: file:///Users/HONGBGU/Documents/seadroid/app/src/main/java/com/seafile/seadroid2/ui/repo/RepoQuickFragment.kt:93:58 Conflicting import: imported name 'OnResultListener' is ambiguous.
e: file:///Users/HONGBGU/Documents/seadroid/app/src/main/java/com/seafile/seadroid2/ui/repo/RepoQuickFragment.kt:94:38 Conflicting import: imported name 'FileActivity' is ambiguous.
e: file:///Users/HONGBGU/Documents/seadroid/app/src/main/java/com/seafile/seadroid2/ui/repo/RepoQuickFragment.kt:95:38 Conflicting import: imported name 'MainViewModel' is ambiguous.
e: file:///Users/HONGBGU/Documents/seadroid/app/src/main/java/com/seafile/seadroid2/ui/repo/RepoQuickFragment.kt:96:42 Conflicting import: imported name 'MarkdownActivity' is ambiguous.
e: file:///Users/HONGBGU/Documents/seadroid/app/src/main/java/com/seafile/seadroid2/ui/repo/RepoQuickFragment.kt:97:45 Conflicting import: imported name 'CarouselImagePreviewActivity' is ambiguous.
e: file:///Users/HONGBGU/Documents/seadroid/app/src/main/java/com/seafile/seadroid2/ui/repo/RepoQuickFragment.kt:98:46 Conflicting import: imported name 'CustomExoVideoPlayerActivity' is ambiguous.
e: file:///Users/HONGBGU/Documents/seadroid/app/src/main/java/com/seafile/seadroid2/ui/repo/RepoQuickFragment.kt:99:52 Conflicting import: imported name 'DecryptResult' is ambiguous.
e: file:///Users/HONGBGU/Documents/seadroid/app/src/main/java/com/seafile/seadroid2/ui/repo/RepoQuickFragment.kt:100:50 Conflicting import: imported name 'BottomSheetActionView' is ambiguous.
e: file:///Users/HONGBGU/Documents/seadroid/app/src/main/java/com/seafile/seadroid2/ui/repo/RepoQuickFragment.kt:101:50 Conflicting import: imported name 'BottomSheetMenuManager' is ambiguous.
e: file:///Users/HONGBGU/Documents/seadroid/app/src/main/java/com/seafile/seadroid2/ui/repo/RepoQuickFragment.kt:102:38 Conflicting import: imported name 'SDocWebViewActivity' is ambiguous.
e: file:///Users/HONGBGU/Documents/seadroid/app/src/main/java/com/seafile/seadroid2/ui/repo/RepoQuickFragment.kt:103:42 Conflicting import: imported name 'ObjSelectorActivity' is ambiguous.
e: file:///Users/HONGBGU/Documents/seadroid/app/src/main/java/com/seafile/seadroid2/ui/repo/RepoQuickFragment.kt:104:38 Conflicting import: imported name 'StarredQuickFragment' is ambiguous.
e: file:///Users/HONGBGU/Documents/seadroid/app/src/main/java/com/seafile/seadroid2/ui/repo/RepoQuickFragment.kt:105:35 Conflicting import: imported name 'TipsViews' is ambiguous.
e: file:///Users/HONGBGU/Documents/seadroid/app/src/main/java/com/seafile/seadroid2/ui/repo/RepoQuickFragment.kt:106:35 Conflicting import: imported name 'ViewSortPopupWindow' is ambiguous.
e: file:///Users/HONGBGU/Documents/seadroid/app/src/main/java/com/seafile/seadroid2/ui/repo/RepoQuickFragment.kt:107:16 Conflicting import: imported name 'File' is ambiguous.
e: file:///Users/HONGBGU/Documents/seadroid/app/src/main/java/com/seafile/seadroid2/ui/repo/RepoQuickFragment.kt:108:16 Conflicting import: imported name 'FileInputStream' is ambiguous.
e: file:///Users/HONGBGU/Documents/seadroid/app/src/main/java/com/seafile/seadroid2/ui/repo/RepoQuickFragment.kt:109:16 Conflicting import: imported name 'FileNotFoundException' is ambiguous.
e: file:///Users/HONGBGU/Documents/seadroid/app/src/main/java/com/seafile/seadroid2/ui/repo/RepoQuickFragment.kt:110:16 Conflicting import: imported name 'IOException' is ambiguous.
e: file:///Users/HONGBGU/Documents/seadroid/app/src/main/java/com/seafile/seadroid2/ui/repo/RepoQuickFragment.kt:111:18 Conflicting import: imported name 'Optional' is ambiguous.
e: file:///Users/HONGBGU/Documents/seadroid/app/src/main/java/com/seafile/seadroid2/ui/repo/RepoQuickFragment.kt:112:27 Conflicting import: imported name 'Consumer' is ambiguous.
e: file:///Users/HONGBGU/Documents/seadroid/app/src/main/java/com/seafile/seadroid2/ui/repo/RepoQuickFragment.kt:113:25 Conflicting import: imported name 'Collectors' is ambiguous.
e: file:///Users/HONGBGU/Documents/seadroid/app/src/main/java/com/seafile/seadroid2/ui/repo/RepoQuickFragment.kt:115:54 Cannot import 'endOfPaginationReached'. Functions and properties can only be imported from packages or objects.
e: file:///Users/HONGBGU/Documents/seadroid/app/src/main/java/com/seafile/seadroid2/ui/repo/RepoQuickFragment.kt:116:78 Cannot import 'invokeFailRetry'. Functions and properties can only be imported from packages or objects.
e: file:///Users/HONGBGU/Documents/seadroid/app/src/main/java/com/seafile/seadroid2/ui/repo/RepoQuickFragment.kt:117:61 Cannot import 'build'. Functions and properties can only be imported from packages or objects.
e: file:///Users/HONGBGU/Documents/seadroid/app/src/main/java/com/seafile/seadroid2/ui/repo/RepoQuickFragment.kt:118:45 Cannot import 'get'. Functions and properties can only be imported from packages or objects.
e: file:///Users/HONGBGU/Documents/seadroid/app/src/main/java/com/seafile/seadroid2/ui/repo/RepoQuickFragment.kt:119:56 Cannot import 'launch'. Functions and properties can only be imported from packages or objects.
e: file:///Users/HONGBGU/Documents/seadroid/app/src/main/java/com/seafile/seadroid2/ui/repo/RepoQuickFragment.kt:120:64 Cannot import 'setMediaType'. Functions and properties can only be imported from packages or objects.
e: file:///Users/HONGBGU/Documents/seadroid/app/src/main/java/com/seafile/seadroid2/ui/repo/RepoQuickFragment.kt:121:64 Cannot import 'build'. Functions and properties can only be imported from packages or objects.
e: file:///Users/HONGBGU/Documents/seadroid/app/src/main/java/com/seafile/seadroid2/ui/repo/RepoQuickFragment.kt:122:44 Cannot import 'onBackPressedDispatcher'. Functions and properties can only be imported from packages or objects.
e: file:///Users/HONGBGU/Documents/seadroid/app/src/main/java/com/seafile/seadroid2/ui/repo/RepoQuickFragment.kt:123:50 Cannot import 'addCallback'. Functions and properties can only be imported from packages or objects.
e: file:///Users/HONGBGU/Documents/seadroid/app/src/main/java/com/seafile/seadroid2/ui/repo/RepoQuickFragment.kt:124:44 Cannot import 'onNewIntent'. Functions and properties can only be imported from packages or objects.
e: file:///Users/HONGBGU/Documents/seadroid/app/src/main/java/com/seafile/seadroid2/ui/repo/RepoQuickFragment.kt:125:44 Cannot import 'invalidateMenu'. Functions and properties can only be imported from packages or objects.
e: file:///Users/HONGBGU/Documents/seadroid/app/src/main/java/com/seafile/seadroid2/ui/repo/RepoQuickFragment.kt:126:57 Cannot import 'isProEdition'. Functions and properties can only be imported from packages or objects.
e: file:///Users/HONGBGU/Documents/seadroid/app/src/main/java/com/seafile/seadroid2/ui/repo/RepoQuickFragment.kt:127:69 Cannot import 'getFeaturesString'. Functions and properties can only be imported from packages or objects.
e: file:///Users/HONGBGU/Documents/seadroid/app/src/main/java/com/seafile/seadroid2/ui/repo/RepoQuickFragment.kt:128:51 Cannot import 'submitList'. Functions and properties can only be imported from packages or objects.
e: file:///Users/HONGBGU/Documents/seadroid/app/src/main/java/com/seafile/seadroid2/ui/repo/RepoQuickFragment.kt:129:51 Cannot import 'setOnItemClickListener'. Functions and properties can only be imported from packages or objects.
e: file:///Users/HONGBGU/Documents/seadroid/app/src/main/java/com/seafile/seadroid2/ui/repo/RepoQuickFragment.kt:130:51 Cannot import 'getItem'. Functions and properties can only be imported from packages or objects.
e: file:///Users/HONGBGU/Documents/seadroid/app/src/main/java/com/seafile/seadroid2/ui/repo/RepoQuickFragment.kt:131:51 Cannot import 'getItemCount'. Functions and properties can only be imported from packages or objects.
e: file:///Users/HONGBGU/Documents/seadroid/app/src/main/java/com/seafile/seadroid2/ui/repo/RepoQuickFragment.kt:132:55 Cannot import 'addItemType'. Functions and properties can only be imported from packages or objects.
e: file:///Users/HONGBGU/Documents/seadroid/app/src/main/java/com/seafile/seadroid2/ui/repo/RepoQuickFragment.kt:133:82 Cannot import 'onBind'. Functions and properties can only be imported from packages or objects.
e: file:///Users/HONGBGU/Documents/seadroid/app/src/main/java/com/seafile/seadroid2/ui/repo/RepoQuickFragment.kt:134:55 Cannot import 'onItemViewType'. Functions and properties can only be imported from packages or objects.
e: file:///Users/HONGBGU/Documents/seadroid/app/src/main/java/com/seafile/seadroid2/ui/repo/RepoQuickFragment.kt:135:51 Cannot import 'onAttachedToRecyclerView'. Functions and properties can only be imported from packages or objects.
e: file:///Users/HONGBGU/Documents/seadroid/app/src/main/java/com/seafile/seadroid2/ui/repo/RepoQuickFragment.kt:136:51 Cannot import 'context'. Functions and properties can only be imported from packages or objects.
e: file:///Users/HONGBGU/Documents/seadroid/app/src/main/java/com/seafile/seadroid2/ui/repo/RepoQuickFragment.kt:137:65 Cannot import 'isDir'. Functions and properties can only be imported from packages or objects.
e: file:///Users/HONGBGU/Documents/seadroid/app/src/main/java/com/seafile/seadroid2/ui/repo/RepoQuickFragment.kt:138:65 Cannot import 'getSubtitle'. Functions and properties can only be imported from packages or objects.
e: file:///Users/HONGBGU/Documents/seadroid/app/src/main/java/com/seafile/seadroid2/ui/repo/RepoQuickFragment.kt:139:65 Cannot import 'getIcon'. Functions and properties can only be imported from packages or objects.
e: file:///Users/HONGBGU/Documents/seadroid/app/src/main/java/com/seafile/seadroid2/ui/repo/RepoQuickFragment.kt:140:51 Cannot import 'items'. Functions and properties can only be imported from packages or objects.
e: file:///Users/HONGBGU/Documents/seadroid/app/src/main/java/com/seafile/seadroid2/ui/repo/RepoQuickFragment.kt:141:61 Cannot import 'equals'. Functions and properties can only be imported from packages or objects.
e: file:///Users/HONGBGU/Documents/seadroid/app/src/main/java/com/seafile/seadroid2/ui/repo/RepoQuickFragment.kt:142:65 Cannot import 'equals'. Functions and properties can only be imported from packages or objects.
e: file:///Users/HONGBGU/Documents/seadroid/app/src/main/java/com/seafile/seadroid2/ui/repo/RepoQuickFragment.kt:143:70 Cannot import 'invisibleOriginItemWhenStickyItemShowing'. Functions and properties can only be imported from packages or objects.
e: file:///Users/HONGBGU/Documents/seadroid/app/src/main/java/com/seafile/seadroid2/ui/repo/RepoQuickFragment.kt:144:70 Cannot import 'disabledScrollUpStickyItem'. Functions and properties can only be imported from packages or objects.
e: file:///Users/HONGBGU/Documents/seadroid/app/src/main/java/com/seafile/seadroid2/ui/repo/RepoQuickFragment.kt:145:70 Cannot import 'showInContainer'. Functions and properties can only be imported from packages or objects.
e: file:///Users/HONGBGU/Documents/seadroid/app/src/main/java/com/seafile/seadroid2/ui/repo/RepoQuickFragment.kt:146:70 Cannot import 'build'. Functions and properties can only be imported from packages or objects.
e: file:///Users/HONGBGU/Documents/seadroid/app/src/main/java/com/seafile/seadroid2/ui/repo/RepoQuickFragment.kt:147:57 Cannot import 'isSearchEnabled'. Functions and properties can only be imported from packages or objects.
e: file:///Users/HONGBGU/Documents/seadroid/app/src/main/java/com/seafile/seadroid2/ui/repo/RepoQuickFragment.kt:148:51 Cannot import 'set'. Functions and properties can only be imported from packages or objects.
e: file:///Users/HONGBGU/Documents/seadroid/app/src/main/java/com/seafile/seadroid2/ui/repo/RepoQuickFragment.kt:149:51 Cannot import 'setOnItemLongClickListener'. Functions and properties can only be imported from packages or objects.
e: file:///Users/HONGBGU/Documents/seadroid/app/src/main/java/com/seafile/seadroid2/ui/repo/RepoQuickFragment.kt:150:51 Cannot import 'addAll'. Functions and properties can only be imported from packages or objects.
e: file:///Users/HONGBGU/Documents/seadroid/app/src/main/java/com/seafile/seadroid2/ui/repo/RepoQuickFragment.kt:151:61 Cannot import 'getRepoList'. Functions and properties can only be imported from packages or objects.
e: file:///Users/HONGBGU/Documents/seadroid/app/src/main/java/com/seafile/seadroid2/ui/repo/RepoQuickFragment.kt:152:51 Cannot import 'removeAtRange'. Functions and properties can only be imported from packages or objects.
e: file:///Users/HONGBGU/Documents/seadroid/app/src/main/java/com/seafile/seadroid2/ui/repo/RepoQuickFragment.kt:153:51 Cannot import 'stateView'. Functions and properties can only be imported from packages or objects.
e: file:///Users/HONGBGU/Documents/seadroid/app/src/main/java/com/seafile/seadroid2/ui/repo/RepoQuickFragment.kt:154:51 Cannot import 'isStateViewEnable'. Functions and properties can only be imported from packages or objects.
e: file:///Users/HONGBGU/Documents/seadroid/app/src/main/java/com/seafile/seadroid2/ui/repo/RepoQuickFragment.kt:156:51 Cannot import 'animationEnable'. Functions and properties can only be imported from packages or objects.
e: file:///Users/HONGBGU/Documents/seadroid/app/src/main/java/com/seafile/seadroid2/ui/repo/RepoQuickFragment.kt:157:51 Cannot import 'setStateViewLayout'. Functions and properties can only be imported from packages or objects.
e: file:///Users/HONGBGU/Documents/seadroid/app/src/main/java/com/seafile/seadroid2/ui/repo/RepoQuickFragment.kt:158:51 Cannot import 'addOnItemChildClickListener'. Functions and properties can only be imported from packages or objects.
e: file:///Users/HONGBGU/Documents/seadroid/app/src/main/java/com/seafile/seadroid2/ui/repo/RepoQuickFragment.kt:159:53 Cannot import 'adapter'. Functions and properties can only be imported from packages or objects.
e: file:///Users/HONGBGU/Documents/seadroid/app/src/main/java/com/seafile/seadroid2/ui/repo/RepoQuickFragment.kt:160:74 Cannot import 'setMetadataConfigModel'. Functions and properties can only be imported from packages or objects.
e: file:///Users/HONGBGU/Documents/seadroid/app/src/main/java/com/seafile/seadroid2/ui/repo/RepoQuickFragment.kt:161:74 Cannot import 'setDetail'. Functions and properties can only be imported from packages or objects.
e: file:///Users/HONGBGU/Documents/seadroid/app/src/main/java/com/seafile/seadroid2/ui/repo/RepoQuickFragment.kt:162:74 Cannot import 'getMetaEnabled'. Functions and properties can only be imported from packages or objects.
e: file:///Users/HONGBGU/Documents/seadroid/app/src/main/java/com/seafile/seadroid2/ui/repo/RepoQuickFragment.kt:163:74 Cannot import 'getTagsEnabled'. Functions and properties can only be imported from packages or objects.
e: file:///Users/HONGBGU/Documents/seadroid/app/src/main/java/com/seafile/seadroid2/ui/repo/RepoQuickFragment.kt:164:74 Cannot import 'initDefaultIfMetaNotEnable'. Functions and properties can only be imported from packages or objects.
e: file:///Users/HONGBGU/Documents/seadroid/app/src/main/java/com/seafile/seadroid2/ui/repo/RepoQuickFragment.kt:165:74 Cannot import 'setRelatedUserWrapperModel'. Functions and properties can only be imported from packages or objects.
e: file:///Users/HONGBGU/Documents/seadroid/app/src/main/java/com/seafile/seadroid2/ui/repo/RepoQuickFragment.kt:166:74 Cannot import 'addRecordWrapperModel'. Functions and properties can only be imported from packages or objects.
e: file:///Users/HONGBGU/Documents/seadroid/app/src/main/java/com/seafile/seadroid2/ui/repo/RepoQuickFragment.kt:167:74 Cannot import 'setTagWrapperModel'. Functions and properties can only be imported from packages or objects.
e: file:///Users/HONGBGU/Documents/seadroid/app/src/main/java/com/seafile/seadroid2/ui/repo/RepoQuickFragment.kt:168:44 Cannot import 'onSaveInstanceState'. Functions and properties can only be imported from packages or objects.
e: file:///Users/HONGBGU/Documents/seadroid/app/src/main/java/com/seafile/seadroid2/ui/repo/RepoQuickFragment.kt:169:72 Cannot import 'canUse'. Functions and properties can only be imported from packages or objects.
e: file:///Users/HONGBGU/Documents/seadroid/app/src/main/java/com/seafile/seadroid2/ui/repo/RepoQuickFragment.kt:170:36 Cannot import 'accept'. Functions and properties can only be imported from packages or objects.
e: file:///Users/HONGBGU/Documents/seadroid/app/src/main/java/com/seafile/seadroid2/ui/repo/RepoQuickFragment.kt:171:20 Cannot import 'second'. Functions and properties can only be imported from packages or objects.
e: file:///Users/HONGBGU/Documents/seadroid/app/src/main/java/com/seafile/seadroid2/ui/repo/RepoQuickFragment.kt:173:51 Cannot import 'removeAt'. Functions and properties can only be imported from packages or objects.
e: file:///Users/HONGBGU/Documents/seadroid/app/src/main/java/com/seafile/seadroid2/ui/repo/RepoQuickFragment.kt:174:62 Cannot import 'getSubjectName'. Functions and properties can only be imported from packages or objects.
e: file:///Users/HONGBGU/Documents/seadroid/app/src/main/java/com/seafile/seadroid2/ui/repo/RepoQuickFragment.kt:175:62 Cannot import 'getSignature'. Functions and properties can only be imported from packages or objects.
e: file:///Users/HONGBGU/Documents/seadroid/app/src/main/java/com/seafile/seadroid2/ui/repo/RepoQuickFragment.kt:176:62 Cannot import 'getSerialNumber'. Functions and properties can only be imported from packages or objects.
e: file:///Users/HONGBGU/Documents/seadroid/app/src/main/java/com/seafile/seadroid2/ui/repo/RepoQuickFragment.kt:177:62 Cannot import 'getNotBefore'. Functions and properties can only be imported from packages or objects.
e: file:///Users/HONGBGU/Documents/seadroid/app/src/main/java/com/seafile/seadroid2/ui/repo/RepoQuickFragment.kt:178:62 Cannot import 'getNotAfter'. Functions and properties can only be imported from packages or objects.
e: file:///Users/HONGBGU/Documents/seadroid/app/src/main/java/com/seafile/seadroid2/ui/repo/RepoQuickFragment.kt:179:50 Cannot import 'onBackPressed'. Functions and properties can only be imported from packages or objects.
e: file:///Users/HONGBGU/Documents/seadroid/app/src/main/java/com/seafile/seadroid2/ui/repo/RepoQuickFragment.kt:181:44 Cannot import 'code'. Functions and properties can only be imported from packages or objects.
e: file:///Users/HONGBGU/Documents/seadroid/app/src/main/java/com/seafile/seadroid2/ui/repo/RepoQuickFragment.kt:182:44 Cannot import 'indexOfKey'. Functions and properties can only be imported from packages or objects.
e: file:///Users/HONGBGU/Documents/seadroid/app/src/main/java/com/seafile/seadroid2/ui/repo/RepoQuickFragment.kt:183:44 Cannot import 'valueAt'. Functions and properties can only be imported from packages or objects.
e: file:///Users/HONGBGU/Documents/seadroid/app/src/main/java/com/seafile/seadroid2/ui/repo/RepoQuickFragment.kt:184:44 Cannot import 'put'. Functions and properties can only be imported from packages or objects.
e: file:///Users/HONGBGU/Documents/seadroid/app/src/main/java/com/seafile/seadroid2/ui/repo/RepoQuickFragment.kt:185:71 Cannot import 'getTime'. Functions and properties can only be imported from packages or objects.
e: file:///Users/HONGBGU/Documents/seadroid/app/src/main/java/com/seafile/seadroid2/ui/repo/RepoQuickFragment.kt:186:61 Cannot import 'setTrailingLoadStateAdapter'. Functions and properties can only be imported from packages or objects.
e: file:///Users/HONGBGU/Documents/seadroid/app/src/main/java/com/seafile/seadroid2/ui/repo/RepoQuickFragment.kt:187:78 Cannot import 'setOnLoadMoreListener'. Functions and properties can only be imported from packages or objects.
e: file:///Users/HONGBGU/Documents/seadroid/app/src/main/java/com/seafile/seadroid2/ui/repo/RepoQuickFragment.kt:188:53 Cannot import 'trailingLoadState'. Functions and properties can only be imported from packages or objects.
e: file:///Users/HONGBGU/Documents/seadroid/app/src/main/java/com/seafile/seadroid2/ui/repo/RepoQuickFragment.kt:189:53 Cannot import 'trailingLoadStateAdapter'. Functions and properties can only be imported from packages or objects.
e: file:///Users/HONGBGU/Documents/seadroid/app/src/main/java/com/seafile/seadroid2/ui/repo/RepoQuickFragment.kt:190:78 Cannot import 'checkDisableLoadMoreIfNotFullPage'. Functions and properties can only be imported from packages or objects.
e: file:///Users/HONGBGU/Documents/seadroid/app/src/main/java/com/seafile/seadroid2/ui/repo/RepoQuickFragment.kt:192:76 Cannot import 'getCreatedAtFriendlyText'. Functions and properties can only be imported from packages or objects.
e: file:///Users/HONGBGU/Documents/seadroid/app/src/main/java/com/seafile/seadroid2/ui/repo/RepoQuickFragment.kt:193:20 Cannot import 'first'. Functions and properties can only be imported from packages or objects.
e: file:///Users/HONGBGU/Documents/seadroid/app/src/main/java/com/seafile/seadroid2/ui/repo/RepoQuickFragment.kt:194:61 Cannot import 'getAvatarUrl'. Functions and properties can only be imported from packages or objects.
e: file:///Users/HONGBGU/Documents/seadroid/app/src/main/java/com/seafile/seadroid2/ui/repo/RepoQuickFragment.kt:195:74 Cannot import 'getRecordMetaDataList'. Functions and properties can only be imported from packages or objects.
e: file:///Users/HONGBGU/Documents/seadroid/app/src/main/java/com/seafile/seadroid2/ui/repo/RepoQuickFragment.kt:196:74 Cannot import 'setRecordMetaDataList'. Functions and properties can only be imported from packages or objects.
e: file:///Users/HONGBGU/Documents/seadroid/app/src/main/java/com/seafile/seadroid2/ui/repo/RepoQuickFragment.kt:197:74 Cannot import 'getRecordResultList'. Functions and properties can only be imported from packages or objects.
e: file:///Users/HONGBGU/Documents/seadroid/app/src/main/java/com/seafile/seadroid2/ui/repo/RepoQuickFragment.kt:198:61 Cannot import 'name'. Functions and properties can only be imported from packages or objects.
e: file:///Users/HONGBGU/Documents/seadroid/app/src/main/java/com/seafile/seadroid2/ui/repo/RepoQuickFragment.kt:199:74 Cannot import 'getRelatedUserList'. Functions and properties can only be imported from packages or objects.
e: file:///Users/HONGBGU/Documents/seadroid/app/src/main/java/com/seafile/seadroid2/ui/repo/RepoQuickFragment.kt:200:61 Cannot import 'email'. Functions and properties can only be imported from packages or objects.
e: file:///Users/HONGBGU/Documents/seadroid/app/src/main/java/com/seafile/seadroid2/ui/repo/RepoQuickFragment.kt:202:72 Cannot import 'toString'. Functions and properties can only be imported from packages or objects.
e: file:///Users/HONGBGU/Documents/seadroid/app/src/main/java/com/seafile/seadroid2/ui/repo/RepoQuickFragment.kt:203:48 Cannot import 'setKeepOnScreenCondition'. Functions and properties can only be imported from packages or objects.
e: file:///Users/HONGBGU/Documents/seadroid/app/src/main/java/com/seafile/seadroid2/ui/repo/RepoQuickFragment.kt:204:74 Cannot import 'getDetail'. Functions and properties can only be imported from packages or objects.
e: file:///Users/HONGBGU/Documents/seadroid/app/src/main/java/com/seafile/seadroid2/ui/repo/RepoQuickFragment.kt:205:74 Cannot import 'getTagMap'. Functions and properties can only be imported from packages or objects.
e: file:///Users/HONGBGU/Documents/seadroid/app/src/main/java/com/seafile/seadroid2/ui/repo/RepoQuickFragment.kt:206:57 Cannot import 'getUrl'. Functions and properties can only be imported from packages or objects.
e: file:///Users/HONGBGU/Documents/seadroid/app/src/main/java/com/seafile/seadroid2/ui/repo/RepoQuickFragment.kt:207:57 Cannot import 'getVersion'. Functions and properties can only be imported from packages or objects.
e: file:///Users/HONGBGU/Documents/seadroid/app/src/main/java/com/seafile/seadroid2/ui/repo/RepoQuickFragment.kt:208:57 Cannot import 'getEncrypted_library_version'. Functions and properties can only be imported from packages or objects.
e: file:///Users/HONGBGU/Documents/seadroid/app/src/main/java/com/seafile/seadroid2/ui/repo/RepoQuickFragment.kt:209:57 Cannot import 'getFeatures'. Functions and properties can only be imported from packages or objects.
e: file:///Users/HONGBGU/Documents/seadroid/app/src/main/java/com/seafile/seadroid2/ui/repo/RepoQuickFragment.kt:212:70 Cannot import 'getMtimeInMills'. Functions and properties can only be imported from packages or objects.
e: file:///Users/HONGBGU/Documents/seadroid/app/src/main/java/com/seafile/seadroid2/ui/repo/RepoQuickFragment.kt:214:43 Cannot import 'addMigrations'. Functions and properties can only be imported from packages or objects.
e: file:///Users/HONGBGU/Documents/seadroid/app/src/main/java/com/seafile/seadroid2/ui/repo/RepoQuickFragment.kt:215:43 Cannot import 'build'. Functions and properties can only be imported from packages or objects.
e: file:///Users/HONGBGU/Documents/seadroid/app/src/main/java/com/seafile/seadroid2/ui/repo/RepoQuickFragment.kt:216:49 Cannot import 'execSQL'. Functions and properties can only be imported from packages or objects.
e: file:///Users/HONGBGU/Documents/seadroid/app/src/main/java/com/seafile/seadroid2/ui/repo/RepoQuickFragment.kt:217:49 Cannot import 'query'. Functions and properties can only be imported from packages or objects.
e: file:///Users/HONGBGU/Documents/seadroid/app/src/main/java/com/seafile/seadroid2/ui/repo/RepoQuickFragment.kt:218:61 Cannot import 'getTitle'. Functions and properties can only be imported from packages or objects.
e: file:///Users/HONGBGU/Documents/seadroid/app/src/main/java/com/seafile/seadroid2/ui/repo/RepoQuickFragment.kt:219:61 Cannot import 'addAllRepoList'. Functions and properties can only be imported from packages or objects.
e: file:///Users/HONGBGU/Documents/seadroid/app/src/main/java/com/seafile/seadroid2/ui/repo/RepoQuickFragment.kt:220:58 Cannot import 'setPath'. Functions and properties can only be imported from packages or objects.
e: file:///Users/HONGBGU/Documents/seadroid/app/src/main/java/com/seafile/seadroid2/ui/repo/RepoQuickFragment.kt:221:58 Cannot import 'setLabel'. Functions and properties can only be imported from packages or objects.
e: file:///Users/HONGBGU/Documents/seadroid/app/src/main/java/com/seafile/seadroid2/ui/repo/RepoQuickFragment.kt:222:58 Cannot import 'setRemovable'. Functions and properties can only be imported from packages or objects.
e: file:///Users/HONGBGU/Documents/seadroid/app/src/main/java/com/seafile/seadroid2/ui/repo/RepoQuickFragment.kt:223:58 Cannot import 'setPrimary'. Functions and properties can only be imported from packages or objects.
e: file:///Users/HONGBGU/Documents/seadroid/app/src/main/java/com/seafile/seadroid2/ui/repo/RepoQuickFragment.kt:224:58 Cannot import 'setAvailable'. Functions and properties can only be imported from packages or objects.
e: file:///Users/HONGBGU/Documents/seadroid/app/src/main/java/com/seafile/seadroid2/ui/repo/RepoQuickFragment.kt:225:57 Cannot import 'getError'. Functions and properties can only be imported from packages or objects.
e: file:///Users/HONGBGU/Documents/seadroid/app/src/main/java/com/seafile/seadroid2/ui/repo/RepoQuickFragment.kt:226:42 Cannot import 'setBackoffCriteria'. Functions and properties can only be imported from packages or objects.
e: file:///Users/HONGBGU/Documents/seadroid/app/src/main/java/com/seafile/seadroid2/ui/repo/RepoQuickFragment.kt:227:42 Cannot import 'addTag'. Functions and properties can only be imported from packages or objects.
e: file:///Users/HONGBGU/Documents/seadroid/app/src/main/java/com/seafile/seadroid2/ui/repo/RepoQuickFragment.kt:228:42 Cannot import 'setRequiredNetworkType'. Functions and properties can only be imported from packages or objects.
e: file:///Users/HONGBGU/Documents/seadroid/app/src/main/java/com/seafile/seadroid2/ui/repo/RepoQuickFragment.kt:229:42 Cannot import 'build'. Functions and properties can only be imported from packages or objects.
e: file:///Users/HONGBGU/Documents/seadroid/app/src/main/java/com/seafile/seadroid2/ui/repo/RepoQuickFragment.kt:230:42 Cannot import 'setId'. Functions and properties can only be imported from packages or objects.
e: file:///Users/HONGBGU/Documents/seadroid/app/src/main/java/com/seafile/seadroid2/ui/repo/RepoQuickFragment.kt:231:42 Cannot import 'setConstraints'. Functions and properties can only be imported from packages or objects.
e: file:///Users/HONGBGU/Documents/seadroid/app/src/main/java/com/seafile/seadroid2/ui/repo/RepoQuickFragment.kt:232:42 Cannot import 'build'. Functions and properties can only be imported from packages or objects.
e: file:///Users/HONGBGU/Documents/seadroid/app/src/main/java/com/seafile/seadroid2/ui/repo/RepoQuickFragment.kt:233:42 Cannot import 'setInputData'. Functions and properties can only be imported from packages or objects.
e: file:///Users/HONGBGU/Documents/seadroid/app/src/main/java/com/seafile/seadroid2/ui/repo/RepoQuickFragment.kt:234:79 Cannot import 'getParent_dir'. Functions and properties can only be imported from packages or objects.
e: file:///Users/HONGBGU/Documents/seadroid/app/src/main/java/com/seafile/seadroid2/ui/repo/RepoQuickFragment.kt:237:37 Cannot import 'onCleared'. Functions and properties can only be imported from packages or objects.
e: file:///Users/HONGBGU/Documents/seadroid/app/src/main/java/com/seafile/seadroid2/ui/repo/RepoQuickFragment.kt:238:42 Cannot import 'lifecycle'. Functions and properties can only be imported from packages or objects.
e: file:///Users/HONGBGU/Documents/seadroid/app/src/main/java/com/seafile/seadroid2/ui/repo/RepoQuickFragment.kt:239:37 Cannot import 'addObserver'. Functions and properties can only be imported from packages or objects.
e: file:///Users/HONGBGU/Documents/seadroid/app/src/main/java/com/seafile/seadroid2/ui/repo/RepoQuickFragment.kt:240:37 Cannot import 'removeObserver'. Functions and properties can only be imported from packages or objects.
e: file:///Users/HONGBGU/Documents/seadroid/app/src/main/java/com/seafile/seadroid2/ui/repo/RepoQuickFragment.kt:242:34 Conflicting import: imported name 'BaseQuickAdapter' is ambiguous.
e: file:///Users/HONGBGU/Documents/seadroid/app/src/main/java/com/seafile/seadroid2/ui/repo/RepoQuickFragment.kt:248:21 Conflicting import: imported name 'ViewGroup' is ambiguous.
e: file:///Users/HONGBGU/Documents/seadroid/app/src/main/java/com/seafile/seadroid2/ui/repo/RepoQuickFragment.kt:249:21 Conflicting import: imported name 'LayoutInflater' is ambiguous.
e: file:///Users/HONGBGU/Documents/seadroid/app/src/main/java/com/seafile/seadroid2/ui/repo/RepoQuickFragment.kt:251:43 Conflicting import: imported name 'MaterialAlertDialogBuilder' is ambiguous.
e: file:///Users/HONGBGU/Documents/seadroid/app/src/main/java/com/seafile/seadroid2/ui/repo/RepoQuickFragment.kt:252:30 Conflicting import: imported name 'R' is ambiguous.
e: file:///Users/HONGBGU/Documents/seadroid/app/src/main/java/com/seafile/seadroid2/ui/repo/RepoQuickFragment.kt:253:24 Conflicting import: imported name 'DialogInterface' is ambiguous.
e: file:///Users/HONGBGU/Documents/seadroid/app/src/main/java/com/seafile/seadroid2/ui/repo/RepoQuickFragment.kt:257:19 Conflicting import: imported name 'Bundle' is ambiguous.
e: file:///Users/HONGBGU/Documents/seadroid/app/src/main/java/com/seafile/seadroid2/ui/repo/RepoQuickFragment.kt:258:27 Conflicting import: imported name 'ViewModelProvider' is ambiguous.
e: file:///Users/HONGBGU/Documents/seadroid/app/src/main/java/com/seafile/seadroid2/ui/repo/RepoQuickFragment.kt:259:58 Conflicting import: imported name 'OnRefreshDataListener' is ambiguous.
e: file:///Users/HONGBGU/Documents/seadroid/app/src/main/java/com/seafile/seadroid2/ui/repo/RepoQuickFragment.kt:260:23 Conflicting import: imported name 'TextView' is ambiguous.
e: file:///Users/HONGBGU/Documents/seadroid/app/src/main/java/com/seafile/seadroid2/ui/repo/RepoQuickFragment.kt:262:23 Conflicting import: imported name 'LinearLayout' is ambiguous.
e: file:///Users/HONGBGU/Documents/seadroid/app/src/main/java/com/seafile/seadroid2/ui/repo/RepoQuickFragment.kt:263:21 Conflicting import: imported name 'TextUtils' is ambiguous.
e: file:///Users/HONGBGU/Documents/seadroid/app/src/main/java/com/seafile/seadroid2/ui/repo/RepoQuickFragment.kt:270:45 Conflicting import: imported name 'Logs' is ambiguous.
e: file:///Users/HONGBGU/Documents/seadroid/app/src/main/java/com/seafile/seadroid2/ui/repo/RepoQuickFragment.kt:285:31 Conflicting import: imported name 'AppCompatActivity' is ambiguous.
e: file:///Users/HONGBGU/Documents/seadroid/app/src/main/java/com/seafile/seadroid2/ui/repo/RepoQuickFragment.kt:289:33 Conflicting import: imported name 'ActivityResultLauncher' is ambiguous.
e: file:///Users/HONGBGU/Documents/seadroid/app/src/main/java/com/seafile/seadroid2/ui/repo/RepoQuickFragment.kt:300:54 Conflicting import: imported name 'DirentFileModel' is ambiguous.
e: file:///Users/HONGBGU/Documents/seadroid/app/src/main/java/com/seafile/seadroid2/ui/repo/RepoQuickFragment.kt:304:52 Conflicting import: imported name 'DirentModel' is ambiguous.
e: file:///Users/HONGBGU/Documents/seadroid/app/src/main/java/com/seafile/seadroid2/ui/repo/RepoQuickFragment.kt:305:33 Conflicting import: imported name 'NetworkUtils' is ambiguous.
e: file:///Users/HONGBGU/Documents/seadroid/app/src/main/java/com/seafile/seadroid2/ui/repo/RepoQuickFragment.kt:306:45 Conflicting import: imported name 'Toasts' is ambiguous.
e: file:///Users/HONGBGU/Documents/seadroid/app/src/main/java/com/seafile/seadroid2/ui/repo/RepoQuickFragment.kt:307:24 Conflicting import: imported name 'Intent' is ambiguous.
e: file:///Users/HONGBGU/Documents/seadroid/app/src/main/java/com/seafile/seadroid2/ui/repo/RepoQuickFragment.kt:308:38 Conflicting import: imported name 'SupportAccountManager' is ambiguous.
e: file:///Users/HONGBGU/Documents/seadroid/app/src/main/java/com/seafile/seadroid2/ui/repo/RepoQuickFragment.kt:309:30 Conflicting import: imported name 'SeafException' is ambiguous.
e: file:///Users/HONGBGU/Documents/seadroid/app/src/main/java/com/seafile/seadroid2/ui/repo/RepoQuickFragment.kt:312:50 Conflicting import: imported name 'DataManager' is ambiguous.
e: file:///Users/HONGBGU/Documents/seadroid/app/src/main/java/com/seafile/seadroid2/ui/repo/RepoQuickFragment.kt:314:49 Conflicting import: imported name 'BottomSheetPasswordDialogFragment' is ambiguous.
e: file:///Users/HONGBGU/Documents/seadroid/app/src/main/java/com/seafile/seadroid2/ui/repo/RepoQuickFragment.kt:315:58 Conflicting import: imported name 'OnResultListener' is ambiguous.
e: file:///Users/HONGBGU/Documents/seadroid/app/src/main/java/com/seafile/seadroid2/ui/repo/RepoQuickFragment.kt:316:52 Conflicting import: imported name 'RepoModel' is ambiguous.
e: file:///Users/HONGBGU/Documents/seadroid/app/src/main/java/com/seafile/seadroid2/ui/repo/RepoQuickFragment.kt:317:36 Conflicting import: imported name 'FileReturnActionEnum' is ambiguous.
e: file:///Users/HONGBGU/Documents/seadroid/app/src/main/java/com/seafile/seadroid2/ui/repo/RepoQuickFragment.kt:318:38 Conflicting import: imported name 'FileActivity' is ambiguous.
e: file:///Users/HONGBGU/Documents/seadroid/app/src/main/java/com/seafile/seadroid2/ui/repo/RepoQuickFragment.kt:338:38 Conflicting import: imported name 'MainViewModel' is ambiguous.
e: file:///Users/HONGBGU/Documents/seadroid/app/src/main/java/com/seafile/seadroid2/ui/repo/RepoQuickFragment.kt:340:34 Conflicting import: imported name 'BusHelper' is ambiguous.
e: file:///Users/HONGBGU/Documents/seadroid/app/src/main/java/com/seafile/seadroid2/ui/repo/RepoQuickFragment.kt:342:38 Conflicting import: imported name 'GlobalNavContext' is ambiguous.
e: file:///Users/HONGBGU/Documents/seadroid/app/src/main/java/com/seafile/seadroid2/ui/repo/RepoQuickFragment.kt:352:46 Conflicting import: imported name 'ServerInfo' is ambiguous.
e: file:///Users/HONGBGU/Documents/seadroid/app/src/main/java/com/seafile/seadroid2/ui/repo/RepoQuickFragment.kt:353:38 Conflicting import: imported name 'NavContext' is ambiguous.
e: file:///Users/HONGBGU/Documents/seadroid/app/src/main/java/com/seafile/seadroid2/ui/repo/RepoQuickFragment.kt:357:69 Unresolved reference 'FileSyncBinder'.
e: file:///Users/HONGBGU/Documents/seadroid/app/src/main/java/com/seafile/seadroid2/ui/repo/RepoQuickFragment.kt:359:48 Conflicting import: imported name 'BackupThreadExecutor' is ambiguous.
e: file:///Users/HONGBGU/Documents/seadroid/app/src/main/java/com/seafile/seadroid2/ui/repo/RepoQuickFragment.kt:367:38 Conflicting import: imported name 'StarredQuickFragment' is ambiguous.
e: file:///Users/HONGBGU/Documents/seadroid/app/src/main/java/com/seafile/seadroid2/ui/repo/RepoQuickFragment.kt:370:52 Conflicting import: imported name 'PermissionEntity' is ambiguous.
e: file:///Users/HONGBGU/Documents/seadroid/app/src/main/java/com/seafile/seadroid2/ui/repo/RepoQuickFragment.kt:376:36 Conflicting import: imported name 'FeatureDataSource' is ambiguous.
e: file:///Users/HONGBGU/Documents/seadroid/app/src/main/java/com/seafile/seadroid2/ui/repo/RepoQuickFragment.kt:382:46 Conflicting import: imported name 'BaseModel' is ambiguous.
e: file:///Users/HONGBGU/Documents/seadroid/app/src/main/java/com/seafile/seadroid2/ui/repo/RepoQuickFragment.kt:386:21 Conflicting import: imported name 'MenuInflater' is ambiguous.
e: file:///Users/HONGBGU/Documents/seadroid/app/src/main/java/com/seafile/seadroid2/ui/repo/RepoQuickFragment.kt:397:47 Conflicting import: imported name 'DP' is ambiguous.
e: file:///Users/HONGBGU/Documents/seadroid/app/src/main/java/com/seafile/seadroid2/ui/repo/RepoQuickFragment.kt:402:52 Conflicting import: imported name 'DecryptResult' is ambiguous.
e: file:///Users/HONGBGU/Documents/seadroid/app/src/main/java/com/seafile/seadroid2/ui/repo/RepoQuickFragment.kt:407:36 Conflicting import: imported name 'RefreshStatusEnum' is ambiguous.
e: file:///Users/HONGBGU/Documents/seadroid/app/src/main/java/com/seafile/seadroid2/ui/repo/RepoQuickFragment.kt:408:45 Conflicting import: imported name 'Objs' is ambiguous.
e: file:///Users/HONGBGU/Documents/seadroid/app/src/main/java/com/seafile/seadroid2/ui/repo/RepoQuickFragment.kt:409:36 Conflicting import: imported name 'FileViewType' is ambiguous.
e: file:///Users/HONGBGU/Documents/seadroid/app/src/main/java/com/seafile/seadroid2/ui/repo/RepoQuickFragment.kt:414:53 Conflicting import: imported name 'SearchModel' is ambiguous.
e: file:///Users/HONGBGU/Documents/seadroid/app/src/main/java/com/seafile/seadroid2/ui/repo/RepoQuickFragment.kt:419:36 Conflicting import: imported name 'ObjSelectType' is ambiguous.
e: file:///Users/HONGBGU/Documents/seadroid/app/src/main/java/com/seafile/seadroid2/ui/repo/RepoQuickFragment.kt:425:46 Conflicting import: imported name 'GroupItemModel' is ambiguous.
e: file:///Users/HONGBGU/Documents/seadroid/app/src/main/java/com/seafile/seadroid2/ui/repo/RepoQuickFragment.kt:433:37 Conflicting import: imported name 'AbsLayoutItemType' is ambiguous.
e: file:///Users/HONGBGU/Documents/seadroid/app/src/main/java/com/seafile/seadroid2/ui/repo/RepoQuickFragment.kt:437:47 Conflicting import: imported name 'BaseFragmentWithVM' is ambiguous.
e: file:///Users/HONGBGU/Documents/seadroid/app/src/main/java/com/seafile/seadroid2/ui/repo/RepoQuickFragment.kt:440:34 Conflicting import: imported name 'Maps' is ambiguous.
e: file:///Users/HONGBGU/Documents/seadroid/app/src/main/java/com/seafile/seadroid2/ui/repo/RepoQuickFragment.kt:441:50 Conflicting import: imported name 'BottomSheetMenuManager' is ambiguous.
e: file:///Users/HONGBGU/Documents/seadroid/app/src/main/java/com/seafile/seadroid2/ui/repo/RepoQuickFragment.kt:442:62 Conflicting import: imported name 'OnRefreshListener' is ambiguous.
e: file:///Users/HONGBGU/Documents/seadroid/app/src/main/java/com/seafile/seadroid2/ui/repo/RepoQuickFragment.kt:443:41 Conflicting import: imported name 'StickyItemDecoration' is ambiguous.
e: file:///Users/HONGBGU/Documents/seadroid/app/src/main/java/com/seafile/seadroid2/ui/repo/RepoQuickFragment.kt:444:27 Conflicting import: imported name 'MenuHost' is ambiguous.
e: file:///Users/HONGBGU/Documents/seadroid/app/src/main/java/com/seafile/seadroid2/ui/repo/RepoQuickFragment.kt:445:27 Conflicting import: imported name 'MenuProvider' is ambiguous.
e: file:///Users/HONGBGU/Documents/seadroid/app/src/main/java/com/seafile/seadroid2/ui/repo/RepoQuickFragment.kt:446:35 Conflicting import: imported name 'ViewSortPopupWindow' is ambiguous.
e: file:///Users/HONGBGU/Documents/seadroid/app/src/main/java/com/seafile/seadroid2/ui/repo/RepoQuickFragment.kt:447:36 Conflicting import: imported name 'SortBy' is ambiguous.
e: file:///Users/HONGBGU/Documents/seadroid/app/src/main/java/com/seafile/seadroid2/ui/repo/RepoQuickFragment.kt:448:47 Conflicting import: imported name 'TransferWorker' is ambiguous.
e: file:///Users/HONGBGU/Documents/seadroid/app/src/main/java/com/seafile/seadroid2/ui/repo/RepoQuickFragment.kt:449:47 Conflicting import: imported name 'TransferEvent' is ambiguous.
e: file:///Users/HONGBGU/Documents/seadroid/app/src/main/java/com/seafile/seadroid2/ui/repo/RepoQuickFragment.kt:450:36 Conflicting import: imported name 'ActionModeCallbackType' is ambiguous.
e: file:///Users/HONGBGU/Documents/seadroid/app/src/main/java/com/seafile/seadroid2/ui/repo/RepoQuickFragment.kt:452:35 Conflicting import: imported name 'TipsViews' is ambiguous.
e: file:///Users/HONGBGU/Documents/seadroid/app/src/main/java/com/seafile/seadroid2/ui/repo/RepoQuickFragment.kt:454:25 Conflicting import: imported name 'DocumentsContract' is ambiguous.
e: file:///Users/HONGBGU/Documents/seadroid/app/src/main/java/com/seafile/seadroid2/ui/repo/RepoQuickFragment.kt:456:36 Conflicting import: imported name 'UnstableApi' is ambiguous.
e: file:///Users/HONGBGU/Documents/seadroid/app/src/main/java/com/seafile/seadroid2/ui/repo/RepoQuickFragment.kt:457:45 Conflicting import: imported name 'CarouselImagePreviewActivity' is ambiguous.
e: file:///Users/HONGBGU/Documents/seadroid/app/src/main/java/com/seafile/seadroid2/ui/repo/RepoQuickFragment.kt:458:38 Conflicting import: imported name 'SDocWebViewActivity' is ambiguous.
e: file:///Users/HONGBGU/Documents/seadroid/app/src/main/java/com/seafile/seadroid2/ui/repo/RepoQuickFragment.kt:459:46 Conflicting import: imported name 'CustomExoVideoPlayerActivity' is ambiguous.
e: file:///Users/HONGBGU/Documents/seadroid/app/src/main/java/com/seafile/seadroid2/ui/repo/RepoQuickFragment.kt:460:42 Conflicting import: imported name 'MarkdownActivity' is ambiguous.
e: file:///Users/HONGBGU/Documents/seadroid/app/src/main/java/com/seafile/seadroid2/ui/repo/RepoQuickFragment.kt:461:33 Conflicting import: imported name 'WidgetUtils' is ambiguous.
e: file:///Users/HONGBGU/Documents/seadroid/app/src/main/java/com/seafile/seadroid2/ui/repo/RepoQuickFragment.kt:462:49 Conflicting import: imported name 'BottomSheetRenameDialogFragment' is ambiguous.
e: file:///Users/HONGBGU/Documents/seadroid/app/src/main/java/com/seafile/seadroid2/ui/repo/RepoQuickFragment.kt:463:49 Conflicting import: imported name 'DeleteRepoDialogFragment' is ambiguous.
e: file:///Users/HONGBGU/Documents/seadroid/app/src/main/java/com/seafile/seadroid2/ui/repo/RepoQuickFragment.kt:464:49 Conflicting import: imported name 'DeleteFileDialogFragment' is ambiguous.
e: file:///Users/HONGBGU/Documents/seadroid/app/src/main/java/com/seafile/seadroid2/ui/repo/RepoQuickFragment.kt:465:38 Conflicting import: imported name 'CopyMoveContext' is ambiguous.
e: file:///Users/HONGBGU/Documents/seadroid/app/src/main/java/com/seafile/seadroid2/ui/repo/RepoQuickFragment.kt:466:42 Conflicting import: imported name 'ObjSelectorActivity' is ambiguous.
e: file:///Users/HONGBGU/Documents/seadroid/app/src/main/java/com/seafile/seadroid2/ui/repo/RepoQuickFragment.kt:467:66 Conflicting import: imported name 'OpenDocument' is ambiguous.
e: file:///Users/HONGBGU/Documents/seadroid/app/src/main/java/com/seafile/seadroid2/ui/repo/RepoQuickFragment.kt:468:33 Conflicting import: imported name 'ActivityResultCallback' is ambiguous.
e: file:///Users/HONGBGU/Documents/seadroid/app/src/main/java/com/seafile/seadroid2/ui/repo/RepoQuickFragment.kt:469:66 Conflicting import: imported name 'OpenMultipleDocuments' is ambiguous.
e: file:///Users/HONGBGU/Documents/seadroid/app/src/main/java/com/seafile/seadroid2/ui/repo/RepoQuickFragment.kt:470:49 Conflicting import: imported name 'CopyMoveDialogFragment' is ambiguous.
e: file:///Users/HONGBGU/Documents/seadroid/app/src/main/java/com/seafile/seadroid2/ui/repo/RepoQuickFragment.kt:471:49 Conflicting import: imported name 'BottomSheetNewRepoDialogFragment' is ambiguous.
e: file:///Users/HONGBGU/Documents/seadroid/app/src/main/java/com/seafile/seadroid2/ui/repo/RepoQuickFragment.kt:472:49 Conflicting import: imported name 'BottomSheetNewDirFileDialogFragment' is ambiguous.
e: file:///Users/HONGBGU/Documents/seadroid/app/src/main/java/com/seafile/seadroid2/ui/repo/RepoQuickFragment.kt:825:73 Cannot access 'inner class AppsListAdapter : BaseAdapter': it is private in 'com/seafile/seadroid2/ui/dialog_fragment/AppChoiceDialogFragment'.
e: file:///Users/HONGBGU/Documents/seadroid/app/src/main/java/com/seafile/seadroid2/ui/repo/RepoQuickFragment.kt:1138:24 Conflicting import: imported name 'Context' is ambiguous.
e: file:///Users/HONGBGU/Documents/seadroid/app/src/main/java/com/seafile/seadroid2/ui/repo/RepoQuickFragment.kt:1170:69 Unresolved reference 'FolderStateChangedListener'.
e: file:///Users/HONGBGU/Documents/seadroid/app/src/main/java/com/seafile/seadroid2/ui/repo/RepoQuickFragment.kt:1189:20 Conflicting import: imported name 'Uri' is ambiguous.
e: file:///Users/HONGBGU/Documents/seadroid/app/src/main/java/com/seafile/seadroid2/ui/repo/RepoQuickFragment.kt:1190:21 Conflicting import: imported name 'Pair' is ambiguous.
e: file:///Users/HONGBGU/Documents/seadroid/app/src/main/java/com/seafile/seadroid2/ui/repo/RepoQuickFragment.kt:1191:21 Conflicting import: imported name 'Menu' is ambiguous.
e: file:///Users/HONGBGU/Documents/seadroid/app/src/main/java/com/seafile/seadroid2/ui/repo/RepoQuickFragment.kt:1192:21 Conflicting import: imported name 'MenuItem' is ambiguous.
e: file:///Users/HONGBGU/Documents/seadroid/app/src/main/java/com/seafile/seadroid2/ui/repo/RepoQuickFragment.kt:1193:21 Conflicting import: imported name 'View' is ambiguous.
e: file:///Users/HONGBGU/Documents/seadroid/app/src/main/java/com/seafile/seadroid2/ui/repo/RepoQuickFragment.kt:1194:23 Conflicting import: imported name 'ImageView' is ambiguous.
e: file:///Users/HONGBGU/Documents/seadroid/app/src/main/java/com/seafile/seadroid2/ui/repo/RepoQuickFragment.kt:1195:28 Conflicting import: imported name 'OptIn' is ambiguous.
e: file:///Users/HONGBGU/Documents/seadroid/app/src/main/java/com/seafile/seadroid2/ui/repo/RepoQuickFragment.kt:1196:32 Conflicting import: imported name 'ActionMode' is ambiguous.
e: file:///Users/HONGBGU/Documents/seadroid/app/src/main/java/com/seafile/seadroid2/ui/repo/RepoQuickFragment.kt:1197:34 Conflicting import: imported name 'SearchView' is ambiguous.
e: file:///Users/HONGBGU/Documents/seadroid/app/src/main/java/com/seafile/seadroid2/ui/repo/RepoQuickFragment.kt:1198:27 Conflicting import: imported name 'Lifecycle' is ambiguous.
e: file:///Users/HONGBGU/Documents/seadroid/app/src/main/java/com/seafile/seadroid2/ui/repo/RepoQuickFragment.kt:1204:27 Conflicting import: imported name 'Observer' is ambiguous.
e: file:///Users/HONGBGU/Documents/seadroid/app/src/main/java/com/seafile/seadroid2/ui/repo/RepoQuickFragment.kt:1205:37 Conflicting import: imported name 'GridLayoutManager' is ambiguous.
e: file:///Users/HONGBGU/Documents/seadroid/app/src/main/java/com/seafile/seadroid2/ui/repo/RepoQuickFragment.kt:1206:37 Conflicting import: imported name 'RecyclerView' is ambiguous.
e: file:///Users/HONGBGU/Documents/seadroid/app/src/main/java/com/seafile/seadroid2/ui/repo/RepoQuickFragment.kt:1207:33 Conflicting import: imported name 'CollectionUtils' is ambiguous.
e: file:///Users/HONGBGU/Documents/seadroid/app/src/main/java/com/seafile/seadroid2/ui/repo/RepoQuickFragment.kt:1208:38 Conflicting import: imported name 'Account' is ambiguous.
e: file:///Users/HONGBGU/Documents/seadroid/app/src/main/java/com/seafile/seadroid2/ui/repo/RepoQuickFragment.kt:1209:37 Conflicting import: imported name 'Constants' is ambiguous.
e: file:///Users/HONGBGU/Documents/seadroid/app/src/main/java/com/seafile/seadroid2/ui/repo/RepoQuickFragment.kt:1210:42 Conflicting import: imported name 'LayoutFastRvBinding' is ambiguous.
e: file:///Users/HONGBGU/Documents/seadroid/app/src/main/java/com/seafile/seadroid2/ui/repo/RepoQuickFragment.kt:1211:36 Conflicting import: imported name 'OpType' is ambiguous.
e: file:///Users/HONGBGU/Documents/seadroid/app/src/main/java/com/seafile/seadroid2/ui/repo/RepoQuickFragment.kt:1212:45 Conflicting import: imported name 'Utils' is ambiguous.
e: file:///Users/HONGBGU/Documents/seadroid/app/src/main/java/com/seafile/seadroid2/ui/repo/RepoQuickFragment.kt:1213:42 Conflicting import: imported name 'Settings' is ambiguous.
e: file:///Users/HONGBGU/Documents/seadroid/app/src/main/java/com/seafile/seadroid2/ui/repo/RepoQuickFragment.kt:1214:50 Conflicting import: imported name 'BottomSheetActionView' is ambiguous.
e: file:///Users/HONGBGU/Documents/seadroid/app/src/main/java/com/seafile/seadroid2/ui/repo/RepoQuickFragment.kt:1215:16 Conflicting import: imported name 'File' is ambiguous.
e: file:///Users/HONGBGU/Documents/seadroid/app/src/main/java/com/seafile/seadroid2/ui/repo/RepoQuickFragment.kt:1216:16 Conflicting import: imported name 'FileInputStream' is ambiguous.
e: file:///Users/HONGBGU/Documents/seadroid/app/src/main/java/com/seafile/seadroid2/ui/repo/RepoQuickFragment.kt:1217:16 Conflicting import: imported name 'FileNotFoundException' is ambiguous.
e: file:///Users/HONGBGU/Documents/seadroid/app/src/main/java/com/seafile/seadroid2/ui/repo/RepoQuickFragment.kt:1218:16 Conflicting import: imported name 'IOException' is ambiguous.
e: file:///Users/HONGBGU/Documents/seadroid/app/src/main/java/com/seafile/seadroid2/ui/repo/RepoQuickFragment.kt:1223:18 Conflicting import: imported name 'Optional' is ambiguous.
e: file:///Users/HONGBGU/Documents/seadroid/app/src/main/java/com/seafile/seadroid2/ui/repo/RepoQuickFragment.kt:1224:27 Conflicting import: imported name 'Consumer' is ambiguous.
e: file:///Users/HONGBGU/Documents/seadroid/app/src/main/java/com/seafile/seadroid2/ui/repo/RepoQuickFragment.kt:1225:25 Conflicting import: imported name 'Collectors' is ambiguous.
e: file:///Users/HONGBGU/Documents/seadroid/app/src/main/java/com/seafile/seadroid2/ui/repo/RepoQuickFragment.kt:1267:50 None of the following candidates is applicable:
@MainThread() fun <T : ViewModel> get(modelClass: Class<T>): T
@MainThread() fun <T : ViewModel> get(modelClass: KClass<T>): T
e: file:///Users/HONGBGU/Documents/seadroid/app/src/main/java/com/seafile/seadroid2/ui/repo/RepoQuickFragment.kt:1387:69 Return type of 'onQueryTextSubmit' is not a subtype of the return type of the overridden member 'fun onQueryTextSubmit(p0: String!): Boolean'.
e: file:///Users/HONGBGU/Documents/seadroid/app/src/main/java/com/seafile/seadroid2/ui/repo/RepoQuickFragment.kt:1388:32 Return type mismatch: expected 'java.lang.Boolean', actual 'kotlin.Boolean'.
e: file:///Users/HONGBGU/Documents/seadroid/app/src/main/java/com/seafile/seadroid2/ui/repo/RepoQuickFragment.kt:1391:71 Return type of 'onQueryTextChange' is not a subtype of the return type of the overridden member 'fun onQueryTextChange(p0: String!): Boolean'.
e: file:///Users/HONGBGU/Documents/seadroid/app/src/main/java/com/seafile/seadroid2/ui/repo/RepoQuickFragment.kt:1397:32 Return type mismatch: expected 'java.lang.Boolean', actual 'kotlin.Boolean'.
e: file:///Users/HONGBGU/Documents/seadroid/app/src/main/java/com/seafile/seadroid2/ui/repo/RepoQuickFragment.kt:1404:74 Return type of 'onMenuItemActionExpand' is not a subtype of the return type of the overridden member 'fun onMenuItemActionExpand(@NonNull() p0: MenuItem): Boolean'.
e: file:///Users/HONGBGU/Documents/seadroid/app/src/main/java/com/seafile/seadroid2/ui/repo/RepoQuickFragment.kt:1409:29 Argument type mismatch: actual type is 'kotlin.Boolean', but 'java.lang.Boolean?' was expected.
e: file:///Users/HONGBGU/Documents/seadroid/app/src/main/java/com/seafile/seadroid2/ui/repo/RepoQuickFragment.kt:1413:29 Argument type mismatch: actual type is 'kotlin.Boolean', but 'java.lang.Boolean?' was expected.
e: file:///Users/HONGBGU/Documents/seadroid/app/src/main/java/com/seafile/seadroid2/ui/repo/RepoQuickFragment.kt:1415:55 Argument type mismatch: actual type is 'kotlin.Boolean', but 'java.lang.Boolean?' was expected.
e: file:///Users/HONGBGU/Documents/seadroid/app/src/main/java/com/seafile/seadroid2/ui/repo/RepoQuickFragment.kt:1416:48 Argument type mismatch: actual type is 'kotlin.Boolean', but 'java.lang.Boolean?' was expected.
e: file:///Users/HONGBGU/Documents/seadroid/app/src/main/java/com/seafile/seadroid2/ui/repo/RepoQuickFragment.kt:1417:51 Argument type mismatch: actual type is 'kotlin.Boolean', but 'java.lang.Boolean?' was expected.
e: file:///Users/HONGBGU/Documents/seadroid/app/src/main/java/com/seafile/seadroid2/ui/repo/RepoQuickFragment.kt:1426:32 Return type mismatch: expected 'java.lang.Boolean', actual 'kotlin.Boolean'.
e: file:///Users/HONGBGU/Documents/seadroid/app/src/main/java/com/seafile/seadroid2/ui/repo/RepoQuickFragment.kt:1429:76 Return type of 'onMenuItemActionCollapse' is not a subtype of the return type of the overridden member 'fun onMenuItemActionCollapse(@NonNull() p0: MenuItem): Boolean'.
e: file:///Users/HONGBGU/Documents/seadroid/app/src/main/java/com/seafile/seadroid2/ui/repo/RepoQuickFragment.kt:1442:32 Return type mismatch: expected 'java.lang.Boolean', actual 'kotlin.Boolean'.
e: file:///Users/HONGBGU/Documents/seadroid/app/src/main/java/com/seafile/seadroid2/ui/repo/RepoQuickFragment.kt:1464:52 Class '<anonymous>' is not abstract and does not implement abstract member 'accept'.
e: file:///Users/HONGBGU/Documents/seadroid/app/src/main/java/com/seafile/seadroid2/ui/repo/RepoQuickFragment.kt:1465:21 'accept' overrides nothing.
e: file:///Users/HONGBGU/Documents/seadroid/app/src/main/java/com/seafile/seadroid2/ui/repo/RepoQuickFragment.kt:1496:58 Only safe (?.) or non-null asserted (!!.) calls are allowed on a nullable receiver of type 'com.seafile.seadroid2.account.SupportAccountManager?'.
e: file:///Users/HONGBGU/Documents/seadroid/app/src/main/java/com/seafile/seadroid2/ui/repo/RepoQuickFragment.kt:1497:16 Return type mismatch: expected 'java.util.Optional<com.seafile.seadroid2.framework.model.ServerInfo?>', actual 'java.util.Optional<com.seafile.seadroid2.framework.model.ServerInfo>'.
e: file:///Users/HONGBGU/Documents/seadroid/app/src/main/java/com/seafile/seadroid2/ui/repo/RepoQuickFragment.kt:1522:63 Unresolved reference 'items'.
e: file:///Users/HONGBGU/Documents/seadroid/app/src/main/java/com/seafile/seadroid2/ui/repo/RepoQuickFragment.kt:1548:19 Unresolved reference 'setOnItemClickListener'.
e: file:///Users/HONGBGU/Documents/seadroid/app/src/main/java/com/seafile/seadroid2/ui/repo/RepoQuickFragment.kt:1548:79 Argument type mismatch: actual type is 'kotlin.Function3<com.chad.library.adapter4.BaseQuickAdapter<com.seafile.seadroid2.framework.model.BaseModel?, *>?, android.view.View?, kotlin.Int, kotlin.Unit>', but 'kotlin.Function3<com.chad.library.adapter4.BaseQuickAdapter<T, *>, android.view.View, kotlin.Int, kotlin.Unit>' was expected.
e: file:///Users/HONGBGU/Documents/seadroid/app/src/main/java/com/seafile/seadroid2/ui/repo/RepoQuickFragment.kt:1548:116 Type argument is not within its bounds: should be subtype of 'kotlin.Any'.
e: file:///Users/HONGBGU/Documents/seadroid/app/src/main/java/com/seafile/seadroid2/ui/repo/RepoQuickFragment.kt:1549:19 Overload resolution ambiguity between candidates:
@IntrinsicConstEvaluation() fun compareTo(other: Byte): Int
@IntrinsicConstEvaluation() fun compareTo(other: Double): Int
@IntrinsicConstEvaluation() fun compareTo(other: Float): Int
@IntrinsicConstEvaluation() fun compareTo(other: Int): Int
@IntrinsicConstEvaluation() fun compareTo(other: Long): Int
@IntrinsicConstEvaluation() fun compareTo(other: Short): Int
e: file:///Users/HONGBGU/Documents/seadroid/app/src/main/java/com/seafile/seadroid2/ui/repo/RepoQuickFragment.kt:1549:32 Unresolved reference 'getItemCount'.
e: file:///Users/HONGBGU/Documents/seadroid/app/src/main/java/com/seafile/seadroid2/ui/repo/RepoQuickFragment.kt:1550:17 'return' is prohibited here.
e: file:///Users/HONGBGU/Documents/seadroid/app/src/main/java/com/seafile/seadroid2/ui/repo/RepoQuickFragment.kt:1552:39 Unresolved reference 'items'.
e: file:///Users/HONGBGU/Documents/seadroid/app/src/main/java/com/seafile/seadroid2/ui/repo/RepoQuickFragment.kt:1555:27 Unresolved reference 'set'.
e: file:///Users/HONGBGU/Documents/seadroid/app/src/main/java/com/seafile/seadroid2/ui/repo/RepoQuickFragment.kt:1558:17 'return' is prohibited here.
e: file:///Users/HONGBGU/Documents/seadroid/app/src/main/java/com/seafile/seadroid2/ui/repo/RepoQuickFragment.kt:1570:17 'return' is prohibited here.
e: file:///Users/HONGBGU/Documents/seadroid/app/src/main/java/com/seafile/seadroid2/ui/repo/RepoQuickFragment.kt:1575:19 Unresolved reference 'setOnItemLongClickListener'.
e: file:///Users/HONGBGU/Documents/seadroid/app/src/main/java/com/seafile/seadroid2/ui/repo/RepoQuickFragment.kt:1575:87 Argument type mismatch: actual type is 'kotlin.Function3<com.chad.library.adapter4.BaseQuickAdapter<com.seafile.seadroid2.framework.model.BaseModel?, *>?, android.view.View?, kotlin.Int, kotlin.Boolean>', but 'kotlin.Function3<com.chad.library.adapter4.BaseQuickAdapter<T, *>, android.view.View, kotlin.Int, kotlin.Boolean>' was expected.
e: file:///Users/HONGBGU/Documents/seadroid/app/src/main/java/com/seafile/seadroid2/ui/repo/RepoQuickFragment.kt:1575:124 Type argument is not within its bounds: should be subtype of 'kotlin.Any'.
e: file:///Users/HONGBGU/Documents/seadroid/app/src/main/java/com/seafile/seadroid2/ui/repo/RepoQuickFragment.kt:1576:19 Overload resolution ambiguity between candidates:
@IntrinsicConstEvaluation() fun compareTo(other: Byte): Int
@IntrinsicConstEvaluation() fun compareTo(other: Double): Int
@IntrinsicConstEvaluation() fun compareTo(other: Float): Int
@IntrinsicConstEvaluation() fun compareTo(other: Int): Int
@IntrinsicConstEvaluation() fun compareTo(other: Long): Int
@IntrinsicConstEvaluation() fun compareTo(other: Short): Int
e: file:///Users/HONGBGU/Documents/seadroid/app/src/main/java/com/seafile/seadroid2/ui/repo/RepoQuickFragment.kt:1576:32 Unresolved reference 'getItemCount'.
e: file:///Users/HONGBGU/Documents/seadroid/app/src/main/java/com/seafile/seadroid2/ui/repo/RepoQuickFragment.kt:1577:17 'return' is prohibited here.
e: file:///Users/HONGBGU/Documents/seadroid/app/src/main/java/com/seafile/seadroid2/ui/repo/RepoQuickFragment.kt:1579:39 Unresolved reference 'items'.
e: file:///Users/HONGBGU/Documents/seadroid/app/src/main/java/com/seafile/seadroid2/ui/repo/RepoQuickFragment.kt:1581:17 'return' is prohibited here.
e: file:///Users/HONGBGU/Documents/seadroid/app/src/main/java/com/seafile/seadroid2/ui/repo/RepoQuickFragment.kt:1583:17 'return' is prohibited here.
e: file:///Users/HONGBGU/Documents/seadroid/app/src/main/java/com/seafile/seadroid2/ui/repo/RepoQuickFragment.kt:1585:17 'return' is prohibited here.
e: file:///Users/HONGBGU/Documents/seadroid/app/src/main/java/com/seafile/seadroid2/ui/repo/RepoQuickFragment.kt:1589:17 'return' is prohibited here.
e: file:///Users/HONGBGU/Documents/seadroid/app/src/main/java/com/seafile/seadroid2/ui/repo/RepoQuickFragment.kt:1601:33 Argument type mismatch: actual type is 'com.seafile.seadroid2.ui.repo.RepoQuickAdapter?', but '(androidx.recyclerview.widget.RecyclerView.Adapter<androidx.recyclerview.widget.RecyclerView.ViewHolder!>?..androidx.recyclerview.widget.RecyclerView.Adapter<*>?)' was expected.
e: file:///Users/HONGBGU/Documents/seadroid/app/src/main/java/com/seafile/seadroid2/ui/repo/RepoQuickFragment.kt:1609:23 Unresolved reference 'addAll'.
e: file:///Users/HONGBGU/Documents/seadroid/app/src/main/java/com/seafile/seadroid2/ui/repo/RepoQuickFragment.kt:1611:23 Unresolved reference 'removeAtRange'.
e: file:///Users/HONGBGU/Documents/seadroid/app/src/main/java/com/seafile/seadroid2/ui/repo/RepoQuickFragment.kt:1624:14 Unresolved reference 'observe'.
e: file:///Users/HONGBGU/Documents/seadroid/app/src/main/java/com/seafile/seadroid2/ui/repo/RepoQuickFragment.kt:1624:47 Class '<anonymous>' is not abstract and does not implement abstract member 'onChanged'.
e: file:///Users/HONGBGU/Documents/seadroid/app/src/main/java/com/seafile/seadroid2/ui/repo/RepoQuickFragment.kt:1625:17 'onChanged' overrides nothing.
e: file:///Users/HONGBGU/Documents/seadroid/app/src/main/java/com/seafile/seadroid2/ui/repo/RepoQuickFragment.kt:1631:14 Unresolved reference 'observe'.
e: file:///Users/HONGBGU/Documents/seadroid/app/src/main/java/com/seafile/seadroid2/ui/repo/RepoQuickFragment.kt:1631:47 Class '<anonymous>' is not abstract and does not implement abstract member 'onChanged'.
e: file:///Users/HONGBGU/Documents/seadroid/app/src/main/java/com/seafile/seadroid2/ui/repo/RepoQuickFragment.kt:1632:17 'onChanged' overrides nothing.
e: file:///Users/HONGBGU/Documents/seadroid/app/src/main/java/com/seafile/seadroid2/ui/repo/RepoQuickFragment.kt:1638:14 Unresolved reference 'observe'.
e: file:///Users/HONGBGU/Documents/seadroid/app/src/main/java/com/seafile/seadroid2/ui/repo/RepoQuickFragment.kt:1638:47 Class '<anonymous>' is not abstract and does not implement abstract member 'onChanged'.
e: file:///Users/HONGBGU/Documents/seadroid/app/src/main/java/com/seafile/seadroid2/ui/repo/RepoQuickFragment.kt:1639:17 'onChanged' overrides nothing.
e: file:///Users/HONGBGU/Documents/seadroid/app/src/main/java/com/seafile/seadroid2/ui/repo/RepoQuickFragment.kt:1644:53 Unresolved reference 'observe'.
e: file:///Users/HONGBGU/Documents/seadroid/app/src/main/java/com/seafile/seadroid2/ui/repo/RepoQuickFragment.kt:1651:21 Condition type mismatch: inferred type is 'kotlin.Boolean?' but 'Boolean' was expected.
e: file:///Users/HONGBGU/Documents/seadroid/app/src/main/java/com/seafile/seadroid2/ui/repo/RepoQuickFragment.kt:1657:56 Only safe (?.) or non-null asserted (!!.) calls are allowed on a nullable receiver of type 'com.jeremyliao.liveeventbus.core.Observable<android.os.Bundle?>?'.
e: file:///Users/HONGBGU/Documents/seadroid/app/src/main/java/com/seafile/seadroid2/ui/repo/RepoQuickFragment.kt:1662:47 Class '<anonymous>' is not abstract and does not implement abstract member 'onChanged'.
e: file:///Users/HONGBGU/Documents/seadroid/app/src/main/java/com/seafile/seadroid2/ui/repo/RepoQuickFragment.kt:1663:17 'onChanged' overrides nothing.
e: file:///Users/HONGBGU/Documents/seadroid/app/src/main/java/com/seafile/seadroid2/ui/repo/RepoQuickFragment.kt:1733:13 Only safe (?.) or non-null asserted (!!.) calls are allowed on a nullable receiver of type 'com.jeremyliao.liveeventbus.core.Observable<android.os.Bundle?>?'.
e: file:///Users/HONGBGU/Documents/seadroid/app/src/main/java/com/seafile/seadroid2/ui/repo/RepoQuickFragment.kt:1733:47 Class '<anonymous>' is not abstract and does not implement abstract member 'onChanged'.
e: file:///Users/HONGBGU/Documents/seadroid/app/src/main/java/com/seafile/seadroid2/ui/repo/RepoQuickFragment.kt:1734:17 'onChanged' overrides nothing.
e: file:///Users/HONGBGU/Documents/seadroid/app/src/main/java/com/seafile/seadroid2/ui/repo/RepoQuickFragment.kt:1740:13 Only safe (?.) or non-null asserted (!!.) calls are allowed on a nullable receiver of type 'com.jeremyliao.liveeventbus.core.Observable<com.seafile.seadroid2.context.NavContext?>?'.
e: file:///Users/HONGBGU/Documents/seadroid/app/src/main/java/com/seafile/seadroid2/ui/repo/RepoQuickFragment.kt:1924:23 Unresolved reference 'notifyItemRangeChanged'.
e: file:///Users/HONGBGU/Documents/seadroid/app/src/main/java/com/seafile/seadroid2/ui/repo/RepoQuickFragment.kt:1924:59 Unresolved reference 'getItemCount'.
e: file:///Users/HONGBGU/Documents/seadroid/app/src/main/java/com/seafile/seadroid2/ui/repo/RepoQuickFragment.kt:2113:19 Unresolved reference 'submitList'.
e: file:///Users/HONGBGU/Documents/seadroid/app/src/main/java/com/seafile/seadroid2/ui/repo/RepoQuickFragment.kt:2115:16 Only safe (?.) or non-null asserted (!!.) calls are allowed on a nullable receiver of type 'android.widget.TextView?'.
e: file:///Users/HONGBGU/Documents/seadroid/app/src/main/java/com/seafile/seadroid2/ui/repo/RepoQuickFragment.kt:2120:16 Only safe (?.) or non-null asserted (!!.) calls are allowed on a nullable receiver of type 'android.widget.TextView?'.
e: file:///Users/HONGBGU/Documents/seadroid/app/src/main/java/com/seafile/seadroid2/ui/repo/RepoQuickFragment.kt:2121:19 Unresolved reference 'stateView'.
e: file:///Users/HONGBGU/Documents/seadroid/app/src/main/java/com/seafile/seadroid2/ui/repo/RepoQuickFragment.kt:2122:19 Unresolved reference 'isStateViewEnable'.
e: file:///Users/HONGBGU/Documents/seadroid/app/src/main/java/com/seafile/seadroid2/ui/repo/RepoQuickFragment.kt:2126:19 Unresolved reference 'isStateViewEnable'.
e: file:///Users/HONGBGU/Documents/seadroid/app/src/main/java/com/seafile/seadroid2/ui/repo/RepoQuickFragment.kt:2127:19 Unresolved reference 'stateView'.
e: file:///Users/HONGBGU/Documents/seadroid/app/src/main/java/com/seafile/seadroid2/ui/repo/RepoQuickFragment.kt:2196:17 Argument type mismatch: actual type is 'kotlin.String?', but 'kotlin.String' was expected.
e: file:///Users/HONGBGU/Documents/seadroid/app/src/main/java/com/seafile/seadroid2/ui/repo/RepoQuickFragment.kt:2197:17 Class '<anonymous>' is not abstract and does not implement abstract member 'accept'.
e: file:///Users/HONGBGU/Documents/seadroid/app/src/main/java/com/seafile/seadroid2/ui/repo/RepoQuickFragment.kt:2198:21 'accept' overrides nothing.
e: file:///Users/HONGBGU/Documents/seadroid/app/src/main/java/com/seafile/seadroid2/ui/repo/RepoQuickFragment.kt:2265:54 Argument type mismatch: actual type is 'kotlin.String?', but 'kotlin.String' was expected.
e: file:///Users/HONGBGU/Documents/seadroid/app/src/main/java/com/seafile/seadroid2/ui/repo/RepoQuickFragment.kt:2268:54 Argument type mismatch: actual type is 'kotlin.String?', but 'kotlin.String' was expected.
e: file:///Users/HONGBGU/Documents/seadroid/app/src/main/java/com/seafile/seadroid2/ui/repo/RepoQuickFragment.kt:2388:35 Unresolved reference 'items'.
e: file:///Users/HONGBGU/Documents/seadroid/app/src/main/java/com/seafile/seadroid2/ui/repo/RepoQuickFragment.kt:2391:23 Unresolved reference 'set'.
e: file:///Users/HONGBGU/Documents/seadroid/app/src/main/java/com/seafile/seadroid2/ui/repo/RepoQuickFragment.kt:2394:23 Unresolved reference 'set'.
e: file:///Users/HONGBGU/Documents/seadroid/app/src/main/java/com/seafile/seadroid2/ui/repo/RepoQuickFragment.kt:2506:78 Only safe (?.) or non-null asserted (!!.) calls are allowed on a nullable receiver of type 'com.seafile.seadroid2.account.SupportAccountManager?'.
e: file:///Users/HONGBGU/Documents/seadroid/app/src/main/java/com/seafile/seadroid2/ui/repo/RepoQuickFragment.kt:2592:26 Argument type mismatch: actual type is 'kotlin.reflect.KClass<androidx.media3.common.util.UnstableApi>', but 'kotlin.Array<out kotlin.reflect.KClass<out kotlin.Annotation>>' was expected.
e: file:///Users/HONGBGU/Documents/seadroid/app/src/main/java/com/seafile/seadroid2/ui/repo/RepoQuickFragment.kt:2592:26 Assigning single elements to varargs in named form is prohibited.
e: file:///Users/HONGBGU/Documents/seadroid/app/src/main/java/com/seafile/seadroid2/ui/repo/RepoQuickFragment.kt:2602:35 Argument type mismatch: actual type is 'kotlin.String?', but 'kotlin.String' was expected.
e: file:///Users/HONGBGU/Documents/seadroid/app/src/main/java/com/seafile/seadroid2/ui/repo/RepoQuickFragment.kt:2619:21 Only safe (?.) or non-null asserted (!!.) calls are allowed on a nullable receiver of type 'kotlin.String?'.
e: file:///Users/HONGBGU/Documents/seadroid/app/src/main/java/com/seafile/seadroid2/ui/repo/RepoQuickFragment.kt:2631:21 Only safe (?.) or non-null asserted (!!.) calls are allowed on a nullable receiver of type 'kotlin.String?'.
e: file:///Users/HONGBGU/Documents/seadroid/app/src/main/java/com/seafile/seadroid2/ui/repo/RepoQuickFragment.kt:2631:79 Only safe (?.) or non-null asserted (!!.) calls are allowed on a nullable receiver of type 'kotlin.String?'.
e: file:///Users/HONGBGU/Documents/seadroid/app/src/main/java/com/seafile/seadroid2/ui/repo/RepoQuickFragment.kt:2647:21 Argument type mismatch: actual type is 'android.content.Context?', but 'android.content.Context' was expected.
e: file:///Users/HONGBGU/Documents/seadroid/app/src/main/java/com/seafile/seadroid2/ui/repo/RepoQuickFragment.kt:2662:29 Argument type mismatch: actual type is 'android.content.Context?', but 'android.content.Context' was expected.
e: file:///Users/HONGBGU/Documents/seadroid/app/src/main/java/com/seafile/seadroid2/ui/repo/RepoQuickFragment.kt:2680:34 Argument type mismatch: actual type is 'kotlin.String?', but 'kotlin.String' was expected.
e: file:///Users/HONGBGU/Documents/seadroid/app/src/main/java/com/seafile/seadroid2/ui/repo/RepoQuickFragment.kt:2748:78 Only safe (?.) or non-null asserted (!!.) calls are allowed on a nullable receiver of type 'com.seafile.seadroid2.account.SupportAccountManager?'.
e: file:///Users/HONGBGU/Documents/seadroid/app/src/main/java/com/seafile/seadroid2/ui/repo/RepoQuickFragment.kt:2804:43 Interface 'interface OnRefreshDataListener : Any' does not have constructors.
e: file:///Users/HONGBGU/Documents/seadroid/app/src/main/java/com/seafile/seadroid2/ui/repo/RepoQuickFragment.kt:2994:43 Argument type mismatch: actual type is 'kotlin.String?', but 'kotlin.String' was expected.
e: file:///Users/HONGBGU/Documents/seadroid/app/src/main/java/com/seafile/seadroid2/ui/repo/RepoQuickFragment.kt:2994:61 Argument type mismatch: actual type is 'kotlin.String?', but 'kotlin.String' was expected.
e: file:///Users/HONGBGU/Documents/seadroid/app/src/main/java/com/seafile/seadroid2/ui/repo/RepoQuickFragment.kt:3148:13 Argument type mismatch: actual type is 'androidx.activity.result.contract.ActivityResultContracts.OpenDocument', but 'androidx.activity.result.contract.ActivityResultContract<I, O>' was expected.
e: file:///Users/HONGBGU/Documents/seadroid/app/src/main/java/com/seafile/seadroid2/ui/repo/RepoQuickFragment.kt:3160:13 Argument type mismatch: actual type is 'androidx.activity.result.contract.ActivityResultContracts.OpenMultipleDocuments', but 'androidx.activity.result.contract.ActivityResultContract<I, O>' was expected.
e: file:///Users/HONGBGU/Documents/seadroid/app/src/main/java/com/seafile/seadroid2/ui/repo/RepoQuickFragment.kt:3161:13 Class '<anonymous>' is not abstract and does not implement abstract member 'onActivityResult'.
e: file:///Users/HONGBGU/Documents/seadroid/app/src/main/java/com/seafile/seadroid2/ui/repo/RepoQuickFragment.kt:3162:17 'onActivityResult' overrides nothing.
e: file:///Users/HONGBGU/Documents/seadroid/app/src/main/java/com/seafile/seadroid2/ui/repo/RepoQuickFragment.kt:3271:78 Only safe (?.) or non-null asserted (!!.) calls are allowed on a nullable receiver of type 'com.seafile.seadroid2.account.SupportAccountManager?'.
e: file:///Users/HONGBGU/Documents/seadroid/app/src/main/java/com/seafile/seadroid2/ui/repo/RepoQuickFragment.kt:3292:21 Argument type mismatch: actual type is 'com.seafile.seadroid2.account.Account?', but 'com.seafile.seadroid2.account.Account' was expected.
e: file:///Users/HONGBGU/Documents/seadroid/app/src/main/java/com/seafile/seadroid2/ui/repo/RepoQuickFragment.kt:3293:21 Argument type mismatch: actual type is 'com.seafile.seadroid2.framework.db.entities.RepoModel?', but 'com.seafile.seadroid2.framework.db.entities.RepoModel' was expected.
e: file:///Users/HONGBGU/Documents/seadroid/app/src/main/java/com/seafile/seadroid2/ui/repo/RepoQuickFragment.kt:3303:57 Only safe (?.) or non-null asserted (!!.) calls are allowed on a nullable receiver of type 'com.seafile.seadroid2.framework.service.BackupThreadExecutor?'.
e: file:///Users/HONGBGU/Documents/seadroid/app/src/main/java/com/seafile/seadroid2/ui/repo/RepoQuickFragment.kt:3364:29 'return' is prohibited here.
e: file:///Users/HONGBGU/Documents/seadroid/app/src/main/java/com/seafile/seadroid2/ui/repo/RepoQuickFragment.kt:3379:29 'return' is prohibited here.
e: file:///Users/HONGBGU/Documents/seadroid/app/src/main/java/com/seafile/seadroid2/ui/repo/RepoQuickFragment.kt:3390:44 Class '<anonymous>' is not abstract and does not implement abstract member 'accept'.
e: file:///Users/HONGBGU/Documents/seadroid/app/src/main/java/com/seafile/seadroid2/ui/repo/RepoQuickFragment.kt:3391:13 'accept' overrides nothing.
e: file:///Users/HONGBGU/Documents/seadroid/app/src/main/java/com/seafile/seadroid2/ui/repo/RepoQuickFragment.kt:3418:44 Class '<anonymous>' is not abstract and does not implement abstract member 'accept'.
e: file:///Users/HONGBGU/Documents/seadroid/app/src/main/java/com/seafile/seadroid2/ui/repo/RepoQuickFragment.kt:3419:13 'accept' overrides nothing.
e: file:///Users/HONGBGU/Documents/seadroid/app/src/main/java/com/seafile/seadroid2/ui/repo/RepoQuickFragment.kt:3451:44 Class '<anonymous>' is not abstract and does not implement abstract member 'accept'.
e: file:///Users/HONGBGU/Documents/seadroid/app/src/main/java/com/seafile/seadroid2/ui/repo/RepoQuickFragment.kt:3452:13 'accept' overrides nothing.
e: file:///Users/HONGBGU/Documents/seadroid/app/src/main/java/com/seafile/seadroid2/ui/repo/RepoQuickFragment.kt:3468:44 Class '<anonymous>' is not abstract and does not implement abstract member 'accept'.
e: file:///Users/HONGBGU/Documents/seadroid/app/src/main/java/com/seafile/seadroid2/ui/repo/RepoQuickFragment.kt:3469:13 'accept' overrides nothing.
e: file:///Users/HONGBGU/Documents/seadroid/app/src/main/java/com/seafile/seadroid2/ui/repo/RepoQuickFragment.kt:3476:51 Unresolved reference 'Manifest'.
e: file:///Users/HONGBGU/Documents/seadroid/app/src/main/java/com/seafile/seadroid2/ui/repo/RepoQuickFragment.kt:3482:44 Class '<anonymous>' is not abstract and does not implement abstract member 'accept'.
e: file:///Users/HONGBGU/Documents/seadroid/app/src/main/java/com/seafile/seadroid2/ui/repo/RepoQuickFragment.kt:3483:13 'accept' overrides nothing.
e: file:///Users/HONGBGU/Documents/seadroid/app/src/main/java/com/seafile/seadroid2/ui/repo/RepoQuickFragment.kt:3490:51 Unresolved reference 'Manifest'.
e: file:///Users/HONGBGU/Documents/seadroid/app/src/main/java/com/seafile/seadroid2/ui/repo/RepoQuickFragment.kt:3497:41 Initializer type mismatch: expected 'kotlin.Array<kotlin.String?>', actual 'kotlin.Array<kotlin.String>'.
e: file:///Users/HONGBGU/Documents/seadroid/app/src/main/java/com/seafile/seadroid2/ui/repo/RepoQuickFragment.kt:3497:41 Type mismatch: inferred type is 'kotlin.String?', but 'kotlin.String' was expected.
e: file:///Users/HONGBGU/Documents/seadroid/app/src/main/java/com/seafile/seadroid2/ui/repo/RepoQuickFragment.kt:3509:78 Only safe (?.) or non-null asserted (!!.) calls are allowed on a nullable receiver of type 'com.seafile.seadroid2.account.SupportAccountManager?'.
e: file:///Users/HONGBGU/Documents/seadroid/app/src/main/java/com/seafile/seadroid2/ui/repo/RepoQuickFragment.kt:3520:13 Argument type mismatch: actual type is 'com.seafile.seadroid2.account.Account?', but 'com.seafile.seadroid2.account.Account' was expected.
e: file:///Users/HONGBGU/Documents/seadroid/app/src/main/java/com/seafile/seadroid2/ui/repo/RepoQuickFragment.kt:3524:13 Argument type mismatch: actual type is 'kotlin.collections.MutableList<android.net.Uri>?', but 'kotlin.collections.MutableList<android.net.Uri?>?' was expected.
e: file:///Users/HONGBGU/Documents/seadroid/app/src/main/java/com/seafile/seadroid2/ui/repo/RepoQuickFragment.kt:3542:69 Only safe (?.) or non-null asserted (!!.) calls are allowed on a nullable receiver of type 'com.seafile.seadroid2.framework.service.BackupThreadExecutor?'.
e: file:///Users/HONGBGU/Documents/seadroid/app/src/main/java/com/seafile/seadroid2/ui/repo/RepoQuickFragment.kt:3584:50 Argument type mismatch: actual type is 'kotlin.String?', but 'kotlin.String' was expected.
e: file:///Users/HONGBGU/Documents/seadroid/app/src/main/java/com/seafile/seadroid2/ui/repo/RepoQuickFragment.kt:3651:78 Only safe (?.) or non-null asserted (!!.) calls are allowed on a nullable receiver of type 'com.seafile.seadroid2.account.SupportAccountManager?'.
e: file:///Users/HONGBGU/Documents/seadroid/app/src/main/java/com/seafile/seadroid2/ui/repo/RepoQuickFragment.kt:3654:13 Argument type mismatch: actual type is 'com.seafile.seadroid2.account.Account?', but 'com.seafile.seadroid2.account.Account' was expected.
e: file:///Users/HONGBGU/Documents/seadroid/app/src/main/java/com/seafile/seadroid2/ui/repo/RepoQuickFragment.kt:3656:13 Argument type mismatch: actual type is 'kotlin.String?', but 'kotlin.String' was expected.
e: file:///Users/HONGBGU/Documents/seadroid/app/src/main/java/com/seafile/seadroid2/ui/repo/RepoQuickFragment.kt:3663:53 Only safe (?.) or non-null asserted (!!.) calls are allowed on a nullable receiver of type 'com.seafile.seadroid2.framework.service.BackupThreadExecutor?'.
e: file:///Users/HONGBGU/Documents/seadroid/app/src/main/java/com/seafile/seadroid2/ui/repo/RepoQuickFragment.kt:3674:78 Only safe (?.) or non-null asserted (!!.) calls are allowed on a nullable receiver of type 'com.seafile.seadroid2.account.SupportAccountManager?'.
e: file:///Users/HONGBGU/Documents/seadroid/app/src/main/java/com/seafile/seadroid2/ui/repo/RepoQuickFragment.kt:3677:13 Argument type mismatch: actual type is 'com.seafile.seadroid2.account.Account?', but 'com.seafile.seadroid2.account.Account' was expected.
e: file:///Users/HONGBGU/Documents/seadroid/app/src/main/java/com/seafile/seadroid2/ui/repo/RepoQuickFragment.kt:3679:13 Argument type mismatch: actual type is 'android.net.Uri?', but 'android.net.Uri' was expected.
e: file:///Users/HONGBGU/Documents/seadroid/app/src/main/java/com/seafile/seadroid2/ui/repo/RepoQuickFragment.kt:3687:53 Only safe (?.) or non-null asserted (!!.) calls are allowed on a nullable receiver of type 'com.seafile.seadroid2.framework.service.BackupThreadExecutor?'.
e: file:///Users/HONGBGU/Documents/seadroid/app/src/main/java/com/seafile/seadroid2/ui/repo/RepoViewModel.kt:106:13 Initializer type mismatch: expected 'io.reactivex.Single<kotlin.collections.MutableList<com.seafile.seadroid2.framework.db.entities.EncKeyCacheEntity?>?>', actual 'io.reactivex.Single<kotlin.collections.MutableList<com.seafile.seadroid2.framework.db.entities.EncKeyCacheEntity?>?>?'.
e: file:///Users/HONGBGU/Documents/seadroid/app/src/main/java/com/seafile/seadroid2/ui/repo/RepoViewModel.kt:106:48 Only safe (?.) or non-null asserted (!!.) calls are allowed on a nullable receiver of type 'com.seafile.seadroid2.framework.db.AppDatabase?'.
e: file:///Users/HONGBGU/Documents/seadroid/app/src/main/java/com/seafile/seadroid2/ui/repo/RepoViewModel.kt:107:17 Only safe (?.) or non-null asserted (!!.) calls are allowed on a nullable receiver of type 'com.seafile.seadroid2.framework.db.dao.EncKeyCacheDAO?'.
e: file:///Users/HONGBGU/Documents/seadroid/app/src/main/java/com/seafile/seadroid2/ui/repo/RepoViewModel.kt:109:63 Class '<anonymous>' is not abstract and does not implement abstract member 'apply'.
e: file:///Users/HONGBGU/Documents/seadroid/app/src/main/java/com/seafile/seadroid2/ui/repo/RepoViewModel.kt:112:13 'apply' overrides nothing.
e: file:///Users/HONGBGU/Documents/seadroid/app/src/main/java/com/seafile/seadroid2/ui/repo/RepoViewModel.kt:171:51 Only safe (?.) or non-null asserted (!!.) calls are allowed on a nullable receiver of type 'com.seafile.seadroid2.framework.db.AppDatabase?'.
e: file:///Users/HONGBGU/Documents/seadroid/app/src/main/java/com/seafile/seadroid2/ui/repo/RepoViewModel.kt:171:68 Only safe (?.) or non-null asserted (!!.) calls are allowed on a nullable receiver of type 'com.seafile.seadroid2.framework.db.dao.EncKeyCacheDAO?'.
e: file:///Users/HONGBGU/Documents/seadroid/app/src/main/java/com/seafile/seadroid2/ui/repo/RepoViewModel.kt:172:13 Only safe (?.) or non-null asserted (!!.) calls are allowed on a nullable receiver of type 'io.reactivex.Single<kotlin.collections.MutableList<com.seafile.seadroid2.framework.db.entities.EncKeyCacheEntity?>?>?'.
e: file:///Users/HONGBGU/Documents/seadroid/app/src/main/java/com/seafile/seadroid2/ui/repo/RepoViewModel.kt:172:38 Class '<anonymous>' is not abstract and does not implement abstract member 'apply'.
e: file:///Users/HONGBGU/Documents/seadroid/app/src/main/java/com/seafile/seadroid2/ui/repo/RepoViewModel.kt:175:17 'apply' overrides nothing.
e: file:///Users/HONGBGU/Documents/seadroid/app/src/main/java/com/seafile/seadroid2/ui/repo/RepoViewModel.kt:212:13 Initializer type mismatch: expected 'io.reactivex.Single<com.seafile.seadroid2.framework.model.ResultModel?>', actual 'io.reactivex.Single<com.seafile.seadroid2.framework.model.ResultModel?>?'.
e: file:///Users/HONGBGU/Documents/seadroid/app/src/main/java/com/seafile/seadroid2/ui/repo/RepoViewModel.kt:212:50 Only safe (?.) or non-null asserted (!!.) calls are allowed on a nullable receiver of type 'com.seafile.seadroid2.framework.http.HttpIO?'.
e: file:///Users/HONGBGU/Documents/seadroid/app/src/main/java/com/seafile/seadroid2/ui/repo/RepoViewModel.kt:212:75 Argument type mismatch: actual type is 'java.lang.Class<com.seafile.seadroid2.ui.dialog_fragment.DialogService>', but 'java.lang.Class<T?>' was expected.
e: file:///Users/HONGBGU/Documents/seadroid/app/src/main/java/com/seafile/seadroid2/ui/repo/RepoViewModel.kt:213:17 Only safe (?.) or non-null asserted (!!.) calls are allowed on a nullable receiver of type 'com.seafile.seadroid2.ui.dialog_fragment.DialogService?'.
e: file:///Users/HONGBGU/Documents/seadroid/app/src/main/java/com/seafile/seadroid2/ui/repo/RepoViewModel.kt:221:44 Class '<anonymous>' is not abstract and does not implement abstract member 'apply'.
e: file:///Users/HONGBGU/Documents/seadroid/app/src/main/java/com/seafile/seadroid2/ui/repo/RepoViewModel.kt:224:29 'apply' overrides nothing.
e: file:///Users/HONGBGU/Documents/seadroid/app/src/main/java/com/seafile/seadroid2/ui/repo/RepoViewModel.kt:244:63 Argument type mismatch: actual type is 'kotlin.String?', but 'kotlin.String' was expected.
e: file:///Users/HONGBGU/Documents/seadroid/app/src/main/java/com/seafile/seadroid2/ui/repo/RepoViewModel.kt:253:56 Only safe (?.) or non-null asserted (!!.) calls are allowed on a nullable receiver of type 'com.seafile.seadroid2.framework.db.AppDatabase?'.
e: file:///Users/HONGBGU/Documents/seadroid/app/src/main/java/com/seafile/seadroid2/ui/repo/RepoViewModel.kt:253:73 Only safe (?.) or non-null asserted (!!.) calls are allowed on a nullable receiver of type 'com.seafile.seadroid2.framework.db.dao.EncKeyCacheDAO?'.
e: file:///Users/HONGBGU/Documents/seadroid/app/src/main/java/com/seafile/seadroid2/ui/repo/RepoViewModel.kt:264:78 Only safe (?.) or non-null asserted (!!.) calls are allowed on a nullable receiver of type 'com.seafile.seadroid2.account.SupportAccountManager?'.
e: file:///Users/HONGBGU/Documents/seadroid/app/src/main/java/com/seafile/seadroid2/ui/repo/RepoViewModel.kt:300:13 Only safe (?.) or non-null asserted (!!.) calls are allowed on a nullable receiver of type 'com.seafile.seadroid2.framework.db.AppDatabase?'.
e: file:///Users/HONGBGU/Documents/seadroid/app/src/main/java/com/seafile/seadroid2/ui/repo/RepoViewModel.kt:301:13 Only safe (?.) or non-null asserted (!!.) calls are allowed on a nullable receiver of type 'com.seafile.seadroid2.framework.db.dao.RepoDAO?'.
e: file:///Users/HONGBGU/Documents/seadroid/app/src/main/java/com/seafile/seadroid2/ui/repo/RepoViewModel.kt:302:13 Only safe (?.) or non-null asserted (!!.) calls are allowed on a nullable receiver of type 'io.reactivex.Single<kotlin.collections.MutableList<com.seafile.seadroid2.framework.db.entities.RepoModel?>?>?'.
e: file:///Users/HONGBGU/Documents/seadroid/app/src/main/java/com/seafile/seadroid2/ui/repo/RepoViewModel.kt:302:48 Class '<anonymous>' is not abstract and does not implement abstract member 'apply'.
e: file:///Users/HONGBGU/Documents/seadroid/app/src/main/java/com/seafile/seadroid2/ui/repo/RepoViewModel.kt:305:17 'apply' overrides nothing.
e: file:///Users/HONGBGU/Documents/seadroid/app/src/main/java/com/seafile/seadroid2/ui/repo/RepoViewModel.kt:306:55 Unresolved reference 'convertToAdapterList'.
e: file:///Users/HONGBGU/Documents/seadroid/app/src/main/java/com/seafile/seadroid2/ui/repo/RepoViewModel.kt:334:34 None of the following candidates is applicable:
@SinceKotlin(...) @InlineOnly() fun <V> KMutableProperty0<V>.setValue(thisRef: Any?, property: KProperty<*>, value: V): Unit
@SinceKotlin(...) @InlineOnly() fun <T, V> KMutableProperty1<T, V>.setValue(thisRef: T, property: KProperty<*>, value: V): Unit
@InlineOnly() fun <V> MutableMap<in String, in V>.setValue(thisRef: Any?, property: KProperty<*>, value: V): Unit
e: file:///Users/HONGBGU/Documents/seadroid/app/src/main/java/com/seafile/seadroid2/ui/repo/RepoViewModel.kt:338:30 None of the following candidates is applicable:
@SinceKotlin(...) @InlineOnly() fun <V> KMutableProperty0<V>.setValue(thisRef: Any?, property: KProperty<*>, value: V): Unit
@SinceKotlin(...) @InlineOnly() fun <T, V> KMutableProperty1<T, V>.setValue(thisRef: T, property: KProperty<*>, value: V): Unit
@InlineOnly() fun <V> MutableMap<in String, in V>.setValue(thisRef: Any?, property: KProperty<*>, value: V): Unit
e: file:///Users/HONGBGU/Documents/seadroid/app/src/main/java/com/seafile/seadroid2/ui/repo/RepoViewModel.kt:341:58 Argument type mismatch: actual type is 'com.seafile.seadroid2.account.Account?', but 'com.seafile.seadroid2.account.Account' was expected.
e: file:///Users/HONGBGU/Documents/seadroid/app/src/main/java/com/seafile/seadroid2/ui/repo/RepoViewModel.kt:350:42 None of the following candidates is applicable:
@SinceKotlin(...) @InlineOnly() fun <V> KMutableProperty0<V>.setValue(thisRef: Any?, property: KProperty<*>, value: V): Unit
@SinceKotlin(...) @InlineOnly() fun <T, V> KMutableProperty1<T, V>.setValue(thisRef: T, property: KProperty<*>, value: V): Unit
@InlineOnly() fun <V> MutableMap<in String, in V>.setValue(thisRef: Any?, property: KProperty<*>, value: V): Unit
e: file:///Users/HONGBGU/Documents/seadroid/app/src/main/java/com/seafile/seadroid2/ui/repo/RepoViewModel.kt:356:42 None of the following candidates is applicable:
@SinceKotlin(...) @InlineOnly() fun <V> KMutableProperty0<V>.setValue(thisRef: Any?, property: KProperty<*>, value: V): Unit
@SinceKotlin(...) @InlineOnly() fun <T, V> KMutableProperty1<T, V>.setValue(thisRef: T, property: KProperty<*>, value: V): Unit
@InlineOnly() fun <V> MutableMap<in String, in V>.setValue(thisRef: Any?, property: KProperty<*>, value: V): Unit
e: file:///Users/HONGBGU/Documents/seadroid/app/src/main/java/com/seafile/seadroid2/ui/repo/RepoViewModel.kt:365:48 None of the following candidates is applicable:
@SinceKotlin(...) @InlineOnly() fun <V> KMutableProperty0<V>.setValue(thisRef: Any?, property: KProperty<*>, value: V): Unit
@SinceKotlin(...) @InlineOnly() fun <T, V> KMutableProperty1<T, V>.setValue(thisRef: T, property: KProperty<*>, value: V): Unit
@InlineOnly() fun <V> MutableMap<in String, in V>.setValue(thisRef: Any?, property: KProperty<*>, value: V): Unit
e: file:///Users/HONGBGU/Documents/seadroid/app/src/main/java/com/seafile/seadroid2/ui/repo/RepoViewModel.kt:389:63 Class '<anonymous>' is not abstract and does not implement abstract member 'test'.
e: file:///Users/HONGBGU/Documents/seadroid/app/src/main/java/com/seafile/seadroid2/ui/repo/RepoViewModel.kt:390:29 'test' overrides nothing.
e: file:///Users/HONGBGU/Documents/seadroid/app/src/main/java/com/seafile/seadroid2/ui/repo/RepoViewModel.kt:391:62 Argument type mismatch: actual type is 'kotlin.String?', but 'kotlin.String' was expected.
e: file:///Users/HONGBGU/Documents/seadroid/app/src/main/java/com/seafile/seadroid2/ui/repo/RepoViewModel.kt:402:50 Unresolved reference 'item_position'.
e: file:///Users/HONGBGU/Documents/seadroid/app/src/main/java/com/seafile/seadroid2/ui/repo/RepoViewModel.kt:404:50 Unresolved reference 'item_position'.
e: file:///Users/HONGBGU/Documents/seadroid/app/src/main/java/com/seafile/seadroid2/ui/repo/RepoViewModel.kt:405:50 Unresolved reference 'item_position'.
e: file:///Users/HONGBGU/Documents/seadroid/app/src/main/java/com/seafile/seadroid2/ui/repo/RepoViewModel.kt:407:50 Unresolved reference 'item_position'.
e: file:///Users/HONGBGU/Documents/seadroid/app/src/main/java/com/seafile/seadroid2/ui/repo/RepoViewModel.kt:408:65 Unresolved reference 'item_position'.
e: file:///Users/HONGBGU/Documents/seadroid/app/src/main/java/com/seafile/seadroid2/ui/repo/RepoViewModel.kt:443:23 Only safe (?.) or non-null asserted (!!.) calls are allowed on a nullable receiver of type 'kotlin.String?'.
e: file:///Users/HONGBGU/Documents/seadroid/app/src/main/java/com/seafile/seadroid2/ui/repo/RepoViewModel.kt:448:13 Initializer type mismatch: expected 'io.reactivex.Single<kotlin.collections.MutableList<com.seafile.seadroid2.framework.model.dirents.CachedDirentModel?>?>', actual 'io.reactivex.Single<kotlin.collections.MutableList<com.seafile.seadroid2.framework.model.dirents.CachedDirentModel?>?>?'.
e: file:///Users/HONGBGU/Documents/seadroid/app/src/main/java/com/seafile/seadroid2/ui/repo/RepoViewModel.kt:448:48 Only safe (?.) or non-null asserted (!!.) calls are allowed on a nullable receiver of type 'com.seafile.seadroid2.framework.db.AppDatabase?'.
e: file:///Users/HONGBGU/Documents/seadroid/app/src/main/java/com/seafile/seadroid2/ui/repo/RepoViewModel.kt:449:17 Only safe (?.) or non-null asserted (!!.) calls are allowed on a nullable receiver of type 'com.seafile.seadroid2.framework.db.dao.DirentDAO?'.
e: file:///Users/HONGBGU/Documents/seadroid/app/src/main/java/com/seafile/seadroid2/ui/repo/RepoViewModel.kt:450:67 Class '<anonymous>' is not abstract and does not implement abstract member 'apply'.
e: file:///Users/HONGBGU/Documents/seadroid/app/src/main/java/com/seafile/seadroid2/ui/repo/RepoViewModel.kt:453:13 'apply' overrides nothing.
e: file:///Users/HONGBGU/Documents/seadroid/app/src/main/java/com/seafile/seadroid2/ui/repo/RepoViewModel.kt:458:84 Class '<anonymous>' is not abstract and does not implement abstract member 'apply'.
e: file:///Users/HONGBGU/Documents/seadroid/app/src/main/java/com/seafile/seadroid2/ui/repo/RepoViewModel.kt:460:21 'apply' overrides nothing.
e: file:///Users/HONGBGU/Documents/seadroid/app/src/main/java/com/seafile/seadroid2/ui/repo/RepoViewModel.kt:473:34 None of the following candidates is applicable:
@SinceKotlin(...) @InlineOnly() fun <V> KMutableProperty0<V>.setValue(thisRef: Any?, property: KProperty<*>, value: V): Unit
@SinceKotlin(...) @InlineOnly() fun <T, V> KMutableProperty1<T, V>.setValue(thisRef: T, property: KProperty<*>, value: V): Unit
@InlineOnly() fun <V> MutableMap<in String, in V>.setValue(thisRef: Any?, property: KProperty<*>, value: V): Unit
e: file:///Users/HONGBGU/Documents/seadroid/app/src/main/java/com/seafile/seadroid2/ui/repo/RepoViewModel.kt:477:30 None of the following candidates is applicable:
@SinceKotlin(...) @InlineOnly() fun <V> KMutableProperty0<V>.setValue(thisRef: Any?, property: KProperty<*>, value: V): Unit
@SinceKotlin(...) @InlineOnly() fun <T, V> KMutableProperty1<T, V>.setValue(thisRef: T, property: KProperty<*>, value: V): Unit
@InlineOnly() fun <V> MutableMap<in String, in V>.setValue(thisRef: Any?, property: KProperty<*>, value: V): Unit
e: file:///Users/HONGBGU/Documents/seadroid/app/src/main/java/com/seafile/seadroid2/ui/repo/RepoViewModel.kt:484:23 Only safe (?.) or non-null asserted (!!.) calls are allowed on a nullable receiver of type 'kotlin.String?'.
e: file:///Users/HONGBGU/Documents/seadroid/app/src/main/java/com/seafile/seadroid2/ui/repo/RepoViewModel.kt:485:13 'val' cannot be reassigned.
e: file:///Users/HONGBGU/Documents/seadroid/app/src/main/java/com/seafile/seadroid2/ui/repo/RepoViewModel.kt:488:60 Argument type mismatch: actual type is 'com.seafile.seadroid2.account.Account?', but 'com.seafile.seadroid2.account.Account' was expected.
e: file:///Users/HONGBGU/Documents/seadroid/app/src/main/java/com/seafile/seadroid2/ui/repo/RepoViewModel.kt:491:13 Class '<anonymous>' is not abstract and does not implement abstract member 'accept'.
e: file:///Users/HONGBGU/Documents/seadroid/app/src/main/java/com/seafile/seadroid2/ui/repo/RepoViewModel.kt:493:17 'accept' overrides nothing.
e: file:///Users/HONGBGU/Documents/seadroid/app/src/main/java/com/seafile/seadroid2/ui/repo/RepoViewModel.kt:500:63 Class '<anonymous>' is not abstract and does not implement abstract member 'test'.
e: file:///Users/HONGBGU/Documents/seadroid/app/src/main/java/com/seafile/seadroid2/ui/repo/RepoViewModel.kt:501:29 'test' overrides nothing.
e: file:///Users/HONGBGU/Documents/seadroid/app/src/main/java/com/seafile/seadroid2/ui/repo/RepoViewModel.kt:502:62 Argument type mismatch: actual type is 'kotlin.String?', but 'kotlin.String' was expected.
e: file:///Users/HONGBGU/Documents/seadroid/app/src/main/java/com/seafile/seadroid2/ui/repo/RepoViewModel.kt:515:42 None of the following candidates is applicable:
@SinceKotlin(...) @InlineOnly() fun <V> KMutableProperty0<V>.setValue(thisRef: Any?, property: KProperty<*>, value: V): Unit
@SinceKotlin(...) @InlineOnly() fun <T, V> KMutableProperty1<T, V>.setValue(thisRef: T, property: KProperty<*>, value: V): Unit
@InlineOnly() fun <V> MutableMap<in String, in V>.setValue(thisRef: Any?, property: KProperty<*>, value: V): Unit
e: file:///Users/HONGBGU/Documents/seadroid/app/src/main/java/com/seafile/seadroid2/ui/repo/RepoViewModel.kt:521:42 None of the following candidates is applicable:
@SinceKotlin(...) @InlineOnly() fun <V> KMutableProperty0<V>.setValue(thisRef: Any?, property: KProperty<*>, value: V): Unit
@SinceKotlin(...) @InlineOnly() fun <T, V> KMutableProperty1<T, V>.setValue(thisRef: T, property: KProperty<*>, value: V): Unit
@InlineOnly() fun <V> MutableMap<in String, in V>.setValue(thisRef: Any?, property: KProperty<*>, value: V): Unit
e: file:///Users/HONGBGU/Documents/seadroid/app/src/main/java/com/seafile/seadroid2/ui/repo/RepoViewModel.kt:530:48 None of the following candidates is applicable:
@SinceKotlin(...) @InlineOnly() fun <V> KMutableProperty0<V>.setValue(thisRef: Any?, property: KProperty<*>, value: V): Unit
@SinceKotlin(...) @InlineOnly() fun <T, V> KMutableProperty1<T, V>.setValue(thisRef: T, property: KProperty<*>, value: V): Unit
@InlineOnly() fun <V> MutableMap<in String, in V>.setValue(thisRef: Any?, property: KProperty<*>, value: V): Unit
e: file:///Users/HONGBGU/Documents/seadroid/app/src/main/java/com/seafile/seadroid2/ui/repo/RepoViewModel.kt:537:13 Initializer type mismatch: expected 'io.reactivex.Single<kotlin.collections.MutableList<com.seafile.seadroid2.framework.db.entities.EncKeyCacheEntity?>?>', actual 'io.reactivex.Single<kotlin.collections.MutableList<com.seafile.seadroid2.framework.db.entities.EncKeyCacheEntity?>?>?'.
e: file:///Users/HONGBGU/Documents/seadroid/app/src/main/java/com/seafile/seadroid2/ui/repo/RepoViewModel.kt:537:48 Only safe (?.) or non-null asserted (!!.) calls are allowed on a nullable receiver of type 'com.seafile.seadroid2.framework.db.AppDatabase?'.
e: file:///Users/HONGBGU/Documents/seadroid/app/src/main/java/com/seafile/seadroid2/ui/repo/RepoViewModel.kt:537:65 Only safe (?.) or non-null asserted (!!.) calls are allowed on a nullable receiver of type 'com.seafile.seadroid2.framework.db.dao.EncKeyCacheDAO?'.
e: file:///Users/HONGBGU/Documents/seadroid/app/src/main/java/com/seafile/seadroid2/ui/repo/RepoViewModel.kt:554:13 Initializer type mismatch: expected 'io.reactivex.Single<kotlin.collections.MutableList<com.seafile.seadroid2.framework.db.entities.RepoModel?>?>', actual 'io.reactivex.Single<kotlin.collections.MutableList<com.seafile.seadroid2.framework.db.entities.RepoModel?>?>?'.
e: file:///Users/HONGBGU/Documents/seadroid/app/src/main/java/com/seafile/seadroid2/ui/repo/RepoViewModel.kt:554:48 Only safe (?.) or non-null asserted (!!.) calls are allowed on a nullable receiver of type 'com.seafile.seadroid2.framework.db.AppDatabase?'.
e: file:///Users/HONGBGU/Documents/seadroid/app/src/main/java/com/seafile/seadroid2/ui/repo/RepoViewModel.kt:554:58 Only safe (?.) or non-null asserted (!!.) calls are allowed on a nullable receiver of type 'com.seafile.seadroid2.framework.db.dao.RepoDAO?'.
e: file:///Users/HONGBGU/Documents/seadroid/app/src/main/java/com/seafile/seadroid2/ui/repo/RepoViewModel.kt:593:13 Initializer type mismatch: expected 'io.reactivex.Single<kotlin.collections.MutableList<com.seafile.seadroid2.framework.db.entities.RepoModel?>?>', actual 'io.reactivex.Single<kotlin.collections.MutableList<com.seafile.seadroid2.framework.db.entities.RepoModel?>?>?'.
e: file:///Users/HONGBGU/Documents/seadroid/app/src/main/java/com/seafile/seadroid2/ui/repo/RepoViewModel.kt:593:48 Only safe (?.) or non-null asserted (!!.) calls are allowed on a nullable receiver of type 'com.seafile.seadroid2.framework.db.AppDatabase?'.
e: file:///Users/HONGBGU/Documents/seadroid/app/src/main/java/com/seafile/seadroid2/ui/repo/RepoViewModel.kt:593:58 Only safe (?.) or non-null asserted (!!.) calls are allowed on a nullable receiver of type 'com.seafile.seadroid2.framework.db.dao.RepoDAO?'.
e: file:///Users/HONGBGU/Documents/seadroid/app/src/main/java/com/seafile/seadroid2/ui/repo/RepoViewModel.kt:594:73 Class '<anonymous>' is not abstract and does not implement abstract member 'apply'.
e: file:///Users/HONGBGU/Documents/seadroid/app/src/main/java/com/seafile/seadroid2/ui/repo/RepoViewModel.kt:597:13 'apply' overrides nothing.
e: file:///Users/HONGBGU/Documents/seadroid/app/src/main/java/com/seafile/seadroid2/ui/repo/RepoViewModel.kt:620:25 None of the following candidates is applicable:
constructor(repoId: String, p: PermissionParentModel): PermissionEntity
constructor(repoId: String, permission: String): PermissionEntity
e: file:///Users/HONGBGU/Documents/seadroid/app/src/main/java/com/seafile/seadroid2/ui/repo/RepoViewModel.kt:624:58 Class '<anonymous>' is not abstract and does not implement abstract member 'apply'.
e: file:///Users/HONGBGU/Documents/seadroid/app/src/main/java/com/seafile/seadroid2/ui/repo/RepoViewModel.kt:627:13 'apply' overrides nothing.
e: file:///Users/HONGBGU/Documents/seadroid/app/src/main/java/com/seafile/seadroid2/ui/repo/RepoViewModel.kt:633:78 Argument type mismatch: actual type is 'android.util.Pair<com.seafile.seadroid2.framework.db.entities.RepoModel, com.seafile.seadroid2.framework.db.entities.PermissionEntity?>', but 'T!' was expected.
e: file:///Users/HONGBGU/Documents/seadroid/app/src/main/java/com/seafile/seadroid2/ui/repo/RepoViewModel.kt:638:21 Initializer type mismatch: expected 'io.reactivex.Single<kotlin.collections.MutableList<com.seafile.seadroid2.framework.db.entities.PermissionEntity?>?>', actual 'io.reactivex.Single<kotlin.collections.MutableList<com.seafile.seadroid2.framework.db.entities.PermissionEntity?>?>?'.
e: file:///Users/HONGBGU/Documents/seadroid/app/src/main/java/com/seafile/seadroid2/ui/repo/RepoViewModel.kt:638:56 Only safe (?.) or non-null asserted (!!.) calls are allowed on a nullable receiver of type 'com.seafile.seadroid2.framework.db.AppDatabase?'.
e: file:///Users/HONGBGU/Documents/seadroid/app/src/main/java/com/seafile/seadroid2/ui/repo/RepoViewModel.kt:639:25 Only safe (?.) or non-null asserted (!!.) calls are allowed on a nullable receiver of type 'com.seafile.seadroid2.framework.db.dao.PermissionDAO?'.
e: file:///Users/HONGBGU/Documents/seadroid/app/src/main/java/com/seafile/seadroid2/ui/repo/RepoViewModel.kt:667:40 None of the following candidates is applicable:
@SinceKotlin(...) @InlineOnly() fun <V> KMutableProperty0<V>.setValue(thisRef: Any?, property: KProperty<*>, value: V): Unit
@SinceKotlin(...) @InlineOnly() fun <T, V> KMutableProperty1<T, V>.setValue(thisRef: T, property: KProperty<*>, value: V): Unit
@InlineOnly() fun <V> MutableMap<in String, in V>.setValue(thisRef: Any?, property: KProperty<*>, value: V): Unit
e: file:///Users/HONGBGU/Documents/seadroid/app/src/main/java/com/seafile/seadroid2/ui/repo/RepoViewModel.kt:687:44 None of the following candidates is applicable:
@SinceKotlin(...) @InlineOnly() fun <V> KMutableProperty0<V>.setValue(thisRef: Any?, property: KProperty<*>, value: V): Unit
@SinceKotlin(...) @InlineOnly() fun <T, V> KMutableProperty1<T, V>.setValue(thisRef: T, property: KProperty<*>, value: V): Unit
@InlineOnly() fun <V> MutableMap<in String, in V>.setValue(thisRef: Any?, property: KProperty<*>, value: V): Unit
e: file:///Users/HONGBGU/Documents/seadroid/app/src/main/java/com/seafile/seadroid2/ui/repo/RepoViewModel.kt:704:48 None of the following candidates is applicable:
@SinceKotlin(...) @InlineOnly() fun <V> KMutableProperty0<V>.setValue(thisRef: Any?, property: KProperty<*>, value: V): Unit
@SinceKotlin(...) @InlineOnly() fun <T, V> KMutableProperty1<T, V>.setValue(thisRef: T, property: KProperty<*>, value: V): Unit
@InlineOnly() fun <V> MutableMap<in String, in V>.setValue(thisRef: Any?, property: KProperty<*>, value: V): Unit
e: file:///Users/HONGBGU/Documents/seadroid/app/src/main/java/com/seafile/seadroid2/ui/repo/RepoViewModel.kt:712:48 None of the following candidates is applicable:
@SinceKotlin(...) @InlineOnly() fun <V> KMutableProperty0<V>.setValue(thisRef: Any?, property: KProperty<*>, value: V): Unit
@SinceKotlin(...) @InlineOnly() fun <T, V> KMutableProperty1<T, V>.setValue(thisRef: T, property: KProperty<*>, value: V): Unit
@InlineOnly() fun <V> MutableMap<in String, in V>.setValue(thisRef: Any?, property: KProperty<*>, value: V): Unit
e: file:///Users/HONGBGU/Documents/seadroid/app/src/main/java/com/seafile/seadroid2/ui/repo/RepoViewModel.kt:725:49 Initializer type mismatch: expected 'io.reactivex.Single<com.seafile.seadroid2.framework.model.repo.Dirent2Model?>', actual 'io.reactivex.Single<com.seafile.seadroid2.framework.model.repo.Dirent2Model?>?'.
e: file:///Users/HONGBGU/Documents/seadroid/app/src/main/java/com/seafile/seadroid2/ui/repo/RepoViewModel.kt:726:17 Only safe (?.) or non-null asserted (!!.) calls are allowed on a nullable receiver of type 'com.seafile.seadroid2.framework.http.HttpIO?'.
e: file:///Users/HONGBGU/Documents/seadroid/app/src/main/java/com/seafile/seadroid2/ui/repo/RepoViewModel.kt:726:43 Argument type mismatch: actual type is 'java.lang.Class<com.seafile.seadroid2.ui.star.StarredService>', but 'java.lang.Class<T?>' was expected.
e: file:///Users/HONGBGU/Documents/seadroid/app/src/main/java/com/seafile/seadroid2/ui/repo/RepoViewModel.kt:726:70 Only safe (?.) or non-null asserted (!!.) calls are allowed on a nullable receiver of type 'com.seafile.seadroid2.ui.star.StarredService?'.
e: file:///Users/HONGBGU/Documents/seadroid/app/src/main/java/com/seafile/seadroid2/ui/repo/RepoViewModel.kt:730:49 Initializer type mismatch: expected 'io.reactivex.Single<com.seafile.seadroid2.framework.model.ResultModel?>', actual 'io.reactivex.Single<com.seafile.seadroid2.framework.model.ResultModel?>?'.
e: file:///Users/HONGBGU/Documents/seadroid/app/src/main/java/com/seafile/seadroid2/ui/repo/RepoViewModel.kt:731:17 Only safe (?.) or non-null asserted (!!.) calls are allowed on a nullable receiver of type 'com.seafile.seadroid2.framework.http.HttpIO?'.
e: file:///Users/HONGBGU/Documents/seadroid/app/src/main/java/com/seafile/seadroid2/ui/repo/RepoViewModel.kt:731:43 Argument type mismatch: actual type is 'java.lang.Class<com.seafile.seadroid2.ui.star.StarredService>', but 'java.lang.Class<T?>' was expected.
e: file:///Users/HONGBGU/Documents/seadroid/app/src/main/java/com/seafile/seadroid2/ui/repo/RepoViewModel.kt:731:70 Only safe (?.) or non-null asserted (!!.) calls are allowed on a nullable receiver of type 'com.seafile.seadroid2.ui.star.StarredService?'.
e: file:///Users/HONGBGU/Documents/seadroid/app/src/main/java/com/seafile/seadroid2/ui/repo/RepoViewModel.kt:749:30 None of the following candidates is applicable:
@SinceKotlin(...) @InlineOnly() fun <V> KMutableProperty0<V>.setValue(thisRef: Any?, property: KProperty<*>, value: V): Unit
@SinceKotlin(...) @InlineOnly() fun <T, V> KMutableProperty1<T, V>.setValue(thisRef: T, property: KProperty<*>, value: V): Unit
@InlineOnly() fun <V> MutableMap<in String, in V>.setValue(thisRef: Any?, property: KProperty<*>, value: V): Unit
e: file:///Users/HONGBGU/Documents/seadroid/app/src/main/java/com/seafile/seadroid2/ui/repo/RepoViewModel.kt:751:78 Only safe (?.) or non-null asserted (!!.) calls are allowed on a nullable receiver of type 'com.seafile.seadroid2.account.SupportAccountManager?'.
e: file:///Users/HONGBGU/Documents/seadroid/app/src/main/java/com/seafile/seadroid2/ui/repo/RepoViewModel.kt:754:13 Initializer type mismatch: expected 'io.reactivex.Single<com.seafile.seadroid2.framework.model.search.SearchWrapperModel?>', actual 'io.reactivex.Single<com.seafile.seadroid2.framework.model.search.SearchWrapperModel?>?'.
e: file:///Users/HONGBGU/Documents/seadroid/app/src/main/java/com/seafile/seadroid2/ui/repo/RepoViewModel.kt:754:50 Only safe (?.) or non-null asserted (!!.) calls are allowed on a nullable receiver of type 'com.seafile.seadroid2.framework.http.HttpIO?'.
e: file:///Users/HONGBGU/Documents/seadroid/app/src/main/java/com/seafile/seadroid2/ui/repo/RepoViewModel.kt:754:75 Argument type mismatch: actual type is 'java.lang.Class<com.seafile.seadroid2.ui.search.SearchService>', but 'java.lang.Class<T?>' was expected.
e: file:///Users/HONGBGU/Documents/seadroid/app/src/main/java/com/seafile/seadroid2/ui/repo/RepoViewModel.kt:755:17 Only safe (?.) or non-null asserted (!!.) calls are allowed on a nullable receiver of type 'com.seafile.seadroid2.ui.search.SearchService?'.
e: file:///Users/HONGBGU/Documents/seadroid/app/src/main/java/com/seafile/seadroid2/ui/repo/RepoViewModel.kt:761:42 None of the following candidates is applicable:
@SinceKotlin(...) @InlineOnly() fun <V> KMutableProperty0<V>.setValue(thisRef: Any?, property: KProperty<*>, value: V): Unit
@SinceKotlin(...) @InlineOnly() fun <T, V> KMutableProperty1<T, V>.setValue(thisRef: T, property: KProperty<*>, value: V): Unit
@InlineOnly() fun <V> MutableMap<in String, in V>.setValue(thisRef: Any?, property: KProperty<*>, value: V): Unit
e: file:///Users/HONGBGU/Documents/seadroid/app/src/main/java/com/seafile/seadroid2/ui/repo/RepoViewModel.kt:780:50 Argument type mismatch: actual type is 'kotlin.collections.MutableList<com.seafile.seadroid2.framework.model.search.SearchModel>', but 'kotlin.collections.MutableList<com.seafile.seadroid2.framework.model.search.SearchModel?>?' was expected.
e: file:///Users/HONGBGU/Documents/seadroid/app/src/main/java/com/seafile/seadroid2/ui/repo/RepoViewModel.kt:781:38 None of the following candidates is applicable:
@SinceKotlin(...) @InlineOnly() fun <V> KMutableProperty0<V>.setValue(thisRef: Any?, property: KProperty<*>, value: V): Unit
@SinceKotlin(...) @InlineOnly() fun <T, V> KMutableProperty1<T, V>.setValue(thisRef: T, property: KProperty<*>, value: V): Unit
@InlineOnly() fun <V> MutableMap<in String, in V>.setValue(thisRef: Any?, property: KProperty<*>, value: V): Unit
e: file:///Users/HONGBGU/Documents/seadroid/app/src/main/java/com/seafile/seadroid2/ui/repo/RepoViewModel.kt:786:44 None of the following candidates is applicable:
@SinceKotlin(...) @InlineOnly() fun <V> KMutableProperty0<V>.setValue(thisRef: Any?, property: KProperty<*>, value: V): Unit
@SinceKotlin(...) @InlineOnly() fun <T, V> KMutableProperty1<T, V>.setValue(thisRef: T, property: KProperty<*>, value: V): Unit
@InlineOnly() fun <V> MutableMap<in String, in V>.setValue(thisRef: Any?, property: KProperty<*>, value: V): Unit
e: file:///Users/HONGBGU/Documents/seadroid/app/src/main/java/com/seafile/seadroid2/ui/repo/RepoViewModel.kt:788:38 None of the following candidates is applicable:
@SinceKotlin(...) @InlineOnly() fun <V> KMutableProperty0<V>.setValue(thisRef: Any?, property: KProperty<*>, value: V): Unit
@SinceKotlin(...) @InlineOnly() fun <T, V> KMutableProperty1<T, V>.setValue(thisRef: T, property: KProperty<*>, value: V): Unit
@InlineOnly() fun <V> MutableMap<in String, in V>.setValue(thisRef: Any?, property: KProperty<*>, value: V): Unit
e: file:///Users/HONGBGU/Documents/seadroid/app/src/main/java/com/seafile/seadroid2/ui/repo/RepoViewModel.kt:796:36 None of the following candidates is applicable:
@SinceKotlin(...) @InlineOnly() fun <V> KMutableProperty0<V>.setValue(thisRef: Any?, property: KProperty<*>, value: V): Unit
@SinceKotlin(...) @InlineOnly() fun <T, V> KMutableProperty1<T, V>.setValue(thisRef: T, property: KProperty<*>, value: V): Unit
@InlineOnly() fun <V> MutableMap<in String, in V>.setValue(thisRef: Any?, property: KProperty<*>, value: V): Unit
e: file:///Users/HONGBGU/Documents/seadroid/app/src/main/java/com/seafile/seadroid2/ui/repo/RepoViewModel.kt:806:21 Initializer type mismatch: expected 'kotlin.collections.MutableList<com.seafile.seadroid2.framework.db.entities.DirentModel>?', actual 'kotlin.collections.MutableList<com.seafile.seadroid2.framework.db.entities.DirentModel?>?'.
e: file:///Users/HONGBGU/Documents/seadroid/app/src/main/java/com/seafile/seadroid2/ui/repo/RepoViewModel.kt:806:56 Only safe (?.) or non-null asserted (!!.) calls are allowed on a nullable receiver of type 'com.seafile.seadroid2.framework.db.AppDatabase?'.
e: file:///Users/HONGBGU/Documents/seadroid/app/src/main/java/com/seafile/seadroid2/ui/repo/RepoViewModel.kt:806:68 Only safe (?.) or non-null asserted (!!.) calls are allowed on a nullable receiver of type 'com.seafile.seadroid2.framework.db.dao.DirentDAO?'.
e: file:///Users/HONGBGU/Documents/seadroid/app/src/main/java/com/seafile/seadroid2/ui/repo/RepoViewModel.kt:819:33 Argument type mismatch: actual type is 'kotlin.collections.MutableList<com.seafile.seadroid2.framework.model.dirents.DirentRecursiveFileModel?>?', but 'kotlin.collections.MutableList<com.seafile.seadroid2.framework.model.dirents.DirentRecursiveFileModel>?' was expected.
e: file:///Users/HONGBGU/Documents/seadroid/app/src/main/java/com/seafile/seadroid2/ui/repo/RepoViewModel.kt:836:44 None of the following candidates is applicable:
@SinceKotlin(...) @InlineOnly() fun <V> KMutableProperty0<V>.setValue(thisRef: Any?, property: KProperty<*>, value: V): Unit
@SinceKotlin(...) @InlineOnly() fun <T, V> KMutableProperty1<T, V>.setValue(thisRef: T, property: KProperty<*>, value: V): Unit
@InlineOnly() fun <V> MutableMap<in String, in V>.setValue(thisRef: Any?, property: KProperty<*>, value: V): Unit
e: file:///Users/HONGBGU/Documents/seadroid/app/src/main/java/com/seafile/seadroid2/ui/repo/RepoViewModel.kt:839:61 Only safe (?.) or non-null asserted (!!.) calls are allowed on a nullable receiver of type 'com.seafile.seadroid2.framework.service.BackupThreadExecutor?'.
e: file:///Users/HONGBGU/Documents/seadroid/app/src/main/java/com/seafile/seadroid2/ui/repo/sheetaction/BottomSheetActionView.kt:61:42 Argument type mismatch: actual type is 'com.chad.library.adapter4.BaseQuickAdapter.OnItemClickListener<T>', but 'com.chad.library.adapter4.BaseQuickAdapter.OnItemClickListener<android.view.MenuItem?>?' was expected.
e: file:///Users/HONGBGU/Documents/seadroid/app/src/main/java/com/seafile/seadroid2/ui/repo/sheetaction/BottomSheetActionView.kt:61:79 Argument type mismatch: actual type is 'kotlin.Function3<com.chad.library.adapter4.BaseQuickAdapter<android.view.MenuItem?, *>?, android.view.View?, kotlin.Int, kotlin.Unit>', but 'kotlin.Function3<com.chad.library.adapter4.BaseQuickAdapter<T, *>, android.view.View, kotlin.Int, kotlin.Unit>' was expected.
e: file:///Users/HONGBGU/Documents/seadroid/app/src/main/java/com/seafile/seadroid2/ui/repo/sheetaction/BottomSheetActionView.kt:61:116 Type argument is not within its bounds: should be subtype of 'kotlin.Any'.
e: file:///Users/HONGBGU/Documents/seadroid/app/src/main/java/com/seafile/seadroid2/ui/repo/sheetaction/BottomSheetActionView.kt:64:17 'return' is prohibited here.
e: file:///Users/HONGBGU/Documents/seadroid/app/src/main/java/com/seafile/seadroid2/ui/repo/sheetaction/BottomSheetActionView.kt:69:17 'return' is prohibited here.
e: file:///Users/HONGBGU/Documents/seadroid/app/src/main/java/com/seafile/seadroid2/ui/repo/sheetaction/BottomSheetActionViewPager.kt:117:25 Assignment type mismatch: actual type is 'kotlin.collections.MutableList<android.view.MenuItem?>', but 'kotlin.collections.MutableList<android.view.MenuItem>?' was expected.
e: file:///Users/HONGBGU/Documents/seadroid/app/src/main/java/com/seafile/seadroid2/ui/repo/sheetaction/BottomSheetActionViewPager.kt:119:25 Assignment type mismatch: actual type is 'kotlin.collections.MutableList<android.view.MenuItem?>', but 'kotlin.collections.MutableList<android.view.MenuItem>?' was expected.
e: file:///Users/HONGBGU/Documents/seadroid/app/src/main/java/com/seafile/seadroid2/ui/repo/sheetaction/BottomSheetMenuManager.kt:86:54 Argument type mismatch: actual type is 'android.app.Activity?', but 'android.app.Activity' was expected.
e: file:///Users/HONGBGU/Documents/seadroid/app/src/main/java/com/seafile/seadroid2/ui/repo/sheetaction/BottomSheetMenuManager.kt:118:21 Initializer type mismatch: expected 'io.reactivex.Single<kotlin.collections.MutableList<com.seafile.seadroid2.framework.db.entities.PermissionEntity?>?>', actual 'io.reactivex.Single<kotlin.collections.MutableList<com.seafile.seadroid2.framework.db.entities.PermissionEntity?>?>?'.
e: file:///Users/HONGBGU/Documents/seadroid/app/src/main/java/com/seafile/seadroid2/ui/repo/sheetaction/BottomSheetMenuManager.kt:118:56 Only safe (?.) or non-null asserted (!!.) calls are allowed on a nullable receiver of type 'com.seafile.seadroid2.framework.db.AppDatabase?'.
e: file:///Users/HONGBGU/Documents/seadroid/app/src/main/java/com/seafile/seadroid2/ui/repo/sheetaction/BottomSheetMenuManager.kt:119:25 Only safe (?.) or non-null asserted (!!.) calls are allowed on a nullable receiver of type 'com.seafile.seadroid2.framework.db.dao.PermissionDAO?'.
e: file:///Users/HONGBGU/Documents/seadroid/app/src/main/java/com/seafile/seadroid2/ui/repo/sheetaction/BottomSheetMenuManager.kt:153:25 None of the following candidates is applicable:
constructor(repoId: String, p: PermissionParentModel): PermissionEntity
constructor(repoId: String, permission: String): PermissionEntity
e: file:///Users/HONGBGU/Documents/seadroid/app/src/main/java/com/seafile/seadroid2/ui/repo/sheetaction/BottomSheetMenuManager.kt:187:29 One type argument expected for class 'Single'.
e: file:///Users/HONGBGU/Documents/seadroid/app/src/main/java/com/seafile/seadroid2/ui/repo/sheetaction/BottomSheetMenuManager.kt:190:17 Initializer type mismatch: expected 'io.reactivex.Single<kotlin.collections.MutableList<com.seafile.seadroid2.framework.db.entities.PermissionEntity?>?>', actual 'io.reactivex.Single<kotlin.collections.MutableList<com.seafile.seadroid2.framework.db.entities.PermissionEntity?>?>?'.
e: file:///Users/HONGBGU/Documents/seadroid/app/src/main/java/com/seafile/seadroid2/ui/repo/sheetaction/BottomSheetMenuManager.kt:190:52 Only safe (?.) or non-null asserted (!!.) calls are allowed on a nullable receiver of type 'com.seafile.seadroid2.framework.db.AppDatabase?'.
e: file:///Users/HONGBGU/Documents/seadroid/app/src/main/java/com/seafile/seadroid2/ui/repo/sheetaction/BottomSheetMenuManager.kt:191:21 Only safe (?.) or non-null asserted (!!.) calls are allowed on a nullable receiver of type 'com.seafile.seadroid2.framework.db.dao.PermissionDAO?'.
e: file:///Users/HONGBGU/Documents/seadroid/app/src/main/java/com/seafile/seadroid2/ui/repo/sheetaction/BottomSheetMenuManager.kt:192:74 Class '<anonymous>' is not abstract and does not implement abstract member 'apply'.
e: file:///Users/HONGBGU/Documents/seadroid/app/src/main/java/com/seafile/seadroid2/ui/repo/sheetaction/BottomSheetMenuManager.kt:195:17 'apply' overrides nothing.
e: file:///Users/HONGBGU/Documents/seadroid/app/src/main/java/com/seafile/seadroid2/ui/repo/sheetaction/BottomSheetMenuManager.kt:207:17 None of the following candidates is applicable:
constructor(repoId: String, p: PermissionParentModel): PermissionEntity
constructor(repoId: String, permission: String): PermissionEntity
e: file:///Users/HONGBGU/Documents/seadroid/app/src/main/java/com/seafile/seadroid2/ui/repo/sheetaction/BottomSheetMenuManager.kt:214:46 Class '<anonymous>' is not abstract and does not implement abstract member 'accept'.
e: file:///Users/HONGBGU/Documents/seadroid/app/src/main/java/com/seafile/seadroid2/ui/repo/sheetaction/BottomSheetMenuManager.kt:216:13 'accept' overrides nothing.
e: file:///Users/HONGBGU/Documents/seadroid/app/src/main/java/com/seafile/seadroid2/ui/repo/sheetaction/BottomSheetMenuManager.kt:238:33 None of the following candidates is applicable:
constructor(repoId: String, p: PermissionParentModel): PermissionEntity
constructor(repoId: String, permission: String): PermissionEntity
e: file:///Users/HONGBGU/Documents/seadroid/app/src/main/java/com/seafile/seadroid2/ui/repo/sheetaction/BottomSheetMenuManager.kt:253:48 None of the following candidates is applicable:
constructor(repoId: String, p: PermissionParentModel): PermissionEntity
constructor(repoId: String, permission: String): PermissionEntity
e: file:///Users/HONGBGU/Documents/seadroid/app/src/main/java/com/seafile/seadroid2/ui/repo/sheetaction/BottomSheetMenuManager.kt:256:33 None of the following candidates is applicable:
constructor(repoId: String, p: PermissionParentModel): PermissionEntity
constructor(repoId: String, permission: String): PermissionEntity
e: file:///Users/HONGBGU/Documents/seadroid/app/src/main/java/com/seafile/seadroid2/ui/repo/sheetaction/BottomSheetMenuManager.kt:279:30 Argument type mismatch: actual type is 'kotlin.collections.MutableList<android.view.MenuItem>', but 'kotlin.collections.MutableList<android.view.MenuItem?>?' was expected.
e: file:///Users/HONGBGU/Documents/seadroid/app/src/main/java/com/seafile/seadroid2/ui/repo/sheetaction/BottomSheetMenuManager.kt:289:30 Argument type mismatch: actual type is 'kotlin.collections.MutableList<android.view.MenuItem>', but 'kotlin.collections.MutableList<android.view.MenuItem?>?' was expected.
e: file:///Users/HONGBGU/Documents/seadroid/app/src/main/java/com/seafile/seadroid2/ui/repo/sheetaction/BottomSheetMenuManager.kt:386:31 Argument type mismatch: actual type is 'android.content.Context?', but 'android.content.Context' was expected.
e: file:///Users/HONGBGU/Documents/seadroid/app/src/main/java/com/seafile/seadroid2/ui/repo/sheetaction/BottomSheetMenuManager.kt:393:23 Argument type mismatch: actual type is 'android.view.MenuItem?', but 'android.view.MenuItem' was expected.
e: file:///Users/HONGBGU/Documents/seadroid/app/src/main/java/com/seafile/seadroid2/ui/sdoc/SDocViewModel.kt:46:36 None of the following candidates is applicable:
@SinceKotlin(...) @InlineOnly() fun <V> KMutableProperty0<V>.setValue(thisRef: Any?, property: KProperty<*>, value: V): Unit
@SinceKotlin(...) @InlineOnly() fun <T, V> KMutableProperty1<T, V>.setValue(thisRef: T, property: KProperty<*>, value: V): Unit
@InlineOnly() fun <V> MutableMap<in String, in V>.setValue(thisRef: Any?, property: KProperty<*>, value: V): Unit
e: file:///Users/HONGBGU/Documents/seadroid/app/src/main/java/com/seafile/seadroid2/ui/sdoc/SDocViewModel.kt:50:50 Only safe (?.) or non-null asserted (!!.) calls are allowed on a nullable receiver of type 'com.seafile.seadroid2.framework.http.HttpIO?'.
e: file:///Users/HONGBGU/Documents/seadroid/app/src/main/java/com/seafile/seadroid2/ui/sdoc/SDocViewModel.kt:50:73 Argument type mismatch: actual type is 'java.lang.Class<com.seafile.seadroid2.ui.sdoc.SDocService>', but 'java.lang.Class<T?>' was expected.
e: file:///Users/HONGBGU/Documents/seadroid/app/src/main/java/com/seafile/seadroid2/ui/sdoc/SDocViewModel.kt:51:17 Only safe (?.) or non-null asserted (!!.) calls are allowed on a nullable receiver of type 'com.seafile.seadroid2.ui.sdoc.SDocService?'.
e: file:///Users/HONGBGU/Documents/seadroid/app/src/main/java/com/seafile/seadroid2/ui/sdoc/SDocViewModel.kt:51:37 Only safe (?.) or non-null asserted (!!.) calls are allowed on a nullable receiver of type 'io.reactivex.Single<com.seafile.seadroid2.framework.model.sdoc.MetadataConfigModel?>?'.
e: file:///Users/HONGBGU/Documents/seadroid/app/src/main/java/com/seafile/seadroid2/ui/sdoc/SDocViewModel.kt:53:13 Initializer type mismatch: expected 'io.reactivex.Single<com.seafile.seadroid2.framework.model.sdoc.FileDetailModel?>', actual 'io.reactivex.Single<com.seafile.seadroid2.framework.model.sdoc.FileDetailModel?>?'.
e: file:///Users/HONGBGU/Documents/seadroid/app/src/main/java/com/seafile/seadroid2/ui/sdoc/SDocViewModel.kt:53:50 Only safe (?.) or non-null asserted (!!.) calls are allowed on a nullable receiver of type 'com.seafile.seadroid2.framework.http.HttpIO?'.
e: file:///Users/HONGBGU/Documents/seadroid/app/src/main/java/com/seafile/seadroid2/ui/sdoc/SDocViewModel.kt:53:73 Argument type mismatch: actual type is 'java.lang.Class<com.seafile.seadroid2.ui.sdoc.SDocService>', but 'java.lang.Class<T?>' was expected.
e: file:///Users/HONGBGU/Documents/seadroid/app/src/main/java/com/seafile/seadroid2/ui/sdoc/SDocViewModel.kt:54:17 Only safe (?.) or non-null asserted (!!.) calls are allowed on a nullable receiver of type 'com.seafile.seadroid2.ui.sdoc.SDocService?'.
e: file:///Users/HONGBGU/Documents/seadroid/app/src/main/java/com/seafile/seadroid2/ui/sdoc/SDocViewModel.kt:59:13 Class '<anonymous>' is not abstract and does not implement abstract member 'apply'.
e: file:///Users/HONGBGU/Documents/seadroid/app/src/main/java/com/seafile/seadroid2/ui/sdoc/SDocViewModel.kt:60:17 'apply' overrides nothing.
e: file:///Users/HONGBGU/Documents/seadroid/app/src/main/java/com/seafile/seadroid2/ui/sdoc/SDocViewModel.kt:97:29 Only safe (?.) or non-null asserted (!!.) calls are allowed on a nullable receiver of type 'com.seafile.seadroid2.framework.http.HttpIO?'.
e: file:///Users/HONGBGU/Documents/seadroid/app/src/main/java/com/seafile/seadroid2/ui/sdoc/SDocViewModel.kt:97:52 Argument type mismatch: actual type is 'java.lang.Class<com.seafile.seadroid2.ui.sdoc.SDocService>', but 'java.lang.Class<T?>' was expected.
e: file:///Users/HONGBGU/Documents/seadroid/app/src/main/java/com/seafile/seadroid2/ui/sdoc/SDocViewModel.kt:97:76 Only safe (?.) or non-null asserted (!!.) calls are allowed on a nullable receiver of type 'com.seafile.seadroid2.ui.sdoc.SDocService?'.
e: file:///Users/HONGBGU/Documents/seadroid/app/src/main/java/com/seafile/seadroid2/ui/sdoc/SDocViewModel.kt:102:29 Only safe (?.) or non-null asserted (!!.) calls are allowed on a nullable receiver of type 'com.seafile.seadroid2.framework.http.HttpIO?'.
e: file:///Users/HONGBGU/Documents/seadroid/app/src/main/java/com/seafile/seadroid2/ui/sdoc/SDocViewModel.kt:102:52 Argument type mismatch: actual type is 'java.lang.Class<com.seafile.seadroid2.ui.sdoc.SDocService>', but 'java.lang.Class<T?>' was expected.
e: file:///Users/HONGBGU/Documents/seadroid/app/src/main/java/com/seafile/seadroid2/ui/sdoc/SDocViewModel.kt:103:29 Only safe (?.) or non-null asserted (!!.) calls are allowed on a nullable receiver of type 'com.seafile.seadroid2.ui.sdoc.SDocService?'.
e: file:///Users/HONGBGU/Documents/seadroid/app/src/main/java/com/seafile/seadroid2/ui/sdoc/SDocViewModel.kt:110:29 Only safe (?.) or non-null asserted (!!.) calls are allowed on a nullable receiver of type 'com.seafile.seadroid2.framework.http.HttpIO?'.
e: file:///Users/HONGBGU/Documents/seadroid/app/src/main/java/com/seafile/seadroid2/ui/sdoc/SDocViewModel.kt:110:52 Argument type mismatch: actual type is 'java.lang.Class<com.seafile.seadroid2.ui.sdoc.SDocService>', but 'java.lang.Class<T?>' was expected.
e: file:///Users/HONGBGU/Documents/seadroid/app/src/main/java/com/seafile/seadroid2/ui/sdoc/SDocViewModel.kt:110:76 Only safe (?.) or non-null asserted (!!.) calls are allowed on a nullable receiver of type 'com.seafile.seadroid2.ui.sdoc.SDocService?'.
e: file:///Users/HONGBGU/Documents/seadroid/app/src/main/java/com/seafile/seadroid2/ui/sdoc/SDocViewModel.kt:156:44 None of the following candidates is applicable:
@SinceKotlin(...) @InlineOnly() fun <V> KMutableProperty0<V>.setValue(thisRef: Any?, property: KProperty<*>, value: V): Unit
@SinceKotlin(...) @InlineOnly() fun <T, V> KMutableProperty1<T, V>.setValue(thisRef: T, property: KProperty<*>, value: V): Unit
@InlineOnly() fun <V> MutableMap<in String, in V>.setValue(thisRef: Any?, property: KProperty<*>, value: V): Unit
e: file:///Users/HONGBGU/Documents/seadroid/app/src/main/java/com/seafile/seadroid2/ui/sdoc/SDocViewModel.kt:161:44 None of the following candidates is applicable:
@SinceKotlin(...) @InlineOnly() fun <V> KMutableProperty0<V>.setValue(thisRef: Any?, property: KProperty<*>, value: V): Unit
@SinceKotlin(...) @InlineOnly() fun <T, V> KMutableProperty1<T, V>.setValue(thisRef: T, property: KProperty<*>, value: V): Unit
@InlineOnly() fun <V> MutableMap<in String, in V>.setValue(thisRef: Any?, property: KProperty<*>, value: V): Unit
e: file:///Users/HONGBGU/Documents/seadroid/app/src/main/java/com/seafile/seadroid2/ui/sdoc/SDocViewModel.kt:162:52 Unresolved reference 'parseByThrowable'.
e: file:///Users/HONGBGU/Documents/seadroid/app/src/main/java/com/seafile/seadroid2/ui/sdoc/SDocViewModel.kt:172:30 None of the following candidates is applicable:
@SinceKotlin(...) @InlineOnly() fun <V> KMutableProperty0<V>.setValue(thisRef: Any?, property: KProperty<*>, value: V): Unit
@SinceKotlin(...) @InlineOnly() fun <T, V> KMutableProperty1<T, V>.setValue(thisRef: T, property: KProperty<*>, value: V): Unit
@InlineOnly() fun <V> MutableMap<in String, in V>.setValue(thisRef: Any?, property: KProperty<*>, value: V): Unit
e: file:///Users/HONGBGU/Documents/seadroid/app/src/main/java/com/seafile/seadroid2/ui/sdoc/SDocViewModel.kt:176:13 'val' cannot be reassigned.
e: file:///Users/HONGBGU/Documents/seadroid/app/src/main/java/com/seafile/seadroid2/ui/sdoc/SDocViewModel.kt:179:81 Only safe (?.) or non-null asserted (!!.) calls are allowed on a nullable receiver of type 'com.seafile.seadroid2.account.SupportAccountManager?'.
e: file:///Users/HONGBGU/Documents/seadroid/app/src/main/java/com/seafile/seadroid2/ui/sdoc/SDocViewModel.kt:185:13 Initializer type mismatch: expected 'io.reactivex.Single<com.seafile.seadroid2.framework.model.sdoc.SDocOutlineWrapperModel?>', actual 'io.reactivex.Single<com.seafile.seadroid2.framework.model.sdoc.SDocOutlineWrapperModel?>?'.
e: file:///Users/HONGBGU/Documents/seadroid/app/src/main/java/com/seafile/seadroid2/ui/sdoc/SDocViewModel.kt:186:17 Only safe (?.) or non-null asserted (!!.) calls are allowed on a nullable receiver of type 'com.seafile.seadroid2.framework.http.HttpIO?'.
e: file:///Users/HONGBGU/Documents/seadroid/app/src/main/java/com/seafile/seadroid2/ui/sdoc/SDocViewModel.kt:186:47 Argument type mismatch: actual type is 'java.lang.Class<com.seafile.seadroid2.ui.sdoc.DocsCommentService>', but 'java.lang.Class<T?>' was expected.
e: file:///Users/HONGBGU/Documents/seadroid/app/src/main/java/com/seafile/seadroid2/ui/sdoc/SDocViewModel.kt:187:17 Only safe (?.) or non-null asserted (!!.) calls are allowed on a nullable receiver of type 'com.seafile.seadroid2.ui.sdoc.DocsCommentService?'.
e: file:///Users/HONGBGU/Documents/seadroid/app/src/main/java/com/seafile/seadroid2/ui/sdoc/SDocViewModel.kt:197:61 Class '<anonymous>' is not abstract and does not implement abstract member 'test'.
e: file:///Users/HONGBGU/Documents/seadroid/app/src/main/java/com/seafile/seadroid2/ui/sdoc/SDocViewModel.kt:198:25 'test' overrides nothing.
e: file:///Users/HONGBGU/Documents/seadroid/app/src/main/java/com/seafile/seadroid2/ui/sdoc/SDocViewModel.kt:212:47 Class '<anonymous>' is not abstract and does not implement abstract member 'apply'.
e: file:///Users/HONGBGU/Documents/seadroid/app/src/main/java/com/seafile/seadroid2/ui/sdoc/SDocViewModel.kt:214:25 'apply' overrides nothing.
e: file:///Users/HONGBGU/Documents/seadroid/app/src/main/java/com/seafile/seadroid2/ui/sdoc/SDocViewModel.kt:226:80 Only safe (?.) or non-null asserted (!!.) calls are allowed on a nullable receiver of type 'kotlin.String?'.
e: file:///Users/HONGBGU/Documents/seadroid/app/src/main/java/com/seafile/seadroid2/ui/sdoc/SDocViewModel.kt:236:38 None of the following candidates is applicable:
@SinceKotlin(...) @InlineOnly() fun <V> KMutableProperty0<V>.setValue(thisRef: Any?, property: KProperty<*>, value: V): Unit
@SinceKotlin(...) @InlineOnly() fun <T, V> KMutableProperty1<T, V>.setValue(thisRef: T, property: KProperty<*>, value: V): Unit
@InlineOnly() fun <V> MutableMap<in String, in V>.setValue(thisRef: Any?, property: KProperty<*>, value: V): Unit
e: file:///Users/HONGBGU/Documents/seadroid/app/src/main/java/com/seafile/seadroid2/ui/sdoc/SDocViewModel.kt:242:38 None of the following candidates is applicable:
@SinceKotlin(...) @InlineOnly() fun <V> KMutableProperty0<V>.setValue(thisRef: Any?, property: KProperty<*>, value: V): Unit
@SinceKotlin(...) @InlineOnly() fun <T, V> KMutableProperty1<T, V>.setValue(thisRef: T, property: KProperty<*>, value: V): Unit
@InlineOnly() fun <V> MutableMap<in String, in V>.setValue(thisRef: Any?, property: KProperty<*>, value: V): Unit
e: file:///Users/HONGBGU/Documents/seadroid/app/src/main/java/com/seafile/seadroid2/ui/sdoc/SDocWebViewActivity.kt:159:78 Only safe (?.) or non-null asserted (!!.) calls are allowed on a nullable receiver of type 'com.seafile.seadroid2.account.SupportAccountManager?'.
e: file:///Users/HONGBGU/Documents/seadroid/app/src/main/java/com/seafile/seadroid2/ui/sdoc/SDocWebViewActivity.kt:169:16 Only safe (?.) or non-null asserted (!!.) calls are allowed on a nullable receiver of type 'androidx.appcompat.widget.Toolbar?'.
e: file:///Users/HONGBGU/Documents/seadroid/app/src/main/java/com/seafile/seadroid2/ui/sdoc/SDocWebViewActivity.kt:228:61 Argument type mismatch: actual type is 'kotlin.String?', but 'kotlin.String' was expected.
e: file:///Users/HONGBGU/Documents/seadroid/app/src/main/java/com/seafile/seadroid2/ui/sdoc/SDocWebViewActivity.kt:253:17 Class '<anonymous>' is not abstract and does not implement abstract base class member 'onProgress'.
e: file:///Users/HONGBGU/Documents/seadroid/app/src/main/java/com/seafile/seadroid2/ui/sdoc/SDocWebViewActivity.kt:264:21 'onProgress' overrides nothing.
e: file:///Users/HONGBGU/Documents/seadroid/app/src/main/java/com/seafile/seadroid2/ui/sdoc/SDocWebViewActivity.kt:266:44 One type argument expected for interface 'MutableList'.
e: file:///Users/HONGBGU/Documents/seadroid/app/src/main/java/com/seafile/seadroid2/ui/sdoc/SDocWebViewActivity.kt:308:53 Unresolved reference 'observe'.
e: file:///Users/HONGBGU/Documents/seadroid/app/src/main/java/com/seafile/seadroid2/ui/sdoc/SDocWebViewActivity.kt:308:67 Class '<anonymous>' is not abstract and does not implement abstract member 'onChanged'.
e: file:///Users/HONGBGU/Documents/seadroid/app/src/main/java/com/seafile/seadroid2/ui/sdoc/SDocWebViewActivity.kt:309:13 'onChanged' overrides nothing.
e: file:///Users/HONGBGU/Documents/seadroid/app/src/main/java/com/seafile/seadroid2/ui/sdoc/SDocWebViewActivity.kt:505:56 Only safe (?.) or non-null asserted (!!.) calls are allowed on a nullable receiver of type 'kotlin.String?'.
e: file:///Users/HONGBGU/Documents/seadroid/app/src/main/java/com/seafile/seadroid2/ui/sdoc/SDocWebViewActivity.kt:550:65 Only safe (?.) or non-null asserted (!!.) calls are allowed on a nullable receiver of type 'kotlin.String?'.
e: file:///Users/HONGBGU/Documents/seadroid/app/src/main/java/com/seafile/seadroid2/ui/sdoc/SDocWebViewActivity.kt:578:65 Only safe (?.) or non-null asserted (!!.) calls are allowed on a nullable receiver of type 'kotlin.String?'.
e: file:///Users/HONGBGU/Documents/seadroid/app/src/main/java/com/seafile/seadroid2/ui/sdoc/SDocWebViewActivity.kt:589:56 Class '<anonymous>' is not abstract and does not implement abstract member 'onReceivedError'.
e: file:///Users/HONGBGU/Documents/seadroid/app/src/main/java/com/seafile/seadroid2/ui/sdoc/SDocWebViewActivity.kt:627:9 'onReceivedError' overrides nothing.
e: file:///Users/HONGBGU/Documents/seadroid/app/src/main/java/com/seafile/seadroid2/ui/sdoc/SDocWebViewActivity.kt:645:9 'onReceivedHttpError' overrides nothing.
e: file:///Users/HONGBGU/Documents/seadroid/app/src/main/java/com/seafile/seadroid2/ui/sdoc/SDocWebViewActivity.kt:712:57 Argument type mismatch: actual type is 'kotlin.String?', but 'kotlin.String' was expected.
e: file:///Users/HONGBGU/Documents/seadroid/app/src/main/java/com/seafile/seadroid2/ui/sdoc/outline/SDocOutlineAdapter.kt:13:1 Class 'SDocOutlineAdapter' is not abstract and does not implement abstract base class member 'onBindViewHolder'.
e: file:///Users/HONGBGU/Documents/seadroid/app/src/main/java/com/seafile/seadroid2/ui/sdoc/outline/SDocOutlineAdapter.kt:25:5 'onBindViewHolder' overrides nothing.
e: file:///Users/HONGBGU/Documents/seadroid/app/src/main/java/com/seafile/seadroid2/ui/sdoc/outline/SDocOutlineDialog.kt:75:47 Type argument is not within its bounds: should be subtype of 'kotlin.Any'.
e: file:///Users/HONGBGU/Documents/seadroid/app/src/main/java/com/seafile/seadroid2/ui/sdoc/outline/SDocOutlineDialog.kt:77:56 Type argument is not within its bounds: should be subtype of 'kotlin.Any'.
e: file:///Users/HONGBGU/Documents/seadroid/app/src/main/java/com/seafile/seadroid2/ui/sdoc/outline/SDocOutlineDialog.kt:104:57 Class '<anonymous>' is not abstract and does not implement abstract member 'test'.
e: file:///Users/HONGBGU/Documents/seadroid/app/src/main/java/com/seafile/seadroid2/ui/sdoc/outline/SDocOutlineDialog.kt:105:13 'test' overrides nothing.
e: file:///Users/HONGBGU/Documents/seadroid/app/src/main/java/com/seafile/seadroid2/ui/sdoc/outline/SDocOutlineDialog.kt:116:35 Class '<anonymous>' is not abstract and does not implement abstract member 'apply'.
e: file:///Users/HONGBGU/Documents/seadroid/app/src/main/java/com/seafile/seadroid2/ui/sdoc/outline/SDocOutlineDialog.kt:117:13 'apply' overrides nothing.
e: file:///Users/HONGBGU/Documents/seadroid/app/src/main/java/com/seafile/seadroid2/ui/sdoc/outline/SDocOutlineDialog.kt:129:68 Only safe (?.) or non-null asserted (!!.) calls are allowed on a nullable receiver of type 'kotlin.String?'.
e: file:///Users/HONGBGU/Documents/seadroid/app/src/main/java/com/seafile/seadroid2/ui/sdoc/outline/SDocOutlineRemoteDialog.kt:35:45 None of the following candidates is applicable:
@MainThread() fun <T : ViewModel> get(modelClass: Class<T>): T
@MainThread() fun <T : ViewModel> get(modelClass: KClass<T>): T
e: file:///Users/HONGBGU/Documents/seadroid/app/src/main/java/com/seafile/seadroid2/ui/sdoc/outline/SDocOutlineRemoteDialog.kt:62:50 Type argument is not within its bounds: should be subtype of 'kotlin.Any'.
e: file:///Users/HONGBGU/Documents/seadroid/app/src/main/java/com/seafile/seadroid2/ui/sdoc/outline/SDocOutlineRemoteDialog.kt:64:52 Type argument is not within its bounds: should be subtype of 'kotlin.Any'.
e: file:///Users/HONGBGU/Documents/seadroid/app/src/main/java/com/seafile/seadroid2/ui/sdoc/outline/SDocOutlineRemoteDialog.kt:92:38 Argument type mismatch: actual type is 'com.seafile.seadroid2.framework.model.sdoc.SDocPageOptionsModel?', but 'com.seafile.seadroid2.framework.model.sdoc.SDocPageOptionsModel' was expected.
e: file:///Users/HONGBGU/Documents/seadroid/app/src/main/java/com/seafile/seadroid2/ui/selector/FolderSelectorActivity.kt:74:38 Only safe (?.) or non-null asserted (!!.) calls are allowed on a nullable receiver of type 'com.jeremyliao.liveeventbus.core.Observable<kotlin.String?>?'.
e: file:///Users/HONGBGU/Documents/seadroid/app/src/main/java/com/seafile/seadroid2/ui/selector/FolderSelectorActivity.kt:98:38 Only safe (?.) or non-null asserted (!!.) calls are allowed on a nullable receiver of type 'com.jeremyliao.liveeventbus.core.Observable<kotlin.String?>?'.
e: file:///Users/HONGBGU/Documents/seadroid/app/src/main/java/com/seafile/seadroid2/ui/selector/FolderSelectorActivity.kt:163:47 Unresolved reference 'observe'.
e: file:///Users/HONGBGU/Documents/seadroid/app/src/main/java/com/seafile/seadroid2/ui/selector/FolderSelectorActivity.kt:187:22 Assignment type mismatch: actual type is 'kotlin.collections.MutableList<com.seafile.seadroid2.framework.model.StorageInfo?>', but 'kotlin.collections.MutableList<com.seafile.seadroid2.framework.model.StorageInfo>?' was expected.
e: file:///Users/HONGBGU/Documents/seadroid/app/src/main/java/com/seafile/seadroid2/ui/selector/FolderSelectorActivity.kt:217:50 Interface 'interface OnItemClickListener<T> : Any' does not have constructors.
e: file:///Users/HONGBGU/Documents/seadroid/app/src/main/java/com/seafile/seadroid2/ui/selector/FolderSelectorActivity.kt:219:17 'return' is prohibited here.
e: file:///Users/HONGBGU/Documents/seadroid/app/src/main/java/com/seafile/seadroid2/ui/selector/FolderSelectorActivity.kt:238:56 Interface 'interface OnFileItemChangeListener : Any' does not have constructors.
e: file:///Users/HONGBGU/Documents/seadroid/app/src/main/java/com/seafile/seadroid2/ui/selector/FolderSelectorActivity.kt:246:51 Argument type mismatch: actual type is 'com.chad.library.adapter4.BaseQuickAdapter.OnItemClickListener<T>', but 'com.chad.library.adapter4.BaseQuickAdapter.OnItemClickListener<com.seafile.seadroid2.ui.selector.folder_selector.FileBean?>?' was expected.
e: file:///Users/HONGBGU/Documents/seadroid/app/src/main/java/com/seafile/seadroid2/ui/selector/FolderSelectorActivity.kt:246:88 Argument type mismatch: actual type is 'kotlin.Function3<com.chad.library.adapter4.BaseQuickAdapter<com.seafile.seadroid2.ui.selector.folder_selector.FileBean?, *>?, android.view.View?, kotlin.Int, kotlin.Unit>', but 'kotlin.Function3<com.chad.library.adapter4.BaseQuickAdapter<T, *>, android.view.View, kotlin.Int, kotlin.Unit>' was expected.
e: file:///Users/HONGBGU/Documents/seadroid/app/src/main/java/com/seafile/seadroid2/ui/selector/FolderSelectorActivity.kt:246:125 Type argument is not within its bounds: should be subtype of 'kotlin.Any'.
e: file:///Users/HONGBGU/Documents/seadroid/app/src/main/java/com/seafile/seadroid2/ui/selector/FolderSelectorActivity.kt:249:22 Only safe (?.) or non-null asserted (!!.) calls are allowed on a nullable receiver of type 'com.seafile.seadroid2.ui.selector.folder_selector.FileBean?'.
e: file:///Users/HONGBGU/Documents/seadroid/app/src/main/java/com/seafile/seadroid2/ui/selector/FolderSelectorActivity.kt:251:17 'return' is prohibited here.
e: file:///Users/HONGBGU/Documents/seadroid/app/src/main/java/com/seafile/seadroid2/ui/selector/FolderSelectorActivity.kt:254:32 Only safe (?.) or non-null asserted (!!.) calls are allowed on a nullable receiver of type 'com.seafile.seadroid2.ui.selector.folder_selector.FileBean?'.
e: file:///Users/HONGBGU/Documents/seadroid/app/src/main/java/com/seafile/seadroid2/ui/selector/FolderSelectorActivity.kt:256:50 Only safe (?.) or non-null asserted (!!.) calls are allowed on a nullable receiver of type 'com.seafile.seadroid2.ui.selector.folder_selector.FileBean?'.
e: file:///Users/HONGBGU/Documents/seadroid/app/src/main/java/com/seafile/seadroid2/ui/selector/FolderSelectorActivity.kt:256:70 Only safe (?.) or non-null asserted (!!.) calls are allowed on a nullable receiver of type 'com.seafile.seadroid2.ui.selector.folder_selector.FileBean?'.
e: file:///Users/HONGBGU/Documents/seadroid/app/src/main/java/com/seafile/seadroid2/ui/selector/FolderSelectorActivity.kt:330:20 Only safe (?.) or non-null asserted (!!.) calls are allowed on a nullable receiver of type 'android.widget.TextView?'.
e: file:///Users/HONGBGU/Documents/seadroid/app/src/main/java/com/seafile/seadroid2/ui/selector/FolderSelectorActivity.kt:339:58 Argument type mismatch: actual type is 'kotlin.collections.MutableList<kotlin.String?>?', but 'kotlin.collections.MutableList<kotlin.String>?' was expected.
e: file:///Users/HONGBGU/Documents/seadroid/app/src/main/java/com/seafile/seadroid2/ui/selector/FolderSelectorActivity.kt:397:44 Only safe (?.) or non-null asserted (!!.) calls are allowed on a nullable receiver of type 'kotlin.String?'.
e: file:///Users/HONGBGU/Documents/seadroid/app/src/main/java/com/seafile/seadroid2/ui/selector/FolderSelectorActivity.kt:397:73 Only safe (?.) or non-null asserted (!!.) calls are allowed on a nullable receiver of type 'kotlin.String?'.
e: file:///Users/HONGBGU/Documents/seadroid/app/src/main/java/com/seafile/seadroid2/ui/selector/FolderSelectorActivity.kt:403:33 Argument type mismatch: actual type is 'kotlin.collections.MutableList<com.seafile.seadroid2.ui.selector.folder_selector.TabVolumeBean?>', but 'kotlin.collections.Collection<com.seafile.seadroid2.ui.selector.folder_selector.TabVolumeBean>' was expected.
e: file:///Users/HONGBGU/Documents/seadroid/app/src/main/java/com/seafile/seadroid2/ui/selector/ObjSelectorActivity.kt:84:73 Only safe (?.) or non-null asserted (!!.) calls are allowed on a nullable receiver of type 'com.seafile.seadroid2.account.SupportAccountManager?'.
e: file:///Users/HONGBGU/Documents/seadroid/app/src/main/java/com/seafile/seadroid2/ui/selector/ObjSelectorActivity.kt:97:16 Only safe (?.) or non-null asserted (!!.) calls are allowed on a nullable receiver of type 'androidx.appcompat.widget.Toolbar?'.
e: file:///Users/HONGBGU/Documents/seadroid/app/src/main/java/com/seafile/seadroid2/ui/selector/ObjSelectorActivity.kt:168:77 Only safe (?.) or non-null asserted (!!.) calls are allowed on a nullable receiver of type 'com.seafile.seadroid2.account.SupportAccountManager?'.
e: file:///Users/HONGBGU/Documents/seadroid/app/src/main/java/com/seafile/seadroid2/ui/selector/ObjSelectorActivity.kt:226:47 Unresolved reference 'observe'.
e: file:///Users/HONGBGU/Documents/seadroid/app/src/main/java/com/seafile/seadroid2/ui/selector/ObjSelectorActivity.kt:226:61 Class '<anonymous>' is not abstract and does not implement abstract member 'onChanged'.
e: file:///Users/HONGBGU/Documents/seadroid/app/src/main/java/com/seafile/seadroid2/ui/selector/ObjSelectorActivity.kt:227:13 'onChanged' overrides nothing.
e: file:///Users/HONGBGU/Documents/seadroid/app/src/main/java/com/seafile/seadroid2/ui/selector/ObjSelectorActivity.kt:245:19 Unresolved reference 'setOnItemClickListener'.
e: file:///Users/HONGBGU/Documents/seadroid/app/src/main/java/com/seafile/seadroid2/ui/selector/ObjSelectorActivity.kt:245:79 Argument type mismatch: actual type is 'kotlin.Function3<com.chad.library.adapter4.BaseQuickAdapter<com.seafile.seadroid2.framework.model.BaseModel?, *>?, android.view.View?, kotlin.Int, kotlin.Unit>', but 'kotlin.Function3<com.chad.library.adapter4.BaseQuickAdapter<T, *>, android.view.View, kotlin.Int, kotlin.Unit>' was expected.
e: file:///Users/HONGBGU/Documents/seadroid/app/src/main/java/com/seafile/seadroid2/ui/selector/ObjSelectorActivity.kt:245:116 Type argument is not within its bounds: should be subtype of 'kotlin.Any'.
e: file:///Users/HONGBGU/Documents/seadroid/app/src/main/java/com/seafile/seadroid2/ui/selector/ObjSelectorActivity.kt:246:39 Unresolved reference 'items'.
e: file:///Users/HONGBGU/Documents/seadroid/app/src/main/java/com/seafile/seadroid2/ui/selector/ObjSelectorActivity.kt:250:49 Argument type mismatch: actual type is 'com.seafile.seadroid2.ui.repo.RepoQuickAdapter', but 'com.chad.library.adapter4.BaseQuickAdapter<*, *>' was expected.
e: file:///Users/HONGBGU/Documents/seadroid/app/src/main/java/com/seafile/seadroid2/ui/selector/ObjSelectorActivity.kt:277:44 Unresolved reference 'items'.
e: file:///Users/HONGBGU/Documents/seadroid/app/src/main/java/com/seafile/seadroid2/ui/selector/ObjSelectorActivity.kt:277:64 Unresolved reference 'is_checked'.
e: file:///Users/HONGBGU/Documents/seadroid/app/src/main/java/com/seafile/seadroid2/ui/selector/ObjSelectorActivity.kt:372:13 Argument type mismatch: actual type is 'kotlin.String?', but 'kotlin.String' was expected.
e: file:///Users/HONGBGU/Documents/seadroid/app/src/main/java/com/seafile/seadroid2/ui/selector/ObjSelectorActivity.kt:374:13 Class '<anonymous>' is not abstract and does not implement abstract member 'accept'.
e: file:///Users/HONGBGU/Documents/seadroid/app/src/main/java/com/seafile/seadroid2/ui/selector/ObjSelectorActivity.kt:376:17 'accept' overrides nothing.
e: file:///Users/HONGBGU/Documents/seadroid/app/src/main/java/com/seafile/seadroid2/ui/selector/ObjSelectorActivity.kt:450:47 Argument type mismatch: actual type is 'com.seafile.seadroid2.account.Account?', but 'com.seafile.seadroid2.account.Account' was expected.
e: file:///Users/HONGBGU/Documents/seadroid/app/src/main/java/com/seafile/seadroid2/ui/selector/ObjSelectorActivity.kt:455:49 Argument type mismatch: actual type is 'com.seafile.seadroid2.account.Account?', but 'com.seafile.seadroid2.account.Account' was expected.
e: file:///Users/HONGBGU/Documents/seadroid/app/src/main/java/com/seafile/seadroid2/ui/selector/ObjSelectorActivity.kt:470:19 Unresolved reference 'submitList'.
e: file:///Users/HONGBGU/Documents/seadroid/app/src/main/java/com/seafile/seadroid2/ui/selector/ObjSelectorActivity.kt:472:16 Only safe (?.) or non-null asserted (!!.) calls are allowed on a nullable receiver of type 'android.widget.TextView?'.
e: file:///Users/HONGBGU/Documents/seadroid/app/src/main/java/com/seafile/seadroid2/ui/selector/ObjSelectorActivity.kt:473:19 Unresolved reference 'stateView'.
e: file:///Users/HONGBGU/Documents/seadroid/app/src/main/java/com/seafile/seadroid2/ui/selector/ObjSelectorActivity.kt:474:19 Unresolved reference 'isStateViewEnable'.
e: file:///Users/HONGBGU/Documents/seadroid/app/src/main/java/com/seafile/seadroid2/ui/selector/ObjSelectorActivity.kt:478:9 'when' expression must be exhaustive. Add the 'NOT_SELECTABLE' branch or an 'else' branch.
e: file:///Users/HONGBGU/Documents/seadroid/app/src/main/java/com/seafile/seadroid2/ui/selector/ObjSelectorActivity.kt:515:62 Only safe (?.) or non-null asserted (!!.) calls are allowed on a nullable receiver of type 'com.seafile.seadroid2.account.SupportAccountManager?'.
e: file:///Users/HONGBGU/Documents/seadroid/app/src/main/java/com/seafile/seadroid2/ui/selector/ObjSelectorActivity.kt:529:62 Only safe (?.) or non-null asserted (!!.) calls are allowed on a nullable receiver of type 'com.seafile.seadroid2.account.SupportAccountManager?'.
e: file:///Users/HONGBGU/Documents/seadroid/app/src/main/java/com/seafile/seadroid2/ui/selector/ObjSelectorViewModel.kt:39:13 Initializer type mismatch: expected 'io.reactivex.Single<kotlin.collections.MutableList<com.seafile.seadroid2.framework.db.entities.EncKeyCacheEntity?>?>', actual 'io.reactivex.Single<kotlin.collections.MutableList<com.seafile.seadroid2.framework.db.entities.EncKeyCacheEntity?>?>?'.
e: file:///Users/HONGBGU/Documents/seadroid/app/src/main/java/com/seafile/seadroid2/ui/selector/ObjSelectorViewModel.kt:39:48 Only safe (?.) or non-null asserted (!!.) calls are allowed on a nullable receiver of type 'com.seafile.seadroid2.framework.db.AppDatabase?'.
e: file:///Users/HONGBGU/Documents/seadroid/app/src/main/java/com/seafile/seadroid2/ui/selector/ObjSelectorViewModel.kt:39:65 Only safe (?.) or non-null asserted (!!.) calls are allowed on a nullable receiver of type 'com.seafile.seadroid2.framework.db.dao.EncKeyCacheDAO?'.
e: file:///Users/HONGBGU/Documents/seadroid/app/src/main/java/com/seafile/seadroid2/ui/selector/ObjSelectorViewModel.kt:56:58 Only safe (?.) or non-null asserted (!!.) calls are allowed on a nullable receiver of type 'com.seafile.seadroid2.account.SupportAccountManager?'.
e: file:///Users/HONGBGU/Documents/seadroid/app/src/main/java/com/seafile/seadroid2/ui/selector/ObjSelectorViewModel.kt:67:30 None of the following candidates is applicable:
@SinceKotlin(...) @InlineOnly() fun <V> KMutableProperty0<V>.setValue(thisRef: Any?, property: KProperty<*>, value: V): Unit
@SinceKotlin(...) @InlineOnly() fun <T, V> KMutableProperty1<T, V>.setValue(thisRef: T, property: KProperty<*>, value: V): Unit
@InlineOnly() fun <V> MutableMap<in String, in V>.setValue(thisRef: Any?, property: KProperty<*>, value: V): Unit
e: file:///Users/HONGBGU/Documents/seadroid/app/src/main/java/com/seafile/seadroid2/ui/selector/ObjSelectorViewModel.kt:78:30 None of the following candidates is applicable:
@SinceKotlin(...) @InlineOnly() fun <V> KMutableProperty0<V>.setValue(thisRef: Any?, property: KProperty<*>, value: V): Unit
@SinceKotlin(...) @InlineOnly() fun <T, V> KMutableProperty1<T, V>.setValue(thisRef: T, property: KProperty<*>, value: V): Unit
@InlineOnly() fun <V> MutableMap<in String, in V>.setValue(thisRef: Any?, property: KProperty<*>, value: V): Unit
e: file:///Users/HONGBGU/Documents/seadroid/app/src/main/java/com/seafile/seadroid2/ui/selector/ObjSelectorViewModel.kt:80:49 Initializer type mismatch: expected 'io.reactivex.Single<com.seafile.seadroid2.framework.model.repo.RepoWrapperModel?>', actual 'io.reactivex.Single<com.seafile.seadroid2.framework.model.repo.RepoWrapperModel?>?'.
e: file:///Users/HONGBGU/Documents/seadroid/app/src/main/java/com/seafile/seadroid2/ui/selector/ObjSelectorViewModel.kt:81:13 Only safe (?.) or non-null asserted (!!.) calls are allowed on a nullable receiver of type 'com.seafile.seadroid2.framework.http.HttpIO?'.
e: file:///Users/HONGBGU/Documents/seadroid/app/src/main/java/com/seafile/seadroid2/ui/selector/ObjSelectorViewModel.kt:81:36 Argument type mismatch: actual type is 'java.lang.Class<com.seafile.seadroid2.ui.repo.RepoService>', but 'java.lang.Class<T?>' was expected.
e: file:///Users/HONGBGU/Documents/seadroid/app/src/main/java/com/seafile/seadroid2/ui/selector/ObjSelectorViewModel.kt:81:60 Only safe (?.) or non-null asserted (!!.) calls are allowed on a nullable receiver of type 'com.seafile.seadroid2.ui.repo.RepoService?'.
e: file:///Users/HONGBGU/Documents/seadroid/app/src/main/java/com/seafile/seadroid2/ui/selector/ObjSelectorViewModel.kt:87:42 None of the following candidates is applicable:
@SinceKotlin(...) @InlineOnly() fun <V> KMutableProperty0<V>.setValue(thisRef: Any?, property: KProperty<*>, value: V): Unit
@SinceKotlin(...) @InlineOnly() fun <T, V> KMutableProperty1<T, V>.setValue(thisRef: T, property: KProperty<*>, value: V): Unit
@InlineOnly() fun <V> MutableMap<in String, in V>.setValue(thisRef: Any?, property: KProperty<*>, value: V): Unit
e: file:///Users/HONGBGU/Documents/seadroid/app/src/main/java/com/seafile/seadroid2/ui/selector/ObjSelectorViewModel.kt:103:38 None of the following candidates is applicable:
@SinceKotlin(...) @InlineOnly() fun <V> KMutableProperty0<V>.setValue(thisRef: Any?, property: KProperty<*>, value: V): Unit
@SinceKotlin(...) @InlineOnly() fun <T, V> KMutableProperty1<T, V>.setValue(thisRef: T, property: KProperty<*>, value: V): Unit
@InlineOnly() fun <V> MutableMap<in String, in V>.setValue(thisRef: Any?, property: KProperty<*>, value: V): Unit
e: file:///Users/HONGBGU/Documents/seadroid/app/src/main/java/com/seafile/seadroid2/ui/selector/ObjSelectorViewModel.kt:105:12 Class '<anonymous>' is not abstract and does not implement abstract member 'accept'.
e: file:///Users/HONGBGU/Documents/seadroid/app/src/main/java/com/seafile/seadroid2/ui/selector/ObjSelectorViewModel.kt:107:13 'accept' overrides nothing.
e: file:///Users/HONGBGU/Documents/seadroid/app/src/main/java/com/seafile/seadroid2/ui/selector/ObjSelectorViewModel.kt:114:30 None of the following candidates is applicable:
@SinceKotlin(...) @InlineOnly() fun <V> KMutableProperty0<V>.setValue(thisRef: Any?, property: KProperty<*>, value: V): Unit
@SinceKotlin(...) @InlineOnly() fun <T, V> KMutableProperty1<T, V>.setValue(thisRef: T, property: KProperty<*>, value: V): Unit
@InlineOnly() fun <V> MutableMap<in String, in V>.setValue(thisRef: Any?, property: KProperty<*>, value: V): Unit
e: file:///Users/HONGBGU/Documents/seadroid/app/src/main/java/com/seafile/seadroid2/ui/selector/ObjSelectorViewModel.kt:119:54 Initializer type mismatch: expected 'io.reactivex.Single<com.seafile.seadroid2.framework.model.repo.DirentWrapperModel?>', actual 'io.reactivex.Single<com.seafile.seadroid2.framework.model.repo.DirentWrapperModel?>?'.
e: file:///Users/HONGBGU/Documents/seadroid/app/src/main/java/com/seafile/seadroid2/ui/selector/ObjSelectorViewModel.kt:120:13 Only safe (?.) or non-null asserted (!!.) calls are allowed on a nullable receiver of type 'com.seafile.seadroid2.framework.http.HttpIO?'.
e: file:///Users/HONGBGU/Documents/seadroid/app/src/main/java/com/seafile/seadroid2/ui/selector/ObjSelectorViewModel.kt:120:36 Argument type mismatch: actual type is 'java.lang.Class<com.seafile.seadroid2.ui.repo.RepoService>', but 'java.lang.Class<T?>' was expected.
e: file:///Users/HONGBGU/Documents/seadroid/app/src/main/java/com/seafile/seadroid2/ui/selector/ObjSelectorViewModel.kt:120:60 Only safe (?.) or non-null asserted (!!.) calls are allowed on a nullable receiver of type 'com.seafile.seadroid2.ui.repo.RepoService?'.
e: file:///Users/HONGBGU/Documents/seadroid/app/src/main/java/com/seafile/seadroid2/ui/selector/ObjSelectorViewModel.kt:121:41 Class '<anonymous>' is not abstract and does not implement abstract member 'accept'.
e: file:///Users/HONGBGU/Documents/seadroid/app/src/main/java/com/seafile/seadroid2/ui/selector/ObjSelectorViewModel.kt:123:13 'accept' overrides nothing.
e: file:///Users/HONGBGU/Documents/seadroid/app/src/main/java/com/seafile/seadroid2/ui/selector/ObjSelectorViewModel.kt:135:46 Unresolved reference 'item_position'.
e: file:///Users/HONGBGU/Documents/seadroid/app/src/main/java/com/seafile/seadroid2/ui/selector/ObjSelectorViewModel.kt:137:46 Unresolved reference 'item_position'.
e: file:///Users/HONGBGU/Documents/seadroid/app/src/main/java/com/seafile/seadroid2/ui/selector/ObjSelectorViewModel.kt:138:69 Unresolved reference 'item_position'.
e: file:///Users/HONGBGU/Documents/seadroid/app/src/main/java/com/seafile/seadroid2/ui/selector/ObjSelectorViewModel.kt:142:48 None of the following candidates is applicable:
constructor<E>(p0: Int): ArrayList<E>
constructor<E>(@RecentlyNonNull() p0: (MutableCollection<out E!>..Collection<out E!>?)): ArrayList<E>
e: file:///Users/HONGBGU/Documents/seadroid/app/src/main/java/com/seafile/seadroid2/ui/selector/ObjSelectorViewModel.kt:143:38 None of the following candidates is applicable:
@SinceKotlin(...) @InlineOnly() fun <V> KMutableProperty0<V>.setValue(thisRef: Any?, property: KProperty<*>, value: V): Unit
@SinceKotlin(...) @InlineOnly() fun <T, V> KMutableProperty1<T, V>.setValue(thisRef: T, property: KProperty<*>, value: V): Unit
@InlineOnly() fun <V> MutableMap<in String, in V>.setValue(thisRef: Any?, property: KProperty<*>, value: V): Unit
e: file:///Users/HONGBGU/Documents/seadroid/app/src/main/java/com/seafile/seadroid2/ui/selector/ObjSelectorViewModel.kt:147:38 None of the following candidates is applicable:
@SinceKotlin(...) @InlineOnly() fun <V> KMutableProperty0<V>.setValue(thisRef: Any?, property: KProperty<*>, value: V): Unit
@SinceKotlin(...) @InlineOnly() fun <T, V> KMutableProperty1<T, V>.setValue(thisRef: T, property: KProperty<*>, value: V): Unit
@InlineOnly() fun <V> MutableMap<in String, in V>.setValue(thisRef: Any?, property: KProperty<*>, value: V): Unit
e: file:///Users/HONGBGU/Documents/seadroid/app/src/main/java/com/seafile/seadroid2/ui/selector/ObjSelectorViewModel.kt:148:40 None of the following candidates is applicable:
@SinceKotlin(...) @InlineOnly() fun <V> KMutableProperty0<V>.setValue(thisRef: Any?, property: KProperty<*>, value: V): Unit
@SinceKotlin(...) @InlineOnly() fun <T, V> KMutableProperty1<T, V>.setValue(thisRef: T, property: KProperty<*>, value: V): Unit
@InlineOnly() fun <V> MutableMap<in String, in V>.setValue(thisRef: Any?, property: KProperty<*>, value: V): Unit
e: file:///Users/HONGBGU/Documents/seadroid/app/src/main/java/com/seafile/seadroid2/ui/selector/ObjSelectorViewModel.kt:163:13 Initializer type mismatch: expected 'io.reactivex.Single<kotlin.collections.MutableList<com.seafile.seadroid2.framework.db.entities.PermissionEntity?>?>', actual 'io.reactivex.Single<kotlin.collections.MutableList<com.seafile.seadroid2.framework.db.entities.PermissionEntity?>?>?'.
e: file:///Users/HONGBGU/Documents/seadroid/app/src/main/java/com/seafile/seadroid2/ui/selector/ObjSelectorViewModel.kt:163:48 Only safe (?.) or non-null asserted (!!.) calls are allowed on a nullable receiver of type 'com.seafile.seadroid2.framework.db.AppDatabase?'.
e: file:///Users/HONGBGU/Documents/seadroid/app/src/main/java/com/seafile/seadroid2/ui/selector/ObjSelectorViewModel.kt:163:64 Only safe (?.) or non-null asserted (!!.) calls are allowed on a nullable receiver of type 'com.seafile.seadroid2.framework.db.dao.PermissionDAO?'.
e: file:///Users/HONGBGU/Documents/seadroid/app/src/main/java/com/seafile/seadroid2/ui/selector/ObjSelectorViewModel.kt:164:52 Class '<anonymous>' is not abstract and does not implement abstract member 'apply'.
e: file:///Users/HONGBGU/Documents/seadroid/app/src/main/java/com/seafile/seadroid2/ui/selector/ObjSelectorViewModel.kt:167:13 'apply' overrides nothing.
e: file:///Users/HONGBGU/Documents/seadroid/app/src/main/java/com/seafile/seadroid2/ui/selector/ObjSelectorViewModel.kt:183:53 Class '<anonymous>' is not abstract and does not implement abstract member 'apply'.
e: file:///Users/HONGBGU/Documents/seadroid/app/src/main/java/com/seafile/seadroid2/ui/selector/ObjSelectorViewModel.kt:186:21 'apply' overrides nothing.
e: file:///Users/HONGBGU/Documents/seadroid/app/src/main/java/com/seafile/seadroid2/ui/selector/ObjSelectorViewModel.kt:213:13 Initializer type mismatch: expected 'io.reactivex.Single<com.seafile.seadroid2.framework.model.permission.PermissionWrapperModel?>', actual 'io.reactivex.Single<com.seafile.seadroid2.framework.model.permission.PermissionWrapperModel?>?'.
e: file:///Users/HONGBGU/Documents/seadroid/app/src/main/java/com/seafile/seadroid2/ui/selector/ObjSelectorViewModel.kt:213:50 Only safe (?.) or non-null asserted (!!.) calls are allowed on a nullable receiver of type 'com.seafile.seadroid2.framework.http.HttpIO?'.
e: file:///Users/HONGBGU/Documents/seadroid/app/src/main/java/com/seafile/seadroid2/ui/selector/ObjSelectorViewModel.kt:213:73 Argument type mismatch: actual type is 'java.lang.Class<com.seafile.seadroid2.ui.repo.RepoService>', but 'java.lang.Class<T?>' was expected.
e: file:///Users/HONGBGU/Documents/seadroid/app/src/main/java/com/seafile/seadroid2/ui/selector/ObjSelectorViewModel.kt:214:17 Only safe (?.) or non-null asserted (!!.) calls are allowed on a nullable receiver of type 'com.seafile.seadroid2.ui.repo.RepoService?'.
e: file:///Users/HONGBGU/Documents/seadroid/app/src/main/java/com/seafile/seadroid2/ui/selector/ObjSelectorViewModel.kt:215:50 Class '<anonymous>' is not abstract and does not implement abstract member 'apply'.
e: file:///Users/HONGBGU/Documents/seadroid/app/src/main/java/com/seafile/seadroid2/ui/selector/ObjSelectorViewModel.kt:218:13 'apply' overrides nothing.
e: file:///Users/HONGBGU/Documents/seadroid/app/src/main/java/com/seafile/seadroid2/ui/selector/ObjSelectorViewModel.kt:224:52 Only safe (?.) or non-null asserted (!!.) calls are allowed on a nullable receiver of type 'com.seafile.seadroid2.framework.db.AppDatabase?'.
e: file:///Users/HONGBGU/Documents/seadroid/app/src/main/java/com/seafile/seadroid2/ui/selector/ObjSelectorViewModel.kt:224:68 Only safe (?.) or non-null asserted (!!.) calls are allowed on a nullable receiver of type 'com.seafile.seadroid2.framework.db.dao.PermissionDAO?'.
e: file:///Users/HONGBGU/Documents/seadroid/app/src/main/java/com/seafile/seadroid2/ui/selector/RepoSelectorFragment.kt:40:65 Only safe (?.) or non-null asserted (!!.) calls are allowed on a nullable receiver of type 'com.seafile.seadroid2.account.SupportAccountManager?'.
e: file:///Users/HONGBGU/Documents/seadroid/app/src/main/java/com/seafile/seadroid2/ui/selector/RepoSelectorFragment.kt:72:14 Unresolved reference 'observe'.
e: file:///Users/HONGBGU/Documents/seadroid/app/src/main/java/com/seafile/seadroid2/ui/selector/RepoSelectorFragment.kt:72:47 Class '<anonymous>' is not abstract and does not implement abstract member 'onChanged'.
e: file:///Users/HONGBGU/Documents/seadroid/app/src/main/java/com/seafile/seadroid2/ui/selector/RepoSelectorFragment.kt:73:17 'onChanged' overrides nothing.
e: file:///Users/HONGBGU/Documents/seadroid/app/src/main/java/com/seafile/seadroid2/ui/selector/RepoSelectorFragment.kt:92:16 Only safe (?.) or non-null asserted (!!.) calls are allowed on a nullable receiver of type 'android.widget.TextView?'.
e: file:///Users/HONGBGU/Documents/seadroid/app/src/main/java/com/seafile/seadroid2/ui/selector/RepoSelectorFragment.kt:94:19 Unresolved reference 'stateView'.
e: file:///Users/HONGBGU/Documents/seadroid/app/src/main/java/com/seafile/seadroid2/ui/selector/RepoSelectorFragment.kt:95:19 Unresolved reference 'isStateViewEnable'.
e: file:///Users/HONGBGU/Documents/seadroid/app/src/main/java/com/seafile/seadroid2/ui/selector/RepoSelectorFragment.kt:97:19 Unresolved reference 'setOnItemClickListener'.
e: file:///Users/HONGBGU/Documents/seadroid/app/src/main/java/com/seafile/seadroid2/ui/selector/RepoSelectorFragment.kt:97:79 Argument type mismatch: actual type is 'kotlin.Function3<com.chad.library.adapter4.BaseQuickAdapter<com.seafile.seadroid2.framework.model.BaseModel?, *>?, android.view.View?, kotlin.Int, kotlin.Unit>', but 'kotlin.Function3<com.chad.library.adapter4.BaseQuickAdapter<T, *>, android.view.View, kotlin.Int, kotlin.Unit>' was expected.
e: file:///Users/HONGBGU/Documents/seadroid/app/src/main/java/com/seafile/seadroid2/ui/selector/RepoSelectorFragment.kt:97:116 Type argument is not within its bounds: should be subtype of 'kotlin.Any'.
e: file:///Users/HONGBGU/Documents/seadroid/app/src/main/java/com/seafile/seadroid2/ui/selector/RepoSelectorFragment.kt:98:39 Unresolved reference 'items'.
e: file:///Users/HONGBGU/Documents/seadroid/app/src/main/java/com/seafile/seadroid2/ui/selector/RepoSelectorFragment.kt:102:49 Argument type mismatch: actual type is 'com.seafile.seadroid2.ui.repo.RepoQuickAdapter', but 'com.chad.library.adapter4.BaseQuickAdapter<*, *>' was expected.
e: file:///Users/HONGBGU/Documents/seadroid/app/src/main/java/com/seafile/seadroid2/ui/selector/RepoSelectorFragment.kt:108:23 Unresolved reference 'isStateViewEnable'.
e: file:///Users/HONGBGU/Documents/seadroid/app/src/main/java/com/seafile/seadroid2/ui/selector/RepoSelectorFragment.kt:109:23 Unresolved reference 'submitList'.
e: file:///Users/HONGBGU/Documents/seadroid/app/src/main/java/com/seafile/seadroid2/ui/selector/RepoSelectorFragment.kt:124:43 Argument type mismatch: actual type is 'com.seafile.seadroid2.account.Account?', but 'com.seafile.seadroid2.account.Account' was expected.
e: file:///Users/HONGBGU/Documents/seadroid/app/src/main/java/com/seafile/seadroid2/ui/selector/folder_selector/FileBean.kt:35:26 Assignment type mismatch: actual type is 'kotlin.Long?', but 'kotlin.Long' was expected.
e: file:///Users/HONGBGU/Documents/seadroid/app/src/main/java/com/seafile/seadroid2/ui/selector/folder_selector/FileListAdapter.kt:15:1 Class 'FileListAdapter' is not abstract and does not implement abstract base class member 'onBindViewHolder'.
e: file:///Users/HONGBGU/Documents/seadroid/app/src/main/java/com/seafile/seadroid2/ui/selector/folder_selector/FileListAdapter.kt:44:5 'onBindViewHolder' overrides nothing.
e: file:///Users/HONGBGU/Documents/seadroid/app/src/main/java/com/seafile/seadroid2/ui/selector/folder_selector/FileListAdapter.kt:45:26 Only safe (?.) or non-null asserted (!!.) calls are allowed on a nullable receiver of type 'android.widget.TextView?'.
e: file:///Users/HONGBGU/Documents/seadroid/app/src/main/java/com/seafile/seadroid2/ui/selector/folder_selector/FileListAdapter.kt:46:28 Only safe (?.) or non-null asserted (!!.) calls are allowed on a nullable receiver of type 'android.widget.ImageView?'.
e: file:///Users/HONGBGU/Documents/seadroid/app/src/main/java/com/seafile/seadroid2/ui/selector/folder_selector/FileListAdapter.kt:54:32 Only safe (?.) or non-null asserted (!!.) calls are allowed on a nullable receiver of type 'android.widget.TextView?'.
e: file:///Users/HONGBGU/Documents/seadroid/app/src/main/java/com/seafile/seadroid2/ui/selector/folder_selector/FileListAdapter.kt:55:30 Only safe (?.) or non-null asserted (!!.) calls are allowed on a nullable receiver of type 'android.widget.TextView?'.
e: file:///Users/HONGBGU/Documents/seadroid/app/src/main/java/com/seafile/seadroid2/ui/selector/folder_selector/FileListAdapter.kt:62:32 Only safe (?.) or non-null asserted (!!.) calls are allowed on a nullable receiver of type 'android.widget.TextView?'.
e: file:///Users/HONGBGU/Documents/seadroid/app/src/main/java/com/seafile/seadroid2/ui/selector/folder_selector/FileListAdapter.kt:68:30 Only safe (?.) or non-null asserted (!!.) calls are allowed on a nullable receiver of type 'android.widget.TextView?'.
e: file:///Users/HONGBGU/Documents/seadroid/app/src/main/java/com/seafile/seadroid2/ui/selector/folder_selector/FileListAdapter.kt:76:28 Only safe (?.) or non-null asserted (!!.) calls are allowed on a nullable receiver of type 'com.google.android.material.checkbox.MaterialCheckBox?'.
e: file:///Users/HONGBGU/Documents/seadroid/app/src/main/java/com/seafile/seadroid2/ui/selector/folder_selector/FileListAdapter.kt:78:28 Only safe (?.) or non-null asserted (!!.) calls are allowed on a nullable receiver of type 'com.google.android.material.checkbox.MaterialCheckBox?'.
e: file:///Users/HONGBGU/Documents/seadroid/app/src/main/java/com/seafile/seadroid2/ui/selector/folder_selector/FileListAdapter.kt:80:32 Only safe (?.) or non-null asserted (!!.) calls are allowed on a nullable receiver of type 'com.google.android.material.checkbox.MaterialCheckBox?'.
e: file:///Users/HONGBGU/Documents/seadroid/app/src/main/java/com/seafile/seadroid2/ui/selector/folder_selector/FileListAdapter.kt:82:32 Only safe (?.) or non-null asserted (!!.) calls are allowed on a nullable receiver of type 'com.google.android.material.checkbox.MaterialCheckBox?'.
e: file:///Users/HONGBGU/Documents/seadroid/app/src/main/java/com/seafile/seadroid2/ui/selector/folder_selector/FileListAdapter.kt:86:28 Only safe (?.) or non-null asserted (!!.) calls are allowed on a nullable receiver of type 'com.google.android.material.checkbox.MaterialCheckBox?'.
e: file:///Users/HONGBGU/Documents/seadroid/app/src/main/java/com/seafile/seadroid2/ui/selector/folder_selector/FileListAdapter.kt:100:24 Only safe (?.) or non-null asserted (!!.) calls are allowed on a nullable receiver of type 'com.seafile.seadroid2.ui.selector.folder_selector.FileBean?'.
e: file:///Users/HONGBGU/Documents/seadroid/app/src/main/java/com/seafile/seadroid2/ui/selector/folder_selector/FileListAdapter.kt:112:42 Only safe (?.) or non-null asserted (!!.) calls are allowed on a nullable receiver of type 'com.seafile.seadroid2.ui.selector.folder_selector.FileBean?'.
e: file:///Users/HONGBGU/Documents/seadroid/app/src/main/java/com/seafile/seadroid2/ui/selector/folder_selector/FileListAdapter.kt:113:25 Only safe (?.) or non-null asserted (!!.) calls are allowed on a nullable receiver of type 'com.seafile.seadroid2.ui.selector.folder_selector.FileBean?'.
e: file:///Users/HONGBGU/Documents/seadroid/app/src/main/java/com/seafile/seadroid2/ui/selector/folder_selector/FileListAdapter.kt:121:24 Only safe (?.) or non-null asserted (!!.) calls are allowed on a nullable receiver of type 'com.seafile.seadroid2.ui.selector.folder_selector.FileBean?'.
e: file:///Users/HONGBGU/Documents/seadroid/app/src/main/java/com/seafile/seadroid2/ui/selector/folder_selector/FileListAdapter.kt:129:25 Only safe (?.) or non-null asserted (!!.) calls are allowed on a nullable receiver of type 'com.seafile.seadroid2.ui.selector.folder_selector.FileBean?'.
e: file:///Users/HONGBGU/Documents/seadroid/app/src/main/java/com/seafile/seadroid2/ui/selector/folder_selector/FileListAdapter.kt:135:62 Only safe (?.) or non-null asserted (!!.) calls are allowed on a nullable receiver of type 'com.seafile.seadroid2.ui.selector.folder_selector.FileBean?'.
e: file:///Users/HONGBGU/Documents/seadroid/app/src/main/java/com/seafile/seadroid2/ui/selector/folder_selector/FileListAdapter.kt:137:28 Only safe (?.) or non-null asserted (!!.) calls are allowed on a nullable receiver of type 'com.seafile.seadroid2.ui.selector.folder_selector.FileBean?'.
e: file:///Users/HONGBGU/Documents/seadroid/app/src/main/java/com/seafile/seadroid2/ui/selector/folder_selector/FileListAdapter.kt:143:24 Only safe (?.) or non-null asserted (!!.) calls are allowed on a nullable receiver of type 'com.seafile.seadroid2.ui.selector.folder_selector.FileBean?'.
e: file:///Users/HONGBGU/Documents/seadroid/app/src/main/java/com/seafile/seadroid2/ui/selector/folder_selector/FileListAdapter.kt:149:24 Only safe (?.) or non-null asserted (!!.) calls are allowed on a nullable receiver of type 'com.seafile.seadroid2.ui.selector.folder_selector.FileBean?'.
e: file:///Users/HONGBGU/Documents/seadroid/app/src/main/java/com/seafile/seadroid2/ui/selector/folder_selector/FolderSelectorFragment.kt:60:38 Only safe (?.) or non-null asserted (!!.) calls are allowed on a nullable receiver of type 'com.jeremyliao.liveeventbus.core.Observable<kotlin.String?>?'.
e: file:///Users/HONGBGU/Documents/seadroid/app/src/main/java/com/seafile/seadroid2/ui/selector/folder_selector/FolderSelectorFragment.kt:75:38 Only safe (?.) or non-null asserted (!!.) calls are allowed on a nullable receiver of type 'com.jeremyliao.liveeventbus.core.Observable<kotlin.String?>?'.
e: file:///Users/HONGBGU/Documents/seadroid/app/src/main/java/com/seafile/seadroid2/ui/selector/folder_selector/FolderSelectorFragment.kt:131:14 Unresolved reference 'observe'.
e: file:///Users/HONGBGU/Documents/seadroid/app/src/main/java/com/seafile/seadroid2/ui/selector/folder_selector/FolderSelectorFragment.kt:143:22 Assignment type mismatch: actual type is 'kotlin.collections.MutableList<com.seafile.seadroid2.framework.model.StorageInfo?>', but 'kotlin.collections.MutableList<com.seafile.seadroid2.framework.model.StorageInfo>?' was expected.
e: file:///Users/HONGBGU/Documents/seadroid/app/src/main/java/com/seafile/seadroid2/ui/selector/folder_selector/FolderSelectorFragment.kt:180:50 Interface 'interface OnItemClickListener<T> : Any' does not have constructors.
e: file:///Users/HONGBGU/Documents/seadroid/app/src/main/java/com/seafile/seadroid2/ui/selector/folder_selector/FolderSelectorFragment.kt:182:17 'return' is prohibited here.
e: file:///Users/HONGBGU/Documents/seadroid/app/src/main/java/com/seafile/seadroid2/ui/selector/folder_selector/FolderSelectorFragment.kt:200:56 Interface 'interface OnFileItemChangeListener : Any' does not have constructors.
e: file:///Users/HONGBGU/Documents/seadroid/app/src/main/java/com/seafile/seadroid2/ui/selector/folder_selector/FolderSelectorFragment.kt:208:51 Argument type mismatch: actual type is 'com.chad.library.adapter4.BaseQuickAdapter.OnItemClickListener<T>', but 'com.chad.library.adapter4.BaseQuickAdapter.OnItemClickListener<com.seafile.seadroid2.ui.selector.folder_selector.FileBean?>?' was expected.
e: file:///Users/HONGBGU/Documents/seadroid/app/src/main/java/com/seafile/seadroid2/ui/selector/folder_selector/FolderSelectorFragment.kt:208:88 Argument type mismatch: actual type is 'kotlin.Function3<com.chad.library.adapter4.BaseQuickAdapter<com.seafile.seadroid2.ui.selector.folder_selector.FileBean?, *>?, android.view.View?, kotlin.Int, kotlin.Unit>', but 'kotlin.Function3<com.chad.library.adapter4.BaseQuickAdapter<T, *>, android.view.View, kotlin.Int, kotlin.Unit>' was expected.
e: file:///Users/HONGBGU/Documents/seadroid/app/src/main/java/com/seafile/seadroid2/ui/selector/folder_selector/FolderSelectorFragment.kt:208:125 Type argument is not within its bounds: should be subtype of 'kotlin.Any'.
e: file:///Users/HONGBGU/Documents/seadroid/app/src/main/java/com/seafile/seadroid2/ui/selector/folder_selector/FolderSelectorFragment.kt:211:22 Only safe (?.) or non-null asserted (!!.) calls are allowed on a nullable receiver of type 'com.seafile.seadroid2.ui.selector.folder_selector.FileBean?'.
e: file:///Users/HONGBGU/Documents/seadroid/app/src/main/java/com/seafile/seadroid2/ui/selector/folder_selector/FolderSelectorFragment.kt:213:17 'return' is prohibited here.
e: file:///Users/HONGBGU/Documents/seadroid/app/src/main/java/com/seafile/seadroid2/ui/selector/folder_selector/FolderSelectorFragment.kt:216:32 Only safe (?.) or non-null asserted (!!.) calls are allowed on a nullable receiver of type 'com.seafile.seadroid2.ui.selector.folder_selector.FileBean?'.
e: file:///Users/HONGBGU/Documents/seadroid/app/src/main/java/com/seafile/seadroid2/ui/selector/folder_selector/FolderSelectorFragment.kt:218:50 Only safe (?.) or non-null asserted (!!.) calls are allowed on a nullable receiver of type 'com.seafile.seadroid2.ui.selector.folder_selector.FileBean?'.
e: file:///Users/HONGBGU/Documents/seadroid/app/src/main/java/com/seafile/seadroid2/ui/selector/folder_selector/FolderSelectorFragment.kt:218:70 Only safe (?.) or non-null asserted (!!.) calls are allowed on a nullable receiver of type 'com.seafile.seadroid2.ui.selector.folder_selector.FileBean?'.
e: file:///Users/HONGBGU/Documents/seadroid/app/src/main/java/com/seafile/seadroid2/ui/selector/folder_selector/FolderSelectorFragment.kt:292:20 Only safe (?.) or non-null asserted (!!.) calls are allowed on a nullable receiver of type 'android.widget.TextView?'.
e: file:///Users/HONGBGU/Documents/seadroid/app/src/main/java/com/seafile/seadroid2/ui/selector/folder_selector/FolderSelectorFragment.kt:359:44 Only safe (?.) or non-null asserted (!!.) calls are allowed on a nullable receiver of type 'kotlin.String?'.
e: file:///Users/HONGBGU/Documents/seadroid/app/src/main/java/com/seafile/seadroid2/ui/selector/folder_selector/FolderSelectorFragment.kt:359:73 Only safe (?.) or non-null asserted (!!.) calls are allowed on a nullable receiver of type 'kotlin.String?'.
e: file:///Users/HONGBGU/Documents/seadroid/app/src/main/java/com/seafile/seadroid2/ui/selector/folder_selector/FolderSelectorFragment.kt:365:33 Argument type mismatch: actual type is 'kotlin.collections.MutableList<com.seafile.seadroid2.ui.selector.folder_selector.TabVolumeBean?>', but 'kotlin.collections.Collection<com.seafile.seadroid2.ui.selector.folder_selector.TabVolumeBean>' was expected.
e: file:///Users/HONGBGU/Documents/seadroid/app/src/main/java/com/seafile/seadroid2/ui/selector/folder_selector/FolderSelectorViewModel.kt:9:61 Cannot import 'equals'. Functions and properties can only be imported from packages or objects.
e: file:///Users/HONGBGU/Documents/seadroid/app/src/main/java/com/seafile/seadroid2/ui/selector/folder_selector/FolderSelectorViewModel.kt:10:65 Cannot import 'equals'. Functions and properties can only be imported from packages or objects.
e: file:///Users/HONGBGU/Documents/seadroid/app/src/main/java/com/seafile/seadroid2/ui/selector/folder_selector/FolderSelectorViewModel.kt:46:45 Initializer type mismatch: expected 'kotlin.collections.MutableList<kotlin.String>?', actual 'kotlin.collections.MutableList<kotlin.String?>'.
e: file:///Users/HONGBGU/Documents/seadroid/app/src/main/java/com/seafile/seadroid2/ui/selector/folder_selector/FolderSelectorViewModel.kt:46:45 Type mismatch: inferred type is 'kotlin.String?', but 'kotlin.String' was expected.
e: file:///Users/HONGBGU/Documents/seadroid/app/src/main/java/com/seafile/seadroid2/ui/selector/folder_selector/FolderSelectorViewModel.kt:48:30 None of the following candidates is applicable:
@SinceKotlin(...) @InlineOnly() fun <V> KMutableProperty0<V>.setValue(thisRef: Any?, property: KProperty<*>, value: V): Unit
@SinceKotlin(...) @InlineOnly() fun <T, V> KMutableProperty1<T, V>.setValue(thisRef: T, property: KProperty<*>, value: V): Unit
@InlineOnly() fun <V> MutableMap<in String, in V>.setValue(thisRef: Any?, property: KProperty<*>, value: V): Unit
e: file:///Users/HONGBGU/Documents/seadroid/app/src/main/java/com/seafile/seadroid2/ui/selector/folder_selector/FolderSelectorViewModel.kt:110:42 None of the following candidates is applicable:
@SinceKotlin(...) @InlineOnly() fun <V> KMutableProperty0<V>.setValue(thisRef: Any?, property: KProperty<*>, value: V): Unit
@SinceKotlin(...) @InlineOnly() fun <T, V> KMutableProperty1<T, V>.setValue(thisRef: T, property: KProperty<*>, value: V): Unit
@InlineOnly() fun <V> MutableMap<in String, in V>.setValue(thisRef: Any?, property: KProperty<*>, value: V): Unit
e: file:///Users/HONGBGU/Documents/seadroid/app/src/main/java/com/seafile/seadroid2/ui/selector/folder_selector/FolderSelectorViewModel.kt:143:54 'return' is prohibited here.
e: file:///Users/HONGBGU/Documents/seadroid/app/src/main/java/com/seafile/seadroid2/ui/selector/folder_selector/FolderSelectorViewModel.kt:144:52 'return' is prohibited here.
e: file:///Users/HONGBGU/Documents/seadroid/app/src/main/java/com/seafile/seadroid2/ui/selector/folder_selector/FolderSelectorViewModel.kt:146:44 'return' is prohibited here.
e: file:///Users/HONGBGU/Documents/seadroid/app/src/main/java/com/seafile/seadroid2/ui/selector/folder_selector/FolderSelectorViewModel.kt:149:45 'return' is prohibited here.
e: file:///Users/HONGBGU/Documents/seadroid/app/src/main/java/com/seafile/seadroid2/ui/selector/folder_selector/FolderSelectorViewModel.kt:154:35 'return' is prohibited here.
e: file:///Users/HONGBGU/Documents/seadroid/app/src/main/java/com/seafile/seadroid2/ui/selector/folder_selector/FolderSelectorViewModel.kt:155:42 'return' is prohibited here.
e: file:///Users/HONGBGU/Documents/seadroid/app/src/main/java/com/seafile/seadroid2/ui/selector/folder_selector/FolderSelectorViewModel.kt:156:26 'return' is prohibited here.
e: file:///Users/HONGBGU/Documents/seadroid/app/src/main/java/com/seafile/seadroid2/ui/selector/folder_selector/FolderSelectorViewModel.kt:160:21 Unresolved reference 'diff'.
e: file:///Users/HONGBGU/Documents/seadroid/app/src/main/java/com/seafile/seadroid2/ui/selector/folder_selector/FolderSelectorViewModel.kt:161:25 Unresolved reference 'diff'.
e: file:///Users/HONGBGU/Documents/seadroid/app/src/main/java/com/seafile/seadroid2/ui/selector/folder_selector/FolderSelectorViewModel.kt:161:35 'return' is prohibited here.
e: file:///Users/HONGBGU/Documents/seadroid/app/src/main/java/com/seafile/seadroid2/ui/selector/folder_selector/FolderSelectorViewModel.kt:162:30 Unresolved reference 'diff'.
e: file:///Users/HONGBGU/Documents/seadroid/app/src/main/java/com/seafile/seadroid2/ui/selector/folder_selector/FolderSelectorViewModel.kt:162:42 'return' is prohibited here.
e: file:///Users/HONGBGU/Documents/seadroid/app/src/main/java/com/seafile/seadroid2/ui/selector/folder_selector/FolderSelectorViewModel.kt:163:26 'return' is prohibited here.
e: file:///Users/HONGBGU/Documents/seadroid/app/src/main/java/com/seafile/seadroid2/ui/selector/folder_selector/FolderSelectorViewModel.kt:167:21 Unresolved reference 'diff'.
e: file:///Users/HONGBGU/Documents/seadroid/app/src/main/java/com/seafile/seadroid2/ui/selector/folder_selector/FolderSelectorViewModel.kt:168:25 Unresolved reference 'diff'.
e: file:///Users/HONGBGU/Documents/seadroid/app/src/main/java/com/seafile/seadroid2/ui/selector/folder_selector/FolderSelectorViewModel.kt:168:35 'return' is prohibited here.
e: file:///Users/HONGBGU/Documents/seadroid/app/src/main/java/com/seafile/seadroid2/ui/selector/folder_selector/FolderSelectorViewModel.kt:169:30 Unresolved reference 'diff'.
e: file:///Users/HONGBGU/Documents/seadroid/app/src/main/java/com/seafile/seadroid2/ui/selector/folder_selector/FolderSelectorViewModel.kt:169:42 'return' is prohibited here.
e: file:///Users/HONGBGU/Documents/seadroid/app/src/main/java/com/seafile/seadroid2/ui/selector/folder_selector/FolderSelectorViewModel.kt:170:26 'return' is prohibited here.
e: file:///Users/HONGBGU/Documents/seadroid/app/src/main/java/com/seafile/seadroid2/ui/selector/folder_selector/FolderSelectorViewModel.kt:174:21 Unresolved reference 'diff'.
e: file:///Users/HONGBGU/Documents/seadroid/app/src/main/java/com/seafile/seadroid2/ui/selector/folder_selector/FolderSelectorViewModel.kt:175:25 Unresolved reference 'diff'.
e: file:///Users/HONGBGU/Documents/seadroid/app/src/main/java/com/seafile/seadroid2/ui/selector/folder_selector/FolderSelectorViewModel.kt:175:35 'return' is prohibited here.
e: file:///Users/HONGBGU/Documents/seadroid/app/src/main/java/com/seafile/seadroid2/ui/selector/folder_selector/FolderSelectorViewModel.kt:176:30 Unresolved reference 'diff'.
e: file:///Users/HONGBGU/Documents/seadroid/app/src/main/java/com/seafile/seadroid2/ui/selector/folder_selector/FolderSelectorViewModel.kt:176:42 'return' is prohibited here.
e: file:///Users/HONGBGU/Documents/seadroid/app/src/main/java/com/seafile/seadroid2/ui/selector/folder_selector/FolderSelectorViewModel.kt:177:26 'return' is prohibited here.
e: file:///Users/HONGBGU/Documents/seadroid/app/src/main/java/com/seafile/seadroid2/ui/selector/folder_selector/FolderSelectorViewModel.kt:180:25 'return' is prohibited here.
e: file:///Users/HONGBGU/Documents/seadroid/app/src/main/java/com/seafile/seadroid2/ui/selector/folder_selector/NavPathListAdapter.kt:34:44 Only safe (?.) or non-null asserted (!!.) calls are allowed on a nullable receiver of type 'kotlin.String?'.
e: file:///Users/HONGBGU/Documents/seadroid/app/src/main/java/com/seafile/seadroid2/ui/selector/folder_selector/NavPathListAdapter.kt:35:20 Only safe (?.) or non-null asserted (!!.) calls are allowed on a nullable receiver of type 'android.widget.TextView?'.
e: file:///Users/HONGBGU/Documents/seadroid/app/src/main/java/com/seafile/seadroid2/ui/selector/folder_selector/NavPathListAdapter.kt:37:24 Only safe (?.) or non-null asserted (!!.) calls are allowed on a nullable receiver of type 'android.widget.TextView?'.
e: file:///Users/HONGBGU/Documents/seadroid/app/src/main/java/com/seafile/seadroid2/ui/selector/folder_selector/NavPathListAdapter.kt:38:24 Only safe (?.) or non-null asserted (!!.) calls are allowed on a nullable receiver of type 'android.widget.ImageView?'.
e: file:///Users/HONGBGU/Documents/seadroid/app/src/main/java/com/seafile/seadroid2/ui/selector/folder_selector/NavPathListAdapter.kt:40:24 Only safe (?.) or non-null asserted (!!.) calls are allowed on a nullable receiver of type 'android.widget.TextView?'.
e: file:///Users/HONGBGU/Documents/seadroid/app/src/main/java/com/seafile/seadroid2/ui/selector/folder_selector/NavPathListAdapter.kt:41:24 Only safe (?.) or non-null asserted (!!.) calls are allowed on a nullable receiver of type 'android.widget.ImageView?'.
e: file:///Users/HONGBGU/Documents/seadroid/app/src/main/java/com/seafile/seadroid2/ui/selector/folder_selector/NavPathListAdapter.kt:44:22 Only safe (?.) or non-null asserted (!!.) calls are allowed on a nullable receiver of type 'android.widget.LinearLayout?'.
e: file:///Users/HONGBGU/Documents/seadroid/app/src/main/java/com/seafile/seadroid2/ui/settings/SettingsAlbumBackupAdvanced2Fragment.kt:30:54 Only safe (?.) or non-null asserted (!!.) calls are allowed on a nullable receiver of type 'com.seafile.seadroid2.account.SupportAccountManager?'.
e: file:///Users/HONGBGU/Documents/seadroid/app/src/main/java/com/seafile/seadroid2/ui/settings/SettingsAlbumBackupAdvanced2Fragment.kt:111:65 Only safe (?.) or non-null asserted (!!.) calls are allowed on a nullable receiver of type 'com.seafile.seadroid2.preferences.SettingsLiveData<kotlin.Boolean?>?'.
e: file:///Users/HONGBGU/Documents/seadroid/app/src/main/java/com/seafile/seadroid2/ui/settings/SettingsAlbumBackupAdvanced2Fragment.kt:119:67 Only safe (?.) or non-null asserted (!!.) calls are allowed on a nullable receiver of type 'com.seafile.seadroid2.preferences.SettingsLiveData<kotlin.Boolean?>?'.
e: file:///Users/HONGBGU/Documents/seadroid/app/src/main/java/com/seafile/seadroid2/ui/settings/SettingsAlbumBackupAdvanced2Fragment.kt:127:63 Only safe (?.) or non-null asserted (!!.) calls are allowed on a nullable receiver of type 'com.seafile.seadroid2.preferences.SettingsLiveData<kotlin.Boolean?>?'.
e: file:///Users/HONGBGU/Documents/seadroid/app/src/main/java/com/seafile/seadroid2/ui/settings/SettingsAlbumBackupAdvanced2Fragment.kt:129:13 Class '<anonymous>' is not abstract and does not implement abstract member 'onChanged'.
e: file:///Users/HONGBGU/Documents/seadroid/app/src/main/java/com/seafile/seadroid2/ui/settings/SettingsAlbumBackupAdvanced2Fragment.kt:130:17 'onChanged' overrides nothing.
e: file:///Users/HONGBGU/Documents/seadroid/app/src/main/java/com/seafile/seadroid2/ui/settings/SettingsAlbumBackupAdvanced2Fragment.kt:137:63 Only safe (?.) or non-null asserted (!!.) calls are allowed on a nullable receiver of type 'com.seafile.seadroid2.preferences.SettingsLiveData<kotlin.String?>?'.
e: file:///Users/HONGBGU/Documents/seadroid/app/src/main/java/com/seafile/seadroid2/ui/settings/SettingsAlbumBackupAdvanced2Fragment.kt:196:5 Function 'registerForActivityResult' without a body must be abstract.
e: file:///Users/HONGBGU/Documents/seadroid/app/src/main/java/com/seafile/seadroid2/ui/settings/SettingsAlbumBackupAdvanced2Fragment.kt:200:10 Unresolved reference 'ActivityResult'.
e: file:///Users/HONGBGU/Documents/seadroid/app/src/main/java/com/seafile/seadroid2/ui/settings/SettingsAlbumBackupAdvanced2Fragment.kt:201:9 Unresolved reference 'o'.
e: file:///Users/HONGBGU/Documents/seadroid/app/src/main/java/com/seafile/seadroid2/ui/settings/SettingsAlbumBackupAdvanced2Fragment.kt:203:17 Unresolved reference 'o'.
e: file:///Users/HONGBGU/Documents/seadroid/app/src/main/java/com/seafile/seadroid2/ui/settings/SettingsAlbumBackupAdvanced2Fragment.kt:204:17 'return' is prohibited here.
e: file:///Users/HONGBGU/Documents/seadroid/app/src/main/java/com/seafile/seadroid2/ui/settings/SettingsAlbumBackupAdvanced2Fragment.kt:223:27 Argument type mismatch: actual type is 'java.util.LinkedHashSet<com.seafile.seadroid2.ui.camera_upload.GalleryBucketUtils.Bucket?>', but 'kotlin.collections.Collection<com.seafile.seadroid2.ui.camera_upload.GalleryBucketUtils.Bucket>' was expected.
e: file:///Users/HONGBGU/Documents/seadroid/app/src/main/java/com/seafile/seadroid2/ui/settings/SettingsAlbumBackupAdvancedActivity.kt:21:26 Argument type mismatch: actual type is 'kotlin.reflect.KClass<androidx.core.os.BuildCompat.PrereleaseSdkCheck>', but 'kotlin.Array<out kotlin.reflect.KClass<out kotlin.Annotation>>' was expected.
e: file:///Users/HONGBGU/Documents/seadroid/app/src/main/java/com/seafile/seadroid2/ui/settings/SettingsAlbumBackupAdvancedActivity.kt:21:26 Assigning single elements to varargs in named form is prohibited.
e: file:///Users/HONGBGU/Documents/seadroid/app/src/main/java/com/seafile/seadroid2/ui/settings/SettingsAlbumBackupAdvancedActivity.kt:30:16 Only safe (?.) or non-null asserted (!!.) calls are allowed on a nullable receiver of type 'androidx.appcompat.widget.Toolbar?'.
e: file:///Users/HONGBGU/Documents/seadroid/app/src/main/java/com/seafile/seadroid2/ui/settings/SettingsFragmentViewModel.kt:38:30 None of the following candidates is applicable:
@SinceKotlin(...) @InlineOnly() fun <V> KMutableProperty0<V>.setValue(thisRef: Any?, property: KProperty<*>, value: V): Unit
@SinceKotlin(...) @InlineOnly() fun <T, V> KMutableProperty1<T, V>.setValue(thisRef: T, property: KProperty<*>, value: V): Unit
@InlineOnly() fun <V> MutableMap<in String, in V>.setValue(thisRef: Any?, property: KProperty<*>, value: V): Unit
e: file:///Users/HONGBGU/Documents/seadroid/app/src/main/java/com/seafile/seadroid2/ui/settings/SettingsFragmentViewModel.kt:41:13 Initializer type mismatch: expected 'io.reactivex.Single<com.seafile.seadroid2.framework.model.server.ServerInfoModel?>', actual 'io.reactivex.Single<com.seafile.seadroid2.framework.model.server.ServerInfoModel?>?'.
e: file:///Users/HONGBGU/Documents/seadroid/app/src/main/java/com/seafile/seadroid2/ui/settings/SettingsFragmentViewModel.kt:41:50 Only safe (?.) or non-null asserted (!!.) calls are allowed on a nullable receiver of type 'com.seafile.seadroid2.framework.http.HttpIO?'.
e: file:///Users/HONGBGU/Documents/seadroid/app/src/main/java/com/seafile/seadroid2/ui/settings/SettingsFragmentViewModel.kt:41:73 Argument type mismatch: actual type is 'java.lang.Class<com.seafile.seadroid2.ui.main.MainService>', but 'java.lang.Class<T?>' was expected.
e: file:///Users/HONGBGU/Documents/seadroid/app/src/main/java/com/seafile/seadroid2/ui/settings/SettingsFragmentViewModel.kt:42:17 Only safe (?.) or non-null asserted (!!.) calls are allowed on a nullable receiver of type 'com.seafile.seadroid2.ui.main.MainService?'.
e: file:///Users/HONGBGU/Documents/seadroid/app/src/main/java/com/seafile/seadroid2/ui/settings/SettingsFragmentViewModel.kt:43:45 Initializer type mismatch: expected 'io.reactivex.Single<com.seafile.seadroid2.account.AccountInfo?>', actual 'io.reactivex.Single<com.seafile.seadroid2.account.AccountInfo?>?'.
e: file:///Users/HONGBGU/Documents/seadroid/app/src/main/java/com/seafile/seadroid2/ui/settings/SettingsFragmentViewModel.kt:44:13 Only safe (?.) or non-null asserted (!!.) calls are allowed on a nullable receiver of type 'com.seafile.seadroid2.framework.http.HttpIO?'.
e: file:///Users/HONGBGU/Documents/seadroid/app/src/main/java/com/seafile/seadroid2/ui/settings/SettingsFragmentViewModel.kt:44:39 Argument type mismatch: actual type is 'java.lang.Class<com.seafile.seadroid2.ui.account.AccountService>', but 'java.lang.Class<T?>' was expected.
e: file:///Users/HONGBGU/Documents/seadroid/app/src/main/java/com/seafile/seadroid2/ui/settings/SettingsFragmentViewModel.kt:44:66 Only safe (?.) or non-null asserted (!!.) calls are allowed on a nullable receiver of type 'com.seafile.seadroid2.ui.account.AccountService?'.
e: file:///Users/HONGBGU/Documents/seadroid/app/src/main/java/com/seafile/seadroid2/ui/settings/SettingsFragmentViewModel.kt:56:70 Only safe (?.) or non-null asserted (!!.) calls are allowed on a nullable receiver of type 'com.seafile.seadroid2.account.SupportAccountManager?'.
e: file:///Users/HONGBGU/Documents/seadroid/app/src/main/java/com/seafile/seadroid2/ui/settings/SettingsFragmentViewModel.kt:61:43 Argument type mismatch: actual type is 'kotlin.String?', but 'kotlin.String' was expected.
e: file:///Users/HONGBGU/Documents/seadroid/app/src/main/java/com/seafile/seadroid2/ui/settings/SettingsFragmentViewModel.kt:61:80 Only safe (?.) or non-null asserted (!!.) calls are allowed on a nullable receiver of type 'com.seafile.seadroid2.framework.http.HttpIO?'.
e: file:///Users/HONGBGU/Documents/seadroid/app/src/main/java/com/seafile/seadroid2/ui/settings/SettingsFragmentViewModel.kt:70:25 Only safe (?.) or non-null asserted (!!.) calls are allowed on a nullable receiver of type 'com.seafile.seadroid2.account.SupportAccountManager?'.
e: file:///Users/HONGBGU/Documents/seadroid/app/src/main/java/com/seafile/seadroid2/ui/settings/SettingsFragmentViewModel.kt:76:38 Class '<anonymous>' is not abstract and does not implement abstract member 'accept'.
e: file:///Users/HONGBGU/Documents/seadroid/app/src/main/java/com/seafile/seadroid2/ui/settings/SettingsFragmentViewModel.kt:78:13 'accept' overrides nothing.
e: file:///Users/HONGBGU/Documents/seadroid/app/src/main/java/com/seafile/seadroid2/ui/settings/SettingsFragmentViewModel.kt:79:38 None of the following candidates is applicable:
@SinceKotlin(...) @InlineOnly() fun <V> KMutableProperty0<V>.setValue(thisRef: Any?, property: KProperty<*>, value: V): Unit
@SinceKotlin(...) @InlineOnly() fun <T, V> KMutableProperty1<T, V>.setValue(thisRef: T, property: KProperty<*>, value: V): Unit
@InlineOnly() fun <V> MutableMap<in String, in V>.setValue(thisRef: Any?, property: KProperty<*>, value: V): Unit
e: file:///Users/HONGBGU/Documents/seadroid/app/src/main/java/com/seafile/seadroid2/ui/settings/SettingsFragmentViewModel.kt:82:36 Unresolved reference 'USER_INFO'.
e: file:///Users/HONGBGU/Documents/seadroid/app/src/main/java/com/seafile/seadroid2/ui/settings/SettingsFragmentViewModel.kt:83:46 Only safe (?.) or non-null asserted (!!.) calls are allowed on a nullable receiver of type 'com.seafile.seadroid2.preferences.SettingsLiveData<kotlin.String?>?'.
e: file:///Users/HONGBGU/Documents/seadroid/app/src/main/java/com/seafile/seadroid2/ui/settings/SettingsFragmentViewModel.kt:84:52 Only safe (?.) or non-null asserted (!!.) calls are allowed on a nullable receiver of type 'com.seafile.seadroid2.preferences.SettingsLiveData<kotlin.String?>?'.
e: file:///Users/HONGBGU/Documents/seadroid/app/src/main/java/com/seafile/seadroid2/ui/settings/SettingsFragmentViewModel.kt:85:36 Unresolved reference 'USER_INFO'.
e: file:///Users/HONGBGU/Documents/seadroid/app/src/main/java/com/seafile/seadroid2/ui/settings/SettingsFragmentViewModel.kt:86:52 Only safe (?.) or non-null asserted (!!.) calls are allowed on a nullable receiver of type 'com.seafile.seadroid2.preferences.SettingsLiveData<kotlin.String?>?'.
e: file:///Users/HONGBGU/Documents/seadroid/app/src/main/java/com/seafile/seadroid2/ui/settings/SettingsFragmentViewModel.kt:87:46 Only safe (?.) or non-null asserted (!!.) calls are allowed on a nullable receiver of type 'com.seafile.seadroid2.preferences.SettingsLiveData<kotlin.String?>?'.
e: file:///Users/HONGBGU/Documents/seadroid/app/src/main/java/com/seafile/seadroid2/ui/settings/SettingsFragmentViewModel.kt:109:46 Only safe (?.) or non-null asserted (!!.) calls are allowed on a nullable receiver of type 'com.seafile.seadroid2.preferences.SettingsLiveData<kotlin.String?>?'.
e: file:///Users/HONGBGU/Documents/seadroid/app/src/main/java/com/seafile/seadroid2/ui/settings/SettingsFragmentViewModel.kt:110:46 Only safe (?.) or non-null asserted (!!.) calls are allowed on a nullable receiver of type 'com.seafile.seadroid2.preferences.SettingsLiveData<kotlin.String?>?'.
e: file:///Users/HONGBGU/Documents/seadroid/app/src/main/java/com/seafile/seadroid2/ui/settings/SettingsFragmentViewModel.kt:130:41 Only safe (?.) or non-null asserted (!!.) calls are allowed on a nullable receiver of type 'java.io.File?'.
e: file:///Users/HONGBGU/Documents/seadroid/app/src/main/java/com/seafile/seadroid2/ui/settings/SettingsFragmentViewModel.kt:131:9 'val' cannot be reassigned.
e: file:///Users/HONGBGU/Documents/seadroid/app/src/main/java/com/seafile/seadroid2/ui/settings/SettingsFragmentViewModel.kt:162:36 None of the following candidates is applicable:
@SinceKotlin(...) @InlineOnly() fun <V> KMutableProperty0<V>.setValue(thisRef: Any?, property: KProperty<*>, value: V): Unit
@SinceKotlin(...) @InlineOnly() fun <T, V> KMutableProperty1<T, V>.setValue(thisRef: T, property: KProperty<*>, value: V): Unit
@InlineOnly() fun <V> MutableMap<in String, in V>.setValue(thisRef: Any?, property: KProperty<*>, value: V): Unit
e: file:///Users/HONGBGU/Documents/seadroid/app/src/main/java/com/seafile/seadroid2/ui/settings/SettingsFragmentViewModel.kt:165:53 Only safe (?.) or non-null asserted (!!.) calls are allowed on a nullable receiver of type 'com.seafile.seadroid2.framework.service.BackupThreadExecutor?'.
e: file:///Users/HONGBGU/Documents/seadroid/app/src/main/java/com/seafile/seadroid2/ui/settings/SettingsFragmentViewModel.kt:177:30 Class '<anonymous>' is not abstract and does not implement abstract member 'apply'.
e: file:///Users/HONGBGU/Documents/seadroid/app/src/main/java/com/seafile/seadroid2/ui/settings/SettingsFragmentViewModel.kt:179:13 'apply' overrides nothing.
e: file:///Users/HONGBGU/Documents/seadroid/app/src/main/java/com/seafile/seadroid2/ui/settings/SettingsFragmentViewModel.kt:185:30 Class '<anonymous>' is not abstract and does not implement abstract member 'apply'.
e: file:///Users/HONGBGU/Documents/seadroid/app/src/main/java/com/seafile/seadroid2/ui/settings/SettingsFragmentViewModel.kt:187:13 'apply' overrides nothing.
e: file:///Users/HONGBGU/Documents/seadroid/app/src/main/java/com/seafile/seadroid2/ui/settings/SettingsFragmentViewModel.kt:190:30 Class '<anonymous>' is not abstract and does not implement abstract member 'apply'.
e: file:///Users/HONGBGU/Documents/seadroid/app/src/main/java/com/seafile/seadroid2/ui/settings/SettingsFragmentViewModel.kt:192:13 'apply' overrides nothing.
e: file:///Users/HONGBGU/Documents/seadroid/app/src/main/java/com/seafile/seadroid2/ui/settings/SettingsFragmentViewModel.kt:203:44 None of the following candidates is applicable:
@SinceKotlin(...) @InlineOnly() fun <V> KMutableProperty0<V>.setValue(thisRef: Any?, property: KProperty<*>, value: V): Unit
@SinceKotlin(...) @InlineOnly() fun <T, V> KMutableProperty1<T, V>.setValue(thisRef: T, property: KProperty<*>, value: V): Unit
@InlineOnly() fun <V> MutableMap<in String, in V>.setValue(thisRef: Any?, property: KProperty<*>, value: V): Unit
e: file:///Users/HONGBGU/Documents/seadroid/app/src/main/java/com/seafile/seadroid2/ui/settings/SettingsFragmentViewModel.kt:205:12 Class '<anonymous>' is not abstract and does not implement abstract member 'accept'.
e: file:///Users/HONGBGU/Documents/seadroid/app/src/main/java/com/seafile/seadroid2/ui/settings/SettingsFragmentViewModel.kt:206:13 'accept' overrides nothing.
e: file:///Users/HONGBGU/Documents/seadroid/app/src/main/java/com/seafile/seadroid2/ui/settings/SettingsFragmentViewModel.kt:207:44 None of the following candidates is applicable:
@SinceKotlin(...) @InlineOnly() fun <V> KMutableProperty0<V>.setValue(thisRef: Any?, property: KProperty<*>, value: V): Unit
@SinceKotlin(...) @InlineOnly() fun <T, V> KMutableProperty1<T, V>.setValue(thisRef: T, property: KProperty<*>, value: V): Unit
@InlineOnly() fun <V> MutableMap<in String, in V>.setValue(thisRef: Any?, property: KProperty<*>, value: V): Unit
e: file:///Users/HONGBGU/Documents/seadroid/app/src/main/java/com/seafile/seadroid2/ui/settings/SettingsFragmentViewModel.kt:223:28 Assignment type mismatch: actual type is 'kotlin.collections.MutableList<com.seafile.seadroid2.framework.db.entities.FileCacheStatusEntity?>?', but 'kotlin.collections.MutableList<com.seafile.seadroid2.framework.db.entities.FileCacheStatusEntity>' was expected.
e: file:///Users/HONGBGU/Documents/seadroid/app/src/main/java/com/seafile/seadroid2/ui/settings/SettingsFragmentViewModel.kt:223:63 Only safe (?.) or non-null asserted (!!.) calls are allowed on a nullable receiver of type 'com.seafile.seadroid2.framework.db.AppDatabase?'.
e: file:///Users/HONGBGU/Documents/seadroid/app/src/main/java/com/seafile/seadroid2/ui/settings/SettingsFragmentViewModel.kt:224:25 Only safe (?.) or non-null asserted (!!.) calls are allowed on a nullable receiver of type 'com.seafile.seadroid2.framework.db.dao.FileCacheStatusDAO?'.
e: file:///Users/HONGBGU/Documents/seadroid/app/src/main/java/com/seafile/seadroid2/ui/settings/SettingsFragmentViewModel.kt:229:47 Only safe (?.) or non-null asserted (!!.) calls are allowed on a nullable receiver of type 'kotlin.String?'.
e: file:///Users/HONGBGU/Documents/seadroid/app/src/main/java/com/seafile/seadroid2/ui/settings/SettingsFragmentViewModel.kt:230:57 Only safe (?.) or non-null asserted (!!.) calls are allowed on a nullable receiver of type 'kotlin.String?'.
e: file:///Users/HONGBGU/Documents/seadroid/app/src/main/java/com/seafile/seadroid2/ui/settings/SettingsFragmentViewModel.kt:237:60 Only safe (?.) or non-null asserted (!!.) calls are allowed on a nullable receiver of type 'com.seafile.seadroid2.framework.db.AppDatabase?'.
e: file:///Users/HONGBGU/Documents/seadroid/app/src/main/java/com/seafile/seadroid2/ui/settings/SettingsFragmentViewModel.kt:238:29 Only safe (?.) or non-null asserted (!!.) calls are allowed on a nullable receiver of type 'com.seafile.seadroid2.framework.db.dao.FileCacheStatusDAO?'.
e: file:///Users/HONGBGU/Documents/seadroid/app/src/main/java/com/seafile/seadroid2/ui/settings/SettingsFragmentViewModel.kt:238:40 Argument type mismatch: actual type is 'kotlin.collections.MutableList<com.seafile.seadroid2.framework.db.entities.FileCacheStatusEntity?>', but 'kotlin.collections.MutableList<com.seafile.seadroid2.framework.db.entities.FileCacheStatusEntity>' was expected.
e: file:///Users/HONGBGU/Documents/seadroid/app/src/main/java/com/seafile/seadroid2/ui/settings/TabSettings2Fragment.kt:32:18 Conflicting import: imported name 'Locale' is ambiguous.
e: file:///Users/HONGBGU/Documents/seadroid/app/src/main/java/com/seafile/seadroid2/ui/settings/TabSettings2Fragment.kt:35:18 Conflicting import: imported name 'Locale' is ambiguous.
e: file:///Users/HONGBGU/Documents/seadroid/app/src/main/java/com/seafile/seadroid2/ui/settings/TabSettings2Fragment.kt:37:30 Unresolved reference 'RenameSharePreferenceFragmentCompat'.
e: file:///Users/HONGBGU/Documents/seadroid/app/src/main/java/com/seafile/seadroid2/ui/settings/TabSettings2Fragment.kt:42:9 Unresolved reference 'SupportAccountManager'.
e: file:///Users/HONGBGU/Documents/seadroid/app/src/main/java/com/seafile/seadroid2/ui/settings/TabSettings2Fragment.kt:47:37 Unresolved reference 'TextSwitchPreference'.
e: file:///Users/HONGBGU/Documents/seadroid/app/src/main/java/com/seafile/seadroid2/ui/settings/TabSettings2Fragment.kt:49:53 Unresolved reference 'TextSwitchPreference'.
e: file:///Users/HONGBGU/Documents/seadroid/app/src/main/java/com/seafile/seadroid2/ui/settings/TabSettings2Fragment.kt:50:50 Unresolved reference 'TextSwitchPreference'.
e: file:///Users/HONGBGU/Documents/seadroid/app/src/main/java/com/seafile/seadroid2/ui/settings/TabSettings2Fragment.kt:51:53 Unresolved reference 'TextTitleSummaryPreference'.
e: file:///Users/HONGBGU/Documents/seadroid/app/src/main/java/com/seafile/seadroid2/ui/settings/TabSettings2Fragment.kt:54:38 Unresolved reference 'TextSwitchPreference'.
e: file:///Users/HONGBGU/Documents/seadroid/app/src/main/java/com/seafile/seadroid2/ui/settings/TabSettings2Fragment.kt:55:53 Unresolved reference 'TextSwitchPreference'.
e: file:///Users/HONGBGU/Documents/seadroid/app/src/main/java/com/seafile/seadroid2/ui/settings/TabSettings2Fragment.kt:64:5 'getSharePreferenceSuffix' overrides nothing.
e: file:///Users/HONGBGU/Documents/seadroid/app/src/main/java/com/seafile/seadroid2/ui/settings/TabSettings2Fragment.kt:71:5 'onDestroy' overrides nothing.
e: file:///Users/HONGBGU/Documents/seadroid/app/src/main/java/com/seafile/seadroid2/ui/settings/TabSettings2Fragment.kt:72:9 Unresolved reference 'RenameSharePreferenceFragmentCompat'.
e: file:///Users/HONGBGU/Documents/seadroid/app/src/main/java/com/seafile/seadroid2/ui/settings/TabSettings2Fragment.kt:72:15 Unresolved reference 'onDestroy'.
e: file:///Users/HONGBGU/Documents/seadroid/app/src/main/java/com/seafile/seadroid2/ui/settings/TabSettings2Fragment.kt:74:9 Unresolved reference 'BusHelper'.
e: file:///Users/HONGBGU/Documents/seadroid/app/src/main/java/com/seafile/seadroid2/ui/settings/TabSettings2Fragment.kt:77:5 'onDestroyView' overrides nothing.
e: file:///Users/HONGBGU/Documents/seadroid/app/src/main/java/com/seafile/seadroid2/ui/settings/TabSettings2Fragment.kt:78:9 Unresolved reference 'RenameSharePreferenceFragmentCompat'.
e: file:///Users/HONGBGU/Documents/seadroid/app/src/main/java/com/seafile/seadroid2/ui/settings/TabSettings2Fragment.kt:78:15 Unresolved reference 'onDestroyView'.
e: file:///Users/HONGBGU/Documents/seadroid/app/src/main/java/com/seafile/seadroid2/ui/settings/TabSettings2Fragment.kt:85:5 'onCreate' overrides nothing.
e: file:///Users/HONGBGU/Documents/seadroid/app/src/main/java/com/seafile/seadroid2/ui/settings/TabSettings2Fragment.kt:86:9 Unresolved reference 'RenameSharePreferenceFragmentCompat'.
e: file:///Users/HONGBGU/Documents/seadroid/app/src/main/java/com/seafile/seadroid2/ui/settings/TabSettings2Fragment.kt:86:15 Unresolved reference 'onCreate'.
e: file:///Users/HONGBGU/Documents/seadroid/app/src/main/java/com/seafile/seadroid2/ui/settings/TabSettings2Fragment.kt:89:13 Unresolved reference 'ViewModelProvider'.
e: file:///Users/HONGBGU/Documents/seadroid/app/src/main/java/com/seafile/seadroid2/ui/settings/TabSettings2Fragment.kt:89:13 Assignment type mismatch: actual type is 'kotlin.text.MatchGroup?', but 'com.seafile.seadroid2.ui.settings.SettingsFragmentViewModel?' was expected.
e: file:///Users/HONGBGU/Documents/seadroid/app/src/main/java/com/seafile/seadroid2/ui/settings/TabSettings2Fragment.kt:92:5 'onCreatePreferences' overrides nothing.
e: file:///Users/HONGBGU/Documents/seadroid/app/src/main/java/com/seafile/seadroid2/ui/settings/TabSettings2Fragment.kt:94:9 Unresolved reference 'RenameSharePreferenceFragmentCompat'.
e: file:///Users/HONGBGU/Documents/seadroid/app/src/main/java/com/seafile/seadroid2/ui/settings/TabSettings2Fragment.kt:94:15 Unresolved reference 'onCreatePreferences'.
e: file:///Users/HONGBGU/Documents/seadroid/app/src/main/java/com/seafile/seadroid2/ui/settings/TabSettings2Fragment.kt:96:9 Unresolved reference 'setPreferencesFromResource'.
e: file:///Users/HONGBGU/Documents/seadroid/app/src/main/java/com/seafile/seadroid2/ui/settings/TabSettings2Fragment.kt:96:36 Unresolved reference 'R'.
e: file:///Users/HONGBGU/Documents/seadroid/app/src/main/java/com/seafile/seadroid2/ui/settings/TabSettings2Fragment.kt:98:9 Unresolved reference 'SimpleMenuPreference'.
e: file:///Users/HONGBGU/Documents/seadroid/app/src/main/java/com/seafile/seadroid2/ui/settings/TabSettings2Fragment.kt:101:5 'onViewCreated' overrides nothing.
e: file:///Users/HONGBGU/Documents/seadroid/app/src/main/java/com/seafile/seadroid2/ui/settings/TabSettings2Fragment.kt:102:9 Unresolved reference 'RenameSharePreferenceFragmentCompat'.
e: file:///Users/HONGBGU/Documents/seadroid/app/src/main/java/com/seafile/seadroid2/ui/settings/TabSettings2Fragment.kt:102:15 Unresolved reference 'onViewCreated'.
e: file:///Users/HONGBGU/Documents/seadroid/app/src/main/java/com/seafile/seadroid2/ui/settings/TabSettings2Fragment.kt:104:23 Overload resolution ambiguity between candidates:
@Deprecated(...) constructor(@Nullable() p0: Handler.Callback?): Handler
constructor(@NonNull() p0: Looper): Handler
e: file:///Users/HONGBGU/Documents/seadroid/app/src/main/java/com/seafile/seadroid2/ui/settings/TabSettings2Fragment.kt:104:31 Unresolved reference 'Looper'.
e: file:///Users/HONGBGU/Documents/seadroid/app/src/main/java/com/seafile/seadroid2/ui/settings/TabSettings2Fragment.kt:108:9 Unresolved reference 'BusHelper'.
e: file:///Users/HONGBGU/Documents/seadroid/app/src/main/java/com/seafile/seadroid2/ui/settings/TabSettings2Fragment.kt:108:47 Unresolved reference 'getViewLifecycleOwner'.
e: file:///Users/HONGBGU/Documents/seadroid/app/src/main/java/com/seafile/seadroid2/ui/settings/TabSettings2Fragment.kt:111:9 Unresolved reference 'getListView'.
e: file:///Users/HONGBGU/Documents/seadroid/app/src/main/java/com/seafile/seadroid2/ui/settings/TabSettings2Fragment.kt:111:43 Unresolved reference 'DP'.
e: file:///Users/HONGBGU/Documents/seadroid/app/src/main/java/com/seafile/seadroid2/ui/settings/TabSettings2Fragment.kt:112:9 Unresolved reference 'getListView'.
e: file:///Users/HONGBGU/Documents/seadroid/app/src/main/java/com/seafile/seadroid2/ui/settings/TabSettings2Fragment.kt:113:13 Unresolved reference 'ContextCompat'.
e: file:///Users/HONGBGU/Documents/seadroid/app/src/main/java/com/seafile/seadroid2/ui/settings/TabSettings2Fragment.kt:114:17 Unresolved reference 'requireContext'.
e: file:///Users/HONGBGU/Documents/seadroid/app/src/main/java/com/seafile/seadroid2/ui/settings/TabSettings2Fragment.kt:115:17 Unresolved reference 'R'.
e: file:///Users/HONGBGU/Documents/seadroid/app/src/main/java/com/seafile/seadroid2/ui/settings/TabSettings2Fragment.kt:122:14 Unresolved reference 'observe'.
e: file:///Users/HONGBGU/Documents/seadroid/app/src/main/java/com/seafile/seadroid2/ui/settings/TabSettings2Fragment.kt:122:22 Unresolved reference 'getViewLifecycleOwner'.
e: file:///Users/HONGBGU/Documents/seadroid/app/src/main/java/com/seafile/seadroid2/ui/settings/TabSettings2Fragment.kt:122:47 Class '<anonymous>' is not abstract and does not implement abstract member 'onChanged'.
e: file:///Users/HONGBGU/Documents/seadroid/app/src/main/java/com/seafile/seadroid2/ui/settings/TabSettings2Fragment.kt:123:17 'onChanged' overrides nothing.
e: file:///Users/HONGBGU/Documents/seadroid/app/src/main/java/com/seafile/seadroid2/ui/settings/TabSettings2Fragment.kt:124:52 Argument type mismatch: actual type is 'java.lang.Boolean', but 'kotlin.Boolean' was expected.
e: file:///Users/HONGBGU/Documents/seadroid/app/src/main/java/com/seafile/seadroid2/ui/settings/TabSettings2Fragment.kt:129:22 Unresolved reference 'getViewLifecycleOwner'.
e: file:///Users/HONGBGU/Documents/seadroid/app/src/main/java/com/seafile/seadroid2/ui/settings/TabSettings2Fragment.kt:129:47 Argument type mismatch: actual type is 'com.seafile.seadroid2.ui.settings.<anonymous>', but 'androidx.lifecycle.Observer<in kotlin.Boolean?>' was expected.
e: file:///Users/HONGBGU/Documents/seadroid/app/src/main/java/com/seafile/seadroid2/ui/settings/TabSettings2Fragment.kt:138:5 'onResume' overrides nothing.
e: file:///Users/HONGBGU/Documents/seadroid/app/src/main/java/com/seafile/seadroid2/ui/settings/TabSettings2Fragment.kt:139:9 Unresolved reference 'RenameSharePreferenceFragmentCompat'.
e: file:///Users/HONGBGU/Documents/seadroid/app/src/main/java/com/seafile/seadroid2/ui/settings/TabSettings2Fragment.kt:139:15 Unresolved reference 'onResume'.
e: file:///Users/HONGBGU/Documents/seadroid/app/src/main/java/com/seafile/seadroid2/ui/settings/TabSettings2Fragment.kt:146:13 Condition type mismatch: inferred type is 'java.lang.Boolean' but 'Boolean' was expected.
e: file:///Users/HONGBGU/Documents/seadroid/app/src/main/java/com/seafile/seadroid2/ui/settings/TabSettings2Fragment.kt:146:13 Type mismatch: inferred type is 'java.lang.Boolean', but 'kotlin.Boolean' was expected.
e: file:///Users/HONGBGU/Documents/seadroid/app/src/main/java/com/seafile/seadroid2/ui/settings/TabSettings2Fragment.kt:160:55 Unresolved reference 'isChecked'.
e: file:///Users/HONGBGU/Documents/seadroid/app/src/main/java/com/seafile/seadroid2/ui/settings/TabSettings2Fragment.kt:161:57 Unresolved reference 'isChecked'.
e: file:///Users/HONGBGU/Documents/seadroid/app/src/main/java/com/seafile/seadroid2/ui/settings/TabSettings2Fragment.kt:172:20 Return type mismatch: expected 'java.lang.Boolean', actual 'kotlin.Boolean'.
e: file:///Users/HONGBGU/Documents/seadroid/app/src/main/java/com/seafile/seadroid2/ui/settings/TabSettings2Fragment.kt:174:16 Return type mismatch: expected 'java.lang.Boolean', actual 'kotlin.Boolean'.
e: file:///Users/HONGBGU/Documents/seadroid/app/src/main/java/com/seafile/seadroid2/ui/settings/TabSettings2Fragment.kt:199:37 Unresolved reference 'findPreference'.
e: file:///Users/HONGBGU/Documents/seadroid/app/src/main/java/com/seafile/seadroid2/ui/settings/TabSettings2Fragment.kt:199:52 Unresolved reference 'getString'.
e: file:///Users/HONGBGU/Documents/seadroid/app/src/main/java/com/seafile/seadroid2/ui/settings/TabSettings2Fragment.kt:200:13 Unresolved reference 'R'.
e: file:///Users/HONGBGU/Documents/seadroid/app/src/main/java/com/seafile/seadroid2/ui/settings/TabSettings2Fragment.kt:204:41 None of the following candidates is applicable:
constructor(p0: String!, p1: Uri!): Intent
constructor(p0: Context!, p1: Class<*>!): Intent
e: file:///Users/HONGBGU/Documents/seadroid/app/src/main/java/com/seafile/seadroid2/ui/settings/TabSettings2Fragment.kt:204:48 Unresolved reference 'requireActivity'.
e: file:///Users/HONGBGU/Documents/seadroid/app/src/main/java/com/seafile/seadroid2/ui/settings/TabSettings2Fragment.kt:204:67 Unresolved reference 'AccountsActivity'.
e: file:///Users/HONGBGU/Documents/seadroid/app/src/main/java/com/seafile/seadroid2/ui/settings/TabSettings2Fragment.kt:204:91 Unresolved reference. None of the following candidates is applicable because of a receiver type mismatch:
val <T> KClass<T>.java: Class<T>
e: file:///Users/HONGBGU/Documents/seadroid/app/src/main/java/com/seafile/seadroid2/ui/settings/TabSettings2Fragment.kt:206:17 Unresolved reference 'startActivity'.
e: file:///Users/HONGBGU/Documents/seadroid/app/src/main/java/com/seafile/seadroid2/ui/settings/TabSettings2Fragment.kt:213:9 Unresolved reference 'findPreference'.
e: file:///Users/HONGBGU/Documents/seadroid/app/src/main/java/com/seafile/seadroid2/ui/settings/TabSettings2Fragment.kt:213:36 Unresolved reference 'getString'.
e: file:///Users/HONGBGU/Documents/seadroid/app/src/main/java/com/seafile/seadroid2/ui/settings/TabSettings2Fragment.kt:214:13 Unresolved reference 'R'.
e: file:///Users/HONGBGU/Documents/seadroid/app/src/main/java/com/seafile/seadroid2/ui/settings/TabSettings2Fragment.kt:220:9 Unresolved reference 'findPreference'.
e: file:///Users/HONGBGU/Documents/seadroid/app/src/main/java/com/seafile/seadroid2/ui/settings/TabSettings2Fragment.kt:220:36 Unresolved reference 'getString'.
e: file:///Users/HONGBGU/Documents/seadroid/app/src/main/java/com/seafile/seadroid2/ui/settings/TabSettings2Fragment.kt:221:13 Unresolved reference 'R'.
e: file:///Users/HONGBGU/Documents/seadroid/app/src/main/java/com/seafile/seadroid2/ui/settings/TabSettings2Fragment.kt:231:30 Unresolved reference 'findPreference'.
e: file:///Users/HONGBGU/Documents/seadroid/app/src/main/java/com/seafile/seadroid2/ui/settings/TabSettings2Fragment.kt:231:45 Unresolved reference 'TextSwitchPreference'.
e: file:///Users/HONGBGU/Documents/seadroid/app/src/main/java/com/seafile/seadroid2/ui/settings/TabSettings2Fragment.kt:231:67 Unresolved reference 'getString'.
e: file:///Users/HONGBGU/Documents/seadroid/app/src/main/java/com/seafile/seadroid2/ui/settings/TabSettings2Fragment.kt:232:13 Unresolved reference 'R'.
e: file:///Users/HONGBGU/Documents/seadroid/app/src/main/java/com/seafile/seadroid2/ui/settings/TabSettings2Fragment.kt:234:28 Unresolved reference 'findPreference'.
e: file:///Users/HONGBGU/Documents/seadroid/app/src/main/java/com/seafile/seadroid2/ui/settings/TabSettings2Fragment.kt:234:55 Unresolved reference 'getString'.
e: file:///Users/HONGBGU/Documents/seadroid/app/src/main/java/com/seafile/seadroid2/ui/settings/TabSettings2Fragment.kt:235:13 Unresolved reference 'R'.
e: file:///Users/HONGBGU/Documents/seadroid/app/src/main/java/com/seafile/seadroid2/ui/settings/TabSettings2Fragment.kt:240:46 Unresolved reference 'findPreference'.
e: file:///Users/HONGBGU/Documents/seadroid/app/src/main/java/com/seafile/seadroid2/ui/settings/TabSettings2Fragment.kt:240:61 Unresolved reference 'TextSwitchPreference'.
e: file:///Users/HONGBGU/Documents/seadroid/app/src/main/java/com/seafile/seadroid2/ui/settings/TabSettings2Fragment.kt:240:83 Unresolved reference 'getString'.
e: file:///Users/HONGBGU/Documents/seadroid/app/src/main/java/com/seafile/seadroid2/ui/settings/TabSettings2Fragment.kt:241:13 Unresolved reference 'R'.
e: file:///Users/HONGBGU/Documents/seadroid/app/src/main/java/com/seafile/seadroid2/ui/settings/TabSettings2Fragment.kt:243:43 Unresolved reference 'findPreference'.
e: file:///Users/HONGBGU/Documents/seadroid/app/src/main/java/com/seafile/seadroid2/ui/settings/TabSettings2Fragment.kt:243:58 Unresolved reference 'TextSwitchPreference'.
e: file:///Users/HONGBGU/Documents/seadroid/app/src/main/java/com/seafile/seadroid2/ui/settings/TabSettings2Fragment.kt:243:80 Unresolved reference 'getString'.
e: file:///Users/HONGBGU/Documents/seadroid/app/src/main/java/com/seafile/seadroid2/ui/settings/TabSettings2Fragment.kt:244:13 Unresolved reference 'R'.
e: file:///Users/HONGBGU/Documents/seadroid/app/src/main/java/com/seafile/seadroid2/ui/settings/TabSettings2Fragment.kt:247:46 Unresolved reference 'findPreference'.
e: file:///Users/HONGBGU/Documents/seadroid/app/src/main/java/com/seafile/seadroid2/ui/settings/TabSettings2Fragment.kt:247:61 Unresolved reference 'TextTitleSummaryPreference'.
e: file:///Users/HONGBGU/Documents/seadroid/app/src/main/java/com/seafile/seadroid2/ui/settings/TabSettings2Fragment.kt:247:89 Unresolved reference 'getString'.
e: file:///Users/HONGBGU/Documents/seadroid/app/src/main/java/com/seafile/seadroid2/ui/settings/TabSettings2Fragment.kt:248:13 Unresolved reference 'R'.
e: file:///Users/HONGBGU/Documents/seadroid/app/src/main/java/com/seafile/seadroid2/ui/settings/TabSettings2Fragment.kt:251:48 Unresolved reference 'setOnPreferenceClickListener'.
e: file:///Users/HONGBGU/Documents/seadroid/app/src/main/java/com/seafile/seadroid2/ui/settings/TabSettings2Fragment.kt:253:73 Return type of 'onPreferenceClick' is not a subtype of the return type of the overridden member 'fun onPreferenceClick(@NonNull() p0: Preference): Boolean'.
e: file:///Users/HONGBGU/Documents/seadroid/app/src/main/java/com/seafile/seadroid2/ui/settings/TabSettings2Fragment.kt:255:25 None of the following candidates is applicable:
constructor(p0: String!, p1: Uri!): Intent
constructor(p0: Context!, p1: Class<*>!): Intent
e: file:///Users/HONGBGU/Documents/seadroid/app/src/main/java/com/seafile/seadroid2/ui/settings/TabSettings2Fragment.kt:255:32 Unresolved reference 'requireActivity'.
e: file:///Users/HONGBGU/Documents/seadroid/app/src/main/java/com/seafile/seadroid2/ui/settings/TabSettings2Fragment.kt:255:51 Unresolved reference 'CameraUploadConfigActivity'.
e: file:///Users/HONGBGU/Documents/seadroid/app/src/main/java/com/seafile/seadroid2/ui/settings/TabSettings2Fragment.kt:255:85 Unresolved reference. None of the following candidates is applicable because of a receiver type mismatch:
val <T> KClass<T>.java: Class<T>
e: file:///Users/HONGBGU/Documents/seadroid/app/src/main/java/com/seafile/seadroid2/ui/settings/TabSettings2Fragment.kt:257:25 Unresolved reference 'CameraUploadConfigActivity'.
e: file:///Users/HONGBGU/Documents/seadroid/app/src/main/java/com/seafile/seadroid2/ui/settings/TabSettings2Fragment.kt:260:57 Only safe (?.) or non-null asserted (!!.) calls are allowed on a nullable receiver of type 'androidx.activity.result.ActivityResultLauncher<android.content.Intent?>?'.
e: file:///Users/HONGBGU/Documents/seadroid/app/src/main/java/com/seafile/seadroid2/ui/settings/TabSettings2Fragment.kt:261:28 Return type mismatch: expected 'java.lang.Boolean', actual 'kotlin.Boolean'.
e: file:///Users/HONGBGU/Documents/seadroid/app/src/main/java/com/seafile/seadroid2/ui/settings/TabSettings2Fragment.kt:269:73 Return type of 'onPreferenceClick' is not a subtype of the return type of the overridden member 'fun onPreferenceClick(@NonNull() p0: Preference): Boolean'.
e: file:///Users/HONGBGU/Documents/seadroid/app/src/main/java/com/seafile/seadroid2/ui/settings/TabSettings2Fragment.kt:272:25 None of the following candidates is applicable:
constructor(p0: String!, p1: Uri!): Intent
constructor(p0: Context!, p1: Class<*>!): Intent
e: file:///Users/HONGBGU/Documents/seadroid/app/src/main/java/com/seafile/seadroid2/ui/settings/TabSettings2Fragment.kt:272:32 Unresolved reference 'requireActivity'.
e: file:///Users/HONGBGU/Documents/seadroid/app/src/main/java/com/seafile/seadroid2/ui/settings/TabSettings2Fragment.kt:272:51 Unresolved reference 'CameraUploadConfigActivity'.
e: file:///Users/HONGBGU/Documents/seadroid/app/src/main/java/com/seafile/seadroid2/ui/settings/TabSettings2Fragment.kt:272:85 Unresolved reference. None of the following candidates is applicable because of a receiver type mismatch:
val <T> KClass<T>.java: Class<T>
e: file:///Users/HONGBGU/Documents/seadroid/app/src/main/java/com/seafile/seadroid2/ui/settings/TabSettings2Fragment.kt:274:25 Unresolved reference 'CameraUploadConfigActivity'.
e: file:///Users/HONGBGU/Documents/seadroid/app/src/main/java/com/seafile/seadroid2/ui/settings/TabSettings2Fragment.kt:277:50 Only safe (?.) or non-null asserted (!!.) calls are allowed on a nullable receiver of type 'androidx.activity.result.ActivityResultLauncher<android.content.Intent?>?'.
e: file:///Users/HONGBGU/Documents/seadroid/app/src/main/java/com/seafile/seadroid2/ui/settings/TabSettings2Fragment.kt:278:28 Return type mismatch: expected 'java.lang.Boolean', actual 'kotlin.Boolean'.
e: file:///Users/HONGBGU/Documents/seadroid/app/src/main/java/com/seafile/seadroid2/ui/settings/TabSettings2Fragment.kt:286:31 Unresolved reference 'findPreference'.
e: file:///Users/HONGBGU/Documents/seadroid/app/src/main/java/com/seafile/seadroid2/ui/settings/TabSettings2Fragment.kt:286:46 Unresolved reference 'TextSwitchPreference'.
e: file:///Users/HONGBGU/Documents/seadroid/app/src/main/java/com/seafile/seadroid2/ui/settings/TabSettings2Fragment.kt:286:68 Unresolved reference 'getString'.
e: file:///Users/HONGBGU/Documents/seadroid/app/src/main/java/com/seafile/seadroid2/ui/settings/TabSettings2Fragment.kt:287:13 Unresolved reference 'R'.
e: file:///Users/HONGBGU/Documents/seadroid/app/src/main/java/com/seafile/seadroid2/ui/settings/TabSettings2Fragment.kt:289:35 Unresolved reference 'findPreference'.
e: file:///Users/HONGBGU/Documents/seadroid/app/src/main/java/com/seafile/seadroid2/ui/settings/TabSettings2Fragment.kt:289:62 Unresolved reference 'getString'.
e: file:///Users/HONGBGU/Documents/seadroid/app/src/main/java/com/seafile/seadroid2/ui/settings/TabSettings2Fragment.kt:290:13 Unresolved reference 'R'.
e: file:///Users/HONGBGU/Documents/seadroid/app/src/main/java/com/seafile/seadroid2/ui/settings/TabSettings2Fragment.kt:292:37 Unresolved reference 'findPreference'.
e: file:///Users/HONGBGU/Documents/seadroid/app/src/main/java/com/seafile/seadroid2/ui/settings/TabSettings2Fragment.kt:292:64 Unresolved reference 'getString'.
e: file:///Users/HONGBGU/Documents/seadroid/app/src/main/java/com/seafile/seadroid2/ui/settings/TabSettings2Fragment.kt:293:13 Unresolved reference 'R'.
e: file:///Users/HONGBGU/Documents/seadroid/app/src/main/java/com/seafile/seadroid2/ui/settings/TabSettings2Fragment.kt:296:36 Unresolved reference 'findPreference'.
e: file:///Users/HONGBGU/Documents/seadroid/app/src/main/java/com/seafile/seadroid2/ui/settings/TabSettings2Fragment.kt:296:67 Unresolved reference 'getString'.
e: file:///Users/HONGBGU/Documents/seadroid/app/src/main/java/com/seafile/seadroid2/ui/settings/TabSettings2Fragment.kt:297:13 Unresolved reference 'R'.
e: file:///Users/HONGBGU/Documents/seadroid/app/src/main/java/com/seafile/seadroid2/ui/settings/TabSettings2Fragment.kt:299:46 Unresolved reference 'findPreference'.
e: file:///Users/HONGBGU/Documents/seadroid/app/src/main/java/com/seafile/seadroid2/ui/settings/TabSettings2Fragment.kt:299:61 Unresolved reference 'TextSwitchPreference'.
e: file:///Users/HONGBGU/Documents/seadroid/app/src/main/java/com/seafile/seadroid2/ui/settings/TabSettings2Fragment.kt:299:83 Unresolved reference 'getString'.
e: file:///Users/HONGBGU/Documents/seadroid/app/src/main/java/com/seafile/seadroid2/ui/settings/TabSettings2Fragment.kt:300:13 Unresolved reference 'R'.
e: file:///Users/HONGBGU/Documents/seadroid/app/src/main/java/com/seafile/seadroid2/ui/settings/TabSettings2Fragment.kt:309:38 Unresolved reference 'ObjSelectorActivity'.
e: file:///Users/HONGBGU/Documents/seadroid/app/src/main/java/com/seafile/seadroid2/ui/settings/TabSettings2Fragment.kt:310:21 Unresolved reference 'requireContext'.
e: file:///Users/HONGBGU/Documents/seadroid/app/src/main/java/com/seafile/seadroid2/ui/settings/TabSettings2Fragment.kt:311:21 Unresolved reference 'ObjSelectType'.
e: file:///Users/HONGBGU/Documents/seadroid/app/src/main/java/com/seafile/seadroid2/ui/settings/TabSettings2Fragment.kt:312:21 Unresolved reference 'ObjSelectType'.
e: file:///Users/HONGBGU/Documents/seadroid/app/src/main/java/com/seafile/seadroid2/ui/settings/TabSettings2Fragment.kt:315:43 Only safe (?.) or non-null asserted (!!.) calls are allowed on a nullable receiver of type 'androidx.activity.result.ActivityResultLauncher<android.content.Intent?>?'.
e: file:///Users/HONGBGU/Documents/seadroid/app/src/main/java/com/seafile/seadroid2/ui/settings/TabSettings2Fragment.kt:324:21 Unresolved reference 'FolderBackupSharePreferenceHelper'.
e: file:///Users/HONGBGU/Documents/seadroid/app/src/main/java/com/seafile/seadroid2/ui/settings/TabSettings2Fragment.kt:327:30 None of the following candidates is applicable:
constructor(p0: String!, p1: Uri!): Intent
constructor(p0: Context!, p1: Class<*>!): Intent
e: file:///Users/HONGBGU/Documents/seadroid/app/src/main/java/com/seafile/seadroid2/ui/settings/TabSettings2Fragment.kt:327:37 Unresolved reference 'requireActivity'.
e: file:///Users/HONGBGU/Documents/seadroid/app/src/main/java/com/seafile/seadroid2/ui/settings/TabSettings2Fragment.kt:327:56 Unresolved reference 'FolderBackupConfigActivity'.
e: file:///Users/HONGBGU/Documents/seadroid/app/src/main/java/com/seafile/seadroid2/ui/settings/TabSettings2Fragment.kt:327:90 Unresolved reference. None of the following candidates is applicable because of a receiver type mismatch:
val <T> KClass<T>.java: Class<T>
e: file:///Users/HONGBGU/Documents/seadroid/app/src/main/java/com/seafile/seadroid2/ui/settings/TabSettings2Fragment.kt:329:30 None of the following candidates is applicable:
constructor(p0: String!, p1: Uri!): Intent
constructor(p0: Context!, p1: Class<*>!): Intent
e: file:///Users/HONGBGU/Documents/seadroid/app/src/main/java/com/seafile/seadroid2/ui/settings/TabSettings2Fragment.kt:329:37 Unresolved reference 'requireActivity'.
e: file:///Users/HONGBGU/Documents/seadroid/app/src/main/java/com/seafile/seadroid2/ui/settings/TabSettings2Fragment.kt:329:56 Unresolved reference 'FolderBackupSelectedPathActivity'.
e: file:///Users/HONGBGU/Documents/seadroid/app/src/main/java/com/seafile/seadroid2/ui/settings/TabSettings2Fragment.kt:329:96 Unresolved reference. None of the following candidates is applicable because of a receiver type mismatch:
val <T> KClass<T>.java: Class<T>
e: file:///Users/HONGBGU/Documents/seadroid/app/src/main/java/com/seafile/seadroid2/ui/settings/TabSettings2Fragment.kt:331:23 Only safe (?.) or non-null asserted (!!.) calls are allowed on a nullable receiver of type 'android.content.Intent?'.
e: file:///Users/HONGBGU/Documents/seadroid/app/src/main/java/com/seafile/seadroid2/ui/settings/TabSettings2Fragment.kt:332:43 Only safe (?.) or non-null asserted (!!.) calls are allowed on a nullable receiver of type 'androidx.activity.result.ActivityResultLauncher<android.content.Intent?>?'.
e: file:///Users/HONGBGU/Documents/seadroid/app/src/main/java/com/seafile/seadroid2/ui/settings/TabSettings2Fragment.kt:339:34 Unresolved reference 'findPreference'.
e: file:///Users/HONGBGU/Documents/seadroid/app/src/main/java/com/seafile/seadroid2/ui/settings/TabSettings2Fragment.kt:339:61 Unresolved reference 'getString'.
e: file:///Users/HONGBGU/Documents/seadroid/app/src/main/java/com/seafile/seadroid2/ui/settings/TabSettings2Fragment.kt:340:13 Unresolved reference 'R'.
e: file:///Users/HONGBGU/Documents/seadroid/app/src/main/java/com/seafile/seadroid2/ui/settings/TabSettings2Fragment.kt:342:32 Unresolved reference 'findPreference'.
e: file:///Users/HONGBGU/Documents/seadroid/app/src/main/java/com/seafile/seadroid2/ui/settings/TabSettings2Fragment.kt:342:59 Unresolved reference 'getString'.
e: file:///Users/HONGBGU/Documents/seadroid/app/src/main/java/com/seafile/seadroid2/ui/settings/TabSettings2Fragment.kt:343:13 Unresolved reference 'R'.
e: file:///Users/HONGBGU/Documents/seadroid/app/src/main/java/com/seafile/seadroid2/ui/settings/TabSettings2Fragment.kt:347:38 None of the following candidates is applicable:
constructor(p0: String!, p1: Uri!): Intent
constructor(p0: Context!, p1: Class<*>!): Intent
e: file:///Users/HONGBGU/Documents/seadroid/app/src/main/java/com/seafile/seadroid2/ui/settings/TabSettings2Fragment.kt:347:45 Unresolved reference 'requireActivity'.
e: file:///Users/HONGBGU/Documents/seadroid/app/src/main/java/com/seafile/seadroid2/ui/settings/TabSettings2Fragment.kt:347:64 Unresolved reference 'TransferActivity'.
e: file:///Users/HONGBGU/Documents/seadroid/app/src/main/java/com/seafile/seadroid2/ui/settings/TabSettings2Fragment.kt:347:88 Unresolved reference. None of the following candidates is applicable because of a receiver type mismatch:
val <T> KClass<T>.java: Class<T>
e: file:///Users/HONGBGU/Documents/seadroid/app/src/main/java/com/seafile/seadroid2/ui/settings/TabSettings2Fragment.kt:353:17 Unresolved reference 'startActivity'.
e: file:///Users/HONGBGU/Documents/seadroid/app/src/main/java/com/seafile/seadroid2/ui/settings/TabSettings2Fragment.kt:359:38 None of the following candidates is applicable:
constructor(p0: String!, p1: Uri!): Intent
constructor(p0: Context!, p1: Class<*>!): Intent
e: file:///Users/HONGBGU/Documents/seadroid/app/src/main/java/com/seafile/seadroid2/ui/settings/TabSettings2Fragment.kt:359:45 Unresolved reference 'requireActivity'.
e: file:///Users/HONGBGU/Documents/seadroid/app/src/main/java/com/seafile/seadroid2/ui/settings/TabSettings2Fragment.kt:359:64 Unresolved reference 'TransferActivity'.
e: file:///Users/HONGBGU/Documents/seadroid/app/src/main/java/com/seafile/seadroid2/ui/settings/TabSettings2Fragment.kt:359:88 Unresolved reference. None of the following candidates is applicable because of a receiver type mismatch:
val <T> KClass<T>.java: Class<T>
e: file:///Users/HONGBGU/Documents/seadroid/app/src/main/java/com/seafile/seadroid2/ui/settings/TabSettings2Fragment.kt:365:17 Unresolved reference 'startActivity'.
e: file:///Users/HONGBGU/Documents/seadroid/app/src/main/java/com/seafile/seadroid2/ui/settings/TabSettings2Fragment.kt:371:33 Unresolved reference 'SwitchStorageDialogFragment'.
e: file:///Users/HONGBGU/Documents/seadroid/app/src/main/java/com/seafile/seadroid2/ui/settings/TabSettings2Fragment.kt:375:38 Unresolved reference 'findPreference'.
e: file:///Users/HONGBGU/Documents/seadroid/app/src/main/java/com/seafile/seadroid2/ui/settings/TabSettings2Fragment.kt:375:53 Unresolved reference 'getString'.
e: file:///Users/HONGBGU/Documents/seadroid/app/src/main/java/com/seafile/seadroid2/ui/settings/TabSettings2Fragment.kt:376:13 Unresolved reference 'R'.
e: file:///Users/HONGBGU/Documents/seadroid/app/src/main/java/com/seafile/seadroid2/ui/settings/TabSettings2Fragment.kt:380:73 Return type of 'onPreferenceClick' is not a subtype of the return type of the overridden member 'fun onPreferenceClick(@NonNull() p0: Preference): Boolean'.
e: file:///Users/HONGBGU/Documents/seadroid/app/src/main/java/com/seafile/seadroid2/ui/settings/TabSettings2Fragment.kt:382:28 Return type mismatch: expected 'java.lang.Boolean', actual 'kotlin.Boolean'.
e: file:///Users/HONGBGU/Documents/seadroid/app/src/main/java/com/seafile/seadroid2/ui/settings/TabSettings2Fragment.kt:387:29 Unresolved reference 'findPreference'.
e: file:///Users/HONGBGU/Documents/seadroid/app/src/main/java/com/seafile/seadroid2/ui/settings/TabSettings2Fragment.kt:387:56 Unresolved reference 'getString'.
e: file:///Users/HONGBGU/Documents/seadroid/app/src/main/java/com/seafile/seadroid2/ui/settings/TabSettings2Fragment.kt:388:13 Unresolved reference 'R'.
e: file:///Users/HONGBGU/Documents/seadroid/app/src/main/java/com/seafile/seadroid2/ui/settings/TabSettings2Fragment.kt:396:77 Return type of 'onPreferenceClick' is not a subtype of the return type of the overridden member 'fun onPreferenceClick(@NonNull() p0: Preference): Boolean'.
e: file:///Users/HONGBGU/Documents/seadroid/app/src/main/java/com/seafile/seadroid2/ui/settings/TabSettings2Fragment.kt:397:70 Unresolved reference 'isVisible'.
e: file:///Users/HONGBGU/Documents/seadroid/app/src/main/java/com/seafile/seadroid2/ui/settings/TabSettings2Fragment.kt:398:36 Return type mismatch: expected 'java.lang.Boolean', actual 'kotlin.Boolean'.
e: file:///Users/HONGBGU/Documents/seadroid/app/src/main/java/com/seafile/seadroid2/ui/settings/TabSettings2Fragment.kt:401:42 Unresolved reference 'SwitchStorageDialogFragment'.
e: file:///Users/HONGBGU/Documents/seadroid/app/src/main/java/com/seafile/seadroid2/ui/settings/TabSettings2Fragment.kt:402:40 Unresolved reference 'show'.
e: file:///Users/HONGBGU/Documents/seadroid/app/src/main/java/com/seafile/seadroid2/ui/settings/TabSettings2Fragment.kt:403:29 Unresolved reference 'getChildFragmentManager'.
e: file:///Users/HONGBGU/Documents/seadroid/app/src/main/java/com/seafile/seadroid2/ui/settings/TabSettings2Fragment.kt:404:29 Unresolved reference 'SwitchStorageDialogFragment'.
e: file:///Users/HONGBGU/Documents/seadroid/app/src/main/java/com/seafile/seadroid2/ui/settings/TabSettings2Fragment.kt:404:64 Unresolved reference. None of the following candidates is applicable because of a receiver type mismatch:
val <T> KClass<T>.java: Class<T>
e: file:///Users/HONGBGU/Documents/seadroid/app/src/main/java/com/seafile/seadroid2/ui/settings/TabSettings2Fragment.kt:406:32 Return type mismatch: expected 'java.lang.Boolean', actual 'kotlin.Boolean'.
e: file:///Users/HONGBGU/Documents/seadroid/app/src/main/java/com/seafile/seadroid2/ui/settings/TabSettings2Fragment.kt:419:39 Unresolved reference 'findPreference'.
e: file:///Users/HONGBGU/Documents/seadroid/app/src/main/java/com/seafile/seadroid2/ui/settings/TabSettings2Fragment.kt:419:54 Unresolved reference 'getString'.
e: file:///Users/HONGBGU/Documents/seadroid/app/src/main/java/com/seafile/seadroid2/ui/settings/TabSettings2Fragment.kt:420:13 Unresolved reference 'R'.
e: file:///Users/HONGBGU/Documents/seadroid/app/src/main/java/com/seafile/seadroid2/ui/settings/TabSettings2Fragment.kt:422:20 Unresolved reference 'TextUtils'.
e: file:///Users/HONGBGU/Documents/seadroid/app/src/main/java/com/seafile/seadroid2/ui/settings/TabSettings2Fragment.kt:422:55 Unresolved reference 'TextUtils'.
e: file:///Users/HONGBGU/Documents/seadroid/app/src/main/java/com/seafile/seadroid2/ui/settings/TabSettings2Fragment.kt:427:77 Return type of 'onPreferenceClick' is not a subtype of the return type of the overridden member 'fun onPreferenceClick(@NonNull() p0: Preference): Boolean'.
e: file:///Users/HONGBGU/Documents/seadroid/app/src/main/java/com/seafile/seadroid2/ui/settings/TabSettings2Fragment.kt:428:25 Unresolved reference 'SeaWebViewActivity'.
e: file:///Users/HONGBGU/Documents/seadroid/app/src/main/java/com/seafile/seadroid2/ui/settings/TabSettings2Fragment.kt:429:29 Unresolved reference 'requireContext'.
e: file:///Users/HONGBGU/Documents/seadroid/app/src/main/java/com/seafile/seadroid2/ui/settings/TabSettings2Fragment.kt:432:32 Return type mismatch: expected 'java.lang.Boolean', actual 'kotlin.Boolean'.
e: file:///Users/HONGBGU/Documents/seadroid/app/src/main/java/com/seafile/seadroid2/ui/settings/TabSettings2Fragment.kt:443:26 Unresolved reference 'TextTitleSummaryPreference'.
e: file:///Users/HONGBGU/Documents/seadroid/app/src/main/java/com/seafile/seadroid2/ui/settings/TabSettings2Fragment.kt:443:56 Unresolved reference 'findPreference'.
e: file:///Users/HONGBGU/Documents/seadroid/app/src/main/java/com/seafile/seadroid2/ui/settings/TabSettings2Fragment.kt:443:71 Unresolved reference 'getString'.
e: file:///Users/HONGBGU/Documents/seadroid/app/src/main/java/com/seafile/seadroid2/ui/settings/TabSettings2Fragment.kt:444:13 Unresolved reference 'R'.
e: file:///Users/HONGBGU/Documents/seadroid/app/src/main/java/com/seafile/seadroid2/ui/settings/TabSettings2Fragment.kt:449:29 Unresolved reference 'setRadiusPosition'.
e: file:///Users/HONGBGU/Documents/seadroid/app/src/main/java/com/seafile/seadroid2/ui/settings/TabSettings2Fragment.kt:449:47 Unresolved reference 'RadiusPositionEnum'.
e: file:///Users/HONGBGU/Documents/seadroid/app/src/main/java/com/seafile/seadroid2/ui/settings/TabSettings2Fragment.kt:450:29 Unresolved reference 'setDividerPosition'.
e: file:///Users/HONGBGU/Documents/seadroid/app/src/main/java/com/seafile/seadroid2/ui/settings/TabSettings2Fragment.kt:450:48 Unresolved reference 'DividerPositionEnum'.
e: file:///Users/HONGBGU/Documents/seadroid/app/src/main/java/com/seafile/seadroid2/ui/settings/TabSettings2Fragment.kt:452:25 Unresolved reference 'setSummary'.
e: file:///Users/HONGBGU/Documents/seadroid/app/src/main/java/com/seafile/seadroid2/ui/settings/TabSettings2Fragment.kt:456:39 Unresolved reference 'findPreference'.
e: file:///Users/HONGBGU/Documents/seadroid/app/src/main/java/com/seafile/seadroid2/ui/settings/TabSettings2Fragment.kt:456:54 Unresolved reference 'getString'.
e: file:///Users/HONGBGU/Documents/seadroid/app/src/main/java/com/seafile/seadroid2/ui/settings/TabSettings2Fragment.kt:457:13 Unresolved reference 'R'.
e: file:///Users/HONGBGU/Documents/seadroid/app/src/main/java/com/seafile/seadroid2/ui/settings/TabSettings2Fragment.kt:461:30 Unresolved reference 'MaterialAlertDialogBuilder'.
e: file:///Users/HONGBGU/Documents/seadroid/app/src/main/java/com/seafile/seadroid2/ui/settings/TabSettings2Fragment.kt:462:21 Unresolved reference 'MaterialAlertDialogBuilder'.
e: file:///Users/HONGBGU/Documents/seadroid/app/src/main/java/com/seafile/seadroid2/ui/settings/TabSettings2Fragment.kt:462:48 Unresolved reference 'requireActivity'.
e: file:///Users/HONGBGU/Documents/seadroid/app/src/main/java/com/seafile/seadroid2/ui/settings/TabSettings2Fragment.kt:463:27 Unresolved reference 'Spanned'.
e: file:///Users/HONGBGU/Documents/seadroid/app/src/main/java/com/seafile/seadroid2/ui/settings/TabSettings2Fragment.kt:463:37 Unresolved reference 'HtmlCompat'.
e: file:///Users/HONGBGU/Documents/seadroid/app/src/main/java/com/seafile/seadroid2/ui/settings/TabSettings2Fragment.kt:464:21 Unresolved reference 'getString'.
e: file:///Users/HONGBGU/Documents/seadroid/app/src/main/java/com/seafile/seadroid2/ui/settings/TabSettings2Fragment.kt:464:31 Unresolved reference 'R'.
e: file:///Users/HONGBGU/Documents/seadroid/app/src/main/java/com/seafile/seadroid2/ui/settings/TabSettings2Fragment.kt:465:21 Unresolved reference 'HtmlCompat'.
e: file:///Users/HONGBGU/Documents/seadroid/app/src/main/java/com/seafile/seadroid2/ui/settings/TabSettings2Fragment.kt:467:25 Unresolved reference 'setMessage'.
e: file:///Users/HONGBGU/Documents/seadroid/app/src/main/java/com/seafile/seadroid2/ui/settings/TabSettings2Fragment.kt:468:25 Unresolved reference 'show'.
e: file:///Users/HONGBGU/Documents/seadroid/app/src/main/java/com/seafile/seadroid2/ui/settings/TabSettings2Fragment.kt:473:43 Unresolved reference 'findPreference'.
e: file:///Users/HONGBGU/Documents/seadroid/app/src/main/java/com/seafile/seadroid2/ui/settings/TabSettings2Fragment.kt:473:58 Unresolved reference 'getString'.
e: file:///Users/HONGBGU/Documents/seadroid/app/src/main/java/com/seafile/seadroid2/ui/settings/TabSettings2Fragment.kt:474:13 Unresolved reference 'R'.
e: file:///Users/HONGBGU/Documents/seadroid/app/src/main/java/com/seafile/seadroid2/ui/settings/TabSettings2Fragment.kt:479:73 Return type of 'onPreferenceClick' is not a subtype of the return type of the overridden member 'fun onPreferenceClick(@NonNull() p0: Preference): Boolean'.
e: file:///Users/HONGBGU/Documents/seadroid/app/src/main/java/com/seafile/seadroid2/ui/settings/TabSettings2Fragment.kt:481:28 Return type mismatch: expected 'java.lang.Boolean', actual 'kotlin.Boolean'.
e: file:///Users/HONGBGU/Documents/seadroid/app/src/main/java/com/seafile/seadroid2/ui/settings/TabSettings2Fragment.kt:488:31 Unresolved reference 'Logs'.
e: file:///Users/HONGBGU/Documents/seadroid/app/src/main/java/com/seafile/seadroid2/ui/settings/TabSettings2Fragment.kt:490:13 Unresolved reference 'Toasts'.
e: file:///Users/HONGBGU/Documents/seadroid/app/src/main/java/com/seafile/seadroid2/ui/settings/TabSettings2Fragment.kt:490:25 Unresolved reference 'R'.
e: file:///Users/HONGBGU/Documents/seadroid/app/src/main/java/com/seafile/seadroid2/ui/settings/TabSettings2Fragment.kt:494:58 Class '<anonymous>' is not abstract and does not implement abstract member 'compare'.
e: file:///Users/HONGBGU/Documents/seadroid/app/src/main/java/com/seafile/seadroid2/ui/settings/TabSettings2Fragment.kt:495:13 'compare' overrides nothing.
e: file:///Users/HONGBGU/Documents/seadroid/app/src/main/java/com/seafile/seadroid2/ui/settings/TabSettings2Fragment.kt:501:13 Unresolved reference 'Toasts'.
e: file:///Users/HONGBGU/Documents/seadroid/app/src/main/java/com/seafile/seadroid2/ui/settings/TabSettings2Fragment.kt:501:25 Unresolved reference 'R'.
e: file:///Users/HONGBGU/Documents/seadroid/app/src/main/java/com/seafile/seadroid2/ui/settings/TabSettings2Fragment.kt:507:13 Unresolved reference 'Toasts'.
e: file:///Users/HONGBGU/Documents/seadroid/app/src/main/java/com/seafile/seadroid2/ui/settings/TabSettings2Fragment.kt:507:25 Unresolved reference 'R'.
e: file:///Users/HONGBGU/Documents/seadroid/app/src/main/java/com/seafile/seadroid2/ui/settings/TabSettings2Fragment.kt:513:25 Unresolved reference 'FileProvider'.
e: file:///Users/HONGBGU/Documents/seadroid/app/src/main/java/com/seafile/seadroid2/ui/settings/TabSettings2Fragment.kt:514:13 Unresolved reference 'requireContext'.
e: file:///Users/HONGBGU/Documents/seadroid/app/src/main/java/com/seafile/seadroid2/ui/settings/TabSettings2Fragment.kt:520:36 Unresolved reference 'WidgetUtils'.
e: file:///Users/HONGBGU/Documents/seadroid/app/src/main/java/com/seafile/seadroid2/ui/settings/TabSettings2Fragment.kt:520:66 Unresolved reference 'requireContext'.
e: file:///Users/HONGBGU/Documents/seadroid/app/src/main/java/com/seafile/seadroid2/ui/settings/TabSettings2Fragment.kt:521:13 Condition type mismatch: inferred type is 'java.lang.Boolean' but 'Boolean' was expected.
e: file:///Users/HONGBGU/Documents/seadroid/app/src/main/java/com/seafile/seadroid2/ui/settings/TabSettings2Fragment.kt:522:13 Unresolved reference 'startActivity'.
e: file:///Users/HONGBGU/Documents/seadroid/app/src/main/java/com/seafile/seadroid2/ui/settings/TabSettings2Fragment.kt:524:27 Unresolved reference 'format'.
e: file:///Users/HONGBGU/Documents/seadroid/app/src/main/java/com/seafile/seadroid2/ui/settings/TabSettings2Fragment.kt:525:17 Unresolved reference 'requireContext'.
e: file:///Users/HONGBGU/Documents/seadroid/app/src/main/java/com/seafile/seadroid2/ui/settings/TabSettings2Fragment.kt:525:44 Unresolved reference 'R'.
e: file:///Users/HONGBGU/Documents/seadroid/app/src/main/java/com/seafile/seadroid2/ui/settings/TabSettings2Fragment.kt:528:13 Unresolved reference 'Toasts'.
e: file:///Users/HONGBGU/Documents/seadroid/app/src/main/java/com/seafile/seadroid2/ui/settings/TabSettings2Fragment.kt:534:29 Unresolved reference 'SignOutDialogFragment'.
e: file:///Users/HONGBGU/Documents/seadroid/app/src/main/java/com/seafile/seadroid2/ui/settings/TabSettings2Fragment.kt:534:53 Unresolved reference 'SignOutDialogFragment'.
e: file:///Users/HONGBGU/Documents/seadroid/app/src/main/java/com/seafile/seadroid2/ui/settings/TabSettings2Fragment.kt:535:24 Unresolved reference 'setRefreshListener'.
e: file:///Users/HONGBGU/Documents/seadroid/app/src/main/java/com/seafile/seadroid2/ui/settings/TabSettings2Fragment.kt:535:43 Unresolved reference 'OnRefreshDataListener'.
e: file:///Users/HONGBGU/Documents/seadroid/app/src/main/java/com/seafile/seadroid2/ui/settings/TabSettings2Fragment.kt:536:17 Condition type mismatch: inferred type is 'java.lang.Boolean' but 'Boolean' was expected.
e: file:///Users/HONGBGU/Documents/seadroid/app/src/main/java/com/seafile/seadroid2/ui/settings/TabSettings2Fragment.kt:537:38 None of the following candidates is applicable:
constructor(p0: String!, p1: Uri!): Intent
constructor(p0: Context!, p1: Class<*>!): Intent
e: file:///Users/HONGBGU/Documents/seadroid/app/src/main/java/com/seafile/seadroid2/ui/settings/TabSettings2Fragment.kt:537:45 Unresolved reference 'requireActivity'.
e: file:///Users/HONGBGU/Documents/seadroid/app/src/main/java/com/seafile/seadroid2/ui/settings/TabSettings2Fragment.kt:537:64 Unresolved reference 'SplashActivity'.
e: file:///Users/HONGBGU/Documents/seadroid/app/src/main/java/com/seafile/seadroid2/ui/settings/TabSettings2Fragment.kt:537:86 Unresolved reference. None of the following candidates is applicable because of a receiver type mismatch:
val <T> KClass<T>.java: Class<T>
e: file:///Users/HONGBGU/Documents/seadroid/app/src/main/java/com/seafile/seadroid2/ui/settings/TabSettings2Fragment.kt:539:17 Unresolved reference 'startActivity'.
e: file:///Users/HONGBGU/Documents/seadroid/app/src/main/java/com/seafile/seadroid2/ui/settings/TabSettings2Fragment.kt:540:17 Unresolved reference 'requireActivity'.
e: file:///Users/HONGBGU/Documents/seadroid/app/src/main/java/com/seafile/seadroid2/ui/settings/TabSettings2Fragment.kt:543:24 Unresolved reference 'show'.
e: file:///Users/HONGBGU/Documents/seadroid/app/src/main/java/com/seafile/seadroid2/ui/settings/TabSettings2Fragment.kt:544:13 Unresolved reference 'getChildFragmentManager'.
e: file:///Users/HONGBGU/Documents/seadroid/app/src/main/java/com/seafile/seadroid2/ui/settings/TabSettings2Fragment.kt:545:13 Unresolved reference 'SignOutDialogFragment'.
e: file:///Users/HONGBGU/Documents/seadroid/app/src/main/java/com/seafile/seadroid2/ui/settings/TabSettings2Fragment.kt:545:42 Unresolved reference. None of the following candidates is applicable because of a receiver type mismatch:
val <T> KClass<T>.java: Class<T>
e: file:///Users/HONGBGU/Documents/seadroid/app/src/main/java/com/seafile/seadroid2/ui/settings/TabSettings2Fragment.kt:551:28 Unresolved reference 'USER_INFO'.
e: file:///Users/HONGBGU/Documents/seadroid/app/src/main/java/com/seafile/seadroid2/ui/settings/TabSettings2Fragment.kt:551:46 Unresolved reference 'getViewLifecycleOwner'.
e: file:///Users/HONGBGU/Documents/seadroid/app/src/main/java/com/seafile/seadroid2/ui/settings/TabSettings2Fragment.kt:553:17 Unresolved reference 'findPreference'.
e: file:///Users/HONGBGU/Documents/seadroid/app/src/main/java/com/seafile/seadroid2/ui/settings/TabSettings2Fragment.kt:553:44 Unresolved reference 'getString'.
e: file:///Users/HONGBGU/Documents/seadroid/app/src/main/java/com/seafile/seadroid2/ui/settings/TabSettings2Fragment.kt:554:21 Unresolved reference 'R'.
e: file:///Users/HONGBGU/Documents/seadroid/app/src/main/java/com/seafile/seadroid2/ui/settings/TabSettings2Fragment.kt:559:44 Only safe (?.) or non-null asserted (!!.) calls are allowed on a nullable receiver of type 'com.seafile.seadroid2.preferences.SettingsLiveData<kotlin.String?>?'.
e: file:///Users/HONGBGU/Documents/seadroid/app/src/main/java/com/seafile/seadroid2/ui/settings/TabSettings2Fragment.kt:560:13 Unresolved reference 'getViewLifecycleOwner'.
e: file:///Users/HONGBGU/Documents/seadroid/app/src/main/java/com/seafile/seadroid2/ui/settings/TabSettings2Fragment.kt:563:21 Unresolved reference 'findPreference'.
e: file:///Users/HONGBGU/Documents/seadroid/app/src/main/java/com/seafile/seadroid2/ui/settings/TabSettings2Fragment.kt:563:48 Unresolved reference 'getString'.
e: file:///Users/HONGBGU/Documents/seadroid/app/src/main/java/com/seafile/seadroid2/ui/settings/TabSettings2Fragment.kt:564:25 Unresolved reference 'R'.
e: file:///Users/HONGBGU/Documents/seadroid/app/src/main/java/com/seafile/seadroid2/ui/settings/TabSettings2Fragment.kt:569:38 Only safe (?.) or non-null asserted (!!.) calls are allowed on a nullable receiver of type 'com.seafile.seadroid2.preferences.SettingsLiveData<kotlin.String?>?'.
e: file:///Users/HONGBGU/Documents/seadroid/app/src/main/java/com/seafile/seadroid2/ui/settings/TabSettings2Fragment.kt:569:47 Unresolved reference 'getViewLifecycleOwner'.
e: file:///Users/HONGBGU/Documents/seadroid/app/src/main/java/com/seafile/seadroid2/ui/settings/TabSettings2Fragment.kt:571:17 Unresolved reference 'findPreference'.
e: file:///Users/HONGBGU/Documents/seadroid/app/src/main/java/com/seafile/seadroid2/ui/settings/TabSettings2Fragment.kt:571:32 Unresolved reference 'getString'.
e: file:///Users/HONGBGU/Documents/seadroid/app/src/main/java/com/seafile/seadroid2/ui/settings/TabSettings2Fragment.kt:572:21 Unresolved reference 'R'.
e: file:///Users/HONGBGU/Documents/seadroid/app/src/main/java/com/seafile/seadroid2/ui/settings/TabSettings2Fragment.kt:578:47 Only safe (?.) or non-null asserted (!!.) calls are allowed on a nullable receiver of type 'com.seafile.seadroid2.preferences.SettingsLiveData<kotlin.Boolean?>?'.
e: file:///Users/HONGBGU/Documents/seadroid/app/src/main/java/com/seafile/seadroid2/ui/settings/TabSettings2Fragment.kt:579:13 Unresolved reference 'getViewLifecycleOwner'.
e: file:///Users/HONGBGU/Documents/seadroid/app/src/main/java/com/seafile/seadroid2/ui/settings/TabSettings2Fragment.kt:580:13 Class '<anonymous>' is not abstract and does not implement abstract member 'onChanged'.
e: file:///Users/HONGBGU/Documents/seadroid/app/src/main/java/com/seafile/seadroid2/ui/settings/TabSettings2Fragment.kt:580:13 Argument type mismatch: actual type is 'com.seafile.seadroid2.ui.settings.<anonymous>', but 'androidx.lifecycle.Observer<in kotlin.Boolean?>' was expected.
e: file:///Users/HONGBGU/Documents/seadroid/app/src/main/java/com/seafile/seadroid2/ui/settings/TabSettings2Fragment.kt:581:17 'onChanged' overrides nothing.
e: file:///Users/HONGBGU/Documents/seadroid/app/src/main/java/com/seafile/seadroid2/ui/settings/TabSettings2Fragment.kt:582:21 Unresolved reference 'Logs'.
e: file:///Users/HONGBGU/Documents/seadroid/app/src/main/java/com/seafile/seadroid2/ui/settings/TabSettings2Fragment.kt:584:25 Condition type mismatch: inferred type is 'java.lang.Boolean' but 'Boolean' was expected.
e: file:///Users/HONGBGU/Documents/seadroid/app/src/main/java/com/seafile/seadroid2/ui/settings/TabSettings2Fragment.kt:587:25 Unresolved reference 'AlbumBackupSharePreferenceHelper'.
e: file:///Users/HONGBGU/Documents/seadroid/app/src/main/java/com/seafile/seadroid2/ui/settings/TabSettings2Fragment.kt:594:65 Only safe (?.) or non-null asserted (!!.) calls are allowed on a nullable receiver of type 'com.seafile.seadroid2.preferences.SettingsLiveData<kotlin.Boolean?>?'.
e: file:///Users/HONGBGU/Documents/seadroid/app/src/main/java/com/seafile/seadroid2/ui/settings/TabSettings2Fragment.kt:595:13 Unresolved reference 'getViewLifecycleOwner'.
e: file:///Users/HONGBGU/Documents/seadroid/app/src/main/java/com/seafile/seadroid2/ui/settings/TabSettings2Fragment.kt:596:13 Argument type mismatch: actual type is 'com.seafile.seadroid2.ui.settings.<anonymous>', but 'androidx.lifecycle.Observer<in kotlin.Boolean?>' was expected.
e: file:///Users/HONGBGU/Documents/seadroid/app/src/main/java/com/seafile/seadroid2/ui/settings/TabSettings2Fragment.kt:598:21 Unresolved reference 'Logs'.
e: file:///Users/HONGBGU/Documents/seadroid/app/src/main/java/com/seafile/seadroid2/ui/settings/TabSettings2Fragment.kt:603:67 Only safe (?.) or non-null asserted (!!.) calls are allowed on a nullable receiver of type 'com.seafile.seadroid2.preferences.SettingsLiveData<kotlin.Boolean?>?'.
e: file:///Users/HONGBGU/Documents/seadroid/app/src/main/java/com/seafile/seadroid2/ui/settings/TabSettings2Fragment.kt:604:13 Unresolved reference 'getViewLifecycleOwner'.
e: file:///Users/HONGBGU/Documents/seadroid/app/src/main/java/com/seafile/seadroid2/ui/settings/TabSettings2Fragment.kt:605:13 Argument type mismatch: actual type is 'com.seafile.seadroid2.ui.settings.<anonymous>', but 'androidx.lifecycle.Observer<in kotlin.Boolean?>' was expected.
e: file:///Users/HONGBGU/Documents/seadroid/app/src/main/java/com/seafile/seadroid2/ui/settings/TabSettings2Fragment.kt:607:21 Unresolved reference 'Logs'.
e: file:///Users/HONGBGU/Documents/seadroid/app/src/main/java/com/seafile/seadroid2/ui/settings/TabSettings2Fragment.kt:636:48 Only safe (?.) or non-null asserted (!!.) calls are allowed on a nullable receiver of type 'com.seafile.seadroid2.preferences.SettingsLiveData<kotlin.Boolean?>?'.
e: file:///Users/HONGBGU/Documents/seadroid/app/src/main/java/com/seafile/seadroid2/ui/settings/TabSettings2Fragment.kt:637:13 Unresolved reference 'getViewLifecycleOwner'.
e: file:///Users/HONGBGU/Documents/seadroid/app/src/main/java/com/seafile/seadroid2/ui/settings/TabSettings2Fragment.kt:638:13 Argument type mismatch: actual type is 'com.seafile.seadroid2.ui.settings.<anonymous>', but 'androidx.lifecycle.Observer<in kotlin.Boolean?>' was expected.
e: file:///Users/HONGBGU/Documents/seadroid/app/src/main/java/com/seafile/seadroid2/ui/settings/TabSettings2Fragment.kt:640:21 Unresolved reference 'Logs'.
e: file:///Users/HONGBGU/Documents/seadroid/app/src/main/java/com/seafile/seadroid2/ui/settings/TabSettings2Fragment.kt:646:25 Unresolved reference 'FolderBackupSharePreferenceHelper'.
e: file:///Users/HONGBGU/Documents/seadroid/app/src/main/java/com/seafile/seadroid2/ui/settings/TabSettings2Fragment.kt:647:25 Unresolved reference 'FolderBackupSharePreferenceHelper'.
e: file:///Users/HONGBGU/Documents/seadroid/app/src/main/java/com/seafile/seadroid2/ui/settings/TabSettings2Fragment.kt:648:25 Unresolved reference 'FolderBackupSharePreferenceHelper'.
e: file:///Users/HONGBGU/Documents/seadroid/app/src/main/java/com/seafile/seadroid2/ui/settings/TabSettings2Fragment.kt:657:59 Only safe (?.) or non-null asserted (!!.) calls are allowed on a nullable receiver of type 'com.seafile.seadroid2.preferences.SettingsLiveData<kotlin.Boolean?>?'.
e: file:///Users/HONGBGU/Documents/seadroid/app/src/main/java/com/seafile/seadroid2/ui/settings/TabSettings2Fragment.kt:658:13 Unresolved reference 'getViewLifecycleOwner'.
e: file:///Users/HONGBGU/Documents/seadroid/app/src/main/java/com/seafile/seadroid2/ui/settings/TabSettings2Fragment.kt:659:13 Class '<anonymous>' is not abstract and does not implement abstract member 'onChanged'.
e: file:///Users/HONGBGU/Documents/seadroid/app/src/main/java/com/seafile/seadroid2/ui/settings/TabSettings2Fragment.kt:660:17 'onChanged' overrides nothing.
e: file:///Users/HONGBGU/Documents/seadroid/app/src/main/java/com/seafile/seadroid2/ui/settings/TabSettings2Fragment.kt:661:21 Unresolved reference 'Logs'.
e: file:///Users/HONGBGU/Documents/seadroid/app/src/main/java/com/seafile/seadroid2/ui/settings/TabSettings2Fragment.kt:663:21 Unresolved reference 'FolderBackupSharePreferenceHelper'.
e: file:///Users/HONGBGU/Documents/seadroid/app/src/main/java/com/seafile/seadroid2/ui/settings/TabSettings2Fragment.kt:669:54 Only safe (?.) or non-null asserted (!!.) calls are allowed on a nullable receiver of type 'com.seafile.seadroid2.preferences.SettingsLiveData<com.seafile.seadroid2.enums.NetworkMode?>?'.
e: file:///Users/HONGBGU/Documents/seadroid/app/src/main/java/com/seafile/seadroid2/ui/settings/TabSettings2Fragment.kt:670:13 Unresolved reference 'getViewLifecycleOwner'.
e: file:///Users/HONGBGU/Documents/seadroid/app/src/main/java/com/seafile/seadroid2/ui/settings/TabSettings2Fragment.kt:671:13 Class '<anonymous>' is not abstract and does not implement abstract member 'onChanged'.
e: file:///Users/HONGBGU/Documents/seadroid/app/src/main/java/com/seafile/seadroid2/ui/settings/TabSettings2Fragment.kt:671:31 Unresolved reference 'NetworkMode'.
e: file:///Users/HONGBGU/Documents/seadroid/app/src/main/java/com/seafile/seadroid2/ui/settings/TabSettings2Fragment.kt:672:17 'onChanged' overrides nothing.
e: file:///Users/HONGBGU/Documents/seadroid/app/src/main/java/com/seafile/seadroid2/ui/settings/TabSettings2Fragment.kt:672:53 Unresolved reference 'NetworkMode'.
e: file:///Users/HONGBGU/Documents/seadroid/app/src/main/java/com/seafile/seadroid2/ui/settings/TabSettings2Fragment.kt:673:21 Unresolved reference 'Logs'.
e: file:///Users/HONGBGU/Documents/seadroid/app/src/main/java/com/seafile/seadroid2/ui/settings/TabSettings2Fragment.kt:673:75 Unresolved reference 'name'.
e: file:///Users/HONGBGU/Documents/seadroid/app/src/main/java/com/seafile/seadroid2/ui/settings/TabSettings2Fragment.kt:690:51 Only safe (?.) or non-null asserted (!!.) calls are allowed on a nullable receiver of type 'com.seafile.seadroid2.preferences.SettingsLiveData<kotlin.String?>?'.
e: file:///Users/HONGBGU/Documents/seadroid/app/src/main/java/com/seafile/seadroid2/ui/settings/TabSettings2Fragment.kt:691:13 Unresolved reference 'getViewLifecycleOwner'.
e: file:///Users/HONGBGU/Documents/seadroid/app/src/main/java/com/seafile/seadroid2/ui/settings/TabSettings2Fragment.kt:694:21 Unresolved reference 'Logs'.
e: file:///Users/HONGBGU/Documents/seadroid/app/src/main/java/com/seafile/seadroid2/ui/settings/TabSettings2Fragment.kt:700:49 Only safe (?.) or non-null asserted (!!.) calls are allowed on a nullable receiver of type 'com.seafile.seadroid2.preferences.SettingsLiveData<kotlin.String?>?'.
e: file:///Users/HONGBGU/Documents/seadroid/app/src/main/java/com/seafile/seadroid2/ui/settings/TabSettings2Fragment.kt:701:13 Unresolved reference 'getViewLifecycleOwner'.
e: file:///Users/HONGBGU/Documents/seadroid/app/src/main/java/com/seafile/seadroid2/ui/settings/TabSettings2Fragment.kt:704:21 Unresolved reference 'Logs'.
e: file:///Users/HONGBGU/Documents/seadroid/app/src/main/java/com/seafile/seadroid2/ui/settings/TabSettings2Fragment.kt:712:38 Only safe (?.) or non-null asserted (!!.) calls are allowed on a nullable receiver of type 'com.seafile.seadroid2.preferences.SettingsLiveData<kotlin.String?>?'.
e: file:///Users/HONGBGU/Documents/seadroid/app/src/main/java/com/seafile/seadroid2/ui/settings/TabSettings2Fragment.kt:712:47 Unresolved reference 'getViewLifecycleOwner'.
e: file:///Users/HONGBGU/Documents/seadroid/app/src/main/java/com/seafile/seadroid2/ui/settings/TabSettings2Fragment.kt:714:17 Unresolved reference 'Logs'.
e: file:///Users/HONGBGU/Documents/seadroid/app/src/main/java/com/seafile/seadroid2/ui/settings/TabSettings2Fragment.kt:715:17 Unresolved reference 'findPreference'.
e: file:///Users/HONGBGU/Documents/seadroid/app/src/main/java/com/seafile/seadroid2/ui/settings/TabSettings2Fragment.kt:715:32 Unresolved reference 'getString'.
e: file:///Users/HONGBGU/Documents/seadroid/app/src/main/java/com/seafile/seadroid2/ui/settings/TabSettings2Fragment.kt:716:21 Unresolved reference 'R'.
e: file:///Users/HONGBGU/Documents/seadroid/app/src/main/java/com/seafile/seadroid2/ui/settings/TabSettings2Fragment.kt:723:9 Unresolved reference 'BusHelper'.
e: file:///Users/HONGBGU/Documents/seadroid/app/src/main/java/com/seafile/seadroid2/ui/settings/TabSettings2Fragment.kt:724:22 Unresolved reference 'getViewLifecycleOwner'.
e: file:///Users/HONGBGU/Documents/seadroid/app/src/main/java/com/seafile/seadroid2/ui/settings/TabSettings2Fragment.kt:724:47 Class '<anonymous>' is not abstract and does not implement abstract member 'onChanged'.
e: file:///Users/HONGBGU/Documents/seadroid/app/src/main/java/com/seafile/seadroid2/ui/settings/TabSettings2Fragment.kt:725:17 'onChanged' overrides nothing.
e: file:///Users/HONGBGU/Documents/seadroid/app/src/main/java/com/seafile/seadroid2/ui/settings/TabSettings2Fragment.kt:732:49 Unresolved reference 'TransferWorker'.
e: file:///Users/HONGBGU/Documents/seadroid/app/src/main/java/com/seafile/seadroid2/ui/settings/TabSettings2Fragment.kt:733:50 Unresolved reference 'TransferWorker'.
e: file:///Users/HONGBGU/Documents/seadroid/app/src/main/java/com/seafile/seadroid2/ui/settings/TabSettings2Fragment.kt:734:45 Unresolved reference 'TransferWorker'.
e: file:///Users/HONGBGU/Documents/seadroid/app/src/main/java/com/seafile/seadroid2/ui/settings/TabSettings2Fragment.kt:735:49 Unresolved reference 'TransferWorker'.
e: file:///Users/HONGBGU/Documents/seadroid/app/src/main/java/com/seafile/seadroid2/ui/settings/TabSettings2Fragment.kt:736:45 Unresolved reference 'TransferWorker'.
e: file:///Users/HONGBGU/Documents/seadroid/app/src/main/java/com/seafile/seadroid2/ui/settings/TabSettings2Fragment.kt:738:9 Unresolved reference 'Logs'.
e: file:///Users/HONGBGU/Documents/seadroid/app/src/main/java/com/seafile/seadroid2/ui/settings/TabSettings2Fragment.kt:745:13 Unresolved reference 'TextUtils'.
e: file:///Users/HONGBGU/Documents/seadroid/app/src/main/java/com/seafile/seadroid2/ui/settings/TabSettings2Fragment.kt:745:43 Unresolved reference 'TransferEvent'.
e: file:///Users/HONGBGU/Documents/seadroid/app/src/main/java/com/seafile/seadroid2/ui/settings/TabSettings2Fragment.kt:747:20 Unresolved reference 'TextUtils'.
e: file:///Users/HONGBGU/Documents/seadroid/app/src/main/java/com/seafile/seadroid2/ui/settings/TabSettings2Fragment.kt:747:50 Unresolved reference 'TransferEvent'.
e: file:///Users/HONGBGU/Documents/seadroid/app/src/main/java/com/seafile/seadroid2/ui/settings/TabSettings2Fragment.kt:749:20 Unresolved reference 'TextUtils'.
e: file:///Users/HONGBGU/Documents/seadroid/app/src/main/java/com/seafile/seadroid2/ui/settings/TabSettings2Fragment.kt:749:50 Unresolved reference 'TransferEvent'.
e: file:///Users/HONGBGU/Documents/seadroid/app/src/main/java/com/seafile/seadroid2/ui/settings/TabSettings2Fragment.kt:751:20 Unresolved reference 'TextUtils'.
e: file:///Users/HONGBGU/Documents/seadroid/app/src/main/java/com/seafile/seadroid2/ui/settings/TabSettings2Fragment.kt:751:50 Unresolved reference 'TransferEvent'.
e: file:///Users/HONGBGU/Documents/seadroid/app/src/main/java/com/seafile/seadroid2/ui/settings/TabSettings2Fragment.kt:753:20 Unresolved reference 'TextUtils'.
e: file:///Users/HONGBGU/Documents/seadroid/app/src/main/java/com/seafile/seadroid2/ui/settings/TabSettings2Fragment.kt:753:50 Unresolved reference 'TransferEvent'.
e: file:///Users/HONGBGU/Documents/seadroid/app/src/main/java/com/seafile/seadroid2/ui/settings/TabSettings2Fragment.kt:755:20 Unresolved reference 'TextUtils'.
e: file:///Users/HONGBGU/Documents/seadroid/app/src/main/java/com/seafile/seadroid2/ui/settings/TabSettings2Fragment.kt:755:50 Unresolved reference 'TransferEvent'.
e: file:///Users/HONGBGU/Documents/seadroid/app/src/main/java/com/seafile/seadroid2/ui/settings/TabSettings2Fragment.kt:757:20 Unresolved reference 'TextUtils'.
e: file:///Users/HONGBGU/Documents/seadroid/app/src/main/java/com/seafile/seadroid2/ui/settings/TabSettings2Fragment.kt:757:50 Unresolved reference 'TransferEvent'.
e: file:///Users/HONGBGU/Documents/seadroid/app/src/main/java/com/seafile/seadroid2/ui/settings/TabSettings2Fragment.kt:768:13 Unresolved reference 'not' for operator '!'.
e: file:///Users/HONGBGU/Documents/seadroid/app/src/main/java/com/seafile/seadroid2/ui/settings/TabSettings2Fragment.kt:768:14 Unresolved reference 'TextUtils'.
e: file:///Users/HONGBGU/Documents/seadroid/app/src/main/java/com/seafile/seadroid2/ui/settings/TabSettings2Fragment.kt:773:13 Unresolved reference 'TextUtils'.
e: file:///Users/HONGBGU/Documents/seadroid/app/src/main/java/com/seafile/seadroid2/ui/settings/TabSettings2Fragment.kt:773:43 Unresolved reference 'TransferEvent'.
e: file:///Users/HONGBGU/Documents/seadroid/app/src/main/java/com/seafile/seadroid2/ui/settings/TabSettings2Fragment.kt:774:33 Only safe (?.) or non-null asserted (!!.) calls are allowed on a nullable receiver of type 'androidx.preference.Preference?'.
e: file:///Users/HONGBGU/Documents/seadroid/app/src/main/java/com/seafile/seadroid2/ui/settings/TabSettings2Fragment.kt:774:45 Unresolved reference 'R'.
e: file:///Users/HONGBGU/Documents/seadroid/app/src/main/java/com/seafile/seadroid2/ui/settings/TabSettings2Fragment.kt:778:13 Unresolved reference 'FeatureDataSource'.
e: file:///Users/HONGBGU/Documents/seadroid/app/src/main/java/com/seafile/seadroid2/ui/settings/TabSettings2Fragment.kt:779:16 Unresolved reference 'FeatureDataSource'.
e: file:///Users/HONGBGU/Documents/seadroid/app/src/main/java/com/seafile/seadroid2/ui/settings/TabSettings2Fragment.kt:780:16 Unresolved reference 'FeatureDataSource'.
e: file:///Users/HONGBGU/Documents/seadroid/app/src/main/java/com/seafile/seadroid2/ui/settings/TabSettings2Fragment.kt:782:42 Unresolved reference 'GlobalTransferCacheList'.
e: file:///Users/HONGBGU/Documents/seadroid/app/src/main/java/com/seafile/seadroid2/ui/settings/TabSettings2Fragment.kt:788:20 Unresolved reference 'FeatureDataSource'.
e: file:///Users/HONGBGU/Documents/seadroid/app/src/main/java/com/seafile/seadroid2/ui/settings/TabSettings2Fragment.kt:789:42 Unresolved reference 'GlobalTransferCacheList'.
e: file:///Users/HONGBGU/Documents/seadroid/app/src/main/java/com/seafile/seadroid2/ui/settings/TabSettings2Fragment.kt:810:13 Unresolved reference 'PermissionUtil'.
e: file:///Users/HONGBGU/Documents/seadroid/app/src/main/java/com/seafile/seadroid2/ui/settings/TabSettings2Fragment.kt:810:49 Unresolved reference 'requireContext'.
e: file:///Users/HONGBGU/Documents/seadroid/app/src/main/java/com/seafile/seadroid2/ui/settings/TabSettings2Fragment.kt:811:34 None of the following candidates is applicable:
constructor(p0: String!, p1: Uri!): Intent
constructor(p0: Context!, p1: Class<*>!): Intent
e: file:///Users/HONGBGU/Documents/seadroid/app/src/main/java/com/seafile/seadroid2/ui/settings/TabSettings2Fragment.kt:811:41 Unresolved reference 'requireActivity'.
e: file:///Users/HONGBGU/Documents/seadroid/app/src/main/java/com/seafile/seadroid2/ui/settings/TabSettings2Fragment.kt:811:60 Unresolved reference 'CameraUploadConfigActivity'.
e: file:///Users/HONGBGU/Documents/seadroid/app/src/main/java/com/seafile/seadroid2/ui/settings/TabSettings2Fragment.kt:811:94 Unresolved reference. None of the following candidates is applicable because of a receiver type mismatch:
val <T> KClass<T>.java: Class<T>
e: file:///Users/HONGBGU/Documents/seadroid/app/src/main/java/com/seafile/seadroid2/ui/settings/TabSettings2Fragment.kt:812:38 Only safe (?.) or non-null asserted (!!.) calls are allowed on a nullable receiver of type 'androidx.activity.result.ActivityResultLauncher<android.content.Intent?>?'.
e: file:///Users/HONGBGU/Documents/seadroid/app/src/main/java/com/seafile/seadroid2/ui/settings/TabSettings2Fragment.kt:822:13 Unresolved reference 'PermissionUtil'.
e: file:///Users/HONGBGU/Documents/seadroid/app/src/main/java/com/seafile/seadroid2/ui/settings/TabSettings2Fragment.kt:822:49 Unresolved reference 'requireContext'.
e: file:///Users/HONGBGU/Documents/seadroid/app/src/main/java/com/seafile/seadroid2/ui/settings/TabSettings2Fragment.kt:831:13 Unresolved reference 'PermissionUtil'.
e: file:///Users/HONGBGU/Documents/seadroid/app/src/main/java/com/seafile/seadroid2/ui/settings/TabSettings2Fragment.kt:831:49 Unresolved reference 'requireContext'.
e: file:///Users/HONGBGU/Documents/seadroid/app/src/main/java/com/seafile/seadroid2/ui/settings/TabSettings2Fragment.kt:835:25 Unresolved reference 'requireContext'.
e: file:///Users/HONGBGU/Documents/seadroid/app/src/main/java/com/seafile/seadroid2/ui/settings/TabSettings2Fragment.kt:837:30 For-loop range must have an 'iterator()' method.
e: file:///Users/HONGBGU/Documents/seadroid/app/src/main/java/com/seafile/seadroid2/ui/settings/TabSettings2Fragment.kt:844:34 None of the following candidates is applicable:
constructor(p0: String!, p1: Uri!): Intent
constructor(p0: Context!, p1: Class<*>!): Intent
e: file:///Users/HONGBGU/Documents/seadroid/app/src/main/java/com/seafile/seadroid2/ui/settings/TabSettings2Fragment.kt:844:41 Unresolved reference 'requireContext'.
e: file:///Users/HONGBGU/Documents/seadroid/app/src/main/java/com/seafile/seadroid2/ui/settings/TabSettings2Fragment.kt:844:59 Unresolved reference 'FolderSelectorActivity'.
e: file:///Users/HONGBGU/Documents/seadroid/app/src/main/java/com/seafile/seadroid2/ui/settings/TabSettings2Fragment.kt:844:89 Unresolved reference. None of the following candidates is applicable because of a receiver type mismatch:
val <T> KClass<T>.java: Class<T>
e: file:///Users/HONGBGU/Documents/seadroid/app/src/main/java/com/seafile/seadroid2/ui/settings/TabSettings2Fragment.kt:845:29 Unresolved reference 'FolderSelectorActivity'.
e: file:///Users/HONGBGU/Documents/seadroid/app/src/main/java/com/seafile/seadroid2/ui/settings/TabSettings2Fragment.kt:847:17 Unresolved reference 'FolderSelectorActivity'.
e: file:///Users/HONGBGU/Documents/seadroid/app/src/main/java/com/seafile/seadroid2/ui/settings/TabSettings2Fragment.kt:850:35 Only safe (?.) or non-null asserted (!!.) calls are allowed on a nullable receiver of type 'androidx.activity.result.ActivityResultLauncher<android.content.Intent?>?'.
e: file:///Users/HONGBGU/Documents/seadroid/app/src/main/java/com/seafile/seadroid2/ui/settings/TabSettings2Fragment.kt:859:13 Unresolved reference 'Build'.
e: file:///Users/HONGBGU/Documents/seadroid/app/src/main/java/com/seafile/seadroid2/ui/settings/TabSettings2Fragment.kt:859:37 Unresolved reference 'Build'.
e: file:///Users/HONGBGU/Documents/seadroid/app/src/main/java/com/seafile/seadroid2/ui/settings/TabSettings2Fragment.kt:860:19 Unresolved reference 'R'.
e: file:///Users/HONGBGU/Documents/seadroid/app/src/main/java/com/seafile/seadroid2/ui/settings/TabSettings2Fragment.kt:862:19 Unresolved reference 'R'.
e: file:///Users/HONGBGU/Documents/seadroid/app/src/main/java/com/seafile/seadroid2/ui/settings/TabSettings2Fragment.kt:865:9 Unresolved reference 'MaterialAlertDialogBuilder'.
e: file:///Users/HONGBGU/Documents/seadroid/app/src/main/java/com/seafile/seadroid2/ui/settings/TabSettings2Fragment.kt:865:36 Unresolved reference 'requireContext'.
e: file:///Users/HONGBGU/Documents/seadroid/app/src/main/java/com/seafile/seadroid2/ui/settings/TabSettings2Fragment.kt:869:17 Unresolved reference 'R'.
e: file:///Users/HONGBGU/Documents/seadroid/app/src/main/java/com/seafile/seadroid2/ui/settings/TabSettings2Fragment.kt:870:17 Unresolved reference 'DialogInterface'.
e: file:///Users/HONGBGU/Documents/seadroid/app/src/main/java/com/seafile/seadroid2/ui/settings/TabSettings2Fragment.kt:870:59 Unresolved reference 'DialogInterface'.
e: file:///Users/HONGBGU/Documents/seadroid/app/src/main/java/com/seafile/seadroid2/ui/settings/TabSettings2Fragment.kt:871:28 Unresolved reference 'dismiss'.
e: file:///Users/HONGBGU/Documents/seadroid/app/src/main/java/com/seafile/seadroid2/ui/settings/TabSettings2Fragment.kt:872:21 Unresolved reference 'Toasts'.
e: file:///Users/HONGBGU/Documents/seadroid/app/src/main/java/com/seafile/seadroid2/ui/settings/TabSettings2Fragment.kt:880:17 Unresolved reference 'R'.
e: file:///Users/HONGBGU/Documents/seadroid/app/src/main/java/com/seafile/seadroid2/ui/settings/TabSettings2Fragment.kt:881:17 Unresolved reference 'DialogInterface'.
e: file:///Users/HONGBGU/Documents/seadroid/app/src/main/java/com/seafile/seadroid2/ui/settings/TabSettings2Fragment.kt:881:59 Unresolved reference 'DialogInterface'.
e: file:///Users/HONGBGU/Documents/seadroid/app/src/main/java/com/seafile/seadroid2/ui/settings/TabSettings2Fragment.kt:882:28 Unresolved reference 'dismiss'.
e: file:///Users/HONGBGU/Documents/seadroid/app/src/main/java/com/seafile/seadroid2/ui/settings/TabSettings2Fragment.kt:883:25 Unresolved reference 'Build'.
e: file:///Users/HONGBGU/Documents/seadroid/app/src/main/java/com/seafile/seadroid2/ui/settings/TabSettings2Fragment.kt:883:50 Unresolved reference 'Build'.
e: file:///Users/HONGBGU/Documents/seadroid/app/src/main/java/com/seafile/seadroid2/ui/settings/TabSettings2Fragment.kt:884:57 Only safe (?.) or non-null asserted (!!.) calls are allowed on a nullable receiver of type 'androidx.activity.result.ActivityResultLauncher<android.content.Intent?>?'.
e: file:///Users/HONGBGU/Documents/seadroid/app/src/main/java/com/seafile/seadroid2/ui/settings/TabSettings2Fragment.kt:885:29 Unresolved reference 'PermissionUtil'.
e: file:///Users/HONGBGU/Documents/seadroid/app/src/main/java/com/seafile/seadroid2/ui/settings/TabSettings2Fragment.kt:886:33 Unresolved reference 'requireContext'.
e: file:///Users/HONGBGU/Documents/seadroid/app/src/main/java/com/seafile/seadroid2/ui/settings/TabSettings2Fragment.kt:890:52 Only safe (?.) or non-null asserted (!!.) calls are allowed on a nullable receiver of type 'androidx.activity.result.ActivityResultLauncher<kotlin.Array<kotlin.String?>?>?'.
e: file:///Users/HONGBGU/Documents/seadroid/app/src/main/java/com/seafile/seadroid2/ui/settings/TabSettings2Fragment.kt:891:29 Argument type mismatch: actual type is 'kotlin.Array<kotlin.String>', but 'kotlin.Array<kotlin.String?>?' was expected.
e: file:///Users/HONGBGU/Documents/seadroid/app/src/main/java/com/seafile/seadroid2/ui/settings/TabSettings2Fragment.kt:892:33 Unresolved reference 'Manifest'.
e: file:///Users/HONGBGU/Documents/seadroid/app/src/main/java/com/seafile/seadroid2/ui/settings/TabSettings2Fragment.kt:893:33 Unresolved reference 'Manifest'.
e: file:///Users/HONGBGU/Documents/seadroid/app/src/main/java/com/seafile/seadroid2/ui/settings/TabSettings2Fragment.kt:902:28 Unresolved reference 'setChecked'.
e: file:///Users/HONGBGU/Documents/seadroid/app/src/main/java/com/seafile/seadroid2/ui/settings/TabSettings2Fragment.kt:906:32 Unresolved reference 'setRadiusPosition'.
e: file:///Users/HONGBGU/Documents/seadroid/app/src/main/java/com/seafile/seadroid2/ui/settings/TabSettings2Fragment.kt:906:50 Unresolved reference 'RadiusPositionEnum'.
e: file:///Users/HONGBGU/Documents/seadroid/app/src/main/java/com/seafile/seadroid2/ui/settings/TabSettings2Fragment.kt:907:32 Unresolved reference 'setDividerPosition'.
e: file:///Users/HONGBGU/Documents/seadroid/app/src/main/java/com/seafile/seadroid2/ui/settings/TabSettings2Fragment.kt:907:51 Unresolved reference 'DividerPositionEnum'.
e: file:///Users/HONGBGU/Documents/seadroid/app/src/main/java/com/seafile/seadroid2/ui/settings/TabSettings2Fragment.kt:909:32 Unresolved reference 'setRadiusPosition'.
e: file:///Users/HONGBGU/Documents/seadroid/app/src/main/java/com/seafile/seadroid2/ui/settings/TabSettings2Fragment.kt:909:50 Unresolved reference 'RadiusPositionEnum'.
e: file:///Users/HONGBGU/Documents/seadroid/app/src/main/java/com/seafile/seadroid2/ui/settings/TabSettings2Fragment.kt:910:32 Unresolved reference 'setDividerPosition'.
e: file:///Users/HONGBGU/Documents/seadroid/app/src/main/java/com/seafile/seadroid2/ui/settings/TabSettings2Fragment.kt:910:51 Unresolved reference 'DividerPositionEnum'.
e: file:///Users/HONGBGU/Documents/seadroid/app/src/main/java/com/seafile/seadroid2/ui/settings/TabSettings2Fragment.kt:915:44 Unresolved reference 'setVisible'.
e: file:///Users/HONGBGU/Documents/seadroid/app/src/main/java/com/seafile/seadroid2/ui/settings/TabSettings2Fragment.kt:916:41 Unresolved reference 'setVisible'.
e: file:///Users/HONGBGU/Documents/seadroid/app/src/main/java/com/seafile/seadroid2/ui/settings/TabSettings2Fragment.kt:918:44 Unresolved reference 'setVisible'.
e: file:///Users/HONGBGU/Documents/seadroid/app/src/main/java/com/seafile/seadroid2/ui/settings/TabSettings2Fragment.kt:924:21 Unresolved reference 'isAdded'.
e: file:///Users/HONGBGU/Documents/seadroid/app/src/main/java/com/seafile/seadroid2/ui/settings/TabSettings2Fragment.kt:932:14 Unresolved reference 'isAdded'.
e: file:///Users/HONGBGU/Documents/seadroid/app/src/main/java/com/seafile/seadroid2/ui/settings/TabSettings2Fragment.kt:932:27 Unresolved reference 'getView'.
e: file:///Users/HONGBGU/Documents/seadroid/app/src/main/java/com/seafile/seadroid2/ui/settings/TabSettings2Fragment.kt:936:25 Unresolved reference 'RepoConfig'.
e: file:///Users/HONGBGU/Documents/seadroid/app/src/main/java/com/seafile/seadroid2/ui/settings/TabSettings2Fragment.kt:936:39 Unresolved reference 'AlbumBackupSharePreferenceHelper'.
e: file:///Users/HONGBGU/Documents/seadroid/app/src/main/java/com/seafile/seadroid2/ui/settings/TabSettings2Fragment.kt:938:29 Only safe (?.) or non-null asserted (!!.) calls are allowed on a nullable receiver of type 'androidx.preference.Preference?'.
e: file:///Users/HONGBGU/Documents/seadroid/app/src/main/java/com/seafile/seadroid2/ui/settings/TabSettings2Fragment.kt:938:52 Unresolved reference 'getRepoName'.
e: file:///Users/HONGBGU/Documents/seadroid/app/src/main/java/com/seafile/seadroid2/ui/settings/TabSettings2Fragment.kt:940:29 Only safe (?.) or non-null asserted (!!.) calls are allowed on a nullable receiver of type 'androidx.preference.Preference?'.
e: file:///Users/HONGBGU/Documents/seadroid/app/src/main/java/com/seafile/seadroid2/ui/settings/TabSettings2Fragment.kt:940:41 Unresolved reference 'getString'.
e: file:///Users/HONGBGU/Documents/seadroid/app/src/main/java/com/seafile/seadroid2/ui/settings/TabSettings2Fragment.kt:940:51 Unresolved reference 'R'.
e: file:///Users/HONGBGU/Documents/seadroid/app/src/main/java/com/seafile/seadroid2/ui/settings/TabSettings2Fragment.kt:944:13 Initializer type mismatch: expected 'kotlin.Boolean', actual 'kotlin.Boolean?'.
e: file:///Users/HONGBGU/Documents/seadroid/app/src/main/java/com/seafile/seadroid2/ui/settings/TabSettings2Fragment.kt:944:69 Only safe (?.) or non-null asserted (!!.) calls are allowed on a nullable receiver of type 'com.seafile.seadroid2.preferences.SettingsLiveData<kotlin.Boolean?>?'.
e: file:///Users/HONGBGU/Documents/seadroid/app/src/main/java/com/seafile/seadroid2/ui/settings/TabSettings2Fragment.kt:946:48 Unresolved reference 'setChecked'.
e: file:///Users/HONGBGU/Documents/seadroid/app/src/main/java/com/seafile/seadroid2/ui/settings/TabSettings2Fragment.kt:950:13 Initializer type mismatch: expected 'kotlin.Boolean', actual 'kotlin.Boolean?'.
e: file:///Users/HONGBGU/Documents/seadroid/app/src/main/java/com/seafile/seadroid2/ui/settings/TabSettings2Fragment.kt:950:71 Only safe (?.) or non-null asserted (!!.) calls are allowed on a nullable receiver of type 'com.seafile.seadroid2.preferences.SettingsLiveData<kotlin.Boolean?>?'.
e: file:///Users/HONGBGU/Documents/seadroid/app/src/main/java/com/seafile/seadroid2/ui/settings/TabSettings2Fragment.kt:952:45 Unresolved reference 'setChecked'.
e: file:///Users/HONGBGU/Documents/seadroid/app/src/main/java/com/seafile/seadroid2/ui/settings/TabSettings2Fragment.kt:960:51 Unresolved reference 'AlbumBackupSharePreferenceHelper'.
e: file:///Users/HONGBGU/Documents/seadroid/app/src/main/java/com/seafile/seadroid2/ui/settings/TabSettings2Fragment.kt:962:52 Unresolved reference 'setSummary'.
e: file:///Users/HONGBGU/Documents/seadroid/app/src/main/java/com/seafile/seadroid2/ui/settings/TabSettings2Fragment.kt:962:63 Unresolved reference 'R'.
e: file:///Users/HONGBGU/Documents/seadroid/app/src/main/java/com/seafile/seadroid2/ui/settings/TabSettings2Fragment.kt:963:34 Unresolved reference 'ContextCompat'.
e: file:///Users/HONGBGU/Documents/seadroid/app/src/main/java/com/seafile/seadroid2/ui/settings/TabSettings2Fragment.kt:963:57 Unresolved reference 'requireContext'.
e: file:///Users/HONGBGU/Documents/seadroid/app/src/main/java/com/seafile/seadroid2/ui/settings/TabSettings2Fragment.kt:963:75 Unresolved reference 'R'.
e: file:///Users/HONGBGU/Documents/seadroid/app/src/main/java/com/seafile/seadroid2/ui/settings/TabSettings2Fragment.kt:964:52 Unresolved reference 'setSummaryTextColor'.
e: file:///Users/HONGBGU/Documents/seadroid/app/src/main/java/com/seafile/seadroid2/ui/settings/TabSettings2Fragment.kt:967:46 Unresolved reference 'GalleryBucketUtils'.
e: file:///Users/HONGBGU/Documents/seadroid/app/src/main/java/com/seafile/seadroid2/ui/settings/TabSettings2Fragment.kt:968:21 Unresolved reference 'GalleryBucketUtils'.
e: file:///Users/HONGBGU/Documents/seadroid/app/src/main/java/com/seafile/seadroid2/ui/settings/TabSettings2Fragment.kt:968:56 Unresolved reference 'SeadroidApplication'.
e: file:///Users/HONGBGU/Documents/seadroid/app/src/main/java/com/seafile/seadroid2/ui/settings/TabSettings2Fragment.kt:974:51 Unresolved reference 'bucketId'.
e: file:///Users/HONGBGU/Documents/seadroid/app/src/main/java/com/seafile/seadroid2/ui/settings/TabSettings2Fragment.kt:975:48 Unresolved reference 'bucketName'.
e: file:///Users/HONGBGU/Documents/seadroid/app/src/main/java/com/seafile/seadroid2/ui/settings/TabSettings2Fragment.kt:978:52 Unresolved reference 'setSummary'.
e: file:///Users/HONGBGU/Documents/seadroid/app/src/main/java/com/seafile/seadroid2/ui/settings/TabSettings2Fragment.kt:978:63 Unresolved reference 'TextUtils'.
e: file:///Users/HONGBGU/Documents/seadroid/app/src/main/java/com/seafile/seadroid2/ui/settings/TabSettings2Fragment.kt:979:34 Unresolved reference 'ContextCompat'.
e: file:///Users/HONGBGU/Documents/seadroid/app/src/main/java/com/seafile/seadroid2/ui/settings/TabSettings2Fragment.kt:979:57 Unresolved reference 'requireContext'.
e: file:///Users/HONGBGU/Documents/seadroid/app/src/main/java/com/seafile/seadroid2/ui/settings/TabSettings2Fragment.kt:979:75 Unresolved reference 'R'.
e: file:///Users/HONGBGU/Documents/seadroid/app/src/main/java/com/seafile/seadroid2/ui/settings/TabSettings2Fragment.kt:980:52 Unresolved reference 'setSummaryTextColor'.
e: file:///Users/HONGBGU/Documents/seadroid/app/src/main/java/com/seafile/seadroid2/ui/settings/TabSettings2Fragment.kt:991:13 Unresolved reference 'AlbumBackupSharePreferenceHelper'.
e: file:///Users/HONGBGU/Documents/seadroid/app/src/main/java/com/seafile/seadroid2/ui/settings/TabSettings2Fragment.kt:994:9 Unresolved reference 'GlobalTransferCacheList'.
e: file:///Users/HONGBGU/Documents/seadroid/app/src/main/java/com/seafile/seadroid2/ui/settings/TabSettings2Fragment.kt:996:13 Unresolved reference 'AlbumBackupSharePreferenceHelper'.
e: file:///Users/HONGBGU/Documents/seadroid/app/src/main/java/com/seafile/seadroid2/ui/settings/TabSettings2Fragment.kt:997:13 Unresolved reference 'CameraUploadManager'.
e: file:///Users/HONGBGU/Documents/seadroid/app/src/main/java/com/seafile/seadroid2/ui/settings/TabSettings2Fragment.kt:998:13 Unresolved reference 'CameraUploadManager'.
e: file:///Users/HONGBGU/Documents/seadroid/app/src/main/java/com/seafile/seadroid2/ui/settings/TabSettings2Fragment.kt:1001:13 Unresolved reference 'BackgroundJobManagerImpl'.
e: file:///Users/HONGBGU/Documents/seadroid/app/src/main/java/com/seafile/seadroid2/ui/settings/TabSettings2Fragment.kt:1002:50 Unresolved reference 'requireContext'.
e: file:///Users/HONGBGU/Documents/seadroid/app/src/main/java/com/seafile/seadroid2/ui/settings/TabSettings2Fragment.kt:1006:13 Unresolved reference 'BackgroundJobManagerImpl'.
e: file:///Users/HONGBGU/Documents/seadroid/app/src/main/java/com/seafile/seadroid2/ui/settings/TabSettings2Fragment.kt:1007:46 Unresolved reference 'requireContext'.
e: file:///Users/HONGBGU/Documents/seadroid/app/src/main/java/com/seafile/seadroid2/ui/settings/TabSettings2Fragment.kt:1009:13 Unresolved reference 'BackupThreadExecutor'.
e: file:///Users/HONGBGU/Documents/seadroid/app/src/main/java/com/seafile/seadroid2/ui/settings/TabSettings2Fragment.kt:1011:13 Unresolved reference 'CameraUploadManager'.
e: file:///Users/HONGBGU/Documents/seadroid/app/src/main/java/com/seafile/seadroid2/ui/settings/TabSettings2Fragment.kt:1016:29 Unresolved reference 'setChecked'.
e: file:///Users/HONGBGU/Documents/seadroid/app/src/main/java/com/seafile/seadroid2/ui/settings/TabSettings2Fragment.kt:1020:33 Unresolved reference 'setRadiusPosition'.
e: file:///Users/HONGBGU/Documents/seadroid/app/src/main/java/com/seafile/seadroid2/ui/settings/TabSettings2Fragment.kt:1020:51 Unresolved reference 'RadiusPositionEnum'.
e: file:///Users/HONGBGU/Documents/seadroid/app/src/main/java/com/seafile/seadroid2/ui/settings/TabSettings2Fragment.kt:1021:33 Unresolved reference 'setDividerPosition'.
e: file:///Users/HONGBGU/Documents/seadroid/app/src/main/java/com/seafile/seadroid2/ui/settings/TabSettings2Fragment.kt:1021:52 Unresolved reference 'DividerPositionEnum'.
e: file:///Users/HONGBGU/Documents/seadroid/app/src/main/java/com/seafile/seadroid2/ui/settings/TabSettings2Fragment.kt:1023:33 Unresolved reference 'setRadiusPosition'.
e: file:///Users/HONGBGU/Documents/seadroid/app/src/main/java/com/seafile/seadroid2/ui/settings/TabSettings2Fragment.kt:1023:51 Unresolved reference 'RadiusPositionEnum'.
e: file:///Users/HONGBGU/Documents/seadroid/app/src/main/java/com/seafile/seadroid2/ui/settings/TabSettings2Fragment.kt:1024:33 Unresolved reference 'setDividerPosition'.
e: file:///Users/HONGBGU/Documents/seadroid/app/src/main/java/com/seafile/seadroid2/ui/settings/TabSettings2Fragment.kt:1024:52 Unresolved reference 'DividerPositionEnum'.
e: file:///Users/HONGBGU/Documents/seadroid/app/src/main/java/com/seafile/seadroid2/ui/settings/TabSettings2Fragment.kt:1025:48 Unresolved reference 'setChecked'.
e: file:///Users/HONGBGU/Documents/seadroid/app/src/main/java/com/seafile/seadroid2/ui/settings/TabSettings2Fragment.kt:1032:44 Unresolved reference 'setVisible'.
e: file:///Users/HONGBGU/Documents/seadroid/app/src/main/java/com/seafile/seadroid2/ui/settings/TabSettings2Fragment.kt:1037:21 Unresolved reference 'isAdded'.
e: file:///Users/HONGBGU/Documents/seadroid/app/src/main/java/com/seafile/seadroid2/ui/settings/TabSettings2Fragment.kt:1045:14 Unresolved reference 'isAdded'.
e: file:///Users/HONGBGU/Documents/seadroid/app/src/main/java/com/seafile/seadroid2/ui/settings/TabSettings2Fragment.kt:1045:27 Unresolved reference 'getView'.
e: file:///Users/HONGBGU/Documents/seadroid/app/src/main/java/com/seafile/seadroid2/ui/settings/TabSettings2Fragment.kt:1050:13 Initializer type mismatch: expected 'kotlin.Boolean', actual 'kotlin.Boolean?'.
e: file:///Users/HONGBGU/Documents/seadroid/app/src/main/java/com/seafile/seadroid2/ui/settings/TabSettings2Fragment.kt:1050:63 Only safe (?.) or non-null asserted (!!.) calls are allowed on a nullable receiver of type 'com.seafile.seadroid2.preferences.SettingsLiveData<kotlin.Boolean?>?'.
e: file:///Users/HONGBGU/Documents/seadroid/app/src/main/java/com/seafile/seadroid2/ui/settings/TabSettings2Fragment.kt:1052:48 Unresolved reference 'setChecked'.
e: file:///Users/HONGBGU/Documents/seadroid/app/src/main/java/com/seafile/seadroid2/ui/settings/TabSettings2Fragment.kt:1056:25 Unresolved reference 'RepoConfig'.
e: file:///Users/HONGBGU/Documents/seadroid/app/src/main/java/com/seafile/seadroid2/ui/settings/TabSettings2Fragment.kt:1056:39 Unresolved reference 'FolderBackupSharePreferenceHelper'.
e: file:///Users/HONGBGU/Documents/seadroid/app/src/main/java/com/seafile/seadroid2/ui/settings/TabSettings2Fragment.kt:1057:35 Unresolved reference 'not' for operator '!'.
e: file:///Users/HONGBGU/Documents/seadroid/app/src/main/java/com/seafile/seadroid2/ui/settings/TabSettings2Fragment.kt:1057:36 Unresolved reference 'TextUtils'.
e: file:///Users/HONGBGU/Documents/seadroid/app/src/main/java/com/seafile/seadroid2/ui/settings/TabSettings2Fragment.kt:1057:65 Unresolved reference 'getRepoName'.
e: file:///Users/HONGBGU/Documents/seadroid/app/src/main/java/com/seafile/seadroid2/ui/settings/TabSettings2Fragment.kt:1058:36 Only safe (?.) or non-null asserted (!!.) calls are allowed on a nullable receiver of type 'androidx.preference.Preference?'.
e: file:///Users/HONGBGU/Documents/seadroid/app/src/main/java/com/seafile/seadroid2/ui/settings/TabSettings2Fragment.kt:1058:59 Unresolved reference 'getRepoName'.
e: file:///Users/HONGBGU/Documents/seadroid/app/src/main/java/com/seafile/seadroid2/ui/settings/TabSettings2Fragment.kt:1060:36 Only safe (?.) or non-null asserted (!!.) calls are allowed on a nullable receiver of type 'androidx.preference.Preference?'.
e: file:///Users/HONGBGU/Documents/seadroid/app/src/main/java/com/seafile/seadroid2/ui/settings/TabSettings2Fragment.kt:1060:48 Unresolved reference 'getString'.
e: file:///Users/HONGBGU/Documents/seadroid/app/src/main/java/com/seafile/seadroid2/ui/settings/TabSettings2Fragment.kt:1060:58 Unresolved reference 'R'.
e: file:///Users/HONGBGU/Documents/seadroid/app/src/main/java/com/seafile/seadroid2/ui/settings/TabSettings2Fragment.kt:1064:13 Unresolved reference 'FolderBackupSharePreferenceHelper'.
e: file:///Users/HONGBGU/Documents/seadroid/app/src/main/java/com/seafile/seadroid2/ui/settings/TabSettings2Fragment.kt:1074:13 Unresolved reference 'FolderBackupSharePreferenceHelper'.
e: file:///Users/HONGBGU/Documents/seadroid/app/src/main/java/com/seafile/seadroid2/ui/settings/TabSettings2Fragment.kt:1077:9 Unresolved reference 'GlobalTransferCacheList'.
e: file:///Users/HONGBGU/Documents/seadroid/app/src/main/java/com/seafile/seadroid2/ui/settings/TabSettings2Fragment.kt:1080:9 Unresolved reference 'BusHelper'.
e: file:///Users/HONGBGU/Documents/seadroid/app/src/main/java/com/seafile/seadroid2/ui/settings/TabSettings2Fragment.kt:1080:44 Unresolved reference 'BusAction'.
e: file:///Users/HONGBGU/Documents/seadroid/app/src/main/java/com/seafile/seadroid2/ui/settings/TabSettings2Fragment.kt:1082:13 Unresolved reference 'FolderBackupSharePreferenceHelper'.
e: file:///Users/HONGBGU/Documents/seadroid/app/src/main/java/com/seafile/seadroid2/ui/settings/TabSettings2Fragment.kt:1085:13 Unresolved reference 'BackgroundJobManagerImpl'.
e: file:///Users/HONGBGU/Documents/seadroid/app/src/main/java/com/seafile/seadroid2/ui/settings/TabSettings2Fragment.kt:1086:51 Unresolved reference 'requireContext'.
e: file:///Users/HONGBGU/Documents/seadroid/app/src/main/java/com/seafile/seadroid2/ui/settings/TabSettings2Fragment.kt:1088:13 Unresolved reference 'BackupThreadExecutor'.
e: file:///Users/HONGBGU/Documents/seadroid/app/src/main/java/com/seafile/seadroid2/ui/settings/TabSettings2Fragment.kt:1092:13 Unresolved reference 'BackgroundJobManagerImpl'.
e: file:///Users/HONGBGU/Documents/seadroid/app/src/main/java/com/seafile/seadroid2/ui/settings/TabSettings2Fragment.kt:1093:47 Unresolved reference 'requireContext'.
e: file:///Users/HONGBGU/Documents/seadroid/app/src/main/java/com/seafile/seadroid2/ui/settings/TabSettings2Fragment.kt:1095:13 Unresolved reference 'BackupThreadExecutor'.
e: file:///Users/HONGBGU/Documents/seadroid/app/src/main/java/com/seafile/seadroid2/ui/settings/TabSettings2Fragment.kt:1107:29 Unresolved reference 'ClearPasswordDialogFragment'.
e: file:///Users/HONGBGU/Documents/seadroid/app/src/main/java/com/seafile/seadroid2/ui/settings/TabSettings2Fragment.kt:1108:13 Unresolved reference 'ClearPasswordDialogFragment'.
e: file:///Users/HONGBGU/Documents/seadroid/app/src/main/java/com/seafile/seadroid2/ui/settings/TabSettings2Fragment.kt:1109:24 Unresolved reference 'setRefreshListener'.
e: file:///Users/HONGBGU/Documents/seadroid/app/src/main/java/com/seafile/seadroid2/ui/settings/TabSettings2Fragment.kt:1109:52 Unresolved reference 'OnRefreshDataListener'.
e: file:///Users/HONGBGU/Documents/seadroid/app/src/main/java/com/seafile/seadroid2/ui/settings/TabSettings2Fragment.kt:1110:13 'onActionStatus' overrides nothing.
e: file:///Users/HONGBGU/Documents/seadroid/app/src/main/java/com/seafile/seadroid2/ui/settings/TabSettings2Fragment.kt:1112:21 Unresolved reference 'Toasts'.
e: file:///Users/HONGBGU/Documents/seadroid/app/src/main/java/com/seafile/seadroid2/ui/settings/TabSettings2Fragment.kt:1112:33 Unresolved reference 'R'.
e: file:///Users/HONGBGU/Documents/seadroid/app/src/main/java/com/seafile/seadroid2/ui/settings/TabSettings2Fragment.kt:1114:21 Unresolved reference 'Toasts'.
e: file:///Users/HONGBGU/Documents/seadroid/app/src/main/java/com/seafile/seadroid2/ui/settings/TabSettings2Fragment.kt:1114:33 Unresolved reference 'R'.
e: file:///Users/HONGBGU/Documents/seadroid/app/src/main/java/com/seafile/seadroid2/ui/settings/TabSettings2Fragment.kt:1118:24 Unresolved reference 'show'.
e: file:///Users/HONGBGU/Documents/seadroid/app/src/main/java/com/seafile/seadroid2/ui/settings/TabSettings2Fragment.kt:1119:13 Unresolved reference 'getChildFragmentManager'.
e: file:///Users/HONGBGU/Documents/seadroid/app/src/main/java/com/seafile/seadroid2/ui/settings/TabSettings2Fragment.kt:1120:13 Unresolved reference 'ClearPasswordDialogFragment'.
e: file:///Users/HONGBGU/Documents/seadroid/app/src/main/java/com/seafile/seadroid2/ui/settings/TabSettings2Fragment.kt:1120:48 Unresolved reference. None of the following candidates is applicable because of a receiver type mismatch:
val <T> KClass<T>.java: Class<T>
e: file:///Users/HONGBGU/Documents/seadroid/app/src/main/java/com/seafile/seadroid2/ui/settings/TabSettings2Fragment.kt:1125:29 Unresolved reference 'ClearCacheDialogFragment'.
e: file:///Users/HONGBGU/Documents/seadroid/app/src/main/java/com/seafile/seadroid2/ui/settings/TabSettings2Fragment.kt:1126:13 Unresolved reference 'ClearCacheDialogFragment'.
e: file:///Users/HONGBGU/Documents/seadroid/app/src/main/java/com/seafile/seadroid2/ui/settings/TabSettings2Fragment.kt:1127:24 Unresolved reference 'setRefreshListener'.
e: file:///Users/HONGBGU/Documents/seadroid/app/src/main/java/com/seafile/seadroid2/ui/settings/TabSettings2Fragment.kt:1127:52 Unresolved reference 'OnRefreshDataListener'.
e: file:///Users/HONGBGU/Documents/seadroid/app/src/main/java/com/seafile/seadroid2/ui/settings/TabSettings2Fragment.kt:1128:13 'onActionStatus' overrides nothing.
e: file:///Users/HONGBGU/Documents/seadroid/app/src/main/java/com/seafile/seadroid2/ui/settings/TabSettings2Fragment.kt:1131:21 Unresolved reference 'Toasts'.
e: file:///Users/HONGBGU/Documents/seadroid/app/src/main/java/com/seafile/seadroid2/ui/settings/TabSettings2Fragment.kt:1131:33 Unresolved reference 'R'.
e: file:///Users/HONGBGU/Documents/seadroid/app/src/main/java/com/seafile/seadroid2/ui/settings/TabSettings2Fragment.kt:1133:21 Unresolved reference 'Toasts'.
e: file:///Users/HONGBGU/Documents/seadroid/app/src/main/java/com/seafile/seadroid2/ui/settings/TabSettings2Fragment.kt:1133:33 Unresolved reference 'R'.
e: file:///Users/HONGBGU/Documents/seadroid/app/src/main/java/com/seafile/seadroid2/ui/settings/TabSettings2Fragment.kt:1137:24 Unresolved reference 'show'.
e: file:///Users/HONGBGU/Documents/seadroid/app/src/main/java/com/seafile/seadroid2/ui/settings/TabSettings2Fragment.kt:1138:13 Unresolved reference 'getChildFragmentManager'.
e: file:///Users/HONGBGU/Documents/seadroid/app/src/main/java/com/seafile/seadroid2/ui/settings/TabSettings2Fragment.kt:1139:13 Unresolved reference 'ClearCacheDialogFragment'.
e: file:///Users/HONGBGU/Documents/seadroid/app/src/main/java/com/seafile/seadroid2/ui/settings/TabSettings2Fragment.kt:1139:45 Unresolved reference. None of the following candidates is applicable because of a receiver type mismatch:
val <T> KClass<T>.java: Class<T>
e: file:///Users/HONGBGU/Documents/seadroid/app/src/main/java/com/seafile/seadroid2/ui/settings/TabSettings2Fragment.kt:1157:34 Unresolved reference 'registerForActivityResult'.
e: file:///Users/HONGBGU/Documents/seadroid/app/src/main/java/com/seafile/seadroid2/ui/settings/TabSettings2Fragment.kt:1159:13 Cannot infer type for this parameter. Please specify it explicitly.
e: file:///Users/HONGBGU/Documents/seadroid/app/src/main/java/com/seafile/seadroid2/ui/settings/TabSettings2Fragment.kt:1160:24 Unresolved reference 'resultCode'.
e: file:///Users/HONGBGU/Documents/seadroid/app/src/main/java/com/seafile/seadroid2/ui/settings/TabSettings2Fragment.kt:1161:17 Return type mismatch: expected 'ERROR CLASS: Cannot infer type variable TypeVariable(_L)', actual 'kotlin.Unit'.
e: file:///Users/HONGBGU/Documents/seadroid/app/src/main/java/com/seafile/seadroid2/ui/settings/TabSettings2Fragment.kt:1164:31 Unresolved reference 'data'.
e: file:///Users/HONGBGU/Documents/seadroid/app/src/main/java/com/seafile/seadroid2/ui/settings/TabSettings2Fragment.kt:1164:39 Return type mismatch: expected 'ERROR CLASS: Cannot infer type variable TypeVariable(_L)', actual 'kotlin.Unit'.
e: file:///Users/HONGBGU/Documents/seadroid/app/src/main/java/com/seafile/seadroid2/ui/settings/TabSettings2Fragment.kt:1170:48 Unresolved reference 'registerForActivityResult'.
e: file:///Users/HONGBGU/Documents/seadroid/app/src/main/java/com/seafile/seadroid2/ui/settings/TabSettings2Fragment.kt:1172:13 Cannot infer type for this parameter. Please specify it explicitly.
e: file:///Users/HONGBGU/Documents/seadroid/app/src/main/java/com/seafile/seadroid2/ui/settings/TabSettings2Fragment.kt:1173:24 Unresolved reference 'resultCode'.
e: file:///Users/HONGBGU/Documents/seadroid/app/src/main/java/com/seafile/seadroid2/ui/settings/TabSettings2Fragment.kt:1179:41 Unresolved reference 'registerForActivityResult'.
e: file:///Users/HONGBGU/Documents/seadroid/app/src/main/java/com/seafile/seadroid2/ui/settings/TabSettings2Fragment.kt:1181:13 Cannot infer type for this parameter. Please specify it explicitly.
e: file:///Users/HONGBGU/Documents/seadroid/app/src/main/java/com/seafile/seadroid2/ui/settings/TabSettings2Fragment.kt:1182:24 Unresolved reference 'resultCode'.
e: file:///Users/HONGBGU/Documents/seadroid/app/src/main/java/com/seafile/seadroid2/ui/settings/TabSettings2Fragment.kt:1188:37 Unresolved reference 'registerForActivityResult'.
e: file:///Users/HONGBGU/Documents/seadroid/app/src/main/java/com/seafile/seadroid2/ui/settings/TabSettings2Fragment.kt:1190:13 Cannot infer type for this parameter. Please specify it explicitly.
e: file:///Users/HONGBGU/Documents/seadroid/app/src/main/java/com/seafile/seadroid2/ui/settings/TabSettings2Fragment.kt:1192:24 Unresolved reference 'resultCode'.
e: file:///Users/HONGBGU/Documents/seadroid/app/src/main/java/com/seafile/seadroid2/ui/settings/TabSettings2Fragment.kt:1194:17 Return type mismatch: expected 'ERROR CLASS: Cannot infer type variable TypeVariable(_L)', actual 'kotlin.Unit'.
e: file:///Users/HONGBGU/Documents/seadroid/app/src/main/java/com/seafile/seadroid2/ui/settings/TabSettings2Fragment.kt:1202:38 Unresolved reference 'registerForActivityResult'.
e: file:///Users/HONGBGU/Documents/seadroid/app/src/main/java/com/seafile/seadroid2/ui/settings/TabSettings2Fragment.kt:1204:13 Cannot infer type for this parameter. Please specify it explicitly.
e: file:///Users/HONGBGU/Documents/seadroid/app/src/main/java/com/seafile/seadroid2/ui/settings/TabSettings2Fragment.kt:1205:24 Unresolved reference 'resultCode'.
e: file:///Users/HONGBGU/Documents/seadroid/app/src/main/java/com/seafile/seadroid2/ui/settings/TabSettings2Fragment.kt:1206:17 Return type mismatch: expected 'ERROR CLASS: Cannot infer type variable TypeVariable(_L)', actual 'kotlin.Unit'.
e: file:///Users/HONGBGU/Documents/seadroid/app/src/main/java/com/seafile/seadroid2/ui/settings/TabSettings2Fragment.kt:1209:31 Unresolved reference 'data'.
e: file:///Users/HONGBGU/Documents/seadroid/app/src/main/java/com/seafile/seadroid2/ui/settings/TabSettings2Fragment.kt:1209:39 Return type mismatch: expected 'ERROR CLASS: Cannot infer type variable TypeVariable(_L)', actual 'kotlin.Unit'.
e: file:///Users/HONGBGU/Documents/seadroid/app/src/main/java/com/seafile/seadroid2/ui/settings/TabSettings2Fragment.kt:1214:33 Unresolved reference 'RepoConfig'.
e: file:///Users/HONGBGU/Documents/seadroid/app/src/main/java/com/seafile/seadroid2/ui/settings/TabSettings2Fragment.kt:1215:35 Unresolved reference 'ObjKey'.
e: file:///Users/HONGBGU/Documents/seadroid/app/src/main/java/com/seafile/seadroid2/ui/settings/TabSettings2Fragment.kt:1216:68 Unresolved reference 'ObjKey'.
e: file:///Users/HONGBGU/Documents/seadroid/app/src/main/java/com/seafile/seadroid2/ui/settings/TabSettings2Fragment.kt:1217:54 Unresolved reference 'ObjKey'.
e: file:///Users/HONGBGU/Documents/seadroid/app/src/main/java/com/seafile/seadroid2/ui/settings/TabSettings2Fragment.kt:1218:56 Unresolved reference 'ObjKey'.
e: file:///Users/HONGBGU/Documents/seadroid/app/src/main/java/com/seafile/seadroid2/ui/settings/TabSettings2Fragment.kt:1221:38 Unresolved reference 'RepoConfig'.
e: file:///Users/HONGBGU/Documents/seadroid/app/src/main/java/com/seafile/seadroid2/ui/settings/TabSettings2Fragment.kt:1221:75 Unresolved reference 'getEmail'.
e: file:///Users/HONGBGU/Documents/seadroid/app/src/main/java/com/seafile/seadroid2/ui/settings/TabSettings2Fragment.kt:1221:95 Unresolved reference 'getSignature'.
e: file:///Users/HONGBGU/Documents/seadroid/app/src/main/java/com/seafile/seadroid2/ui/settings/TabSettings2Fragment.kt:1225:17 Unresolved reference 'FolderBackupSharePreferenceHelper'.
e: file:///Users/HONGBGU/Documents/seadroid/app/src/main/java/com/seafile/seadroid2/ui/settings/TabSettings2Fragment.kt:1229:72 Unresolved reference 'FolderBackupConfigActivity'.
e: file:///Users/HONGBGU/Documents/seadroid/app/src/main/java/com/seafile/seadroid2/ui/settings/TabSettings2Fragment.kt:1230:17 Unresolved reference 'FolderBackupSharePreferenceHelper'.
e: file:///Users/HONGBGU/Documents/seadroid/app/src/main/java/com/seafile/seadroid2/ui/settings/TabSettings2Fragment.kt:1238:39 Unresolved reference 'registerForActivityResult'.
e: file:///Users/HONGBGU/Documents/seadroid/app/src/main/java/com/seafile/seadroid2/ui/settings/TabSettings2Fragment.kt:1239:13 Unresolved reference 'RequestMultiplePermissions'.
e: file:///Users/HONGBGU/Documents/seadroid/app/src/main/java/com/seafile/seadroid2/ui/settings/TabSettings2Fragment.kt:1240:13 Class '<anonymous>' is not abstract and does not implement abstract member 'onActivityResult'.
e: file:///Users/HONGBGU/Documents/seadroid/app/src/main/java/com/seafile/seadroid2/ui/settings/TabSettings2Fragment.kt:1241:17 'onActivityResult' overrides nothing.
e: file:///Users/HONGBGU/Documents/seadroid/app/src/main/java/com/seafile/seadroid2/ui/settings/TabSettings2Fragment.kt:1248:29 Unresolved reference 'Toasts'.
e: file:///Users/HONGBGU/Documents/seadroid/app/src/main/java/com/seafile/seadroid2/ui/settings/TabSettings2Fragment.kt:1248:41 Unresolved reference 'R'.
e: file:///Users/HONGBGU/Documents/seadroid/app/src/main/java/com/seafile/seadroid2/ui/settings/TabSettings2Fragment.kt:1261:29 None of the following candidates is applicable:
constructor(p0: String!, p1: Uri!): Intent
constructor(p0: Context!, p1: Class<*>!): Intent
e: file:///Users/HONGBGU/Documents/seadroid/app/src/main/java/com/seafile/seadroid2/ui/settings/TabSettings2Fragment.kt:1261:36 Unresolved reference 'requireActivity'.
e: file:///Users/HONGBGU/Documents/seadroid/app/src/main/java/com/seafile/seadroid2/ui/settings/TabSettings2Fragment.kt:1261:55 Unresolved reference 'CameraUploadConfigActivity'.
e: file:///Users/HONGBGU/Documents/seadroid/app/src/main/java/com/seafile/seadroid2/ui/settings/TabSettings2Fragment.kt:1261:89 Unresolved reference. None of the following candidates is applicable because of a receiver type mismatch:
val <T> KClass<T>.java: Class<T>
e: file:///Users/HONGBGU/Documents/seadroid/app/src/main/java/com/seafile/seadroid2/ui/settings/TabSettings2Fragment.kt:1262:50 Only safe (?.) or non-null asserted (!!.) calls are allowed on a nullable receiver of type 'androidx.activity.result.ActivityResultLauncher<android.content.Intent?>?'.
e: file:///Users/HONGBGU/Documents/seadroid/app/src/main/java/com/seafile/seadroid2/ui/settings/TabSettings2Fragment.kt:1269:44 Unresolved reference 'registerForActivityResult'.
e: file:///Users/HONGBGU/Documents/seadroid/app/src/main/java/com/seafile/seadroid2/ui/settings/TabSettings2Fragment.kt:1271:13 Cannot infer type for this parameter. Please specify it explicitly.
e: file:///Users/HONGBGU/Documents/seadroid/app/src/main/java/com/seafile/seadroid2/ui/settings/TabSettings2Fragment.kt:1272:17 Unresolved reference 'PermissionUtil'.
e: file:///Users/HONGBGU/Documents/seadroid/app/src/main/java/com/seafile/seadroid2/ui/settings/TabSettings2Fragment.kt:1272:53 Unresolved reference 'requireContext'.
e: file:///Users/HONGBGU/Documents/seadroid/app/src/main/java/com/seafile/seadroid2/ui/settings/TabSettings2Fragment.kt:1275:34 None of the following candidates is applicable:
constructor(p0: String!, p1: Uri!): Intent
constructor(p0: Context!, p1: Class<*>!): Intent
e: file:///Users/HONGBGU/Documents/seadroid/app/src/main/java/com/seafile/seadroid2/ui/settings/TabSettings2Fragment.kt:1275:41 Unresolved reference 'requireActivity'.
e: file:///Users/HONGBGU/Documents/seadroid/app/src/main/java/com/seafile/seadroid2/ui/settings/TabSettings2Fragment.kt:1275:60 Unresolved reference 'CameraUploadConfigActivity'.
e: file:///Users/HONGBGU/Documents/seadroid/app/src/main/java/com/seafile/seadroid2/ui/settings/TabSettings2Fragment.kt:1275:94 Unresolved reference. None of the following candidates is applicable because of a receiver type mismatch:
val <T> KClass<T>.java: Class<T>
e: file:///Users/HONGBGU/Documents/seadroid/app/src/main/java/com/seafile/seadroid2/ui/settings/TabSettings2Fragment.kt:1276:46 Only safe (?.) or non-null asserted (!!.) calls are allowed on a nullable receiver of type 'androidx.activity.result.ActivityResultLauncher<android.content.Intent?>?'.
e: file:///Users/HONGBGU/Documents/seadroid/app/src/main/java/com/seafile/seadroid2/ui/settings/TabSettings2Fragment.kt:1283:17 Unresolved reference 'Toasts'.
e: file:///Users/HONGBGU/Documents/seadroid/app/src/main/java/com/seafile/seadroid2/ui/settings/TabSettings2Fragment.kt:1283:29 Unresolved reference 'R'.
e: file:///Users/HONGBGU/Documents/seadroid/app/src/main/java/com/seafile/seadroid2/ui/settings/TabSettings2Fragment.kt:1314:43 Unresolved reference 'requireContext'.
e: file:///Users/HONGBGU/Documents/seadroid/app/src/main/java/com/seafile/seadroid2/ui/settings/TabSettings2Fragment.kt:1314:61 Argument type mismatch: actual type is 'kotlin.String?', but 'kotlin.String' was expected.
e: file:///Users/HONGBGU/Documents/seadroid/app/src/main/java/com/seafile/seadroid2/ui/settings/TabSettings2Fragment.kt:1317:50 Class '<anonymous>' is not abstract and does not implement abstract member 'onChanged'.
e: file:///Users/HONGBGU/Documents/seadroid/app/src/main/java/com/seafile/seadroid2/ui/settings/TabSettings2Fragment.kt:1318:9 'onChanged' overrides nothing.
e: file:///Users/HONGBGU/Documents/seadroid/app/src/main/java/com/seafile/seadroid2/ui/settings/TabSettings2Fragment.kt:1319:17 Unresolved reference 'TextUtils'.
e: file:///Users/HONGBGU/Documents/seadroid/app/src/main/java/com/seafile/seadroid2/ui/settings/TabSettings2Fragment.kt:1345:54 Unresolved reference 'getDialog'.
e: file:///Users/HONGBGU/Documents/seadroid/app/src/main/java/com/seafile/seadroid2/ui/settings/TabSettings2Fragment.kt:1345:92 Unresolved reference 'getDialog'.
e: file:///Users/HONGBGU/Documents/seadroid/app/src/main/java/com/seafile/seadroid2/ui/settings/TabSettings2Fragment.kt:1347:31 Unresolved reference 'isAdded'.
e: file:///Users/HONGBGU/Documents/seadroid/app/src/main/java/com/seafile/seadroid2/ui/settings/TabSettings2Fragment.kt:1349:28 Unresolved reference 'dismiss'.
e: file:///Users/HONGBGU/Documents/seadroid/app/src/main/java/com/seafile/seadroid2/ui/settings/TabSettings2Fragment.kt:1353:9 Unresolved reference 'BusHelper'.
e: file:///Users/HONGBGU/Documents/seadroid/app/src/main/java/com/seafile/seadroid2/ui/settings/TabSettings2Fragment.kt:1353:44 Unresolved reference 'BusAction'.
e: file:///Users/HONGBGU/Documents/seadroid/app/src/main/java/com/seafile/seadroid2/ui/settings/TabSettings2Fragment.kt:1361:13 Unresolved reference 'BackupThreadExecutor'.
e: file:///Users/HONGBGU/Documents/seadroid/app/src/main/java/com/seafile/seadroid2/ui/settings/TabSettings2Fragment.kt:1363:13 Unresolved reference 'Toasts'.
e: file:///Users/HONGBGU/Documents/seadroid/app/src/main/java/com/seafile/seadroid2/ui/settings/TabSettings2Fragment.kt:1363:25 Unresolved reference 'R'.
e: file:///Users/HONGBGU/Documents/seadroid/app/src/main/java/com/seafile/seadroid2/ui/settings/TabSettings2Fragment.kt:1382:26 Unresolved reference 'MaterialAlertDialogBuilder'.
e: file:///Users/HONGBGU/Documents/seadroid/app/src/main/java/com/seafile/seadroid2/ui/settings/TabSettings2Fragment.kt:1382:55 Unresolved reference 'MaterialAlertDialogBuilder'.
e: file:///Users/HONGBGU/Documents/seadroid/app/src/main/java/com/seafile/seadroid2/ui/settings/TabSettings2Fragment.kt:1382:82 Unresolved reference 'requireContext'.
e: file:///Users/HONGBGU/Documents/seadroid/app/src/main/java/com/seafile/seadroid2/ui/settings/TabSettings2Fragment.kt:1383:21 Unresolved reference 'setView'.
e: file:///Users/HONGBGU/Documents/seadroid/app/src/main/java/com/seafile/seadroid2/ui/settings/TabSettings2Fragment.kt:1383:29 Unresolved reference 'R'.
e: file:///Users/HONGBGU/Documents/seadroid/app/src/main/java/com/seafile/seadroid2/ui/settings/TabSettings2Fragment.kt:1384:21 Unresolved reference 'setCancelable'.
e: file:///Users/HONGBGU/Documents/seadroid/app/src/main/java/com/seafile/seadroid2/ui/settings/TabSettings2Fragment.kt:1385:30 Unresolved reference 'create'.
e: file:///Users/HONGBGU/Documents/seadroid/app/src/main/java/com/seafile/seadroid2/ui/settings/TabSettings2Fragment.kt:1386:43 Argument type mismatch: actual type is 'com.seafile.seadroid2.ui.settings.<anonymous>', but 'android.content.DialogInterface.OnDismissListener?' was expected.
e: file:///Users/HONGBGU/Documents/seadroid/app/src/main/java/com/seafile/seadroid2/ui/settings/TabSettings2Fragment.kt:1386:52 Unresolved reference 'DialogInterface'.
e: file:///Users/HONGBGU/Documents/seadroid/app/src/main/java/com/seafile/seadroid2/ui/settings/TabSettings2Fragment.kt:1387:17 'onDismiss' overrides nothing.
e: file:///Users/HONGBGU/Documents/seadroid/app/src/main/java/com/seafile/seadroid2/ui/settings/TabSettings2Fragment.kt:1387:49 Unresolved reference 'DialogInterface'.
e: file:///Users/HONGBGU/Documents/seadroid/app/src/main/java/com/seafile/seadroid2/ui/share/ShareToSeafileActivity.kt:53:61 Only safe (?.) or non-null asserted (!!.) calls are allowed on a nullable receiver of type 'com.seafile.seadroid2.framework.service.BackupThreadExecutor?'.
e: file:///Users/HONGBGU/Documents/seadroid/app/src/main/java/com/seafile/seadroid2/ui/share/ShareToSeafileActivity.kt:116:48 Only safe (?.) or non-null asserted (!!.) calls are allowed on a nullable receiver of type 'com.jeremyliao.liveeventbus.core.Observable<android.os.Bundle?>?'.
e: file:///Users/HONGBGU/Documents/seadroid/app/src/main/java/com/seafile/seadroid2/ui/share/ShareToSeafileActivity.kt:116:63 Class '<anonymous>' is not abstract and does not implement abstract member 'onChanged'.
e: file:///Users/HONGBGU/Documents/seadroid/app/src/main/java/com/seafile/seadroid2/ui/share/ShareToSeafileActivity.kt:117:13 'onChanged' overrides nothing.
e: file:///Users/HONGBGU/Documents/seadroid/app/src/main/java/com/seafile/seadroid2/ui/share/ShareToSeafileActivity.kt:153:59 Unresolved reference 'times' for operator '*'.
e: file:///Users/HONGBGU/Documents/seadroid/app/src/main/java/com/seafile/seadroid2/ui/share/ShareToSeafileActivity.kt:171:76 Argument type mismatch: actual type is 'kotlin.String?', but 'kotlin.String' was expected.
e: file:///Users/HONGBGU/Documents/seadroid/app/src/main/java/com/seafile/seadroid2/ui/share/ShareToSeafileActivity.kt:214:13 Class '<anonymous>' is not abstract and does not implement abstract member 'accept'.
e: file:///Users/HONGBGU/Documents/seadroid/app/src/main/java/com/seafile/seadroid2/ui/share/ShareToSeafileActivity.kt:216:17 'accept' overrides nothing.
e: file:///Users/HONGBGU/Documents/seadroid/app/src/main/java/com/seafile/seadroid2/ui/share/ShareToSeafileActivity.kt:226:29 Argument type mismatch: actual type is 'com.seafile.seadroid2.account.Account?', but 'com.seafile.seadroid2.account.Account' was expected.
e: file:///Users/HONGBGU/Documents/seadroid/app/src/main/java/com/seafile/seadroid2/ui/share/ShareToSeafileActivity.kt:230:29 Argument type mismatch: actual type is 'java.util.ArrayList<android.net.Uri?>', but 'kotlin.collections.MutableList<android.net.Uri>?' was expected.
e: file:///Users/HONGBGU/Documents/seadroid/app/src/main/java/com/seafile/seadroid2/ui/share/ShareToSeafileActivity.kt:245:25 Argument type mismatch: actual type is 'android.content.Context?', but 'android.content.Context' was expected.
e: file:///Users/HONGBGU/Documents/seadroid/app/src/main/java/com/seafile/seadroid2/ui/share/ShareToSeafileActivity.kt:246:25 Argument type mismatch: actual type is 'com.seafile.seadroid2.account.Account?', but 'com.seafile.seadroid2.account.Account' was expected.
e: file:///Users/HONGBGU/Documents/seadroid/app/src/main/java/com/seafile/seadroid2/ui/share/ShareToSeafileActivity.kt:250:25 Argument type mismatch: actual type is 'kotlin.collections.MutableList<android.net.Uri?>?', but 'kotlin.collections.MutableList<android.net.Uri>?' was expected.
e: file:///Users/HONGBGU/Documents/seadroid/app/src/main/java/com/seafile/seadroid2/ui/share/ShareToSeafileActivity.kt:266:29 Argument type mismatch: actual type is 'android.content.Context?', but 'android.content.Context' was expected.
e: file:///Users/HONGBGU/Documents/seadroid/app/src/main/java/com/seafile/seadroid2/ui/share/ShareToSeafileActivity.kt:267:29 Argument type mismatch: actual type is 'com.seafile.seadroid2.account.Account?', but 'com.seafile.seadroid2.account.Account' was expected.
e: file:///Users/HONGBGU/Documents/seadroid/app/src/main/java/com/seafile/seadroid2/ui/share/ShareToSeafileActivity.kt:271:29 Argument type mismatch: actual type is 'kotlin.collections.MutableList<android.net.Uri?>?', but 'kotlin.collections.MutableList<android.net.Uri>?' was expected.
e: file:///Users/HONGBGU/Documents/seadroid/app/src/main/java/com/seafile/seadroid2/ui/share/ShareToSeafileViewModel.kt:45:19 One type argument expected for interface 'Consumer'.
e: file:///Users/HONGBGU/Documents/seadroid/app/src/main/java/com/seafile/seadroid2/ui/share/ShareToSeafileViewModel.kt:54:55 Initializer type mismatch: expected 'retrofit2.Call<com.seafile.seadroid2.framework.model.repo.DirentWrapperModel?>', actual 'retrofit2.Call<com.seafile.seadroid2.framework.model.repo.DirentWrapperModel?>?'.
e: file:///Users/HONGBGU/Documents/seadroid/app/src/main/java/com/seafile/seadroid2/ui/share/ShareToSeafileViewModel.kt:55:21 Only safe (?.) or non-null asserted (!!.) calls are allowed on a nullable receiver of type 'com.seafile.seadroid2.framework.http.HttpIO?'.
e: file:///Users/HONGBGU/Documents/seadroid/app/src/main/java/com/seafile/seadroid2/ui/share/ShareToSeafileViewModel.kt:55:44 Argument type mismatch: actual type is 'java.lang.Class<com.seafile.seadroid2.ui.repo.RepoService>', but 'java.lang.Class<T?>' was expected.
e: file:///Users/HONGBGU/Documents/seadroid/app/src/main/java/com/seafile/seadroid2/ui/share/ShareToSeafileViewModel.kt:56:21 Only safe (?.) or non-null asserted (!!.) calls are allowed on a nullable receiver of type 'com.seafile.seadroid2.ui.repo.RepoService?'.
e: file:///Users/HONGBGU/Documents/seadroid/app/src/main/java/com/seafile/seadroid2/ui/share/ShareToSeafileViewModel.kt:73:70 Argument type mismatch: actual type is 'android.net.Uri?', but 'android.net.Uri' was expected.
e: file:///Users/HONGBGU/Documents/seadroid/app/src/main/java/com/seafile/seadroid2/ui/share/ShareToSeafileViewModel.kt:93:26 Unresolved reference 'accept'.
e: file:///Users/HONGBGU/Documents/seadroid/app/src/main/java/com/seafile/seadroid2/ui/share/ShareToSeafileViewModel.kt:98:52 Unresolved reference 'parseByThrowable'.
e: file:///Users/HONGBGU/Documents/seadroid/app/src/main/java/com/seafile/seadroid2/ui/share/ShareToSeafileViewModel.kt:139:35 Assignment type mismatch: actual type is 'kotlin.Long', but 'java.lang.Long' was expected.
e: file:///Users/HONGBGU/Documents/seadroid/app/src/main/java/com/seafile/seadroid2/ui/share/ShareToSeafileViewModel.kt:154:36 Assignment type mismatch: actual type is 'kotlin.Long', but 'java.lang.Long' was expected.
e: file:///Users/HONGBGU/Documents/seadroid/app/src/main/java/com/seafile/seadroid2/ui/star/StarredAdapter.kt:17:46 Unresolved reference 'GlideLoadConfig'.
e: file:///Users/HONGBGU/Documents/seadroid/app/src/main/java/com/seafile/seadroid2/ui/star/StarredAdapter.kt:19:51 Unresolved reference 'StarredModel'.
e: file:///Users/HONGBGU/Documents/seadroid/app/src/main/java/com/seafile/seadroid2/ui/star/StarredAdapter.kt:22:1 Class 'StarredAdapter' is not abstract and does not implement abstract base class member 'onBindViewHolder'.
e: file:///Users/HONGBGU/Documents/seadroid/app/src/main/java/com/seafile/seadroid2/ui/star/StarredAdapter.kt:23:62 Unresolved reference 'serverUrl'.
e: file:///Users/HONGBGU/Documents/seadroid/app/src/main/java/com/seafile/seadroid2/ui/star/StarredAdapter.kt:34:5 'onBindViewHolder' overrides nothing.
e: file:///Users/HONGBGU/Documents/seadroid/app/src/main/java/com/seafile/seadroid2/ui/star/StarredAdapter.kt:39:23 Only safe (?.) or non-null asserted (!!.) calls are allowed on a nullable receiver of type 'com.seafile.seadroid2.databinding.ItemStarredBinding?'.
e: file:///Users/HONGBGU/Documents/seadroid/app/src/main/java/com/seafile/seadroid2/ui/star/StarredAdapter.kt:39:34 Overload resolution ambiguity between candidates:
fun setText(p0: CharSequence!): Unit
fun setText(p0: Int): Unit
e: file:///Users/HONGBGU/Documents/seadroid/app/src/main/java/com/seafile/seadroid2/ui/star/StarredAdapter.kt:39:48 Unresolved reference 'obj_name'.
e: file:///Users/HONGBGU/Documents/seadroid/app/src/main/java/com/seafile/seadroid2/ui/star/StarredAdapter.kt:40:19 Unresolved reference 'deleted'.
e: file:///Users/HONGBGU/Documents/seadroid/app/src/main/java/com/seafile/seadroid2/ui/star/StarredAdapter.kt:41:27 Only safe (?.) or non-null asserted (!!.) calls are allowed on a nullable receiver of type 'com.seafile.seadroid2.databinding.ItemStarredBinding?'.
e: file:///Users/HONGBGU/Documents/seadroid/app/src/main/java/com/seafile/seadroid2/ui/star/StarredAdapter.kt:42:27 Only safe (?.) or non-null asserted (!!.) calls are allowed on a nullable receiver of type 'com.seafile.seadroid2.databinding.ItemStarredBinding?'.
e: file:///Users/HONGBGU/Documents/seadroid/app/src/main/java/com/seafile/seadroid2/ui/star/StarredAdapter.kt:44:27 Only safe (?.) or non-null asserted (!!.) calls are allowed on a nullable receiver of type 'com.seafile.seadroid2.databinding.ItemStarredBinding?'.
e: file:///Users/HONGBGU/Documents/seadroid/app/src/main/java/com/seafile/seadroid2/ui/star/StarredAdapter.kt:50:27 Only safe (?.) or non-null asserted (!!.) calls are allowed on a nullable receiver of type 'com.seafile.seadroid2.databinding.ItemStarredBinding?'.
e: file:///Users/HONGBGU/Documents/seadroid/app/src/main/java/com/seafile/seadroid2/ui/star/StarredAdapter.kt:50:41 Overload resolution ambiguity between candidates:
fun setText(p0: CharSequence!): Unit
fun setText(p0: Int): Unit
e: file:///Users/HONGBGU/Documents/seadroid/app/src/main/java/com/seafile/seadroid2/ui/star/StarredAdapter.kt:50:55 Unresolved reference 'getSubtitle'.
e: file:///Users/HONGBGU/Documents/seadroid/app/src/main/java/com/seafile/seadroid2/ui/star/StarredAdapter.kt:54:19 Unresolved reference 'deleted'.
e: file:///Users/HONGBGU/Documents/seadroid/app/src/main/java/com/seafile/seadroid2/ui/star/StarredAdapter.kt:54:54 Unresolved reference 'encoded_thumbnail_src'.
e: file:///Users/HONGBGU/Documents/seadroid/app/src/main/java/com/seafile/seadroid2/ui/star/StarredAdapter.kt:55:23 Unresolved reference 'obj_name'.
e: file:///Users/HONGBGU/Documents/seadroid/app/src/main/java/com/seafile/seadroid2/ui/star/StarredAdapter.kt:56:24 Unresolved reference 'repo_encrypted'.
e: file:///Users/HONGBGU/Documents/seadroid/app/src/main/java/com/seafile/seadroid2/ui/star/StarredAdapter.kt:56:48 Unresolved reference 'is_dir'.
e: file:///Users/HONGBGU/Documents/seadroid/app/src/main/java/com/seafile/seadroid2/ui/star/StarredAdapter.kt:58:27 Only safe (?.) or non-null asserted (!!.) calls are allowed on a nullable receiver of type 'com.seafile.seadroid2.databinding.ItemStarredBinding?'.
e: file:///Users/HONGBGU/Documents/seadroid/app/src/main/java/com/seafile/seadroid2/ui/star/StarredAdapter.kt:58:60 Unresolved reference 'getIcon'.
e: file:///Users/HONGBGU/Documents/seadroid/app/src/main/java/com/seafile/seadroid2/ui/star/StarredAdapter.kt:61:49 Unresolved reference 'repo_id'.
e: file:///Users/HONGBGU/Documents/seadroid/app/src/main/java/com/seafile/seadroid2/ui/star/StarredAdapter.kt:61:64 Unresolved reference 'path'.
e: file:///Users/HONGBGU/Documents/seadroid/app/src/main/java/com/seafile/seadroid2/ui/star/StarredAdapter.kt:67:24 Unresolved reference 'GlideLoadConfig'.
e: file:///Users/HONGBGU/Documents/seadroid/app/src/main/java/com/seafile/seadroid2/ui/star/StarredAdapter.kt:67:71 Unresolved reference 'getIcon'.
e: file:///Users/HONGBGU/Documents/seadroid/app/src/main/java/com/seafile/seadroid2/ui/star/StarredAdapter.kt:68:37 Only safe (?.) or non-null asserted (!!.) calls are allowed on a nullable receiver of type 'com.seafile.seadroid2.databinding.ItemStarredBinding?'.
e: file:///Users/HONGBGU/Documents/seadroid/app/src/main/java/com/seafile/seadroid2/ui/star/StarredAdapter.kt:82:45 Unresolved reference 'StarredModel'.
e: file:///Users/HONGBGU/Documents/seadroid/app/src/main/java/com/seafile/seadroid2/ui/star/StarredAdapter.kt:103:31 Unresolved reference 'StarredModel'.
e: file:///Users/HONGBGU/Documents/seadroid/app/src/main/java/com/seafile/seadroid2/ui/star/StarredAdapter.kt:104:31 Unresolved reference 'StarredModel'.
e: file:///Users/HONGBGU/Documents/seadroid/app/src/main/java/com/seafile/seadroid2/ui/star/StarredAdapter.kt:105:52 Unresolved reference 'path'.
e: file:///Users/HONGBGU/Documents/seadroid/app/src/main/java/com/seafile/seadroid2/ui/star/StarredAdapter.kt:105:68 Unresolved reference 'obj_name'.
e: file:///Users/HONGBGU/Documents/seadroid/app/src/main/java/com/seafile/seadroid2/ui/star/StarredAdapter.kt:106:52 Unresolved reference 'path'.
e: file:///Users/HONGBGU/Documents/seadroid/app/src/main/java/com/seafile/seadroid2/ui/star/StarredAdapter.kt:106:68 Unresolved reference 'obj_name'.
e: file:///Users/HONGBGU/Documents/seadroid/app/src/main/java/com/seafile/seadroid2/ui/star/StarredAdapter.kt:112:31 Unresolved reference 'StarredModel'.
e: file:///Users/HONGBGU/Documents/seadroid/app/src/main/java/com/seafile/seadroid2/ui/star/StarredAdapter.kt:113:31 Unresolved reference 'StarredModel'.
e: file:///Users/HONGBGU/Documents/seadroid/app/src/main/java/com/seafile/seadroid2/ui/star/StarredAdapter.kt:116:50 Unresolved reference 'repo_id'.
e: file:///Users/HONGBGU/Documents/seadroid/app/src/main/java/com/seafile/seadroid2/ui/star/StarredAdapter.kt:116:68 Unresolved reference 'repo_id'.
e: file:///Users/HONGBGU/Documents/seadroid/app/src/main/java/com/seafile/seadroid2/ui/star/StarredAdapter.kt:117:54 Unresolved reference 'repo_name'.
e: file:///Users/HONGBGU/Documents/seadroid/app/src/main/java/com/seafile/seadroid2/ui/star/StarredAdapter.kt:117:74 Unresolved reference 'repo_name'.
e: file:///Users/HONGBGU/Documents/seadroid/app/src/main/java/com/seafile/seadroid2/ui/star/StarredAdapter.kt:118:54 Unresolved reference 'mtime'.
e: file:///Users/HONGBGU/Documents/seadroid/app/src/main/java/com/seafile/seadroid2/ui/star/StarredAdapter.kt:118:70 Unresolved reference 'mtime'.
e: file:///Users/HONGBGU/Documents/seadroid/app/src/main/java/com/seafile/seadroid2/ui/star/StarredAdapter.kt:119:54 Unresolved reference 'path'.
e: file:///Users/HONGBGU/Documents/seadroid/app/src/main/java/com/seafile/seadroid2/ui/star/StarredAdapter.kt:119:69 Unresolved reference 'path'.
e: file:///Users/HONGBGU/Documents/seadroid/app/src/main/java/com/seafile/seadroid2/ui/star/StarredAdapter.kt:120:54 Unresolved reference 'obj_name'.
e: file:///Users/HONGBGU/Documents/seadroid/app/src/main/java/com/seafile/seadroid2/ui/star/StarredAdapter.kt:120:73 Unresolved reference 'obj_name'.
e: file:///Users/HONGBGU/Documents/seadroid/app/src/main/java/com/seafile/seadroid2/ui/star/StarredAdapter.kt:121:54 Unresolved reference 'user_email'.
e: file:///Users/HONGBGU/Documents/seadroid/app/src/main/java/com/seafile/seadroid2/ui/star/StarredAdapter.kt:121:75 Unresolved reference 'user_email'.
e: file:///Users/HONGBGU/Documents/seadroid/app/src/main/java/com/seafile/seadroid2/ui/star/StarredAdapter.kt:122:54 Unresolved reference 'user_name'.
e: file:///Users/HONGBGU/Documents/seadroid/app/src/main/java/com/seafile/seadroid2/ui/star/StarredAdapter.kt:122:74 Unresolved reference 'user_name'.
e: file:///Users/HONGBGU/Documents/seadroid/app/src/main/java/com/seafile/seadroid2/ui/star/StarredAdapter.kt:124:30 Unresolved reference 'user_contact_email'.
e: file:///Users/HONGBGU/Documents/seadroid/app/src/main/java/com/seafile/seadroid2/ui/star/StarredAdapter.kt:125:30 Unresolved reference 'user_contact_email'.
e: file:///Users/HONGBGU/Documents/seadroid/app/src/main/java/com/seafile/seadroid2/ui/star/StarredAdapter.kt:127:37 Unresolved reference 'repo_encrypted'.
e: file:///Users/HONGBGU/Documents/seadroid/app/src/main/java/com/seafile/seadroid2/ui/star/StarredAdapter.kt:127:64 Unresolved reference 'repo_encrypted'.
e: file:///Users/HONGBGU/Documents/seadroid/app/src/main/java/com/seafile/seadroid2/ui/star/StarredAdapter.kt:127:91 Unresolved reference 'is_dir'.
e: file:///Users/HONGBGU/Documents/seadroid/app/src/main/java/com/seafile/seadroid2/ui/star/StarredAdapter.kt:127:110 Unresolved reference 'is_dir'.
e: file:///Users/HONGBGU/Documents/seadroid/app/src/main/java/com/seafile/seadroid2/ui/star/StarredAdapter.kt:131:17 Assignment type mismatch: actual type is 'kotlin.collections.MutableList<ERROR CLASS: Symbol not found for StarredModel>?', but 'kotlin.collections.List<com.seafile.seadroid2.framework.model.star.StarredWrapperModel?>' was expected.
e: file:///Users/HONGBGU/Documents/seadroid/app/src/main/java/com/seafile/seadroid2/ui/star/StarredQuickFragment.kt:61:50 None of the following candidates is applicable:
@MainThread() fun <T : ViewModel> get(modelClass: Class<T>): T
@MainThread() fun <T : ViewModel> get(modelClass: KClass<T>): T
e: file:///Users/HONGBGU/Documents/seadroid/app/src/main/java/com/seafile/seadroid2/ui/star/StarredQuickFragment.kt:100:16 Only safe (?.) or non-null asserted (!!.) calls are allowed on a nullable receiver of type 'android.widget.TextView?'.
e: file:///Users/HONGBGU/Documents/seadroid/app/src/main/java/com/seafile/seadroid2/ui/star/StarredQuickFragment.kt:101:16 Only safe (?.) or non-null asserted (!!.) calls are allowed on a nullable receiver of type 'android.widget.TextView?'.
e: file:///Users/HONGBGU/Documents/seadroid/app/src/main/java/com/seafile/seadroid2/ui/star/StarredQuickFragment.kt:105:42 Argument type mismatch: actual type is 'com.chad.library.adapter4.BaseQuickAdapter.OnItemClickListener<T>', but 'com.chad.library.adapter4.BaseQuickAdapter.OnItemClickListener<com.seafile.seadroid2.framework.model.star.StarredWrapperModel?>?' was expected.
e: file:///Users/HONGBGU/Documents/seadroid/app/src/main/java/com/seafile/seadroid2/ui/star/StarredQuickFragment.kt:105:79 Argument type mismatch: actual type is 'kotlin.Function3<com.chad.library.adapter4.BaseQuickAdapter<com.seafile.seadroid2.framework.db.entities.StarredModel?, *>?, android.view.View?, kotlin.Int, kotlin.Unit>', but 'kotlin.Function3<com.chad.library.adapter4.BaseQuickAdapter<T, *>, android.view.View, kotlin.Int, kotlin.Unit>' was expected.
e: file:///Users/HONGBGU/Documents/seadroid/app/src/main/java/com/seafile/seadroid2/ui/star/StarredQuickFragment.kt:105:116 Type argument is not within its bounds: should be subtype of 'kotlin.Any'.
e: file:///Users/HONGBGU/Documents/seadroid/app/src/main/java/com/seafile/seadroid2/ui/star/StarredQuickFragment.kt:107:19 Argument type mismatch: actual type is 'com.seafile.seadroid2.framework.model.star.StarredWrapperModel?', but 'com.seafile.seadroid2.framework.db.entities.StarredModel' was expected.
e: file:///Users/HONGBGU/Documents/seadroid/app/src/main/java/com/seafile/seadroid2/ui/star/StarredQuickFragment.kt:112:13 Argument type mismatch: actual type is 'com.seafile.seadroid2.ui.star.<anonymous>', but 'com.chad.library.adapter4.BaseQuickAdapter.OnItemChildClickListener<com.seafile.seadroid2.framework.model.star.StarredWrapperModel?>' was expected.
e: file:///Users/HONGBGU/Documents/seadroid/app/src/main/java/com/seafile/seadroid2/ui/star/StarredQuickFragment.kt:112:47 Type argument is not within its bounds: should be subtype of 'kotlin.Any'.
e: file:///Users/HONGBGU/Documents/seadroid/app/src/main/java/com/seafile/seadroid2/ui/star/StarredQuickFragment.kt:114:56 Type argument is not within its bounds: should be subtype of 'kotlin.Any'.
e: file:///Users/HONGBGU/Documents/seadroid/app/src/main/java/com/seafile/seadroid2/ui/star/StarredQuickFragment.kt:118:37 Argument type mismatch: actual type is 'com.seafile.seadroid2.framework.model.star.StarredWrapperModel?', but 'com.seafile.seadroid2.framework.db.entities.StarredModel' was expected.
e: file:///Users/HONGBGU/Documents/seadroid/app/src/main/java/com/seafile/seadroid2/ui/star/StarredQuickFragment.kt:122:53 Smart cast to 'com.seafile.seadroid2.ui.base.adapter.BaseAdapter<*, *>' is impossible, because 'adapter' is a mutable property that could be mutated concurrently.
e: file:///Users/HONGBGU/Documents/seadroid/app/src/main/java/com/seafile/seadroid2/ui/star/StarredQuickFragment.kt:130:16 Only safe (?.) or non-null asserted (!!.) calls are allowed on a nullable receiver of type 'android.widget.TextView?'.
e: file:///Users/HONGBGU/Documents/seadroid/app/src/main/java/com/seafile/seadroid2/ui/star/StarredQuickFragment.kt:138:14 Unresolved reference 'observe'.
e: file:///Users/HONGBGU/Documents/seadroid/app/src/main/java/com/seafile/seadroid2/ui/star/StarredQuickFragment.kt:138:47 Class '<anonymous>' is not abstract and does not implement abstract member 'onChanged'.
e: file:///Users/HONGBGU/Documents/seadroid/app/src/main/java/com/seafile/seadroid2/ui/star/StarredQuickFragment.kt:139:17 'onChanged' overrides nothing.
e: file:///Users/HONGBGU/Documents/seadroid/app/src/main/java/com/seafile/seadroid2/ui/star/StarredQuickFragment.kt:145:14 Unresolved reference 'observe'.
e: file:///Users/HONGBGU/Documents/seadroid/app/src/main/java/com/seafile/seadroid2/ui/star/StarredQuickFragment.kt:145:47 Class '<anonymous>' is not abstract and does not implement abstract member 'onChanged'.
e: file:///Users/HONGBGU/Documents/seadroid/app/src/main/java/com/seafile/seadroid2/ui/star/StarredQuickFragment.kt:146:17 'onChanged' overrides nothing.
e: file:///Users/HONGBGU/Documents/seadroid/app/src/main/java/com/seafile/seadroid2/ui/star/StarredQuickFragment.kt:152:14 Unresolved reference 'observe'.
e: file:///Users/HONGBGU/Documents/seadroid/app/src/main/java/com/seafile/seadroid2/ui/star/StarredQuickFragment.kt:152:47 Class '<anonymous>' is not abstract and does not implement abstract member 'onChanged'.
e: file:///Users/HONGBGU/Documents/seadroid/app/src/main/java/com/seafile/seadroid2/ui/star/StarredQuickFragment.kt:153:17 'onChanged' overrides nothing.
e: file:///Users/HONGBGU/Documents/seadroid/app/src/main/java/com/seafile/seadroid2/ui/star/StarredQuickFragment.kt:170:47 Class '<anonymous>' is not abstract and does not implement abstract member 'onChanged'.
e: file:///Users/HONGBGU/Documents/seadroid/app/src/main/java/com/seafile/seadroid2/ui/star/StarredQuickFragment.kt:170:47 Argument type mismatch: actual type is 'com.seafile.seadroid2.ui.star.<anonymous>', but 'androidx.lifecycle.Observer<in android.util.Pair<kotlin.String?, com.seafile.seadroid2.framework.model.ResultModel?>?>' was expected.
e: file:///Users/HONGBGU/Documents/seadroid/app/src/main/java/com/seafile/seadroid2/ui/star/StarredQuickFragment.kt:171:17 'onChanged' overrides nothing.
e: file:///Users/HONGBGU/Documents/seadroid/app/src/main/java/com/seafile/seadroid2/ui/star/StarredQuickFragment.kt:183:13 Only safe (?.) or non-null asserted (!!.) calls are allowed on a nullable receiver of type 'com.jeremyliao.liveeventbus.core.Observable<android.os.Bundle?>?'.
e: file:///Users/HONGBGU/Documents/seadroid/app/src/main/java/com/seafile/seadroid2/ui/star/StarredQuickFragment.kt:203:13 Class '<anonymous>' is not abstract and does not implement abstract member 'onMenuClick'.
e: file:///Users/HONGBGU/Documents/seadroid/app/src/main/java/com/seafile/seadroid2/ui/star/StarredQuickFragment.kt:204:17 'onMenuClick' overrides nothing.
e: file:///Users/HONGBGU/Documents/seadroid/app/src/main/java/com/seafile/seadroid2/ui/star/StarredQuickFragment.kt:211:35 Unresolved reference 'is_dir'.
e: file:///Users/HONGBGU/Documents/seadroid/app/src/main/java/com/seafile/seadroid2/ui/star/StarredQuickFragment.kt:220:20 Only safe (?.) or non-null asserted (!!.) calls are allowed on a nullable receiver of type 'com.seafile.seadroid2.ui.bottomsheetmenu.BottomSheetMenuFragment.Builder?'.
e: file:///Users/HONGBGU/Documents/seadroid/app/src/main/java/com/seafile/seadroid2/ui/star/StarredQuickFragment.kt:223:16 Only safe (?.) or non-null asserted (!!.) calls are allowed on a nullable receiver of type 'com.seafile.seadroid2.ui.bottomsheetmenu.BottomSheetMenuFragment.Builder?'.
e: file:///Users/HONGBGU/Documents/seadroid/app/src/main/java/com/seafile/seadroid2/ui/star/StarredQuickFragment.kt:231:33 Unresolved reference 'is_dir'.
e: file:///Users/HONGBGU/Documents/seadroid/app/src/main/java/com/seafile/seadroid2/ui/star/StarredQuickFragment.kt:272:29 Argument type mismatch: actual type is 'kotlin.String?', but 'kotlin.String' was expected.
e: file:///Users/HONGBGU/Documents/seadroid/app/src/main/java/com/seafile/seadroid2/ui/star/StarredQuickFragment.kt:274:29 Class '<anonymous>' is not abstract and does not implement abstract member 'accept'.
e: file:///Users/HONGBGU/Documents/seadroid/app/src/main/java/com/seafile/seadroid2/ui/star/StarredQuickFragment.kt:276:33 'accept' overrides nothing.
e: file:///Users/HONGBGU/Documents/seadroid/app/src/main/java/com/seafile/seadroid2/ui/star/StarredQuickFragment.kt:302:26 Argument type mismatch: actual type is 'kotlin.reflect.KClass<androidx.media3.common.util.UnstableApi>', but 'kotlin.Array<out kotlin.reflect.KClass<out kotlin.Annotation>>' was expected.
e: file:///Users/HONGBGU/Documents/seadroid/app/src/main/java/com/seafile/seadroid2/ui/star/StarredQuickFragment.kt:302:26 Assigning single elements to varargs in named form is prohibited.
e: file:///Users/HONGBGU/Documents/seadroid/app/src/main/java/com/seafile/seadroid2/ui/star/StarredQuickFragment.kt:304:19 Unresolved reference 'is_dir'.
e: file:///Users/HONGBGU/Documents/seadroid/app/src/main/java/com/seafile/seadroid2/ui/star/StarredQuickFragment.kt:310:23 Unresolved reference 'is_dir'.
e: file:///Users/HONGBGU/Documents/seadroid/app/src/main/java/com/seafile/seadroid2/ui/star/StarredQuickFragment.kt:312:42 Argument type mismatch: actual type is 'kotlin.String?', but 'kotlin.String' was expected.
e: file:///Users/HONGBGU/Documents/seadroid/app/src/main/java/com/seafile/seadroid2/ui/star/StarredQuickFragment.kt:316:34 Only safe (?.) or non-null asserted (!!.) calls are allowed on a nullable receiver of type 'kotlin.String?'.
e: file:///Users/HONGBGU/Documents/seadroid/app/src/main/java/com/seafile/seadroid2/ui/star/StarredQuickFragment.kt:324:34 Only safe (?.) or non-null asserted (!!.) calls are allowed on a nullable receiver of type 'kotlin.String?'.
e: file:///Users/HONGBGU/Documents/seadroid/app/src/main/java/com/seafile/seadroid2/ui/star/StarredQuickFragment.kt:324:98 Only safe (?.) or non-null asserted (!!.) calls are allowed on a nullable receiver of type 'kotlin.String?'.
e: file:///Users/HONGBGU/Documents/seadroid/app/src/main/java/com/seafile/seadroid2/ui/star/StarredQuickFragment.kt:341:29 Argument type mismatch: actual type is 'android.content.Context?', but 'android.content.Context' was expected.
e: file:///Users/HONGBGU/Documents/seadroid/app/src/main/java/com/seafile/seadroid2/ui/star/StarredQuickFragment.kt:353:41 Argument type mismatch: actual type is 'android.content.Context?', but 'android.content.Context' was expected.
e: file:///Users/HONGBGU/Documents/seadroid/app/src/main/java/com/seafile/seadroid2/ui/star/StarredQuickFragment.kt:370:41 Argument type mismatch: actual type is 'kotlin.String?', but 'kotlin.String' was expected.
e: file:///Users/HONGBGU/Documents/seadroid/app/src/main/java/com/seafile/seadroid2/ui/star/StarredQuickFragment.kt:431:78 Only safe (?.) or non-null asserted (!!.) calls are allowed on a nullable receiver of type 'com.seafile.seadroid2.account.SupportAccountManager?'.
e: file:///Users/HONGBGU/Documents/seadroid/app/src/main/java/com/seafile/seadroid2/ui/star/StarredViewModel.kt:47:13 Initializer type mismatch: expected 'io.reactivex.Single<kotlin.collections.MutableList<com.seafile.seadroid2.framework.db.entities.EncKeyCacheEntity?>?>', actual 'io.reactivex.Single<kotlin.collections.MutableList<com.seafile.seadroid2.framework.db.entities.EncKeyCacheEntity?>?>?'.
e: file:///Users/HONGBGU/Documents/seadroid/app/src/main/java/com/seafile/seadroid2/ui/star/StarredViewModel.kt:47:48 Only safe (?.) or non-null asserted (!!.) calls are allowed on a nullable receiver of type 'com.seafile.seadroid2.framework.db.AppDatabase?'.
e: file:///Users/HONGBGU/Documents/seadroid/app/src/main/java/com/seafile/seadroid2/ui/star/StarredViewModel.kt:47:65 Only safe (?.) or non-null asserted (!!.) calls are allowed on a nullable receiver of type 'com.seafile.seadroid2.framework.db.dao.EncKeyCacheDAO?'.
e: file:///Users/HONGBGU/Documents/seadroid/app/src/main/java/com/seafile/seadroid2/ui/star/StarredViewModel.kt:48:44 Class '<anonymous>' is not abstract and does not implement abstract member 'apply'.
e: file:///Users/HONGBGU/Documents/seadroid/app/src/main/java/com/seafile/seadroid2/ui/star/StarredViewModel.kt:51:13 'apply' overrides nothing.
e: file:///Users/HONGBGU/Documents/seadroid/app/src/main/java/com/seafile/seadroid2/ui/star/StarredViewModel.kt:90:30 None of the following candidates is applicable:
@SinceKotlin(...) @InlineOnly() fun <V> KMutableProperty0<V>.setValue(thisRef: Any?, property: KProperty<*>, value: V): Unit
@SinceKotlin(...) @InlineOnly() fun <T, V> KMutableProperty1<T, V>.setValue(thisRef: T, property: KProperty<*>, value: V): Unit
@InlineOnly() fun <V> MutableMap<in String, in V>.setValue(thisRef: Any?, property: KProperty<*>, value: V): Unit
e: file:///Users/HONGBGU/Documents/seadroid/app/src/main/java/com/seafile/seadroid2/ui/star/StarredViewModel.kt:97:13 Initializer type mismatch: expected 'io.reactivex.Single<com.seafile.seadroid2.framework.model.ResultModel?>', actual 'io.reactivex.Single<com.seafile.seadroid2.framework.model.ResultModel?>?'.
e: file:///Users/HONGBGU/Documents/seadroid/app/src/main/java/com/seafile/seadroid2/ui/star/StarredViewModel.kt:97:50 Only safe (?.) or non-null asserted (!!.) calls are allowed on a nullable receiver of type 'com.seafile.seadroid2.framework.http.HttpIO?'.
e: file:///Users/HONGBGU/Documents/seadroid/app/src/main/java/com/seafile/seadroid2/ui/star/StarredViewModel.kt:97:75 Argument type mismatch: actual type is 'java.lang.Class<com.seafile.seadroid2.ui.dialog_fragment.DialogService>', but 'java.lang.Class<T?>' was expected.
e: file:///Users/HONGBGU/Documents/seadroid/app/src/main/java/com/seafile/seadroid2/ui/star/StarredViewModel.kt:98:17 Only safe (?.) or non-null asserted (!!.) calls are allowed on a nullable receiver of type 'com.seafile.seadroid2.ui.dialog_fragment.DialogService?'.
e: file:///Users/HONGBGU/Documents/seadroid/app/src/main/java/com/seafile/seadroid2/ui/star/StarredViewModel.kt:108:63 Argument type mismatch: actual type is 'kotlin.String?', but 'kotlin.String' was expected.
e: file:///Users/HONGBGU/Documents/seadroid/app/src/main/java/com/seafile/seadroid2/ui/star/StarredViewModel.kt:116:56 Only safe (?.) or non-null asserted (!!.) calls are allowed on a nullable receiver of type 'com.seafile.seadroid2.framework.db.AppDatabase?'.
e: file:///Users/HONGBGU/Documents/seadroid/app/src/main/java/com/seafile/seadroid2/ui/star/StarredViewModel.kt:116:73 Only safe (?.) or non-null asserted (!!.) calls are allowed on a nullable receiver of type 'com.seafile.seadroid2.framework.db.dao.EncKeyCacheDAO?'.
e: file:///Users/HONGBGU/Documents/seadroid/app/src/main/java/com/seafile/seadroid2/ui/star/StarredViewModel.kt:124:34 None of the following candidates is applicable:
@SinceKotlin(...) @InlineOnly() fun <V> KMutableProperty0<V>.setValue(thisRef: Any?, property: KProperty<*>, value: V): Unit
@SinceKotlin(...) @InlineOnly() fun <T, V> KMutableProperty1<T, V>.setValue(thisRef: T, property: KProperty<*>, value: V): Unit
@InlineOnly() fun <V> MutableMap<in String, in V>.setValue(thisRef: Any?, property: KProperty<*>, value: V): Unit
e: file:///Users/HONGBGU/Documents/seadroid/app/src/main/java/com/seafile/seadroid2/ui/star/StarredViewModel.kt:127:34 None of the following candidates is applicable:
@SinceKotlin(...) @InlineOnly() fun <V> KMutableProperty0<V>.setValue(thisRef: Any?, property: KProperty<*>, value: V): Unit
@SinceKotlin(...) @InlineOnly() fun <T, V> KMutableProperty1<T, V>.setValue(thisRef: T, property: KProperty<*>, value: V): Unit
@InlineOnly() fun <V> MutableMap<in String, in V>.setValue(thisRef: Any?, property: KProperty<*>, value: V): Unit
e: file:///Users/HONGBGU/Documents/seadroid/app/src/main/java/com/seafile/seadroid2/ui/star/StarredViewModel.kt:135:36 None of the following candidates is applicable:
@SinceKotlin(...) @InlineOnly() fun <V> KMutableProperty0<V>.setValue(thisRef: Any?, property: KProperty<*>, value: V): Unit
@SinceKotlin(...) @InlineOnly() fun <T, V> KMutableProperty1<T, V>.setValue(thisRef: T, property: KProperty<*>, value: V): Unit
@InlineOnly() fun <V> MutableMap<in String, in V>.setValue(thisRef: Any?, property: KProperty<*>, value: V): Unit
e: file:///Users/HONGBGU/Documents/seadroid/app/src/main/java/com/seafile/seadroid2/ui/star/StarredViewModel.kt:137:13 Initializer type mismatch: expected 'io.reactivex.Single<com.seafile.seadroid2.framework.model.dirents.DirentFileModel?>', actual 'io.reactivex.Single<com.seafile.seadroid2.framework.model.dirents.DirentFileModel?>?'.
e: file:///Users/HONGBGU/Documents/seadroid/app/src/main/java/com/seafile/seadroid2/ui/star/StarredViewModel.kt:137:50 Only safe (?.) or non-null asserted (!!.) calls are allowed on a nullable receiver of type 'com.seafile.seadroid2.framework.http.HttpIO?'.
e: file:///Users/HONGBGU/Documents/seadroid/app/src/main/java/com/seafile/seadroid2/ui/star/StarredViewModel.kt:137:73 Argument type mismatch: actual type is 'java.lang.Class<com.seafile.seadroid2.ui.file.FileService>', but 'java.lang.Class<T?>' was expected.
e: file:///Users/HONGBGU/Documents/seadroid/app/src/main/java/com/seafile/seadroid2/ui/star/StarredViewModel.kt:138:17 Only safe (?.) or non-null asserted (!!.) calls are allowed on a nullable receiver of type 'com.seafile.seadroid2.ui.file.FileService?'.
e: file:///Users/HONGBGU/Documents/seadroid/app/src/main/java/com/seafile/seadroid2/ui/star/StarredViewModel.kt:141:13 Initializer type mismatch: expected 'io.reactivex.Single<kotlin.collections.MutableList<com.seafile.seadroid2.framework.db.entities.FileCacheStatusEntity?>?>', actual 'io.reactivex.Single<kotlin.collections.MutableList<com.seafile.seadroid2.framework.db.entities.FileCacheStatusEntity?>?>?'.
e: file:///Users/HONGBGU/Documents/seadroid/app/src/main/java/com/seafile/seadroid2/ui/star/StarredViewModel.kt:141:48 Only safe (?.) or non-null asserted (!!.) calls are allowed on a nullable receiver of type 'com.seafile.seadroid2.framework.db.AppDatabase?'.
e: file:///Users/HONGBGU/Documents/seadroid/app/src/main/java/com/seafile/seadroid2/ui/star/StarredViewModel.kt:141:69 Only safe (?.) or non-null asserted (!!.) calls are allowed on a nullable receiver of type 'com.seafile.seadroid2.framework.db.dao.FileCacheStatusDAO?'.
e: file:///Users/HONGBGU/Documents/seadroid/app/src/main/java/com/seafile/seadroid2/ui/star/StarredViewModel.kt:142:59 Class '<anonymous>' is not abstract and does not implement abstract member 'apply'.
e: file:///Users/HONGBGU/Documents/seadroid/app/src/main/java/com/seafile/seadroid2/ui/star/StarredViewModel.kt:144:13 'apply' overrides nothing.
e: file:///Users/HONGBGU/Documents/seadroid/app/src/main/java/com/seafile/seadroid2/ui/star/StarredViewModel.kt:155:29 Class '<anonymous>' is not abstract and does not implement abstract member 'apply'.
e: file:///Users/HONGBGU/Documents/seadroid/app/src/main/java/com/seafile/seadroid2/ui/star/StarredViewModel.kt:157:13 'apply' overrides nothing.
e: file:///Users/HONGBGU/Documents/seadroid/app/src/main/java/com/seafile/seadroid2/ui/star/StarredViewModel.kt:162:54 Class '<anonymous>' is not abstract and does not implement abstract member 'apply'.
e: file:///Users/HONGBGU/Documents/seadroid/app/src/main/java/com/seafile/seadroid2/ui/star/StarredViewModel.kt:165:21 'apply' overrides nothing.
e: file:///Users/HONGBGU/Documents/seadroid/app/src/main/java/com/seafile/seadroid2/ui/star/StarredViewModel.kt:185:44 None of the following candidates is applicable:
@SinceKotlin(...) @InlineOnly() fun <V> KMutableProperty0<V>.setValue(thisRef: Any?, property: KProperty<*>, value: V): Unit
@SinceKotlin(...) @InlineOnly() fun <T, V> KMutableProperty1<T, V>.setValue(thisRef: T, property: KProperty<*>, value: V): Unit
@InlineOnly() fun <V> MutableMap<in String, in V>.setValue(thisRef: Any?, property: KProperty<*>, value: V): Unit
e: file:///Users/HONGBGU/Documents/seadroid/app/src/main/java/com/seafile/seadroid2/ui/star/StarredViewModel.kt:193:44 None of the following candidates is applicable:
@SinceKotlin(...) @InlineOnly() fun <V> KMutableProperty0<V>.setValue(thisRef: Any?, property: KProperty<*>, value: V): Unit
@SinceKotlin(...) @InlineOnly() fun <T, V> KMutableProperty1<T, V>.setValue(thisRef: T, property: KProperty<*>, value: V): Unit
@InlineOnly() fun <V> MutableMap<in String, in V>.setValue(thisRef: Any?, property: KProperty<*>, value: V): Unit
e: file:///Users/HONGBGU/Documents/seadroid/app/src/main/java/com/seafile/seadroid2/ui/star/StarredViewModel.kt:199:30 None of the following candidates is applicable:
@SinceKotlin(...) @InlineOnly() fun <V> KMutableProperty0<V>.setValue(thisRef: Any?, property: KProperty<*>, value: V): Unit
@SinceKotlin(...) @InlineOnly() fun <T, V> KMutableProperty1<T, V>.setValue(thisRef: T, property: KProperty<*>, value: V): Unit
@InlineOnly() fun <V> MutableMap<in String, in V>.setValue(thisRef: Any?, property: KProperty<*>, value: V): Unit
e: file:///Users/HONGBGU/Documents/seadroid/app/src/main/java/com/seafile/seadroid2/ui/star/StarredViewModel.kt:201:78 Only safe (?.) or non-null asserted (!!.) calls are allowed on a nullable receiver of type 'com.seafile.seadroid2.account.SupportAccountManager?'.
e: file:///Users/HONGBGU/Documents/seadroid/app/src/main/java/com/seafile/seadroid2/ui/star/StarredViewModel.kt:203:58 Argument type mismatch: actual type is 'com.seafile.seadroid2.account.Account?', but 'com.seafile.seadroid2.account.Account' was expected.
e: file:///Users/HONGBGU/Documents/seadroid/app/src/main/java/com/seafile/seadroid2/ui/star/StarredViewModel.kt:209:42 None of the following candidates is applicable:
@SinceKotlin(...) @InlineOnly() fun <V> KMutableProperty0<V>.setValue(thisRef: Any?, property: KProperty<*>, value: V): Unit
@SinceKotlin(...) @InlineOnly() fun <T, V> KMutableProperty1<T, V>.setValue(thisRef: T, property: KProperty<*>, value: V): Unit
@InlineOnly() fun <V> MutableMap<in String, in V>.setValue(thisRef: Any?, property: KProperty<*>, value: V): Unit
e: file:///Users/HONGBGU/Documents/seadroid/app/src/main/java/com/seafile/seadroid2/ui/star/StarredViewModel.kt:216:42 None of the following candidates is applicable:
@SinceKotlin(...) @InlineOnly() fun <V> KMutableProperty0<V>.setValue(thisRef: Any?, property: KProperty<*>, value: V): Unit
@SinceKotlin(...) @InlineOnly() fun <T, V> KMutableProperty1<T, V>.setValue(thisRef: T, property: KProperty<*>, value: V): Unit
@InlineOnly() fun <V> MutableMap<in String, in V>.setValue(thisRef: Any?, property: KProperty<*>, value: V): Unit
e: file:///Users/HONGBGU/Documents/seadroid/app/src/main/java/com/seafile/seadroid2/ui/star/StarredViewModel.kt:224:48 None of the following candidates is applicable:
@SinceKotlin(...) @InlineOnly() fun <V> KMutableProperty0<V>.setValue(thisRef: Any?, property: KProperty<*>, value: V): Unit
@SinceKotlin(...) @InlineOnly() fun <T, V> KMutableProperty1<T, V>.setValue(thisRef: T, property: KProperty<*>, value: V): Unit
@InlineOnly() fun <V> MutableMap<in String, in V>.setValue(thisRef: Any?, property: KProperty<*>, value: V): Unit
e: file:///Users/HONGBGU/Documents/seadroid/app/src/main/java/com/seafile/seadroid2/ui/star/StarredViewModel.kt:230:46 Initializer type mismatch: expected 'io.reactivex.Single<com.seafile.seadroid2.framework.model.ResultModel?>', actual 'io.reactivex.Single<com.seafile.seadroid2.framework.model.ResultModel?>?'.
e: file:///Users/HONGBGU/Documents/seadroid/app/src/main/java/com/seafile/seadroid2/ui/star/StarredViewModel.kt:231:13 Only safe (?.) or non-null asserted (!!.) calls are allowed on a nullable receiver of type 'com.seafile.seadroid2.framework.http.HttpIO?'.
e: file:///Users/HONGBGU/Documents/seadroid/app/src/main/java/com/seafile/seadroid2/ui/star/StarredViewModel.kt:231:39 Argument type mismatch: actual type is 'java.lang.Class<com.seafile.seadroid2.ui.star.StarredService>', but 'java.lang.Class<T?>' was expected.
e: file:///Users/HONGBGU/Documents/seadroid/app/src/main/java/com/seafile/seadroid2/ui/star/StarredViewModel.kt:231:66 Only safe (?.) or non-null asserted (!!.) calls are allowed on a nullable receiver of type 'com.seafile.seadroid2.ui.star.StarredService?'.
e: file:///Users/HONGBGU/Documents/seadroid/app/src/main/java/com/seafile/seadroid2/ui/transfer_list/DownloadListFragment.kt:29:13 Only safe (?.) or non-null asserted (!!.) calls are allowed on a nullable receiver of type 'com.jeremyliao.liveeventbus.core.Observable<android.os.Bundle?>?'.
e: file:///Users/HONGBGU/Documents/seadroid/app/src/main/java/com/seafile/seadroid2/ui/transfer_list/DownloadListFragment.kt:29:47 Class '<anonymous>' is not abstract and does not implement abstract member 'onChanged'.
e: file:///Users/HONGBGU/Documents/seadroid/app/src/main/java/com/seafile/seadroid2/ui/transfer_list/DownloadListFragment.kt:30:17 'onChanged' overrides nothing.
e: file:///Users/HONGBGU/Documents/seadroid/app/src/main/java/com/seafile/seadroid2/ui/transfer_list/TransferActivity.kt:60:16 Only safe (?.) or non-null asserted (!!.) calls are allowed on a nullable receiver of type 'androidx.appcompat.widget.Toolbar?'.
e: file:///Users/HONGBGU/Documents/seadroid/app/src/main/java/com/seafile/seadroid2/ui/transfer_list/TransferListAdapter.kt:11:82 Cannot import 'onBind'. Functions and properties can only be imported from packages or objects.
e: file:///Users/HONGBGU/Documents/seadroid/app/src/main/java/com/seafile/seadroid2/ui/transfer_list/TransferListAdapter.kt:12:55 Cannot import 'addItemType'. Functions and properties can only be imported from packages or objects.
e: file:///Users/HONGBGU/Documents/seadroid/app/src/main/java/com/seafile/seadroid2/ui/transfer_list/TransferListAdapter.kt:40:51 Class '<anonymous>' is not abstract and does not implement abstract member 'onBind'.
e: file:///Users/HONGBGU/Documents/seadroid/app/src/main/java/com/seafile/seadroid2/ui/transfer_list/TransferListAdapter.kt:40:51 Argument type mismatch: actual type is 'com.seafile.seadroid2.ui.transfer_list.<anonymous>', but 'com.chad.library.adapter4.BaseMultiItemAdapter.OnMultiItemAdapterListener<kotlin.Any?, V>' was expected.
e: file:///Users/HONGBGU/Documents/seadroid/app/src/main/java/com/seafile/seadroid2/ui/transfer_list/TransferListAdapter.kt:40:72 Type argument is not within its bounds: should be subtype of 'kotlin.Any'.
e: file:///Users/HONGBGU/Documents/seadroid/app/src/main/java/com/seafile/seadroid2/ui/transfer_list/TransferListAdapter.kt:40:78 Type argument is not within its bounds: should be subtype of 'androidx.recyclerview.widget.RecyclerView.ViewHolder'.
e: file:///Users/HONGBGU/Documents/seadroid/app/src/main/java/com/seafile/seadroid2/ui/transfer_list/TransferListAdapter.kt:51:13 'onBind' overrides nothing.
e: file:///Users/HONGBGU/Documents/seadroid/app/src/main/java/com/seafile/seadroid2/ui/transfer_list/TransferListAdapter.kt:55:13 'onBind' overrides nothing.
e: file:///Users/HONGBGU/Documents/seadroid/app/src/main/java/com/seafile/seadroid2/ui/transfer_list/TransferListAdapter.kt:61:54 Argument type mismatch: actual type is 'kotlin.collections.MutableList<CapturedType(*)>', but 'kotlin.collections.List<kotlin.Any>' was expected.
e: file:///Users/HONGBGU/Documents/seadroid/app/src/main/java/com/seafile/seadroid2/ui/transfer_list/TransferListAdapter.kt:75:22 Type argument is not within its bounds: should be subtype of 'androidx.recyclerview.widget.RecyclerView.ViewHolder'.
e: file:///Users/HONGBGU/Documents/seadroid/app/src/main/java/com/seafile/seadroid2/ui/transfer_list/TransferListAdapter.kt:76:13 Argument type mismatch: actual type is 'kotlin.Int', but 'kotlin.Int' was expected.
e: file:///Users/HONGBGU/Documents/seadroid/app/src/main/java/com/seafile/seadroid2/ui/transfer_list/TransferListAdapter.kt:77:13 Class '<anonymous>' is not abstract and does not implement abstract member 'onBind'.
e: file:///Users/HONGBGU/Documents/seadroid/app/src/main/java/com/seafile/seadroid2/ui/transfer_list/TransferListAdapter.kt:77:13 Argument type mismatch: actual type is 'com.seafile.seadroid2.ui.transfer_list.<anonymous>', but 'com.chad.library.adapter4.BaseMultiItemAdapter.OnMultiItemAdapterListener<kotlin.Any?, V>' was expected.
e: file:///Users/HONGBGU/Documents/seadroid/app/src/main/java/com/seafile/seadroid2/ui/transfer_list/TransferListAdapter.kt:77:34 Type argument is not within its bounds: should be subtype of 'kotlin.Any'.
e: file:///Users/HONGBGU/Documents/seadroid/app/src/main/java/com/seafile/seadroid2/ui/transfer_list/TransferListAdapter.kt:77:40 Type argument is not within its bounds: should be subtype of 'androidx.recyclerview.widget.RecyclerView.ViewHolder'.
e: file:///Users/HONGBGU/Documents/seadroid/app/src/main/java/com/seafile/seadroid2/ui/transfer_list/TransferListAdapter.kt:91:17 'onBind' overrides nothing.
e: file:///Users/HONGBGU/Documents/seadroid/app/src/main/java/com/seafile/seadroid2/ui/transfer_list/TransferListAdapter.kt:95:26 Type argument is not within its bounds: should be subtype of 'androidx.recyclerview.widget.RecyclerView.ViewHolder'.
e: file:///Users/HONGBGU/Documents/seadroid/app/src/main/java/com/seafile/seadroid2/ui/transfer_list/TransferListAdapter.kt:96:17 Argument type mismatch: actual type is 'kotlin.Int', but 'kotlin.Int' was expected.
e: file:///Users/HONGBGU/Documents/seadroid/app/src/main/java/com/seafile/seadroid2/ui/transfer_list/TransferListAdapter.kt:97:17 Class '<anonymous>' is not abstract and does not implement abstract member 'onBind'.
e: file:///Users/HONGBGU/Documents/seadroid/app/src/main/java/com/seafile/seadroid2/ui/transfer_list/TransferListAdapter.kt:97:17 Argument type mismatch: actual type is 'com.seafile.seadroid2.ui.transfer_list.<anonymous>', but 'com.chad.library.adapter4.BaseMultiItemAdapter.OnMultiItemAdapterListener<kotlin.Any?, V>' was expected.
e: file:///Users/HONGBGU/Documents/seadroid/app/src/main/java/com/seafile/seadroid2/ui/transfer_list/TransferListAdapter.kt:97:38 Type argument is not within its bounds: should be subtype of 'kotlin.Any'.
e: file:///Users/HONGBGU/Documents/seadroid/app/src/main/java/com/seafile/seadroid2/ui/transfer_list/TransferListAdapter.kt:97:44 Type argument is not within its bounds: should be subtype of 'androidx.recyclerview.widget.RecyclerView.ViewHolder'.
e: file:///Users/HONGBGU/Documents/seadroid/app/src/main/java/com/seafile/seadroid2/ui/transfer_list/TransferListAdapter.kt:111:21 'onBind' overrides nothing.
e: file:///Users/HONGBGU/Documents/seadroid/app/src/main/java/com/seafile/seadroid2/ui/transfer_list/TransferListAdapter.kt:115:26 Type argument is not within its bounds: should be subtype of 'androidx.recyclerview.widget.RecyclerView.ViewHolder'.
e: file:///Users/HONGBGU/Documents/seadroid/app/src/main/java/com/seafile/seadroid2/ui/transfer_list/TransferListAdapter.kt:116:17 Argument type mismatch: actual type is 'kotlin.Int', but 'kotlin.Int' was expected.
e: file:///Users/HONGBGU/Documents/seadroid/app/src/main/java/com/seafile/seadroid2/ui/transfer_list/TransferListAdapter.kt:117:17 Class '<anonymous>' is not abstract and does not implement abstract member 'onBind'.
e: file:///Users/HONGBGU/Documents/seadroid/app/src/main/java/com/seafile/seadroid2/ui/transfer_list/TransferListAdapter.kt:117:17 Argument type mismatch: actual type is 'com.seafile.seadroid2.ui.transfer_list.<anonymous>', but 'com.chad.library.adapter4.BaseMultiItemAdapter.OnMultiItemAdapterListener<kotlin.Any?, V>' was expected.
e: file:///Users/HONGBGU/Documents/seadroid/app/src/main/java/com/seafile/seadroid2/ui/transfer_list/TransferListAdapter.kt:117:38 Type argument is not within its bounds: should be subtype of 'kotlin.Any'.
e: file:///Users/HONGBGU/Documents/seadroid/app/src/main/java/com/seafile/seadroid2/ui/transfer_list/TransferListAdapter.kt:117:44 Type argument is not within its bounds: should be subtype of 'androidx.recyclerview.widget.RecyclerView.ViewHolder'.
e: file:///Users/HONGBGU/Documents/seadroid/app/src/main/java/com/seafile/seadroid2/ui/transfer_list/TransferListAdapter.kt:131:21 'onBind' overrides nothing.
e: file:///Users/HONGBGU/Documents/seadroid/app/src/main/java/com/seafile/seadroid2/ui/transfer_list/TransferListAdapter.kt:138:29 Class '<anonymous>' is not abstract and does not implement abstract member 'onItemViewType'.
e: file:///Users/HONGBGU/Documents/seadroid/app/src/main/java/com/seafile/seadroid2/ui/transfer_list/TransferListAdapter.kt:139:17 'onItemViewType' overrides nothing.
e: file:///Users/HONGBGU/Documents/seadroid/app/src/main/java/com/seafile/seadroid2/ui/transfer_list/TransferListAdapter.kt:154:23 Only safe (?.) or non-null asserted (!!.) calls are allowed on a nullable receiver of type 'com.seafile.seadroid2.databinding.ItemGroupItemBinding?'.
e: file:///Users/HONGBGU/Documents/seadroid/app/src/main/java/com/seafile/seadroid2/ui/transfer_list/TransferListAdapter.kt:155:23 Only safe (?.) or non-null asserted (!!.) calls are allowed on a nullable receiver of type 'com.seafile.seadroid2.databinding.ItemGroupItemBinding?'.
e: file:///Users/HONGBGU/Documents/seadroid/app/src/main/java/com/seafile/seadroid2/ui/transfer_list/TransferListAdapter.kt:159:23 Only safe (?.) or non-null asserted (!!.) calls are allowed on a nullable receiver of type 'com.seafile.seadroid2.databinding.ItemTransferListBinding?'.
e: file:///Users/HONGBGU/Documents/seadroid/app/src/main/java/com/seafile/seadroid2/ui/transfer_list/TransferListAdapter.kt:160:23 Only safe (?.) or non-null asserted (!!.) calls are allowed on a nullable receiver of type 'com.seafile.seadroid2.databinding.ItemTransferListBinding?'.
e: file:///Users/HONGBGU/Documents/seadroid/app/src/main/java/com/seafile/seadroid2/ui/transfer_list/TransferListAdapter.kt:165:27 Only safe (?.) or non-null asserted (!!.) calls are allowed on a nullable receiver of type 'com.seafile.seadroid2.databinding.ItemTransferListBinding?'.
e: file:///Users/HONGBGU/Documents/seadroid/app/src/main/java/com/seafile/seadroid2/ui/transfer_list/TransferListAdapter.kt:167:27 Only safe (?.) or non-null asserted (!!.) calls are allowed on a nullable receiver of type 'com.seafile.seadroid2.databinding.ItemTransferListBinding?'.
e: file:///Users/HONGBGU/Documents/seadroid/app/src/main/java/com/seafile/seadroid2/ui/transfer_list/TransferListAdapter.kt:170:23 Only safe (?.) or non-null asserted (!!.) calls are allowed on a nullable receiver of type 'com.seafile.seadroid2.databinding.ItemTransferListBinding?'.
e: file:///Users/HONGBGU/Documents/seadroid/app/src/main/java/com/seafile/seadroid2/ui/transfer_list/TransferListAdapter.kt:173:23 Only safe (?.) or non-null asserted (!!.) calls are allowed on a nullable receiver of type 'com.seafile.seadroid2.databinding.ItemTransferListBinding?'.
e: file:///Users/HONGBGU/Documents/seadroid/app/src/main/java/com/seafile/seadroid2/ui/transfer_list/TransferListAdapter.kt:177:23 Only safe (?.) or non-null asserted (!!.) calls are allowed on a nullable receiver of type 'com.seafile.seadroid2.databinding.ItemTransferListBinding?'.
e: file:///Users/HONGBGU/Documents/seadroid/app/src/main/java/com/seafile/seadroid2/ui/transfer_list/TransferListAdapter.kt:179:23 Only safe (?.) or non-null asserted (!!.) calls are allowed on a nullable receiver of type 'com.seafile.seadroid2.databinding.ItemTransferListBinding?'.
e: file:///Users/HONGBGU/Documents/seadroid/app/src/main/java/com/seafile/seadroid2/ui/transfer_list/TransferListAdapter.kt:179:71 Argument type mismatch: actual type is 'java.lang.Long', but 'kotlin.Long' was expected.
e: file:///Users/HONGBGU/Documents/seadroid/app/src/main/java/com/seafile/seadroid2/ui/transfer_list/TransferListAdapter.kt:184:46 Argument type mismatch: actual type is 'java.lang.Long', but 'kotlin.Long' was expected.
e: file:///Users/HONGBGU/Documents/seadroid/app/src/main/java/com/seafile/seadroid2/ui/transfer_list/TransferListAdapter.kt:199:40 Argument type mismatch: actual type is 'java.lang.Long', but 'kotlin.Long' was expected.
e: file:///Users/HONGBGU/Documents/seadroid/app/src/main/java/com/seafile/seadroid2/ui/transfer_list/TransferListAdapter.kt:200:40 Argument type mismatch: actual type is 'java.lang.Long', but 'kotlin.Long' was expected.
e: file:///Users/HONGBGU/Documents/seadroid/app/src/main/java/com/seafile/seadroid2/ui/transfer_list/TransferListAdapter.kt:209:32 Argument type mismatch: actual type is 'java.lang.Long', but 'kotlin.Long' was expected.
e: file:///Users/HONGBGU/Documents/seadroid/app/src/main/java/com/seafile/seadroid2/ui/transfer_list/TransferListAdapter.kt:209:49 Argument type mismatch: actual type is 'java.lang.Long', but 'kotlin.Long' was expected.
e: file:///Users/HONGBGU/Documents/seadroid/app/src/main/java/com/seafile/seadroid2/ui/transfer_list/TransferListAdapter.kt:210:27 Only safe (?.) or non-null asserted (!!.) calls are allowed on a nullable receiver of type 'com.seafile.seadroid2.databinding.ItemTransferListBinding?'.
e: file:///Users/HONGBGU/Documents/seadroid/app/src/main/java/com/seafile/seadroid2/ui/transfer_list/TransferListAdapter.kt:236:27 Only safe (?.) or non-null asserted (!!.) calls are allowed on a nullable receiver of type 'com.seafile.seadroid2.databinding.ItemTransferListBinding?'.
e: file:///Users/HONGBGU/Documents/seadroid/app/src/main/java/com/seafile/seadroid2/ui/transfer_list/TransferListAdapter.kt:238:27 Only safe (?.) or non-null asserted (!!.) calls are allowed on a nullable receiver of type 'com.seafile.seadroid2.databinding.ItemTransferListBinding?'.
e: file:///Users/HONGBGU/Documents/seadroid/app/src/main/java/com/seafile/seadroid2/ui/transfer_list/TransferListAdapter.kt:242:27 Only safe (?.) or non-null asserted (!!.) calls are allowed on a nullable receiver of type 'com.seafile.seadroid2.databinding.ItemTransferListBinding?'.
e: file:///Users/HONGBGU/Documents/seadroid/app/src/main/java/com/seafile/seadroid2/ui/transfer_list/TransferListAdapter.kt:243:27 Only safe (?.) or non-null asserted (!!.) calls are allowed on a nullable receiver of type 'com.seafile.seadroid2.databinding.ItemTransferListBinding?'.
e: file:///Users/HONGBGU/Documents/seadroid/app/src/main/java/com/seafile/seadroid2/ui/transfer_list/TransferListAdapter.kt:245:27 Only safe (?.) or non-null asserted (!!.) calls are allowed on a nullable receiver of type 'com.seafile.seadroid2.databinding.ItemTransferListBinding?'.
e: file:///Users/HONGBGU/Documents/seadroid/app/src/main/java/com/seafile/seadroid2/ui/transfer_list/TransferListAdapter.kt:246:27 Only safe (?.) or non-null asserted (!!.) calls are allowed on a nullable receiver of type 'com.seafile.seadroid2.databinding.ItemTransferListBinding?'.
e: file:///Users/HONGBGU/Documents/seadroid/app/src/main/java/com/seafile/seadroid2/ui/transfer_list/TransferListAdapter.kt:248:27 Only safe (?.) or non-null asserted (!!.) calls are allowed on a nullable receiver of type 'com.seafile.seadroid2.databinding.ItemTransferListBinding?'.
e: file:///Users/HONGBGU/Documents/seadroid/app/src/main/java/com/seafile/seadroid2/ui/transfer_list/TransferListAdapter.kt:249:27 Only safe (?.) or non-null asserted (!!.) calls are allowed on a nullable receiver of type 'com.seafile.seadroid2.databinding.ItemTransferListBinding?'.
e: file:///Users/HONGBGU/Documents/seadroid/app/src/main/java/com/seafile/seadroid2/ui/transfer_list/TransferListAdapter.kt:253:27 Only safe (?.) or non-null asserted (!!.) calls are allowed on a nullable receiver of type 'com.seafile.seadroid2.databinding.ItemTransferListBinding?'.
e: file:///Users/HONGBGU/Documents/seadroid/app/src/main/java/com/seafile/seadroid2/ui/transfer_list/TransferListAdapter.kt:260:27 Only safe (?.) or non-null asserted (!!.) calls are allowed on a nullable receiver of type 'com.seafile.seadroid2.databinding.ItemTransferListBinding?'.
e: file:///Users/HONGBGU/Documents/seadroid/app/src/main/java/com/seafile/seadroid2/ui/transfer_list/TransferListAdapter.kt:268:23 Only safe (?.) or non-null asserted (!!.) calls are allowed on a nullable receiver of type 'com.seafile.seadroid2.databinding.ItemTransferListBinding?'.
e: file:///Users/HONGBGU/Documents/seadroid/app/src/main/java/com/seafile/seadroid2/ui/transfer_list/TransferListAdapter.kt:269:23 Only safe (?.) or non-null asserted (!!.) calls are allowed on a nullable receiver of type 'com.seafile.seadroid2.databinding.ItemTransferListBinding?'.
e: file:///Users/HONGBGU/Documents/seadroid/app/src/main/java/com/seafile/seadroid2/ui/transfer_list/TransferListAdapter.kt:285:27 Only safe (?.) or non-null asserted (!!.) calls are allowed on a nullable receiver of type 'com.seafile.seadroid2.databinding.ItemTransferListBinding?'.
e: file:///Users/HONGBGU/Documents/seadroid/app/src/main/java/com/seafile/seadroid2/ui/transfer_list/TransferListAdapter.kt:286:27 Only safe (?.) or non-null asserted (!!.) calls are allowed on a nullable receiver of type 'com.seafile.seadroid2.databinding.ItemTransferListBinding?'.
e: file:///Users/HONGBGU/Documents/seadroid/app/src/main/java/com/seafile/seadroid2/ui/transfer_list/TransferListAdapter.kt:292:23 Only safe (?.) or non-null asserted (!!.) calls are allowed on a nullable receiver of type 'com.seafile.seadroid2.databinding.ItemTransferListBinding?'.
e: file:///Users/HONGBGU/Documents/seadroid/app/src/main/java/com/seafile/seadroid2/ui/transfer_list/TransferListAdapter.kt:293:23 Only safe (?.) or non-null asserted (!!.) calls are allowed on a nullable receiver of type 'com.seafile.seadroid2.databinding.ItemTransferListBinding?'.
e: file:///Users/HONGBGU/Documents/seadroid/app/src/main/java/com/seafile/seadroid2/ui/transfer_list/TransferListAdapter.kt:294:23 Only safe (?.) or non-null asserted (!!.) calls are allowed on a nullable receiver of type 'com.seafile.seadroid2.databinding.ItemTransferListBinding?'.
e: file:///Users/HONGBGU/Documents/seadroid/app/src/main/java/com/seafile/seadroid2/ui/transfer_list/TransferListAdapter.kt:298:23 Only safe (?.) or non-null asserted (!!.) calls are allowed on a nullable receiver of type 'com.seafile.seadroid2.databinding.ItemTransferListBinding?'.
e: file:///Users/HONGBGU/Documents/seadroid/app/src/main/java/com/seafile/seadroid2/ui/transfer_list/TransferListAdapter.kt:301:23 Only safe (?.) or non-null asserted (!!.) calls are allowed on a nullable receiver of type 'com.seafile.seadroid2.databinding.ItemTransferListBinding?'.
e: file:///Users/HONGBGU/Documents/seadroid/app/src/main/java/com/seafile/seadroid2/ui/transfer_list/TransferListAdapter.kt:305:23 Only safe (?.) or non-null asserted (!!.) calls are allowed on a nullable receiver of type 'com.seafile.seadroid2.databinding.ItemTransferListBinding?'.
e: file:///Users/HONGBGU/Documents/seadroid/app/src/main/java/com/seafile/seadroid2/ui/transfer_list/TransferListAdapter.kt:307:23 Only safe (?.) or non-null asserted (!!.) calls are allowed on a nullable receiver of type 'com.seafile.seadroid2.databinding.ItemTransferListBinding?'.
e: file:///Users/HONGBGU/Documents/seadroid/app/src/main/java/com/seafile/seadroid2/ui/transfer_list/TransferListAdapter.kt:309:23 Only safe (?.) or non-null asserted (!!.) calls are allowed on a nullable receiver of type 'com.seafile.seadroid2.databinding.ItemTransferListBinding?'.
e: file:///Users/HONGBGU/Documents/seadroid/app/src/main/java/com/seafile/seadroid2/ui/transfer_list/TransferListAdapter.kt:310:23 Only safe (?.) or non-null asserted (!!.) calls are allowed on a nullable receiver of type 'com.seafile.seadroid2.databinding.ItemTransferListBinding?'.
e: file:///Users/HONGBGU/Documents/seadroid/app/src/main/java/com/seafile/seadroid2/ui/transfer_list/TransferListAdapter.kt:311:23 Only safe (?.) or non-null asserted (!!.) calls are allowed on a nullable receiver of type 'com.seafile.seadroid2.databinding.ItemTransferListBinding?'.
e: file:///Users/HONGBGU/Documents/seadroid/app/src/main/java/com/seafile/seadroid2/ui/transfer_list/TransferListAdapter.kt:312:23 Only safe (?.) or non-null asserted (!!.) calls are allowed on a nullable receiver of type 'com.seafile.seadroid2.databinding.ItemTransferListBinding?'.
e: file:///Users/HONGBGU/Documents/seadroid/app/src/main/java/com/seafile/seadroid2/ui/transfer_list/TransferListFragment.kt:20:51 Cannot import 'removeAt'. Functions and properties can only be imported from packages or objects.
e: file:///Users/HONGBGU/Documents/seadroid/app/src/main/java/com/seafile/seadroid2/ui/transfer_list/TransferListFragment.kt:21:51 Cannot import 'set'. Functions and properties can only be imported from packages or objects.
e: file:///Users/HONGBGU/Documents/seadroid/app/src/main/java/com/seafile/seadroid2/ui/transfer_list/TransferListFragment.kt:67:37 None of the following candidates is applicable:
@MainThread() fun <T : ViewModel> get(modelClass: Class<T>): T
@MainThread() fun <T : ViewModel> get(modelClass: KClass<T>): T
e: file:///Users/HONGBGU/Documents/seadroid/app/src/main/java/com/seafile/seadroid2/ui/transfer_list/TransferListFragment.kt:106:20 Only safe (?.) or non-null asserted (!!.) calls are allowed on a nullable receiver of type 'android.widget.TextView?'.
e: file:///Users/HONGBGU/Documents/seadroid/app/src/main/java/com/seafile/seadroid2/ui/transfer_list/TransferListFragment.kt:108:20 Only safe (?.) or non-null asserted (!!.) calls are allowed on a nullable receiver of type 'android.widget.TextView?'.
e: file:///Users/HONGBGU/Documents/seadroid/app/src/main/java/com/seafile/seadroid2/ui/transfer_list/TransferListFragment.kt:117:13 Argument type mismatch: actual type is 'com.chad.library.adapter4.BaseQuickAdapter.OnItemChildClickListener<T>', but 'com.chad.library.adapter4.BaseQuickAdapter.OnItemChildClickListener<kotlin.Any?>' was expected.
e: file:///Users/HONGBGU/Documents/seadroid/app/src/main/java/com/seafile/seadroid2/ui/transfer_list/TransferListFragment.kt:117:38 Argument type mismatch: actual type is 'kotlin.Function3<com.chad.library.adapter4.BaseQuickAdapter<kotlin.Any?, *>?, android.view.View?, kotlin.Int, kotlin.Unit>', but 'kotlin.Function3<com.chad.library.adapter4.BaseQuickAdapter<T, *>, android.view.View, kotlin.Int, kotlin.Unit>' was expected.
e: file:///Users/HONGBGU/Documents/seadroid/app/src/main/java/com/seafile/seadroid2/ui/transfer_list/TransferListFragment.kt:117:75 Type argument is not within its bounds: should be subtype of 'kotlin.Any'.
e: file:///Users/HONGBGU/Documents/seadroid/app/src/main/java/com/seafile/seadroid2/ui/transfer_list/TransferListFragment.kt:128:47 Unresolved reference 'observe'.
e: file:///Users/HONGBGU/Documents/seadroid/app/src/main/java/com/seafile/seadroid2/ui/transfer_list/TransferListFragment.kt:133:14 Unresolved reference 'observe'.
e: file:///Users/HONGBGU/Documents/seadroid/app/src/main/java/com/seafile/seadroid2/ui/transfer_list/TransferListFragment.kt:133:47 Class '<anonymous>' is not abstract and does not implement abstract member 'onChanged'.
e: file:///Users/HONGBGU/Documents/seadroid/app/src/main/java/com/seafile/seadroid2/ui/transfer_list/TransferListFragment.kt:134:17 'onChanged' overrides nothing.
e: file:///Users/HONGBGU/Documents/seadroid/app/src/main/java/com/seafile/seadroid2/ui/transfer_list/TransferListFragment.kt:158:13 Interface 'interface OnMenuClickListener : Any' does not have constructors.
e: file:///Users/HONGBGU/Documents/seadroid/app/src/main/java/com/seafile/seadroid2/ui/transfer_list/TransferListFragment.kt:165:16 Only safe (?.) or non-null asserted (!!.) calls are allowed on a nullable receiver of type 'com.seafile.seadroid2.ui.bottomsheetmenu.BottomSheetMenuFragment.Builder?'.
e: file:///Users/HONGBGU/Documents/seadroid/app/src/main/java/com/seafile/seadroid2/ui/transfer_list/TransferListFragment.kt:166:16 Only safe (?.) or non-null asserted (!!.) calls are allowed on a nullable receiver of type 'com.seafile.seadroid2.ui.bottomsheetmenu.BottomSheetMenuFragment.Builder?'.
e: file:///Users/HONGBGU/Documents/seadroid/app/src/main/java/com/seafile/seadroid2/ui/transfer_list/TransferListFragment.kt:168:16 Only safe (?.) or non-null asserted (!!.) calls are allowed on a nullable receiver of type 'com.seafile.seadroid2.ui.bottomsheetmenu.BottomSheetMenuFragment.Builder?'.
e: file:///Users/HONGBGU/Documents/seadroid/app/src/main/java/com/seafile/seadroid2/ui/transfer_list/TransferListFragment.kt:200:41 Argument type mismatch: actual type is 'kotlin.String?', but 'kotlin.String' was expected.
e: file:///Users/HONGBGU/Documents/seadroid/app/src/main/java/com/seafile/seadroid2/ui/transfer_list/TransferListFragment.kt:226:41 Argument type mismatch: actual type is 'kotlin.String?', but 'kotlin.String' was expected.
e: file:///Users/HONGBGU/Documents/seadroid/app/src/main/java/com/seafile/seadroid2/ui/transfer_list/TransferListFragment.kt:247:13 Only safe (?.) or non-null asserted (!!.) calls are allowed on a nullable receiver of type 'com.seafile.seadroid2.framework.service.BackupThreadExecutor?'.
e: file:///Users/HONGBGU/Documents/seadroid/app/src/main/java/com/seafile/seadroid2/ui/transfer_list/TransferListFragment.kt:266:25 Unresolved reference 'removeAt'.
e: file:///Users/HONGBGU/Documents/seadroid/app/src/main/java/com/seafile/seadroid2/ui/transfer_list/TransferListFragment.kt:268:16 Argument type mismatch: actual type is 'kotlin.collections.List<kotlin.Any?>', but 'kotlin.collections.MutableList<kotlin.Any?>?' was expected.
e: file:///Users/HONGBGU/Documents/seadroid/app/src/main/java/com/seafile/seadroid2/ui/transfer_list/TransferListFragment.kt:283:33 Argument type mismatch: actual type is 'kotlin.String?', but 'kotlin.String' was expected.
e: file:///Users/HONGBGU/Documents/seadroid/app/src/main/java/com/seafile/seadroid2/ui/transfer_list/TransferListFragment.kt:299:71 Argument type mismatch: actual type is 'kotlin.String?', but 'kotlin.String' was expected.
e: file:///Users/HONGBGU/Documents/seadroid/app/src/main/java/com/seafile/seadroid2/ui/transfer_list/TransferListFragment.kt:303:72 Argument type mismatch: actual type is 'kotlin.String?', but 'kotlin.String' was expected.
e: file:///Users/HONGBGU/Documents/seadroid/app/src/main/java/com/seafile/seadroid2/ui/transfer_list/TransferListFragment.kt:307:70 Argument type mismatch: actual type is 'kotlin.String?', but 'kotlin.String' was expected.
e: file:///Users/HONGBGU/Documents/seadroid/app/src/main/java/com/seafile/seadroid2/ui/transfer_list/TransferListFragment.kt:311:67 Argument type mismatch: actual type is 'kotlin.String?', but 'kotlin.String' was expected.
e: file:///Users/HONGBGU/Documents/seadroid/app/src/main/java/com/seafile/seadroid2/ui/transfer_list/TransferListFragment.kt:333:46 Assignment type mismatch: actual type is 'kotlin.Int', but 'java.lang.Long' was expected.
e: file:///Users/HONGBGU/Documents/seadroid/app/src/main/java/com/seafile/seadroid2/ui/transfer_list/TransferListFragment.kt:346:17 Argument type mismatch: actual type is 'java.lang.Long', but 'kotlin.Long' was expected.
e: file:///Users/HONGBGU/Documents/seadroid/app/src/main/java/com/seafile/seadroid2/ui/transfer_list/TransferListFragment.kt:350:17 Argument type mismatch: actual type is 'java.lang.Long', but 'kotlin.Long' was expected.
e: file:///Users/HONGBGU/Documents/seadroid/app/src/main/java/com/seafile/seadroid2/ui/transfer_list/TransferListFragment.kt:354:25 Unresolved reference 'set'.
e: file:///Users/HONGBGU/Documents/seadroid/app/src/main/java/com/seafile/seadroid2/ui/transfer_list/TransferListViewModel.kt:26:30 None of the following candidates is applicable:
@SinceKotlin(...) @InlineOnly() fun <V> KMutableProperty0<V>.setValue(thisRef: Any?, property: KProperty<*>, value: V): Unit
@SinceKotlin(...) @InlineOnly() fun <T, V> KMutableProperty1<T, V>.setValue(thisRef: T, property: KProperty<*>, value: V): Unit
@InlineOnly() fun <V> MutableMap<in String, in V>.setValue(thisRef: Any?, property: KProperty<*>, value: V): Unit
e: file:///Users/HONGBGU/Documents/seadroid/app/src/main/java/com/seafile/seadroid2/ui/transfer_list/TransferListViewModel.kt:52:68 Only safe (?.) or non-null asserted (!!.) calls are allowed on a nullable receiver of type 'com.seafile.seadroid2.account.SupportAccountManager?'.
e: file:///Users/HONGBGU/Documents/seadroid/app/src/main/java/com/seafile/seadroid2/ui/transfer_list/TransferListViewModel.kt:56:34 None of the following candidates is applicable:
@SinceKotlin(...) @InlineOnly() fun <V> KMutableProperty0<V>.setValue(thisRef: Any?, property: KProperty<*>, value: V): Unit
@SinceKotlin(...) @InlineOnly() fun <T, V> KMutableProperty1<T, V>.setValue(thisRef: T, property: KProperty<*>, value: V): Unit
@InlineOnly() fun <V> MutableMap<in String, in V>.setValue(thisRef: Any?, property: KProperty<*>, value: V): Unit
e: file:///Users/HONGBGU/Documents/seadroid/app/src/main/java/com/seafile/seadroid2/ui/transfer_list/TransferListViewModel.kt:62:34 None of the following candidates is applicable:
@SinceKotlin(...) @InlineOnly() fun <V> KMutableProperty0<V>.setValue(thisRef: Any?, property: KProperty<*>, value: V): Unit
@SinceKotlin(...) @InlineOnly() fun <T, V> KMutableProperty1<T, V>.setValue(thisRef: T, property: KProperty<*>, value: V): Unit
@InlineOnly() fun <V> MutableMap<in String, in V>.setValue(thisRef: Any?, property: KProperty<*>, value: V): Unit
e: file:///Users/HONGBGU/Documents/seadroid/app/src/main/java/com/seafile/seadroid2/ui/transfer_list/TransferListViewModel.kt:69:13 Initializer type mismatch: expected 'io.reactivex.Single<kotlin.collections.MutableList<com.seafile.seadroid2.framework.db.entities.FileBackupStatusEntity?>?>', actual 'io.reactivex.Single<kotlin.collections.MutableList<com.seafile.seadroid2.framework.db.entities.FileBackupStatusEntity?>?>?'.
e: file:///Users/HONGBGU/Documents/seadroid/app/src/main/java/com/seafile/seadroid2/ui/transfer_list/TransferListViewModel.kt:70:17 Only safe (?.) or non-null asserted (!!.) calls are allowed on a nullable receiver of type 'com.seafile.seadroid2.framework.db.AppDatabase?'.
e: file:///Users/HONGBGU/Documents/seadroid/app/src/main/java/com/seafile/seadroid2/ui/transfer_list/TransferListViewModel.kt:71:17 Only safe (?.) or non-null asserted (!!.) calls are allowed on a nullable receiver of type 'com.seafile.seadroid2.framework.db.dao.FileTransferDAO?'.
e: file:///Users/HONGBGU/Documents/seadroid/app/src/main/java/com/seafile/seadroid2/ui/transfer_list/TransferListViewModel.kt:84:38 None of the following candidates is applicable:
@SinceKotlin(...) @InlineOnly() fun <V> KMutableProperty0<V>.setValue(thisRef: Any?, property: KProperty<*>, value: V): Unit
@SinceKotlin(...) @InlineOnly() fun <T, V> KMutableProperty1<T, V>.setValue(thisRef: T, property: KProperty<*>, value: V): Unit
@InlineOnly() fun <V> MutableMap<in String, in V>.setValue(thisRef: Any?, property: KProperty<*>, value: V): Unit
e: file:///Users/HONGBGU/Documents/seadroid/app/src/main/java/com/seafile/seadroid2/ui/transfer_list/UploadListFragment.kt:29:13 Only safe (?.) or non-null asserted (!!.) calls are allowed on a nullable receiver of type 'com.jeremyliao.liveeventbus.core.Observable<android.os.Bundle?>?'.
e: file:///Users/HONGBGU/Documents/seadroid/app/src/main/java/com/seafile/seadroid2/ui/transfer_list/UploadListFragment.kt:29:47 Class '<anonymous>' is not abstract and does not implement abstract member 'onChanged'.
e: file:///Users/HONGBGU/Documents/seadroid/app/src/main/java/com/seafile/seadroid2/ui/transfer_list/UploadListFragment.kt:30:17 'onChanged' overrides nothing.
e: file:///Users/HONGBGU/Documents/seadroid/app/src/main/java/com/seafile/seadroid2/view/DocProfileView.kt:131:48 Initializer type mismatch: expected 'kotlin.collections.MutableMap<kotlin.String?, kotlin.Any?>', actual 'kotlin.collections.Map<kotlin.String, kotlin.Any?>'.
e: file:///Users/HONGBGU/Documents/seadroid/app/src/main/java/com/seafile/seadroid2/view/DocProfileView.kt:131:48 Type mismatch: inferred type is 'kotlin.collections.Map<kotlin.String, kotlin.Any?>', but 'kotlin.collections.MutableMap<kotlin.String?, kotlin.Any?>' was expected.
e: file:///Users/HONGBGU/Documents/seadroid/app/src/main/java/com/seafile/seadroid2/view/DocProfileView.kt:305:53 Unresolved reference 'value'.
e: file:///Users/HONGBGU/Documents/seadroid/app/src/main/java/com/seafile/seadroid2/view/DocProfileView.kt:307:34 Unresolved reference 'value'.
e: file:///Users/HONGBGU/Documents/seadroid/app/src/main/java/com/seafile/seadroid2/view/DocProfileView.kt:308:40 Unresolved reference 'value'.
e: file:///Users/HONGBGU/Documents/seadroid/app/src/main/java/com/seafile/seadroid2/view/DocProfileView.kt:308:70 Unresolved reference 'value'.
e: file:///Users/HONGBGU/Documents/seadroid/app/src/main/java/com/seafile/seadroid2/view/DocProfileView.kt:320:21 Unresolved reference 'value'.
e: file:///Users/HONGBGU/Documents/seadroid/app/src/main/java/com/seafile/seadroid2/view/DocProfileView.kt:327:47 Unresolved reference 'value'.
e: file:///Users/HONGBGU/Documents/seadroid/app/src/main/java/com/seafile/seadroid2/view/DocProfileView.kt:393:44 One type argument expected. Use typealias 'ArrayList' if you don't intend to pass type arguments.
e: file:///Users/HONGBGU/Documents/seadroid/app/src/main/java/com/seafile/seadroid2/view/DocProfileView.kt:394:31 Method 'iterator()' is ambiguous for this expression. Applicable candidates:
fun <T> Enumeration<T>.iterator(): Iterator<T>
@InlineOnly() fun <T> Iterator<T>.iterator(): Iterator<T>
@InlineOnly() fun <K, V> Map<out K, V>.iterator(): Iterator<Map.Entry<K, V>>
@JvmName(...) @InlineOnly() fun <K, V> MutableMap<K, V>.iterator(): MutableIterator<MutableMap.MutableEntry<K, V>>
fun CharSequence.iterator(): CharIterator
fun BufferedInputStream.iterator(): ByteIterator
e: file:///Users/HONGBGU/Documents/seadroid/app/src/main/java/com/seafile/seadroid2/view/DocProfileView.kt:434:62 Unresolved reference 'value'.
e: file:///Users/HONGBGU/Documents/seadroid/app/src/main/java/com/seafile/seadroid2/view/DocProfileView.kt:447:26 Overload resolution ambiguity between candidates:
fun setText(p0: CharSequence!): Unit
fun setText(p0: Int): Unit
e: file:///Users/HONGBGU/Documents/seadroid/app/src/main/java/com/seafile/seadroid2/view/DocProfileView.kt:447:34 Unresolved reference 'value'.
e: file:///Users/HONGBGU/Documents/seadroid/app/src/main/java/com/seafile/seadroid2/view/DocProfileView.kt:465:44 One type argument expected. Use typealias 'ArrayList' if you don't intend to pass type arguments.
e: file:///Users/HONGBGU/Documents/seadroid/app/src/main/java/com/seafile/seadroid2/view/DocProfileView.kt:466:25 Method 'iterator()' is ambiguous for this expression. Applicable candidates:
fun <T> Enumeration<T>.iterator(): Iterator<T>
@InlineOnly() fun <T> Iterator<T>.iterator(): Iterator<T>
@InlineOnly() fun <K, V> Map<out K, V>.iterator(): Iterator<Map.Entry<K, V>>
@JvmName(...) @InlineOnly() fun <K, V> MutableMap<K, V>.iterator(): MutableIterator<MutableMap.MutableEntry<K, V>>
fun CharSequence.iterator(): CharIterator
fun BufferedInputStream.iterator(): ByteIterator
e: file:///Users/HONGBGU/Documents/seadroid/app/src/main/java/com/seafile/seadroid2/view/DocProfileView.kt:480:30 Overload resolution ambiguity between candidates:
fun setText(p0: CharSequence!): Unit
fun setText(p0: Int): Unit
e: file:///Users/HONGBGU/Documents/seadroid/app/src/main/java/com/seafile/seadroid2/view/DocProfileView.kt:636:33 Unresolved reference 'value'.
e: file:///Users/HONGBGU/Documents/seadroid/app/src/main/java/com/seafile/seadroid2/view/ExoPlayerView.kt:27:70 Constructor of the inner class 'inner class ComponentListener : Player.Listener' can only be called with a receiver of the containing class.
e: file:///Users/HONGBGU/Documents/seadroid/app/src/main/java/com/seafile/seadroid2/view/ExoPlayerView.kt:95:26 Argument type mismatch: actual type is 'kotlin.reflect.KClass<androidx.media3.common.util.UnstableApi>', but 'kotlin.Array<out kotlin.reflect.KClass<out kotlin.Annotation>>' was expected.
e: file:///Users/HONGBGU/Documents/seadroid/app/src/main/java/com/seafile/seadroid2/view/ExoPlayerView.kt:95:26 Assigning single elements to varargs in named form is prohibited.
e: file:///Users/HONGBGU/Documents/seadroid/app/src/main/java/com/seafile/seadroid2/view/HideBottomBehavior.kt:14:5 'layoutDependsOn' overrides nothing.
e: file:///Users/HONGBGU/Documents/seadroid/app/src/main/java/com/seafile/seadroid2/view/ListPreferenceCompat.kt:14:5 Property must be initialized or be abstract.
e: file:///Users/HONGBGU/Documents/seadroid/app/src/main/java/com/seafile/seadroid2/view/ListPreferenceCompat.kt:15:5 Property must be initialized or be abstract.
e: file:///Users/HONGBGU/Documents/seadroid/app/src/main/java/com/seafile/seadroid2/view/NestedWebView.kt:66:21 'break' and 'continue' are only allowed inside loops.
e: file:///Users/HONGBGU/Documents/seadroid/app/src/main/java/com/seafile/seadroid2/view/NestedWebView.kt:75:21 'break' and 'continue' are only allowed inside loops.
e: file:///Users/HONGBGU/Documents/seadroid/app/src/main/java/com/seafile/seadroid2/view/NestedWebView.kt:159:21 'break' and 'continue' are only allowed inside loops.
e: file:///Users/HONGBGU/Documents/seadroid/app/src/main/java/com/seafile/seadroid2/view/NestedWebView.kt:169:21 'val' cannot be reassigned.
e: file:///Users/HONGBGU/Documents/seadroid/app/src/main/java/com/seafile/seadroid2/view/NestedWebView.kt:179:25 'val' cannot be reassigned.
e: file:///Users/HONGBGU/Documents/seadroid/app/src/main/java/com/seafile/seadroid2/view/NestedWebView.kt:181:25 'val' cannot be reassigned.
e: file:///Users/HONGBGU/Documents/seadroid/app/src/main/java/com/seafile/seadroid2/view/PerformEdit.kt:32:9 Property 'public' exposes its 'private-in-class' type 'Action'.
e: file:///Users/HONGBGU/Documents/seadroid/app/src/main/java/com/seafile/seadroid2/view/PerformEdit.kt:35:9 Property 'public' exposes its 'private-in-class' type 'Action'.
e: file:///Users/HONGBGU/Documents/seadroid/app/src/main/java/com/seafile/seadroid2/view/PerformEdit.kt:152:54 Constructor of the inner class 'inner class Action : Any' can only be called with a receiver of the containing class.
e: file:///Users/HONGBGU/Documents/seadroid/app/src/main/java/com/seafile/seadroid2/view/PerformEdit.kt:184:54 Constructor of the inner class 'inner class Action : Any' can only be called with a receiver of the containing class.
e: file:///Users/HONGBGU/Documents/seadroid/app/src/main/java/com/seafile/seadroid2/view/ViewSortPopupWindow.kt:196:30 Initializer type mismatch: expected 'java.lang.Boolean', actual 'kotlin.Boolean?'.
e: file:///Users/HONGBGU/Documents/seadroid/app/src/main/java/com/seafile/seadroid2/view/ViewSortPopupWindow.kt:196:30 Type mismatch: inferred type is 'kotlin.Boolean?', but 'java.lang.Boolean' was expected.
e: file:///Users/HONGBGU/Documents/seadroid/app/src/main/java/com/seafile/seadroid2/view/ViewSortPopupWindow.kt:197:17 Condition type mismatch: inferred type is 'java.lang.Boolean' but 'Boolean' was expected.
e: file:///Users/HONGBGU/Documents/seadroid/app/src/main/java/com/seafile/seadroid2/view/ViewSortPopupWindow.kt:234:40 Initializer type mismatch: expected 'java.lang.Boolean?', actual 'kotlin.Boolean?'.
e: file:///Users/HONGBGU/Documents/seadroid/app/src/main/java/com/seafile/seadroid2/view/ViewSortPopupWindow.kt:234:40 Type mismatch: inferred type is 'kotlin.Boolean?', but 'java.lang.Boolean?' was expected.
e: file:///Users/HONGBGU/Documents/seadroid/app/src/main/java/com/seafile/seadroid2/view/photoview/CustomGestureDetector.kt:26:61 Cannot import 'equals'. Functions and properties can only be imported from packages or objects.
e: file:///Users/HONGBGU/Documents/seadroid/app/src/main/java/com/seafile/seadroid2/view/photoview/CustomGestureDetector.kt:27:65 Cannot import 'equals'. Functions and properties can only be imported from packages or objects.
e: file:///Users/HONGBGU/Documents/seadroid/app/src/main/java/com/seafile/seadroid2/view/photoview/CustomGestureDetector.kt:55:28 Assignment type mismatch: actual type is 'kotlin.Float', but 'java.lang.Float' was expected.
e: file:///Users/HONGBGU/Documents/seadroid/app/src/main/java/com/seafile/seadroid2/view/photoview/CustomGestureDetector.kt:56:22 Assignment type mismatch: actual type is 'kotlin.Float', but 'java.lang.Float' was expected.
e: file:///Users/HONGBGU/Documents/seadroid/app/src/main/java/com/seafile/seadroid2/view/photoview/CustomGestureDetector.kt:59:54 Class '<anonymous>' is not abstract and does not implement abstract member 'onScaleEnd'.
e: file:///Users/HONGBGU/Documents/seadroid/app/src/main/java/com/seafile/seadroid2/view/photoview/CustomGestureDetector.kt:88:13 'onScaleEnd' overrides nothing.
e: file:///Users/HONGBGU/Documents/seadroid/app/src/main/java/com/seafile/seadroid2/view/photoview/CustomGestureDetector.kt:96:16 Return type mismatch: expected 'kotlin.Float', actual 'java.lang.Float'.
e: file:///Users/HONGBGU/Documents/seadroid/app/src/main/java/com/seafile/seadroid2/view/photoview/CustomGestureDetector.kt:166:76 None of the following candidates is applicable:
@IntrinsicConstEvaluation() fun compareTo(other: Byte): Int
@IntrinsicConstEvaluation() fun compareTo(other: Double): Int
@IntrinsicConstEvaluation() fun compareTo(other: Float): Int
@IntrinsicConstEvaluation() fun compareTo(other: Int): Int
@IntrinsicConstEvaluation() fun compareTo(other: Long): Int
@IntrinsicConstEvaluation() fun compareTo(other: Short): Int
e: file:///Users/HONGBGU/Documents/seadroid/app/src/main/java/com/seafile/seadroid2/view/photoview/CustomGestureDetector.kt:206:51 None of the following candidates is applicable:
@IntrinsicConstEvaluation() fun compareTo(other: Byte): Int
@IntrinsicConstEvaluation() fun compareTo(other: Double): Int
@IntrinsicConstEvaluation() fun compareTo(other: Float): Int
@IntrinsicConstEvaluation() fun compareTo(other: Int): Int
@IntrinsicConstEvaluation() fun compareTo(other: Long): Int
@IntrinsicConstEvaluation() fun compareTo(other: Short): Int
e: file:///Users/HONGBGU/Documents/seadroid/app/src/main/java/com/seafile/seadroid2/view/photoview/CustomSingleGestureDetector.kt:22:61 Cannot import 'equals'. Functions and properties can only be imported from packages or objects.
e: file:///Users/HONGBGU/Documents/seadroid/app/src/main/java/com/seafile/seadroid2/view/photoview/CustomSingleGestureDetector.kt:23:65 Cannot import 'equals'. Functions and properties can only be imported from packages or objects.
e: file:///Users/HONGBGU/Documents/seadroid/app/src/main/java/com/seafile/seadroid2/view/photoview/PhotoView.kt:87:37 Argument type mismatch: actual type is 'android.widget.ImageView.ScaleType?', but 'android.widget.ImageView.ScaleType' was expected.
e: file:///Users/HONGBGU/Documents/seadroid/app/src/main/java/com/seafile/seadroid2/view/photoview/PhotoView.kt:146:44 Argument type mismatch: actual type is 'android.graphics.Matrix?', but 'android.graphics.Matrix' was expected.
e: file:///Users/HONGBGU/Documents/seadroid/app/src/main/java/com/seafile/seadroid2/view/photoview/PhotoView.kt:154:44 Argument type mismatch: actual type is 'android.graphics.Matrix?', but 'android.graphics.Matrix' was expected.
e: file:///Users/HONGBGU/Documents/seadroid/app/src/main/java/com/seafile/seadroid2/view/photoview/PhotoViewAttacher.kt:182:55 Constructor of the inner class 'inner class FlingRunnable : Runnable' can only be called with a receiver of the containing class.
e: file:///Users/HONGBGU/Documents/seadroid/app/src/main/java/com/seafile/seadroid2/view/photoview/PhotoViewAttacher.kt:218:13 'return' is prohibited here.
e: file:///Users/HONGBGU/Documents/seadroid/app/src/main/java/com/seafile/seadroid2/view/photoview/PhotoViewAttacher.kt:226:17 'onLongPress' overrides nothing.
e: file:///Users/HONGBGU/Documents/seadroid/app/src/main/java/com/seafile/seadroid2/view/photoview/PhotoViewAttacher.kt:232:17 'onFling' overrides nothing.
e: file:///Users/HONGBGU/Documents/seadroid/app/src/main/java/com/seafile/seadroid2/view/photoview/PhotoViewAttacher.kt:250:49 Class '<anonymous>' is not abstract and does not implement abstract member 'onDoubleTapEvent'.
e: file:///Users/HONGBGU/Documents/seadroid/app/src/main/java/com/seafile/seadroid2/view/photoview/PhotoViewAttacher.kt:299:13 'onDoubleTapEvent' overrides nothing.
e: file:///Users/HONGBGU/Documents/seadroid/app/src/main/java/com/seafile/seadroid2/view/photoview/PhotoViewAttacher.kt:395:46 Argument type mismatch: actual type is 'android.widget.ImageView?', but 'android.widget.ImageView' was expected.
e: file:///Users/HONGBGU/Documents/seadroid/app/src/main/java/com/seafile/seadroid2/view/photoview/Util.kt:24:9 'when' expression must be exhaustive. Add the 'FIT_XY', 'FIT_START', 'FIT_CENTER', 'FIT_END', 'CENTER', 'CENTER_CROP', 'CENTER_INSIDE' branches or an 'else' branch.
e: file:///Users/HONGBGU/Documents/seadroid/app/src/main/java/com/seafile/seadroid2/view/rich_edittext/RichEditText.kt:20:61 Cannot import 'equals'. Functions and properties can only be imported from packages or objects.
e: file:///Users/HONGBGU/Documents/seadroid/app/src/main/java/com/seafile/seadroid2/view/rich_edittext/RichEditText.kt:21:65 Cannot import 'equals'. Functions and properties can only be imported from packages or objects.
e: file:///Users/HONGBGU/Documents/seadroid/app/src/main/java/com/seafile/seadroid2/view/rich_edittext/RichEditText.kt:51:66 Argument type mismatch: actual type is 'android.content.Context?', but 'android.content.Context' was expected.
e: file:///Users/HONGBGU/Documents/seadroid/app/src/main/java/com/seafile/seadroid2/view/rich_edittext/RichEditText.kt:56:9 Argument type mismatch: actual type is 'android.content.Context?', but 'android.content.Context' was expected.
e: file:///Users/HONGBGU/Documents/seadroid/app/src/main/java/com/seafile/seadroid2/view/webview/PreloadWebView.kt:57:27 Cannot access 'val INSTANCE: PreloadWebView': it is private in 'com/seafile/seadroid2/view/webview/PreloadWebView.Holder'.
e: file:///Users/HONGBGU/Documents/seadroid/app/src/main/java/com/seafile/seadroid2/view/webview/SeaWebView.kt:52:78 Only safe (?.) or non-null asserted (!!.) calls are allowed on a nullable receiver of type 'com.seafile.seadroid2.account.SupportAccountManager?'.
e: file:///Users/HONGBGU/Documents/seadroid/app/src/main/java/com/seafile/seadroid2/view/webview/SeaWebView.kt:104:27 Argument type mismatch: actual type is 'kotlin.String?', but 'kotlin.String' was expected.
e: file:///Users/HONGBGU/Documents/seadroid/app/src/main/java/com/seafile/seadroid2/view/webview/SeaWebView.kt:108:41 Argument type mismatch: actual type is 'kotlin.String?', but 'kotlin.String' was expected.
e: file:///Users/HONGBGU/Documents/seadroid/app/src/main/java/com/seafile/seadroid2/view/webview/SeaWebViewClient.kt:119:62 Only safe (?.) or non-null asserted (!!.) calls are allowed on a nullable receiver of type 'com.seafile.seadroid2.account.SupportAccountManager?'.
e: file:///Users/HONGBGU/Documents/seadroid/app/src/main/java/com/seafile/seadroid2/view/webview/SeaWebViewClient.kt:137:16 Return type mismatch: expected 'kotlin.String', actual 'kotlin.String?'.
e: file:///Users/HONGBGU/Documents/seadroid/app/src/main/java/com/seafile/seadroid2/view/webview/strategy/PageFinishStrategy.kt:13:17 Unresolved reference 'activity'.
e: file:///Users/HONGBGU/Documents/seadroid/app/src/main/java/com/seafile/seadroid2/widget/SimpleMarkdownParser.kt:25:58 Interface 'interface MatchHandler : Any' does not have constructors.
e: file:///Users/HONGBGU/Documents/seadroid/app/src/main/java/com/seafile/seadroid2/widget/SimpleMarkdownParser.kt:34:45 Interface 'interface MatchHandler : Any' does not have constructors.
e: file:///Users/HONGBGU/Documents/seadroid/app/src/main/java/com/seafile/seadroid2/widget/SimpleMarkdownParser.kt:43:46 Interface 'interface MatchHandler : Any' does not have constructors.
e: file:///Users/HONGBGU/Documents/seadroid/app/src/main/java/com/seafile/seadroid2/widget/SimpleMarkdownParser.kt:52:50 Interface 'interface MatchHandler : Any' does not have constructors.
e: file:///Users/HONGBGU/Documents/seadroid/app/src/main/java/com/seafile/seadroid2/widget/SimpleMarkdownParser.kt:61:57 Interface 'interface MatchHandler : Any' does not have constructors.
e: file:///Users/HONGBGU/Documents/seadroid/app/src/main/java/com/seafile/seadroid2/widget/SimpleMarkdownParser.kt:71:58 Interface 'interface MatchHandler : Any' does not have constructors.
e: file:///Users/HONGBGU/Documents/seadroid/app/src/main/java/com/seafile/seadroid2/widget/SimpleMarkdownParser.kt:78:48 Interface 'interface ImageLoaderCallback : Any' does not have constructors.
e: file:///Users/HONGBGU/Documents/seadroid/app/src/main/java/com/seafile/seadroid2/widget/prefs/SimpleMenuPreference.kt:9:61 Cannot import 'equals'. Functions and properties can only be imported from packages or objects.
e: file:///Users/HONGBGU/Documents/seadroid/app/src/main/java/com/seafile/seadroid2/widget/prefs/SimpleMenuPreference.kt:10:65 Cannot import 'equals'. Functions and properties can only be imported from packages or objects.
e: file:///Users/HONGBGU/Documents/seadroid/app/src/main/java/com/seafile/seadroid2/widget/prefs/SimpleMenuPreference.kt:68:67 Interface 'interface OnItemClickListener : Any' does not have constructors.
e: file:///Users/HONGBGU/Documents/seadroid/app/src/main/java/com/seafile/seadroid2/widget/prefs/SimpleMenuPreference.kt:79:50 Unresolved reference 'length'.
e: file:///Users/HONGBGU/Documents/seadroid/app/src/main/java/com/seafile/seadroid2/widget/prefs/SimpleMenuPreference.kt:93:27 Smart cast to 'android.view.View' is impossible, because 'mItemView' is a mutable property that could be mutated concurrently.
e: file:///Users/HONGBGU/Documents/seadroid/app/src/main/java/com/seafile/seadroid2/widget/prefs/simplemenu/CustomBoundsDrawable.kt:23:29 Only safe (?.) or non-null asserted (!!.) calls are allowed on a nullable receiver of type 'android.graphics.drawable.Drawable?'.
e: file:///Users/HONGBGU/Documents/seadroid/app/src/main/java/com/seafile/seadroid2/widget/prefs/simplemenu/RectEvaluator.kt:10:10 Class 'RectEvaluator' is not abstract and does not implement abstract member 'evaluate'.
e: file:///Users/HONGBGU/Documents/seadroid/app/src/main/java/com/seafile/seadroid2/widget/prefs/simplemenu/RectEvaluator.kt:14:5 'evaluate' overrides nothing.
e: file:///Users/HONGBGU/Documents/seadroid/app/src/main/java/com/seafile/seadroid2/widget/prefs/simplemenu/SimpleMenuAnimation.kt:89:16 Return type mismatch: expected 'kotlin.Array<android.graphics.Rect?>', actual 'kotlin.Array<android.graphics.Rect>'.
e: file:///Users/HONGBGU/Documents/seadroid/app/src/main/java/com/seafile/seadroid2/widget/prefs/simplemenu/SimpleMenuAnimation.kt:112:27 Argument type mismatch: actual type is 'android.graphics.Rect?', but 'android.graphics.Rect' was expected.
e: file:///Users/HONGBGU/Documents/seadroid/app/src/main/java/com/seafile/seadroid2/widget/prefs/simplemenu/SimpleMenuAnimation.kt:122:49 None of the following candidates is applicable:
static fun ofObject(p0: Any!, p1: String!, p2: (TypeEvaluator<Any!>..TypeEvaluator<*>?), vararg p3: Any!): ObjectAnimator!
@SafeVarargs() @NonNull() static fun <T : Any!, V : Any!> ofObject(p0: T!, p1: Property<T!, V!>!, p2: TypeEvaluator<V!>!, vararg p3: V!): ObjectAnimator
@SafeVarargs() @NonNull() static fun <T : Any!, V : Any!, P : Any!> ofObject(p0: T!, p1: Property<T!, P!>!, p2: TypeConverter<V!, P!>!, p3: TypeEvaluator<V!>!, vararg p4: V!): ObjectAnimator
static fun ofObject(p0: (TypeEvaluator<Any!>..TypeEvaluator<*>?), vararg p1: Any!): ValueAnimator!
e: file:///Users/HONGBGU/Documents/seadroid/app/src/main/java/com/seafile/seadroid2/widget/prefs/simplemenu/SimpleMenuBoundsProperty.kt:10:10 Class 'SimpleMenuBoundsProperty' is not abstract and does not implement abstract base class member 'get'.
e: file:///Users/HONGBGU/Documents/seadroid/app/src/main/java/com/seafile/seadroid2/widget/prefs/simplemenu/SimpleMenuBoundsProperty.kt:12:5 'get' overrides nothing.
e: file:///Users/HONGBGU/Documents/seadroid/app/src/main/java/com/seafile/seadroid2/widget/prefs/simplemenu/SimpleMenuBoundsProperty.kt:16:5 'set' overrides nothing.
e: file:///Users/HONGBGU/Documents/seadroid/app/src/main/java/com/seafile/seadroid2/widget/prefs/simplemenu/SimpleMenuBoundsProperty.kt:17:26 Argument type mismatch: actual type is 'android.graphics.Rect?', but 'android.graphics.Rect' was expected.
e: file:///Users/HONGBGU/Documents/seadroid/app/src/main/java/com/seafile/seadroid2/widget/prefs/simplemenu/SimpleMenuBoundsProperty.kt:20:36 Only safe (?.) or non-null asserted (!!.) calls are allowed on a nullable receiver of type 'android.view.View?'.
e: file:///Users/HONGBGU/Documents/seadroid/app/src/main/java/com/seafile/seadroid2/widget/prefs/simplemenu/SimpleMenuListAdapter.kt:45:17 Only safe (?.) or non-null asserted (!!.) calls are allowed on a nullable receiver of type 'kotlin.IntArray?'.
e: file:///Users/HONGBGU/Documents/seadroid/app/src/main/java/com/seafile/seadroid2/widget/prefs/simplemenu/SimpleMenuPopupWindow.kt:161:25 Function 'public' exposes its 'internal' return type 'CustomBoundsDrawable'.
e: file:///Users/HONGBGU/Documents/seadroid/app/src/main/java/com/seafile/seadroid2/widget/prefs/simplemenu/SimpleMenuPopupWindow.kt:413:19 Assignment type mismatch: actual type is 'kotlin.Array<kotlin.CharSequence?>', but 'kotlin.Array<kotlin.CharSequence>' was expected.

> Task :app:compileReleaseKotlin FAILED

FAILURE: Build completed with 2 failures.

1: Task failed with an exception.
-----------
* What went wrong:
Execution failed for task ':app:compileDebugKotlin'.
> A failure occurred while executing org.jetbrains.kotlin.compilerRunner.GradleCompilerRunnerWithWorkers$GradleKotlinCompilerWorkAction
   > Compilation error. See log for more details

* Try:
> Run with --info or --debug option to get more log output.
> Run with --scan to get full insights.
> Get more help at https://help.gradle.org.

* Exception is:
org.gradle.api.tasks.TaskExecutionException: Execution failed for task ':app:compileDebugKotlin'.
	at org.gradle.api.internal.tasks.execution.ExecuteActionsTaskExecuter.lambda$executeIfValid$1(ExecuteActionsTaskExecuter.java:130)
	at org.gradle.internal.Try$Failure.ifSuccessfulOrElse(Try.java:293)
	at org.gradle.api.internal.tasks.execution.ExecuteActionsTaskExecuter.executeIfValid(ExecuteActionsTaskExecuter.java:128)
	at org.gradle.api.internal.tasks.execution.ExecuteActionsTaskExecuter.execute(ExecuteActionsTaskExecuter.java:116)
	at org.gradle.api.internal.tasks.execution.FinalizePropertiesTaskExecuter.execute(FinalizePropertiesTaskExecuter.java:46)
	at org.gradle.api.internal.tasks.execution.ResolveTaskExecutionModeExecuter.execute(ResolveTaskExecutionModeExecuter.java:51)
	at org.gradle.api.internal.tasks.execution.SkipTaskWithNoActionsExecuter.execute(SkipTaskWithNoActionsExecuter.java:57)
	at org.gradle.api.internal.tasks.execution.SkipOnlyIfTaskExecuter.execute(SkipOnlyIfTaskExecuter.java:74)
	at org.gradle.api.internal.tasks.execution.CatchExceptionTaskExecuter.execute(CatchExceptionTaskExecuter.java:36)
	at org.gradle.api.internal.tasks.execution.EventFiringTaskExecuter$1.executeTask(EventFiringTaskExecuter.java:77)
	at org.gradle.api.internal.tasks.execution.EventFiringTaskExecuter$1.call(EventFiringTaskExecuter.java:55)
	at org.gradle.api.internal.tasks.execution.EventFiringTaskExecuter$1.call(EventFiringTaskExecuter.java:52)
	at org.gradle.internal.operations.DefaultBuildOperationRunner$CallableBuildOperationWorker.execute(DefaultBuildOperationRunner.java:209)
	at org.gradle.internal.operations.DefaultBuildOperationRunner$CallableBuildOperationWorker.execute(DefaultBuildOperationRunner.java:204)
	at org.gradle.internal.operations.DefaultBuildOperationRunner$2.execute(DefaultBuildOperationRunner.java:66)
	at org.gradle.internal.operations.DefaultBuildOperationRunner$2.execute(DefaultBuildOperationRunner.java:59)
	at org.gradle.internal.operations.DefaultBuildOperationRunner.execute(DefaultBuildOperationRunner.java:166)
	at org.gradle.internal.operations.DefaultBuildOperationRunner.execute(DefaultBuildOperationRunner.java:59)
	at org.gradle.internal.operations.DefaultBuildOperationRunner.call(DefaultBuildOperationRunner.java:53)
	at org.gradle.api.internal.tasks.execution.EventFiringTaskExecuter.execute(EventFiringTaskExecuter.java:52)
	at org.gradle.execution.plan.LocalTaskNodeExecutor.execute(LocalTaskNodeExecutor.java:42)
	at org.gradle.execution.taskgraph.DefaultTaskExecutionGraph$InvokeNodeExecutorsAction.execute(DefaultTaskExecutionGraph.java:331)
	at org.gradle.execution.taskgraph.DefaultTaskExecutionGraph$InvokeNodeExecutorsAction.execute(DefaultTaskExecutionGraph.java:318)
	at org.gradle.execution.taskgraph.DefaultTaskExecutionGraph$BuildOperationAwareExecutionAction.lambda$execute$0(DefaultTaskExecutionGraph.java:314)
	at org.gradle.internal.operations.CurrentBuildOperationRef.with(CurrentBuildOperationRef.java:85)
	at org.gradle.execution.taskgraph.DefaultTaskExecutionGraph$BuildOperationAwareExecutionAction.execute(DefaultTaskExecutionGraph.java:314)
	at org.gradle.execution.taskgraph.DefaultTaskExecutionGraph$BuildOperationAwareExecutionAction.execute(DefaultTaskExecutionGraph.java:303)
	at org.gradle.execution.plan.DefaultPlanExecutor$ExecutorWorker.execute(DefaultPlanExecutor.java:459)
	at org.gradle.execution.plan.DefaultPlanExecutor$ExecutorWorker.run(DefaultPlanExecutor.java:376)
	at org.gradle.execution.plan.DefaultPlanExecutor.process(DefaultPlanExecutor.java:111)
	at org.gradle.execution.taskgraph.DefaultTaskExecutionGraph.executeWithServices(DefaultTaskExecutionGraph.java:138)
	at org.gradle.execution.taskgraph.DefaultTaskExecutionGraph.execute(DefaultTaskExecutionGraph.java:123)
	at org.gradle.execution.SelectedTaskExecutionAction.execute(SelectedTaskExecutionAction.java:35)
	at org.gradle.execution.DryRunBuildExecutionAction.execute(DryRunBuildExecutionAction.java:51)
	at org.gradle.execution.BuildOperationFiringBuildWorkerExecutor$ExecuteTasks.call(BuildOperationFiringBuildWorkerExecutor.java:54)
	at org.gradle.execution.BuildOperationFiringBuildWorkerExecutor$ExecuteTasks.call(BuildOperationFiringBuildWorkerExecutor.java:43)
	at org.gradle.internal.operations.DefaultBuildOperationRunner$CallableBuildOperationWorker.execute(DefaultBuildOperationRunner.java:209)
	at org.gradle.internal.operations.DefaultBuildOperationRunner$CallableBuildOperationWorker.execute(DefaultBuildOperationRunner.java:204)
	at org.gradle.internal.operations.DefaultBuildOperationRunner$2.execute(DefaultBuildOperationRunner.java:66)
	at org.gradle.internal.operations.DefaultBuildOperationRunner$2.execute(DefaultBuildOperationRunner.java:59)
	at org.gradle.internal.operations.DefaultBuildOperationRunner.execute(DefaultBuildOperationRunner.java:166)
	at org.gradle.internal.operations.DefaultBuildOperationRunner.execute(DefaultBuildOperationRunner.java:59)
	at org.gradle.internal.operations.DefaultBuildOperationRunner.call(DefaultBuildOperationRunner.java:53)
	at org.gradle.execution.BuildOperationFiringBuildWorkerExecutor.execute(BuildOperationFiringBuildWorkerExecutor.java:40)
	at org.gradle.internal.build.DefaultBuildLifecycleController.lambda$executeTasks$10(DefaultBuildLifecycleController.java:313)
	at org.gradle.internal.model.StateTransitionController.doTransition(StateTransitionController.java:266)
	at org.gradle.internal.model.StateTransitionController.lambda$tryTransition$8(StateTransitionController.java:177)
	at org.gradle.internal.work.DefaultSynchronizer.withLock(DefaultSynchronizer.java:44)
	at org.gradle.internal.model.StateTransitionController.tryTransition(StateTransitionController.java:177)
	at org.gradle.internal.build.DefaultBuildLifecycleController.executeTasks(DefaultBuildLifecycleController.java:304)
	at org.gradle.internal.build.DefaultBuildWorkGraphController$DefaultBuildWorkGraph.runWork(DefaultBuildWorkGraphController.java:220)
	at org.gradle.internal.work.DefaultWorkerLeaseService.withLocks(DefaultWorkerLeaseService.java:263)
	at org.gradle.internal.work.DefaultWorkerLeaseService.runAsWorkerThread(DefaultWorkerLeaseService.java:127)
	at org.gradle.composite.internal.DefaultBuildController.doRun(DefaultBuildController.java:181)
	at org.gradle.composite.internal.DefaultBuildController.access$000(DefaultBuildController.java:50)
	at org.gradle.composite.internal.DefaultBuildController$BuildOpRunnable.lambda$run$0(DefaultBuildController.java:198)
	at org.gradle.internal.operations.CurrentBuildOperationRef.with(CurrentBuildOperationRef.java:85)
	at org.gradle.composite.internal.DefaultBuildController$BuildOpRunnable.run(DefaultBuildController.java:198)
	at org.gradle.internal.concurrent.ExecutorPolicy$CatchAndRecordFailures.onExecute(ExecutorPolicy.java:64)
	at org.gradle.internal.concurrent.AbstractManagedExecutor$1.run(AbstractManagedExecutor.java:48)
Caused by: org.gradle.workers.internal.DefaultWorkerExecutor$WorkExecutionException: A failure occurred while executing org.jetbrains.kotlin.compilerRunner.GradleCompilerRunnerWithWorkers$GradleKotlinCompilerWorkAction
	at org.gradle.workers.internal.DefaultWorkerExecutor$WorkItemExecution.waitForCompletion(DefaultWorkerExecutor.java:287)
	at org.gradle.internal.work.DefaultAsyncWorkTracker.lambda$waitForItemsAndGatherFailures$2(DefaultAsyncWorkTracker.java:130)
	at org.gradle.internal.Factories$1.create(Factories.java:31)
	at org.gradle.internal.work.DefaultWorkerLeaseService.withoutLocks(DefaultWorkerLeaseService.java:335)
	at org.gradle.internal.work.DefaultWorkerLeaseService.withoutLocks(DefaultWorkerLeaseService.java:318)
	at org.gradle.internal.work.DefaultWorkerLeaseService.withoutLock(DefaultWorkerLeaseService.java:323)
	at org.gradle.internal.work.DefaultAsyncWorkTracker.waitForItemsAndGatherFailures(DefaultAsyncWorkTracker.java:126)
	at org.gradle.internal.work.DefaultAsyncWorkTracker.waitForItemsAndGatherFailures(DefaultAsyncWorkTracker.java:92)
	at org.gradle.internal.work.DefaultAsyncWorkTracker.waitForAll(DefaultAsyncWorkTracker.java:78)
	at org.gradle.internal.work.DefaultAsyncWorkTracker.waitForCompletion(DefaultAsyncWorkTracker.java:66)
	at org.gradle.api.internal.tasks.execution.TaskExecution$3.run(TaskExecution.java:252)
	at org.gradle.internal.operations.DefaultBuildOperationRunner$1.execute(DefaultBuildOperationRunner.java:29)
	at org.gradle.internal.operations.DefaultBuildOperationRunner$1.execute(DefaultBuildOperationRunner.java:26)
	at org.gradle.internal.operations.DefaultBuildOperationRunner$2.execute(DefaultBuildOperationRunner.java:66)
	at org.gradle.internal.operations.DefaultBuildOperationRunner$2.execute(DefaultBuildOperationRunner.java:59)
	at org.gradle.internal.operations.DefaultBuildOperationRunner.execute(DefaultBuildOperationRunner.java:166)
	at org.gradle.internal.operations.DefaultBuildOperationRunner.execute(DefaultBuildOperationRunner.java:59)
	at org.gradle.internal.operations.DefaultBuildOperationRunner.run(DefaultBuildOperationRunner.java:47)
	at org.gradle.api.internal.tasks.execution.TaskExecution.executeAction(TaskExecution.java:229)
	at org.gradle.api.internal.tasks.execution.TaskExecution.executeActions(TaskExecution.java:212)
	at org.gradle.api.internal.tasks.execution.TaskExecution.executeWithPreviousOutputFiles(TaskExecution.java:195)
	at org.gradle.api.internal.tasks.execution.TaskExecution.execute(TaskExecution.java:162)
	at org.gradle.internal.execution.steps.ExecuteStep.executeInternal(ExecuteStep.java:105)
	at org.gradle.internal.execution.steps.ExecuteStep.access$000(ExecuteStep.java:44)
	at org.gradle.internal.execution.steps.ExecuteStep$1.call(ExecuteStep.java:59)
	at org.gradle.internal.execution.steps.ExecuteStep$1.call(ExecuteStep.java:56)
	at org.gradle.internal.operations.DefaultBuildOperationRunner$CallableBuildOperationWorker.execute(DefaultBuildOperationRunner.java:209)
	at org.gradle.internal.operations.DefaultBuildOperationRunner$CallableBuildOperationWorker.execute(DefaultBuildOperationRunner.java:204)
	at org.gradle.internal.operations.DefaultBuildOperationRunner$2.execute(DefaultBuildOperationRunner.java:66)
	at org.gradle.internal.operations.DefaultBuildOperationRunner$2.execute(DefaultBuildOperationRunner.java:59)
	at org.gradle.internal.operations.DefaultBuildOperationRunner.execute(DefaultBuildOperationRunner.java:166)
	at org.gradle.internal.operations.DefaultBuildOperationRunner.execute(DefaultBuildOperationRunner.java:59)
	at org.gradle.internal.operations.DefaultBuildOperationRunner.call(DefaultBuildOperationRunner.java:53)
	at org.gradle.internal.execution.steps.ExecuteStep.execute(ExecuteStep.java:56)
	at org.gradle.internal.execution.steps.ExecuteStep.execute(ExecuteStep.java:44)
	at org.gradle.internal.execution.steps.CancelExecutionStep.execute(CancelExecutionStep.java:42)
	at org.gradle.internal.execution.steps.TimeoutStep.executeWithoutTimeout(TimeoutStep.java:75)
	at org.gradle.internal.execution.steps.TimeoutStep.execute(TimeoutStep.java:55)
	at org.gradle.internal.execution.steps.PreCreateOutputParentsStep.execute(PreCreateOutputParentsStep.java:50)
	at org.gradle.internal.execution.steps.PreCreateOutputParentsStep.execute(PreCreateOutputParentsStep.java:28)
	at org.gradle.internal.execution.steps.RemovePreviousOutputsStep.execute(RemovePreviousOutputsStep.java:67)
	at org.gradle.internal.execution.steps.RemovePreviousOutputsStep.execute(RemovePreviousOutputsStep.java:37)
	at org.gradle.internal.execution.steps.BroadcastChangingOutputsStep.execute(BroadcastChangingOutputsStep.java:61)
	at org.gradle.internal.execution.steps.BroadcastChangingOutputsStep.execute(BroadcastChangingOutputsStep.java:26)
	at org.gradle.internal.execution.steps.CaptureOutputsAfterExecutionStep.execute(CaptureOutputsAfterExecutionStep.java:69)
	at org.gradle.internal.execution.steps.CaptureOutputsAfterExecutionStep.execute(CaptureOutputsAfterExecutionStep.java:46)
	at org.gradle.internal.execution.steps.ResolveInputChangesStep.execute(ResolveInputChangesStep.java:40)
	at org.gradle.internal.execution.steps.ResolveInputChangesStep.execute(ResolveInputChangesStep.java:29)
	at org.gradle.internal.execution.steps.BuildCacheStep.executeWithoutCache(BuildCacheStep.java:189)
	at org.gradle.internal.execution.steps.BuildCacheStep.lambda$execute$1(BuildCacheStep.java:75)
	at org.gradle.internal.Either$Right.fold(Either.java:175)
	at org.gradle.internal.execution.caching.CachingState.fold(CachingState.java:62)
	at org.gradle.internal.execution.steps.BuildCacheStep.execute(BuildCacheStep.java:73)
	at org.gradle.internal.execution.steps.BuildCacheStep.execute(BuildCacheStep.java:48)
	at org.gradle.internal.execution.steps.StoreExecutionStateStep.execute(StoreExecutionStateStep.java:46)
	at org.gradle.internal.execution.steps.StoreExecutionStateStep.execute(StoreExecutionStateStep.java:35)
	at org.gradle.internal.execution.steps.SkipUpToDateStep.executeBecause(SkipUpToDateStep.java:75)
	at org.gradle.internal.execution.steps.SkipUpToDateStep.lambda$execute$2(SkipUpToDateStep.java:53)
	at org.gradle.internal.execution.steps.SkipUpToDateStep.execute(SkipUpToDateStep.java:53)
	at org.gradle.internal.execution.steps.SkipUpToDateStep.execute(SkipUpToDateStep.java:35)
	at org.gradle.internal.execution.steps.legacy.MarkSnapshottingInputsFinishedStep.execute(MarkSnapshottingInputsFinishedStep.java:37)
	at org.gradle.internal.execution.steps.legacy.MarkSnapshottingInputsFinishedStep.execute(MarkSnapshottingInputsFinishedStep.java:27)
	at org.gradle.internal.execution.steps.ResolveIncrementalCachingStateStep.executeDelegate(ResolveIncrementalCachingStateStep.java:49)
	at org.gradle.internal.execution.steps.ResolveIncrementalCachingStateStep.executeDelegate(ResolveIncrementalCachingStateStep.java:27)
	at org.gradle.internal.execution.steps.AbstractResolveCachingStateStep.execute(AbstractResolveCachingStateStep.java:71)
	at org.gradle.internal.execution.steps.AbstractResolveCachingStateStep.execute(AbstractResolveCachingStateStep.java:39)
	at org.gradle.internal.execution.steps.ResolveChangesStep.execute(ResolveChangesStep.java:65)
	at org.gradle.internal.execution.steps.ResolveChangesStep.execute(ResolveChangesStep.java:36)
	at org.gradle.internal.execution.steps.ValidateStep.execute(ValidateStep.java:107)
	at org.gradle.internal.execution.steps.ValidateStep.execute(ValidateStep.java:56)
	at org.gradle.internal.execution.steps.AbstractCaptureStateBeforeExecutionStep.execute(AbstractCaptureStateBeforeExecutionStep.java:64)
	at org.gradle.internal.execution.steps.AbstractCaptureStateBeforeExecutionStep.execute(AbstractCaptureStateBeforeExecutionStep.java:43)
	at org.gradle.internal.execution.steps.AbstractSkipEmptyWorkStep.executeWithNonEmptySources(AbstractSkipEmptyWorkStep.java:125)
	at org.gradle.internal.execution.steps.AbstractSkipEmptyWorkStep.execute(AbstractSkipEmptyWorkStep.java:61)
	at org.gradle.internal.execution.steps.AbstractSkipEmptyWorkStep.execute(AbstractSkipEmptyWorkStep.java:36)
	at org.gradle.internal.execution.steps.legacy.MarkSnapshottingInputsStartedStep.execute(MarkSnapshottingInputsStartedStep.java:38)
	at org.gradle.internal.execution.steps.LoadPreviousExecutionStateStep.execute(LoadPreviousExecutionStateStep.java:36)
	at org.gradle.internal.execution.steps.LoadPreviousExecutionStateStep.execute(LoadPreviousExecutionStateStep.java:23)
	at org.gradle.internal.execution.steps.HandleStaleOutputsStep.execute(HandleStaleOutputsStep.java:75)
	at org.gradle.internal.execution.steps.HandleStaleOutputsStep.execute(HandleStaleOutputsStep.java:41)
	at org.gradle.internal.execution.steps.AssignMutableWorkspaceStep.lambda$execute$0(AssignMutableWorkspaceStep.java:35)
	at org.gradle.api.internal.tasks.execution.TaskExecution$4.withWorkspace(TaskExecution.java:289)
	at org.gradle.internal.execution.steps.AssignMutableWorkspaceStep.execute(AssignMutableWorkspaceStep.java:31)
	at org.gradle.internal.execution.steps.AssignMutableWorkspaceStep.execute(AssignMutableWorkspaceStep.java:22)
	at org.gradle.internal.execution.steps.ChoosePipelineStep.execute(ChoosePipelineStep.java:40)
	at org.gradle.internal.execution.steps.ChoosePipelineStep.execute(ChoosePipelineStep.java:23)
	at org.gradle.internal.execution.steps.ExecuteWorkBuildOperationFiringStep.lambda$execute$2(ExecuteWorkBuildOperationFiringStep.java:67)
	at org.gradle.internal.execution.steps.ExecuteWorkBuildOperationFiringStep.execute(ExecuteWorkBuildOperationFiringStep.java:67)
	at org.gradle.internal.execution.steps.ExecuteWorkBuildOperationFiringStep.execute(ExecuteWorkBuildOperationFiringStep.java:39)
	at org.gradle.internal.execution.steps.IdentityCacheStep.execute(IdentityCacheStep.java:46)
	at org.gradle.internal.execution.steps.IdentityCacheStep.execute(IdentityCacheStep.java:34)
	at org.gradle.internal.execution.steps.IdentifyStep.execute(IdentifyStep.java:48)
	at org.gradle.internal.execution.steps.IdentifyStep.execute(IdentifyStep.java:35)
	at org.gradle.internal.execution.impl.DefaultExecutionEngine$1.execute(DefaultExecutionEngine.java:61)
	at org.gradle.api.internal.tasks.execution.ExecuteActionsTaskExecuter.executeIfValid(ExecuteActionsTaskExecuter.java:127)
	at org.gradle.api.internal.tasks.execution.ExecuteActionsTaskExecuter.execute(ExecuteActionsTaskExecuter.java:116)
	at org.gradle.api.internal.tasks.execution.FinalizePropertiesTaskExecuter.execute(FinalizePropertiesTaskExecuter.java:46)
	at org.gradle.api.internal.tasks.execution.ResolveTaskExecutionModeExecuter.execute(ResolveTaskExecutionModeExecuter.java:51)
	at org.gradle.api.internal.tasks.execution.SkipTaskWithNoActionsExecuter.execute(SkipTaskWithNoActionsExecuter.java:57)
	at org.gradle.api.internal.tasks.execution.SkipOnlyIfTaskExecuter.execute(SkipOnlyIfTaskExecuter.java:74)
	at org.gradle.api.internal.tasks.execution.CatchExceptionTaskExecuter.execute(CatchExceptionTaskExecuter.java:36)
	at org.gradle.api.internal.tasks.execution.EventFiringTaskExecuter$1.executeTask(EventFiringTaskExecuter.java:77)
	at org.gradle.api.internal.tasks.execution.EventFiringTaskExecuter$1.call(EventFiringTaskExecuter.java:55)
	at org.gradle.api.internal.tasks.execution.EventFiringTaskExecuter$1.call(EventFiringTaskExecuter.java:52)
	at org.gradle.internal.operations.DefaultBuildOperationRunner$CallableBuildOperationWorker.execute(DefaultBuildOperationRunner.java:209)
	at org.gradle.internal.operations.DefaultBuildOperationRunner$CallableBuildOperationWorker.execute(DefaultBuildOperationRunner.java:204)
	at org.gradle.internal.operations.DefaultBuildOperationRunner$2.execute(DefaultBuildOperationRunner.java:66)
	at org.gradle.internal.operations.DefaultBuildOperationRunner$2.execute(DefaultBuildOperationRunner.java:59)
	at org.gradle.internal.operations.DefaultBuildOperationRunner.execute(DefaultBuildOperationRunner.java:166)
	at org.gradle.internal.operations.DefaultBuildOperationRunner.execute(DefaultBuildOperationRunner.java:59)
	at org.gradle.internal.operations.DefaultBuildOperationRunner.call(DefaultBuildOperationRunner.java:53)
	at org.gradle.api.internal.tasks.execution.EventFiringTaskExecuter.execute(EventFiringTaskExecuter.java:52)
	at org.gradle.execution.plan.LocalTaskNodeExecutor.execute(LocalTaskNodeExecutor.java:42)
	at org.gradle.execution.taskgraph.DefaultTaskExecutionGraph$InvokeNodeExecutorsAction.execute(DefaultTaskExecutionGraph.java:331)
	at org.gradle.execution.taskgraph.DefaultTaskExecutionGraph$InvokeNodeExecutorsAction.execute(DefaultTaskExecutionGraph.java:318)
	at org.gradle.execution.taskgraph.DefaultTaskExecutionGraph$BuildOperationAwareExecutionAction.lambda$execute$0(DefaultTaskExecutionGraph.java:314)
	at org.gradle.internal.operations.CurrentBuildOperationRef.with(CurrentBuildOperationRef.java:85)
	at org.gradle.execution.taskgraph.DefaultTaskExecutionGraph$BuildOperationAwareExecutionAction.execute(DefaultTaskExecutionGraph.java:314)
	at org.gradle.execution.taskgraph.DefaultTaskExecutionGraph$BuildOperationAwareExecutionAction.execute(DefaultTaskExecutionGraph.java:303)
	at org.gradle.execution.plan.DefaultPlanExecutor$ExecutorWorker.execute(DefaultPlanExecutor.java:459)
	at org.gradle.execution.plan.DefaultPlanExecutor$ExecutorWorker.run(DefaultPlanExecutor.java:376)
	at org.gradle.execution.plan.DefaultPlanExecutor.process(DefaultPlanExecutor.java:111)
	at org.gradle.execution.taskgraph.DefaultTaskExecutionGraph.executeWithServices(DefaultTaskExecutionGraph.java:138)
	at org.gradle.execution.taskgraph.DefaultTaskExecutionGraph.execute(DefaultTaskExecutionGraph.java:123)
	at org.gradle.execution.SelectedTaskExecutionAction.execute(SelectedTaskExecutionAction.java:35)
	at org.gradle.execution.DryRunBuildExecutionAction.execute(DryRunBuildExecutionAction.java:51)
	at org.gradle.execution.BuildOperationFiringBuildWorkerExecutor$ExecuteTasks.call(BuildOperationFiringBuildWorkerExecutor.java:54)
	at org.gradle.execution.BuildOperationFiringBuildWorkerExecutor$ExecuteTasks.call(BuildOperationFiringBuildWorkerExecutor.java:43)
	at org.gradle.internal.operations.DefaultBuildOperationRunner$CallableBuildOperationWorker.execute(DefaultBuildOperationRunner.java:209)
	at org.gradle.internal.operations.DefaultBuildOperationRunner$CallableBuildOperationWorker.execute(DefaultBuildOperationRunner.java:204)
	at org.gradle.internal.operations.DefaultBuildOperationRunner$2.execute(DefaultBuildOperationRunner.java:66)
	at org.gradle.internal.operations.DefaultBuildOperationRunner$2.execute(DefaultBuildOperationRunner.java:59)
	at org.gradle.internal.operations.DefaultBuildOperationRunner.execute(DefaultBuildOperationRunner.java:166)
	at org.gradle.internal.operations.DefaultBuildOperationRunner.execute(DefaultBuildOperationRunner.java:59)
	at org.gradle.internal.operations.DefaultBuildOperationRunner.call(DefaultBuildOperationRunner.java:53)
	at org.gradle.execution.BuildOperationFiringBuildWorkerExecutor.execute(BuildOperationFiringBuildWorkerExecutor.java:40)
	at org.gradle.internal.build.DefaultBuildLifecycleController.lambda$executeTasks$10(DefaultBuildLifecycleController.java:313)
	at org.gradle.internal.model.StateTransitionController.doTransition(StateTransitionController.java:266)
	at org.gradle.internal.model.StateTransitionController.lambda$tryTransition$8(StateTransitionController.java:177)
	at org.gradle.internal.work.DefaultSynchronizer.withLock(DefaultSynchronizer.java:44)
	at org.gradle.internal.model.StateTransitionController.tryTransition(StateTransitionController.java:177)
	at org.gradle.internal.build.DefaultBuildLifecycleController.executeTasks(DefaultBuildLifecycleController.java:304)
	at org.gradle.internal.build.DefaultBuildWorkGraphController$DefaultBuildWorkGraph.runWork(DefaultBuildWorkGraphController.java:220)
	at org.gradle.internal.work.DefaultWorkerLeaseService.withLocks(DefaultWorkerLeaseService.java:263)
	at org.gradle.internal.work.DefaultWorkerLeaseService.runAsWorkerThread(DefaultWorkerLeaseService.java:127)
	at org.gradle.composite.internal.DefaultBuildController.doRun(DefaultBuildController.java:181)
	at org.gradle.composite.internal.DefaultBuildController.access$000(DefaultBuildController.java:50)
	at org.gradle.composite.internal.DefaultBuildController$BuildOpRunnable.lambda$run$0(DefaultBuildController.java:198)
	at org.gradle.internal.operations.CurrentBuildOperationRef.with(CurrentBuildOperationRef.java:85)
	at org.gradle.composite.internal.DefaultBuildController$BuildOpRunnable.run(DefaultBuildController.java:198)
	at org.gradle.internal.concurrent.ExecutorPolicy$CatchAndRecordFailures.onExecute(ExecutorPolicy.java:64)
	at org.gradle.internal.concurrent.AbstractManagedExecutor$1.run(AbstractManagedExecutor.java:48)
Caused by: org.jetbrains.kotlin.gradle.tasks.CompilationErrorException: Compilation error. See log for more details
	at org.jetbrains.kotlin.gradle.tasks.TasksUtilsKt.throwExceptionIfCompilationFailed(tasksUtils.kt:21)
	at org.jetbrains.kotlin.compilerRunner.GradleKotlinCompilerWork.run(GradleKotlinCompilerWork.kt:119)
	at org.jetbrains.kotlin.compilerRunner.GradleCompilerRunnerWithWorkers$GradleKotlinCompilerWorkAction.execute(GradleCompilerRunnerWithWorkers.kt:76)
	at org.gradle.workers.internal.DefaultWorkerServer.execute(DefaultWorkerServer.java:63)
	at org.gradle.workers.internal.NoIsolationWorkerFactory$1$1.create(NoIsolationWorkerFactory.java:66)
	at org.gradle.workers.internal.NoIsolationWorkerFactory$1$1.create(NoIsolationWorkerFactory.java:62)
	at org.gradle.internal.classloader.ClassLoaderUtils.executeInClassloader(ClassLoaderUtils.java:100)
	at org.gradle.workers.internal.NoIsolationWorkerFactory$1.lambda$execute$0(NoIsolationWorkerFactory.java:62)
	at org.gradle.workers.internal.AbstractWorker$1.call(AbstractWorker.java:44)
	at org.gradle.workers.internal.AbstractWorker$1.call(AbstractWorker.java:41)
	at org.gradle.internal.operations.DefaultBuildOperationRunner$CallableBuildOperationWorker.execute(DefaultBuildOperationRunner.java:209)
	at org.gradle.internal.operations.DefaultBuildOperationRunner$CallableBuildOperationWorker.execute(DefaultBuildOperationRunner.java:204)
	at org.gradle.internal.operations.DefaultBuildOperationRunner$2.execute(DefaultBuildOperationRunner.java:66)
	at org.gradle.internal.operations.DefaultBuildOperationRunner$2.execute(DefaultBuildOperationRunner.java:59)
	at org.gradle.internal.operations.DefaultBuildOperationRunner.execute(DefaultBuildOperationRunner.java:166)
	at org.gradle.internal.operations.DefaultBuildOperationRunner.execute(DefaultBuildOperationRunner.java:59)
	at org.gradle.internal.operations.DefaultBuildOperationRunner.call(DefaultBuildOperationRunner.java:53)
	at org.gradle.workers.internal.AbstractWorker.executeWrappedInBuildOperation(AbstractWorker.java:41)
	at org.gradle.workers.internal.NoIsolationWorkerFactory$1.execute(NoIsolationWorkerFactory.java:59)
	at org.gradle.workers.internal.DefaultWorkerExecutor.lambda$submitWork$0(DefaultWorkerExecutor.java:174)
	at org.gradle.internal.work.DefaultConditionalExecutionQueue$ExecutionRunner.runExecution(DefaultConditionalExecutionQueue.java:194)
	at org.gradle.internal.work.DefaultConditionalExecutionQueue$ExecutionRunner.access$700(DefaultConditionalExecutionQueue.java:127)
	at org.gradle.internal.work.DefaultConditionalExecutionQueue$ExecutionRunner$1.run(DefaultConditionalExecutionQueue.java:169)
	at org.gradle.internal.Factories$1.create(Factories.java:31)
	at org.gradle.internal.work.DefaultWorkerLeaseService.withLocks(DefaultWorkerLeaseService.java:263)
	at org.gradle.internal.work.DefaultWorkerLeaseService.runAsWorkerThread(DefaultWorkerLeaseService.java:127)
	at org.gradle.internal.work.DefaultWorkerLeaseService.runAsWorkerThread(DefaultWorkerLeaseService.java:132)
	at org.gradle.internal.work.DefaultConditionalExecutionQueue$ExecutionRunner.runBatch(DefaultConditionalExecutionQueue.java:164)
	at org.gradle.internal.work.DefaultConditionalExecutionQueue$ExecutionRunner.run(DefaultConditionalExecutionQueue.java:133)
	... 2 more

==============================================================================

2: Task failed with an exception.
-----------
* What went wrong:
Execution failed for task ':app:compileReleaseKotlin'.
> A failure occurred while executing org.jetbrains.kotlin.compilerRunner.GradleCompilerRunnerWithWorkers$GradleKotlinCompilerWorkAction
   > Compilation error. See log for more details

* Try:
> Run with --info or --debug option to get more log output.
> Run with --scan to get full insights.
> Get more help at https://help.gradle.org.

* Exception is:
org.gradle.api.tasks.TaskExecutionException: Execution failed for task ':app:compileReleaseKotlin'.
	at org.gradle.api.internal.tasks.execution.ExecuteActionsTaskExecuter.lambda$executeIfValid$1(ExecuteActionsTaskExecuter.java:130)
	at org.gradle.internal.Try$Failure.ifSuccessfulOrElse(Try.java:293)
	at org.gradle.api.internal.tasks.execution.ExecuteActionsTaskExecuter.executeIfValid(ExecuteActionsTaskExecuter.java:128)
	at org.gradle.api.internal.tasks.execution.ExecuteActionsTaskExecuter.execute(ExecuteActionsTaskExecuter.java:116)
	at org.gradle.api.internal.tasks.execution.FinalizePropertiesTaskExecuter.execute(FinalizePropertiesTaskExecuter.java:46)
	at org.gradle.api.internal.tasks.execution.ResolveTaskExecutionModeExecuter.execute(ResolveTaskExecutionModeExecuter.java:51)
	at org.gradle.api.internal.tasks.execution.SkipTaskWithNoActionsExecuter.execute(SkipTaskWithNoActionsExecuter.java:57)
	at org.gradle.api.internal.tasks.execution.SkipOnlyIfTaskExecuter.execute(SkipOnlyIfTaskExecuter.java:74)
	at org.gradle.api.internal.tasks.execution.CatchExceptionTaskExecuter.execute(CatchExceptionTaskExecuter.java:36)
	at org.gradle.api.internal.tasks.execution.EventFiringTaskExecuter$1.executeTask(EventFiringTaskExecuter.java:77)
	at org.gradle.api.internal.tasks.execution.EventFiringTaskExecuter$1.call(EventFiringTaskExecuter.java:55)
	at org.gradle.api.internal.tasks.execution.EventFiringTaskExecuter$1.call(EventFiringTaskExecuter.java:52)
	at org.gradle.internal.operations.DefaultBuildOperationRunner$CallableBuildOperationWorker.execute(DefaultBuildOperationRunner.java:209)
	at org.gradle.internal.operations.DefaultBuildOperationRunner$CallableBuildOperationWorker.execute(DefaultBuildOperationRunner.java:204)
	at org.gradle.internal.operations.DefaultBuildOperationRunner$2.execute(DefaultBuildOperationRunner.java:66)
	at org.gradle.internal.operations.DefaultBuildOperationRunner$2.execute(DefaultBuildOperationRunner.java:59)
	at org.gradle.internal.operations.DefaultBuildOperationRunner.execute(DefaultBuildOperationRunner.java:166)
	at org.gradle.internal.operations.DefaultBuildOperationRunner.execute(DefaultBuildOperationRunner.java:59)
	at org.gradle.internal.operations.DefaultBuildOperationRunner.call(DefaultBuildOperationRunner.java:53)
	at org.gradle.api.internal.tasks.execution.EventFiringTaskExecuter.execute(EventFiringTaskExecuter.java:52)
	at org.gradle.execution.plan.LocalTaskNodeExecutor.execute(LocalTaskNodeExecutor.java:42)
	at org.gradle.execution.taskgraph.DefaultTaskExecutionGraph$InvokeNodeExecutorsAction.execute(DefaultTaskExecutionGraph.java:331)
	at org.gradle.execution.taskgraph.DefaultTaskExecutionGraph$InvokeNodeExecutorsAction.execute(DefaultTaskExecutionGraph.java:318)
	at org.gradle.execution.taskgraph.DefaultTaskExecutionGraph$BuildOperationAwareExecutionAction.lambda$execute$0(DefaultTaskExecutionGraph.java:314)
	at org.gradle.internal.operations.CurrentBuildOperationRef.with(CurrentBuildOperationRef.java:85)
	at org.gradle.execution.taskgraph.DefaultTaskExecutionGraph$BuildOperationAwareExecutionAction.execute(DefaultTaskExecutionGraph.java:314)
	at org.gradle.execution.taskgraph.DefaultTaskExecutionGraph$BuildOperationAwareExecutionAction.execute(DefaultTaskExecutionGraph.java:303)
	at org.gradle.execution.plan.DefaultPlanExecutor$ExecutorWorker.execute(DefaultPlanExecutor.java:459)
	at org.gradle.execution.plan.DefaultPlanExecutor$ExecutorWorker.run(DefaultPlanExecutor.java:376)
	at org.gradle.internal.concurrent.ExecutorPolicy$CatchAndRecordFailures.onExecute(ExecutorPolicy.java:64)
	at org.gradle.internal.concurrent.AbstractManagedExecutor$1.run(AbstractManagedExecutor.java:48)
	at java.base/java.util.concurrent.ThreadPoolExecutor.runWorker(ThreadPoolExecutor.java:1136)
	at java.base/java.util.concurrent.ThreadPoolExecutor$Worker.run(ThreadPoolExecutor.java:635)
	at java.base/java.lang.Thread.run(Thread.java:840)
Caused by: org.gradle.workers.internal.DefaultWorkerExecutor$WorkExecutionException: A failure occurred while executing org.jetbrains.kotlin.compilerRunner.GradleCompilerRunnerWithWorkers$GradleKotlinCompilerWorkAction
	at org.gradle.workers.internal.DefaultWorkerExecutor$WorkItemExecution.waitForCompletion(DefaultWorkerExecutor.java:287)
	at org.gradle.internal.work.DefaultAsyncWorkTracker.lambda$waitForItemsAndGatherFailures$2(DefaultAsyncWorkTracker.java:130)
	at org.gradle.internal.Factories$1.create(Factories.java:31)
	at org.gradle.internal.work.DefaultWorkerLeaseService.withoutLocks(DefaultWorkerLeaseService.java:335)
	at org.gradle.internal.work.DefaultWorkerLeaseService.withoutLocks(DefaultWorkerLeaseService.java:318)
	at org.gradle.internal.work.DefaultWorkerLeaseService.withoutLock(DefaultWorkerLeaseService.java:323)
	at org.gradle.internal.work.DefaultAsyncWorkTracker.waitForItemsAndGatherFailures(DefaultAsyncWorkTracker.java:126)
	at org.gradle.internal.work.DefaultAsyncWorkTracker.waitForItemsAndGatherFailures(DefaultAsyncWorkTracker.java:92)
	at org.gradle.internal.work.DefaultAsyncWorkTracker.waitForAll(DefaultAsyncWorkTracker.java:78)
	at org.gradle.internal.work.DefaultAsyncWorkTracker.waitForCompletion(DefaultAsyncWorkTracker.java:66)
	at org.gradle.api.internal.tasks.execution.TaskExecution$3.run(TaskExecution.java:252)
	at org.gradle.internal.operations.DefaultBuildOperationRunner$1.execute(DefaultBuildOperationRunner.java:29)
	at org.gradle.internal.operations.DefaultBuildOperationRunner$1.execute(DefaultBuildOperationRunner.java:26)
	at org.gradle.internal.operations.DefaultBuildOperationRunner$2.execute(DefaultBuildOperationRunner.java:66)
	at org.gradle.internal.operations.DefaultBuildOperationRunner$2.execute(DefaultBuildOperationRunner.java:59)
	at org.gradle.internal.operations.DefaultBuildOperationRunner.execute(DefaultBuildOperationRunner.java:166)
	at org.gradle.internal.operations.DefaultBuildOperationRunner.execute(DefaultBuildOperationRunner.java:59)
	at org.gradle.internal.operations.DefaultBuildOperationRunner.run(DefaultBuildOperationRunner.java:47)
	at org.gradle.api.internal.tasks.execution.TaskExecution.executeAction(TaskExecution.java:229)
	at org.gradle.api.internal.tasks.execution.TaskExecution.executeActions(TaskExecution.java:212)
	at org.gradle.api.internal.tasks.execution.TaskExecution.executeWithPreviousOutputFiles(TaskExecution.java:195)
	at org.gradle.api.internal.tasks.execution.TaskExecution.execute(TaskExecution.java:162)
	at org.gradle.internal.execution.steps.ExecuteStep.executeInternal(ExecuteStep.java:105)
	at org.gradle.internal.execution.steps.ExecuteStep.access$000(ExecuteStep.java:44)
	at org.gradle.internal.execution.steps.ExecuteStep$1.call(ExecuteStep.java:59)
	at org.gradle.internal.execution.steps.ExecuteStep$1.call(ExecuteStep.java:56)
	at org.gradle.internal.operations.DefaultBuildOperationRunner$CallableBuildOperationWorker.execute(DefaultBuildOperationRunner.java:209)
	at org.gradle.internal.operations.DefaultBuildOperationRunner$CallableBuildOperationWorker.execute(DefaultBuildOperationRunner.java:204)
	at org.gradle.internal.operations.DefaultBuildOperationRunner$2.execute(DefaultBuildOperationRunner.java:66)
	at org.gradle.internal.operations.DefaultBuildOperationRunner$2.execute(DefaultBuildOperationRunner.java:59)
	at org.gradle.internal.operations.DefaultBuildOperationRunner.execute(DefaultBuildOperationRunner.java:166)
	at org.gradle.internal.operations.DefaultBuildOperationRunner.execute(DefaultBuildOperationRunner.java:59)
	at org.gradle.internal.operations.DefaultBuildOperationRunner.call(DefaultBuildOperationRunner.java:53)
	at org.gradle.internal.execution.steps.ExecuteStep.execute(ExecuteStep.java:56)
	at org.gradle.internal.execution.steps.ExecuteStep.execute(ExecuteStep.java:44)
	at org.gradle.internal.execution.steps.CancelExecutionStep.execute(CancelExecutionStep.java:42)
	at org.gradle.internal.execution.steps.TimeoutStep.executeWithoutTimeout(TimeoutStep.java:75)
	at org.gradle.internal.execution.steps.TimeoutStep.execute(TimeoutStep.java:55)
	at org.gradle.internal.execution.steps.PreCreateOutputParentsStep.execute(PreCreateOutputParentsStep.java:50)
	at org.gradle.internal.execution.steps.PreCreateOutputParentsStep.execute(PreCreateOutputParentsStep.java:28)
	at org.gradle.internal.execution.steps.RemovePreviousOutputsStep.execute(RemovePreviousOutputsStep.java:67)
	at org.gradle.internal.execution.steps.RemovePreviousOutputsStep.execute(RemovePreviousOutputsStep.java:37)
	at org.gradle.internal.execution.steps.BroadcastChangingOutputsStep.execute(BroadcastChangingOutputsStep.java:61)
	at org.gradle.internal.execution.steps.BroadcastChangingOutputsStep.execute(BroadcastChangingOutputsStep.java:26)
	at org.gradle.internal.execution.steps.CaptureOutputsAfterExecutionStep.execute(CaptureOutputsAfterExecutionStep.java:69)
	at org.gradle.internal.execution.steps.CaptureOutputsAfterExecutionStep.execute(CaptureOutputsAfterExecutionStep.java:46)
	at org.gradle.internal.execution.steps.ResolveInputChangesStep.execute(ResolveInputChangesStep.java:40)
	at org.gradle.internal.execution.steps.ResolveInputChangesStep.execute(ResolveInputChangesStep.java:29)
	at org.gradle.internal.execution.steps.BuildCacheStep.executeWithoutCache(BuildCacheStep.java:189)
	at org.gradle.internal.execution.steps.BuildCacheStep.lambda$execute$1(BuildCacheStep.java:75)
	at org.gradle.internal.Either$Right.fold(Either.java:175)
	at org.gradle.internal.execution.caching.CachingState.fold(CachingState.java:62)
	at org.gradle.internal.execution.steps.BuildCacheStep.execute(BuildCacheStep.java:73)
	at org.gradle.internal.execution.steps.BuildCacheStep.execute(BuildCacheStep.java:48)
	at org.gradle.internal.execution.steps.StoreExecutionStateStep.execute(StoreExecutionStateStep.java:46)
	at org.gradle.internal.execution.steps.StoreExecutionStateStep.execute(StoreExecutionStateStep.java:35)
	at org.gradle.internal.execution.steps.SkipUpToDateStep.executeBecause(SkipUpToDateStep.java:75)
	at org.gradle.internal.execution.steps.SkipUpToDateStep.lambda$execute$2(SkipUpToDateStep.java:53)
	at java.base/java.util.Optional.orElseGet(Optional.java:364)
	at org.gradle.internal.execution.steps.SkipUpToDateStep.execute(SkipUpToDateStep.java:53)
	at org.gradle.internal.execution.steps.SkipUpToDateStep.execute(SkipUpToDateStep.java:35)
	at org.gradle.internal.execution.steps.legacy.MarkSnapshottingInputsFinishedStep.execute(MarkSnapshottingInputsFinishedStep.java:37)
	at org.gradle.internal.execution.steps.legacy.MarkSnapshottingInputsFinishedStep.execute(MarkSnapshottingInputsFinishedStep.java:27)
	at org.gradle.internal.execution.steps.ResolveIncrementalCachingStateStep.executeDelegate(ResolveIncrementalCachingStateStep.java:49)
	at org.gradle.internal.execution.steps.ResolveIncrementalCachingStateStep.executeDelegate(ResolveIncrementalCachingStateStep.java:27)
	at org.gradle.internal.execution.steps.AbstractResolveCachingStateStep.execute(AbstractResolveCachingStateStep.java:71)
	at org.gradle.internal.execution.steps.AbstractResolveCachingStateStep.execute(AbstractResolveCachingStateStep.java:39)
	at org.gradle.internal.execution.steps.ResolveChangesStep.execute(ResolveChangesStep.java:65)
	at org.gradle.internal.execution.steps.ResolveChangesStep.execute(ResolveChangesStep.java:36)
	at org.gradle.internal.execution.steps.ValidateStep.execute(ValidateStep.java:107)
	at org.gradle.internal.execution.steps.ValidateStep.execute(ValidateStep.java:56)
	at org.gradle.internal.execution.steps.AbstractCaptureStateBeforeExecutionStep.execute(AbstractCaptureStateBeforeExecutionStep.java:64)
	at org.gradle.internal.execution.steps.AbstractCaptureStateBeforeExecutionStep.execute(AbstractCaptureStateBeforeExecutionStep.java:43)
	at org.gradle.internal.execution.steps.AbstractSkipEmptyWorkStep.executeWithNonEmptySources(AbstractSkipEmptyWorkStep.java:125)
	at org.gradle.internal.execution.steps.AbstractSkipEmptyWorkStep.execute(AbstractSkipEmptyWorkStep.java:61)
	at org.gradle.internal.execution.steps.AbstractSkipEmptyWorkStep.execute(AbstractSkipEmptyWorkStep.java:36)
	at org.gradle.internal.execution.steps.legacy.MarkSnapshottingInputsStartedStep.execute(MarkSnapshottingInputsStartedStep.java:38)
	at org.gradle.internal.execution.steps.LoadPreviousExecutionStateStep.execute(LoadPreviousExecutionStateStep.java:36)
	at org.gradle.internal.execution.steps.LoadPreviousExecutionStateStep.execute(LoadPreviousExecutionStateStep.java:23)
	at org.gradle.internal.execution.steps.HandleStaleOutputsStep.execute(HandleStaleOutputsStep.java:75)
	at org.gradle.internal.execution.steps.HandleStaleOutputsStep.execute(HandleStaleOutputsStep.java:41)
	at org.gradle.internal.execution.steps.AssignMutableWorkspaceStep.lambda$execute$0(AssignMutableWorkspaceStep.java:35)
	at org.gradle.api.internal.tasks.execution.TaskExecution$4.withWorkspace(TaskExecution.java:289)
	at org.gradle.internal.execution.steps.AssignMutableWorkspaceStep.execute(AssignMutableWorkspaceStep.java:31)
	at org.gradle.internal.execution.steps.AssignMutableWorkspaceStep.execute(AssignMutableWorkspaceStep.java:22)
	at org.gradle.internal.execution.steps.ChoosePipelineStep.execute(ChoosePipelineStep.java:40)
	at org.gradle.internal.execution.steps.ChoosePipelineStep.execute(ChoosePipelineStep.java:23)
	at org.gradle.internal.execution.steps.ExecuteWorkBuildOperationFiringStep.lambda$execute$2(ExecuteWorkBuildOperationFiringStep.java:67)
	at java.base/java.util.Optional.orElseGet(Optional.java:364)
	at org.gradle.internal.execution.steps.ExecuteWorkBuildOperationFiringStep.execute(ExecuteWorkBuildOperationFiringStep.java:67)
	at org.gradle.internal.execution.steps.ExecuteWorkBuildOperationFiringStep.execute(ExecuteWorkBuildOperationFiringStep.java:39)
	at org.gradle.internal.execution.steps.IdentityCacheStep.execute(IdentityCacheStep.java:46)
	at org.gradle.internal.execution.steps.IdentityCacheStep.execute(IdentityCacheStep.java:34)
	at org.gradle.internal.execution.steps.IdentifyStep.execute(IdentifyStep.java:48)
	at org.gradle.internal.execution.steps.IdentifyStep.execute(IdentifyStep.java:35)
	at org.gradle.internal.execution.impl.DefaultExecutionEngine$1.execute(DefaultExecutionEngine.java:61)
	at org.gradle.api.internal.tasks.execution.ExecuteActionsTaskExecuter.executeIfValid(ExecuteActionsTaskExecuter.java:127)
	at org.gradle.api.internal.tasks.execution.ExecuteActionsTaskExecuter.execute(ExecuteActionsTaskExecuter.java:116)
	at org.gradle.api.internal.tasks.execution.FinalizePropertiesTaskExecuter.execute(FinalizePropertiesTaskExecuter.java:46)
	at org.gradle.api.internal.tasks.execution.ResolveTaskExecutionModeExecuter.execute(ResolveTaskExecutionModeExecuter.java:51)
	at org.gradle.api.internal.tasks.execution.SkipTaskWithNoActionsExecuter.execute(SkipTaskWithNoActionsExecuter.java:57)
	at org.gradle.api.internal.tasks.execution.SkipOnlyIfTaskExecuter.execute(SkipOnlyIfTaskExecuter.java:74)
	at org.gradle.api.internal.tasks.execution.CatchExceptionTaskExecuter.execute(CatchExceptionTaskExecuter.java:36)
	at org.gradle.api.internal.tasks.execution.EventFiringTaskExecuter$1.executeTask(EventFiringTaskExecuter.java:77)
	at org.gradle.api.internal.tasks.execution.EventFiringTaskExecuter$1.call(EventFiringTaskExecuter.java:55)
	at org.gradle.api.internal.tasks.execution.EventFiringTaskExecuter$1.call(EventFiringTaskExecuter.java:52)
	at org.gradle.internal.operations.DefaultBuildOperationRunner$CallableBuildOperationWorker.execute(DefaultBuildOperationRunner.java:209)
	at org.gradle.internal.operations.DefaultBuildOperationRunner$CallableBuildOperationWorker.execute(DefaultBuildOperationRunner.java:204)
	at org.gradle.internal.operations.DefaultBuildOperationRunner$2.execute(DefaultBuildOperationRunner.java:66)
	at org.gradle.internal.operations.DefaultBuildOperationRunner$2.execute(DefaultBuildOperationRunner.java:59)
	at org.gradle.internal.operations.DefaultBuildOperationRunner.execute(DefaultBuildOperationRunner.java:166)
	at org.gradle.internal.operations.DefaultBuildOperationRunner.execute(DefaultBuildOperationRunner.java:59)
	at org.gradle.internal.operations.DefaultBuildOperationRunner.call(DefaultBuildOperationRunner.java:53)
	at org.gradle.api.internal.tasks.execution.EventFiringTaskExecuter.execute(EventFiringTaskExecuter.java:52)
	at org.gradle.execution.plan.LocalTaskNodeExecutor.execute(LocalTaskNodeExecutor.java:42)
	at org.gradle.execution.taskgraph.DefaultTaskExecutionGraph$InvokeNodeExecutorsAction.execute(DefaultTaskExecutionGraph.java:331)
	at org.gradle.execution.taskgraph.DefaultTaskExecutionGraph$InvokeNodeExecutorsAction.execute(DefaultTaskExecutionGraph.java:318)
	at org.gradle.execution.taskgraph.DefaultTaskExecutionGraph$BuildOperationAwareExecutionAction.lambda$execute$0(DefaultTaskExecutionGraph.java:314)
	at org.gradle.internal.operations.CurrentBuildOperationRef.with(CurrentBuildOperationRef.java:85)
	at org.gradle.execution.taskgraph.DefaultTaskExecutionGraph$BuildOperationAwareExecutionAction.execute(DefaultTaskExecutionGraph.java:314)
	at org.gradle.execution.taskgraph.DefaultTaskExecutionGraph$BuildOperationAwareExecutionAction.execute(DefaultTaskExecutionGraph.java:303)
	at org.gradle.execution.plan.DefaultPlanExecutor$ExecutorWorker.execute(DefaultPlanExecutor.java:459)
	at org.gradle.execution.plan.DefaultPlanExecutor$ExecutorWorker.run(DefaultPlanExecutor.java:376)
	at org.gradle.internal.concurrent.ExecutorPolicy$CatchAndRecordFailures.onExecute(ExecutorPolicy.java:64)
	at org.gradle.internal.concurrent.AbstractManagedExecutor$1.run(AbstractManagedExecutor.java:48)
	at java.base/java.util.concurrent.ThreadPoolExecutor.runWorker(ThreadPoolExecutor.java:1136)
	at java.base/java.util.concurrent.ThreadPoolExecutor$Worker.run(ThreadPoolExecutor.java:635)
	at java.base/java.lang.Thread.run(Thread.java:840)
Caused by: org.jetbrains.kotlin.gradle.tasks.CompilationErrorException: Compilation error. See log for more details
	at org.jetbrains.kotlin.gradle.tasks.TasksUtilsKt.throwExceptionIfCompilationFailed(tasksUtils.kt:21)
	at org.jetbrains.kotlin.compilerRunner.GradleKotlinCompilerWork.run(GradleKotlinCompilerWork.kt:119)
	at org.jetbrains.kotlin.compilerRunner.GradleCompilerRunnerWithWorkers$GradleKotlinCompilerWorkAction.execute(GradleCompilerRunnerWithWorkers.kt:76)
	at org.gradle.workers.internal.DefaultWorkerServer.execute(DefaultWorkerServer.java:63)
	at org.gradle.workers.internal.NoIsolationWorkerFactory$1$1.create(NoIsolationWorkerFactory.java:66)
	at org.gradle.workers.internal.NoIsolationWorkerFactory$1$1.create(NoIsolationWorkerFactory.java:62)
	at org.gradle.internal.classloader.ClassLoaderUtils.executeInClassloader(ClassLoaderUtils.java:100)
	at org.gradle.workers.internal.NoIsolationWorkerFactory$1.lambda$execute$0(NoIsolationWorkerFactory.java:62)
	at org.gradle.workers.internal.AbstractWorker$1.call(AbstractWorker.java:44)
	at org.gradle.workers.internal.AbstractWorker$1.call(AbstractWorker.java:41)
	at org.gradle.internal.operations.DefaultBuildOperationRunner$CallableBuildOperationWorker.execute(DefaultBuildOperationRunner.java:209)
	at org.gradle.internal.operations.DefaultBuildOperationRunner$CallableBuildOperationWorker.execute(DefaultBuildOperationRunner.java:204)
	at org.gradle.internal.operations.DefaultBuildOperationRunner$2.execute(DefaultBuildOperationRunner.java:66)
	at org.gradle.internal.operations.DefaultBuildOperationRunner$2.execute(DefaultBuildOperationRunner.java:59)
	at org.gradle.internal.operations.DefaultBuildOperationRunner.execute(DefaultBuildOperationRunner.java:166)
	at org.gradle.internal.operations.DefaultBuildOperationRunner.execute(DefaultBuildOperationRunner.java:59)
	at org.gradle.internal.operations.DefaultBuildOperationRunner.call(DefaultBuildOperationRunner.java:53)
	at org.gradle.workers.internal.AbstractWorker.executeWrappedInBuildOperation(AbstractWorker.java:41)
	at org.gradle.workers.internal.NoIsolationWorkerFactory$1.execute(NoIsolationWorkerFactory.java:59)
	at org.gradle.workers.internal.DefaultWorkerExecutor.lambda$submitWork$0(DefaultWorkerExecutor.java:174)
	at java.base/java.util.concurrent.FutureTask.run(FutureTask.java:264)
	at org.gradle.internal.work.DefaultConditionalExecutionQueue$ExecutionRunner.runExecution(DefaultConditionalExecutionQueue.java:194)
	at org.gradle.internal.work.DefaultConditionalExecutionQueue$ExecutionRunner.access$700(DefaultConditionalExecutionQueue.java:127)
	at org.gradle.internal.work.DefaultConditionalExecutionQueue$ExecutionRunner$1.run(DefaultConditionalExecutionQueue.java:169)
	at org.gradle.internal.Factories$1.create(Factories.java:31)
	at org.gradle.internal.work.DefaultWorkerLeaseService.withLocks(DefaultWorkerLeaseService.java:263)
	at org.gradle.internal.work.DefaultWorkerLeaseService.runAsWorkerThread(DefaultWorkerLeaseService.java:127)
	at org.gradle.internal.work.DefaultWorkerLeaseService.runAsWorkerThread(DefaultWorkerLeaseService.java:132)
	at org.gradle.internal.work.DefaultConditionalExecutionQueue$ExecutionRunner.runBatch(DefaultConditionalExecutionQueue.java:164)
	at org.gradle.internal.work.DefaultConditionalExecutionQueue$ExecutionRunner.run(DefaultConditionalExecutionQueue.java:133)
	at java.base/java.util.concurrent.Executors$RunnableAdapter.call(Executors.java:539)
	at java.base/java.util.concurrent.FutureTask.run(FutureTask.java:264)
	... 5 more

==============================================================================

Deprecated Gradle features were used in this build, making it incompatible with Gradle 9.0.

You can use '--warning-mode all' to show the individual deprecation warnings and determine if they come from your own scripts or plugins.

For more on this, please refer to https://docs.gradle.org/8.10.2/userguide/command_line_interface.html#sec:command_line_warnings in the Gradle documentation.

BUILD FAILED in 16s
71 actionable tasks: 70 executed, 1 up-to-date
